{"id":"CC45A6E439F8442780EE43EBC667BAAA","table":"killmonger_events_table","keyspace":"msku","timestamp":"2019-07-29T05:45:03.419Z","clusteringKeys":["10000001731","vbIdSellingIdInventoryUpdated/1","1564378249"],"changedColumns":["selling_id","fulfillment_node_id","event_type","update_at","stream_sequence_number","event_data"],"record":"{\"selling_id\":\"CC45A6E439F8442780EE43EBC667BAAA\",\"fulfillment_node_id\":\"10000001731\",\"event_type\":\"vbIdSellingIdInventoryUpdated/1\",\"update_at\":1564378249,\"stream_sequence_number\":387,\"event_data\":\"{\\\"id\\\":\\\"75df947ae6d24c3eae3b6ac4fad1c6d8\\\",\\\"vbId\\\":\\\"101993-1749\\\",\\\"sellingId\\\":\\\"CC45A6E439F8442780EE43EBC667BAAA\\\",\\\"merchantId\\\":\\\"1749\\\",\\\"skuId\\\":\\\"101993\\\",\\\"f\\\":18,\\\"fnId\\\":\\\"10000001731\\\",\\\"fnType\\\":\\\"MARKETPLACE\\\",\\\"by\\\":\\\"Vibranium\\\",\\\"at\\\":\\\"2019-07-29T05:30:49+00:00\\\",\\\"invUssn\\\":155,\\\"catUssn\\\":192,\\\"isInf\\\":false,\\\"ifa\\\":true,\\\"martAvail\\\":[{\\\"martId\\\":\\\"0\\\",\\\"ia\\\":true}],\\\"clt\\\":\\\"WoW\\\"}\"}"}
{"id":"D310E542B8914222804DA43115B584E1","table":"killmonger_events_table","keyspace":"msku","timestamp":"2019-07-29T05:40:44.606Z","clusteringKeys":["645872","vbIdSellingIdInventoryUpdated/1","1564378236"],"changedColumns":["selling_id","fulfillment_node_id","event_type","update_at","stream_sequence_number","event_data"],"record":"{\"selling_id\":\"D310E542B8914222804DA43115B584E1\",\"fulfillment_node_id\":\"645872\",\"event_type\":\"vbIdSellingIdInventoryUpdated/1\",\"update_at\":1564378236,\"stream_sequence_number\":303,\"event_data\":\"{\\\"id\\\":\\\"85e1082d279747c392dbd89c2b2cedad\\\",\\\"vbId\\\":\\\"800897831547-185\\\",\\\"sellingId\\\":\\\"D310E542B8914222804DA43115B584E1\\\",\\\"merchantId\\\":\\\"185\\\",\\\"skuId\\\":\\\"800897831547\\\",\\\"f\\\":150,\\\"fnId\\\":\\\"645872\\\",\\\"fnType\\\":\\\"MARKETPLACE\\\",\\\"by\\\":\\\"Vibranium\\\",\\\"at\\\":\\\"2019-07-29T05:30:36+00:00\\\",\\\"invUssn\\\":261,\\\"catUssn\\\":1,\\\"isInf\\\":false,\\\"ifa\\\":true,\\\"martAvail\\\":[{\\\"martId\\\":\\\"0\\\",\\\"ia\\\":true}],\\\"clt\\\":\\\"WoW\\\"}\"}"}
{"id":"5E02460DF52549D69E3AEC4124132369","table":"killmonger_events_table","keyspace":"msku","timestamp":"2019-07-29T05:44:36.949Z","clusteringKeys":["4916","vbIdSellingIdInventoryUpdated/1","1564378910"],"changedColumns":["selling_id","fulfillment_node_id","event_type","update_at","stream_sequence_number","event_data"],"record":"{\"selling_id\":\"5E02460DF52549D69E3AEC4124132369\",\"fulfillment_node_id\":\"4916\",\"event_type\":\"vbIdSellingIdInventoryUpdated/1\",\"update_at\":1564378910,\"stream_sequence_number\":135,\"event_data\":\"{\\\"id\\\":\\\"c3c0cdeabef34587bb21ec7bb93c0eaf\\\",\\\"vbId\\\":\\\"PantherMigrationVbId\\\",\\\"sellingId\\\":\\\"5E02460DF52549D69E3AEC4124132369\\\",\\\"merchantId\\\":\\\"9fc08905039048918982091f266c2a29\\\",\\\"skuId\\\":\\\"PantherMigrationSkuId\\\",\\\"f\\\":0,\\\"fnId\\\":\\\"4916\\\",\\\"by\\\":\\\"Killmonger.Migration.MapInWalmartInvUpdates\\\",\\\"at\\\":\\\"2019-07-29T05:41:50.327+00:00\\\",\\\"invUssn\\\":0,\\\"isInf\\\":false,\\\"ifa\\\":true,\\\"martAvail\\\":[{\\\"martId\\\":\\\"21\\\",\\\"ia\\\":true},{\\\"martId\\\":\\\"0\\\",\\\"ia\\\":true}],\\\"clt\\\":\\\"WoJ\\\"}\"}"}
{"id":"9428d3f5567c4f3b81b57feee5457f1c","table":"killmonger_events_table","keyspace":"msku","timestamp":"2019-07-29T05:45:02.365Z","clusteringKeys":["fb72b6f9c1e54625a551711f6ee72714","updateVbIdSellingIdInventorySkipped/1","1564378075"],"changedColumns":["selling_id","fulfillment_node_id","event_type","update_at","stream_sequence_number","event_data"],"record":"{\"selling_id\":\"9428d3f5567c4f3b81b57feee5457f1c\",\"fulfillment_node_id\":\"fb72b6f9c1e54625a551711f6ee72714\",\"event_type\":\"updateVbIdSellingIdInventorySkipped/1\",\"update_at\":1564378075,\"stream_sequence_number\":42,\"event_data\":\"{\\\"id\\\":\\\"ae4d9cd368654d39935c4e6dff25166d\\\",\\\"vbId\\\":\\\"9428d3f5567c4f3b81b57feee5457f1c\\\",\\\"sellingId\\\":\\\"9428d3f5567c4f3b81b57feee5457f1c\\\",\\\"merchantId\\\":\\\"e43cf7756d0b4ba8a4e9046774656ce8\\\",\\\"skuId\\\":\\\"9428d3f5567c4f3b81b57feee5457f1c\\\",\\\"f\\\":117,\\\"fnId\\\":\\\"fb72b6f9c1e54625a551711f6ee72714\\\",\\\"fnType\\\":\\\"wolverine\\\",\\\"by\\\":\\\"Vibranium\\\",\\\"at\\\":\\\"2019-07-29T05:27:55+00:00\\\",\\\"invUssn\\\":53,\\\"isInf\\\":false}\"}"}
{"id":"9428d3f5567c4f3b81b57feee5457f1c","table":"killmonger_events_table","keyspace":"msku","timestamp":"2019-07-29T05:45:02.365Z","clusteringKeys":["fb72b6f9c1e54625a551711f6ee72714","updateVbIdSellingIdInventorySkipped/1","1564378075"],"changedColumns":["selling_id","fulfillment_node_id","event_type","update_at","stream_sequence_number","event_data"],"record":"{\"selling_id\":\"9428d3f5567c4f3b81b57feee5457f1c\",\"fulfillment_node_id\":\"fb72b6f9c1e54625a551711f6ee72714\",\"event_type\":\"updateVbIdSellingIdInventorySkipped/1\",\"update_at\":1564378075,\"stream_sequence_number\":43,\"event_data\":\"{\\\"id\\\":\\\"ae4d9cd368654d39935c4e6dff25166d\\\",\\\"vbId\\\":\\\"9428d3f5567c4f3b81b57feee5457f1c\\\",\\\"sellingId\\\":\\\"9428d3f5567c4f3b81b57feee5457f1c\\\",\\\"merchantId\\\":\\\"e43cf7756d0b4ba8a4e9046774656ce8\\\",\\\"skuId\\\":\\\"9428d3f5567c4f3b81b57feee5457f1c\\\",\\\"f\\\":117,\\\"fnId\\\":\\\"fb72b6f9c1e54625a551711f6ee72714\\\",\\\"fnType\\\":\\\"wolverine\\\",\\\"by\\\":\\\"Vibranium\\\",\\\"at\\\":\\\"2019-07-29T05:27:55+00:00\\\",\\\"invUssn\\\":53,\\\"isInf\\\":false}\"}"}
{"id":"29c1f6f331874e51a5cdcb47c2ce87f3","table":"killmonger_events_table","keyspace":"msku","timestamp":"2019-07-29T05:45:03.420Z","clusteringKeys":["d8c82725c2f44901bbee8db463c10582","vbIdSellingIdInventoryUpdated/1","1564378132"],"changedColumns":["selling_id","fulfillment_node_id","event_type","update_at","stream_sequence_number","event_data"],"record":"{\"selling_id\":\"29c1f6f331874e51a5cdcb47c2ce87f3\",\"fulfillment_node_id\":\"d8c82725c2f44901bbee8db463c10582\",\"event_type\":\"vbIdSellingIdInventoryUpdated/1\",\"update_at\":1564378132,\"stream_sequence_number\":287,\"event_data\":\"{\\\"id\\\":\\\"4160f93a0c6840caa614280616ba61ac\\\",\\\"vbId\\\":\\\"29c1f6f331874e51a5cdcb47c2ce87f3\\\",\\\"sellingId\\\":\\\"29c1f6f331874e51a5cdcb47c2ce87f3\\\",\\\"merchantId\\\":\\\"01133ed0b8d64d11b1766d2295fa867b\\\",\\\"skuId\\\":\\\"29c1f6f331874e51a5cdcb47c2ce87f3\\\",\\\"f\\\":3278,\\\"fnId\\\":\\\"d8c82725c2f44901bbee8db463c10582\\\",\\\"fnType\\\":\\\"wolverine\\\",\\\"by\\\":\\\"Vibranium\\\",\\\"at\\\":\\\"2019-07-29T05:28:52+00:00\\\",\\\"invUssn\\\":328,\\\"isInf\\\":false,\\\"ifa\\\":true,\\\"martAvail\\\":[{\\\"martId\\\":\\\"21\\\",\\\"ia\\\":true}],\\\"clt\\\":\\\"JoJ\\\"}\"}"}
{"id":"29c1f6f331874e51a5cdcb47c2ce87f3","table":"killmonger_events_table","keyspace":"msku","timestamp":"2019-07-29T05:45:03.420Z","clusteringKeys":["d8c82725c2f44901bbee8db463c10582","updateVbIdSellingIdInventorySkipped/1","1564378132"],"changedColumns":["selling_id","fulfillment_node_id","event_type","update_at","stream_sequence_number","event_data"],"record":"{\"selling_id\":\"29c1f6f331874e51a5cdcb47c2ce87f3\",\"fulfillment_node_id\":\"d8c82725c2f44901bbee8db463c10582\",\"event_type\":\"updateVbIdSellingIdInventorySkipped/1\",\"update_at\":1564378132,\"stream_sequence_number\":288,\"event_data\":\"{\\\"id\\\":\\\"4160f93a0c6840caa614280616ba61ac\\\",\\\"vbId\\\":\\\"29c1f6f331874e51a5cdcb47c2ce87f3\\\",\\\"sellingId\\\":\\\"29c1f6f331874e51a5cdcb47c2ce87f3\\\",\\\"merchantId\\\":\\\"01133ed0b8d64d11b1766d2295fa867b\\\",\\\"skuId\\\":\\\"29c1f6f331874e51a5cdcb47c2ce87f3\\\",\\\"f\\\":3278,\\\"fnId\\\":\\\"d8c82725c2f44901bbee8db463c10582\\\",\\\"fnType\\\":\\\"wolverine\\\",\\\"by\\\":\\\"Vibranium\\\",\\\"at\\\":\\\"2019-07-29T05:28:52+00:00\\\",\\\"invUssn\\\":328,\\\"isInf\\\":false}\"}"}
{"id":"4c65cb35810a4d9cb48df04a8706f706","table":"killmonger_events_table","keyspace":"msku","timestamp":"2019-07-29T05:40:44.607Z","clusteringKeys":["2b8139331b8d4f0cbe92086b7bb94928","updateVbIdSellingIdInventorySkipped/1","1564378178"],"changedColumns":["selling_id","fulfillment_node_id","event_type","update_at","stream_sequence_number","event_data"],"record":"{\"selling_id\":\"4c65cb35810a4d9cb48df04a8706f706\",\"fulfillment_node_id\":\"2b8139331b8d4f0cbe92086b7bb94928\",\"event_type\":\"updateVbIdSellingIdInventorySkipped/1\",\"update_at\":1564378178,\"stream_sequence_number\":362,\"event_data\":\"{\\\"id\\\":\\\"fefe2250c83442f48cfccd9630270229\\\",\\\"vbId\\\":\\\"4c65cb35810a4d9cb48df04a8706f706\\\",\\\"sellingId\\\":\\\"4c65cb35810a4d9cb48df04a8706f706\\\",\\\"merchantId\\\":\\\"cb6c7ae5e97c4fac955c07296ff32dc7\\\",\\\"skuId\\\":\\\"4c65cb35810a4d9cb48df04a8706f706\\\",\\\"f\\\":97,\\\"fnId\\\":\\\"2b8139331b8d4f0cbe92086b7bb94928\\\",\\\"fnType\\\":\\\"wolverine\\\",\\\"by\\\":\\\"Vibranium\\\",\\\"at\\\":\\\"2019-07-29T05:29:38+00:00\\\",\\\"invUssn\\\":402,\\\"isInf\\\":false}\"}"}
{"id":"A379C945D9F74FCC98EB4286E9DF5F9E","table":"killmonger_events_table","keyspace":"msku","timestamp":"2019-07-29T05:40:44.608Z","clusteringKeys":["2378","vbIdSellingIdInventoryUpdated/1","1564378908"],"changedColumns":["selling_id","fulfillment_node_id","event_type","update_at","stream_sequence_number","event_data"],"record":"{\"selling_id\":\"A379C945D9F74FCC98EB4286E9DF5F9E\",\"fulfillment_node_id\":\"2378\",\"event_type\":\"vbIdSellingIdInventoryUpdated/1\",\"update_at\":1564378908,\"stream_sequence_number\":96,\"event_data\":\"{\\\"id\\\":\\\"0c4e756ba46c40aba1050e03198c19ac\\\",\\\"vbId\\\":\\\"PantherMigrationVbId\\\",\\\"sellingId\\\":\\\"A379C945D9F74FCC98EB4286E9DF5F9E\\\",\\\"merchantId\\\":\\\"9fc08905039048918982091f266c2a29\\\",\\\"skuId\\\":\\\"PantherMigrationSkuId\\\",\\\"f\\\":0,\\\"fnId\\\":\\\"2378\\\",\\\"by\\\":\\\"Killmonger.Migration.MapInWalmartInvUpdates\\\",\\\"at\\\":\\\"2019-07-29T05:41:48.168+00:00\\\",\\\"invUssn\\\":0,\\\"isInf\\\":false,\\\"ifa\\\":true,\\\"martAvail\\\":[{\\\"martId\\\":\\\"21\\\",\\\"ia\\\":true},{\\\"martId\\\":\\\"0\\\",\\\"ia\\\":true}],\\\"clt\\\":\\\"WoJ\\\"}\"}"}
{"id":"A379C945D9F74FCC98EB4286E9DF5F9E","table":"killmonger_events_table","keyspace":"msku","timestamp":"2019-07-29T05:40:44.608Z","clusteringKeys":["2378","vbIdSellingIdInventoryUpdated/1","1564378908"],"changedColumns":["selling_id","fulfillment_node_id","event_type","update_at","stream_sequence_number","event_data"],"record":"{\"selling_id\":\"A379C945D9F74FCC98EB4286E9DF5F9E\",\"fulfillment_node_id\":\"2378\",\"event_type\":\"vbIdSellingIdInventoryUpdated/1\",\"update_at\":1564378908,\"stream_sequence_number\":97,\"event_data\":\"{\\\"id\\\":\\\"0c4e756ba46c40aba1050e03198c19ac\\\",\\\"vbId\\\":\\\"PantherMigrationVbId\\\",\\\"sellingId\\\":\\\"A379C945D9F74FCC98EB4286E9DF5F9E\\\",\\\"merchantId\\\":\\\"9fc08905039048918982091f266c2a29\\\",\\\"skuId\\\":\\\"PantherMigrationSkuId\\\",\\\"f\\\":0,\\\"fnId\\\":\\\"2378\\\",\\\"by\\\":\\\"Killmonger.Migration.MapInWalmartInvUpdates\\\",\\\"at\\\":\\\"2019-07-29T05:41:48.168+00:00\\\",\\\"invUssn\\\":0,\\\"isInf\\\":false,\\\"ifa\\\":true,\\\"martAvail\\\":[{\\\"martId\\\":\\\"21\\\",\\\"ia\\\":true},{\\\"martId\\\":\\\"0\\\",\\\"ia\\\":true}],\\\"clt\\\":\\\"WoJ\\\"}\"}"}
{"id":"621A84EF12094FC19AAA8D2EFA7DB009","table":"killmonger_events_table","keyspace":"msku","timestamp":"2019-07-29T05:45:02.366Z","clusteringKeys":["5926","vbIdSellingIdInventoryUpdated/1","1564378913"],"changedColumns":["selling_id","fulfillment_node_id","event_type","update_at","stream_sequence_number","event_data"],"record":"{\"selling_id\":\"621A84EF12094FC19AAA8D2EFA7DB009\",\"fulfillment_node_id\":\"5926\",\"event_type\":\"vbIdSellingIdInventoryUpdated/1\",\"update_at\":1564378913,\"stream_sequence_number\":147,\"event_data\":\"{\\\"id\\\":\\\"12ade63878514ac08b81d9729a96c006\\\",\\\"vbId\\\":\\\"PantherMigrationVbId\\\",\\\"sellingId\\\":\\\"621A84EF12094FC19AAA8D2EFA7DB009\\\",\\\"merchantId\\\":\\\"9fc08905039048918982091f266c2a29\\\",\\\"skuId\\\":\\\"PantherMigrationSkuId\\\",\\\"f\\\":0,\\\"fnId\\\":\\\"5926\\\",\\\"by\\\":\\\"Killmonger.Migration.MapInWalmartInvUpdates\\\",\\\"at\\\":\\\"2019-07-29T05:41:53.203+00:00\\\",\\\"invUssn\\\":0,\\\"isInf\\\":false,\\\"ifa\\\":true,\\\"martAvail\\\":[{\\\"martId\\\":\\\"21\\\",\\\"ia\\\":true},{\\\"martId\\\":\\\"0\\\",\\\"ia\\\":true}],\\\"clt\\\":\\\"WoJ\\\"}\"}"}
{"id":"07d56c5c7e60419ebf079801f71a4d20","table":"killmonger_events_table","keyspace":"msku","timestamp":"2019-07-29T05:44:36.948Z","clusteringKeys":["0a633d9fe80f4a45b6fdf372a649be0c","vbIdSellingIdInventoryUpdated/1","1564378274"],"changedColumns":["selling_id","fulfillment_node_id","event_type","update_at","stream_sequence_number","event_data"],"record":"{\"selling_id\":\"07d56c5c7e60419ebf079801f71a4d20\",\"fulfillment_node_id\":\"0a633d9fe80f4a45b6fdf372a649be0c\",\"event_type\":\"vbIdSellingIdInventoryUpdated/1\",\"update_at\":1564378274,\"stream_sequence_number\":39,\"event_data\":\"{\\\"id\\\":\\\"bf3ca19167ac440fbef0a4b79ef36f87\\\",\\\"vbId\\\":\\\"07d56c5c7e60419ebf079801f71a4d20\\\",\\\"sellingId\\\":\\\"07d56c5c7e60419ebf079801f71a4d20\\\",\\\"merchantId\\\":\\\"e43cf7756d0b4ba8a4e9046774656ce8\\\",\\\"skuId\\\":\\\"07d56c5c7e60419ebf079801f71a4d20\\\",\\\"f\\\":145,\\\"fnId\\\":\\\"0a633d9fe80f4a45b6fdf372a649be0c\\\",\\\"fnType\\\":\\\"wolverine\\\",\\\"by\\\":\\\"Vibranium\\\",\\\"at\\\":\\\"2019-07-29T05:31:14+00:00\\\",\\\"invUssn\\\":48,\\\"isInf\\\":false,\\\"ifa\\\":true,\\\"martAvail\\\":[{\\\"martId\\\":\\\"21\\\",\\\"ia\\\":true}],\\\"clt\\\":\\\"JoJ\\\"}\"}"}
{"id":"07d56c5c7e60419ebf079801f71a4d20","table":"killmonger_events_table","keyspace":"msku","timestamp":"2019-07-29T05:44:36.949Z","clusteringKeys":["0a633d9fe80f4a45b6fdf372a649be0c","updateVbIdSellingIdInventorySkipped/1","1564378274"],"changedColumns":["selling_id","fulfillment_node_id","event_type","update_at","stream_sequence_number","event_data"],"record":"{\"selling_id\":\"07d56c5c7e60419ebf079801f71a4d20\",\"fulfillment_node_id\":\"0a633d9fe80f4a45b6fdf372a649be0c\",\"event_type\":\"updateVbIdSellingIdInventorySkipped/1\",\"update_at\":1564378274,\"stream_sequence_number\":40,\"event_data\":\"{\\\"id\\\":\\\"bf3ca19167ac440fbef0a4b79ef36f87\\\",\\\"vbId\\\":\\\"07d56c5c7e60419ebf079801f71a4d20\\\",\\\"sellingId\\\":\\\"07d56c5c7e60419ebf079801f71a4d20\\\",\\\"merchantId\\\":\\\"e43cf7756d0b4ba8a4e9046774656ce8\\\",\\\"skuId\\\":\\\"07d56c5c7e60419ebf079801f71a4d20\\\",\\\"f\\\":145,\\\"fnId\\\":\\\"0a633d9fe80f4a45b6fdf372a649be0c\\\",\\\"fnType\\\":\\\"wolverine\\\",\\\"by\\\":\\\"Vibranium\\\",\\\"at\\\":\\\"2019-07-29T05:31:14+00:00\\\",\\\"invUssn\\\":48,\\\"isInf\\\":false}\"}"}
{"id":"96ace9174f8b4d98810f488b0ec472ac","table":"killmonger_events_table","keyspace":"msku","timestamp":"2019-07-29T05:45:03.419Z","clusteringKeys":["fb72b6f9c1e54625a551711f6ee72714","vbIdSellingIdInventoryUpdated/1","1564378075"],"changedColumns":["selling_id","fulfillment_node_id","event_type","update_at","stream_sequence_number","event_data"],"record":"{\"selling_id\":\"96ace9174f8b4d98810f488b0ec472ac\",\"fulfillment_node_id\":\"fb72b6f9c1e54625a551711f6ee72714\",\"event_type\":\"vbIdSellingIdInventoryUpdated/1\",\"update_at\":1564378075,\"stream_sequence_number\":39,\"event_data\":\"{\\\"id\\\":\\\"1dd877b02a054571a9ec310115dd300c\\\",\\\"vbId\\\":\\\"96ace9174f8b4d98810f488b0ec472ac\\\",\\\"sellingId\\\":\\\"96ace9174f8b4d98810f488b0ec472ac\\\",\\\"merchantId\\\":\\\"e43cf7756d0b4ba8a4e9046774656ce8\\\",\\\"skuId\\\":\\\"96ace9174f8b4d98810f488b0ec472ac\\\",\\\"f\\\":62,\\\"fnId\\\":\\\"fb72b6f9c1e54625a551711f6ee72714\\\",\\\"fnType\\\":\\\"wolverine\\\",\\\"by\\\":\\\"Vibranium\\\",\\\"at\\\":\\\"2019-07-29T05:27:55+00:00\\\",\\\"invUssn\\\":48,\\\"isInf\\\":false,\\\"ifa\\\":true,\\\"martAvail\\\":[{\\\"martId\\\":\\\"21\\\",\\\"ia\\\":true}],\\\"clt\\\":\\\"JoJ\\\"}\"}"}
{"id":"3711871B55B24BEA934A176CF2D3BC8E","table":"killmonger_events_table","keyspace":"msku","timestamp":"2019-07-29T05:45:03.420Z","clusteringKeys":["4364","vbIdSellingIdInventoryUpdated/1","1564376014"],"changedColumns":["selling_id","fulfillment_node_id","event_type","update_at","stream_sequence_number","event_data"],"record":"{\"selling_id\":\"3711871B55B24BEA934A176CF2D3BC8E\",\"fulfillment_node_id\":\"4364\",\"event_type\":\"vbIdSellingIdInventoryUpdated/1\",\"update_at\":1564376014,\"stream_sequence_number\":129,\"event_data\":\"{\\\"id\\\":\\\"3b29d203e4e841bb972c43c6e5b6ccff\\\",\\\"vbId\\\":\\\"PantherMigrationVbId\\\",\\\"sellingId\\\":\\\"3711871B55B24BEA934A176CF2D3BC8E\\\",\\\"merchantId\\\":\\\"9fc08905039048918982091f266c2a29\\\",\\\"skuId\\\":\\\"PantherMigrationSkuId\\\",\\\"f\\\":0,\\\"fnId\\\":\\\"4364\\\",\\\"by\\\":\\\"Killmonger.Migration.MapInWalmartInvUpdates\\\",\\\"at\\\":\\\"2019-07-29T04:53:34.994+00:00\\\",\\\"invUssn\\\":0,\\\"isInf\\\":false,\\\"ifa\\\":true,\\\"martAvail\\\":[{\\\"martId\\\":\\\"21\\\",\\\"ia\\\":true},{\\\"martId\\\":\\\"0\\\",\\\"ia\\\":true}],\\\"clt\\\":\\\"WoJ\\\"}\"}"}
{"id":"DE683518FDEC4687891456C9DE1DDDEB","table":"killmonger_events_table","keyspace":"msku","timestamp":"2019-07-29T05:45:02.366Z","clusteringKeys":["8089","vbIdSellingIdInventoryUpdated/1","1564378910"],"changedColumns":["selling_id","fulfillment_node_id","event_type","update_at","stream_sequence_number","event_data"],"record":"{\"selling_id\":\"DE683518FDEC4687891456C9DE1DDDEB\",\"fulfillment_node_id\":\"8089\",\"event_type\":\"vbIdSellingIdInventoryUpdated/1\",\"update_at\":1564378910,\"stream_sequence_number\":127,\"event_data\":\"{\\\"id\\\":\\\"6932b00509204cdba178fb9bacc10043\\\",\\\"vbId\\\":\\\"PantherMigrationVbId\\\",\\\"sellingId\\\":\\\"DE683518FDEC4687891456C9DE1DDDEB\\\",\\\"merchantId\\\":\\\"9fc08905039048918982091f266c2a29\\\",\\\"skuId\\\":\\\"PantherMigrationSkuId\\\",\\\"f\\\":0,\\\"fnId\\\":\\\"8089\\\",\\\"by\\\":\\\"Killmonger.Migration.MapInWalmartInvUpdates\\\",\\\"at\\\":\\\"2019-07-29T05:41:50.042+00:00\\\",\\\"invUssn\\\":0,\\\"isInf\\\":false,\\\"ifa\\\":true,\\\"martAvail\\\":[{\\\"martId\\\":\\\"21\\\",\\\"ia\\\":true},{\\\"martId\\\":\\\"0\\\",\\\"ia\\\":true}],\\\"clt\\\":\\\"WoJ\\\"}\"}"}
{"id":"598c4c80d80849c9a506bb03ab26adfc","table":"killmonger_events_table","keyspace":"msku","timestamp":"2019-07-29T05:40:44.607Z","clusteringKeys":["d04e9aafbdfd48a88a351a0c5f71454b","vbIdSellingIdInventoryUpdated/1","1564378125"],"changedColumns":["selling_id","fulfillment_node_id","event_type","update_at","stream_sequence_number","event_data"],"record":"{\"selling_id\":\"598c4c80d80849c9a506bb03ab26adfc\",\"fulfillment_node_id\":\"d04e9aafbdfd48a88a351a0c5f71454b\",\"event_type\":\"vbIdSellingIdInventoryUpdated/1\",\"update_at\":1564378125,\"stream_sequence_number\":4796,\"event_data\":\"{\\\"id\\\":\\\"a36429841d034f0e84852eaab36c22c6\\\",\\\"vbId\\\":\\\"598c4c80d80849c9a506bb03ab26adfc\\\",\\\"sellingId\\\":\\\"598c4c80d80849c9a506bb03ab26adfc\\\",\\\"merchantId\\\":\\\"70d3c5360d574434ae92e085c056eec7\\\",\\\"skuId\\\":\\\"598c4c80d80849c9a506bb03ab26adfc\\\",\\\"f\\\":3,\\\"fnId\\\":\\\"d04e9aafbdfd48a88a351a0c5f71454b\\\",\\\"fnType\\\":\\\"wolverine\\\",\\\"by\\\":\\\"Vibranium\\\",\\\"at\\\":\\\"2019-07-29T05:28:45+00:00\\\",\\\"invUssn\\\":4013,\\\"isInf\\\":false,\\\"ifa\\\":true,\\\"martAvail\\\":[{\\\"martId\\\":\\\"21\\\",\\\"ia\\\":true}],\\\"clt\\\":\\\"JoJ\\\"}\"}"}
{"id":"b2544c02f9e64cb1b46da9a47d34a1de","table":"killmonger_events_table","keyspace":"msku","timestamp":"2019-07-29T05:45:03.419Z","clusteringKeys":["ea5c7b9ef5b9469e9bc8de6357b7a179","vbIdSellingIdInventoryUpdated/1","1564378133"],"changedColumns":["selling_id","fulfillment_node_id","event_type","update_at","stream_sequence_number","event_data"],"record":"{\"selling_id\":\"b2544c02f9e64cb1b46da9a47d34a1de\",\"fulfillment_node_id\":\"ea5c7b9ef5b9469e9bc8de6357b7a179\",\"event_type\":\"vbIdSellingIdInventoryUpdated/1\",\"update_at\":1564378133,\"stream_sequence_number\":36,\"event_data\":\"{\\\"id\\\":\\\"e08d7fe8b2cf400fb06ecfed535d0002\\\",\\\"vbId\\\":\\\"b2544c02f9e64cb1b46da9a47d34a1de\\\",\\\"sellingId\\\":\\\"b2544c02f9e64cb1b46da9a47d34a1de\\\",\\\"merchantId\\\":\\\"1631f82f91774db4898f32e732470fcd\\\",\\\"skuId\\\":\\\"b2544c02f9e64cb1b46da9a47d34a1de\\\",\\\"f\\\":28,\\\"fnId\\\":\\\"ea5c7b9ef5b9469e9bc8de6357b7a179\\\",\\\"fnType\\\":\\\"wolverine\\\",\\\"by\\\":\\\"Vibranium\\\",\\\"at\\\":\\\"2019-07-29T05:28:53+00:00\\\",\\\"invUssn\\\":33,\\\"isInf\\\":false,\\\"ifa\\\":true,\\\"martAvail\\\":[{\\\"martId\\\":\\\"21\\\",\\\"ia\\\":true}],\\\"clt\\\":\\\"JoJ\\\"}\"}"}
{"id":"b2544c02f9e64cb1b46da9a47d34a1de","table":"killmonger_events_table","keyspace":"msku","timestamp":"2019-07-29T05:45:03.419Z","clusteringKeys":["ea5c7b9ef5b9469e9bc8de6357b7a179","updateVbIdSellingIdInventorySkipped/1","1564378133"],"changedColumns":["selling_id","fulfillment_node_id","event_type","update_at","stream_sequence_number","event_data"],"record":"{\"selling_id\":\"b2544c02f9e64cb1b46da9a47d34a1de\",\"fulfillment_node_id\":\"ea5c7b9ef5b9469e9bc8de6357b7a179\",\"event_type\":\"updateVbIdSellingIdInventorySkipped/1\",\"update_at\":1564378133,\"stream_sequence_number\":37,\"event_data\":\"{\\\"id\\\":\\\"e08d7fe8b2cf400fb06ecfed535d0002\\\",\\\"vbId\\\":\\\"b2544c02f9e64cb1b46da9a47d34a1de\\\",\\\"sellingId\\\":\\\"b2544c02f9e64cb1b46da9a47d34a1de\\\",\\\"merchantId\\\":\\\"1631f82f91774db4898f32e732470fcd\\\",\\\"skuId\\\":\\\"b2544c02f9e64cb1b46da9a47d34a1de\\\",\\\"f\\\":28,\\\"fnId\\\":\\\"ea5c7b9ef5b9469e9bc8de6357b7a179\\\",\\\"fnType\\\":\\\"wolverine\\\",\\\"by\\\":\\\"Vibranium\\\",\\\"at\\\":\\\"2019-07-29T05:28:53+00:00\\\",\\\"invUssn\\\":33,\\\"isInf\\\":false}\"}"}
{"id":"5ff4710b4d6a41b7b6610e8fe2361fb9","table":"killmonger_events_table","keyspace":"msku","timestamp":"2019-07-29T05:45:03.419Z","clusteringKeys":["fb72b6f9c1e54625a551711f6ee72714","vbIdSellingIdInventoryUpdated/1","1564374967"],"changedColumns":["selling_id","fulfillment_node_id","event_type","update_at","stream_sequence_number","event_data"],"record":"{\"selling_id\":\"5ff4710b4d6a41b7b6610e8fe2361fb9\",\"fulfillment_node_id\":\"fb72b6f9c1e54625a551711f6ee72714\",\"event_type\":\"vbIdSellingIdInventoryUpdated/1\",\"update_at\":1564374967,\"stream_sequence_number\":41,\"event_data\":\"{\\\"id\\\":\\\"c8031f451f75486881611e1f13b29185\\\",\\\"vbId\\\":\\\"5ff4710b4d6a41b7b6610e8fe2361fb9\\\",\\\"sellingId\\\":\\\"5ff4710b4d6a41b7b6610e8fe2361fb9\\\",\\\"merchantId\\\":\\\"e43cf7756d0b4ba8a4e9046774656ce8\\\",\\\"skuId\\\":\\\"5ff4710b4d6a41b7b6610e8fe2361fb9\\\",\\\"f\\\":108,\\\"fnId\\\":\\\"fb72b6f9c1e54625a551711f6ee72714\\\",\\\"fnType\\\":\\\"wolverine\\\",\\\"by\\\":\\\"Vibranium\\\",\\\"at\\\":\\\"2019-07-29T04:36:07+00:00\\\",\\\"invUssn\\\":50,\\\"isInf\\\":false,\\\"ifa\\\":true,\\\"martAvail\\\":[{\\\"martId\\\":\\\"21\\\",\\\"ia\\\":true}],\\\"clt\\\":\\\"JoJ\\\"}\"}"}
{"id":"376868256dea4472a123b5a0a334d42d","table":"killmonger_events_table","keyspace":"msku","timestamp":"2019-07-29T05:45:03.419Z","clusteringKeys":["3cbcc7e28aac4f6fb0a8cde4e85483c0","vbIdSellingIdInventoryUpdated/1","1564378175"],"changedColumns":["selling_id","fulfillment_node_id","event_type","update_at","stream_sequence_number","event_data"],"record":"{\"selling_id\":\"376868256dea4472a123b5a0a334d42d\",\"fulfillment_node_id\":\"3cbcc7e28aac4f6fb0a8cde4e85483c0\",\"event_type\":\"vbIdSellingIdInventoryUpdated/1\",\"update_at\":1564378175,\"stream_sequence_number\":99,\"event_data\":\"{\\\"id\\\":\\\"e5bc6b1a8c304a7794e9f8abd8ca2237\\\",\\\"vbId\\\":\\\"376868256dea4472a123b5a0a334d42d\\\",\\\"sellingId\\\":\\\"376868256dea4472a123b5a0a334d42d\\\",\\\"merchantId\\\":\\\"7eaf70709bf149f890dc3a845871dab4\\\",\\\"skuId\\\":\\\"376868256dea4472a123b5a0a334d42d\\\",\\\"f\\\":559,\\\"fnId\\\":\\\"3cbcc7e28aac4f6fb0a8cde4e85483c0\\\",\\\"fnType\\\":\\\"wolverine\\\",\\\"by\\\":\\\"Vibranium\\\",\\\"at\\\":\\\"2019-07-29T05:29:35+00:00\\\",\\\"invUssn\\\":78,\\\"isInf\\\":false,\\\"ifa\\\":true,\\\"martAvail\\\":[{\\\"martId\\\":\\\"21\\\",\\\"ia\\\":true}],\\\"clt\\\":\\\"JoJ\\\"}\"}"}
{"id":"376868256dea4472a123b5a0a334d42d","table":"killmonger_events_table","keyspace":"msku","timestamp":"2019-07-29T05:45:03.419Z","clusteringKeys":["3cbcc7e28aac4f6fb0a8cde4e85483c0","updateVbIdSellingIdInventorySkipped/1","1564378175"],"changedColumns":["selling_id","fulfillment_node_id","event_type","update_at","stream_sequence_number","event_data"],"record":"{\"selling_id\":\"376868256dea4472a123b5a0a334d42d\",\"fulfillment_node_id\":\"3cbcc7e28aac4f6fb0a8cde4e85483c0\",\"event_type\":\"updateVbIdSellingIdInventorySkipped/1\",\"update_at\":1564378175,\"stream_sequence_number\":100,\"event_data\":\"{\\\"id\\\":\\\"e5bc6b1a8c304a7794e9f8abd8ca2237\\\",\\\"vbId\\\":\\\"376868256dea4472a123b5a0a334d42d\\\",\\\"sellingId\\\":\\\"376868256dea4472a123b5a0a334d42d\\\",\\\"merchantId\\\":\\\"7eaf70709bf149f890dc3a845871dab4\\\",\\\"skuId\\\":\\\"376868256dea4472a123b5a0a334d42d\\\",\\\"f\\\":559,\\\"fnId\\\":\\\"3cbcc7e28aac4f6fb0a8cde4e85483c0\\\",\\\"fnType\\\":\\\"wolverine\\\",\\\"by\\\":\\\"Vibranium\\\",\\\"at\\\":\\\"2019-07-29T05:29:35+00:00\\\",\\\"invUssn\\\":78,\\\"isInf\\\":false}\"}"}
{"id":"EBDCD1CE78374F62A5EB68A75BF392EE","table":"killmonger_events_table","keyspace":"msku","timestamp":"2019-07-29T05:45:03.419Z","clusteringKeys":["4364","vbIdSellingIdInventoryUpdated/1","1564378912"],"changedColumns":["selling_id","fulfillment_node_id","event_type","update_at","stream_sequence_number","event_data"],"record":"{\"selling_id\":\"EBDCD1CE78374F62A5EB68A75BF392EE\",\"fulfillment_node_id\":\"4364\",\"event_type\":\"vbIdSellingIdInventoryUpdated/1\",\"update_at\":1564378912,\"stream_sequence_number\":142,\"event_data\":\"{\\\"id\\\":\\\"a5e507b545304fb6a96be1864a3ce710\\\",\\\"vbId\\\":\\\"PantherMigrationVbId\\\",\\\"sellingId\\\":\\\"EBDCD1CE78374F62A5EB68A75BF392EE\\\",\\\"merchantId\\\":\\\"9fc08905039048918982091f266c2a29\\\",\\\"skuId\\\":\\\"PantherMigrationSkuId\\\",\\\"f\\\":12,\\\"fnId\\\":\\\"4364\\\",\\\"by\\\":\\\"Killmonger.Migration.MapInWalmartInvUpdates\\\",\\\"at\\\":\\\"2019-07-29T05:41:52.957+00:00\\\",\\\"invUssn\\\":0,\\\"isInf\\\":false,\\\"ifa\\\":true,\\\"martAvail\\\":[{\\\"martId\\\":\\\"21\\\",\\\"ia\\\":true},{\\\"martId\\\":\\\"0\\\",\\\"ia\\\":true}],\\\"clt\\\":\\\"WoJ\\\"}\"}"}
{"id":"5A4631AFFA3540C1B71D8A9E44022D76","table":"killmonger_events_table","keyspace":"msku","timestamp":"2019-07-29T05:40:44.606Z","clusteringKeys":["77628","vbIdSellingIdInventoryUpdated/1","1564378909"],"changedColumns":["selling_id","fulfillment_node_id","event_type","update_at","stream_sequence_number","event_data"],"record":"{\"selling_id\":\"5A4631AFFA3540C1B71D8A9E44022D76\",\"fulfillment_node_id\":\"77628\",\"event_type\":\"vbIdSellingIdInventoryUpdated/1\",\"update_at\":1564378909,\"stream_sequence_number\":125,\"event_data\":\"{\\\"id\\\":\\\"b28fcf9b25c7436eb728588e0ca6d174\\\",\\\"vbId\\\":\\\"PantherMigrationVbId\\\",\\\"sellingId\\\":\\\"5A4631AFFA3540C1B71D8A9E44022D76\\\",\\\"merchantId\\\":\\\"9fc08905039048918982091f266c2a29\\\",\\\"skuId\\\":\\\"PantherMigrationSkuId\\\",\\\"f\\\":0,\\\"fnId\\\":\\\"77628\\\",\\\"by\\\":\\\"Killmonger.Migration.MapInWalmartInvUpdates\\\",\\\"at\\\":\\\"2019-07-29T05:41:49.883+00:00\\\",\\\"invUssn\\\":0,\\\"isInf\\\":false,\\\"ifa\\\":true,\\\"martAvail\\\":[{\\\"martId\\\":\\\"21\\\",\\\"ia\\\":true},{\\\"martId\\\":\\\"0\\\",\\\"ia\\\":true}],\\\"clt\\\":\\\"WoJ\\\"}\"}"}
{"id":"D95324F50C864A1684B9FEB7652076EE","table":"killmonger_events_table","keyspace":"msku","timestamp":"2019-07-29T05:40:44.606Z","clusteringKeys":["4364","vbIdSellingIdInventoryUpdated/1","1564378911"],"changedColumns":["selling_id","fulfillment_node_id","event_type","update_at","stream_sequence_number","event_data"],"record":"{\"selling_id\":\"D95324F50C864A1684B9FEB7652076EE\",\"fulfillment_node_id\":\"4364\",\"event_type\":\"vbIdSellingIdInventoryUpdated/1\",\"update_at\":1564378911,\"stream_sequence_number\":131,\"event_data\":\"{\\\"id\\\":\\\"a4834deb364d41d3aac9b3cdfd9cb092\\\",\\\"vbId\\\":\\\"PantherMigrationVbId\\\",\\\"sellingId\\\":\\\"D95324F50C864A1684B9FEB7652076EE\\\",\\\"merchantId\\\":\\\"9fc08905039048918982091f266c2a29\\\",\\\"skuId\\\":\\\"PantherMigrationSkuId\\\",\\\"f\\\":0,\\\"fnId\\\":\\\"4364\\\",\\\"by\\\":\\\"Killmonger.Migration.MapInWalmartInvUpdates\\\",\\\"at\\\":\\\"2019-07-29T05:41:51.851+00:00\\\",\\\"invUssn\\\":0,\\\"isInf\\\":false,\\\"ifa\\\":true,\\\"martAvail\\\":[{\\\"martId\\\":\\\"21\\\",\\\"ia\\\":true},{\\\"martId\\\":\\\"0\\\",\\\"ia\\\":true}],\\\"clt\\\":\\\"WoJ\\\"}\"}"}
{"id":"7FB65F07FBA448F481E639B59CB61171","table":"killmonger_events_table","keyspace":"msku","timestamp":"2019-07-29T05:45:03.419Z","clusteringKeys":["4916","vbIdSellingIdInventoryUpdated/1","1564378908"],"changedColumns":["selling_id","fulfillment_node_id","event_type","update_at","stream_sequence_number","event_data"],"record":"{\"selling_id\":\"7FB65F07FBA448F481E639B59CB61171\",\"fulfillment_node_id\":\"4916\",\"event_type\":\"vbIdSellingIdInventoryUpdated/1\",\"update_at\":1564378908,\"stream_sequence_number\":132,\"event_data\":\"{\\\"id\\\":\\\"4e3b067ce5194e13a611a239e95cad70\\\",\\\"vbId\\\":\\\"PantherMigrationVbId\\\",\\\"sellingId\\\":\\\"7FB65F07FBA448F481E639B59CB61171\\\",\\\"merchantId\\\":\\\"9fc08905039048918982091f266c2a29\\\",\\\"skuId\\\":\\\"PantherMigrationSkuId\\\",\\\"f\\\":0,\\\"fnId\\\":\\\"4916\\\",\\\"by\\\":\\\"Killmonger.Migration.MapInWalmartInvUpdates\\\",\\\"at\\\":\\\"2019-07-29T05:41:48.797+00:00\\\",\\\"invUssn\\\":0,\\\"isInf\\\":false,\\\"ifa\\\":true,\\\"martAvail\\\":[{\\\"martId\\\":\\\"21\\\",\\\"ia\\\":true},{\\\"martId\\\":\\\"0\\\",\\\"ia\\\":true}],\\\"clt\\\":\\\"WoJ\\\"}\"}"}
{"id":"3b08fb84f85a4ca9a030581d39594e5d","table":"killmonger_events_table","keyspace":"msku","timestamp":"2019-07-29T05:45:03.419Z","clusteringKeys":["fb72b6f9c1e54625a551711f6ee72714","vbIdSellingIdInventoryUpdated/1","1564378274"],"changedColumns":["selling_id","fulfillment_node_id","event_type","update_at","stream_sequence_number","event_data"],"record":"{\"selling_id\":\"3b08fb84f85a4ca9a030581d39594e5d\",\"fulfillment_node_id\":\"fb72b6f9c1e54625a551711f6ee72714\",\"event_type\":\"vbIdSellingIdInventoryUpdated/1\",\"update_at\":1564378274,\"stream_sequence_number\":40,\"event_data\":\"{\\\"id\\\":\\\"03258734738345c8ae657556379bd199\\\",\\\"vbId\\\":\\\"3b08fb84f85a4ca9a030581d39594e5d\\\",\\\"sellingId\\\":\\\"3b08fb84f85a4ca9a030581d39594e5d\\\",\\\"merchantId\\\":\\\"e43cf7756d0b4ba8a4e9046774656ce8\\\",\\\"skuId\\\":\\\"3b08fb84f85a4ca9a030581d39594e5d\\\",\\\"f\\\":52,\\\"fnId\\\":\\\"fb72b6f9c1e54625a551711f6ee72714\\\",\\\"fnType\\\":\\\"wolverine\\\",\\\"by\\\":\\\"Vibranium\\\",\\\"at\\\":\\\"2019-07-29T05:31:14+00:00\\\",\\\"invUssn\\\":51,\\\"isInf\\\":false,\\\"ifa\\\":true,\\\"martAvail\\\":[{\\\"martId\\\":\\\"21\\\",\\\"ia\\\":true}],\\\"clt\\\":\\\"JoJ\\\"}\"}"}
{"id":"d3d56cd22a45440c8aeacbdb396d0c45","table":"killmonger_events_table","keyspace":"msku","timestamp":"2019-07-29T05:44:36.947Z","clusteringKeys":["fb72b6f9c1e54625a551711f6ee72714","updateVbIdSellingIdInventorySkipped/1","1564378075"],"changedColumns":["selling_id","fulfillment_node_id","event_type","update_at","stream_sequence_number","event_data"],"record":"{\"selling_id\":\"d3d56cd22a45440c8aeacbdb396d0c45\",\"fulfillment_node_id\":\"fb72b6f9c1e54625a551711f6ee72714\",\"event_type\":\"updateVbIdSellingIdInventorySkipped/1\",\"update_at\":1564378075,\"stream_sequence_number\":43,\"event_data\":\"{\\\"id\\\":\\\"7ebc54f32a7e4bb596ff9f7531e6bbde\\\",\\\"vbId\\\":\\\"d3d56cd22a45440c8aeacbdb396d0c45\\\",\\\"sellingId\\\":\\\"d3d56cd22a45440c8aeacbdb396d0c45\\\",\\\"merchantId\\\":\\\"e43cf7756d0b4ba8a4e9046774656ce8\\\",\\\"skuId\\\":\\\"d3d56cd22a45440c8aeacbdb396d0c45\\\",\\\"f\\\":122,\\\"fnId\\\":\\\"fb72b6f9c1e54625a551711f6ee72714\\\",\\\"fnType\\\":\\\"wolverine\\\",\\\"by\\\":\\\"Vibranium\\\",\\\"at\\\":\\\"2019-07-29T05:27:55+00:00\\\",\\\"invUssn\\\":49,\\\"isInf\\\":false}\"}"}
{"id":"d4b5f6aff54e4a1ba35712444ad5a848","table":"killmonger_events_table","keyspace":"msku","timestamp":"2019-07-29T05:40:44.608Z","clusteringKeys":["3cbcc7e28aac4f6fb0a8cde4e85483c0","vbIdSellingIdInventoryUpdated/1","1564378192"],"changedColumns":["selling_id","fulfillment_node_id","event_type","update_at","stream_sequence_number","event_data"],"record":"{\"selling_id\":\"d4b5f6aff54e4a1ba35712444ad5a848\",\"fulfillment_node_id\":\"3cbcc7e28aac4f6fb0a8cde4e85483c0\",\"event_type\":\"vbIdSellingIdInventoryUpdated/1\",\"update_at\":1564378192,\"stream_sequence_number\":87,\"event_data\":\"{\\\"id\\\":\\\"7db186c868c44d5ca2a635c7ed97155b\\\",\\\"vbId\\\":\\\"d4b5f6aff54e4a1ba35712444ad5a848\\\",\\\"sellingId\\\":\\\"d4b5f6aff54e4a1ba35712444ad5a848\\\",\\\"merchantId\\\":\\\"7eaf70709bf149f890dc3a845871dab4\\\",\\\"skuId\\\":\\\"d4b5f6aff54e4a1ba35712444ad5a848\\\",\\\"f\\\":559,\\\"fnId\\\":\\\"3cbcc7e28aac4f6fb0a8cde4e85483c0\\\",\\\"fnType\\\":\\\"wolverine\\\",\\\"by\\\":\\\"Vibranium\\\",\\\"at\\\":\\\"2019-07-29T05:29:52+00:00\\\",\\\"invUssn\\\":75,\\\"isInf\\\":false,\\\"ifa\\\":true,\\\"martAvail\\\":[{\\\"martId\\\":\\\"21\\\",\\\"ia\\\":true}],\\\"clt\\\":\\\"JoJ\\\"}\"}"}
{"id":"76c7bfd62fc747debb4fbb4caaa58707","table":"killmonger_events_table","keyspace":"msku","timestamp":"2019-07-29T05:44:36.949Z","clusteringKeys":["fb72b6f9c1e54625a551711f6ee72714","vbIdSellingIdInventoryUpdated/1","1564378274"],"changedColumns":["selling_id","fulfillment_node_id","event_type","update_at","stream_sequence_number","event_data"],"record":"{\"selling_id\":\"76c7bfd62fc747debb4fbb4caaa58707\",\"fulfillment_node_id\":\"fb72b6f9c1e54625a551711f6ee72714\",\"event_type\":\"vbIdSellingIdInventoryUpdated/1\",\"update_at\":1564378274,\"stream_sequence_number\":40,\"event_data\":\"{\\\"id\\\":\\\"e8a0f0c62e8e4bac94419f5d758bc71c\\\",\\\"vbId\\\":\\\"76c7bfd62fc747debb4fbb4caaa58707\\\",\\\"sellingId\\\":\\\"76c7bfd62fc747debb4fbb4caaa58707\\\",\\\"merchantId\\\":\\\"e43cf7756d0b4ba8a4e9046774656ce8\\\",\\\"skuId\\\":\\\"76c7bfd62fc747debb4fbb4caaa58707\\\",\\\"f\\\":59,\\\"fnId\\\":\\\"fb72b6f9c1e54625a551711f6ee72714\\\",\\\"fnType\\\":\\\"wolverine\\\",\\\"by\\\":\\\"Vibranium\\\",\\\"at\\\":\\\"2019-07-29T05:31:14+00:00\\\",\\\"invUssn\\\":48,\\\"isInf\\\":false,\\\"ifa\\\":true,\\\"martAvail\\\":[{\\\"martId\\\":\\\"21\\\",\\\"ia\\\":true}],\\\"clt\\\":\\\"JoJ\\\"}\"}"}
{"id":"61C73A4E7958487CAB06D705A3A9470C","table":"killmonger_events_table","keyspace":"msku","timestamp":"2019-07-29T05:45:03.421Z","clusteringKeys":["4364","vbIdSellingIdInventoryUpdated/1","1564378912"],"changedColumns":["selling_id","fulfillment_node_id","event_type","update_at","stream_sequence_number","event_data"],"record":"{\"selling_id\":\"61C73A4E7958487CAB06D705A3A9470C\",\"fulfillment_node_id\":\"4364\",\"event_type\":\"vbIdSellingIdInventoryUpdated/1\",\"update_at\":1564378912,\"stream_sequence_number\":133,\"event_data\":\"{\\\"id\\\":\\\"3bacbf00be524c4d849a7cab17ca3101\\\",\\\"vbId\\\":\\\"PantherMigrationVbId\\\",\\\"sellingId\\\":\\\"61C73A4E7958487CAB06D705A3A9470C\\\",\\\"merchantId\\\":\\\"9fc08905039048918982091f266c2a29\\\",\\\"skuId\\\":\\\"PantherMigrationSkuId\\\",\\\"f\\\":6,\\\"fnId\\\":\\\"4364\\\",\\\"by\\\":\\\"Killmonger.Migration.MapInWalmartInvUpdates\\\",\\\"at\\\":\\\"2019-07-29T05:41:52.767+00:00\\\",\\\"invUssn\\\":0,\\\"isInf\\\":false,\\\"ifa\\\":true,\\\"martAvail\\\":[{\\\"martId\\\":\\\"21\\\",\\\"ia\\\":true},{\\\"martId\\\":\\\"0\\\",\\\"ia\\\":true}],\\\"clt\\\":\\\"WoJ\\\"}\"}"}
{"id":"100EA330FCB148C383FB01EA44D95817","table":"killmonger_events_table","keyspace":"msku","timestamp":"2019-07-29T05:44:36.950Z","clusteringKeys":["5868","vbIdSellingIdInventoryUpdated/1","1564378910"],"changedColumns":["selling_id","fulfillment_node_id","event_type","update_at","stream_sequence_number","event_data"],"record":"{\"selling_id\":\"100EA330FCB148C383FB01EA44D95817\",\"fulfillment_node_id\":\"5868\",\"event_type\":\"vbIdSellingIdInventoryUpdated/1\",\"update_at\":1564378910,\"stream_sequence_number\":136,\"event_data\":\"{\\\"id\\\":\\\"1aaa132e4d5140d2ae061e0784605eab\\\",\\\"vbId\\\":\\\"PantherMigrationVbId\\\",\\\"sellingId\\\":\\\"100EA330FCB148C383FB01EA44D95817\\\",\\\"merchantId\\\":\\\"9fc08905039048918982091f266c2a29\\\",\\\"skuId\\\":\\\"PantherMigrationSkuId\\\",\\\"f\\\":0,\\\"fnId\\\":\\\"5868\\\",\\\"by\\\":\\\"Killmonger.Migration.MapInWalmartInvUpdates\\\",\\\"at\\\":\\\"2019-07-29T05:41:50.06+00:00\\\",\\\"invUssn\\\":0,\\\"isInf\\\":false,\\\"ifa\\\":true,\\\"martAvail\\\":[{\\\"martId\\\":\\\"21\\\",\\\"ia\\\":true},{\\\"martId\\\":\\\"0\\\",\\\"ia\\\":true}],\\\"clt\\\":\\\"WoJ\\\"}\"}"}
{"id":"100EA330FCB148C383FB01EA44D95817","table":"killmonger_events_table","keyspace":"msku","timestamp":"2019-07-29T05:44:36.950Z","clusteringKeys":["5868","vbIdSellingIdInventoryUpdated/1","1564378910"],"changedColumns":["selling_id","fulfillment_node_id","event_type","update_at","stream_sequence_number","event_data"],"record":"{\"selling_id\":\"100EA330FCB148C383FB01EA44D95817\",\"fulfillment_node_id\":\"5868\",\"event_type\":\"vbIdSellingIdInventoryUpdated/1\",\"update_at\":1564378910,\"stream_sequence_number\":137,\"event_data\":\"{\\\"id\\\":\\\"1aaa132e4d5140d2ae061e0784605eab\\\",\\\"vbId\\\":\\\"PantherMigrationVbId\\\",\\\"sellingId\\\":\\\"100EA330FCB148C383FB01EA44D95817\\\",\\\"merchantId\\\":\\\"9fc08905039048918982091f266c2a29\\\",\\\"skuId\\\":\\\"PantherMigrationSkuId\\\",\\\"f\\\":0,\\\"fnId\\\":\\\"5868\\\",\\\"by\\\":\\\"Killmonger.Migration.MapInWalmartInvUpdates\\\",\\\"at\\\":\\\"2019-07-29T05:41:50.06+00:00\\\",\\\"invUssn\\\":0,\\\"isInf\\\":false,\\\"ifa\\\":true,\\\"martAvail\\\":[{\\\"martId\\\":\\\"21\\\",\\\"ia\\\":true},{\\\"martId\\\":\\\"0\\\",\\\"ia\\\":true}],\\\"clt\\\":\\\"WoJ\\\"}\"}"}
{"id":"1ea4821edd8c4b2eab41852397d4aeb7","table":"killmonger_events_table","keyspace":"msku","timestamp":"2019-07-29T05:40:44.614Z","clusteringKeys":["6ccbd76c487c42e5b65dd274f51b72ea","updateVbIdSellingIdInventorySkipped/1","1564378479"],"changedColumns":["selling_id","fulfillment_node_id","event_type","update_at","stream_sequence_number","event_data"],"record":"{\"selling_id\":\"1ea4821edd8c4b2eab41852397d4aeb7\",\"fulfillment_node_id\":\"6ccbd76c487c42e5b65dd274f51b72ea\",\"event_type\":\"updateVbIdSellingIdInventorySkipped/1\",\"update_at\":1564378479,\"stream_sequence_number\":47,\"event_data\":\"{\\\"id\\\":\\\"196222f5ca8042b89c63568ee05ffa90\\\",\\\"vbId\\\":\\\"1ea4821edd8c4b2eab41852397d4aeb7\\\",\\\"sellingId\\\":\\\"1ea4821edd8c4b2eab41852397d4aeb7\\\",\\\"merchantId\\\":\\\"e43cf7756d0b4ba8a4e9046774656ce8\\\",\\\"skuId\\\":\\\"1ea4821edd8c4b2eab41852397d4aeb7\\\",\\\"f\\\":131,\\\"fnId\\\":\\\"6ccbd76c487c42e5b65dd274f51b72ea\\\",\\\"fnType\\\":\\\"wolverine\\\",\\\"by\\\":\\\"Vibranium\\\",\\\"at\\\":\\\"2019-07-29T05:34:39+00:00\\\",\\\"invUssn\\\":52,\\\"isInf\\\":false}\"}"}
{"id":"1ea4821edd8c4b2eab41852397d4aeb7","table":"killmonger_events_table","keyspace":"msku","timestamp":"2019-07-29T05:40:44.614Z","clusteringKeys":["6ccbd76c487c42e5b65dd274f51b72ea","updateVbIdSellingIdInventorySkipped/1","1564378479"],"changedColumns":["selling_id","fulfillment_node_id","event_type","update_at","stream_sequence_number","event_data"],"record":"{\"selling_id\":\"1ea4821edd8c4b2eab41852397d4aeb7\",\"fulfillment_node_id\":\"6ccbd76c487c42e5b65dd274f51b72ea\",\"event_type\":\"updateVbIdSellingIdInventorySkipped/1\",\"update_at\":1564378479,\"stream_sequence_number\":48,\"event_data\":\"{\\\"id\\\":\\\"196222f5ca8042b89c63568ee05ffa90\\\",\\\"vbId\\\":\\\"1ea4821edd8c4b2eab41852397d4aeb7\\\",\\\"sellingId\\\":\\\"1ea4821edd8c4b2eab41852397d4aeb7\\\",\\\"merchantId\\\":\\\"e43cf7756d0b4ba8a4e9046774656ce8\\\",\\\"skuId\\\":\\\"1ea4821edd8c4b2eab41852397d4aeb7\\\",\\\"f\\\":131,\\\"fnId\\\":\\\"6ccbd76c487c42e5b65dd274f51b72ea\\\",\\\"fnType\\\":\\\"wolverine\\\",\\\"by\\\":\\\"Vibranium\\\",\\\"at\\\":\\\"2019-07-29T05:34:39+00:00\\\",\\\"invUssn\\\":52,\\\"isInf\\\":false}\"}"}
{"id":"ee0212924e384122aeef1abf735a5a38","table":"killmonger_events_table","keyspace":"msku","timestamp":"2019-07-29T05:45:03.419Z","clusteringKeys":["fb72b6f9c1e54625a551711f6ee72714","vbIdSellingIdInventoryUpdated/1","1564375526"],"changedColumns":["selling_id","fulfillment_node_id","event_type","update_at","stream_sequence_number","event_data"],"record":"{\"selling_id\":\"ee0212924e384122aeef1abf735a5a38\",\"fulfillment_node_id\":\"fb72b6f9c1e54625a551711f6ee72714\",\"event_type\":\"vbIdSellingIdInventoryUpdated/1\",\"update_at\":1564375526,\"stream_sequence_number\":41,\"event_data\":\"{\\\"id\\\":\\\"0fa74e0d7e09471799b55452d6c1aa0e\\\",\\\"vbId\\\":\\\"ee0212924e384122aeef1abf735a5a38\\\",\\\"sellingId\\\":\\\"ee0212924e384122aeef1abf735a5a38\\\",\\\"merchantId\\\":\\\"e43cf7756d0b4ba8a4e9046774656ce8\\\",\\\"skuId\\\":\\\"ee0212924e384122aeef1abf735a5a38\\\",\\\"f\\\":101,\\\"fnId\\\":\\\"fb72b6f9c1e54625a551711f6ee72714\\\",\\\"fnType\\\":\\\"wolverine\\\",\\\"by\\\":\\\"Vibranium\\\",\\\"at\\\":\\\"2019-07-29T04:45:26+00:00\\\",\\\"invUssn\\\":52,\\\"isInf\\\":false,\\\"ifa\\\":true,\\\"martAvail\\\":[{\\\"martId\\\":\\\"21\\\",\\\"ia\\\":true}],\\\"clt\\\":\\\"JoJ\\\"}\"}"}
{"id":"392cb87d2f6b41aeaa650362ba6d3c91","table":"killmonger_events_table","keyspace":"msku","timestamp":"2019-07-29T05:45:02.366Z","clusteringKeys":["fb72b6f9c1e54625a551711f6ee72714","updateVbIdSellingIdInventorySkipped/1","1564378075"],"changedColumns":["selling_id","fulfillment_node_id","event_type","update_at","stream_sequence_number","event_data"],"record":"{\"selling_id\":\"392cb87d2f6b41aeaa650362ba6d3c91\",\"fulfillment_node_id\":\"fb72b6f9c1e54625a551711f6ee72714\",\"event_type\":\"updateVbIdSellingIdInventorySkipped/1\",\"update_at\":1564378075,\"stream_sequence_number\":44,\"event_data\":\"{\\\"id\\\":\\\"65b5232f36c0447d9470530fb5ca9957\\\",\\\"vbId\\\":\\\"392cb87d2f6b41aeaa650362ba6d3c91\\\",\\\"sellingId\\\":\\\"392cb87d2f6b41aeaa650362ba6d3c91\\\",\\\"merchantId\\\":\\\"e43cf7756d0b4ba8a4e9046774656ce8\\\",\\\"skuId\\\":\\\"392cb87d2f6b41aeaa650362ba6d3c91\\\",\\\"f\\\":60,\\\"fnId\\\":\\\"fb72b6f9c1e54625a551711f6ee72714\\\",\\\"fnType\\\":\\\"wolverine\\\",\\\"by\\\":\\\"Vibranium\\\",\\\"at\\\":\\\"2019-07-29T05:27:55+00:00\\\",\\\"invUssn\\\":52,\\\"isInf\\\":false}\"}"}
{"id":"392cb87d2f6b41aeaa650362ba6d3c91","table":"killmonger_events_table","keyspace":"msku","timestamp":"2019-07-29T05:45:02.366Z","clusteringKeys":["fb72b6f9c1e54625a551711f6ee72714","updateVbIdSellingIdInventorySkipped/1","1564378075"],"changedColumns":["selling_id","fulfillment_node_id","event_type","update_at","stream_sequence_number","event_data"],"record":"{\"selling_id\":\"392cb87d2f6b41aeaa650362ba6d3c91\",\"fulfillment_node_id\":\"fb72b6f9c1e54625a551711f6ee72714\",\"event_type\":\"updateVbIdSellingIdInventorySkipped/1\",\"update_at\":1564378075,\"stream_sequence_number\":45,\"event_data\":\"{\\\"id\\\":\\\"65b5232f36c0447d9470530fb5ca9957\\\",\\\"vbId\\\":\\\"392cb87d2f6b41aeaa650362ba6d3c91\\\",\\\"sellingId\\\":\\\"392cb87d2f6b41aeaa650362ba6d3c91\\\",\\\"merchantId\\\":\\\"e43cf7756d0b4ba8a4e9046774656ce8\\\",\\\"skuId\\\":\\\"392cb87d2f6b41aeaa650362ba6d3c91\\\",\\\"f\\\":60,\\\"fnId\\\":\\\"fb72b6f9c1e54625a551711f6ee72714\\\",\\\"fnType\\\":\\\"wolverine\\\",\\\"by\\\":\\\"Vibranium\\\",\\\"at\\\":\\\"2019-07-29T05:27:55+00:00\\\",\\\"invUssn\\\":52,\\\"isInf\\\":false}\"}"}
{"id":"B396F78201954E31BF3355E5F19713F2","table":"killmonger_events_table","keyspace":"msku","timestamp":"2019-07-29T05:44:36.947Z","clusteringKeys":["8556","vbIdSellingIdInventoryUpdated/1","1564378911"],"changedColumns":["selling_id","fulfillment_node_id","event_type","update_at","stream_sequence_number","event_data"],"record":"{\"selling_id\":\"B396F78201954E31BF3355E5F19713F2\",\"fulfillment_node_id\":\"8556\",\"event_type\":\"vbIdSellingIdInventoryUpdated/1\",\"update_at\":1564378911,\"stream_sequence_number\":132,\"event_data\":\"{\\\"id\\\":\\\"52d3dd3f3c614801bba4601da2ef173c\\\",\\\"vbId\\\":\\\"PantherMigrationVbId\\\",\\\"sellingId\\\":\\\"B396F78201954E31BF3355E5F19713F2\\\",\\\"merchantId\\\":\\\"9fc08905039048918982091f266c2a29\\\",\\\"skuId\\\":\\\"PantherMigrationSkuId\\\",\\\"f\\\":0,\\\"fnId\\\":\\\"8556\\\",\\\"by\\\":\\\"Killmonger.Migration.MapInWalmartInvUpdates\\\",\\\"at\\\":\\\"2019-07-29T05:41:51.216+00:00\\\",\\\"invUssn\\\":0,\\\"isInf\\\":false,\\\"ifa\\\":true,\\\"martAvail\\\":[{\\\"martId\\\":\\\"21\\\",\\\"ia\\\":true},{\\\"martId\\\":\\\"0\\\",\\\"ia\\\":true}],\\\"clt\\\":\\\"WoJ\\\"}\"}"}
{"id":"F986418038434FFEABB6AAF8A93E9BAE","table":"killmonger_events_table","keyspace":"msku","timestamp":"2019-07-29T05:40:44.607Z","clusteringKeys":["6468","vbIdSellingIdInventoryUpdated/1","1564378909"],"changedColumns":["selling_id","fulfillment_node_id","event_type","update_at","stream_sequence_number","event_data"],"record":"{\"selling_id\":\"F986418038434FFEABB6AAF8A93E9BAE\",\"fulfillment_node_id\":\"6468\",\"event_type\":\"vbIdSellingIdInventoryUpdated/1\",\"update_at\":1564378909,\"stream_sequence_number\":139,\"event_data\":\"{\\\"id\\\":\\\"acfdf2e4bf9e471292e1f643430f87dd\\\",\\\"vbId\\\":\\\"PantherMigrationVbId\\\",\\\"sellingId\\\":\\\"F986418038434FFEABB6AAF8A93E9BAE\\\",\\\"merchantId\\\":\\\"9fc08905039048918982091f266c2a29\\\",\\\"skuId\\\":\\\"PantherMigrationSkuId\\\",\\\"f\\\":0,\\\"fnId\\\":\\\"6468\\\",\\\"by\\\":\\\"Killmonger.Migration.MapInWalmartInvUpdates\\\",\\\"at\\\":\\\"2019-07-29T05:41:49.017+00:00\\\",\\\"invUssn\\\":0,\\\"isInf\\\":false,\\\"ifa\\\":true,\\\"martAvail\\\":[{\\\"martId\\\":\\\"21\\\",\\\"ia\\\":true},{\\\"martId\\\":\\\"0\\\",\\\"ia\\\":true}],\\\"clt\\\":\\\"WoJ\\\"}\"}"}
{"id":"F986418038434FFEABB6AAF8A93E9BAE","table":"killmonger_events_table","keyspace":"msku","timestamp":"2019-07-29T05:40:44.607Z","clusteringKeys":["6468","vbIdSellingIdInventoryUpdated/1","1564378909"],"changedColumns":["selling_id","fulfillment_node_id","event_type","update_at","stream_sequence_number","event_data"],"record":"{\"selling_id\":\"F986418038434FFEABB6AAF8A93E9BAE\",\"fulfillment_node_id\":\"6468\",\"event_type\":\"vbIdSellingIdInventoryUpdated/1\",\"update_at\":1564378909,\"stream_sequence_number\":140,\"event_data\":\"{\\\"id\\\":\\\"acfdf2e4bf9e471292e1f643430f87dd\\\",\\\"vbId\\\":\\\"PantherMigrationVbId\\\",\\\"sellingId\\\":\\\"F986418038434FFEABB6AAF8A93E9BAE\\\",\\\"merchantId\\\":\\\"9fc08905039048918982091f266c2a29\\\",\\\"skuId\\\":\\\"PantherMigrationSkuId\\\",\\\"f\\\":0,\\\"fnId\\\":\\\"6468\\\",\\\"by\\\":\\\"Killmonger.Migration.MapInWalmartInvUpdates\\\",\\\"at\\\":\\\"2019-07-29T05:41:49.017+00:00\\\",\\\"invUssn\\\":0,\\\"isInf\\\":false,\\\"ifa\\\":true,\\\"martAvail\\\":[{\\\"martId\\\":\\\"21\\\",\\\"ia\\\":true},{\\\"martId\\\":\\\"0\\\",\\\"ia\\\":true}],\\\"clt\\\":\\\"WoJ\\\"}\"}"}
{"id":"AE424CC59D754EE3A1EEC34C826679DF","table":"killmonger_events_table","keyspace":"msku","timestamp":"2019-07-29T05:44:36.947Z","clusteringKeys":["77628","vbIdSellingIdInventoryUpdated/1","1564378910"],"changedColumns":["selling_id","fulfillment_node_id","event_type","update_at","stream_sequence_number","event_data"],"record":"{\"selling_id\":\"AE424CC59D754EE3A1EEC34C826679DF\",\"fulfillment_node_id\":\"77628\",\"event_type\":\"vbIdSellingIdInventoryUpdated/1\",\"update_at\":1564378910,\"stream_sequence_number\":125,\"event_data\":\"{\\\"id\\\":\\\"04d392862bb24bd7a5ea07fd4e4d0a08\\\",\\\"vbId\\\":\\\"PantherMigrationVbId\\\",\\\"sellingId\\\":\\\"AE424CC59D754EE3A1EEC34C826679DF\\\",\\\"merchantId\\\":\\\"9fc08905039048918982091f266c2a29\\\",\\\"skuId\\\":\\\"PantherMigrationSkuId\\\",\\\"f\\\":0,\\\"fnId\\\":\\\"77628\\\",\\\"by\\\":\\\"Killmonger.Migration.MapInWalmartInvUpdates\\\",\\\"at\\\":\\\"2019-07-29T05:41:50.409+00:00\\\",\\\"invUssn\\\":0,\\\"isInf\\\":false,\\\"ifa\\\":true,\\\"martAvail\\\":[{\\\"martId\\\":\\\"21\\\",\\\"ia\\\":true},{\\\"martId\\\":\\\"0\\\",\\\"ia\\\":true}],\\\"clt\\\":\\\"WoJ\\\"}\"}"}
{"id":"acd98353b3fc4eba94af5969fbb4d8a3","table":"killmonger_events_table","keyspace":"msku","timestamp":"2019-07-29T05:44:36.948Z","clusteringKeys":["fb72b6f9c1e54625a551711f6ee72714","vbIdSellingIdInventoryUpdated/1","1564378274"],"changedColumns":["selling_id","fulfillment_node_id","event_type","update_at","stream_sequence_number","event_data"],"record":"{\"selling_id\":\"acd98353b3fc4eba94af5969fbb4d8a3\",\"fulfillment_node_id\":\"fb72b6f9c1e54625a551711f6ee72714\",\"event_type\":\"vbIdSellingIdInventoryUpdated/1\",\"update_at\":1564378274,\"stream_sequence_number\":38,\"event_data\":\"{\\\"id\\\":\\\"5ef9b18e49254473a59df17e012114c2\\\",\\\"vbId\\\":\\\"acd98353b3fc4eba94af5969fbb4d8a3\\\",\\\"sellingId\\\":\\\"acd98353b3fc4eba94af5969fbb4d8a3\\\",\\\"merchantId\\\":\\\"e43cf7756d0b4ba8a4e9046774656ce8\\\",\\\"skuId\\\":\\\"acd98353b3fc4eba94af5969fbb4d8a3\\\",\\\"f\\\":75,\\\"fnId\\\":\\\"fb72b6f9c1e54625a551711f6ee72714\\\",\\\"fnType\\\":\\\"wolverine\\\",\\\"by\\\":\\\"Vibranium\\\",\\\"at\\\":\\\"2019-07-29T05:31:14+00:00\\\",\\\"invUssn\\\":51,\\\"isInf\\\":false,\\\"ifa\\\":true,\\\"martAvail\\\":[{\\\"martId\\\":\\\"21\\\",\\\"ia\\\":true}],\\\"clt\\\":\\\"JoJ\\\"}\"}"}
{"id":"162a9cd29ea5497f90307c858e865283","table":"killmonger_events_table","keyspace":"msku","timestamp":"2019-07-29T05:45:03.419Z","clusteringKeys":["433ec72b187447d0b143d59c798b4786","vbIdSellingIdInventoryUpdated/1","1564378286"],"changedColumns":["selling_id","fulfillment_node_id","event_type","update_at","stream_sequence_number","event_data"],"record":"{\"selling_id\":\"162a9cd29ea5497f90307c858e865283\",\"fulfillment_node_id\":\"433ec72b187447d0b143d59c798b4786\",\"event_type\":\"vbIdSellingIdInventoryUpdated/1\",\"update_at\":1564378286,\"stream_sequence_number\":229,\"event_data\":\"{\\\"id\\\":\\\"2e864a74bd51428a972689185ae87435\\\",\\\"vbId\\\":\\\"162a9cd29ea5497f90307c858e865283\\\",\\\"sellingId\\\":\\\"162a9cd29ea5497f90307c858e865283\\\",\\\"merchantId\\\":\\\"a8550aa2c31442be9a7b8b2de5618401\\\",\\\"skuId\\\":\\\"162a9cd29ea5497f90307c858e865283\\\",\\\"f\\\":20,\\\"fnId\\\":\\\"433ec72b187447d0b143d59c798b4786\\\",\\\"fnType\\\":\\\"wolverine\\\",\\\"by\\\":\\\"Vibranium\\\",\\\"at\\\":\\\"2019-07-29T05:31:26+00:00\\\",\\\"invUssn\\\":208,\\\"isInf\\\":false,\\\"ifa\\\":true,\\\"martAvail\\\":[{\\\"martId\\\":\\\"21\\\",\\\"ia\\\":true}],\\\"clt\\\":\\\"JoJ\\\"}\"}"}
{"id":"631c4f6c2ac3479e95bb5d890626d413","table":"killmonger_events_table","keyspace":"msku","timestamp":"2019-07-29T05:45:03.419Z","clusteringKeys":["fb72b6f9c1e54625a551711f6ee72714","updateVbIdSellingIdInventorySkipped/1","1564375526"],"changedColumns":["selling_id","fulfillment_node_id","event_type","update_at","stream_sequence_number","event_data"],"record":"{\"selling_id\":\"631c4f6c2ac3479e95bb5d890626d413\",\"fulfillment_node_id\":\"fb72b6f9c1e54625a551711f6ee72714\",\"event_type\":\"updateVbIdSellingIdInventorySkipped/1\",\"update_at\":1564375526,\"stream_sequence_number\":38,\"event_data\":\"{\\\"id\\\":\\\"b0202736f55a40bb8e2be81e04917bc6\\\",\\\"vbId\\\":\\\"631c4f6c2ac3479e95bb5d890626d413\\\",\\\"sellingId\\\":\\\"631c4f6c2ac3479e95bb5d890626d413\\\",\\\"merchantId\\\":\\\"e43cf7756d0b4ba8a4e9046774656ce8\\\",\\\"skuId\\\":\\\"631c4f6c2ac3479e95bb5d890626d413\\\",\\\"f\\\":127,\\\"fnId\\\":\\\"fb72b6f9c1e54625a551711f6ee72714\\\",\\\"fnType\\\":\\\"wolverine\\\",\\\"by\\\":\\\"Vibranium\\\",\\\"at\\\":\\\"2019-07-29T04:45:26+00:00\\\",\\\"invUssn\\\":49,\\\"isInf\\\":false}\"}"}
{"id":"631c4f6c2ac3479e95bb5d890626d413","table":"killmonger_events_table","keyspace":"msku","timestamp":"2019-07-29T05:45:03.420Z","clusteringKeys":["fb72b6f9c1e54625a551711f6ee72714","vbIdSellingIdInventoryUpdated/1","1564375526"],"changedColumns":["selling_id","fulfillment_node_id","event_type","update_at","stream_sequence_number","event_data"],"record":"{\"selling_id\":\"631c4f6c2ac3479e95bb5d890626d413\",\"fulfillment_node_id\":\"fb72b6f9c1e54625a551711f6ee72714\",\"event_type\":\"vbIdSellingIdInventoryUpdated/1\",\"update_at\":1564375526,\"stream_sequence_number\":39,\"event_data\":\"{\\\"id\\\":\\\"526be092e5714e4c9858362bbf415878\\\",\\\"vbId\\\":\\\"631c4f6c2ac3479e95bb5d890626d413\\\",\\\"sellingId\\\":\\\"631c4f6c2ac3479e95bb5d890626d413\\\",\\\"merchantId\\\":\\\"e43cf7756d0b4ba8a4e9046774656ce8\\\",\\\"skuId\\\":\\\"631c4f6c2ac3479e95bb5d890626d413\\\",\\\"f\\\":127,\\\"fnId\\\":\\\"fb72b6f9c1e54625a551711f6ee72714\\\",\\\"fnType\\\":\\\"wolverine\\\",\\\"by\\\":\\\"Vibranium\\\",\\\"at\\\":\\\"2019-07-29T04:45:26+00:00\\\",\\\"invUssn\\\":50,\\\"isInf\\\":false,\\\"ifa\\\":true,\\\"martAvail\\\":[{\\\"martId\\\":\\\"21\\\",\\\"ia\\\":true}],\\\"clt\\\":\\\"JoJ\\\"}\"}"}
{"id":"3003f80aeff942af92c628508bf48011","table":"killmonger_events_table","keyspace":"msku","timestamp":"2019-07-29T05:40:44.607Z","clusteringKeys":["fb72b6f9c1e54625a551711f6ee72714","updateVbIdSellingIdInventorySkipped/1","1564378075"],"changedColumns":["selling_id","fulfillment_node_id","event_type","update_at","stream_sequence_number","event_data"],"record":"{\"selling_id\":\"3003f80aeff942af92c628508bf48011\",\"fulfillment_node_id\":\"fb72b6f9c1e54625a551711f6ee72714\",\"event_type\":\"updateVbIdSellingIdInventorySkipped/1\",\"update_at\":1564378075,\"stream_sequence_number\":45,\"event_data\":\"{\\\"id\\\":\\\"e5f0c9443a7a456288df9ceadde8446d\\\",\\\"vbId\\\":\\\"3003f80aeff942af92c628508bf48011\\\",\\\"sellingId\\\":\\\"3003f80aeff942af92c628508bf48011\\\",\\\"merchantId\\\":\\\"e43cf7756d0b4ba8a4e9046774656ce8\\\",\\\"skuId\\\":\\\"3003f80aeff942af92c628508bf48011\\\",\\\"f\\\":101,\\\"fnId\\\":\\\"fb72b6f9c1e54625a551711f6ee72714\\\",\\\"fnType\\\":\\\"wolverine\\\",\\\"by\\\":\\\"Vibranium\\\",\\\"at\\\":\\\"2019-07-29T05:27:55+00:00\\\",\\\"invUssn\\\":51,\\\"isInf\\\":false}\"}"}
{"id":"8532a9dc66064c70a44719d629ccef75","table":"killmonger_events_table","keyspace":"msku","timestamp":"2019-07-29T05:40:44.608Z","clusteringKeys":["3cbcc7e28aac4f6fb0a8cde4e85483c0","vbIdSellingIdInventoryUpdated/1","1564375555"],"changedColumns":["selling_id","fulfillment_node_id","event_type","update_at","stream_sequence_number","event_data"],"record":"{\"selling_id\":\"8532a9dc66064c70a44719d629ccef75\",\"fulfillment_node_id\":\"3cbcc7e28aac4f6fb0a8cde4e85483c0\",\"event_type\":\"vbIdSellingIdInventoryUpdated/1\",\"update_at\":1564375555,\"stream_sequence_number\":59,\"event_data\":\"{\\\"id\\\":\\\"096c3ff9a8b144b6bd7f46df99963c95\\\",\\\"vbId\\\":\\\"8532a9dc66064c70a44719d629ccef75\\\",\\\"sellingId\\\":\\\"8532a9dc66064c70a44719d629ccef75\\\",\\\"merchantId\\\":\\\"7eaf70709bf149f890dc3a845871dab4\\\",\\\"skuId\\\":\\\"8532a9dc66064c70a44719d629ccef75\\\",\\\"f\\\":559,\\\"fnId\\\":\\\"3cbcc7e28aac4f6fb0a8cde4e85483c0\\\",\\\"fnType\\\":\\\"wolverine\\\",\\\"by\\\":\\\"Vibranium\\\",\\\"at\\\":\\\"2019-07-29T04:45:55+00:00\\\",\\\"invUssn\\\":51,\\\"isInf\\\":false,\\\"ifa\\\":true,\\\"martAvail\\\":[{\\\"martId\\\":\\\"21\\\",\\\"ia\\\":true}],\\\"clt\\\":\\\"JoJ\\\"}\"}"}
{"id":"e37eab7e51314f6e97ef2f4c9ce243be","table":"killmonger_events_table","keyspace":"msku","timestamp":"2019-07-29T05:40:44.608Z","clusteringKeys":["fb72b6f9c1e54625a551711f6ee72714","updateVbIdSellingIdInventorySkipped/1","1564378075"],"changedColumns":["selling_id","fulfillment_node_id","event_type","update_at","stream_sequence_number","event_data"],"record":"{\"selling_id\":\"e37eab7e51314f6e97ef2f4c9ce243be\",\"fulfillment_node_id\":\"fb72b6f9c1e54625a551711f6ee72714\",\"event_type\":\"updateVbIdSellingIdInventorySkipped/1\",\"update_at\":1564378075,\"stream_sequence_number\":42,\"event_data\":\"{\\\"id\\\":\\\"d6b8ba7e4ad44cc88c25cf95a1c7553a\\\",\\\"vbId\\\":\\\"e37eab7e51314f6e97ef2f4c9ce243be\\\",\\\"sellingId\\\":\\\"e37eab7e51314f6e97ef2f4c9ce243be\\\",\\\"merchantId\\\":\\\"e43cf7756d0b4ba8a4e9046774656ce8\\\",\\\"skuId\\\":\\\"e37eab7e51314f6e97ef2f4c9ce243be\\\",\\\"f\\\":130,\\\"fnId\\\":\\\"fb72b6f9c1e54625a551711f6ee72714\\\",\\\"fnType\\\":\\\"wolverine\\\",\\\"by\\\":\\\"Vibranium\\\",\\\"at\\\":\\\"2019-07-29T05:27:55+00:00\\\",\\\"invUssn\\\":48,\\\"isInf\\\":false}\"}"}
{"id":"1ABB132CBBAE4C5189F2E8FEEE567B81","table":"killmonger_events_table","keyspace":"msku","timestamp":"2019-07-29T05:44:36.948Z","clusteringKeys":["77628","vbIdSellingIdInventoryUpdated/1","1564378912"],"changedColumns":["selling_id","fulfillment_node_id","event_type","update_at","stream_sequence_number","event_data"],"record":"{\"selling_id\":\"1ABB132CBBAE4C5189F2E8FEEE567B81\",\"fulfillment_node_id\":\"77628\",\"event_type\":\"vbIdSellingIdInventoryUpdated/1\",\"update_at\":1564378912,\"stream_sequence_number\":138,\"event_data\":\"{\\\"id\\\":\\\"48c85971d3cc4bdb9bea8eb7932bd830\\\",\\\"vbId\\\":\\\"PantherMigrationVbId\\\",\\\"sellingId\\\":\\\"1ABB132CBBAE4C5189F2E8FEEE567B81\\\",\\\"merchantId\\\":\\\"9fc08905039048918982091f266c2a29\\\",\\\"skuId\\\":\\\"PantherMigrationSkuId\\\",\\\"f\\\":0,\\\"fnId\\\":\\\"77628\\\",\\\"by\\\":\\\"Killmonger.Migration.MapInWalmartInvUpdates\\\",\\\"at\\\":\\\"2019-07-29T05:41:52.277+00:00\\\",\\\"invUssn\\\":0,\\\"isInf\\\":false,\\\"ifa\\\":true,\\\"martAvail\\\":[{\\\"martId\\\":\\\"21\\\",\\\"ia\\\":true},{\\\"martId\\\":\\\"0\\\",\\\"ia\\\":true}],\\\"clt\\\":\\\"WoJ\\\"}\"}"}
{"id":"7126153fa4074432b3c4c07493cbf29f","table":"killmonger_events_table","keyspace":"msku","timestamp":"2019-07-29T05:44:36.947Z","clusteringKeys":["3cbcc7e28aac4f6fb0a8cde4e85483c0","vbIdSellingIdInventoryUpdated/1","1564378272"],"changedColumns":["selling_id","fulfillment_node_id","event_type","update_at","stream_sequence_number","event_data"],"record":"{\"selling_id\":\"7126153fa4074432b3c4c07493cbf29f\",\"fulfillment_node_id\":\"3cbcc7e28aac4f6fb0a8cde4e85483c0\",\"event_type\":\"vbIdSellingIdInventoryUpdated/1\",\"update_at\":1564378272,\"stream_sequence_number\":92,\"event_data\":\"{\\\"id\\\":\\\"d81494d23a7740eb85f088b16a232568\\\",\\\"vbId\\\":\\\"7126153fa4074432b3c4c07493cbf29f\\\",\\\"sellingId\\\":\\\"7126153fa4074432b3c4c07493cbf29f\\\",\\\"merchantId\\\":\\\"7eaf70709bf149f890dc3a845871dab4\\\",\\\"skuId\\\":\\\"7126153fa4074432b3c4c07493cbf29f\\\",\\\"f\\\":559,\\\"fnId\\\":\\\"3cbcc7e28aac4f6fb0a8cde4e85483c0\\\",\\\"fnType\\\":\\\"wolverine\\\",\\\"by\\\":\\\"Vibranium\\\",\\\"at\\\":\\\"2019-07-29T05:31:12+00:00\\\",\\\"invUssn\\\":78,\\\"isInf\\\":false,\\\"ifa\\\":true,\\\"martAvail\\\":[{\\\"martId\\\":\\\"21\\\",\\\"ia\\\":true}],\\\"clt\\\":\\\"JoJ\\\"}\"}"}
{"id":"7126153fa4074432b3c4c07493cbf29f","table":"killmonger_events_table","keyspace":"msku","timestamp":"2019-07-29T05:44:36.947Z","clusteringKeys":["3cbcc7e28aac4f6fb0a8cde4e85483c0","updateVbIdSellingIdInventorySkipped/1","1564378272"],"changedColumns":["selling_id","fulfillment_node_id","event_type","update_at","stream_sequence_number","event_data"],"record":"{\"selling_id\":\"7126153fa4074432b3c4c07493cbf29f\",\"fulfillment_node_id\":\"3cbcc7e28aac4f6fb0a8cde4e85483c0\",\"event_type\":\"updateVbIdSellingIdInventorySkipped/1\",\"update_at\":1564378272,\"stream_sequence_number\":93,\"event_data\":\"{\\\"id\\\":\\\"d81494d23a7740eb85f088b16a232568\\\",\\\"vbId\\\":\\\"7126153fa4074432b3c4c07493cbf29f\\\",\\\"sellingId\\\":\\\"7126153fa4074432b3c4c07493cbf29f\\\",\\\"merchantId\\\":\\\"7eaf70709bf149f890dc3a845871dab4\\\",\\\"skuId\\\":\\\"7126153fa4074432b3c4c07493cbf29f\\\",\\\"f\\\":559,\\\"fnId\\\":\\\"3cbcc7e28aac4f6fb0a8cde4e85483c0\\\",\\\"fnType\\\":\\\"wolverine\\\",\\\"by\\\":\\\"Vibranium\\\",\\\"at\\\":\\\"2019-07-29T05:31:12+00:00\\\",\\\"invUssn\\\":78,\\\"isInf\\\":false}\"}"}
{"id":"31853AA6ABF04BA9967C1D723D2DE524","table":"killmonger_events_table","keyspace":"msku","timestamp":"2019-07-29T05:40:44.607Z","clusteringKeys":["10000008385","vbIdSellingIdInventoryUpdated/1","1564378366"],"changedColumns":["selling_id","fulfillment_node_id","event_type","update_at","stream_sequence_number","event_data"],"record":"{\"selling_id\":\"31853AA6ABF04BA9967C1D723D2DE524\",\"fulfillment_node_id\":\"10000008385\",\"event_type\":\"vbIdSellingIdInventoryUpdated/1\",\"update_at\":1564378366,\"stream_sequence_number\":1216,\"event_data\":\"{\\\"id\\\":\\\"5a35ec330d1740a39f780ee5b6258f86\\\",\\\"vbId\\\":\\\"MT118690S9qn0P10-8207\\\",\\\"sellingId\\\":\\\"31853AA6ABF04BA9967C1D723D2DE524\\\",\\\"merchantId\\\":\\\"8207\\\",\\\"skuId\\\":\\\"MT118690S9qn0P10\\\",\\\"f\\\":3,\\\"fnId\\\":\\\"10000008385\\\",\\\"fnType\\\":\\\"MARKETPLACE\\\",\\\"by\\\":\\\"Vibranium\\\",\\\"at\\\":\\\"2019-07-29T05:32:46+00:00\\\",\\\"invUssn\\\":1035,\\\"catUssn\\\":0,\\\"isInf\\\":false,\\\"ifa\\\":true,\\\"martAvail\\\":[{\\\"martId\\\":\\\"0\\\",\\\"ia\\\":true}],\\\"clt\\\":\\\"WoW\\\"}\"}"}
{"id":"3CC41F633664498F982C6B952D7672BD","table":"killmonger_events_table","keyspace":"msku","timestamp":"2019-07-29T05:40:44.607Z","clusteringKeys":["4916","vbIdSellingIdInventoryUpdated/1","1564378909"],"changedColumns":["selling_id","fulfillment_node_id","event_type","update_at","stream_sequence_number","event_data"],"record":"{\"selling_id\":\"3CC41F633664498F982C6B952D7672BD\",\"fulfillment_node_id\":\"4916\",\"event_type\":\"vbIdSellingIdInventoryUpdated/1\",\"update_at\":1564378909,\"stream_sequence_number\":126,\"event_data\":\"{\\\"id\\\":\\\"05452c2194a44129be7e10c3ae9b6781\\\",\\\"vbId\\\":\\\"PantherMigrationVbId\\\",\\\"sellingId\\\":\\\"3CC41F633664498F982C6B952D7672BD\\\",\\\"merchantId\\\":\\\"9fc08905039048918982091f266c2a29\\\",\\\"skuId\\\":\\\"PantherMigrationSkuId\\\",\\\"f\\\":0,\\\"fnId\\\":\\\"4916\\\",\\\"by\\\":\\\"Killmonger.Migration.MapInWalmartInvUpdates\\\",\\\"at\\\":\\\"2019-07-29T05:41:49.365+00:00\\\",\\\"invUssn\\\":0,\\\"isInf\\\":false,\\\"ifa\\\":true,\\\"martAvail\\\":[{\\\"martId\\\":\\\"21\\\",\\\"ia\\\":true},{\\\"martId\\\":\\\"0\\\",\\\"ia\\\":true}],\\\"clt\\\":\\\"WoJ\\\"}\"}"}
{"id":"90449df4788b44f9b3c83daf91900823","table":"killmonger_events_table","keyspace":"msku","timestamp":"2019-07-29T05:45:03.420Z","clusteringKeys":["ec4347f3408848ba9a4f279018d33102","updateVbIdSellingIdInventorySkipped/1","1564375756"],"changedColumns":["selling_id","fulfillment_node_id","event_type","update_at","stream_sequence_number","event_data"],"record":"{\"selling_id\":\"90449df4788b44f9b3c83daf91900823\",\"fulfillment_node_id\":\"ec4347f3408848ba9a4f279018d33102\",\"event_type\":\"updateVbIdSellingIdInventorySkipped/1\",\"update_at\":1564375756,\"stream_sequence_number\":155,\"event_data\":\"{\\\"id\\\":\\\"33e2143e41be4599870e6c4d96a976fa\\\",\\\"vbId\\\":\\\"90449df4788b44f9b3c83daf91900823\\\",\\\"sellingId\\\":\\\"90449df4788b44f9b3c83daf91900823\\\",\\\"merchantId\\\":\\\"8eb6a0b431eb4b7eab4e98d158b1c660\\\",\\\"skuId\\\":\\\"90449df4788b44f9b3c83daf91900823\\\",\\\"f\\\":1,\\\"fnId\\\":\\\"ec4347f3408848ba9a4f279018d33102\\\",\\\"fnType\\\":\\\"wolverine\\\",\\\"by\\\":\\\"Vibranium\\\",\\\"at\\\":\\\"2019-07-29T04:49:16+00:00\\\",\\\"invUssn\\\":133,\\\"isInf\\\":false}\"}"}
{"id":"CB9A707DDD724B21899298AE602FACBE","table":"killmonger_events_table","keyspace":"msku","timestamp":"2019-07-29T05:45:03.419Z","clusteringKeys":["3559","vbIdSellingIdInventoryUpdated/1","1564376136"],"changedColumns":["selling_id","fulfillment_node_id","event_type","update_at","stream_sequence_number","event_data"],"record":"{\"selling_id\":\"CB9A707DDD724B21899298AE602FACBE\",\"fulfillment_node_id\":\"3559\",\"event_type\":\"vbIdSellingIdInventoryUpdated/1\",\"update_at\":1564376136,\"stream_sequence_number\":121,\"event_data\":\"{\\\"id\\\":\\\"01817a78416e4f1ca0f60959a312931c\\\",\\\"vbId\\\":\\\"PantherMigrationVbId\\\",\\\"sellingId\\\":\\\"CB9A707DDD724B21899298AE602FACBE\\\",\\\"merchantId\\\":\\\"9fc08905039048918982091f266c2a29\\\",\\\"skuId\\\":\\\"PantherMigrationSkuId\\\",\\\"f\\\":0,\\\"fnId\\\":\\\"3559\\\",\\\"by\\\":\\\"Killmonger.Migration.MapInWalmartInvUpdates\\\",\\\"at\\\":\\\"2019-07-29T04:55:36.221+00:00\\\",\\\"invUssn\\\":0,\\\"isInf\\\":false,\\\"ifa\\\":true,\\\"martAvail\\\":[{\\\"martId\\\":\\\"21\\\",\\\"ia\\\":true},{\\\"martId\\\":\\\"0\\\",\\\"ia\\\":true}],\\\"clt\\\":\\\"WoJ\\\"}\"}"}
{"id":"b70efde161f94e39a1c2b26102a4507e","table":"killmonger_events_table","keyspace":"msku","timestamp":"2019-07-29T05:45:03.420Z","clusteringKeys":["fb72b6f9c1e54625a551711f6ee72714","updateVbIdSellingIdInventorySkipped/1","1564375727"],"changedColumns":["selling_id","fulfillment_node_id","event_type","update_at","stream_sequence_number","event_data"],"record":"{\"selling_id\":\"b70efde161f94e39a1c2b26102a4507e\",\"fulfillment_node_id\":\"fb72b6f9c1e54625a551711f6ee72714\",\"event_type\":\"updateVbIdSellingIdInventorySkipped/1\",\"update_at\":1564375727,\"stream_sequence_number\":40,\"event_data\":\"{\\\"id\\\":\\\"25798957eaed40cd9d05396b98f41fc6\\\",\\\"vbId\\\":\\\"b70efde161f94e39a1c2b26102a4507e\\\",\\\"sellingId\\\":\\\"b70efde161f94e39a1c2b26102a4507e\\\",\\\"merchantId\\\":\\\"e43cf7756d0b4ba8a4e9046774656ce8\\\",\\\"skuId\\\":\\\"b70efde161f94e39a1c2b26102a4507e\\\",\\\"f\\\":84,\\\"fnId\\\":\\\"fb72b6f9c1e54625a551711f6ee72714\\\",\\\"fnType\\\":\\\"wolverine\\\",\\\"by\\\":\\\"Vibranium\\\",\\\"at\\\":\\\"2019-07-29T04:48:47+00:00\\\",\\\"invUssn\\\":50,\\\"isInf\\\":false}\"}"}
{"id":"4F93C368950D42F49E25A51D958B579E","table":"killmonger_events_table","keyspace":"msku","timestamp":"2019-07-29T05:40:44.607Z","clusteringKeys":["8089","vbIdSellingIdInventoryUpdated/1","1564378913"],"changedColumns":["selling_id","fulfillment_node_id","event_type","update_at","stream_sequence_number","event_data"],"record":"{\"selling_id\":\"4F93C368950D42F49E25A51D958B579E\",\"fulfillment_node_id\":\"8089\",\"event_type\":\"vbIdSellingIdInventoryUpdated/1\",\"update_at\":1564378913,\"stream_sequence_number\":137,\"event_data\":\"{\\\"id\\\":\\\"ca5bc50123274b60965429b1bb88676f\\\",\\\"vbId\\\":\\\"PantherMigrationVbId\\\",\\\"sellingId\\\":\\\"4F93C368950D42F49E25A51D958B579E\\\",\\\"merchantId\\\":\\\"9fc08905039048918982091f266c2a29\\\",\\\"skuId\\\":\\\"PantherMigrationSkuId\\\",\\\"f\\\":0,\\\"fnId\\\":\\\"8089\\\",\\\"by\\\":\\\"Killmonger.Migration.MapInWalmartInvUpdates\\\",\\\"at\\\":\\\"2019-07-29T05:41:53.051+00:00\\\",\\\"invUssn\\\":0,\\\"isInf\\\":false,\\\"ifa\\\":true,\\\"martAvail\\\":[{\\\"martId\\\":\\\"21\\\",\\\"ia\\\":true},{\\\"martId\\\":\\\"0\\\",\\\"ia\\\":true}],\\\"clt\\\":\\\"WoJ\\\"}\"}"}
{"id":"4F93C368950D42F49E25A51D958B579E","table":"killmonger_events_table","keyspace":"msku","timestamp":"2019-07-29T05:40:44.607Z","clusteringKeys":["8089","vbIdSellingIdInventoryUpdated/1","1564378913"],"changedColumns":["selling_id","fulfillment_node_id","event_type","update_at","stream_sequence_number","event_data"],"record":"{\"selling_id\":\"4F93C368950D42F49E25A51D958B579E\",\"fulfillment_node_id\":\"8089\",\"event_type\":\"vbIdSellingIdInventoryUpdated/1\",\"update_at\":1564378913,\"stream_sequence_number\":138,\"event_data\":\"{\\\"id\\\":\\\"ca5bc50123274b60965429b1bb88676f\\\",\\\"vbId\\\":\\\"PantherMigrationVbId\\\",\\\"sellingId\\\":\\\"4F93C368950D42F49E25A51D958B579E\\\",\\\"merchantId\\\":\\\"9fc08905039048918982091f266c2a29\\\",\\\"skuId\\\":\\\"PantherMigrationSkuId\\\",\\\"f\\\":0,\\\"fnId\\\":\\\"8089\\\",\\\"by\\\":\\\"Killmonger.Migration.MapInWalmartInvUpdates\\\",\\\"at\\\":\\\"2019-07-29T05:41:53.051+00:00\\\",\\\"invUssn\\\":0,\\\"isInf\\\":false,\\\"ifa\\\":true,\\\"martAvail\\\":[{\\\"martId\\\":\\\"21\\\",\\\"ia\\\":true},{\\\"martId\\\":\\\"0\\\",\\\"ia\\\":true}],\\\"clt\\\":\\\"WoJ\\\"}\"}"}
{"id":"1C4E121DEB6B459AB9D993257199BE33","table":"killmonger_events_table","keyspace":"msku","timestamp":"2019-07-29T05:45:02.369Z","clusteringKeys":["2698","vbIdSellingIdInventoryUpdated/1","1564375734"],"changedColumns":["selling_id","fulfillment_node_id","event_type","update_at","stream_sequence_number","event_data"],"record":"{\"selling_id\":\"1C4E121DEB6B459AB9D993257199BE33\",\"fulfillment_node_id\":\"2698\",\"event_type\":\"vbIdSellingIdInventoryUpdated/1\",\"update_at\":1564375734,\"stream_sequence_number\":100,\"event_data\":\"{\\\"id\\\":\\\"58e7d5f7f78b4ce8bfb3a5f78d7c1619\\\",\\\"vbId\\\":\\\"PantherMigrationVbId\\\",\\\"sellingId\\\":\\\"1C4E121DEB6B459AB9D993257199BE33\\\",\\\"merchantId\\\":\\\"9fc08905039048918982091f266c2a29\\\",\\\"skuId\\\":\\\"PantherMigrationSkuId\\\",\\\"f\\\":0,\\\"fnId\\\":\\\"2698\\\",\\\"by\\\":\\\"Killmonger.Migration.MapInWalmartInvUpdates\\\",\\\"at\\\":\\\"2019-07-29T04:48:54.393+00:00\\\",\\\"invUssn\\\":0,\\\"isInf\\\":false,\\\"ifa\\\":true,\\\"martAvail\\\":[{\\\"martId\\\":\\\"21\\\",\\\"ia\\\":true},{\\\"martId\\\":\\\"0\\\",\\\"ia\\\":true}],\\\"clt\\\":\\\"WoJ\\\"}\"}"}
{"id":"135212c7318045528af3b6c81b29f5d1","table":"killmonger_events_table","keyspace":"msku","timestamp":"2019-07-29T05:40:44.608Z","clusteringKeys":["fb72b6f9c1e54625a551711f6ee72714","updateVbIdSellingIdInventorySkipped/1","1564375344"],"changedColumns":["selling_id","fulfillment_node_id","event_type","update_at","stream_sequence_number","event_data"],"record":"{\"selling_id\":\"135212c7318045528af3b6c81b29f5d1\",\"fulfillment_node_id\":\"fb72b6f9c1e54625a551711f6ee72714\",\"event_type\":\"updateVbIdSellingIdInventorySkipped/1\",\"update_at\":1564375344,\"stream_sequence_number\":74,\"event_data\":\"{\\\"id\\\":\\\"7f03cb0d114d41889883365c0a0f4149\\\",\\\"vbId\\\":\\\"135212c7318045528af3b6c81b29f5d1\\\",\\\"sellingId\\\":\\\"135212c7318045528af3b6c81b29f5d1\\\",\\\"merchantId\\\":\\\"e43cf7756d0b4ba8a4e9046774656ce8\\\",\\\"skuId\\\":\\\"135212c7318045528af3b6c81b29f5d1\\\",\\\"f\\\":87,\\\"fnId\\\":\\\"fb72b6f9c1e54625a551711f6ee72714\\\",\\\"fnType\\\":\\\"wolverine\\\",\\\"by\\\":\\\"Vibranium\\\",\\\"at\\\":\\\"2019-07-29T04:42:24+00:00\\\",\\\"invUssn\\\":51,\\\"isInf\\\":false}\"}"}
{"id":"F24FE04747854715B6514571D6818CAD","table":"killmonger_events_table","keyspace":"msku","timestamp":"2019-07-29T05:45:03.419Z","clusteringKeys":["10000010403","vbIdSellingIdInventoryUpdated/1","1564378232"],"changedColumns":["selling_id","fulfillment_node_id","event_type","update_at","stream_sequence_number","event_data"],"record":"{\"selling_id\":\"F24FE04747854715B6514571D6818CAD\",\"fulfillment_node_id\":\"10000010403\",\"event_type\":\"vbIdSellingIdInventoryUpdated/1\",\"update_at\":1564378232,\"stream_sequence_number\":15980,\"event_data\":\"{\\\"id\\\":\\\"2fddff0906fc4943bf38a31b2a9c2aa7\\\",\\\"vbId\\\":\\\"4325-AM-10052\\\",\\\"sellingId\\\":\\\"F24FE04747854715B6514571D6818CAD\\\",\\\"merchantId\\\":\\\"10052\\\",\\\"skuId\\\":\\\"4325-AM\\\",\\\"f\\\":10000,\\\"fnId\\\":\\\"10000010403\\\",\\\"fnType\\\":\\\"MARKETPLACE\\\",\\\"by\\\":\\\"Vibranium\\\",\\\"at\\\":\\\"2019-07-29T05:30:32+00:00\\\",\\\"invUssn\\\":13753,\\\"catUssn\\\":0,\\\"isInf\\\":false,\\\"ifa\\\":true,\\\"martAvail\\\":[{\\\"martId\\\":\\\"0\\\",\\\"ia\\\":true}],\\\"clt\\\":\\\"WoW\\\"}\"}"}
{"id":"F24FE04747854715B6514571D6818CAD","table":"killmonger_events_table","keyspace":"msku","timestamp":"2019-07-29T05:45:03.419Z","clusteringKeys":["10000010403","updateVbIdSellingIdInventorySkipped/1","1564378232"],"changedColumns":["selling_id","fulfillment_node_id","event_type","update_at","stream_sequence_number","event_data"],"record":"{\"selling_id\":\"F24FE04747854715B6514571D6818CAD\",\"fulfillment_node_id\":\"10000010403\",\"event_type\":\"updateVbIdSellingIdInventorySkipped/1\",\"update_at\":1564378232,\"stream_sequence_number\":15981,\"event_data\":\"{\\\"id\\\":\\\"2fddff0906fc4943bf38a31b2a9c2aa7\\\",\\\"vbId\\\":\\\"4325-AM-10052\\\",\\\"sellingId\\\":\\\"F24FE04747854715B6514571D6818CAD\\\",\\\"merchantId\\\":\\\"10052\\\",\\\"skuId\\\":\\\"4325-AM\\\",\\\"f\\\":10000,\\\"fnId\\\":\\\"10000010403\\\",\\\"fnType\\\":\\\"MARKETPLACE\\\",\\\"by\\\":\\\"Vibranium\\\",\\\"at\\\":\\\"2019-07-29T05:30:32+00:00\\\",\\\"invUssn\\\":13753,\\\"catUssn\\\":0,\\\"isInf\\\":false}\"}"}
{"id":"07E75869D2EE40DAA55888851387B741","table":"killmonger_events_table","keyspace":"msku","timestamp":"2019-07-29T05:45:03.419Z","clusteringKeys":["10000013054","vbIdSellingIdInventoryUpdated/1","1564378243"],"changedColumns":["selling_id","fulfillment_node_id","event_type","update_at","stream_sequence_number","event_data"],"record":"{\"selling_id\":\"07E75869D2EE40DAA55888851387B741\",\"fulfillment_node_id\":\"10000013054\",\"event_type\":\"vbIdSellingIdInventoryUpdated/1\",\"update_at\":1564378243,\"stream_sequence_number\":1995,\"event_data\":\"{\\\"id\\\":\\\"fa1a38a062054840b0c21f3b5d2da9aa\\\",\\\"vbId\\\":\\\"VLC003-Black-XL-12627\\\",\\\"sellingId\\\":\\\"07E75869D2EE40DAA55888851387B741\\\",\\\"merchantId\\\":\\\"12627\\\",\\\"skuId\\\":\\\"VLC003-Black-XL\\\",\\\"f\\\":14,\\\"fnId\\\":\\\"10000013054\\\",\\\"fnType\\\":\\\"MARKETPLACE\\\",\\\"by\\\":\\\"Vibranium\\\",\\\"at\\\":\\\"2019-07-29T05:30:43+00:00\\\",\\\"invUssn\\\":1743,\\\"catUssn\\\":0,\\\"isInf\\\":false,\\\"ifa\\\":true,\\\"martAvail\\\":[{\\\"martId\\\":\\\"0\\\",\\\"ia\\\":true}],\\\"clt\\\":\\\"WoW\\\"}\"}"}
{"id":"f4d49720375c412dbfea8bfb1c03cbbc","table":"killmonger_events_table","keyspace":"msku","timestamp":"2019-07-29T05:44:36.947Z","clusteringKeys":["7d029b0996bd4f16bbd74454bab3ab2e","vbIdSellingIdInventoryUpdated/1","1564378274"],"changedColumns":["selling_id","fulfillment_node_id","event_type","update_at","stream_sequence_number","event_data"],"record":"{\"selling_id\":\"f4d49720375c412dbfea8bfb1c03cbbc\",\"fulfillment_node_id\":\"7d029b0996bd4f16bbd74454bab3ab2e\",\"event_type\":\"vbIdSellingIdInventoryUpdated/1\",\"update_at\":1564378274,\"stream_sequence_number\":45,\"event_data\":\"{\\\"id\\\":\\\"e502f7a8c4484570be9a25a6a0d3d1c8\\\",\\\"vbId\\\":\\\"f4d49720375c412dbfea8bfb1c03cbbc\\\",\\\"sellingId\\\":\\\"f4d49720375c412dbfea8bfb1c03cbbc\\\",\\\"merchantId\\\":\\\"e43cf7756d0b4ba8a4e9046774656ce8\\\",\\\"skuId\\\":\\\"f4d49720375c412dbfea8bfb1c03cbbc\\\",\\\"f\\\":116,\\\"fnId\\\":\\\"7d029b0996bd4f16bbd74454bab3ab2e\\\",\\\"fnType\\\":\\\"wolverine\\\",\\\"by\\\":\\\"Vibranium\\\",\\\"at\\\":\\\"2019-07-29T05:31:14+00:00\\\",\\\"invUssn\\\":54,\\\"isInf\\\":false,\\\"ifa\\\":true,\\\"martAvail\\\":[{\\\"martId\\\":\\\"21\\\",\\\"ia\\\":true}],\\\"clt\\\":\\\"JoJ\\\"}\"}"}
{"id":"011cf685f42b489e8ed5093fe004492d","table":"killmonger_events_table","keyspace":"msku","timestamp":"2019-07-29T05:44:36.947Z","clusteringKeys":["f3d4b8ceabb74b178a7d2120deff996d","updateVbIdSellingIdInventorySkipped/1","1564378200"],"changedColumns":["selling_id","fulfillment_node_id","event_type","update_at","stream_sequence_number","event_data"],"record":"{\"selling_id\":\"011cf685f42b489e8ed5093fe004492d\",\"fulfillment_node_id\":\"f3d4b8ceabb74b178a7d2120deff996d\",\"event_type\":\"updateVbIdSellingIdInventorySkipped/1\",\"update_at\":1564378200,\"stream_sequence_number\":231,\"event_data\":\"{\\\"id\\\":\\\"8a5cc079f25941c19c037a97025e70ad\\\",\\\"vbId\\\":\\\"011cf685f42b489e8ed5093fe004492d\\\",\\\"sellingId\\\":\\\"011cf685f42b489e8ed5093fe004492d\\\",\\\"merchantId\\\":\\\"1b52e9263d164760a27ad9f07fec8abb\\\",\\\"skuId\\\":\\\"011cf685f42b489e8ed5093fe004492d\\\",\\\"f\\\":5,\\\"fnId\\\":\\\"f3d4b8ceabb74b178a7d2120deff996d\\\",\\\"fnType\\\":\\\"wolverine\\\",\\\"by\\\":\\\"Vibranium\\\",\\\"at\\\":\\\"2019-07-29T05:30:00+00:00\\\",\\\"invUssn\\\":254,\\\"isInf\\\":false}\"}"}
{"id":"cf5f466af0a048c19fdcead2f2cd1de2","table":"killmonger_events_table","keyspace":"msku","timestamp":"2019-07-29T05:45:02.365Z","clusteringKeys":["fb72b6f9c1e54625a551711f6ee72714","vbIdSellingIdInventoryUpdated/1","1564377874"],"changedColumns":["selling_id","fulfillment_node_id","event_type","update_at","stream_sequence_number","event_data"],"record":"{\"selling_id\":\"cf5f466af0a048c19fdcead2f2cd1de2\",\"fulfillment_node_id\":\"fb72b6f9c1e54625a551711f6ee72714\",\"event_type\":\"vbIdSellingIdInventoryUpdated/1\",\"update_at\":1564377874,\"stream_sequence_number\":42,\"event_data\":\"{\\\"id\\\":\\\"c0b08bab6a904528a1658d0aedccb522\\\",\\\"vbId\\\":\\\"cf5f466af0a048c19fdcead2f2cd1de2\\\",\\\"sellingId\\\":\\\"cf5f466af0a048c19fdcead2f2cd1de2\\\",\\\"merchantId\\\":\\\"e43cf7756d0b4ba8a4e9046774656ce8\\\",\\\"skuId\\\":\\\"cf5f466af0a048c19fdcead2f2cd1de2\\\",\\\"f\\\":85,\\\"fnId\\\":\\\"fb72b6f9c1e54625a551711f6ee72714\\\",\\\"fnType\\\":\\\"wolverine\\\",\\\"by\\\":\\\"Vibranium\\\",\\\"at\\\":\\\"2019-07-29T05:24:34+00:00\\\",\\\"invUssn\\\":47,\\\"isInf\\\":false,\\\"ifa\\\":true,\\\"martAvail\\\":[{\\\"martId\\\":\\\"21\\\",\\\"ia\\\":true}],\\\"clt\\\":\\\"JoJ\\\"}\"}"}
{"id":"d780fa4d94a0462185ab9d9ab326518a","table":"killmonger_events_table","keyspace":"msku","timestamp":"2019-07-29T05:45:02.366Z","clusteringKeys":["fb72b6f9c1e54625a551711f6ee72714","updateVbIdSellingIdInventorySkipped/1","1564375160"],"changedColumns":["selling_id","fulfillment_node_id","event_type","update_at","stream_sequence_number","event_data"],"record":"{\"selling_id\":\"d780fa4d94a0462185ab9d9ab326518a\",\"fulfillment_node_id\":\"fb72b6f9c1e54625a551711f6ee72714\",\"event_type\":\"updateVbIdSellingIdInventorySkipped/1\",\"update_at\":1564375160,\"stream_sequence_number\":42,\"event_data\":\"{\\\"id\\\":\\\"3406040743b345cbad0e599022964d28\\\",\\\"vbId\\\":\\\"d780fa4d94a0462185ab9d9ab326518a\\\",\\\"sellingId\\\":\\\"d780fa4d94a0462185ab9d9ab326518a\\\",\\\"merchantId\\\":\\\"e43cf7756d0b4ba8a4e9046774656ce8\\\",\\\"skuId\\\":\\\"d780fa4d94a0462185ab9d9ab326518a\\\",\\\"f\\\":69,\\\"fnId\\\":\\\"fb72b6f9c1e54625a551711f6ee72714\\\",\\\"fnType\\\":\\\"wolverine\\\",\\\"by\\\":\\\"Vibranium\\\",\\\"at\\\":\\\"2019-07-29T04:39:20+00:00\\\",\\\"invUssn\\\":49,\\\"isInf\\\":false}\"}"}
{"id":"e9bbe5d26ccd486288386288aa3cb3c0","table":"killmonger_events_table","keyspace":"msku","timestamp":"2019-07-29T05:44:36.948Z","clusteringKeys":["7d029b0996bd4f16bbd74454bab3ab2e","vbIdSellingIdInventoryUpdated/1","1564378274"],"changedColumns":["selling_id","fulfillment_node_id","event_type","update_at","stream_sequence_number","event_data"],"record":"{\"selling_id\":\"e9bbe5d26ccd486288386288aa3cb3c0\",\"fulfillment_node_id\":\"7d029b0996bd4f16bbd74454bab3ab2e\",\"event_type\":\"vbIdSellingIdInventoryUpdated/1\",\"update_at\":1564378274,\"stream_sequence_number\":41,\"event_data\":\"{\\\"id\\\":\\\"de2b49cc3e864a6ba288f6cdfeae8eb0\\\",\\\"vbId\\\":\\\"e9bbe5d26ccd486288386288aa3cb3c0\\\",\\\"sellingId\\\":\\\"e9bbe5d26ccd486288386288aa3cb3c0\\\",\\\"merchantId\\\":\\\"e43cf7756d0b4ba8a4e9046774656ce8\\\",\\\"skuId\\\":\\\"e9bbe5d26ccd486288386288aa3cb3c0\\\",\\\"f\\\":81,\\\"fnId\\\":\\\"7d029b0996bd4f16bbd74454bab3ab2e\\\",\\\"fnType\\\":\\\"wolverine\\\",\\\"by\\\":\\\"Vibranium\\\",\\\"at\\\":\\\"2019-07-29T05:31:14+00:00\\\",\\\"invUssn\\\":50,\\\"isInf\\\":false,\\\"ifa\\\":true,\\\"martAvail\\\":[{\\\"martId\\\":\\\"21\\\",\\\"ia\\\":true}],\\\"clt\\\":\\\"JoJ\\\"}\"}"}
{"id":"a6bc9c8a562d44bd8922f19df97251f3","table":"killmonger_events_table","keyspace":"msku","timestamp":"2019-07-29T05:44:36.948Z","clusteringKeys":["0a633d9fe80f4a45b6fdf372a649be0c","vbIdSellingIdInventoryUpdated/1","1564378274"],"changedColumns":["selling_id","fulfillment_node_id","event_type","update_at","stream_sequence_number","event_data"],"record":"{\"selling_id\":\"a6bc9c8a562d44bd8922f19df97251f3\",\"fulfillment_node_id\":\"0a633d9fe80f4a45b6fdf372a649be0c\",\"event_type\":\"vbIdSellingIdInventoryUpdated/1\",\"update_at\":1564378274,\"stream_sequence_number\":42,\"event_data\":\"{\\\"id\\\":\\\"e011b391c10247b59d92714ab8e0120f\\\",\\\"vbId\\\":\\\"a6bc9c8a562d44bd8922f19df97251f3\\\",\\\"sellingId\\\":\\\"a6bc9c8a562d44bd8922f19df97251f3\\\",\\\"merchantId\\\":\\\"e43cf7756d0b4ba8a4e9046774656ce8\\\",\\\"skuId\\\":\\\"a6bc9c8a562d44bd8922f19df97251f3\\\",\\\"f\\\":77,\\\"fnId\\\":\\\"0a633d9fe80f4a45b6fdf372a649be0c\\\",\\\"fnType\\\":\\\"wolverine\\\",\\\"by\\\":\\\"Vibranium\\\",\\\"at\\\":\\\"2019-07-29T05:31:14+00:00\\\",\\\"invUssn\\\":51,\\\"isInf\\\":false,\\\"ifa\\\":true,\\\"martAvail\\\":[{\\\"martId\\\":\\\"21\\\",\\\"ia\\\":true}],\\\"clt\\\":\\\"JoJ\\\"}\"}"}
{"id":"0593623578404f968f1fa658acfe8f06","table":"killmonger_events_table","keyspace":"msku","timestamp":"2019-07-29T05:44:36.948Z","clusteringKeys":["fb72b6f9c1e54625a551711f6ee72714","vbIdSellingIdInventoryUpdated/1","1564378274"],"changedColumns":["selling_id","fulfillment_node_id","event_type","update_at","stream_sequence_number","event_data"],"record":"{\"selling_id\":\"0593623578404f968f1fa658acfe8f06\",\"fulfillment_node_id\":\"fb72b6f9c1e54625a551711f6ee72714\",\"event_type\":\"vbIdSellingIdInventoryUpdated/1\",\"update_at\":1564378274,\"stream_sequence_number\":43,\"event_data\":\"{\\\"id\\\":\\\"48719f66c3d6433186fc5ea04c83f08e\\\",\\\"vbId\\\":\\\"0593623578404f968f1fa658acfe8f06\\\",\\\"sellingId\\\":\\\"0593623578404f968f1fa658acfe8f06\\\",\\\"merchantId\\\":\\\"e43cf7756d0b4ba8a4e9046774656ce8\\\",\\\"skuId\\\":\\\"0593623578404f968f1fa658acfe8f06\\\",\\\"f\\\":100,\\\"fnId\\\":\\\"fb72b6f9c1e54625a551711f6ee72714\\\",\\\"fnType\\\":\\\"wolverine\\\",\\\"by\\\":\\\"Vibranium\\\",\\\"at\\\":\\\"2019-07-29T05:31:14+00:00\\\",\\\"invUssn\\\":48,\\\"isInf\\\":false,\\\"ifa\\\":true,\\\"martAvail\\\":[{\\\"martId\\\":\\\"21\\\",\\\"ia\\\":true}],\\\"clt\\\":\\\"JoJ\\\"}\"}"}
{"id":"7DD0FAB4C9274CF2B3E7B9F39E245823","table":"killmonger_events_table","keyspace":"msku","timestamp":"2019-07-29T05:44:36.948Z","clusteringKeys":["6559","vbIdSellingIdInventoryUpdated/1","1564378911"],"changedColumns":["selling_id","fulfillment_node_id","event_type","update_at","stream_sequence_number","event_data"],"record":"{\"selling_id\":\"7DD0FAB4C9274CF2B3E7B9F39E245823\",\"fulfillment_node_id\":\"6559\",\"event_type\":\"vbIdSellingIdInventoryUpdated/1\",\"update_at\":1564378911,\"stream_sequence_number\":128,\"event_data\":\"{\\\"id\\\":\\\"d6ab579b67d943a7bf0f56582c822cd3\\\",\\\"vbId\\\":\\\"PantherMigrationVbId\\\",\\\"sellingId\\\":\\\"7DD0FAB4C9274CF2B3E7B9F39E245823\\\",\\\"merchantId\\\":\\\"9fc08905039048918982091f266c2a29\\\",\\\"skuId\\\":\\\"PantherMigrationSkuId\\\",\\\"f\\\":0,\\\"fnId\\\":\\\"6559\\\",\\\"by\\\":\\\"Killmonger.Migration.MapInWalmartInvUpdates\\\",\\\"at\\\":\\\"2019-07-29T05:41:51.239+00:00\\\",\\\"invUssn\\\":0,\\\"isInf\\\":false,\\\"ifa\\\":true,\\\"martAvail\\\":[{\\\"martId\\\":\\\"21\\\",\\\"ia\\\":true},{\\\"martId\\\":\\\"0\\\",\\\"ia\\\":true}],\\\"clt\\\":\\\"WoJ\\\"}\"}"}
{"id":"4F9C1B5EA823422FB7FF662016CB8E29","table":"killmonger_events_table","keyspace":"msku","timestamp":"2019-07-29T05:40:44.607Z","clusteringKeys":["2698","vbIdSellingIdInventoryUpdated/1","1564378910"],"changedColumns":["selling_id","fulfillment_node_id","event_type","update_at","stream_sequence_number","event_data"],"record":"{\"selling_id\":\"4F9C1B5EA823422FB7FF662016CB8E29\",\"fulfillment_node_id\":\"2698\",\"event_type\":\"vbIdSellingIdInventoryUpdated/1\",\"update_at\":1564378910,\"stream_sequence_number\":92,\"event_data\":\"{\\\"id\\\":\\\"3729b232512f4ff3b096bd63e96f7587\\\",\\\"vbId\\\":\\\"PantherMigrationVbId\\\",\\\"sellingId\\\":\\\"4F9C1B5EA823422FB7FF662016CB8E29\\\",\\\"merchantId\\\":\\\"9fc08905039048918982091f266c2a29\\\",\\\"skuId\\\":\\\"PantherMigrationSkuId\\\",\\\"f\\\":0,\\\"fnId\\\":\\\"2698\\\",\\\"by\\\":\\\"Killmonger.Migration.MapInWalmartInvUpdates\\\",\\\"at\\\":\\\"2019-07-29T05:41:50.722+00:00\\\",\\\"invUssn\\\":0,\\\"isInf\\\":false,\\\"ifa\\\":true,\\\"martAvail\\\":[{\\\"martId\\\":\\\"21\\\",\\\"ia\\\":true},{\\\"martId\\\":\\\"0\\\",\\\"ia\\\":true}],\\\"clt\\\":\\\"WoJ\\\"}\"}"}
{"id":"d780fa4d94a0462185ab9d9ab326518a","table":"killmonger_events_table","keyspace":"msku","timestamp":"2019-07-29T05:45:02.368Z","clusteringKeys":["fb72b6f9c1e54625a551711f6ee72714","updateVbIdSellingIdInventorySkipped/1","1564375160"],"changedColumns":["selling_id","fulfillment_node_id","event_type","update_at","stream_sequence_number","event_data"],"record":"{\"selling_id\":\"d780fa4d94a0462185ab9d9ab326518a\",\"fulfillment_node_id\":\"fb72b6f9c1e54625a551711f6ee72714\",\"event_type\":\"updateVbIdSellingIdInventorySkipped/1\",\"update_at\":1564375160,\"stream_sequence_number\":43,\"event_data\":\"{\\\"id\\\":\\\"c23eaaaa6b8e4295b547f73e3af28e4e\\\",\\\"vbId\\\":\\\"d780fa4d94a0462185ab9d9ab326518a\\\",\\\"sellingId\\\":\\\"d780fa4d94a0462185ab9d9ab326518a\\\",\\\"merchantId\\\":\\\"e43cf7756d0b4ba8a4e9046774656ce8\\\",\\\"skuId\\\":\\\"d780fa4d94a0462185ab9d9ab326518a\\\",\\\"f\\\":69,\\\"fnId\\\":\\\"fb72b6f9c1e54625a551711f6ee72714\\\",\\\"fnType\\\":\\\"wolverine\\\",\\\"by\\\":\\\"Vibranium\\\",\\\"at\\\":\\\"2019-07-29T04:39:20+00:00\\\",\\\"invUssn\\\":49,\\\"isInf\\\":false}\"}"}
{"id":"23406ac342264f29aa6a345a31a1c91f","table":"killmonger_events_table","keyspace":"msku","timestamp":"2019-07-29T05:44:36.947Z","clusteringKeys":["6ccbd76c487c42e5b65dd274f51b72ea","updateVbIdSellingIdInventorySkipped/1","1564378274"],"changedColumns":["selling_id","fulfillment_node_id","event_type","update_at","stream_sequence_number","event_data"],"record":"{\"selling_id\":\"23406ac342264f29aa6a345a31a1c91f\",\"fulfillment_node_id\":\"6ccbd76c487c42e5b65dd274f51b72ea\",\"event_type\":\"updateVbIdSellingIdInventorySkipped/1\",\"update_at\":1564378274,\"stream_sequence_number\":44,\"event_data\":\"{\\\"id\\\":\\\"041c3397cd654e5cbcc8c8464df4b679\\\",\\\"vbId\\\":\\\"23406ac342264f29aa6a345a31a1c91f\\\",\\\"sellingId\\\":\\\"23406ac342264f29aa6a345a31a1c91f\\\",\\\"merchantId\\\":\\\"e43cf7756d0b4ba8a4e9046774656ce8\\\",\\\"skuId\\\":\\\"23406ac342264f29aa6a345a31a1c91f\\\",\\\"f\\\":83,\\\"fnId\\\":\\\"6ccbd76c487c42e5b65dd274f51b72ea\\\",\\\"fnType\\\":\\\"wolverine\\\",\\\"by\\\":\\\"Vibranium\\\",\\\"at\\\":\\\"2019-07-29T05:31:14+00:00\\\",\\\"invUssn\\\":52,\\\"isInf\\\":false}\"}"}
{"id":"23406ac342264f29aa6a345a31a1c91f","table":"killmonger_events_table","keyspace":"msku","timestamp":"2019-07-29T05:44:36.947Z","clusteringKeys":["6ccbd76c487c42e5b65dd274f51b72ea","updateVbIdSellingIdInventorySkipped/1","1564378274"],"changedColumns":["selling_id","fulfillment_node_id","event_type","update_at","stream_sequence_number","event_data"],"record":"{\"selling_id\":\"23406ac342264f29aa6a345a31a1c91f\",\"fulfillment_node_id\":\"6ccbd76c487c42e5b65dd274f51b72ea\",\"event_type\":\"updateVbIdSellingIdInventorySkipped/1\",\"update_at\":1564378274,\"stream_sequence_number\":45,\"event_data\":\"{\\\"id\\\":\\\"041c3397cd654e5cbcc8c8464df4b679\\\",\\\"vbId\\\":\\\"23406ac342264f29aa6a345a31a1c91f\\\",\\\"sellingId\\\":\\\"23406ac342264f29aa6a345a31a1c91f\\\",\\\"merchantId\\\":\\\"e43cf7756d0b4ba8a4e9046774656ce8\\\",\\\"skuId\\\":\\\"23406ac342264f29aa6a345a31a1c91f\\\",\\\"f\\\":83,\\\"fnId\\\":\\\"6ccbd76c487c42e5b65dd274f51b72ea\\\",\\\"fnType\\\":\\\"wolverine\\\",\\\"by\\\":\\\"Vibranium\\\",\\\"at\\\":\\\"2019-07-29T05:31:14+00:00\\\",\\\"invUssn\\\":52,\\\"isInf\\\":false}\"}"}
{"id":"cf92fcd27111485ab09bfe0197a9300b","table":"killmonger_events_table","keyspace":"msku","timestamp":"2019-07-29T05:40:44.614Z","clusteringKeys":["fb72b6f9c1e54625a551711f6ee72714","updateVbIdSellingIdInventorySkipped/1","1564378479"],"changedColumns":["selling_id","fulfillment_node_id","event_type","update_at","stream_sequence_number","event_data"],"record":"{\"selling_id\":\"cf92fcd27111485ab09bfe0197a9300b\",\"fulfillment_node_id\":\"fb72b6f9c1e54625a551711f6ee72714\",\"event_type\":\"updateVbIdSellingIdInventorySkipped/1\",\"update_at\":1564378479,\"stream_sequence_number\":50,\"event_data\":\"{\\\"id\\\":\\\"25395d0529824b24bd58df9d540d757a\\\",\\\"vbId\\\":\\\"cf92fcd27111485ab09bfe0197a9300b\\\",\\\"sellingId\\\":\\\"cf92fcd27111485ab09bfe0197a9300b\\\",\\\"merchantId\\\":\\\"e43cf7756d0b4ba8a4e9046774656ce8\\\",\\\"skuId\\\":\\\"cf92fcd27111485ab09bfe0197a9300b\\\",\\\"f\\\":92,\\\"fnId\\\":\\\"fb72b6f9c1e54625a551711f6ee72714\\\",\\\"fnType\\\":\\\"wolverine\\\",\\\"by\\\":\\\"Vibranium\\\",\\\"at\\\":\\\"2019-07-29T05:34:39+00:00\\\",\\\"invUssn\\\":55,\\\"isInf\\\":false}\"}"}
{"id":"3bec0ab7fb674271ad57995c0b400fad","table":"killmonger_events_table","keyspace":"msku","timestamp":"2019-07-29T05:45:02.366Z","clusteringKeys":["fb72b6f9c1e54625a551711f6ee72714","updateVbIdSellingIdInventorySkipped/1","1564378075"],"changedColumns":["selling_id","fulfillment_node_id","event_type","update_at","stream_sequence_number","event_data"],"record":"{\"selling_id\":\"3bec0ab7fb674271ad57995c0b400fad\",\"fulfillment_node_id\":\"fb72b6f9c1e54625a551711f6ee72714\",\"event_type\":\"updateVbIdSellingIdInventorySkipped/1\",\"update_at\":1564378075,\"stream_sequence_number\":43,\"event_data\":\"{\\\"id\\\":\\\"a3e168a58efb4d2eb5eaeea1ed8fc3c7\\\",\\\"vbId\\\":\\\"3bec0ab7fb674271ad57995c0b400fad\\\",\\\"sellingId\\\":\\\"3bec0ab7fb674271ad57995c0b400fad\\\",\\\"merchantId\\\":\\\"e43cf7756d0b4ba8a4e9046774656ce8\\\",\\\"skuId\\\":\\\"3bec0ab7fb674271ad57995c0b400fad\\\",\\\"f\\\":81,\\\"fnId\\\":\\\"fb72b6f9c1e54625a551711f6ee72714\\\",\\\"fnType\\\":\\\"wolverine\\\",\\\"by\\\":\\\"Vibranium\\\",\\\"at\\\":\\\"2019-07-29T05:27:55+00:00\\\",\\\"invUssn\\\":50,\\\"isInf\\\":false}\"}"}
{"id":"3bec0ab7fb674271ad57995c0b400fad","table":"killmonger_events_table","keyspace":"msku","timestamp":"2019-07-29T05:45:02.366Z","clusteringKeys":["fb72b6f9c1e54625a551711f6ee72714","updateVbIdSellingIdInventorySkipped/1","1564378075"],"changedColumns":["selling_id","fulfillment_node_id","event_type","update_at","stream_sequence_number","event_data"],"record":"{\"selling_id\":\"3bec0ab7fb674271ad57995c0b400fad\",\"fulfillment_node_id\":\"fb72b6f9c1e54625a551711f6ee72714\",\"event_type\":\"updateVbIdSellingIdInventorySkipped/1\",\"update_at\":1564378075,\"stream_sequence_number\":44,\"event_data\":\"{\\\"id\\\":\\\"f6d7f8ca549040ddb22b18169c4051fe\\\",\\\"vbId\\\":\\\"3bec0ab7fb674271ad57995c0b400fad\\\",\\\"sellingId\\\":\\\"3bec0ab7fb674271ad57995c0b400fad\\\",\\\"merchantId\\\":\\\"e43cf7756d0b4ba8a4e9046774656ce8\\\",\\\"skuId\\\":\\\"3bec0ab7fb674271ad57995c0b400fad\\\",\\\"f\\\":81,\\\"fnId\\\":\\\"fb72b6f9c1e54625a551711f6ee72714\\\",\\\"fnType\\\":\\\"wolverine\\\",\\\"by\\\":\\\"Vibranium\\\",\\\"at\\\":\\\"2019-07-29T05:27:55+00:00\\\",\\\"invUssn\\\":52,\\\"isInf\\\":false}\"}"}
{"id":"f11218834b404c52974433b0cd5fa3d8","table":"killmonger_events_table","keyspace":"msku","timestamp":"2019-07-29T05:45:02.367Z","clusteringKeys":["dd0288ed976f47ababdc2d0a96b0ff3b","updateVbIdSellingIdInventorySkipped/1","1564375418"],"changedColumns":["selling_id","fulfillment_node_id","event_type","update_at","stream_sequence_number","event_data"],"record":"{\"selling_id\":\"f11218834b404c52974433b0cd5fa3d8\",\"fulfillment_node_id\":\"dd0288ed976f47ababdc2d0a96b0ff3b\",\"event_type\":\"updateVbIdSellingIdInventorySkipped/1\",\"update_at\":1564375418,\"stream_sequence_number\":215,\"event_data\":\"{\\\"id\\\":\\\"08dec0c7e8c340edb552d3989747bf15\\\",\\\"vbId\\\":\\\"f11218834b404c52974433b0cd5fa3d8\\\",\\\"sellingId\\\":\\\"f11218834b404c52974433b0cd5fa3d8\\\",\\\"merchantId\\\":\\\"a8550aa2c31442be9a7b8b2de5618401\\\",\\\"skuId\\\":\\\"f11218834b404c52974433b0cd5fa3d8\\\",\\\"f\\\":20,\\\"fnId\\\":\\\"dd0288ed976f47ababdc2d0a96b0ff3b\\\",\\\"fnType\\\":\\\"wolverine\\\",\\\"by\\\":\\\"Vibranium\\\",\\\"at\\\":\\\"2019-07-29T04:43:38+00:00\\\",\\\"invUssn\\\":179,\\\"isInf\\\":false}\"}"}
{"id":"174B45EF866F440A99353F1BD0038E27","table":"killmonger_events_table","keyspace":"msku","timestamp":"2019-07-29T05:45:03.419Z","clusteringKeys":["10000010404","updateVbIdSellingIdInventorySkipped/1","1564375502"],"changedColumns":["selling_id","fulfillment_node_id","event_type","update_at","stream_sequence_number","event_data"],"record":"{\"selling_id\":\"174B45EF866F440A99353F1BD0038E27\",\"fulfillment_node_id\":\"10000010404\",\"event_type\":\"updateVbIdSellingIdInventorySkipped/1\",\"update_at\":1564375502,\"stream_sequence_number\":1743,\"event_data\":\"{\\\"id\\\":\\\"be28ed87d84c4820af867eab6771a9ac\\\",\\\"vbId\\\":\\\"TB0611-Simlu-Medium-Short-Wh-sp26771-10393\\\",\\\"sellingId\\\":\\\"174B45EF866F440A99353F1BD0038E27\\\",\\\"merchantId\\\":\\\"10393\\\",\\\"skuId\\\":\\\"TB0611-Simlu-Medium-Short-Wh-sp26771\\\",\\\"f\\\":14,\\\"fnId\\\":\\\"10000010404\\\",\\\"fnType\\\":\\\"MARKETPLACE\\\",\\\"by\\\":\\\"Vibranium\\\",\\\"at\\\":\\\"2019-07-29T04:45:02+00:00\\\",\\\"invUssn\\\":1490,\\\"catUssn\\\":1,\\\"isInf\\\":false}\"}"}
{"id":"EC849BEE7A8E4320A363089ADDE5AE26","table":"killmonger_events_table","keyspace":"msku","timestamp":"2019-07-29T05:40:44.607Z","clusteringKeys":["3559","vbIdSellingIdInventoryUpdated/1","1564378911"],"changedColumns":["selling_id","fulfillment_node_id","event_type","update_at","stream_sequence_number","event_data"],"record":"{\"selling_id\":\"EC849BEE7A8E4320A363089ADDE5AE26\",\"fulfillment_node_id\":\"3559\",\"event_type\":\"vbIdSellingIdInventoryUpdated/1\",\"update_at\":1564378911,\"stream_sequence_number\":127,\"event_data\":\"{\\\"id\\\":\\\"2c7d597d50d24b658cc1a138bae382ef\\\",\\\"vbId\\\":\\\"PantherMigrationVbId\\\",\\\"sellingId\\\":\\\"EC849BEE7A8E4320A363089ADDE5AE26\\\",\\\"merchantId\\\":\\\"9fc08905039048918982091f266c2a29\\\",\\\"skuId\\\":\\\"PantherMigrationSkuId\\\",\\\"f\\\":0,\\\"fnId\\\":\\\"3559\\\",\\\"by\\\":\\\"Killmonger.Migration.MapInWalmartInvUpdates\\\",\\\"at\\\":\\\"2019-07-29T05:41:51.66+00:00\\\",\\\"invUssn\\\":0,\\\"isInf\\\":false,\\\"ifa\\\":true,\\\"martAvail\\\":[{\\\"martId\\\":\\\"21\\\",\\\"ia\\\":true},{\\\"martId\\\":\\\"0\\\",\\\"ia\\\":true}],\\\"clt\\\":\\\"WoJ\\\"}\"}"}
{"id":"EC849BEE7A8E4320A363089ADDE5AE26","table":"killmonger_events_table","keyspace":"msku","timestamp":"2019-07-29T05:40:44.607Z","clusteringKeys":["3559","vbIdSellingIdInventoryUpdated/1","1564378911"],"changedColumns":["selling_id","fulfillment_node_id","event_type","update_at","stream_sequence_number","event_data"],"record":"{\"selling_id\":\"EC849BEE7A8E4320A363089ADDE5AE26\",\"fulfillment_node_id\":\"3559\",\"event_type\":\"vbIdSellingIdInventoryUpdated/1\",\"update_at\":1564378911,\"stream_sequence_number\":128,\"event_data\":\"{\\\"id\\\":\\\"2c7d597d50d24b658cc1a138bae382ef\\\",\\\"vbId\\\":\\\"PantherMigrationVbId\\\",\\\"sellingId\\\":\\\"EC849BEE7A8E4320A363089ADDE5AE26\\\",\\\"merchantId\\\":\\\"9fc08905039048918982091f266c2a29\\\",\\\"skuId\\\":\\\"PantherMigrationSkuId\\\",\\\"f\\\":0,\\\"fnId\\\":\\\"3559\\\",\\\"by\\\":\\\"Killmonger.Migration.MapInWalmartInvUpdates\\\",\\\"at\\\":\\\"2019-07-29T05:41:51.66+00:00\\\",\\\"invUssn\\\":0,\\\"isInf\\\":false,\\\"ifa\\\":true,\\\"martAvail\\\":[{\\\"martId\\\":\\\"21\\\",\\\"ia\\\":true},{\\\"martId\\\":\\\"0\\\",\\\"ia\\\":true}],\\\"clt\\\":\\\"WoJ\\\"}\"}"}
{"id":"e342826279a9428e834593144a5bdf7c","table":"killmonger_events_table","keyspace":"msku","timestamp":"2019-07-29T05:44:36.949Z","clusteringKeys":["0a633d9fe80f4a45b6fdf372a649be0c","vbIdSellingIdInventoryUpdated/1","1564378274"],"changedColumns":["selling_id","fulfillment_node_id","event_type","update_at","stream_sequence_number","event_data"],"record":"{\"selling_id\":\"e342826279a9428e834593144a5bdf7c\",\"fulfillment_node_id\":\"0a633d9fe80f4a45b6fdf372a649be0c\",\"event_type\":\"vbIdSellingIdInventoryUpdated/1\",\"update_at\":1564378274,\"stream_sequence_number\":40,\"event_data\":\"{\\\"id\\\":\\\"becb8bdf2d0e4d6db0a9cdbfe911ec5e\\\",\\\"vbId\\\":\\\"e342826279a9428e834593144a5bdf7c\\\",\\\"sellingId\\\":\\\"e342826279a9428e834593144a5bdf7c\\\",\\\"merchantId\\\":\\\"e43cf7756d0b4ba8a4e9046774656ce8\\\",\\\"skuId\\\":\\\"e342826279a9428e834593144a5bdf7c\\\",\\\"f\\\":124,\\\"fnId\\\":\\\"0a633d9fe80f4a45b6fdf372a649be0c\\\",\\\"fnType\\\":\\\"wolverine\\\",\\\"by\\\":\\\"Vibranium\\\",\\\"at\\\":\\\"2019-07-29T05:31:14+00:00\\\",\\\"invUssn\\\":50,\\\"isInf\\\":false,\\\"ifa\\\":true,\\\"martAvail\\\":[{\\\"martId\\\":\\\"21\\\",\\\"ia\\\":true}],\\\"clt\\\":\\\"JoJ\\\"}\"}"}
{"id":"582370db0731408bb1273b6f118d9afe","table":"killmonger_events_table","keyspace":"msku","timestamp":"2019-07-29T05:40:44.607Z","clusteringKeys":["fb72b6f9c1e54625a551711f6ee72714","updateVbIdSellingIdInventorySkipped/1","1564378075"],"changedColumns":["selling_id","fulfillment_node_id","event_type","update_at","stream_sequence_number","event_data"],"record":"{\"selling_id\":\"582370db0731408bb1273b6f118d9afe\",\"fulfillment_node_id\":\"fb72b6f9c1e54625a551711f6ee72714\",\"event_type\":\"updateVbIdSellingIdInventorySkipped/1\",\"update_at\":1564378075,\"stream_sequence_number\":41,\"event_data\":\"{\\\"id\\\":\\\"18fa2830b54b42e4942c3f12b3795458\\\",\\\"vbId\\\":\\\"582370db0731408bb1273b6f118d9afe\\\",\\\"sellingId\\\":\\\"582370db0731408bb1273b6f118d9afe\\\",\\\"merchantId\\\":\\\"e43cf7756d0b4ba8a4e9046774656ce8\\\",\\\"skuId\\\":\\\"582370db0731408bb1273b6f118d9afe\\\",\\\"f\\\":120,\\\"fnId\\\":\\\"fb72b6f9c1e54625a551711f6ee72714\\\",\\\"fnType\\\":\\\"wolverine\\\",\\\"by\\\":\\\"Vibranium\\\",\\\"at\\\":\\\"2019-07-29T05:27:55+00:00\\\",\\\"invUssn\\\":48,\\\"isInf\\\":false}\"}"}
{"id":"582370db0731408bb1273b6f118d9afe","table":"killmonger_events_table","keyspace":"msku","timestamp":"2019-07-29T05:40:44.608Z","clusteringKeys":["fb72b6f9c1e54625a551711f6ee72714","updateVbIdSellingIdInventorySkipped/1","1564378075"],"changedColumns":["selling_id","fulfillment_node_id","event_type","update_at","stream_sequence_number","event_data"],"record":"{\"selling_id\":\"582370db0731408bb1273b6f118d9afe\",\"fulfillment_node_id\":\"fb72b6f9c1e54625a551711f6ee72714\",\"event_type\":\"updateVbIdSellingIdInventorySkipped/1\",\"update_at\":1564378075,\"stream_sequence_number\":42,\"event_data\":\"{\\\"id\\\":\\\"18fa2830b54b42e4942c3f12b3795458\\\",\\\"vbId\\\":\\\"582370db0731408bb1273b6f118d9afe\\\",\\\"sellingId\\\":\\\"582370db0731408bb1273b6f118d9afe\\\",\\\"merchantId\\\":\\\"e43cf7756d0b4ba8a4e9046774656ce8\\\",\\\"skuId\\\":\\\"582370db0731408bb1273b6f118d9afe\\\",\\\"f\\\":120,\\\"fnId\\\":\\\"fb72b6f9c1e54625a551711f6ee72714\\\",\\\"fnType\\\":\\\"wolverine\\\",\\\"by\\\":\\\"Vibranium\\\",\\\"at\\\":\\\"2019-07-29T05:27:55+00:00\\\",\\\"invUssn\\\":48,\\\"isInf\\\":false}\"}"}
{"id":"3441c729e87a4ae8bb923260af2e2402","table":"killmonger_events_table","keyspace":"msku","timestamp":"2019-07-29T05:44:36.948Z","clusteringKeys":["6ccbd76c487c42e5b65dd274f51b72ea","vbIdSellingIdInventoryUpdated/1","1564378274"],"changedColumns":["selling_id","fulfillment_node_id","event_type","update_at","stream_sequence_number","event_data"],"record":"{\"selling_id\":\"3441c729e87a4ae8bb923260af2e2402\",\"fulfillment_node_id\":\"6ccbd76c487c42e5b65dd274f51b72ea\",\"event_type\":\"vbIdSellingIdInventoryUpdated/1\",\"update_at\":1564378274,\"stream_sequence_number\":41,\"event_data\":\"{\\\"id\\\":\\\"c4b01e1fac7c4199bb5c90238f8d100a\\\",\\\"vbId\\\":\\\"3441c729e87a4ae8bb923260af2e2402\\\",\\\"sellingId\\\":\\\"3441c729e87a4ae8bb923260af2e2402\\\",\\\"merchantId\\\":\\\"e43cf7756d0b4ba8a4e9046774656ce8\\\",\\\"skuId\\\":\\\"3441c729e87a4ae8bb923260af2e2402\\\",\\\"f\\\":102,\\\"fnId\\\":\\\"6ccbd76c487c42e5b65dd274f51b72ea\\\",\\\"fnType\\\":\\\"wolverine\\\",\\\"by\\\":\\\"Vibranium\\\",\\\"at\\\":\\\"2019-07-29T05:31:14+00:00\\\",\\\"invUssn\\\":49,\\\"isInf\\\":false,\\\"ifa\\\":true,\\\"martAvail\\\":[{\\\"martId\\\":\\\"21\\\",\\\"ia\\\":true}],\\\"clt\\\":\\\"JoJ\\\"}\"}"}
{"id":"0ecd57add7164513a5654c62df6510bc","table":"killmonger_events_table","keyspace":"msku","timestamp":"2019-07-29T05:40:44.606Z","clusteringKeys":["fb72b6f9c1e54625a551711f6ee72714","vbIdSellingIdInventoryUpdated/1","1564378075"],"changedColumns":["selling_id","fulfillment_node_id","event_type","update_at","stream_sequence_number","event_data"],"record":"{\"selling_id\":\"0ecd57add7164513a5654c62df6510bc\",\"fulfillment_node_id\":\"fb72b6f9c1e54625a551711f6ee72714\",\"event_type\":\"vbIdSellingIdInventoryUpdated/1\",\"update_at\":1564378075,\"stream_sequence_number\":38,\"event_data\":\"{\\\"id\\\":\\\"e69ffddf7cac43078c688e13a6d4efdb\\\",\\\"vbId\\\":\\\"0ecd57add7164513a5654c62df6510bc\\\",\\\"sellingId\\\":\\\"0ecd57add7164513a5654c62df6510bc\\\",\\\"merchantId\\\":\\\"e43cf7756d0b4ba8a4e9046774656ce8\\\",\\\"skuId\\\":\\\"0ecd57add7164513a5654c62df6510bc\\\",\\\"f\\\":75,\\\"fnId\\\":\\\"fb72b6f9c1e54625a551711f6ee72714\\\",\\\"fnType\\\":\\\"wolverine\\\",\\\"by\\\":\\\"Vibranium\\\",\\\"at\\\":\\\"2019-07-29T05:27:55+00:00\\\",\\\"invUssn\\\":49,\\\"isInf\\\":false,\\\"ifa\\\":true,\\\"martAvail\\\":[{\\\"martId\\\":\\\"21\\\",\\\"ia\\\":true}],\\\"clt\\\":\\\"JoJ\\\"}\"}"}
{"id":"3302cc6fb9864ec288380fefd0b1f811","table":"killmonger_events_table","keyspace":"msku","timestamp":"2019-07-29T05:44:36.949Z","clusteringKeys":["fb72b6f9c1e54625a551711f6ee72714","updateVbIdSellingIdInventorySkipped/1","1564378075"],"changedColumns":["selling_id","fulfillment_node_id","event_type","update_at","stream_sequence_number","event_data"],"record":"{\"selling_id\":\"3302cc6fb9864ec288380fefd0b1f811\",\"fulfillment_node_id\":\"fb72b6f9c1e54625a551711f6ee72714\",\"event_type\":\"updateVbIdSellingIdInventorySkipped/1\",\"update_at\":1564378075,\"stream_sequence_number\":45,\"event_data\":\"{\\\"id\\\":\\\"d33f81db2c7b495b9b1884ca569387d3\\\",\\\"vbId\\\":\\\"3302cc6fb9864ec288380fefd0b1f811\\\",\\\"sellingId\\\":\\\"3302cc6fb9864ec288380fefd0b1f811\\\",\\\"merchantId\\\":\\\"e43cf7756d0b4ba8a4e9046774656ce8\\\",\\\"skuId\\\":\\\"3302cc6fb9864ec288380fefd0b1f811\\\",\\\"f\\\":135,\\\"fnId\\\":\\\"fb72b6f9c1e54625a551711f6ee72714\\\",\\\"fnType\\\":\\\"wolverine\\\",\\\"by\\\":\\\"Vibranium\\\",\\\"at\\\":\\\"2019-07-29T05:27:55+00:00\\\",\\\"invUssn\\\":49,\\\"isInf\\\":false}\"}"}
{"id":"716c70161ed8450f91e825094bf65175","table":"killmonger_events_table","keyspace":"msku","timestamp":"2019-07-29T05:44:36.949Z","clusteringKeys":["7d029b0996bd4f16bbd74454bab3ab2e","vbIdSellingIdInventoryUpdated/1","1564378274"],"changedColumns":["selling_id","fulfillment_node_id","event_type","update_at","stream_sequence_number","event_data"],"record":"{\"selling_id\":\"716c70161ed8450f91e825094bf65175\",\"fulfillment_node_id\":\"7d029b0996bd4f16bbd74454bab3ab2e\",\"event_type\":\"vbIdSellingIdInventoryUpdated/1\",\"update_at\":1564378274,\"stream_sequence_number\":40,\"event_data\":\"{\\\"id\\\":\\\"e6f34461c5254b0598f42dd69d80c55a\\\",\\\"vbId\\\":\\\"716c70161ed8450f91e825094bf65175\\\",\\\"sellingId\\\":\\\"716c70161ed8450f91e825094bf65175\\\",\\\"merchantId\\\":\\\"e43cf7756d0b4ba8a4e9046774656ce8\\\",\\\"skuId\\\":\\\"716c70161ed8450f91e825094bf65175\\\",\\\"f\\\":51,\\\"fnId\\\":\\\"7d029b0996bd4f16bbd74454bab3ab2e\\\",\\\"fnType\\\":\\\"wolverine\\\",\\\"by\\\":\\\"Vibranium\\\",\\\"at\\\":\\\"2019-07-29T05:31:14+00:00\\\",\\\"invUssn\\\":49,\\\"isInf\\\":false,\\\"ifa\\\":true,\\\"martAvail\\\":[{\\\"martId\\\":\\\"21\\\",\\\"ia\\\":true}],\\\"clt\\\":\\\"JoJ\\\"}\"}"}
{"id":"3302cc6fb9864ec288380fefd0b1f811","table":"killmonger_events_table","keyspace":"msku","timestamp":"2019-07-29T05:44:36.949Z","clusteringKeys":["fb72b6f9c1e54625a551711f6ee72714","updateVbIdSellingIdInventorySkipped/1","1564378075"],"changedColumns":["selling_id","fulfillment_node_id","event_type","update_at","stream_sequence_number","event_data"],"record":"{\"selling_id\":\"3302cc6fb9864ec288380fefd0b1f811\",\"fulfillment_node_id\":\"fb72b6f9c1e54625a551711f6ee72714\",\"event_type\":\"updateVbIdSellingIdInventorySkipped/1\",\"update_at\":1564378075,\"stream_sequence_number\":46,\"event_data\":\"{\\\"id\\\":\\\"d33f81db2c7b495b9b1884ca569387d3\\\",\\\"vbId\\\":\\\"3302cc6fb9864ec288380fefd0b1f811\\\",\\\"sellingId\\\":\\\"3302cc6fb9864ec288380fefd0b1f811\\\",\\\"merchantId\\\":\\\"e43cf7756d0b4ba8a4e9046774656ce8\\\",\\\"skuId\\\":\\\"3302cc6fb9864ec288380fefd0b1f811\\\",\\\"f\\\":135,\\\"fnId\\\":\\\"fb72b6f9c1e54625a551711f6ee72714\\\",\\\"fnType\\\":\\\"wolverine\\\",\\\"by\\\":\\\"Vibranium\\\",\\\"at\\\":\\\"2019-07-29T05:27:55+00:00\\\",\\\"invUssn\\\":49,\\\"isInf\\\":false}\"}"}
{"id":"61a0253468c04922b91ceb4600447a8f","table":"killmonger_events_table","keyspace":"msku","timestamp":"2019-07-29T05:40:44.607Z","clusteringKeys":["fb72b6f9c1e54625a551711f6ee72714","vbIdSellingIdInventoryUpdated/1","1564378075"],"changedColumns":["selling_id","fulfillment_node_id","event_type","update_at","stream_sequence_number","event_data"],"record":"{\"selling_id\":\"61a0253468c04922b91ceb4600447a8f\",\"fulfillment_node_id\":\"fb72b6f9c1e54625a551711f6ee72714\",\"event_type\":\"vbIdSellingIdInventoryUpdated/1\",\"update_at\":1564378075,\"stream_sequence_number\":36,\"event_data\":\"{\\\"id\\\":\\\"788d8fda16d44c8fa54d4ff22bbfd9bb\\\",\\\"vbId\\\":\\\"61a0253468c04922b91ceb4600447a8f\\\",\\\"sellingId\\\":\\\"61a0253468c04922b91ceb4600447a8f\\\",\\\"merchantId\\\":\\\"e43cf7756d0b4ba8a4e9046774656ce8\\\",\\\"skuId\\\":\\\"61a0253468c04922b91ceb4600447a8f\\\",\\\"f\\\":110,\\\"fnId\\\":\\\"fb72b6f9c1e54625a551711f6ee72714\\\",\\\"fnType\\\":\\\"wolverine\\\",\\\"by\\\":\\\"Vibranium\\\",\\\"at\\\":\\\"2019-07-29T05:27:55+00:00\\\",\\\"invUssn\\\":46,\\\"isInf\\\":false,\\\"ifa\\\":true,\\\"martAvail\\\":[{\\\"martId\\\":\\\"21\\\",\\\"ia\\\":true}],\\\"clt\\\":\\\"JoJ\\\"}\"}"}
{"id":"20ba46b3c32b4d97aeacad0672c2bbea","table":"killmonger_events_table","keyspace":"msku","timestamp":"2019-07-29T05:45:03.420Z","clusteringKeys":["3cbcc7e28aac4f6fb0a8cde4e85483c0","vbIdSellingIdInventoryUpdated/1","1564378284"],"changedColumns":["selling_id","fulfillment_node_id","event_type","update_at","stream_sequence_number","event_data"],"record":"{\"selling_id\":\"20ba46b3c32b4d97aeacad0672c2bbea\",\"fulfillment_node_id\":\"3cbcc7e28aac4f6fb0a8cde4e85483c0\",\"event_type\":\"vbIdSellingIdInventoryUpdated/1\",\"update_at\":1564378284,\"stream_sequence_number\":96,\"event_data\":\"{\\\"id\\\":\\\"affe75e1599647c0b9ac2d8147406341\\\",\\\"vbId\\\":\\\"20ba46b3c32b4d97aeacad0672c2bbea\\\",\\\"sellingId\\\":\\\"20ba46b3c32b4d97aeacad0672c2bbea\\\",\\\"merchantId\\\":\\\"7eaf70709bf149f890dc3a845871dab4\\\",\\\"skuId\\\":\\\"20ba46b3c32b4d97aeacad0672c2bbea\\\",\\\"f\\\":559,\\\"fnId\\\":\\\"3cbcc7e28aac4f6fb0a8cde4e85483c0\\\",\\\"fnType\\\":\\\"wolverine\\\",\\\"by\\\":\\\"Vibranium\\\",\\\"at\\\":\\\"2019-07-29T05:31:24+00:00\\\",\\\"invUssn\\\":75,\\\"isInf\\\":false,\\\"ifa\\\":true,\\\"martAvail\\\":[{\\\"martId\\\":\\\"21\\\",\\\"ia\\\":true}],\\\"clt\\\":\\\"JoJ\\\"}\"}"}
{"id":"b3d83e4ca9ed47639a852af554966d65","table":"killmonger_events_table","keyspace":"msku","timestamp":"2019-07-29T05:45:03.420Z","clusteringKeys":["fb72b6f9c1e54625a551711f6ee72714","vbIdSellingIdInventoryUpdated/1","1564375344"],"changedColumns":["selling_id","fulfillment_node_id","event_type","update_at","stream_sequence_number","event_data"],"record":"{\"selling_id\":\"b3d83e4ca9ed47639a852af554966d65\",\"fulfillment_node_id\":\"fb72b6f9c1e54625a551711f6ee72714\",\"event_type\":\"vbIdSellingIdInventoryUpdated/1\",\"update_at\":1564375344,\"stream_sequence_number\":46,\"event_data\":\"{\\\"id\\\":\\\"69d000e444354a40a3f4615e3660932c\\\",\\\"vbId\\\":\\\"b3d83e4ca9ed47639a852af554966d65\\\",\\\"sellingId\\\":\\\"b3d83e4ca9ed47639a852af554966d65\\\",\\\"merchantId\\\":\\\"e43cf7756d0b4ba8a4e9046774656ce8\\\",\\\"skuId\\\":\\\"b3d83e4ca9ed47639a852af554966d65\\\",\\\"f\\\":127,\\\"fnId\\\":\\\"fb72b6f9c1e54625a551711f6ee72714\\\",\\\"fnType\\\":\\\"wolverine\\\",\\\"by\\\":\\\"Vibranium\\\",\\\"at\\\":\\\"2019-07-29T04:42:24+00:00\\\",\\\"invUssn\\\":49,\\\"isInf\\\":false,\\\"ifa\\\":true,\\\"martAvail\\\":[{\\\"martId\\\":\\\"21\\\",\\\"ia\\\":true}],\\\"clt\\\":\\\"JoJ\\\"}\"}"}
{"id":"0B76746EE3C64B64A811C4CE5FA087D6","table":"killmonger_events_table","keyspace":"msku","timestamp":"2019-07-29T05:44:36.949Z","clusteringKeys":["10000001141","updateVbIdSellingIdInventorySkipped/1","1564378058"],"changedColumns":["selling_id","fulfillment_node_id","event_type","update_at","stream_sequence_number","event_data"],"record":"{\"selling_id\":\"0B76746EE3C64B64A811C4CE5FA087D6\",\"fulfillment_node_id\":\"10000001141\",\"event_type\":\"updateVbIdSellingIdInventorySkipped/1\",\"update_at\":1564378058,\"stream_sequence_number\":68,\"event_data\":\"{\\\"id\\\":\\\"a308ba545f6149a2aa25ba890ac6f939\\\",\\\"vbId\\\":\\\"PMXNRTHLPDS03-1073\\\",\\\"sellingId\\\":\\\"0B76746EE3C64B64A811C4CE5FA087D6\\\",\\\"merchantId\\\":\\\"1073\\\",\\\"skuId\\\":\\\"PMXNRTHLPDS03\\\",\\\"f\\\":500,\\\"fnId\\\":\\\"10000001141\\\",\\\"fnType\\\":\\\"MARKETPLACE\\\",\\\"by\\\":\\\"Vibranium\\\",\\\"at\\\":\\\"2019-07-29T05:27:38+00:00\\\",\\\"invUssn\\\":61,\\\"catUssn\\\":0,\\\"isInf\\\":false}\"}"}
{"id":"fdaf2b38724849e6a7639248d487930a","table":"killmonger_events_table","keyspace":"msku","timestamp":"2019-07-29T05:40:44.606Z","clusteringKeys":["fb72b6f9c1e54625a551711f6ee72714","updateVbIdSellingIdInventorySkipped/1","1564378075"],"changedColumns":["selling_id","fulfillment_node_id","event_type","update_at","stream_sequence_number","event_data"],"record":"{\"selling_id\":\"fdaf2b38724849e6a7639248d487930a\",\"fulfillment_node_id\":\"fb72b6f9c1e54625a551711f6ee72714\",\"event_type\":\"updateVbIdSellingIdInventorySkipped/1\",\"update_at\":1564378075,\"stream_sequence_number\":41,\"event_data\":\"{\\\"id\\\":\\\"911de5988fae4d22a2e4e9690b099983\\\",\\\"vbId\\\":\\\"fdaf2b38724849e6a7639248d487930a\\\",\\\"sellingId\\\":\\\"fdaf2b38724849e6a7639248d487930a\\\",\\\"merchantId\\\":\\\"e43cf7756d0b4ba8a4e9046774656ce8\\\",\\\"skuId\\\":\\\"fdaf2b38724849e6a7639248d487930a\\\",\\\"f\\\":95,\\\"fnId\\\":\\\"fb72b6f9c1e54625a551711f6ee72714\\\",\\\"fnType\\\":\\\"wolverine\\\",\\\"by\\\":\\\"Vibranium\\\",\\\"at\\\":\\\"2019-07-29T05:27:55+00:00\\\",\\\"invUssn\\\":49,\\\"isInf\\\":false}\"}"}
{"id":"8C8F9AF6A9D1499F9FDBF79BE4DC058E","table":"killmonger_events_table","keyspace":"msku","timestamp":"2019-07-29T05:45:03.419Z","clusteringKeys":["4916","vbIdSellingIdInventoryUpdated/1","1564378913"],"changedColumns":["selling_id","fulfillment_node_id","event_type","update_at","stream_sequence_number","event_data"],"record":"{\"selling_id\":\"8C8F9AF6A9D1499F9FDBF79BE4DC058E\",\"fulfillment_node_id\":\"4916\",\"event_type\":\"vbIdSellingIdInventoryUpdated/1\",\"update_at\":1564378913,\"stream_sequence_number\":142,\"event_data\":\"{\\\"id\\\":\\\"6eda9f1b12d74033be816822a4c3e611\\\",\\\"vbId\\\":\\\"PantherMigrationVbId\\\",\\\"sellingId\\\":\\\"8C8F9AF6A9D1499F9FDBF79BE4DC058E\\\",\\\"merchantId\\\":\\\"9fc08905039048918982091f266c2a29\\\",\\\"skuId\\\":\\\"PantherMigrationSkuId\\\",\\\"f\\\":0,\\\"fnId\\\":\\\"4916\\\",\\\"by\\\":\\\"Killmonger.Migration.MapInWalmartInvUpdates\\\",\\\"at\\\":\\\"2019-07-29T05:41:53.185+00:00\\\",\\\"invUssn\\\":0,\\\"isInf\\\":false,\\\"ifa\\\":true,\\\"martAvail\\\":[{\\\"martId\\\":\\\"21\\\",\\\"ia\\\":true},{\\\"martId\\\":\\\"0\\\",\\\"ia\\\":true}],\\\"clt\\\":\\\"WoJ\\\"}\"}"}
{"id":"8C8F9AF6A9D1499F9FDBF79BE4DC058E","table":"killmonger_events_table","keyspace":"msku","timestamp":"2019-07-29T05:45:03.419Z","clusteringKeys":["4916","vbIdSellingIdInventoryUpdated/1","1564378913"],"changedColumns":["selling_id","fulfillment_node_id","event_type","update_at","stream_sequence_number","event_data"],"record":"{\"selling_id\":\"8C8F9AF6A9D1499F9FDBF79BE4DC058E\",\"fulfillment_node_id\":\"4916\",\"event_type\":\"vbIdSellingIdInventoryUpdated/1\",\"update_at\":1564378913,\"stream_sequence_number\":143,\"event_data\":\"{\\\"id\\\":\\\"6eda9f1b12d74033be816822a4c3e611\\\",\\\"vbId\\\":\\\"PantherMigrationVbId\\\",\\\"sellingId\\\":\\\"8C8F9AF6A9D1499F9FDBF79BE4DC058E\\\",\\\"merchantId\\\":\\\"9fc08905039048918982091f266c2a29\\\",\\\"skuId\\\":\\\"PantherMigrationSkuId\\\",\\\"f\\\":0,\\\"fnId\\\":\\\"4916\\\",\\\"by\\\":\\\"Killmonger.Migration.MapInWalmartInvUpdates\\\",\\\"at\\\":\\\"2019-07-29T05:41:53.185+00:00\\\",\\\"invUssn\\\":0,\\\"isInf\\\":false,\\\"ifa\\\":true,\\\"martAvail\\\":[{\\\"martId\\\":\\\"21\\\",\\\"ia\\\":true},{\\\"martId\\\":\\\"0\\\",\\\"ia\\\":true}],\\\"clt\\\":\\\"WoJ\\\"}\"}"}
{"id":"f5aaae0f0bc747f584cb6dfcdf0de6b5","table":"killmonger_events_table","keyspace":"msku","timestamp":"2019-07-29T05:45:03.420Z","clusteringKeys":["22ea911429114639967705977d0e4295","vbIdSellingIdInventoryUpdated/1","1564378209"],"changedColumns":["selling_id","fulfillment_node_id","event_type","update_at","stream_sequence_number","event_data"],"record":"{\"selling_id\":\"f5aaae0f0bc747f584cb6dfcdf0de6b5\",\"fulfillment_node_id\":\"22ea911429114639967705977d0e4295\",\"event_type\":\"vbIdSellingIdInventoryUpdated/1\",\"update_at\":1564378209,\"stream_sequence_number\":214,\"event_data\":\"{\\\"id\\\":\\\"3f7551d698da4ab4ab2a8e0f9efee768\\\",\\\"vbId\\\":\\\"f5aaae0f0bc747f584cb6dfcdf0de6b5\\\",\\\"sellingId\\\":\\\"f5aaae0f0bc747f584cb6dfcdf0de6b5\\\",\\\"merchantId\\\":\\\"a324c2fe67764ecaa6140956803dc109\\\",\\\"skuId\\\":\\\"f5aaae0f0bc747f584cb6dfcdf0de6b5\\\",\\\"f\\\":2,\\\"fnId\\\":\\\"22ea911429114639967705977d0e4295\\\",\\\"fnType\\\":\\\"wolverine\\\",\\\"by\\\":\\\"Vibranium\\\",\\\"at\\\":\\\"2019-07-29T05:30:09+00:00\\\",\\\"invUssn\\\":216,\\\"isInf\\\":false,\\\"ifa\\\":true,\\\"martAvail\\\":[{\\\"martId\\\":\\\"21\\\",\\\"ia\\\":true}],\\\"clt\\\":\\\"JoJ\\\"}\"}"}
{"id":"F3B074D3534A4FAFBCA08D87BC02CE50","table":"killmonger_events_table","keyspace":"msku","timestamp":"2019-07-29T05:40:44.607Z","clusteringKeys":["6284","vbIdSellingIdInventoryUpdated/1","1564378910"],"changedColumns":["selling_id","fulfillment_node_id","event_type","update_at","stream_sequence_number","event_data"],"record":"{\"selling_id\":\"F3B074D3534A4FAFBCA08D87BC02CE50\",\"fulfillment_node_id\":\"6284\",\"event_type\":\"vbIdSellingIdInventoryUpdated/1\",\"update_at\":1564378910,\"stream_sequence_number\":138,\"event_data\":\"{\\\"id\\\":\\\"b3f1d7df354c4a46b0cea0811ca0fd70\\\",\\\"vbId\\\":\\\"PantherMigrationVbId\\\",\\\"sellingId\\\":\\\"F3B074D3534A4FAFBCA08D87BC02CE50\\\",\\\"merchantId\\\":\\\"9fc08905039048918982091f266c2a29\\\",\\\"skuId\\\":\\\"PantherMigrationSkuId\\\",\\\"f\\\":0,\\\"fnId\\\":\\\"6284\\\",\\\"by\\\":\\\"Killmonger.Migration.MapInWalmartInvUpdates\\\",\\\"at\\\":\\\"2019-07-29T05:41:50.059+00:00\\\",\\\"invUssn\\\":0,\\\"isInf\\\":false,\\\"ifa\\\":true,\\\"martAvail\\\":[{\\\"martId\\\":\\\"21\\\",\\\"ia\\\":true},{\\\"martId\\\":\\\"0\\\",\\\"ia\\\":true}],\\\"clt\\\":\\\"WoJ\\\"}\"}"}
{"id":"e213ba588060433dbe7a61d11c21f04c","table":"killmonger_events_table","keyspace":"msku","timestamp":"2019-07-29T05:44:36.947Z","clusteringKeys":["3cbcc7e28aac4f6fb0a8cde4e85483c0","vbIdSellingIdInventoryUpdated/1","1564378211"],"changedColumns":["selling_id","fulfillment_node_id","event_type","update_at","stream_sequence_number","event_data"],"record":"{\"selling_id\":\"e213ba588060433dbe7a61d11c21f04c\",\"fulfillment_node_id\":\"3cbcc7e28aac4f6fb0a8cde4e85483c0\",\"event_type\":\"vbIdSellingIdInventoryUpdated/1\",\"update_at\":1564378211,\"stream_sequence_number\":97,\"event_data\":\"{\\\"id\\\":\\\"4afc509de4fb475fb2a9e80fbbb1a48b\\\",\\\"vbId\\\":\\\"e213ba588060433dbe7a61d11c21f04c\\\",\\\"sellingId\\\":\\\"e213ba588060433dbe7a61d11c21f04c\\\",\\\"merchantId\\\":\\\"7eaf70709bf149f890dc3a845871dab4\\\",\\\"skuId\\\":\\\"e213ba588060433dbe7a61d11c21f04c\\\",\\\"f\\\":559,\\\"fnId\\\":\\\"3cbcc7e28aac4f6fb0a8cde4e85483c0\\\",\\\"fnType\\\":\\\"wolverine\\\",\\\"by\\\":\\\"Vibranium\\\",\\\"at\\\":\\\"2019-07-29T05:30:11+00:00\\\",\\\"invUssn\\\":76,\\\"isInf\\\":false,\\\"ifa\\\":true,\\\"martAvail\\\":[{\\\"martId\\\":\\\"21\\\",\\\"ia\\\":true}],\\\"clt\\\":\\\"JoJ\\\"}\"}"}
{"id":"e213ba588060433dbe7a61d11c21f04c","table":"killmonger_events_table","keyspace":"msku","timestamp":"2019-07-29T05:44:36.947Z","clusteringKeys":["3cbcc7e28aac4f6fb0a8cde4e85483c0","updateVbIdSellingIdInventorySkipped/1","1564378211"],"changedColumns":["selling_id","fulfillment_node_id","event_type","update_at","stream_sequence_number","event_data"],"record":"{\"selling_id\":\"e213ba588060433dbe7a61d11c21f04c\",\"fulfillment_node_id\":\"3cbcc7e28aac4f6fb0a8cde4e85483c0\",\"event_type\":\"updateVbIdSellingIdInventorySkipped/1\",\"update_at\":1564378211,\"stream_sequence_number\":98,\"event_data\":\"{\\\"id\\\":\\\"4afc509de4fb475fb2a9e80fbbb1a48b\\\",\\\"vbId\\\":\\\"e213ba588060433dbe7a61d11c21f04c\\\",\\\"sellingId\\\":\\\"e213ba588060433dbe7a61d11c21f04c\\\",\\\"merchantId\\\":\\\"7eaf70709bf149f890dc3a845871dab4\\\",\\\"skuId\\\":\\\"e213ba588060433dbe7a61d11c21f04c\\\",\\\"f\\\":559,\\\"fnId\\\":\\\"3cbcc7e28aac4f6fb0a8cde4e85483c0\\\",\\\"fnType\\\":\\\"wolverine\\\",\\\"by\\\":\\\"Vibranium\\\",\\\"at\\\":\\\"2019-07-29T05:30:11+00:00\\\",\\\"invUssn\\\":76,\\\"isInf\\\":false}\"}"}
{"id":"6770ff9071444f238c23d6b99e43c529","table":"killmonger_events_table","keyspace":"msku","timestamp":"2019-07-29T05:45:03.419Z","clusteringKeys":["fb72b6f9c1e54625a551711f6ee72714","vbIdSellingIdInventoryUpdated/1","1564378274"],"changedColumns":["selling_id","fulfillment_node_id","event_type","update_at","stream_sequence_number","event_data"],"record":"{\"selling_id\":\"6770ff9071444f238c23d6b99e43c529\",\"fulfillment_node_id\":\"fb72b6f9c1e54625a551711f6ee72714\",\"event_type\":\"vbIdSellingIdInventoryUpdated/1\",\"update_at\":1564378274,\"stream_sequence_number\":45,\"event_data\":\"{\\\"id\\\":\\\"3c520cfdb6d042669d073a3be62979e0\\\",\\\"vbId\\\":\\\"6770ff9071444f238c23d6b99e43c529\\\",\\\"sellingId\\\":\\\"6770ff9071444f238c23d6b99e43c529\\\",\\\"merchantId\\\":\\\"e43cf7756d0b4ba8a4e9046774656ce8\\\",\\\"skuId\\\":\\\"6770ff9071444f238c23d6b99e43c529\\\",\\\"f\\\":86,\\\"fnId\\\":\\\"fb72b6f9c1e54625a551711f6ee72714\\\",\\\"fnType\\\":\\\"wolverine\\\",\\\"by\\\":\\\"Vibranium\\\",\\\"at\\\":\\\"2019-07-29T05:31:14+00:00\\\",\\\"invUssn\\\":52,\\\"isInf\\\":false,\\\"ifa\\\":true,\\\"martAvail\\\":[{\\\"martId\\\":\\\"21\\\",\\\"ia\\\":true}],\\\"clt\\\":\\\"JoJ\\\"}\"}"}
{"id":"172C1A8724DB401B9D26F178E38EDE2A","table":"killmonger_events_table","keyspace":"msku","timestamp":"2019-07-29T05:45:02.366Z","clusteringKeys":["5868","vbIdSellingIdInventoryUpdated/1","1564378910"],"changedColumns":["selling_id","fulfillment_node_id","event_type","update_at","stream_sequence_number","event_data"],"record":"{\"selling_id\":\"172C1A8724DB401B9D26F178E38EDE2A\",\"fulfillment_node_id\":\"5868\",\"event_type\":\"vbIdSellingIdInventoryUpdated/1\",\"update_at\":1564378910,\"stream_sequence_number\":133,\"event_data\":\"{\\\"id\\\":\\\"05aa263e58f7474b8c1462893411864f\\\",\\\"vbId\\\":\\\"PantherMigrationVbId\\\",\\\"sellingId\\\":\\\"172C1A8724DB401B9D26F178E38EDE2A\\\",\\\"merchantId\\\":\\\"9fc08905039048918982091f266c2a29\\\",\\\"skuId\\\":\\\"PantherMigrationSkuId\\\",\\\"f\\\":0,\\\"fnId\\\":\\\"5868\\\",\\\"by\\\":\\\"Killmonger.Migration.MapInWalmartInvUpdates\\\",\\\"at\\\":\\\"2019-07-29T05:41:50.945+00:00\\\",\\\"invUssn\\\":0,\\\"isInf\\\":false,\\\"ifa\\\":true,\\\"martAvail\\\":[{\\\"martId\\\":\\\"21\\\",\\\"ia\\\":true},{\\\"martId\\\":\\\"0\\\",\\\"ia\\\":true}],\\\"clt\\\":\\\"WoJ\\\"}\"}"}
{"id":"6770ff9071444f238c23d6b99e43c529","table":"killmonger_events_table","keyspace":"msku","timestamp":"2019-07-29T05:45:03.419Z","clusteringKeys":["fb72b6f9c1e54625a551711f6ee72714","updateVbIdSellingIdInventorySkipped/1","1564378274"],"changedColumns":["selling_id","fulfillment_node_id","event_type","update_at","stream_sequence_number","event_data"],"record":"{\"selling_id\":\"6770ff9071444f238c23d6b99e43c529\",\"fulfillment_node_id\":\"fb72b6f9c1e54625a551711f6ee72714\",\"event_type\":\"updateVbIdSellingIdInventorySkipped/1\",\"update_at\":1564378274,\"stream_sequence_number\":46,\"event_data\":\"{\\\"id\\\":\\\"3c520cfdb6d042669d073a3be62979e0\\\",\\\"vbId\\\":\\\"6770ff9071444f238c23d6b99e43c529\\\",\\\"sellingId\\\":\\\"6770ff9071444f238c23d6b99e43c529\\\",\\\"merchantId\\\":\\\"e43cf7756d0b4ba8a4e9046774656ce8\\\",\\\"skuId\\\":\\\"6770ff9071444f238c23d6b99e43c529\\\",\\\"f\\\":86,\\\"fnId\\\":\\\"fb72b6f9c1e54625a551711f6ee72714\\\",\\\"fnType\\\":\\\"wolverine\\\",\\\"by\\\":\\\"Vibranium\\\",\\\"at\\\":\\\"2019-07-29T05:31:14+00:00\\\",\\\"invUssn\\\":52,\\\"isInf\\\":false}\"}"}
{"id":"c0d48df1339b41beaf6167caec351dfb","table":"killmonger_events_table","keyspace":"msku","timestamp":"2019-07-29T05:45:03.420Z","clusteringKeys":["fb72b6f9c1e54625a551711f6ee72714","updateVbIdSellingIdInventorySkipped/1","1564375344"],"changedColumns":["selling_id","fulfillment_node_id","event_type","update_at","stream_sequence_number","event_data"],"record":"{\"selling_id\":\"c0d48df1339b41beaf6167caec351dfb\",\"fulfillment_node_id\":\"fb72b6f9c1e54625a551711f6ee72714\",\"event_type\":\"updateVbIdSellingIdInventorySkipped/1\",\"update_at\":1564375344,\"stream_sequence_number\":46,\"event_data\":\"{\\\"id\\\":\\\"67edee813c984d538e5d5521fdd4dd3b\\\",\\\"vbId\\\":\\\"c0d48df1339b41beaf6167caec351dfb\\\",\\\"sellingId\\\":\\\"c0d48df1339b41beaf6167caec351dfb\\\",\\\"merchantId\\\":\\\"e43cf7756d0b4ba8a4e9046774656ce8\\\",\\\"skuId\\\":\\\"c0d48df1339b41beaf6167caec351dfb\\\",\\\"f\\\":95,\\\"fnId\\\":\\\"fb72b6f9c1e54625a551711f6ee72714\\\",\\\"fnType\\\":\\\"wolverine\\\",\\\"by\\\":\\\"Vibranium\\\",\\\"at\\\":\\\"2019-07-29T04:42:24+00:00\\\",\\\"invUssn\\\":49,\\\"isInf\\\":false}\"}"}
{"id":"c0d48df1339b41beaf6167caec351dfb","table":"killmonger_events_table","keyspace":"msku","timestamp":"2019-07-29T05:45:03.420Z","clusteringKeys":["fb72b6f9c1e54625a551711f6ee72714","updateVbIdSellingIdInventorySkipped/1","1564375344"],"changedColumns":["selling_id","fulfillment_node_id","event_type","update_at","stream_sequence_number","event_data"],"record":"{\"selling_id\":\"c0d48df1339b41beaf6167caec351dfb\",\"fulfillment_node_id\":\"fb72b6f9c1e54625a551711f6ee72714\",\"event_type\":\"updateVbIdSellingIdInventorySkipped/1\",\"update_at\":1564375344,\"stream_sequence_number\":47,\"event_data\":\"{\\\"id\\\":\\\"bb718c1b78df446b9cb837804f79e6fe\\\",\\\"vbId\\\":\\\"c0d48df1339b41beaf6167caec351dfb\\\",\\\"sellingId\\\":\\\"c0d48df1339b41beaf6167caec351dfb\\\",\\\"merchantId\\\":\\\"e43cf7756d0b4ba8a4e9046774656ce8\\\",\\\"skuId\\\":\\\"c0d48df1339b41beaf6167caec351dfb\\\",\\\"f\\\":95,\\\"fnId\\\":\\\"fb72b6f9c1e54625a551711f6ee72714\\\",\\\"fnType\\\":\\\"wolverine\\\",\\\"by\\\":\\\"Vibranium\\\",\\\"at\\\":\\\"2019-07-29T04:42:24+00:00\\\",\\\"invUssn\\\":49,\\\"isInf\\\":false}\"}"}
{"id":"45d9c5e30a444ab0831c2090b46bc767","table":"killmonger_events_table","keyspace":"msku","timestamp":"2019-07-29T05:44:36.949Z","clusteringKeys":["3cbcc7e28aac4f6fb0a8cde4e85483c0","vbIdSellingIdInventoryUpdated/1","1564378312"],"changedColumns":["selling_id","fulfillment_node_id","event_type","update_at","stream_sequence_number","event_data"],"record":"{\"selling_id\":\"45d9c5e30a444ab0831c2090b46bc767\",\"fulfillment_node_id\":\"3cbcc7e28aac4f6fb0a8cde4e85483c0\",\"event_type\":\"vbIdSellingIdInventoryUpdated/1\",\"update_at\":1564378312,\"stream_sequence_number\":92,\"event_data\":\"{\\\"id\\\":\\\"a9d248f53c7c4333bfbf2c5c5de7e058\\\",\\\"vbId\\\":\\\"45d9c5e30a444ab0831c2090b46bc767\\\",\\\"sellingId\\\":\\\"45d9c5e30a444ab0831c2090b46bc767\\\",\\\"merchantId\\\":\\\"7eaf70709bf149f890dc3a845871dab4\\\",\\\"skuId\\\":\\\"45d9c5e30a444ab0831c2090b46bc767\\\",\\\"f\\\":559,\\\"fnId\\\":\\\"3cbcc7e28aac4f6fb0a8cde4e85483c0\\\",\\\"fnType\\\":\\\"wolverine\\\",\\\"by\\\":\\\"Vibranium\\\",\\\"at\\\":\\\"2019-07-29T05:31:52+00:00\\\",\\\"invUssn\\\":79,\\\"isInf\\\":false,\\\"ifa\\\":true,\\\"martAvail\\\":[{\\\"martId\\\":\\\"21\\\",\\\"ia\\\":true}],\\\"clt\\\":\\\"JoJ\\\"}\"}"}
{"id":"e2b48f76af794fbfa42d5849e22e9c90","table":"killmonger_events_table","keyspace":"msku","timestamp":"2019-07-29T05:40:44.607Z","clusteringKeys":["718dfa2fadcb4eb8a390a40353e76326","vbIdSellingIdInventoryUpdated/1","1564378125"],"changedColumns":["selling_id","fulfillment_node_id","event_type","update_at","stream_sequence_number","event_data"],"record":"{\"selling_id\":\"e2b48f76af794fbfa42d5849e22e9c90\",\"fulfillment_node_id\":\"718dfa2fadcb4eb8a390a40353e76326\",\"event_type\":\"vbIdSellingIdInventoryUpdated/1\",\"update_at\":1564378125,\"stream_sequence_number\":6397,\"event_data\":\"{\\\"id\\\":\\\"9eeaddb7961a49c480bb5859f3795015\\\",\\\"vbId\\\":\\\"e2b48f76af794fbfa42d5849e22e9c90\\\",\\\"sellingId\\\":\\\"e2b48f76af794fbfa42d5849e22e9c90\\\",\\\"merchantId\\\":\\\"70d3c5360d574434ae92e085c056eec7\\\",\\\"skuId\\\":\\\"e2b48f76af794fbfa42d5849e22e9c90\\\",\\\"f\\\":1,\\\"fnId\\\":\\\"718dfa2fadcb4eb8a390a40353e76326\\\",\\\"fnType\\\":\\\"wolverine\\\",\\\"by\\\":\\\"Vibranium\\\",\\\"at\\\":\\\"2019-07-29T05:28:45+00:00\\\",\\\"invUssn\\\":5289,\\\"isInf\\\":false,\\\"ifa\\\":true,\\\"martAvail\\\":[{\\\"martId\\\":\\\"21\\\",\\\"ia\\\":true}],\\\"clt\\\":\\\"JoJ\\\"}\"}"}
{"id":"e2b48f76af794fbfa42d5849e22e9c90","table":"killmonger_events_table","keyspace":"msku","timestamp":"2019-07-29T05:40:44.607Z","clusteringKeys":["718dfa2fadcb4eb8a390a40353e76326","updateVbIdSellingIdInventorySkipped/1","1564378125"],"changedColumns":["selling_id","fulfillment_node_id","event_type","update_at","stream_sequence_number","event_data"],"record":"{\"selling_id\":\"e2b48f76af794fbfa42d5849e22e9c90\",\"fulfillment_node_id\":\"718dfa2fadcb4eb8a390a40353e76326\",\"event_type\":\"updateVbIdSellingIdInventorySkipped/1\",\"update_at\":1564378125,\"stream_sequence_number\":6398,\"event_data\":\"{\\\"id\\\":\\\"9eeaddb7961a49c480bb5859f3795015\\\",\\\"vbId\\\":\\\"e2b48f76af794fbfa42d5849e22e9c90\\\",\\\"sellingId\\\":\\\"e2b48f76af794fbfa42d5849e22e9c90\\\",\\\"merchantId\\\":\\\"70d3c5360d574434ae92e085c056eec7\\\",\\\"skuId\\\":\\\"e2b48f76af794fbfa42d5849e22e9c90\\\",\\\"f\\\":1,\\\"fnId\\\":\\\"718dfa2fadcb4eb8a390a40353e76326\\\",\\\"fnType\\\":\\\"wolverine\\\",\\\"by\\\":\\\"Vibranium\\\",\\\"at\\\":\\\"2019-07-29T05:28:45+00:00\\\",\\\"invUssn\\\":5289,\\\"isInf\\\":false}\"}"}
{"id":"C350B5A40F11448B974D535C23ECB814","table":"killmonger_events_table","keyspace":"msku","timestamp":"2019-07-29T05:45:02.368Z","clusteringKeys":["2623","vbIdSellingIdInventoryUpdated/1","1564375900"],"changedColumns":["selling_id","fulfillment_node_id","event_type","update_at","stream_sequence_number","event_data"],"record":"{\"selling_id\":\"C350B5A40F11448B974D535C23ECB814\",\"fulfillment_node_id\":\"2623\",\"event_type\":\"vbIdSellingIdInventoryUpdated/1\",\"update_at\":1564375900,\"stream_sequence_number\":139,\"event_data\":\"{\\\"id\\\":\\\"2586421229984988959d2dab6ad236a7\\\",\\\"vbId\\\":\\\"PantherMigrationVbId\\\",\\\"sellingId\\\":\\\"C350B5A40F11448B974D535C23ECB814\\\",\\\"merchantId\\\":\\\"9fc08905039048918982091f266c2a29\\\",\\\"skuId\\\":\\\"PantherMigrationSkuId\\\",\\\"f\\\":0,\\\"fnId\\\":\\\"2623\\\",\\\"by\\\":\\\"Killmonger.Migration.MapInWalmartInvUpdates\\\",\\\"at\\\":\\\"2019-07-29T04:51:40.869+00:00\\\",\\\"invUssn\\\":0,\\\"isInf\\\":false,\\\"ifa\\\":true,\\\"martAvail\\\":[{\\\"martId\\\":\\\"21\\\",\\\"ia\\\":true},{\\\"martId\\\":\\\"0\\\",\\\"ia\\\":true}],\\\"clt\\\":\\\"WoJ\\\"}\"}"}
{"id":"55bdf996854b407e966c63d96aacd39e","table":"killmonger_events_table","keyspace":"msku","timestamp":"2019-07-29T05:45:02.369Z","clusteringKeys":["fc043c9584b2447891b96c391437a371","vbIdSellingIdInventoryUpdated/1","1564375075"],"changedColumns":["selling_id","fulfillment_node_id","event_type","update_at","stream_sequence_number","event_data"],"record":"{\"selling_id\":\"55bdf996854b407e966c63d96aacd39e\",\"fulfillment_node_id\":\"fc043c9584b2447891b96c391437a371\",\"event_type\":\"vbIdSellingIdInventoryUpdated/1\",\"update_at\":1564375075,\"stream_sequence_number\":10090,\"event_data\":\"{\\\"id\\\":\\\"5e1b5b817285495cb62ccf1cdb499140\\\",\\\"vbId\\\":\\\"55bdf996854b407e966c63d96aacd39e\\\",\\\"sellingId\\\":\\\"55bdf996854b407e966c63d96aacd39e\\\",\\\"merchantId\\\":\\\"34145c12953843c6ad608d4cc742b7f1\\\",\\\"skuId\\\":\\\"55bdf996854b407e966c63d96aacd39e\\\",\\\"f\\\":5,\\\"fnId\\\":\\\"fc043c9584b2447891b96c391437a371\\\",\\\"fnType\\\":\\\"wolverine\\\",\\\"by\\\":\\\"Vibranium\\\",\\\"at\\\":\\\"2019-07-29T04:37:55+00:00\\\",\\\"invUssn\\\":11556,\\\"isInf\\\":false,\\\"ifa\\\":true,\\\"martAvail\\\":[{\\\"martId\\\":\\\"21\\\",\\\"ia\\\":true}],\\\"clt\\\":\\\"JoJ\\\"}\"}"}
{"id":"65D734F7E9C64B5994B590C8E89974AD","table":"killmonger_events_table","keyspace":"msku","timestamp":"2019-07-29T05:40:44.608Z","clusteringKeys":["4364","vbIdSellingIdInventoryUpdated/1","1564378910"],"changedColumns":["selling_id","fulfillment_node_id","event_type","update_at","stream_sequence_number","event_data"],"record":"{\"selling_id\":\"65D734F7E9C64B5994B590C8E89974AD\",\"fulfillment_node_id\":\"4364\",\"event_type\":\"vbIdSellingIdInventoryUpdated/1\",\"update_at\":1564378910,\"stream_sequence_number\":227,\"event_data\":\"{\\\"id\\\":\\\"00eab7aaa2a54fceb3f2c35606ebf3c9\\\",\\\"vbId\\\":\\\"PantherMigrationVbId\\\",\\\"sellingId\\\":\\\"65D734F7E9C64B5994B590C8E89974AD\\\",\\\"merchantId\\\":\\\"9fc08905039048918982091f266c2a29\\\",\\\"skuId\\\":\\\"PantherMigrationSkuId\\\",\\\"f\\\":0,\\\"fnId\\\":\\\"4364\\\",\\\"by\\\":\\\"Killmonger.Migration.MapInWalmartInvUpdates\\\",\\\"at\\\":\\\"2019-07-29T05:41:50.252+00:00\\\",\\\"invUssn\\\":0,\\\"isInf\\\":false,\\\"ifa\\\":true,\\\"martAvail\\\":[{\\\"martId\\\":\\\"21\\\",\\\"ia\\\":true},{\\\"martId\\\":\\\"0\\\",\\\"ia\\\":true}],\\\"clt\\\":\\\"WoJ\\\"}\"}"}
{"id":"5896c5cbbf4e4d5286ba81ee858c86ee","table":"killmonger_events_table","keyspace":"msku","timestamp":"2019-07-29T05:44:36.947Z","clusteringKeys":["3cbcc7e28aac4f6fb0a8cde4e85483c0","vbIdSellingIdInventoryUpdated/1","1564378234"],"changedColumns":["selling_id","fulfillment_node_id","event_type","update_at","stream_sequence_number","event_data"],"record":"{\"selling_id\":\"5896c5cbbf4e4d5286ba81ee858c86ee\",\"fulfillment_node_id\":\"3cbcc7e28aac4f6fb0a8cde4e85483c0\",\"event_type\":\"vbIdSellingIdInventoryUpdated/1\",\"update_at\":1564378234,\"stream_sequence_number\":94,\"event_data\":\"{\\\"id\\\":\\\"2b00b2e18fe242eab02ead210d2b1152\\\",\\\"vbId\\\":\\\"5896c5cbbf4e4d5286ba81ee858c86ee\\\",\\\"sellingId\\\":\\\"5896c5cbbf4e4d5286ba81ee858c86ee\\\",\\\"merchantId\\\":\\\"7eaf70709bf149f890dc3a845871dab4\\\",\\\"skuId\\\":\\\"5896c5cbbf4e4d5286ba81ee858c86ee\\\",\\\"f\\\":559,\\\"fnId\\\":\\\"3cbcc7e28aac4f6fb0a8cde4e85483c0\\\",\\\"fnType\\\":\\\"wolverine\\\",\\\"by\\\":\\\"Vibranium\\\",\\\"at\\\":\\\"2019-07-29T05:30:34+00:00\\\",\\\"invUssn\\\":77,\\\"isInf\\\":false,\\\"ifa\\\":true,\\\"martAvail\\\":[{\\\"martId\\\":\\\"21\\\",\\\"ia\\\":true}],\\\"clt\\\":\\\"JoJ\\\"}\"}"}
{"id":"99866AAEC5AC4953BA61310BCFA4DA8A","table":"killmonger_events_table","keyspace":"msku","timestamp":"2019-07-29T05:45:02.366Z","clusteringKeys":["10000012435","vbIdSellingIdInventoryUpdated/1","1564375607"],"changedColumns":["selling_id","fulfillment_node_id","event_type","update_at","stream_sequence_number","event_data"],"record":"{\"selling_id\":\"99866AAEC5AC4953BA61310BCFA4DA8A\",\"fulfillment_node_id\":\"10000012435\",\"event_type\":\"vbIdSellingIdInventoryUpdated/1\",\"update_at\":1564375607,\"stream_sequence_number\":1601,\"event_data\":\"{\\\"id\\\":\\\"cc7a9881bcef4dcc8c602f2e3ba355f1\\\",\\\"vbId\\\":\\\"3 x HC-00464-12303\\\",\\\"sellingId\\\":\\\"99866AAEC5AC4953BA61310BCFA4DA8A\\\",\\\"merchantId\\\":\\\"12303\\\",\\\"skuId\\\":\\\"3 x HC-00464\\\",\\\"f\\\":1,\\\"fnId\\\":\\\"10000012435\\\",\\\"fnType\\\":\\\"MARKETPLACE\\\",\\\"by\\\":\\\"Vibranium\\\",\\\"at\\\":\\\"2019-07-29T04:46:47+00:00\\\",\\\"invUssn\\\":561,\\\"catUssn\\\":1001,\\\"isInf\\\":false,\\\"ifa\\\":true,\\\"martAvail\\\":[{\\\"martId\\\":\\\"0\\\",\\\"ia\\\":true}],\\\"clt\\\":\\\"WoW\\\"}\"}"}
{"id":"a82efd10d76b402bbd603adc8a583f0e","table":"killmonger_events_table","keyspace":"msku","timestamp":"2019-07-29T05:45:02.366Z","clusteringKeys":["fb72b6f9c1e54625a551711f6ee72714","updateVbIdSellingIdInventorySkipped/1","1564378075"],"changedColumns":["selling_id","fulfillment_node_id","event_type","update_at","stream_sequence_number","event_data"],"record":"{\"selling_id\":\"a82efd10d76b402bbd603adc8a583f0e\",\"fulfillment_node_id\":\"fb72b6f9c1e54625a551711f6ee72714\",\"event_type\":\"updateVbIdSellingIdInventorySkipped/1\",\"update_at\":1564378075,\"stream_sequence_number\":47,\"event_data\":\"{\\\"id\\\":\\\"983695ac190e4ba38e37f8f2a5adb32a\\\",\\\"vbId\\\":\\\"a82efd10d76b402bbd603adc8a583f0e\\\",\\\"sellingId\\\":\\\"a82efd10d76b402bbd603adc8a583f0e\\\",\\\"merchantId\\\":\\\"e43cf7756d0b4ba8a4e9046774656ce8\\\",\\\"skuId\\\":\\\"a82efd10d76b402bbd603adc8a583f0e\\\",\\\"f\\\":146,\\\"fnId\\\":\\\"fb72b6f9c1e54625a551711f6ee72714\\\",\\\"fnType\\\":\\\"wolverine\\\",\\\"by\\\":\\\"Vibranium\\\",\\\"at\\\":\\\"2019-07-29T05:27:55+00:00\\\",\\\"invUssn\\\":52,\\\"isInf\\\":false}\"}"}
{"id":"faa57354d667490f83cacf5dfd71668e","table":"killmonger_events_table","keyspace":"msku","timestamp":"2019-07-29T05:45:03.419Z","clusteringKeys":["3cbcc7e28aac4f6fb0a8cde4e85483c0","updateVbIdSellingIdInventorySkipped/1","1564378192"],"changedColumns":["selling_id","fulfillment_node_id","event_type","update_at","stream_sequence_number","event_data"],"record":"{\"selling_id\":\"faa57354d667490f83cacf5dfd71668e\",\"fulfillment_node_id\":\"3cbcc7e28aac4f6fb0a8cde4e85483c0\",\"event_type\":\"updateVbIdSellingIdInventorySkipped/1\",\"update_at\":1564378192,\"stream_sequence_number\":95,\"event_data\":\"{\\\"id\\\":\\\"33309f6f582245a2939137cd7da910ff\\\",\\\"vbId\\\":\\\"faa57354d667490f83cacf5dfd71668e\\\",\\\"sellingId\\\":\\\"faa57354d667490f83cacf5dfd71668e\\\",\\\"merchantId\\\":\\\"7eaf70709bf149f890dc3a845871dab4\\\",\\\"skuId\\\":\\\"faa57354d667490f83cacf5dfd71668e\\\",\\\"f\\\":559,\\\"fnId\\\":\\\"3cbcc7e28aac4f6fb0a8cde4e85483c0\\\",\\\"fnType\\\":\\\"wolverine\\\",\\\"by\\\":\\\"Vibranium\\\",\\\"at\\\":\\\"2019-07-29T05:29:52+00:00\\\",\\\"invUssn\\\":76,\\\"isInf\\\":false}\"}"}
{"id":"faa57354d667490f83cacf5dfd71668e","table":"killmonger_events_table","keyspace":"msku","timestamp":"2019-07-29T05:45:03.419Z","clusteringKeys":["3cbcc7e28aac4f6fb0a8cde4e85483c0","updateVbIdSellingIdInventorySkipped/1","1564378192"],"changedColumns":["selling_id","fulfillment_node_id","event_type","update_at","stream_sequence_number","event_data"],"record":"{\"selling_id\":\"faa57354d667490f83cacf5dfd71668e\",\"fulfillment_node_id\":\"3cbcc7e28aac4f6fb0a8cde4e85483c0\",\"event_type\":\"updateVbIdSellingIdInventorySkipped/1\",\"update_at\":1564378192,\"stream_sequence_number\":96,\"event_data\":\"{\\\"id\\\":\\\"d1503cc9e1a74d8ab999c4d78ef98e4c\\\",\\\"vbId\\\":\\\"faa57354d667490f83cacf5dfd71668e\\\",\\\"sellingId\\\":\\\"faa57354d667490f83cacf5dfd71668e\\\",\\\"merchantId\\\":\\\"7eaf70709bf149f890dc3a845871dab4\\\",\\\"skuId\\\":\\\"faa57354d667490f83cacf5dfd71668e\\\",\\\"f\\\":559,\\\"fnId\\\":\\\"3cbcc7e28aac4f6fb0a8cde4e85483c0\\\",\\\"fnType\\\":\\\"wolverine\\\",\\\"by\\\":\\\"Vibranium\\\",\\\"at\\\":\\\"2019-07-29T05:29:52+00:00\\\",\\\"invUssn\\\":78,\\\"isInf\\\":false}\"}"}
{"id":"ade19c9b67614ea9a48b3ed9d1485ea2","table":"killmonger_events_table","keyspace":"msku","timestamp":"2019-07-29T05:40:44.606Z","clusteringKeys":["fb72b6f9c1e54625a551711f6ee72714","updateVbIdSellingIdInventorySkipped/1","1564378075"],"changedColumns":["selling_id","fulfillment_node_id","event_type","update_at","stream_sequence_number","event_data"],"record":"{\"selling_id\":\"ade19c9b67614ea9a48b3ed9d1485ea2\",\"fulfillment_node_id\":\"fb72b6f9c1e54625a551711f6ee72714\",\"event_type\":\"updateVbIdSellingIdInventorySkipped/1\",\"update_at\":1564378075,\"stream_sequence_number\":37,\"event_data\":\"{\\\"id\\\":\\\"816d0074ad83421ba81414894d9c741b\\\",\\\"vbId\\\":\\\"ade19c9b67614ea9a48b3ed9d1485ea2\\\",\\\"sellingId\\\":\\\"ade19c9b67614ea9a48b3ed9d1485ea2\\\",\\\"merchantId\\\":\\\"e43cf7756d0b4ba8a4e9046774656ce8\\\",\\\"skuId\\\":\\\"ade19c9b67614ea9a48b3ed9d1485ea2\\\",\\\"f\\\":110,\\\"fnId\\\":\\\"fb72b6f9c1e54625a551711f6ee72714\\\",\\\"fnType\\\":\\\"wolverine\\\",\\\"by\\\":\\\"Vibranium\\\",\\\"at\\\":\\\"2019-07-29T05:27:55+00:00\\\",\\\"invUssn\\\":48,\\\"isInf\\\":false}\"}"}
{"id":"ade19c9b67614ea9a48b3ed9d1485ea2","table":"killmonger_events_table","keyspace":"msku","timestamp":"2019-07-29T05:40:44.607Z","clusteringKeys":["fb72b6f9c1e54625a551711f6ee72714","updateVbIdSellingIdInventorySkipped/1","1564378075"],"changedColumns":["selling_id","fulfillment_node_id","event_type","update_at","stream_sequence_number","event_data"],"record":"{\"selling_id\":\"ade19c9b67614ea9a48b3ed9d1485ea2\",\"fulfillment_node_id\":\"fb72b6f9c1e54625a551711f6ee72714\",\"event_type\":\"updateVbIdSellingIdInventorySkipped/1\",\"update_at\":1564378075,\"stream_sequence_number\":38,\"event_data\":\"{\\\"id\\\":\\\"816d0074ad83421ba81414894d9c741b\\\",\\\"vbId\\\":\\\"ade19c9b67614ea9a48b3ed9d1485ea2\\\",\\\"sellingId\\\":\\\"ade19c9b67614ea9a48b3ed9d1485ea2\\\",\\\"merchantId\\\":\\\"e43cf7756d0b4ba8a4e9046774656ce8\\\",\\\"skuId\\\":\\\"ade19c9b67614ea9a48b3ed9d1485ea2\\\",\\\"f\\\":110,\\\"fnId\\\":\\\"fb72b6f9c1e54625a551711f6ee72714\\\",\\\"fnType\\\":\\\"wolverine\\\",\\\"by\\\":\\\"Vibranium\\\",\\\"at\\\":\\\"2019-07-29T05:27:55+00:00\\\",\\\"invUssn\\\":48,\\\"isInf\\\":false}\"}"}
{"id":"48DDC02DB12247E6ABEE5878E2D8B9F0","table":"killmonger_events_table","keyspace":"msku","timestamp":"2019-07-29T05:40:44.607Z","clusteringKeys":["8302","vbIdSellingIdInventoryUpdated/1","1564378913"],"changedColumns":["selling_id","fulfillment_node_id","event_type","update_at","stream_sequence_number","event_data"],"record":"{\"selling_id\":\"48DDC02DB12247E6ABEE5878E2D8B9F0\",\"fulfillment_node_id\":\"8302\",\"event_type\":\"vbIdSellingIdInventoryUpdated/1\",\"update_at\":1564378913,\"stream_sequence_number\":1137,\"event_data\":\"{\\\"id\\\":\\\"b04092224d48406e9a4dba755236e8bb\\\",\\\"vbId\\\":\\\"PantherMigrationVbId\\\",\\\"sellingId\\\":\\\"48DDC02DB12247E6ABEE5878E2D8B9F0\\\",\\\"merchantId\\\":\\\"9fc08905039048918982091f266c2a29\\\",\\\"skuId\\\":\\\"PantherMigrationSkuId\\\",\\\"f\\\":4,\\\"fnId\\\":\\\"8302\\\",\\\"by\\\":\\\"Killmonger.Migration.MapInWalmartInvUpdates\\\",\\\"at\\\":\\\"2019-07-29T05:41:53.451+00:00\\\",\\\"invUssn\\\":0,\\\"isInf\\\":false,\\\"ifa\\\":true,\\\"martAvail\\\":[{\\\"martId\\\":\\\"21\\\",\\\"ia\\\":true},{\\\"martId\\\":\\\"0\\\",\\\"ia\\\":true}],\\\"clt\\\":\\\"WoJ\\\"}\"}"}
{"id":"09DC1E44FE4F4114B2315BDEC7C8A143","table":"killmonger_events_table","keyspace":"msku","timestamp":"2019-07-29T05:45:03.420Z","clusteringKeys":["5926","vbIdSellingIdInventoryUpdated/1","1564376135"],"changedColumns":["selling_id","fulfillment_node_id","event_type","update_at","stream_sequence_number","event_data"],"record":"{\"selling_id\":\"09DC1E44FE4F4114B2315BDEC7C8A143\",\"fulfillment_node_id\":\"5926\",\"event_type\":\"vbIdSellingIdInventoryUpdated/1\",\"update_at\":1564376135,\"stream_sequence_number\":122,\"event_data\":\"{\\\"id\\\":\\\"1541a97453474ecb829f1f29f2decfac\\\",\\\"vbId\\\":\\\"PantherMigrationVbId\\\",\\\"sellingId\\\":\\\"09DC1E44FE4F4114B2315BDEC7C8A143\\\",\\\"merchantId\\\":\\\"9fc08905039048918982091f266c2a29\\\",\\\"skuId\\\":\\\"PantherMigrationSkuId\\\",\\\"f\\\":0,\\\"fnId\\\":\\\"5926\\\",\\\"by\\\":\\\"Killmonger.Migration.MapInWalmartInvUpdates\\\",\\\"at\\\":\\\"2019-07-29T04:55:35.444+00:00\\\",\\\"invUssn\\\":0,\\\"isInf\\\":false,\\\"ifa\\\":true,\\\"martAvail\\\":[{\\\"martId\\\":\\\"21\\\",\\\"ia\\\":true},{\\\"martId\\\":\\\"0\\\",\\\"ia\\\":true}],\\\"clt\\\":\\\"WoJ\\\"}\"}"}
{"id":"698D356F25CB47768C171E44057DDB74","table":"killmonger_events_table","keyspace":"msku","timestamp":"2019-07-29T05:44:36.948Z","clusteringKeys":["3559","vbIdSellingIdInventoryUpdated/1","1564378910"],"changedColumns":["selling_id","fulfillment_node_id","event_type","update_at","stream_sequence_number","event_data"],"record":"{\"selling_id\":\"698D356F25CB47768C171E44057DDB74\",\"fulfillment_node_id\":\"3559\",\"event_type\":\"vbIdSellingIdInventoryUpdated/1\",\"update_at\":1564378910,\"stream_sequence_number\":129,\"event_data\":\"{\\\"id\\\":\\\"623f096cc77b4703bc69b50781b81c71\\\",\\\"vbId\\\":\\\"PantherMigrationVbId\\\",\\\"sellingId\\\":\\\"698D356F25CB47768C171E44057DDB74\\\",\\\"merchantId\\\":\\\"9fc08905039048918982091f266c2a29\\\",\\\"skuId\\\":\\\"PantherMigrationSkuId\\\",\\\"f\\\":0,\\\"fnId\\\":\\\"3559\\\",\\\"by\\\":\\\"Killmonger.Migration.MapInWalmartInvUpdates\\\",\\\"at\\\":\\\"2019-07-29T05:41:50.228+00:00\\\",\\\"invUssn\\\":0,\\\"isInf\\\":false,\\\"ifa\\\":true,\\\"martAvail\\\":[{\\\"martId\\\":\\\"21\\\",\\\"ia\\\":true},{\\\"martId\\\":\\\"0\\\",\\\"ia\\\":true}],\\\"clt\\\":\\\"WoJ\\\"}\"}"}
{"id":"48DDC02DB12247E6ABEE5878E2D8B9F0","table":"killmonger_events_table","keyspace":"msku","timestamp":"2019-07-29T05:40:44.607Z","clusteringKeys":["8302","vbIdSellingIdInventoryUpdated/1","1564378913"],"changedColumns":["selling_id","fulfillment_node_id","event_type","update_at","stream_sequence_number","event_data"],"record":"{\"selling_id\":\"48DDC02DB12247E6ABEE5878E2D8B9F0\",\"fulfillment_node_id\":\"8302\",\"event_type\":\"vbIdSellingIdInventoryUpdated/1\",\"update_at\":1564378913,\"stream_sequence_number\":1138,\"event_data\":\"{\\\"id\\\":\\\"b04092224d48406e9a4dba755236e8bb\\\",\\\"vbId\\\":\\\"PantherMigrationVbId\\\",\\\"sellingId\\\":\\\"48DDC02DB12247E6ABEE5878E2D8B9F0\\\",\\\"merchantId\\\":\\\"9fc08905039048918982091f266c2a29\\\",\\\"skuId\\\":\\\"PantherMigrationSkuId\\\",\\\"f\\\":4,\\\"fnId\\\":\\\"8302\\\",\\\"by\\\":\\\"Killmonger.Migration.MapInWalmartInvUpdates\\\",\\\"at\\\":\\\"2019-07-29T05:41:53.451+00:00\\\",\\\"invUssn\\\":0,\\\"isInf\\\":false,\\\"ifa\\\":true,\\\"martAvail\\\":[{\\\"martId\\\":\\\"21\\\",\\\"ia\\\":true},{\\\"martId\\\":\\\"0\\\",\\\"ia\\\":true}],\\\"clt\\\":\\\"WoJ\\\"}\"}"}
{"id":"48DDC02DB12247E6ABEE5878E2D8B9F0","table":"killmonger_events_table","keyspace":"msku","timestamp":"2019-07-29T05:40:44.607Z","clusteringKeys":["8302","vbIdSellingIdInventoryUpdated/1","1564378913"],"changedColumns":["selling_id","fulfillment_node_id","event_type","update_at","stream_sequence_number","event_data"],"record":"{\"selling_id\":\"48DDC02DB12247E6ABEE5878E2D8B9F0\",\"fulfillment_node_id\":\"8302\",\"event_type\":\"vbIdSellingIdInventoryUpdated/1\",\"update_at\":1564378913,\"stream_sequence_number\":1139,\"event_data\":\"{\\\"id\\\":\\\"b04092224d48406e9a4dba755236e8bb\\\",\\\"vbId\\\":\\\"PantherMigrationVbId\\\",\\\"sellingId\\\":\\\"48DDC02DB12247E6ABEE5878E2D8B9F0\\\",\\\"merchantId\\\":\\\"9fc08905039048918982091f266c2a29\\\",\\\"skuId\\\":\\\"PantherMigrationSkuId\\\",\\\"f\\\":4,\\\"fnId\\\":\\\"8302\\\",\\\"by\\\":\\\"Killmonger.Migration.MapInWalmartInvUpdates\\\",\\\"at\\\":\\\"2019-07-29T05:41:53.451+00:00\\\",\\\"invUssn\\\":0,\\\"isInf\\\":false,\\\"ifa\\\":true,\\\"martAvail\\\":[{\\\"martId\\\":\\\"21\\\",\\\"ia\\\":true},{\\\"martId\\\":\\\"0\\\",\\\"ia\\\":true}],\\\"clt\\\":\\\"WoJ\\\"}\"}"}
{"id":"C53F077E81BC4BF69B3E4CB8929C48CF","table":"killmonger_events_table","keyspace":"msku","timestamp":"2019-07-29T05:40:44.607Z","clusteringKeys":["10000004964","updateVbIdSellingIdInventorySkipped/1","1564378295"],"changedColumns":["selling_id","fulfillment_node_id","event_type","update_at","stream_sequence_number","event_data"],"record":"{\"selling_id\":\"C53F077E81BC4BF69B3E4CB8929C48CF\",\"fulfillment_node_id\":\"10000004964\",\"event_type\":\"updateVbIdSellingIdInventorySkipped/1\",\"update_at\":1564378295,\"stream_sequence_number\":797,\"event_data\":\"{\\\"id\\\":\\\"0924451b5ef04d9bbcb43c43ff83341e\\\",\\\"vbId\\\":\\\"z7-13026151-4731\\\",\\\"sellingId\\\":\\\"C53F077E81BC4BF69B3E4CB8929C48CF\\\",\\\"merchantId\\\":\\\"4731\\\",\\\"skuId\\\":\\\"z7-13026151\\\",\\\"f\\\":2984,\\\"fnId\\\":\\\"10000004964\\\",\\\"fnType\\\":\\\"MARKETPLACE\\\",\\\"by\\\":\\\"Vibranium\\\",\\\"at\\\":\\\"2019-07-29T05:31:35+00:00\\\",\\\"invUssn\\\":658,\\\"catUssn\\\":1,\\\"isInf\\\":false}\"}"}
{"id":"d7605900ef4b4c3584d798dcb1eaa20d","table":"killmonger_events_table","keyspace":"msku","timestamp":"2019-07-29T05:40:44.606Z","clusteringKeys":["7d029b0996bd4f16bbd74454bab3ab2e","vbIdSellingIdInventoryUpdated/1","1564378274"],"changedColumns":["selling_id","fulfillment_node_id","event_type","update_at","stream_sequence_number","event_data"],"record":"{\"selling_id\":\"d7605900ef4b4c3584d798dcb1eaa20d\",\"fulfillment_node_id\":\"7d029b0996bd4f16bbd74454bab3ab2e\",\"event_type\":\"vbIdSellingIdInventoryUpdated/1\",\"update_at\":1564378274,\"stream_sequence_number\":37,\"event_data\":\"{\\\"id\\\":\\\"3c750b33a2e94f709246f52b7759d846\\\",\\\"vbId\\\":\\\"d7605900ef4b4c3584d798dcb1eaa20d\\\",\\\"sellingId\\\":\\\"d7605900ef4b4c3584d798dcb1eaa20d\\\",\\\"merchantId\\\":\\\"e43cf7756d0b4ba8a4e9046774656ce8\\\",\\\"skuId\\\":\\\"d7605900ef4b4c3584d798dcb1eaa20d\\\",\\\"f\\\":132,\\\"fnId\\\":\\\"7d029b0996bd4f16bbd74454bab3ab2e\\\",\\\"fnType\\\":\\\"wolverine\\\",\\\"by\\\":\\\"Vibranium\\\",\\\"at\\\":\\\"2019-07-29T05:31:14+00:00\\\",\\\"invUssn\\\":49,\\\"isInf\\\":false,\\\"ifa\\\":true,\\\"martAvail\\\":[{\\\"martId\\\":\\\"21\\\",\\\"ia\\\":true}],\\\"clt\\\":\\\"JoJ\\\"}\"}"}
{"id":"681408E5F5C649D88043EC0051B22CFF","table":"killmonger_events_table","keyspace":"msku","timestamp":"2019-07-29T05:40:44.608Z","clusteringKeys":["10000001088","updateVbIdSellingIdInventorySkipped/1","1564375655"],"changedColumns":["selling_id","fulfillment_node_id","event_type","update_at","stream_sequence_number","event_data"],"record":"{\"selling_id\":\"681408E5F5C649D88043EC0051B22CFF\",\"fulfillment_node_id\":\"10000001088\",\"event_type\":\"updateVbIdSellingIdInventorySkipped/1\",\"update_at\":1564375655,\"stream_sequence_number\":3290,\"event_data\":\"{\\\"id\\\":\\\"4ccc7fd9298a4036ab57d32b395ace6b\\\",\\\"vbId\\\":\\\"GV6a-1228\\\",\\\"sellingId\\\":\\\"681408E5F5C649D88043EC0051B22CFF\\\",\\\"merchantId\\\":\\\"1228\\\",\\\"skuId\\\":\\\"GV6a\\\",\\\"f\\\":120,\\\"fnId\\\":\\\"10000001088\\\",\\\"fnType\\\":\\\"MARKETPLACE\\\",\\\"by\\\":\\\"Vibranium\\\",\\\"at\\\":\\\"2019-07-29T04:47:35+00:00\\\",\\\"invUssn\\\":2690,\\\"catUssn\\\":0,\\\"isInf\\\":false}\"}"}
{"id":"d7605900ef4b4c3584d798dcb1eaa20d","table":"killmonger_events_table","keyspace":"msku","timestamp":"2019-07-29T05:40:44.607Z","clusteringKeys":["7d029b0996bd4f16bbd74454bab3ab2e","updateVbIdSellingIdInventorySkipped/1","1564378274"],"changedColumns":["selling_id","fulfillment_node_id","event_type","update_at","stream_sequence_number","event_data"],"record":"{\"selling_id\":\"d7605900ef4b4c3584d798dcb1eaa20d\",\"fulfillment_node_id\":\"7d029b0996bd4f16bbd74454bab3ab2e\",\"event_type\":\"updateVbIdSellingIdInventorySkipped/1\",\"update_at\":1564378274,\"stream_sequence_number\":38,\"event_data\":\"{\\\"id\\\":\\\"3c750b33a2e94f709246f52b7759d846\\\",\\\"vbId\\\":\\\"d7605900ef4b4c3584d798dcb1eaa20d\\\",\\\"sellingId\\\":\\\"d7605900ef4b4c3584d798dcb1eaa20d\\\",\\\"merchantId\\\":\\\"e43cf7756d0b4ba8a4e9046774656ce8\\\",\\\"skuId\\\":\\\"d7605900ef4b4c3584d798dcb1eaa20d\\\",\\\"f\\\":132,\\\"fnId\\\":\\\"7d029b0996bd4f16bbd74454bab3ab2e\\\",\\\"fnType\\\":\\\"wolverine\\\",\\\"by\\\":\\\"Vibranium\\\",\\\"at\\\":\\\"2019-07-29T05:31:14+00:00\\\",\\\"invUssn\\\":49,\\\"isInf\\\":false}\"}"}
{"id":"505666D9A54047F7AFA1F045C9557A51","table":"killmonger_events_table","keyspace":"msku","timestamp":"2019-07-29T05:40:44.608Z","clusteringKeys":["10000010346","vbIdSellingIdInventoryUpdated/1","1564378244"],"changedColumns":["selling_id","fulfillment_node_id","event_type","update_at","stream_sequence_number","event_data"],"record":"{\"selling_id\":\"505666D9A54047F7AFA1F045C9557A51\",\"fulfillment_node_id\":\"10000010346\",\"event_type\":\"vbIdSellingIdInventoryUpdated/1\",\"update_at\":1564378244,\"stream_sequence_number\":3681,\"event_data\":\"{\\\"id\\\":\\\"939b786329c84b71b88f0c537ed301e5\\\",\\\"vbId\\\":\\\"PS17556-06/2XL-9994\\\",\\\"sellingId\\\":\\\"505666D9A54047F7AFA1F045C9557A51\\\",\\\"merchantId\\\":\\\"9994\\\",\\\"skuId\\\":\\\"PS17556-06/2XL\\\",\\\"f\\\":20,\\\"fnId\\\":\\\"10000010346\\\",\\\"fnType\\\":\\\"MARKETPLACE\\\",\\\"by\\\":\\\"Vibranium\\\",\\\"at\\\":\\\"2019-07-29T05:30:44+00:00\\\",\\\"invUssn\\\":2990,\\\"catUssn\\\":1,\\\"isInf\\\":false,\\\"ifa\\\":true,\\\"martAvail\\\":[{\\\"martId\\\":\\\"0\\\",\\\"ia\\\":true}],\\\"clt\\\":\\\"WoW\\\"}\"}"}
{"id":"d7605900ef4b4c3584d798dcb1eaa20d","table":"killmonger_events_table","keyspace":"msku","timestamp":"2019-07-29T05:40:44.607Z","clusteringKeys":["7d029b0996bd4f16bbd74454bab3ab2e","vbIdSellingIdInventoryUpdated/1","1564378274"],"changedColumns":["selling_id","fulfillment_node_id","event_type","update_at","stream_sequence_number","event_data"],"record":"{\"selling_id\":\"d7605900ef4b4c3584d798dcb1eaa20d\",\"fulfillment_node_id\":\"7d029b0996bd4f16bbd74454bab3ab2e\",\"event_type\":\"vbIdSellingIdInventoryUpdated/1\",\"update_at\":1564378274,\"stream_sequence_number\":39,\"event_data\":\"{\\\"id\\\":\\\"9b77031bdfc5470fa2e07c8082e8cf2b\\\",\\\"vbId\\\":\\\"d7605900ef4b4c3584d798dcb1eaa20d\\\",\\\"sellingId\\\":\\\"d7605900ef4b4c3584d798dcb1eaa20d\\\",\\\"merchantId\\\":\\\"e43cf7756d0b4ba8a4e9046774656ce8\\\",\\\"skuId\\\":\\\"d7605900ef4b4c3584d798dcb1eaa20d\\\",\\\"f\\\":132,\\\"fnId\\\":\\\"7d029b0996bd4f16bbd74454bab3ab2e\\\",\\\"fnType\\\":\\\"wolverine\\\",\\\"by\\\":\\\"Vibranium\\\",\\\"at\\\":\\\"2019-07-29T05:31:14+00:00\\\",\\\"invUssn\\\":51,\\\"isInf\\\":false,\\\"ifa\\\":true,\\\"martAvail\\\":[{\\\"martId\\\":\\\"21\\\",\\\"ia\\\":true}],\\\"clt\\\":\\\"JoJ\\\"}\"}"}
{"id":"d7605900ef4b4c3584d798dcb1eaa20d","table":"killmonger_events_table","keyspace":"msku","timestamp":"2019-07-29T05:40:44.607Z","clusteringKeys":["7d029b0996bd4f16bbd74454bab3ab2e","updateVbIdSellingIdInventorySkipped/1","1564378274"],"changedColumns":["selling_id","fulfillment_node_id","event_type","update_at","stream_sequence_number","event_data"],"record":"{\"selling_id\":\"d7605900ef4b4c3584d798dcb1eaa20d\",\"fulfillment_node_id\":\"7d029b0996bd4f16bbd74454bab3ab2e\",\"event_type\":\"updateVbIdSellingIdInventorySkipped/1\",\"update_at\":1564378274,\"stream_sequence_number\":40,\"event_data\":\"{\\\"id\\\":\\\"9b77031bdfc5470fa2e07c8082e8cf2b\\\",\\\"vbId\\\":\\\"d7605900ef4b4c3584d798dcb1eaa20d\\\",\\\"sellingId\\\":\\\"d7605900ef4b4c3584d798dcb1eaa20d\\\",\\\"merchantId\\\":\\\"e43cf7756d0b4ba8a4e9046774656ce8\\\",\\\"skuId\\\":\\\"d7605900ef4b4c3584d798dcb1eaa20d\\\",\\\"f\\\":132,\\\"fnId\\\":\\\"7d029b0996bd4f16bbd74454bab3ab2e\\\",\\\"fnType\\\":\\\"wolverine\\\",\\\"by\\\":\\\"Vibranium\\\",\\\"at\\\":\\\"2019-07-29T05:31:14+00:00\\\",\\\"invUssn\\\":51,\\\"isInf\\\":false}\"}"}
{"id":"e37552545e7e4440af54be7f9b3871b4","table":"killmonger_events_table","keyspace":"msku","timestamp":"2019-07-29T05:44:36.947Z","clusteringKeys":["fb72b6f9c1e54625a551711f6ee72714","updateVbIdSellingIdInventorySkipped/1","1564378075"],"changedColumns":["selling_id","fulfillment_node_id","event_type","update_at","stream_sequence_number","event_data"],"record":"{\"selling_id\":\"e37552545e7e4440af54be7f9b3871b4\",\"fulfillment_node_id\":\"fb72b6f9c1e54625a551711f6ee72714\",\"event_type\":\"updateVbIdSellingIdInventorySkipped/1\",\"update_at\":1564378075,\"stream_sequence_number\":45,\"event_data\":\"{\\\"id\\\":\\\"171790359124436b985750ed3bbab050\\\",\\\"vbId\\\":\\\"e37552545e7e4440af54be7f9b3871b4\\\",\\\"sellingId\\\":\\\"e37552545e7e4440af54be7f9b3871b4\\\",\\\"merchantId\\\":\\\"e43cf7756d0b4ba8a4e9046774656ce8\\\",\\\"skuId\\\":\\\"e37552545e7e4440af54be7f9b3871b4\\\",\\\"f\\\":141,\\\"fnId\\\":\\\"fb72b6f9c1e54625a551711f6ee72714\\\",\\\"fnType\\\":\\\"wolverine\\\",\\\"by\\\":\\\"Vibranium\\\",\\\"at\\\":\\\"2019-07-29T05:27:55+00:00\\\",\\\"invUssn\\\":49,\\\"isInf\\\":false}\"}"}
{"id":"dc52da8f3d0642978f5f92f3c6832b71","table":"killmonger_events_table","keyspace":"msku","timestamp":"2019-07-29T05:44:36.947Z","clusteringKeys":["7d029b0996bd4f16bbd74454bab3ab2e","vbIdSellingIdInventoryUpdated/1","1564378274"],"changedColumns":["selling_id","fulfillment_node_id","event_type","update_at","stream_sequence_number","event_data"],"record":"{\"selling_id\":\"dc52da8f3d0642978f5f92f3c6832b71\",\"fulfillment_node_id\":\"7d029b0996bd4f16bbd74454bab3ab2e\",\"event_type\":\"vbIdSellingIdInventoryUpdated/1\",\"update_at\":1564378274,\"stream_sequence_number\":37,\"event_data\":\"{\\\"id\\\":\\\"dc278c0114e041f9ae9061f1921b7988\\\",\\\"vbId\\\":\\\"dc52da8f3d0642978f5f92f3c6832b71\\\",\\\"sellingId\\\":\\\"dc52da8f3d0642978f5f92f3c6832b71\\\",\\\"merchantId\\\":\\\"e43cf7756d0b4ba8a4e9046774656ce8\\\",\\\"skuId\\\":\\\"dc52da8f3d0642978f5f92f3c6832b71\\\",\\\"f\\\":86,\\\"fnId\\\":\\\"7d029b0996bd4f16bbd74454bab3ab2e\\\",\\\"fnType\\\":\\\"wolverine\\\",\\\"by\\\":\\\"Vibranium\\\",\\\"at\\\":\\\"2019-07-29T05:31:14+00:00\\\",\\\"invUssn\\\":49,\\\"isInf\\\":false,\\\"ifa\\\":true,\\\"martAvail\\\":[{\\\"martId\\\":\\\"21\\\",\\\"ia\\\":true}],\\\"clt\\\":\\\"JoJ\\\"}\"}"}
{"id":"f84374f7765e49baac82608836a4a06f","table":"killmonger_events_table","keyspace":"msku","timestamp":"2019-07-29T05:45:02.366Z","clusteringKeys":["fb72b6f9c1e54625a551711f6ee72714","vbIdSellingIdInventoryUpdated/1","1564378075"],"changedColumns":["selling_id","fulfillment_node_id","event_type","update_at","stream_sequence_number","event_data"],"record":"{\"selling_id\":\"f84374f7765e49baac82608836a4a06f\",\"fulfillment_node_id\":\"fb72b6f9c1e54625a551711f6ee72714\",\"event_type\":\"vbIdSellingIdInventoryUpdated/1\",\"update_at\":1564378075,\"stream_sequence_number\":37,\"event_data\":\"{\\\"id\\\":\\\"45a47477b7cb49cbb4e7372ebf79d909\\\",\\\"vbId\\\":\\\"f84374f7765e49baac82608836a4a06f\\\",\\\"sellingId\\\":\\\"f84374f7765e49baac82608836a4a06f\\\",\\\"merchantId\\\":\\\"e43cf7756d0b4ba8a4e9046774656ce8\\\",\\\"skuId\\\":\\\"f84374f7765e49baac82608836a4a06f\\\",\\\"f\\\":147,\\\"fnId\\\":\\\"fb72b6f9c1e54625a551711f6ee72714\\\",\\\"fnType\\\":\\\"wolverine\\\",\\\"by\\\":\\\"Vibranium\\\",\\\"at\\\":\\\"2019-07-29T05:27:55+00:00\\\",\\\"invUssn\\\":49,\\\"isInf\\\":false,\\\"ifa\\\":true,\\\"martAvail\\\":[{\\\"martId\\\":\\\"21\\\",\\\"ia\\\":true}],\\\"clt\\\":\\\"JoJ\\\"}\"}"}
{"id":"F4F2C47B175346EEAB6DA491807E572F","table":"killmonger_events_table","keyspace":"msku","timestamp":"2019-07-29T05:45:02.367Z","clusteringKeys":["3373","vbIdSellingIdInventoryUpdated/1","1564378908"],"changedColumns":["selling_id","fulfillment_node_id","event_type","update_at","stream_sequence_number","event_data"],"record":"{\"selling_id\":\"F4F2C47B175346EEAB6DA491807E572F\",\"fulfillment_node_id\":\"3373\",\"event_type\":\"vbIdSellingIdInventoryUpdated/1\",\"update_at\":1564378908,\"stream_sequence_number\":144,\"event_data\":\"{\\\"id\\\":\\\"9f044399cb02428db4a5ce419bd99671\\\",\\\"vbId\\\":\\\"PantherMigrationVbId\\\",\\\"sellingId\\\":\\\"F4F2C47B175346EEAB6DA491807E572F\\\",\\\"merchantId\\\":\\\"9fc08905039048918982091f266c2a29\\\",\\\"skuId\\\":\\\"PantherMigrationSkuId\\\",\\\"f\\\":0,\\\"fnId\\\":\\\"3373\\\",\\\"by\\\":\\\"Killmonger.Migration.MapInWalmartInvUpdates\\\",\\\"at\\\":\\\"2019-07-29T05:41:48.981+00:00\\\",\\\"invUssn\\\":0,\\\"isInf\\\":false,\\\"ifa\\\":true,\\\"martAvail\\\":[{\\\"martId\\\":\\\"21\\\",\\\"ia\\\":true},{\\\"martId\\\":\\\"0\\\",\\\"ia\\\":true}],\\\"clt\\\":\\\"WoJ\\\"}\"}"}
{"id":"F4F2C47B175346EEAB6DA491807E572F","table":"killmonger_events_table","keyspace":"msku","timestamp":"2019-07-29T05:45:02.367Z","clusteringKeys":["3373","vbIdSellingIdInventoryUpdated/1","1564378908"],"changedColumns":["selling_id","fulfillment_node_id","event_type","update_at","stream_sequence_number","event_data"],"record":"{\"selling_id\":\"F4F2C47B175346EEAB6DA491807E572F\",\"fulfillment_node_id\":\"3373\",\"event_type\":\"vbIdSellingIdInventoryUpdated/1\",\"update_at\":1564378908,\"stream_sequence_number\":145,\"event_data\":\"{\\\"id\\\":\\\"9f044399cb02428db4a5ce419bd99671\\\",\\\"vbId\\\":\\\"PantherMigrationVbId\\\",\\\"sellingId\\\":\\\"F4F2C47B175346EEAB6DA491807E572F\\\",\\\"merchantId\\\":\\\"9fc08905039048918982091f266c2a29\\\",\\\"skuId\\\":\\\"PantherMigrationSkuId\\\",\\\"f\\\":0,\\\"fnId\\\":\\\"3373\\\",\\\"by\\\":\\\"Killmonger.Migration.MapInWalmartInvUpdates\\\",\\\"at\\\":\\\"2019-07-29T05:41:48.981+00:00\\\",\\\"invUssn\\\":0,\\\"isInf\\\":false,\\\"ifa\\\":true,\\\"martAvail\\\":[{\\\"martId\\\":\\\"21\\\",\\\"ia\\\":true},{\\\"martId\\\":\\\"0\\\",\\\"ia\\\":true}],\\\"clt\\\":\\\"WoJ\\\"}\"}"}
{"id":"80d61ab755ed4cbf9a617e7c8632c0ff","table":"killmonger_events_table","keyspace":"msku","timestamp":"2019-07-29T05:40:44.609Z","clusteringKeys":["42c86f166857408dadca79a5f0766738","vbIdSellingIdInventoryUpdated/1","1564378166"],"changedColumns":["selling_id","fulfillment_node_id","event_type","update_at","stream_sequence_number","event_data"],"record":"{\"selling_id\":\"80d61ab755ed4cbf9a617e7c8632c0ff\",\"fulfillment_node_id\":\"42c86f166857408dadca79a5f0766738\",\"event_type\":\"vbIdSellingIdInventoryUpdated/1\",\"update_at\":1564378166,\"stream_sequence_number\":181,\"event_data\":\"{\\\"id\\\":\\\"21ee3288296c463c97f9609e5247d97f\\\",\\\"vbId\\\":\\\"80d61ab755ed4cbf9a617e7c8632c0ff\\\",\\\"sellingId\\\":\\\"80d61ab755ed4cbf9a617e7c8632c0ff\\\",\\\"merchantId\\\":\\\"d1e151d0c15e4034958fa7221d0ea30b\\\",\\\"skuId\\\":\\\"80d61ab755ed4cbf9a617e7c8632c0ff\\\",\\\"f\\\":10,\\\"fnId\\\":\\\"42c86f166857408dadca79a5f0766738\\\",\\\"fnType\\\":\\\"wolverine\\\",\\\"by\\\":\\\"Vibranium\\\",\\\"at\\\":\\\"2019-07-29T05:29:26+00:00\\\",\\\"invUssn\\\":204,\\\"isInf\\\":false,\\\"ifa\\\":true,\\\"martAvail\\\":[{\\\"martId\\\":\\\"21\\\",\\\"ia\\\":true}],\\\"clt\\\":\\\"JoJ\\\"}\"}"}
{"id":"219c155ffa794d3f9eda89c8c16b85e2","table":"killmonger_events_table","keyspace":"msku","timestamp":"2019-07-29T05:40:44.609Z","clusteringKeys":["3cbcc7e28aac4f6fb0a8cde4e85483c0","updateVbIdSellingIdInventorySkipped/1","1564375350"],"changedColumns":["selling_id","fulfillment_node_id","event_type","update_at","stream_sequence_number","event_data"],"record":"{\"selling_id\":\"219c155ffa794d3f9eda89c8c16b85e2\",\"fulfillment_node_id\":\"3cbcc7e28aac4f6fb0a8cde4e85483c0\",\"event_type\":\"updateVbIdSellingIdInventorySkipped/1\",\"update_at\":1564375350,\"stream_sequence_number\":84,\"event_data\":\"{\\\"id\\\":\\\"74a63e1bf2e24b978c92a279ff279bd9\\\",\\\"vbId\\\":\\\"219c155ffa794d3f9eda89c8c16b85e2\\\",\\\"sellingId\\\":\\\"219c155ffa794d3f9eda89c8c16b85e2\\\",\\\"merchantId\\\":\\\"7eaf70709bf149f890dc3a845871dab4\\\",\\\"skuId\\\":\\\"219c155ffa794d3f9eda89c8c16b85e2\\\",\\\"f\\\":559,\\\"fnId\\\":\\\"3cbcc7e28aac4f6fb0a8cde4e85483c0\\\",\\\"fnType\\\":\\\"wolverine\\\",\\\"by\\\":\\\"Vibranium\\\",\\\"at\\\":\\\"2019-07-29T04:42:30+00:00\\\",\\\"invUssn\\\":66,\\\"isInf\\\":false}\"}"}
{"id":"f69d5e96202b4721976ccd83650ff99d","table":"killmonger_events_table","keyspace":"msku","timestamp":"2019-07-29T05:40:44.609Z","clusteringKeys":["fb72b6f9c1e54625a551711f6ee72714","vbIdSellingIdInventoryUpdated/1","1564378274"],"changedColumns":["selling_id","fulfillment_node_id","event_type","update_at","stream_sequence_number","event_data"],"record":"{\"selling_id\":\"f69d5e96202b4721976ccd83650ff99d\",\"fulfillment_node_id\":\"fb72b6f9c1e54625a551711f6ee72714\",\"event_type\":\"vbIdSellingIdInventoryUpdated/1\",\"update_at\":1564378274,\"stream_sequence_number\":36,\"event_data\":\"{\\\"id\\\":\\\"bccda12fb4c849a3ad01736a566e7bb2\\\",\\\"vbId\\\":\\\"f69d5e96202b4721976ccd83650ff99d\\\",\\\"sellingId\\\":\\\"f69d5e96202b4721976ccd83650ff99d\\\",\\\"merchantId\\\":\\\"e43cf7756d0b4ba8a4e9046774656ce8\\\",\\\"skuId\\\":\\\"f69d5e96202b4721976ccd83650ff99d\\\",\\\"f\\\":108,\\\"fnId\\\":\\\"fb72b6f9c1e54625a551711f6ee72714\\\",\\\"fnType\\\":\\\"wolverine\\\",\\\"by\\\":\\\"Vibranium\\\",\\\"at\\\":\\\"2019-07-29T05:31:14+00:00\\\",\\\"invUssn\\\":49,\\\"isInf\\\":false,\\\"ifa\\\":true,\\\"martAvail\\\":[{\\\"martId\\\":\\\"21\\\",\\\"ia\\\":true}],\\\"clt\\\":\\\"JoJ\\\"}\"}"}
{"id":"207c03d237fc4f25865f079ef569b601","table":"killmonger_events_table","keyspace":"msku","timestamp":"2019-07-29T05:44:36.950Z","clusteringKeys":["c7e42bbec71748469f3409fac72e56f2","vbIdSellingIdInventoryUpdated/1","1564378259"],"changedColumns":["selling_id","fulfillment_node_id","event_type","update_at","stream_sequence_number","event_data"],"record":"{\"selling_id\":\"207c03d237fc4f25865f079ef569b601\",\"fulfillment_node_id\":\"c7e42bbec71748469f3409fac72e56f2\",\"event_type\":\"vbIdSellingIdInventoryUpdated/1\",\"update_at\":1564378259,\"stream_sequence_number\":198,\"event_data\":\"{\\\"id\\\":\\\"8baf007fd1024fd0993da10fe0e7e65b\\\",\\\"vbId\\\":\\\"207c03d237fc4f25865f079ef569b601\\\",\\\"sellingId\\\":\\\"207c03d237fc4f25865f079ef569b601\\\",\\\"merchantId\\\":\\\"551717ddd0054aa088ac5aa2e3f5e824\\\",\\\"skuId\\\":\\\"207c03d237fc4f25865f079ef569b601\\\",\\\"f\\\":8888,\\\"fnId\\\":\\\"c7e42bbec71748469f3409fac72e56f2\\\",\\\"fnType\\\":\\\"wolverine\\\",\\\"by\\\":\\\"Vibranium\\\",\\\"at\\\":\\\"2019-07-29T05:30:59+00:00\\\",\\\"invUssn\\\":224,\\\"isInf\\\":false,\\\"ifa\\\":true,\\\"martAvail\\\":[{\\\"martId\\\":\\\"21\\\",\\\"ia\\\":true}],\\\"clt\\\":\\\"JoJ\\\"}\"}"}
{"id":"207c03d237fc4f25865f079ef569b601","table":"killmonger_events_table","keyspace":"msku","timestamp":"2019-07-29T05:44:36.950Z","clusteringKeys":["c7e42bbec71748469f3409fac72e56f2","updateVbIdSellingIdInventorySkipped/1","1564378259"],"changedColumns":["selling_id","fulfillment_node_id","event_type","update_at","stream_sequence_number","event_data"],"record":"{\"selling_id\":\"207c03d237fc4f25865f079ef569b601\",\"fulfillment_node_id\":\"c7e42bbec71748469f3409fac72e56f2\",\"event_type\":\"updateVbIdSellingIdInventorySkipped/1\",\"update_at\":1564378259,\"stream_sequence_number\":199,\"event_data\":\"{\\\"id\\\":\\\"8baf007fd1024fd0993da10fe0e7e65b\\\",\\\"vbId\\\":\\\"207c03d237fc4f25865f079ef569b601\\\",\\\"sellingId\\\":\\\"207c03d237fc4f25865f079ef569b601\\\",\\\"merchantId\\\":\\\"551717ddd0054aa088ac5aa2e3f5e824\\\",\\\"skuId\\\":\\\"207c03d237fc4f25865f079ef569b601\\\",\\\"f\\\":8888,\\\"fnId\\\":\\\"c7e42bbec71748469f3409fac72e56f2\\\",\\\"fnType\\\":\\\"wolverine\\\",\\\"by\\\":\\\"Vibranium\\\",\\\"at\\\":\\\"2019-07-29T05:30:59+00:00\\\",\\\"invUssn\\\":224,\\\"isInf\\\":false}\"}"}
{"id":"02f454ca9b4641bcb79aa295a240a9d1","table":"killmonger_events_table","keyspace":"msku","timestamp":"2019-07-29T05:45:02.366Z","clusteringKeys":["fb72b6f9c1e54625a551711f6ee72714","updateVbIdSellingIdInventorySkipped/1","1564377874"],"changedColumns":["selling_id","fulfillment_node_id","event_type","update_at","stream_sequence_number","event_data"],"record":"{\"selling_id\":\"02f454ca9b4641bcb79aa295a240a9d1\",\"fulfillment_node_id\":\"fb72b6f9c1e54625a551711f6ee72714\",\"event_type\":\"updateVbIdSellingIdInventorySkipped/1\",\"update_at\":1564377874,\"stream_sequence_number\":53,\"event_data\":\"{\\\"id\\\":\\\"c79266332133434cae1f9372df3ea1ec\\\",\\\"vbId\\\":\\\"02f454ca9b4641bcb79aa295a240a9d1\\\",\\\"sellingId\\\":\\\"02f454ca9b4641bcb79aa295a240a9d1\\\",\\\"merchantId\\\":\\\"e43cf7756d0b4ba8a4e9046774656ce8\\\",\\\"skuId\\\":\\\"02f454ca9b4641bcb79aa295a240a9d1\\\",\\\"f\\\":78,\\\"fnId\\\":\\\"fb72b6f9c1e54625a551711f6ee72714\\\",\\\"fnType\\\":\\\"wolverine\\\",\\\"by\\\":\\\"Vibranium\\\",\\\"at\\\":\\\"2019-07-29T05:24:34+00:00\\\",\\\"invUssn\\\":49,\\\"isInf\\\":false}\"}"}
{"id":"02f454ca9b4641bcb79aa295a240a9d1","table":"killmonger_events_table","keyspace":"msku","timestamp":"2019-07-29T05:45:02.366Z","clusteringKeys":["fb72b6f9c1e54625a551711f6ee72714","updateVbIdSellingIdInventorySkipped/1","1564377874"],"changedColumns":["selling_id","fulfillment_node_id","event_type","update_at","stream_sequence_number","event_data"],"record":"{\"selling_id\":\"02f454ca9b4641bcb79aa295a240a9d1\",\"fulfillment_node_id\":\"fb72b6f9c1e54625a551711f6ee72714\",\"event_type\":\"updateVbIdSellingIdInventorySkipped/1\",\"update_at\":1564377874,\"stream_sequence_number\":54,\"event_data\":\"{\\\"id\\\":\\\"c79266332133434cae1f9372df3ea1ec\\\",\\\"vbId\\\":\\\"02f454ca9b4641bcb79aa295a240a9d1\\\",\\\"sellingId\\\":\\\"02f454ca9b4641bcb79aa295a240a9d1\\\",\\\"merchantId\\\":\\\"e43cf7756d0b4ba8a4e9046774656ce8\\\",\\\"skuId\\\":\\\"02f454ca9b4641bcb79aa295a240a9d1\\\",\\\"f\\\":78,\\\"fnId\\\":\\\"fb72b6f9c1e54625a551711f6ee72714\\\",\\\"fnType\\\":\\\"wolverine\\\",\\\"by\\\":\\\"Vibranium\\\",\\\"at\\\":\\\"2019-07-29T05:24:34+00:00\\\",\\\"invUssn\\\":49,\\\"isInf\\\":false}\"}"}
{"id":"86cc18450f924007963ff2b837b3cd75","table":"killmonger_events_table","keyspace":"msku","timestamp":"2019-07-29T05:40:44.616Z","clusteringKeys":["fb72b6f9c1e54625a551711f6ee72714","updateVbIdSellingIdInventorySkipped/1","1564375160"],"changedColumns":["selling_id","fulfillment_node_id","event_type","update_at","stream_sequence_number","event_data"],"record":"{\"selling_id\":\"86cc18450f924007963ff2b837b3cd75\",\"fulfillment_node_id\":\"fb72b6f9c1e54625a551711f6ee72714\",\"event_type\":\"updateVbIdSellingIdInventorySkipped/1\",\"update_at\":1564375160,\"stream_sequence_number\":47,\"event_data\":\"{\\\"id\\\":\\\"d95c350afd1f4e56a712c8be504eb18c\\\",\\\"vbId\\\":\\\"86cc18450f924007963ff2b837b3cd75\\\",\\\"sellingId\\\":\\\"86cc18450f924007963ff2b837b3cd75\\\",\\\"merchantId\\\":\\\"e43cf7756d0b4ba8a4e9046774656ce8\\\",\\\"skuId\\\":\\\"86cc18450f924007963ff2b837b3cd75\\\",\\\"f\\\":99,\\\"fnId\\\":\\\"fb72b6f9c1e54625a551711f6ee72714\\\",\\\"fnType\\\":\\\"wolverine\\\",\\\"by\\\":\\\"Vibranium\\\",\\\"at\\\":\\\"2019-07-29T04:39:20+00:00\\\",\\\"invUssn\\\":50,\\\"isInf\\\":false}\"}"}
{"id":"86cc18450f924007963ff2b837b3cd75","table":"killmonger_events_table","keyspace":"msku","timestamp":"2019-07-29T05:40:44.616Z","clusteringKeys":["fb72b6f9c1e54625a551711f6ee72714","updateVbIdSellingIdInventorySkipped/1","1564375160"],"changedColumns":["selling_id","fulfillment_node_id","event_type","update_at","stream_sequence_number","event_data"],"record":"{\"selling_id\":\"86cc18450f924007963ff2b837b3cd75\",\"fulfillment_node_id\":\"fb72b6f9c1e54625a551711f6ee72714\",\"event_type\":\"updateVbIdSellingIdInventorySkipped/1\",\"update_at\":1564375160,\"stream_sequence_number\":48,\"event_data\":\"{\\\"id\\\":\\\"e31060f0508c4c6088fbc9585fe4da02\\\",\\\"vbId\\\":\\\"86cc18450f924007963ff2b837b3cd75\\\",\\\"sellingId\\\":\\\"86cc18450f924007963ff2b837b3cd75\\\",\\\"merchantId\\\":\\\"e43cf7756d0b4ba8a4e9046774656ce8\\\",\\\"skuId\\\":\\\"86cc18450f924007963ff2b837b3cd75\\\",\\\"f\\\":99,\\\"fnId\\\":\\\"fb72b6f9c1e54625a551711f6ee72714\\\",\\\"fnType\\\":\\\"wolverine\\\",\\\"by\\\":\\\"Vibranium\\\",\\\"at\\\":\\\"2019-07-29T04:39:20+00:00\\\",\\\"invUssn\\\":50,\\\"isInf\\\":false}\"}"}
{"id":"BEF35F7BFE78467CA1686029E2AB0D2B","table":"killmonger_events_table","keyspace":"msku","timestamp":"2019-07-29T05:45:02.367Z","clusteringKeys":["4364","vbIdSellingIdInventoryUpdated/1","1564378910"],"changedColumns":["selling_id","fulfillment_node_id","event_type","update_at","stream_sequence_number","event_data"],"record":"{\"selling_id\":\"BEF35F7BFE78467CA1686029E2AB0D2B\",\"fulfillment_node_id\":\"4364\",\"event_type\":\"vbIdSellingIdInventoryUpdated/1\",\"update_at\":1564378910,\"stream_sequence_number\":125,\"event_data\":\"{\\\"id\\\":\\\"179c7bc71e564a19b83a5e9d9873ab41\\\",\\\"vbId\\\":\\\"PantherMigrationVbId\\\",\\\"sellingId\\\":\\\"BEF35F7BFE78467CA1686029E2AB0D2B\\\",\\\"merchantId\\\":\\\"9fc08905039048918982091f266c2a29\\\",\\\"skuId\\\":\\\"PantherMigrationSkuId\\\",\\\"f\\\":0,\\\"fnId\\\":\\\"4364\\\",\\\"by\\\":\\\"Killmonger.Migration.MapInWalmartInvUpdates\\\",\\\"at\\\":\\\"2019-07-29T05:41:50.835+00:00\\\",\\\"invUssn\\\":0,\\\"isInf\\\":false,\\\"ifa\\\":true,\\\"martAvail\\\":[{\\\"martId\\\":\\\"21\\\",\\\"ia\\\":true},{\\\"martId\\\":\\\"0\\\",\\\"ia\\\":true}],\\\"clt\\\":\\\"WoJ\\\"}\"}"}
{"id":"C41841B40A5741F089DB5BD6133944F7","table":"killmonger_events_table","keyspace":"msku","timestamp":"2019-07-29T05:45:02.369Z","clusteringKeys":["10000002907","vbIdSellingIdInventoryUpdated/1","1564374879"],"changedColumns":["selling_id","fulfillment_node_id","event_type","update_at","stream_sequence_number","event_data"],"record":"{\"selling_id\":\"C41841B40A5741F089DB5BD6133944F7\",\"fulfillment_node_id\":\"10000002907\",\"event_type\":\"vbIdSellingIdInventoryUpdated/1\",\"update_at\":1564374879,\"stream_sequence_number\":211,\"event_data\":\"{\\\"id\\\":\\\"dd2fa15b21894b9085fc9c7aa4e64248\\\",\\\"vbId\\\":\\\"killgraphhs-39-2800\\\",\\\"sellingId\\\":\\\"C41841B40A5741F089DB5BD6133944F7\\\",\\\"merchantId\\\":\\\"2800\\\",\\\"skuId\\\":\\\"killgraphhs-39\\\",\\\"f\\\":3,\\\"fnId\\\":\\\"10000002907\\\",\\\"fnType\\\":\\\"MARKETPLACE\\\",\\\"by\\\":\\\"Vibranium\\\",\\\"at\\\":\\\"2019-07-29T04:34:39+00:00\\\",\\\"invUssn\\\":195,\\\"catUssn\\\":1,\\\"isInf\\\":false,\\\"ifa\\\":true,\\\"martAvail\\\":[{\\\"martId\\\":\\\"0\\\",\\\"ia\\\":true}],\\\"clt\\\":\\\"WoW\\\"}\"}"}
{"id":"67c45c07c6294447bb58f02b4d827ce7","table":"killmonger_events_table","keyspace":"msku","timestamp":"2019-07-29T05:44:36.958Z","clusteringKeys":["6ccbd76c487c42e5b65dd274f51b72ea","vbIdSellingIdInventoryUpdated/1","1564378274"],"changedColumns":["selling_id","fulfillment_node_id","event_type","update_at","stream_sequence_number","event_data"],"record":"{\"selling_id\":\"67c45c07c6294447bb58f02b4d827ce7\",\"fulfillment_node_id\":\"6ccbd76c487c42e5b65dd274f51b72ea\",\"event_type\":\"vbIdSellingIdInventoryUpdated/1\",\"update_at\":1564378274,\"stream_sequence_number\":40,\"event_data\":\"{\\\"id\\\":\\\"a10f336e01894708b002ddff8e787229\\\",\\\"vbId\\\":\\\"67c45c07c6294447bb58f02b4d827ce7\\\",\\\"sellingId\\\":\\\"67c45c07c6294447bb58f02b4d827ce7\\\",\\\"merchantId\\\":\\\"e43cf7756d0b4ba8a4e9046774656ce8\\\",\\\"skuId\\\":\\\"67c45c07c6294447bb58f02b4d827ce7\\\",\\\"f\\\":97,\\\"fnId\\\":\\\"6ccbd76c487c42e5b65dd274f51b72ea\\\",\\\"fnType\\\":\\\"wolverine\\\",\\\"by\\\":\\\"Vibranium\\\",\\\"at\\\":\\\"2019-07-29T05:31:14+00:00\\\",\\\"invUssn\\\":51,\\\"isInf\\\":false,\\\"ifa\\\":true,\\\"martAvail\\\":[{\\\"martId\\\":\\\"21\\\",\\\"ia\\\":true}],\\\"clt\\\":\\\"JoJ\\\"}\"}"}
{"id":"67c45c07c6294447bb58f02b4d827ce7","table":"killmonger_events_table","keyspace":"msku","timestamp":"2019-07-29T05:44:36.958Z","clusteringKeys":["6ccbd76c487c42e5b65dd274f51b72ea","updateVbIdSellingIdInventorySkipped/1","1564378274"],"changedColumns":["selling_id","fulfillment_node_id","event_type","update_at","stream_sequence_number","event_data"],"record":"{\"selling_id\":\"67c45c07c6294447bb58f02b4d827ce7\",\"fulfillment_node_id\":\"6ccbd76c487c42e5b65dd274f51b72ea\",\"event_type\":\"updateVbIdSellingIdInventorySkipped/1\",\"update_at\":1564378274,\"stream_sequence_number\":41,\"event_data\":\"{\\\"id\\\":\\\"a10f336e01894708b002ddff8e787229\\\",\\\"vbId\\\":\\\"67c45c07c6294447bb58f02b4d827ce7\\\",\\\"sellingId\\\":\\\"67c45c07c6294447bb58f02b4d827ce7\\\",\\\"merchantId\\\":\\\"e43cf7756d0b4ba8a4e9046774656ce8\\\",\\\"skuId\\\":\\\"67c45c07c6294447bb58f02b4d827ce7\\\",\\\"f\\\":97,\\\"fnId\\\":\\\"6ccbd76c487c42e5b65dd274f51b72ea\\\",\\\"fnType\\\":\\\"wolverine\\\",\\\"by\\\":\\\"Vibranium\\\",\\\"at\\\":\\\"2019-07-29T05:31:14+00:00\\\",\\\"invUssn\\\":51,\\\"isInf\\\":false}\"}"}
{"id":"BC850935CDB44CA9B7E324FF00F92B90","table":"killmonger_events_table","keyspace":"msku","timestamp":"2019-07-29T05:45:03.431Z","clusteringKeys":["2707","vbIdSellingIdInventoryUpdated/1","1564378911"],"changedColumns":["selling_id","fulfillment_node_id","event_type","update_at","stream_sequence_number","event_data"],"record":"{\"selling_id\":\"BC850935CDB44CA9B7E324FF00F92B90\",\"fulfillment_node_id\":\"2707\",\"event_type\":\"vbIdSellingIdInventoryUpdated/1\",\"update_at\":1564378911,\"stream_sequence_number\":88,\"event_data\":\"{\\\"id\\\":\\\"904bcb9d7f9347c383d75e22ecb1e073\\\",\\\"vbId\\\":\\\"PantherMigrationVbId\\\",\\\"sellingId\\\":\\\"BC850935CDB44CA9B7E324FF00F92B90\\\",\\\"merchantId\\\":\\\"9fc08905039048918982091f266c2a29\\\",\\\"skuId\\\":\\\"PantherMigrationSkuId\\\",\\\"f\\\":0,\\\"fnId\\\":\\\"2707\\\",\\\"by\\\":\\\"Killmonger.Migration.MapInWalmartInvUpdates\\\",\\\"at\\\":\\\"2019-07-29T05:41:51.845+00:00\\\",\\\"invUssn\\\":0,\\\"isInf\\\":false,\\\"ifa\\\":true,\\\"martAvail\\\":[{\\\"martId\\\":\\\"21\\\",\\\"ia\\\":true},{\\\"martId\\\":\\\"0\\\",\\\"ia\\\":true}],\\\"clt\\\":\\\"WoJ\\\"}\"}"}
{"id":"f4fbdf8d44a74db58c1c54f207b428e5","table":"killmonger_events_table","keyspace":"msku","timestamp":"2019-07-29T05:45:03.441Z","clusteringKeys":["0a633d9fe80f4a45b6fdf372a649be0c","vbIdSellingIdInventoryUpdated/1","1564378274"],"changedColumns":["selling_id","fulfillment_node_id","event_type","update_at","stream_sequence_number","event_data"],"record":"{\"selling_id\":\"f4fbdf8d44a74db58c1c54f207b428e5\",\"fulfillment_node_id\":\"0a633d9fe80f4a45b6fdf372a649be0c\",\"event_type\":\"vbIdSellingIdInventoryUpdated/1\",\"update_at\":1564378274,\"stream_sequence_number\":38,\"event_data\":\"{\\\"id\\\":\\\"aaed563b6f14440cacfa7862b274433d\\\",\\\"vbId\\\":\\\"f4fbdf8d44a74db58c1c54f207b428e5\\\",\\\"sellingId\\\":\\\"f4fbdf8d44a74db58c1c54f207b428e5\\\",\\\"merchantId\\\":\\\"e43cf7756d0b4ba8a4e9046774656ce8\\\",\\\"skuId\\\":\\\"f4fbdf8d44a74db58c1c54f207b428e5\\\",\\\"f\\\":100,\\\"fnId\\\":\\\"0a633d9fe80f4a45b6fdf372a649be0c\\\",\\\"fnType\\\":\\\"wolverine\\\",\\\"by\\\":\\\"Vibranium\\\",\\\"at\\\":\\\"2019-07-29T05:31:14+00:00\\\",\\\"invUssn\\\":47,\\\"isInf\\\":false,\\\"ifa\\\":true,\\\"martAvail\\\":[{\\\"martId\\\":\\\"21\\\",\\\"ia\\\":true}],\\\"clt\\\":\\\"JoJ\\\"}\"}"}
{"id":"d97659ecf25c4997a9100b3967354c4e","table":"killmonger_events_table","keyspace":"msku","timestamp":"2019-07-29T05:45:03.443Z","clusteringKeys":["fb72b6f9c1e54625a551711f6ee72714","vbIdSellingIdInventoryUpdated/1","1564375727"],"changedColumns":["selling_id","fulfillment_node_id","event_type","update_at","stream_sequence_number","event_data"],"record":"{\"selling_id\":\"d97659ecf25c4997a9100b3967354c4e\",\"fulfillment_node_id\":\"fb72b6f9c1e54625a551711f6ee72714\",\"event_type\":\"vbIdSellingIdInventoryUpdated/1\",\"update_at\":1564375727,\"stream_sequence_number\":47,\"event_data\":\"{\\\"id\\\":\\\"403cbafa20764932b7771a201e32f1c1\\\",\\\"vbId\\\":\\\"d97659ecf25c4997a9100b3967354c4e\\\",\\\"sellingId\\\":\\\"d97659ecf25c4997a9100b3967354c4e\\\",\\\"merchantId\\\":\\\"e43cf7756d0b4ba8a4e9046774656ce8\\\",\\\"skuId\\\":\\\"d97659ecf25c4997a9100b3967354c4e\\\",\\\"f\\\":68,\\\"fnId\\\":\\\"fb72b6f9c1e54625a551711f6ee72714\\\",\\\"fnType\\\":\\\"wolverine\\\",\\\"by\\\":\\\"Vibranium\\\",\\\"at\\\":\\\"2019-07-29T04:48:47+00:00\\\",\\\"invUssn\\\":49,\\\"isInf\\\":false,\\\"ifa\\\":true,\\\"martAvail\\\":[{\\\"martId\\\":\\\"21\\\",\\\"ia\\\":true}],\\\"clt\\\":\\\"JoJ\\\"}\"}"}
{"id":"f1c3468b2bf54dc58913f6bb24709a84","table":"killmonger_events_table","keyspace":"msku","timestamp":"2019-07-29T05:40:44.629Z","clusteringKeys":["fb72b6f9c1e54625a551711f6ee72714","vbIdSellingIdInventoryUpdated/1","1564378274"],"changedColumns":["selling_id","fulfillment_node_id","event_type","update_at","stream_sequence_number","event_data"],"record":"{\"selling_id\":\"f1c3468b2bf54dc58913f6bb24709a84\",\"fulfillment_node_id\":\"fb72b6f9c1e54625a551711f6ee72714\",\"event_type\":\"vbIdSellingIdInventoryUpdated/1\",\"update_at\":1564378274,\"stream_sequence_number\":42,\"event_data\":\"{\\\"id\\\":\\\"4673ec5dd0b341678744fe82c468d10f\\\",\\\"vbId\\\":\\\"f1c3468b2bf54dc58913f6bb24709a84\\\",\\\"sellingId\\\":\\\"f1c3468b2bf54dc58913f6bb24709a84\\\",\\\"merchantId\\\":\\\"e43cf7756d0b4ba8a4e9046774656ce8\\\",\\\"skuId\\\":\\\"f1c3468b2bf54dc58913f6bb24709a84\\\",\\\"f\\\":98,\\\"fnId\\\":\\\"fb72b6f9c1e54625a551711f6ee72714\\\",\\\"fnType\\\":\\\"wolverine\\\",\\\"by\\\":\\\"Vibranium\\\",\\\"at\\\":\\\"2019-07-29T05:31:14+00:00\\\",\\\"invUssn\\\":49,\\\"isInf\\\":false,\\\"ifa\\\":true,\\\"martAvail\\\":[{\\\"martId\\\":\\\"21\\\",\\\"ia\\\":true}],\\\"clt\\\":\\\"JoJ\\\"}\"}"}
{"id":"f1c3468b2bf54dc58913f6bb24709a84","table":"killmonger_events_table","keyspace":"msku","timestamp":"2019-07-29T05:40:44.629Z","clusteringKeys":["fb72b6f9c1e54625a551711f6ee72714","updateVbIdSellingIdInventorySkipped/1","1564378274"],"changedColumns":["selling_id","fulfillment_node_id","event_type","update_at","stream_sequence_number","event_data"],"record":"{\"selling_id\":\"f1c3468b2bf54dc58913f6bb24709a84\",\"fulfillment_node_id\":\"fb72b6f9c1e54625a551711f6ee72714\",\"event_type\":\"updateVbIdSellingIdInventorySkipped/1\",\"update_at\":1564378274,\"stream_sequence_number\":43,\"event_data\":\"{\\\"id\\\":\\\"4673ec5dd0b341678744fe82c468d10f\\\",\\\"vbId\\\":\\\"f1c3468b2bf54dc58913f6bb24709a84\\\",\\\"sellingId\\\":\\\"f1c3468b2bf54dc58913f6bb24709a84\\\",\\\"merchantId\\\":\\\"e43cf7756d0b4ba8a4e9046774656ce8\\\",\\\"skuId\\\":\\\"f1c3468b2bf54dc58913f6bb24709a84\\\",\\\"f\\\":98,\\\"fnId\\\":\\\"fb72b6f9c1e54625a551711f6ee72714\\\",\\\"fnType\\\":\\\"wolverine\\\",\\\"by\\\":\\\"Vibranium\\\",\\\"at\\\":\\\"2019-07-29T05:31:14+00:00\\\",\\\"invUssn\\\":49,\\\"isInf\\\":false}\"}"}
{"id":"e9815e07fffb4436b855c5a759dca56f","table":"killmonger_events_table","keyspace":"msku","timestamp":"2019-07-29T05:45:02.390Z","clusteringKeys":["378fa8d396eb4525ae020e7ea9b47dfb","vbIdSellingIdInventoryUpdated/1","1564375034"],"changedColumns":["selling_id","fulfillment_node_id","event_type","update_at","stream_sequence_number","event_data"],"record":"{\"selling_id\":\"e9815e07fffb4436b855c5a759dca56f\",\"fulfillment_node_id\":\"378fa8d396eb4525ae020e7ea9b47dfb\",\"event_type\":\"vbIdSellingIdInventoryUpdated/1\",\"update_at\":1564375034,\"stream_sequence_number\":254,\"event_data\":\"{\\\"id\\\":\\\"65fac46093324ee694338d98c455bceb\\\",\\\"vbId\\\":\\\"e9815e07fffb4436b855c5a759dca56f\\\",\\\"sellingId\\\":\\\"e9815e07fffb4436b855c5a759dca56f\\\",\\\"merchantId\\\":\\\"bd814820151040dcaad13b773db12e73\\\",\\\"skuId\\\":\\\"e9815e07fffb4436b855c5a759dca56f\\\",\\\"f\\\":149,\\\"fnId\\\":\\\"378fa8d396eb4525ae020e7ea9b47dfb\\\",\\\"fnType\\\":\\\"wolverine\\\",\\\"by\\\":\\\"Vibranium\\\",\\\"at\\\":\\\"2019-07-29T04:37:14+00:00\\\",\\\"invUssn\\\":282,\\\"isInf\\\":false,\\\"ifa\\\":true,\\\"martAvail\\\":[{\\\"martId\\\":\\\"21\\\",\\\"ia\\\":true}],\\\"clt\\\":\\\"JoJ\\\"}\"}"}
{"id":"420e07577dea49edab407ce0db8431ce","table":"killmonger_events_table","keyspace":"msku","timestamp":"2019-07-29T05:45:03.449Z","clusteringKeys":["fb72b6f9c1e54625a551711f6ee72714","vbIdSellingIdInventoryUpdated/1","1564378274"],"changedColumns":["selling_id","fulfillment_node_id","event_type","update_at","stream_sequence_number","event_data"],"record":"{\"selling_id\":\"420e07577dea49edab407ce0db8431ce\",\"fulfillment_node_id\":\"fb72b6f9c1e54625a551711f6ee72714\",\"event_type\":\"vbIdSellingIdInventoryUpdated/1\",\"update_at\":1564378274,\"stream_sequence_number\":39,\"event_data\":\"{\\\"id\\\":\\\"df85692409324cfd8d2f4cc50a48baaf\\\",\\\"vbId\\\":\\\"420e07577dea49edab407ce0db8431ce\\\",\\\"sellingId\\\":\\\"420e07577dea49edab407ce0db8431ce\\\",\\\"merchantId\\\":\\\"e43cf7756d0b4ba8a4e9046774656ce8\\\",\\\"skuId\\\":\\\"420e07577dea49edab407ce0db8431ce\\\",\\\"f\\\":111,\\\"fnId\\\":\\\"fb72b6f9c1e54625a551711f6ee72714\\\",\\\"fnType\\\":\\\"wolverine\\\",\\\"by\\\":\\\"Vibranium\\\",\\\"at\\\":\\\"2019-07-29T05:31:14+00:00\\\",\\\"invUssn\\\":50,\\\"isInf\\\":false,\\\"ifa\\\":true,\\\"martAvail\\\":[{\\\"martId\\\":\\\"21\\\",\\\"ia\\\":true}],\\\"clt\\\":\\\"JoJ\\\"}\"}"}
{"id":"D881D49865AC413697EE496F5FDEA8BB","table":"killmonger_events_table","keyspace":"msku","timestamp":"2019-07-29T05:45:03.452Z","clusteringKeys":["10000006435","updateVbIdSellingIdInventorySkipped/1","1564375593"],"changedColumns":["selling_id","fulfillment_node_id","event_type","update_at","stream_sequence_number","event_data"],"record":"{\"selling_id\":\"D881D49865AC413697EE496F5FDEA8BB\",\"fulfillment_node_id\":\"10000006435\",\"event_type\":\"updateVbIdSellingIdInventorySkipped/1\",\"update_at\":1564375593,\"stream_sequence_number\":819,\"event_data\":\"{\\\"id\\\":\\\"459c542025df46478dd21fb6b7c40090\\\",\\\"vbId\\\":\\\"423487_bf_ZELCKSG-6261\\\",\\\"sellingId\\\":\\\"D881D49865AC413697EE496F5FDEA8BB\\\",\\\"merchantId\\\":\\\"6261\\\",\\\"skuId\\\":\\\"423487_bf_ZELCKSG\\\",\\\"f\\\":129,\\\"fnId\\\":\\\"10000006435\\\",\\\"fnType\\\":\\\"MARKETPLACE\\\",\\\"by\\\":\\\"Vibranium\\\",\\\"at\\\":\\\"2019-07-29T04:46:33+00:00\\\",\\\"invUssn\\\":701,\\\"catUssn\\\":0,\\\"isInf\\\":false}\"}"}
{"id":"231f3ab4cd2949cfb9a89d3caf1ad1b5","table":"killmonger_events_table","keyspace":"msku","timestamp":"2019-07-29T05:45:02.404Z","clusteringKeys":["7d029b0996bd4f16bbd74454bab3ab2e","updateVbIdSellingIdInventorySkipped/1","1564378274"],"changedColumns":["selling_id","fulfillment_node_id","event_type","update_at","stream_sequence_number","event_data"],"record":"{\"selling_id\":\"231f3ab4cd2949cfb9a89d3caf1ad1b5\",\"fulfillment_node_id\":\"7d029b0996bd4f16bbd74454bab3ab2e\",\"event_type\":\"updateVbIdSellingIdInventorySkipped/1\",\"update_at\":1564378274,\"stream_sequence_number\":43,\"event_data\":\"{\\\"id\\\":\\\"325448a684ea4ba58a5649a16cf798c5\\\",\\\"vbId\\\":\\\"231f3ab4cd2949cfb9a89d3caf1ad1b5\\\",\\\"sellingId\\\":\\\"231f3ab4cd2949cfb9a89d3caf1ad1b5\\\",\\\"merchantId\\\":\\\"e43cf7756d0b4ba8a4e9046774656ce8\\\",\\\"skuId\\\":\\\"231f3ab4cd2949cfb9a89d3caf1ad1b5\\\",\\\"f\\\":139,\\\"fnId\\\":\\\"7d029b0996bd4f16bbd74454bab3ab2e\\\",\\\"fnType\\\":\\\"wolverine\\\",\\\"by\\\":\\\"Vibranium\\\",\\\"at\\\":\\\"2019-07-29T05:31:14+00:00\\\",\\\"invUssn\\\":51,\\\"isInf\\\":false}\"}"}
{"id":"0908a80243dd4b77a2f8335fa9f8303a","table":"killmonger_events_table","keyspace":"msku","timestamp":"2019-07-29T05:45:02.409Z","clusteringKeys":["6ccbd76c487c42e5b65dd274f51b72ea","updateVbIdSellingIdInventorySkipped/1","1564378274"],"changedColumns":["selling_id","fulfillment_node_id","event_type","update_at","stream_sequence_number","event_data"],"record":"{\"selling_id\":\"0908a80243dd4b77a2f8335fa9f8303a\",\"fulfillment_node_id\":\"6ccbd76c487c42e5b65dd274f51b72ea\",\"event_type\":\"updateVbIdSellingIdInventorySkipped/1\",\"update_at\":1564378274,\"stream_sequence_number\":41,\"event_data\":\"{\\\"id\\\":\\\"2cf4aaaac1464bb090c2fe1f4cbf3b87\\\",\\\"vbId\\\":\\\"0908a80243dd4b77a2f8335fa9f8303a\\\",\\\"sellingId\\\":\\\"0908a80243dd4b77a2f8335fa9f8303a\\\",\\\"merchantId\\\":\\\"e43cf7756d0b4ba8a4e9046774656ce8\\\",\\\"skuId\\\":\\\"0908a80243dd4b77a2f8335fa9f8303a\\\",\\\"f\\\":84,\\\"fnId\\\":\\\"6ccbd76c487c42e5b65dd274f51b72ea\\\",\\\"fnType\\\":\\\"wolverine\\\",\\\"by\\\":\\\"Vibranium\\\",\\\"at\\\":\\\"2019-07-29T05:31:14+00:00\\\",\\\"invUssn\\\":47,\\\"isInf\\\":false}\"}"}
{"id":"D9D0624E5DC548F38B8F33F6EFB58A47","table":"killmonger_events_table","keyspace":"msku","timestamp":"2019-07-29T05:44:36.993Z","clusteringKeys":["2378","vbIdSellingIdInventoryUpdated/1","1564375899"],"changedColumns":["selling_id","fulfillment_node_id","event_type","update_at","stream_sequence_number","event_data"],"record":"{\"selling_id\":\"D9D0624E5DC548F38B8F33F6EFB58A47\",\"fulfillment_node_id\":\"2378\",\"event_type\":\"vbIdSellingIdInventoryUpdated/1\",\"update_at\":1564375899,\"stream_sequence_number\":99,\"event_data\":\"{\\\"id\\\":\\\"64f94b3fd27241da94f35f18b155e3b0\\\",\\\"vbId\\\":\\\"PantherMigrationVbId\\\",\\\"sellingId\\\":\\\"D9D0624E5DC548F38B8F33F6EFB58A47\\\",\\\"merchantId\\\":\\\"9fc08905039048918982091f266c2a29\\\",\\\"skuId\\\":\\\"PantherMigrationSkuId\\\",\\\"f\\\":0,\\\"fnId\\\":\\\"2378\\\",\\\"by\\\":\\\"Killmonger.Migration.MapInWalmartInvUpdates\\\",\\\"at\\\":\\\"2019-07-29T04:51:39.046+00:00\\\",\\\"invUssn\\\":0,\\\"isInf\\\":false,\\\"ifa\\\":true,\\\"martAvail\\\":[{\\\"martId\\\":\\\"21\\\",\\\"ia\\\":true},{\\\"martId\\\":\\\"0\\\",\\\"ia\\\":true}],\\\"clt\\\":\\\"WoJ\\\"}\"}"}
{"id":"739a2da77909455dade35c42af0c3221","table":"killmonger_events_table","keyspace":"msku","timestamp":"2019-07-29T05:45:03.462Z","clusteringKeys":["fb72b6f9c1e54625a551711f6ee72714","updateVbIdSellingIdInventorySkipped/1","1564378075"],"changedColumns":["selling_id","fulfillment_node_id","event_type","update_at","stream_sequence_number","event_data"],"record":"{\"selling_id\":\"739a2da77909455dade35c42af0c3221\",\"fulfillment_node_id\":\"fb72b6f9c1e54625a551711f6ee72714\",\"event_type\":\"updateVbIdSellingIdInventorySkipped/1\",\"update_at\":1564378075,\"stream_sequence_number\":41,\"event_data\":\"{\\\"id\\\":\\\"9a6d226583fe4f21ae8c3857fc319d7e\\\",\\\"vbId\\\":\\\"739a2da77909455dade35c42af0c3221\\\",\\\"sellingId\\\":\\\"739a2da77909455dade35c42af0c3221\\\",\\\"merchantId\\\":\\\"e43cf7756d0b4ba8a4e9046774656ce8\\\",\\\"skuId\\\":\\\"739a2da77909455dade35c42af0c3221\\\",\\\"f\\\":91,\\\"fnId\\\":\\\"fb72b6f9c1e54625a551711f6ee72714\\\",\\\"fnType\\\":\\\"wolverine\\\",\\\"by\\\":\\\"Vibranium\\\",\\\"at\\\":\\\"2019-07-29T05:27:55+00:00\\\",\\\"invUssn\\\":51,\\\"isInf\\\":false}\"}"}
{"id":"DB2B5E699B654C0D83B38CFC939F2FD9","table":"killmonger_events_table","keyspace":"msku","timestamp":"2019-07-29T05:40:44.653Z","clusteringKeys":["2379","vbIdSellingIdInventoryUpdated/1","1564378913"],"changedColumns":["selling_id","fulfillment_node_id","event_type","update_at","stream_sequence_number","event_data"],"record":"{\"selling_id\":\"DB2B5E699B654C0D83B38CFC939F2FD9\",\"fulfillment_node_id\":\"2379\",\"event_type\":\"vbIdSellingIdInventoryUpdated/1\",\"update_at\":1564378913,\"stream_sequence_number\":131,\"event_data\":\"{\\\"id\\\":\\\"587239f48d764b4f861bae6cbf789cd9\\\",\\\"vbId\\\":\\\"PantherMigrationVbId\\\",\\\"sellingId\\\":\\\"DB2B5E699B654C0D83B38CFC939F2FD9\\\",\\\"merchantId\\\":\\\"9fc08905039048918982091f266c2a29\\\",\\\"skuId\\\":\\\"PantherMigrationSkuId\\\",\\\"f\\\":0,\\\"fnId\\\":\\\"2379\\\",\\\"by\\\":\\\"Killmonger.Migration.MapInWalmartInvUpdates\\\",\\\"at\\\":\\\"2019-07-29T05:41:53.59+00:00\\\",\\\"invUssn\\\":0,\\\"isInf\\\":false,\\\"ifa\\\":true,\\\"martAvail\\\":[{\\\"martId\\\":\\\"21\\\",\\\"ia\\\":true},{\\\"martId\\\":\\\"0\\\",\\\"ia\\\":true}],\\\"clt\\\":\\\"WoJ\\\"}\"}"}
{"id":"DB2B5E699B654C0D83B38CFC939F2FD9","table":"killmonger_events_table","keyspace":"msku","timestamp":"2019-07-29T05:40:44.658Z","clusteringKeys":["2707","vbIdSellingIdInventoryUpdated/1","1564378913"],"changedColumns":["selling_id","fulfillment_node_id","event_type","update_at","stream_sequence_number","event_data"],"record":"{\"selling_id\":\"DB2B5E699B654C0D83B38CFC939F2FD9\",\"fulfillment_node_id\":\"2707\",\"event_type\":\"vbIdSellingIdInventoryUpdated/1\",\"update_at\":1564378913,\"stream_sequence_number\":100,\"event_data\":\"{\\\"id\\\":\\\"6b189a2c1ba443fa9c0c9e330acfb55a\\\",\\\"vbId\\\":\\\"PantherMigrationVbId\\\",\\\"sellingId\\\":\\\"DB2B5E699B654C0D83B38CFC939F2FD9\\\",\\\"merchantId\\\":\\\"9fc08905039048918982091f266c2a29\\\",\\\"skuId\\\":\\\"PantherMigrationSkuId\\\",\\\"f\\\":0,\\\"fnId\\\":\\\"2707\\\",\\\"by\\\":\\\"Killmonger.Migration.MapInWalmartInvUpdates\\\",\\\"at\\\":\\\"2019-07-29T05:41:53.59+00:00\\\",\\\"invUssn\\\":0,\\\"isInf\\\":false,\\\"ifa\\\":true,\\\"martAvail\\\":[{\\\"martId\\\":\\\"21\\\",\\\"ia\\\":true},{\\\"martId\\\":\\\"0\\\",\\\"ia\\\":true}],\\\"clt\\\":\\\"WoJ\\\"}\"}"}
{"id":"4E8BD51C11A84D4B8C08D8C550E97E35","table":"killmonger_events_table","keyspace":"msku","timestamp":"2019-07-29T05:40:44.658Z","clusteringKeys":["4916","vbIdSellingIdInventoryUpdated/1","1564378911"],"changedColumns":["selling_id","fulfillment_node_id","event_type","update_at","stream_sequence_number","event_data"],"record":"{\"selling_id\":\"4E8BD51C11A84D4B8C08D8C550E97E35\",\"fulfillment_node_id\":\"4916\",\"event_type\":\"vbIdSellingIdInventoryUpdated/1\",\"update_at\":1564378911,\"stream_sequence_number\":134,\"event_data\":\"{\\\"id\\\":\\\"d80eb767d6304e348bbff4d8daef2308\\\",\\\"vbId\\\":\\\"PantherMigrationVbId\\\",\\\"sellingId\\\":\\\"4E8BD51C11A84D4B8C08D8C550E97E35\\\",\\\"merchantId\\\":\\\"9fc08905039048918982091f266c2a29\\\",\\\"skuId\\\":\\\"PantherMigrationSkuId\\\",\\\"f\\\":0,\\\"fnId\\\":\\\"4916\\\",\\\"by\\\":\\\"Killmonger.Migration.MapInWalmartInvUpdates\\\",\\\"at\\\":\\\"2019-07-29T05:41:51.053+00:00\\\",\\\"invUssn\\\":0,\\\"isInf\\\":false,\\\"ifa\\\":true,\\\"martAvail\\\":[{\\\"martId\\\":\\\"21\\\",\\\"ia\\\":true},{\\\"martId\\\":\\\"0\\\",\\\"ia\\\":true}],\\\"clt\\\":\\\"WoJ\\\"}\"}"}
{"id":"DB2B5E699B654C0D83B38CFC939F2FD9","table":"killmonger_events_table","keyspace":"msku","timestamp":"2019-07-29T05:45:02.418Z","clusteringKeys":["2378","vbIdSellingIdInventoryUpdated/1","1564378913"],"changedColumns":["selling_id","fulfillment_node_id","event_type","update_at","stream_sequence_number","event_data"],"record":"{\"selling_id\":\"DB2B5E699B654C0D83B38CFC939F2FD9\",\"fulfillment_node_id\":\"2378\",\"event_type\":\"vbIdSellingIdInventoryUpdated/1\",\"update_at\":1564378913,\"stream_sequence_number\":100,\"event_data\":\"{\\\"id\\\":\\\"c3065cc600694eb0855bb38aef183ddb\\\",\\\"vbId\\\":\\\"PantherMigrationVbId\\\",\\\"sellingId\\\":\\\"DB2B5E699B654C0D83B38CFC939F2FD9\\\",\\\"merchantId\\\":\\\"9fc08905039048918982091f266c2a29\\\",\\\"skuId\\\":\\\"PantherMigrationSkuId\\\",\\\"f\\\":0,\\\"fnId\\\":\\\"2378\\\",\\\"by\\\":\\\"Killmonger.Migration.MapInWalmartInvUpdates\\\",\\\"at\\\":\\\"2019-07-29T05:41:53.59+00:00\\\",\\\"invUssn\\\":0,\\\"isInf\\\":false,\\\"ifa\\\":true,\\\"martAvail\\\":[{\\\"martId\\\":\\\"21\\\",\\\"ia\\\":true},{\\\"martId\\\":\\\"0\\\",\\\"ia\\\":true}],\\\"clt\\\":\\\"WoJ\\\"}\"}"}
{"id":"F99CB68D76CF4521A212B43E2F485903","table":"killmonger_events_table","keyspace":"msku","timestamp":"2019-07-29T05:40:44.663Z","clusteringKeys":["3373","vbIdSellingIdInventoryUpdated/1","1564375733"],"changedColumns":["selling_id","fulfillment_node_id","event_type","update_at","stream_sequence_number","event_data"],"record":"{\"selling_id\":\"F99CB68D76CF4521A212B43E2F485903\",\"fulfillment_node_id\":\"3373\",\"event_type\":\"vbIdSellingIdInventoryUpdated/1\",\"update_at\":1564375733,\"stream_sequence_number\":128,\"event_data\":\"{\\\"id\\\":\\\"4e943f36660440639f3cb3a337f75e9d\\\",\\\"vbId\\\":\\\"PantherMigrationVbId\\\",\\\"sellingId\\\":\\\"F99CB68D76CF4521A212B43E2F485903\\\",\\\"merchantId\\\":\\\"9fc08905039048918982091f266c2a29\\\",\\\"skuId\\\":\\\"PantherMigrationSkuId\\\",\\\"f\\\":0,\\\"fnId\\\":\\\"3373\\\",\\\"by\\\":\\\"Killmonger.Migration.MapInWalmartInvUpdates\\\",\\\"at\\\":\\\"2019-07-29T04:48:53.566+00:00\\\",\\\"invUssn\\\":0,\\\"isInf\\\":false,\\\"ifa\\\":true,\\\"martAvail\\\":[{\\\"martId\\\":\\\"21\\\",\\\"ia\\\":true},{\\\"martId\\\":\\\"0\\\",\\\"ia\\\":true}],\\\"clt\\\":\\\"WoJ\\\"}\"}"}
{"id":"A793DD47EDE44CDE98753332E63D7F53","table":"killmonger_events_table","keyspace":"msku","timestamp":"2019-07-29T05:44:37.003Z","clusteringKeys":["2750","vbIdSellingIdInventoryUpdated/1","1564376137"],"changedColumns":["selling_id","fulfillment_node_id","event_type","update_at","stream_sequence_number","event_data"],"record":"{\"selling_id\":\"A793DD47EDE44CDE98753332E63D7F53\",\"fulfillment_node_id\":\"2750\",\"event_type\":\"vbIdSellingIdInventoryUpdated/1\",\"update_at\":1564376137,\"stream_sequence_number\":95,\"event_data\":\"{\\\"id\\\":\\\"9fce91709aa84da6925c625808bac434\\\",\\\"vbId\\\":\\\"PantherMigrationVbId\\\",\\\"sellingId\\\":\\\"A793DD47EDE44CDE98753332E63D7F53\\\",\\\"merchantId\\\":\\\"9fc08905039048918982091f266c2a29\\\",\\\"skuId\\\":\\\"PantherMigrationSkuId\\\",\\\"f\\\":0,\\\"fnId\\\":\\\"2750\\\",\\\"by\\\":\\\"Killmonger.Migration.MapInWalmartInvUpdates\\\",\\\"at\\\":\\\"2019-07-29T04:55:37.004+00:00\\\",\\\"invUssn\\\":0,\\\"isInf\\\":false,\\\"ifa\\\":true,\\\"martAvail\\\":[{\\\"martId\\\":\\\"21\\\",\\\"ia\\\":true},{\\\"martId\\\":\\\"0\\\",\\\"ia\\\":true}],\\\"clt\\\":\\\"WoJ\\\"}\"}"}
{"id":"80B2535C363A4C01A979FE48B3B53ABC","table":"killmonger_events_table","keyspace":"msku","timestamp":"2019-07-29T05:44:37.004Z","clusteringKeys":["26019502","vbIdSellingIdInventoryUpdated/1","1564376012"],"changedColumns":["selling_id","fulfillment_node_id","event_type","update_at","stream_sequence_number","event_data"],"record":"{\"selling_id\":\"80B2535C363A4C01A979FE48B3B53ABC\",\"fulfillment_node_id\":\"26019502\",\"event_type\":\"vbIdSellingIdInventoryUpdated/1\",\"update_at\":1564376012,\"stream_sequence_number\":127,\"event_data\":\"{\\\"id\\\":\\\"aab7e7aaef4e4c3f8da02b5f57a54129\\\",\\\"vbId\\\":\\\"PantherMigrationVbId\\\",\\\"sellingId\\\":\\\"80B2535C363A4C01A979FE48B3B53ABC\\\",\\\"merchantId\\\":\\\"9fc08905039048918982091f266c2a29\\\",\\\"skuId\\\":\\\"PantherMigrationSkuId\\\",\\\"f\\\":0,\\\"fnId\\\":\\\"26019502\\\",\\\"by\\\":\\\"Killmonger.Migration.MapInWalmartInvUpdates\\\",\\\"at\\\":\\\"2019-07-29T04:53:32.801+00:00\\\",\\\"invUssn\\\":0,\\\"isInf\\\":false,\\\"ifa\\\":true,\\\"martAvail\\\":[{\\\"martId\\\":\\\"21\\\",\\\"ia\\\":true},{\\\"martId\\\":\\\"0\\\",\\\"ia\\\":true}],\\\"clt\\\":\\\"WoJ\\\"}\"}"}
{"id":"DDA0C5DA041D44A4A262F3BEAB6EEFF4","table":"killmonger_events_table","keyspace":"msku","timestamp":"2019-07-29T05:40:44.663Z","clusteringKeys":["10000006435","vbIdSellingIdInventoryUpdated/1","1564375592"],"changedColumns":["selling_id","fulfillment_node_id","event_type","update_at","stream_sequence_number","event_data"],"record":"{\"selling_id\":\"DDA0C5DA041D44A4A262F3BEAB6EEFF4\",\"fulfillment_node_id\":\"10000006435\",\"event_type\":\"vbIdSellingIdInventoryUpdated/1\",\"update_at\":1564375592,\"stream_sequence_number\":921,\"event_data\":\"{\\\"id\\\":\\\"c506e16523e840958cce2cf3a1ddefa6\\\",\\\"vbId\\\":\\\"357527_bf_EM-CPH-482D-6261\\\",\\\"sellingId\\\":\\\"DDA0C5DA041D44A4A262F3BEAB6EEFF4\\\",\\\"merchantId\\\":\\\"6261\\\",\\\"skuId\\\":\\\"357527_bf_EM-CPH-482D\\\",\\\"f\\\":129,\\\"fnId\\\":\\\"10000006435\\\",\\\"fnType\\\":\\\"MARKETPLACE\\\",\\\"by\\\":\\\"Vibranium\\\",\\\"at\\\":\\\"2019-07-29T04:46:32+00:00\\\",\\\"invUssn\\\":774,\\\"catUssn\\\":0,\\\"isInf\\\":false,\\\"ifa\\\":true,\\\"martAvail\\\":[{\\\"martId\\\":\\\"0\\\",\\\"ia\\\":true}],\\\"clt\\\":\\\"WoW\\\"}\"}"}
{"id":"A6951D56A49548A7B1131A26C4CDBD6D","table":"killmonger_events_table","keyspace":"msku","timestamp":"2019-07-29T05:45:03.478Z","clusteringKeys":["8556","vbIdSellingIdInventoryUpdated/1","1564378912"],"changedColumns":["selling_id","fulfillment_node_id","event_type","update_at","stream_sequence_number","event_data"],"record":"{\"selling_id\":\"A6951D56A49548A7B1131A26C4CDBD6D\",\"fulfillment_node_id\":\"8556\",\"event_type\":\"vbIdSellingIdInventoryUpdated/1\",\"update_at\":1564378912,\"stream_sequence_number\":135,\"event_data\":\"{\\\"id\\\":\\\"94f4f0ef5e0d461ba45dafbc83303a02\\\",\\\"vbId\\\":\\\"PantherMigrationVbId\\\",\\\"sellingId\\\":\\\"A6951D56A49548A7B1131A26C4CDBD6D\\\",\\\"merchantId\\\":\\\"9fc08905039048918982091f266c2a29\\\",\\\"skuId\\\":\\\"PantherMigrationSkuId\\\",\\\"f\\\":0,\\\"fnId\\\":\\\"8556\\\",\\\"by\\\":\\\"Killmonger.Migration.MapInWalmartInvUpdates\\\",\\\"at\\\":\\\"2019-07-29T05:41:52.301+00:00\\\",\\\"invUssn\\\":0,\\\"isInf\\\":false,\\\"ifa\\\":true,\\\"martAvail\\\":[{\\\"martId\\\":\\\"21\\\",\\\"ia\\\":true},{\\\"martId\\\":\\\"0\\\",\\\"ia\\\":true}],\\\"clt\\\":\\\"WoJ\\\"}\"}"}
{"id":"FEBB4B8AA0D54113B44AADB347FC6648","table":"killmonger_events_table","keyspace":"msku","timestamp":"2019-07-29T05:45:02.428Z","clusteringKeys":["10000004915","vbIdSellingIdInventoryUpdated/1","1564378187"],"changedColumns":["selling_id","fulfillment_node_id","event_type","update_at","stream_sequence_number","event_data"],"record":"{\"selling_id\":\"FEBB4B8AA0D54113B44AADB347FC6648\",\"fulfillment_node_id\":\"10000004915\",\"event_type\":\"vbIdSellingIdInventoryUpdated/1\",\"update_at\":1564378187,\"stream_sequence_number\":1086,\"event_data\":\"{\\\"id\\\":\\\"8752b1d5b1af4f8e9751d2873891d506\\\",\\\"vbId\\\":\\\"WALIZQ215CP-4787\\\",\\\"sellingId\\\":\\\"FEBB4B8AA0D54113B44AADB347FC6648\\\",\\\"merchantId\\\":\\\"4787\\\",\\\"skuId\\\":\\\"WALIZQ215CP\\\",\\\"f\\\":1,\\\"fnId\\\":\\\"10000004915\\\",\\\"fnType\\\":\\\"MARKETPLACE\\\",\\\"by\\\":\\\"Vibranium\\\",\\\"at\\\":\\\"2019-07-29T05:29:47+00:00\\\",\\\"invUssn\\\":881,\\\"catUssn\\\":0,\\\"isInf\\\":false,\\\"ifa\\\":true,\\\"martAvail\\\":[{\\\"martId\\\":\\\"0\\\",\\\"ia\\\":true}],\\\"clt\\\":\\\"WoW\\\"}\"}"}
{"id":"a6092357902b4ffcb16aecc3184cc3df","table":"killmonger_events_table","keyspace":"msku","timestamp":"2019-07-29T05:45:02.435Z","clusteringKeys":["fb72b6f9c1e54625a551711f6ee72714","vbIdSellingIdInventoryUpdated/1","1564378274"],"changedColumns":["selling_id","fulfillment_node_id","event_type","update_at","stream_sequence_number","event_data"],"record":"{\"selling_id\":\"a6092357902b4ffcb16aecc3184cc3df\",\"fulfillment_node_id\":\"fb72b6f9c1e54625a551711f6ee72714\",\"event_type\":\"vbIdSellingIdInventoryUpdated/1\",\"update_at\":1564378274,\"stream_sequence_number\":39,\"event_data\":\"{\\\"id\\\":\\\"d25d076059ab475697fd24afcea05175\\\",\\\"vbId\\\":\\\"a6092357902b4ffcb16aecc3184cc3df\\\",\\\"sellingId\\\":\\\"a6092357902b4ffcb16aecc3184cc3df\\\",\\\"merchantId\\\":\\\"e43cf7756d0b4ba8a4e9046774656ce8\\\",\\\"skuId\\\":\\\"a6092357902b4ffcb16aecc3184cc3df\\\",\\\"f\\\":121,\\\"fnId\\\":\\\"fb72b6f9c1e54625a551711f6ee72714\\\",\\\"fnType\\\":\\\"wolverine\\\",\\\"by\\\":\\\"Vibranium\\\",\\\"at\\\":\\\"2019-07-29T05:31:14+00:00\\\",\\\"invUssn\\\":49,\\\"isInf\\\":false,\\\"ifa\\\":true,\\\"martAvail\\\":[{\\\"martId\\\":\\\"21\\\",\\\"ia\\\":true}],\\\"clt\\\":\\\"JoJ\\\"}\"}"}
{"id":"054E607FEC4D4C8EA266B63D63805781","table":"killmonger_events_table","keyspace":"msku","timestamp":"2019-07-29T05:40:44.673Z","clusteringKeys":["3559","vbIdSellingIdInventoryUpdated/1","1564378908"],"changedColumns":["selling_id","fulfillment_node_id","event_type","update_at","stream_sequence_number","event_data"],"record":"{\"selling_id\":\"054E607FEC4D4C8EA266B63D63805781\",\"fulfillment_node_id\":\"3559\",\"event_type\":\"vbIdSellingIdInventoryUpdated/1\",\"update_at\":1564378908,\"stream_sequence_number\":127,\"event_data\":\"{\\\"id\\\":\\\"c3baef226ebc46158fdd78045fb3110b\\\",\\\"vbId\\\":\\\"PantherMigrationVbId\\\",\\\"sellingId\\\":\\\"054E607FEC4D4C8EA266B63D63805781\\\",\\\"merchantId\\\":\\\"9fc08905039048918982091f266c2a29\\\",\\\"skuId\\\":\\\"PantherMigrationSkuId\\\",\\\"f\\\":0,\\\"fnId\\\":\\\"3559\\\",\\\"by\\\":\\\"Killmonger.Migration.MapInWalmartInvUpdates\\\",\\\"at\\\":\\\"2019-07-29T05:41:48.458+00:00\\\",\\\"invUssn\\\":0,\\\"isInf\\\":false,\\\"ifa\\\":true,\\\"martAvail\\\":[{\\\"martId\\\":\\\"21\\\",\\\"ia\\\":true},{\\\"martId\\\":\\\"0\\\",\\\"ia\\\":true}],\\\"clt\\\":\\\"WoJ\\\"}\"}"}
{"id":"054E607FEC4D4C8EA266B63D63805781","table":"killmonger_events_table","keyspace":"msku","timestamp":"2019-07-29T05:40:44.673Z","clusteringKeys":["3559","vbIdSellingIdInventoryUpdated/1","1564378908"],"changedColumns":["selling_id","fulfillment_node_id","event_type","update_at","stream_sequence_number","event_data"],"record":"{\"selling_id\":\"054E607FEC4D4C8EA266B63D63805781\",\"fulfillment_node_id\":\"3559\",\"event_type\":\"vbIdSellingIdInventoryUpdated/1\",\"update_at\":1564378908,\"stream_sequence_number\":128,\"event_data\":\"{\\\"id\\\":\\\"c3baef226ebc46158fdd78045fb3110b\\\",\\\"vbId\\\":\\\"PantherMigrationVbId\\\",\\\"sellingId\\\":\\\"054E607FEC4D4C8EA266B63D63805781\\\",\\\"merchantId\\\":\\\"9fc08905039048918982091f266c2a29\\\",\\\"skuId\\\":\\\"PantherMigrationSkuId\\\",\\\"f\\\":0,\\\"fnId\\\":\\\"3559\\\",\\\"by\\\":\\\"Killmonger.Migration.MapInWalmartInvUpdates\\\",\\\"at\\\":\\\"2019-07-29T05:41:48.458+00:00\\\",\\\"invUssn\\\":0,\\\"isInf\\\":false,\\\"ifa\\\":true,\\\"martAvail\\\":[{\\\"martId\\\":\\\"21\\\",\\\"ia\\\":true},{\\\"martId\\\":\\\"0\\\",\\\"ia\\\":true}],\\\"clt\\\":\\\"WoJ\\\"}\"}"}
{"id":"4b537b679c67454d89f32a0f796158d0","table":"killmonger_events_table","keyspace":"msku","timestamp":"2019-07-29T05:45:03.493Z","clusteringKeys":["1ad6147479b841849d63874b2a9e6552","vbIdSellingIdInventoryUpdated/1","1564378021"],"changedColumns":["selling_id","fulfillment_node_id","event_type","update_at","stream_sequence_number","event_data"],"record":"{\"selling_id\":\"4b537b679c67454d89f32a0f796158d0\",\"fulfillment_node_id\":\"1ad6147479b841849d63874b2a9e6552\",\"event_type\":\"vbIdSellingIdInventoryUpdated/1\",\"update_at\":1564378021,\"stream_sequence_number\":3014,\"event_data\":\"{\\\"id\\\":\\\"ae783d6295f94e619fe2e54ad887f473\\\",\\\"vbId\\\":\\\"4b537b679c67454d89f32a0f796158d0\\\",\\\"sellingId\\\":\\\"4b537b679c67454d89f32a0f796158d0\\\",\\\"merchantId\\\":\\\"a1cd8976329a41ae85739f65376fc756\\\",\\\"skuId\\\":\\\"4b537b679c67454d89f32a0f796158d0\\\",\\\"f\\\":8,\\\"fnId\\\":\\\"1ad6147479b841849d63874b2a9e6552\\\",\\\"fnType\\\":\\\"wolverine\\\",\\\"by\\\":\\\"Vibranium\\\",\\\"at\\\":\\\"2019-07-29T05:27:01+00:00\\\",\\\"invUssn\\\":2566,\\\"isInf\\\":false,\\\"ifa\\\":true,\\\"martAvail\\\":[{\\\"martId\\\":\\\"21\\\",\\\"ia\\\":true}],\\\"clt\\\":\\\"JoJ\\\"}\"}"}
{"id":"4b537b679c67454d89f32a0f796158d0","table":"killmonger_events_table","keyspace":"msku","timestamp":"2019-07-29T05:45:03.493Z","clusteringKeys":["1ad6147479b841849d63874b2a9e6552","updateVbIdSellingIdInventorySkipped/1","1564378021"],"changedColumns":["selling_id","fulfillment_node_id","event_type","update_at","stream_sequence_number","event_data"],"record":"{\"selling_id\":\"4b537b679c67454d89f32a0f796158d0\",\"fulfillment_node_id\":\"1ad6147479b841849d63874b2a9e6552\",\"event_type\":\"updateVbIdSellingIdInventorySkipped/1\",\"update_at\":1564378021,\"stream_sequence_number\":3015,\"event_data\":\"{\\\"id\\\":\\\"ae783d6295f94e619fe2e54ad887f473\\\",\\\"vbId\\\":\\\"4b537b679c67454d89f32a0f796158d0\\\",\\\"sellingId\\\":\\\"4b537b679c67454d89f32a0f796158d0\\\",\\\"merchantId\\\":\\\"a1cd8976329a41ae85739f65376fc756\\\",\\\"skuId\\\":\\\"4b537b679c67454d89f32a0f796158d0\\\",\\\"f\\\":8,\\\"fnId\\\":\\\"1ad6147479b841849d63874b2a9e6552\\\",\\\"fnType\\\":\\\"wolverine\\\",\\\"by\\\":\\\"Vibranium\\\",\\\"at\\\":\\\"2019-07-29T05:27:01+00:00\\\",\\\"invUssn\\\":2566,\\\"isInf\\\":false}\"}"}
{"id":"4b537b679c67454d89f32a0f796158d0","table":"killmonger_events_table","keyspace":"msku","timestamp":"2019-07-29T05:45:03.494Z","clusteringKeys":["1ad6147479b841849d63874b2a9e6552","updateVbIdSellingIdInventorySkipped/1","1564378021"],"changedColumns":["selling_id","fulfillment_node_id","event_type","update_at","stream_sequence_number","event_data"],"record":"{\"selling_id\":\"4b537b679c67454d89f32a0f796158d0\",\"fulfillment_node_id\":\"1ad6147479b841849d63874b2a9e6552\",\"event_type\":\"updateVbIdSellingIdInventorySkipped/1\",\"update_at\":1564378021,\"stream_sequence_number\":3016,\"event_data\":\"{\\\"id\\\":\\\"ae783d6295f94e619fe2e54ad887f473\\\",\\\"vbId\\\":\\\"4b537b679c67454d89f32a0f796158d0\\\",\\\"sellingId\\\":\\\"4b537b679c67454d89f32a0f796158d0\\\",\\\"merchantId\\\":\\\"a1cd8976329a41ae85739f65376fc756\\\",\\\"skuId\\\":\\\"4b537b679c67454d89f32a0f796158d0\\\",\\\"f\\\":8,\\\"fnId\\\":\\\"1ad6147479b841849d63874b2a9e6552\\\",\\\"fnType\\\":\\\"wolverine\\\",\\\"by\\\":\\\"Vibranium\\\",\\\"at\\\":\\\"2019-07-29T05:27:01+00:00\\\",\\\"invUssn\\\":2566,\\\"isInf\\\":false}\"}"}
{"id":"55E6E5FF9EE242E499A1F4E0266DB9D5","table":"killmonger_events_table","keyspace":"msku","timestamp":"2019-07-29T05:44:37.028Z","clusteringKeys":["2623","vbIdSellingIdInventoryUpdated/1","1564375903"],"changedColumns":["selling_id","fulfillment_node_id","event_type","update_at","stream_sequence_number","event_data"],"record":"{\"selling_id\":\"55E6E5FF9EE242E499A1F4E0266DB9D5\",\"fulfillment_node_id\":\"2623\",\"event_type\":\"vbIdSellingIdInventoryUpdated/1\",\"update_at\":1564375903,\"stream_sequence_number\":132,\"event_data\":\"{\\\"id\\\":\\\"b090463167674fcab24caeea2fa91ea6\\\",\\\"vbId\\\":\\\"PantherMigrationVbId\\\",\\\"sellingId\\\":\\\"55E6E5FF9EE242E499A1F4E0266DB9D5\\\",\\\"merchantId\\\":\\\"9fc08905039048918982091f266c2a29\\\",\\\"skuId\\\":\\\"PantherMigrationSkuId\\\",\\\"f\\\":0,\\\"fnId\\\":\\\"2623\\\",\\\"by\\\":\\\"Killmonger.Migration.MapInWalmartInvUpdates\\\",\\\"at\\\":\\\"2019-07-29T04:51:43.654+00:00\\\",\\\"invUssn\\\":0,\\\"isInf\\\":false,\\\"ifa\\\":true,\\\"martAvail\\\":[{\\\"martId\\\":\\\"21\\\",\\\"ia\\\":true},{\\\"martId\\\":\\\"0\\\",\\\"ia\\\":true}],\\\"clt\\\":\\\"WoJ\\\"}\"}"}
{"id":"AFB93C478D5645E79C9663F64C39A194","table":"killmonger_events_table","keyspace":"msku","timestamp":"2019-07-29T05:45:03.494Z","clusteringKeys":["8089","vbIdSellingIdInventoryUpdated/1","1564378907"],"changedColumns":["selling_id","fulfillment_node_id","event_type","update_at","stream_sequence_number","event_data"],"record":"{\"selling_id\":\"AFB93C478D5645E79C9663F64C39A194\",\"fulfillment_node_id\":\"8089\",\"event_type\":\"vbIdSellingIdInventoryUpdated/1\",\"update_at\":1564378907,\"stream_sequence_number\":146,\"event_data\":\"{\\\"id\\\":\\\"81f560416ea546c289b857c657f17d58\\\",\\\"vbId\\\":\\\"PantherMigrationVbId\\\",\\\"sellingId\\\":\\\"AFB93C478D5645E79C9663F64C39A194\\\",\\\"merchantId\\\":\\\"9fc08905039048918982091f266c2a29\\\",\\\"skuId\\\":\\\"PantherMigrationSkuId\\\",\\\"f\\\":0,\\\"fnId\\\":\\\"8089\\\",\\\"by\\\":\\\"Killmonger.Migration.MapInWalmartInvUpdates\\\",\\\"at\\\":\\\"2019-07-29T05:41:47.311+00:00\\\",\\\"invUssn\\\":0,\\\"isInf\\\":false,\\\"ifa\\\":true,\\\"martAvail\\\":[{\\\"martId\\\":\\\"21\\\",\\\"ia\\\":true},{\\\"martId\\\":\\\"0\\\",\\\"ia\\\":true}],\\\"clt\\\":\\\"WoJ\\\"}\"}"}
{"id":"DB2B5E699B654C0D83B38CFC939F2FD9","table":"killmonger_events_table","keyspace":"msku","timestamp":"2019-07-29T05:45:03.494Z","clusteringKeys":["8556","vbIdSellingIdInventoryUpdated/1","1564378913"],"changedColumns":["selling_id","fulfillment_node_id","event_type","update_at","stream_sequence_number","event_data"],"record":"{\"selling_id\":\"DB2B5E699B654C0D83B38CFC939F2FD9\",\"fulfillment_node_id\":\"8556\",\"event_type\":\"vbIdSellingIdInventoryUpdated/1\",\"update_at\":1564378913,\"stream_sequence_number\":131,\"event_data\":\"{\\\"id\\\":\\\"f7ba0595a00d4eb499a83718d51b3e01\\\",\\\"vbId\\\":\\\"PantherMigrationVbId\\\",\\\"sellingId\\\":\\\"DB2B5E699B654C0D83B38CFC939F2FD9\\\",\\\"merchantId\\\":\\\"9fc08905039048918982091f266c2a29\\\",\\\"skuId\\\":\\\"PantherMigrationSkuId\\\",\\\"f\\\":0,\\\"fnId\\\":\\\"8556\\\",\\\"by\\\":\\\"Killmonger.Migration.MapInWalmartInvUpdates\\\",\\\"at\\\":\\\"2019-07-29T05:41:53.59+00:00\\\",\\\"invUssn\\\":0,\\\"isInf\\\":false,\\\"ifa\\\":true,\\\"martAvail\\\":[{\\\"martId\\\":\\\"21\\\",\\\"ia\\\":true},{\\\"martId\\\":\\\"0\\\",\\\"ia\\\":true}],\\\"clt\\\":\\\"WoJ\\\"}\"}"}
{"id":"7093bcf6ea82477a8245ab0b19c693a0","table":"killmonger_events_table","keyspace":"msku","timestamp":"2019-07-29T05:45:03.505Z","clusteringKeys":["fb72b6f9c1e54625a551711f6ee72714","vbIdSellingIdInventoryUpdated/1","1564374967"],"changedColumns":["selling_id","fulfillment_node_id","event_type","update_at","stream_sequence_number","event_data"],"record":"{\"selling_id\":\"7093bcf6ea82477a8245ab0b19c693a0\",\"fulfillment_node_id\":\"fb72b6f9c1e54625a551711f6ee72714\",\"event_type\":\"vbIdSellingIdInventoryUpdated/1\",\"update_at\":1564374967,\"stream_sequence_number\":44,\"event_data\":\"{\\\"id\\\":\\\"5b3b366aaadb4f4a85523ef047b45da9\\\",\\\"vbId\\\":\\\"7093bcf6ea82477a8245ab0b19c693a0\\\",\\\"sellingId\\\":\\\"7093bcf6ea82477a8245ab0b19c693a0\\\",\\\"merchantId\\\":\\\"e43cf7756d0b4ba8a4e9046774656ce8\\\",\\\"skuId\\\":\\\"7093bcf6ea82477a8245ab0b19c693a0\\\",\\\"f\\\":60,\\\"fnId\\\":\\\"fb72b6f9c1e54625a551711f6ee72714\\\",\\\"fnType\\\":\\\"wolverine\\\",\\\"by\\\":\\\"Vibranium\\\",\\\"at\\\":\\\"2019-07-29T04:36:07+00:00\\\",\\\"invUssn\\\":48,\\\"isInf\\\":false,\\\"ifa\\\":true,\\\"martAvail\\\":[{\\\"martId\\\":\\\"21\\\",\\\"ia\\\":true}],\\\"clt\\\":\\\"JoJ\\\"}\"}"}
{"id":"378F17912F1F40B691A9E00269D32880","table":"killmonger_events_table","keyspace":"msku","timestamp":"2019-07-29T05:40:44.690Z","clusteringKeys":["5868","vbIdSellingIdInventoryUpdated/1","1564378909"],"changedColumns":["selling_id","fulfillment_node_id","event_type","update_at","stream_sequence_number","event_data"],"record":"{\"selling_id\":\"378F17912F1F40B691A9E00269D32880\",\"fulfillment_node_id\":\"5868\",\"event_type\":\"vbIdSellingIdInventoryUpdated/1\",\"update_at\":1564378909,\"stream_sequence_number\":127,\"event_data\":\"{\\\"id\\\":\\\"13fec041de6b45939a4a97df5c4223b8\\\",\\\"vbId\\\":\\\"PantherMigrationVbId\\\",\\\"sellingId\\\":\\\"378F17912F1F40B691A9E00269D32880\\\",\\\"merchantId\\\":\\\"9fc08905039048918982091f266c2a29\\\",\\\"skuId\\\":\\\"PantherMigrationSkuId\\\",\\\"f\\\":0,\\\"fnId\\\":\\\"5868\\\",\\\"by\\\":\\\"Killmonger.Migration.MapInWalmartInvUpdates\\\",\\\"at\\\":\\\"2019-07-29T05:41:49.179+00:00\\\",\\\"invUssn\\\":0,\\\"isInf\\\":false,\\\"ifa\\\":true,\\\"martAvail\\\":[{\\\"martId\\\":\\\"21\\\",\\\"ia\\\":true},{\\\"martId\\\":\\\"0\\\",\\\"ia\\\":true}],\\\"clt\\\":\\\"WoJ\\\"}\"}"}
{"id":"817b0b2448f448b7be4bf57b286675dd","table":"killmonger_events_table","keyspace":"msku","timestamp":"2019-07-29T05:45:02.451Z","clusteringKeys":["42c86f166857408dadca79a5f0766738","vbIdSellingIdInventoryUpdated/1","1564378129"],"changedColumns":["selling_id","fulfillment_node_id","event_type","update_at","stream_sequence_number","event_data"],"record":"{\"selling_id\":\"817b0b2448f448b7be4bf57b286675dd\",\"fulfillment_node_id\":\"42c86f166857408dadca79a5f0766738\",\"event_type\":\"vbIdSellingIdInventoryUpdated/1\",\"update_at\":1564378129,\"stream_sequence_number\":195,\"event_data\":\"{\\\"id\\\":\\\"909c2680bf6044ae9eabe137d4422b37\\\",\\\"vbId\\\":\\\"817b0b2448f448b7be4bf57b286675dd\\\",\\\"sellingId\\\":\\\"817b0b2448f448b7be4bf57b286675dd\\\",\\\"merchantId\\\":\\\"d1e151d0c15e4034958fa7221d0ea30b\\\",\\\"skuId\\\":\\\"817b0b2448f448b7be4bf57b286675dd\\\",\\\"f\\\":10,\\\"fnId\\\":\\\"42c86f166857408dadca79a5f0766738\\\",\\\"fnType\\\":\\\"wolverine\\\",\\\"by\\\":\\\"Vibranium\\\",\\\"at\\\":\\\"2019-07-29T05:28:49+00:00\\\",\\\"invUssn\\\":217,\\\"isInf\\\":false,\\\"ifa\\\":true,\\\"martAvail\\\":[{\\\"martId\\\":\\\"21\\\",\\\"ia\\\":true}],\\\"clt\\\":\\\"JoJ\\\"}\"}"}
{"id":"315C16059525497CBD290F15EB9CCDDC","table":"killmonger_events_table","keyspace":"msku","timestamp":"2019-07-29T05:45:03.506Z","clusteringKeys":["8556","vbIdSellingIdInventoryUpdated/1","1564378912"],"changedColumns":["selling_id","fulfillment_node_id","event_type","update_at","stream_sequence_number","event_data"],"record":"{\"selling_id\":\"315C16059525497CBD290F15EB9CCDDC\",\"fulfillment_node_id\":\"8556\",\"event_type\":\"vbIdSellingIdInventoryUpdated/1\",\"update_at\":1564378912,\"stream_sequence_number\":125,\"event_data\":\"{\\\"id\\\":\\\"dd623afed16b4af0b6420d6b133835f6\\\",\\\"vbId\\\":\\\"PantherMigrationVbId\\\",\\\"sellingId\\\":\\\"315C16059525497CBD290F15EB9CCDDC\\\",\\\"merchantId\\\":\\\"9fc08905039048918982091f266c2a29\\\",\\\"skuId\\\":\\\"PantherMigrationSkuId\\\",\\\"f\\\":0,\\\"fnId\\\":\\\"8556\\\",\\\"by\\\":\\\"Killmonger.Migration.MapInWalmartInvUpdates\\\",\\\"at\\\":\\\"2019-07-29T05:41:52.512+00:00\\\",\\\"invUssn\\\":0,\\\"isInf\\\":false,\\\"ifa\\\":true,\\\"martAvail\\\":[{\\\"martId\\\":\\\"21\\\",\\\"ia\\\":true},{\\\"martId\\\":\\\"0\\\",\\\"ia\\\":true}],\\\"clt\\\":\\\"WoJ\\\"}\"}"}
{"id":"315C16059525497CBD290F15EB9CCDDC","table":"killmonger_events_table","keyspace":"msku","timestamp":"2019-07-29T05:44:37.031Z","clusteringKeys":["2698","vbIdSellingIdInventoryUpdated/1","1564378912"],"changedColumns":["selling_id","fulfillment_node_id","event_type","update_at","stream_sequence_number","event_data"],"record":"{\"selling_id\":\"315C16059525497CBD290F15EB9CCDDC\",\"fulfillment_node_id\":\"2698\",\"event_type\":\"vbIdSellingIdInventoryUpdated/1\",\"update_at\":1564378912,\"stream_sequence_number\":91,\"event_data\":\"{\\\"id\\\":\\\"41a18055b664479caa05d69e9c8f4c6e\\\",\\\"vbId\\\":\\\"PantherMigrationVbId\\\",\\\"sellingId\\\":\\\"315C16059525497CBD290F15EB9CCDDC\\\",\\\"merchantId\\\":\\\"9fc08905039048918982091f266c2a29\\\",\\\"skuId\\\":\\\"PantherMigrationSkuId\\\",\\\"f\\\":0,\\\"fnId\\\":\\\"2698\\\",\\\"by\\\":\\\"Killmonger.Migration.MapInWalmartInvUpdates\\\",\\\"at\\\":\\\"2019-07-29T05:41:52.512+00:00\\\",\\\"invUssn\\\":0,\\\"isInf\\\":false,\\\"ifa\\\":true,\\\"martAvail\\\":[{\\\"martId\\\":\\\"21\\\",\\\"ia\\\":true},{\\\"martId\\\":\\\"0\\\",\\\"ia\\\":true}],\\\"clt\\\":\\\"WoJ\\\"}\"}"}
{"id":"1bc1d1cd515b4cdb9ccb31cdcc58d7dd","table":"killmonger_events_table","keyspace":"msku","timestamp":"2019-07-29T05:44:37.032Z","clusteringKeys":["3cbcc7e28aac4f6fb0a8cde4e85483c0","updateVbIdSellingIdInventorySkipped/1","1564375214"],"changedColumns":["selling_id","fulfillment_node_id","event_type","update_at","stream_sequence_number","event_data"],"record":"{\"selling_id\":\"1bc1d1cd515b4cdb9ccb31cdcc58d7dd\",\"fulfillment_node_id\":\"3cbcc7e28aac4f6fb0a8cde4e85483c0\",\"event_type\":\"updateVbIdSellingIdInventorySkipped/1\",\"update_at\":1564375214,\"stream_sequence_number\":66,\"event_data\":\"{\\\"id\\\":\\\"e802fa15a782453299ae91f5071a1141\\\",\\\"vbId\\\":\\\"1bc1d1cd515b4cdb9ccb31cdcc58d7dd\\\",\\\"sellingId\\\":\\\"1bc1d1cd515b4cdb9ccb31cdcc58d7dd\\\",\\\"merchantId\\\":\\\"7eaf70709bf149f890dc3a845871dab4\\\",\\\"skuId\\\":\\\"1bc1d1cd515b4cdb9ccb31cdcc58d7dd\\\",\\\"f\\\":559,\\\"fnId\\\":\\\"3cbcc7e28aac4f6fb0a8cde4e85483c0\\\",\\\"fnType\\\":\\\"wolverine\\\",\\\"by\\\":\\\"Vibranium\\\",\\\"at\\\":\\\"2019-07-29T04:40:14+00:00\\\",\\\"invUssn\\\":46,\\\"isInf\\\":false}\"}"}
{"id":"1bc1d1cd515b4cdb9ccb31cdcc58d7dd","table":"killmonger_events_table","keyspace":"msku","timestamp":"2019-07-29T05:44:37.032Z","clusteringKeys":["3cbcc7e28aac4f6fb0a8cde4e85483c0","updateVbIdSellingIdInventorySkipped/1","1564375214"],"changedColumns":["selling_id","fulfillment_node_id","event_type","update_at","stream_sequence_number","event_data"],"record":"{\"selling_id\":\"1bc1d1cd515b4cdb9ccb31cdcc58d7dd\",\"fulfillment_node_id\":\"3cbcc7e28aac4f6fb0a8cde4e85483c0\",\"event_type\":\"updateVbIdSellingIdInventorySkipped/1\",\"update_at\":1564375214,\"stream_sequence_number\":67,\"event_data\":\"{\\\"id\\\":\\\"4c26ece3ea6d47189af8fe5ecd4bbc97\\\",\\\"vbId\\\":\\\"1bc1d1cd515b4cdb9ccb31cdcc58d7dd\\\",\\\"sellingId\\\":\\\"1bc1d1cd515b4cdb9ccb31cdcc58d7dd\\\",\\\"merchantId\\\":\\\"7eaf70709bf149f890dc3a845871dab4\\\",\\\"skuId\\\":\\\"1bc1d1cd515b4cdb9ccb31cdcc58d7dd\\\",\\\"f\\\":559,\\\"fnId\\\":\\\"3cbcc7e28aac4f6fb0a8cde4e85483c0\\\",\\\"fnType\\\":\\\"wolverine\\\",\\\"by\\\":\\\"Vibranium\\\",\\\"at\\\":\\\"2019-07-29T04:40:14+00:00\\\",\\\"invUssn\\\":46,\\\"isInf\\\":false}\"}"}
{"id":"BCAFD05D990548F08406E798630008D0","table":"killmonger_events_table","keyspace":"msku","timestamp":"2019-07-29T05:45:03.508Z","clusteringKeys":["10000007863","vbIdSellingIdInventoryUpdated/1","1564375951"],"changedColumns":["selling_id","fulfillment_node_id","event_type","update_at","stream_sequence_number","event_data"],"record":"{\"selling_id\":\"BCAFD05D990548F08406E798630008D0\",\"fulfillment_node_id\":\"10000007863\",\"event_type\":\"vbIdSellingIdInventoryUpdated/1\",\"update_at\":1564375951,\"stream_sequence_number\":3542,\"event_data\":\"{\\\"id\\\":\\\"e25a12d05c514383a237407803ae7992\\\",\\\"vbId\\\":\\\"1432-pers5-mt-l-7740\\\",\\\"sellingId\\\":\\\"BCAFD05D990548F08406E798630008D0\\\",\\\"merchantId\\\":\\\"7740\\\",\\\"skuId\\\":\\\"1432-pers5-mt-l\\\",\\\"f\\\":57,\\\"fnId\\\":\\\"10000007863\\\",\\\"fnType\\\":\\\"MARKETPLACE\\\",\\\"by\\\":\\\"Vibranium\\\",\\\"at\\\":\\\"2019-07-29T04:52:31+00:00\\\",\\\"invUssn\\\":2668,\\\"catUssn\\\":308,\\\"isInf\\\":false,\\\"ifa\\\":true,\\\"martAvail\\\":[{\\\"martId\\\":\\\"0\\\",\\\"ia\\\":true}],\\\"clt\\\":\\\"WoW\\\"}\"}"}
{"id":"b7f77353a72b4eada744cd717672b9a3","table":"killmonger_events_table","keyspace":"msku","timestamp":"2019-07-29T05:45:03.515Z","clusteringKeys":["fb72b6f9c1e54625a551711f6ee72714","vbIdSellingIdInventoryUpdated/1","1564378075"],"changedColumns":["selling_id","fulfillment_node_id","event_type","update_at","stream_sequence_number","event_data"],"record":"{\"selling_id\":\"b7f77353a72b4eada744cd717672b9a3\",\"fulfillment_node_id\":\"fb72b6f9c1e54625a551711f6ee72714\",\"event_type\":\"vbIdSellingIdInventoryUpdated/1\",\"update_at\":1564378075,\"stream_sequence_number\":37,\"event_data\":\"{\\\"id\\\":\\\"92eade57bf8045279cf90bfb1e4ed234\\\",\\\"vbId\\\":\\\"b7f77353a72b4eada744cd717672b9a3\\\",\\\"sellingId\\\":\\\"b7f77353a72b4eada744cd717672b9a3\\\",\\\"merchantId\\\":\\\"e43cf7756d0b4ba8a4e9046774656ce8\\\",\\\"skuId\\\":\\\"b7f77353a72b4eada744cd717672b9a3\\\",\\\"f\\\":131,\\\"fnId\\\":\\\"fb72b6f9c1e54625a551711f6ee72714\\\",\\\"fnType\\\":\\\"wolverine\\\",\\\"by\\\":\\\"Vibranium\\\",\\\"at\\\":\\\"2019-07-29T05:27:55+00:00\\\",\\\"invUssn\\\":48,\\\"isInf\\\":false,\\\"ifa\\\":true,\\\"martAvail\\\":[{\\\"martId\\\":\\\"21\\\",\\\"ia\\\":true}],\\\"clt\\\":\\\"JoJ\\\"}\"}"}
{"id":"c6159bce2271491d9556af1bdfcbd2f2","table":"killmonger_events_table","keyspace":"msku","timestamp":"2019-07-29T05:45:03.519Z","clusteringKeys":["fb72b6f9c1e54625a551711f6ee72714","vbIdSellingIdInventoryUpdated/1","1564375727"],"changedColumns":["selling_id","fulfillment_node_id","event_type","update_at","stream_sequence_number","event_data"],"record":"{\"selling_id\":\"c6159bce2271491d9556af1bdfcbd2f2\",\"fulfillment_node_id\":\"fb72b6f9c1e54625a551711f6ee72714\",\"event_type\":\"vbIdSellingIdInventoryUpdated/1\",\"update_at\":1564375727,\"stream_sequence_number\":46,\"event_data\":\"{\\\"id\\\":\\\"43b730f6864447828e550336cfc1d0a5\\\",\\\"vbId\\\":\\\"c6159bce2271491d9556af1bdfcbd2f2\\\",\\\"sellingId\\\":\\\"c6159bce2271491d9556af1bdfcbd2f2\\\",\\\"merchantId\\\":\\\"e43cf7756d0b4ba8a4e9046774656ce8\\\",\\\"skuId\\\":\\\"c6159bce2271491d9556af1bdfcbd2f2\\\",\\\"f\\\":115,\\\"fnId\\\":\\\"fb72b6f9c1e54625a551711f6ee72714\\\",\\\"fnType\\\":\\\"wolverine\\\",\\\"by\\\":\\\"Vibranium\\\",\\\"at\\\":\\\"2019-07-29T04:48:47+00:00\\\",\\\"invUssn\\\":48,\\\"isInf\\\":false,\\\"ifa\\\":true,\\\"martAvail\\\":[{\\\"martId\\\":\\\"21\\\",\\\"ia\\\":true}],\\\"clt\\\":\\\"JoJ\\\"}\"}"}
{"id":"BDB6524BB9D24DEF913EBE6E0FA286C4","table":"killmonger_events_table","keyspace":"msku","timestamp":"2019-07-29T05:45:03.519Z","clusteringKeys":["8302","vbIdSellingIdInventoryUpdated/1","1564378912"],"changedColumns":["selling_id","fulfillment_node_id","event_type","update_at","stream_sequence_number","event_data"],"record":"{\"selling_id\":\"BDB6524BB9D24DEF913EBE6E0FA286C4\",\"fulfillment_node_id\":\"8302\",\"event_type\":\"vbIdSellingIdInventoryUpdated/1\",\"update_at\":1564378912,\"stream_sequence_number\":126,\"event_data\":\"{\\\"id\\\":\\\"2e2faa7bbecc45b593baad8ef614277e\\\",\\\"vbId\\\":\\\"PantherMigrationVbId\\\",\\\"sellingId\\\":\\\"BDB6524BB9D24DEF913EBE6E0FA286C4\\\",\\\"merchantId\\\":\\\"9fc08905039048918982091f266c2a29\\\",\\\"skuId\\\":\\\"PantherMigrationSkuId\\\",\\\"f\\\":0,\\\"fnId\\\":\\\"8302\\\",\\\"by\\\":\\\"Killmonger.Migration.MapInWalmartInvUpdates\\\",\\\"at\\\":\\\"2019-07-29T05:41:52.738+00:00\\\",\\\"invUssn\\\":0,\\\"isInf\\\":false,\\\"ifa\\\":true,\\\"martAvail\\\":[{\\\"martId\\\":\\\"21\\\",\\\"ia\\\":true},{\\\"martId\\\":\\\"0\\\",\\\"ia\\\":true}],\\\"clt\\\":\\\"WoJ\\\"}\"}"}
{"id":"1dfc1bcfd9fc4dfdb6a412d6d55c6724","table":"killmonger_events_table","keyspace":"msku","timestamp":"2019-07-29T05:40:44.710Z","clusteringKeys":["fb72b6f9c1e54625a551711f6ee72714","vbIdSellingIdInventoryUpdated/1","1564378274"],"changedColumns":["selling_id","fulfillment_node_id","event_type","update_at","stream_sequence_number","event_data"],"record":"{\"selling_id\":\"1dfc1bcfd9fc4dfdb6a412d6d55c6724\",\"fulfillment_node_id\":\"fb72b6f9c1e54625a551711f6ee72714\",\"event_type\":\"vbIdSellingIdInventoryUpdated/1\",\"update_at\":1564378274,\"stream_sequence_number\":40,\"event_data\":\"{\\\"id\\\":\\\"8bcfa3d3f81245cf90235e69ab7c0f69\\\",\\\"vbId\\\":\\\"1dfc1bcfd9fc4dfdb6a412d6d55c6724\\\",\\\"sellingId\\\":\\\"1dfc1bcfd9fc4dfdb6a412d6d55c6724\\\",\\\"merchantId\\\":\\\"e43cf7756d0b4ba8a4e9046774656ce8\\\",\\\"skuId\\\":\\\"1dfc1bcfd9fc4dfdb6a412d6d55c6724\\\",\\\"f\\\":98,\\\"fnId\\\":\\\"fb72b6f9c1e54625a551711f6ee72714\\\",\\\"fnType\\\":\\\"wolverine\\\",\\\"by\\\":\\\"Vibranium\\\",\\\"at\\\":\\\"2019-07-29T05:31:14+00:00\\\",\\\"invUssn\\\":51,\\\"isInf\\\":false,\\\"ifa\\\":true,\\\"martAvail\\\":[{\\\"martId\\\":\\\"21\\\",\\\"ia\\\":true}],\\\"clt\\\":\\\"JoJ\\\"}\"}"}
{"id":"DB2B5E699B654C0D83B38CFC939F2FD9","table":"killmonger_events_table","keyspace":"msku","timestamp":"2019-07-29T05:40:44.710Z","clusteringKeys":["4364","vbIdSellingIdInventoryUpdated/1","1564378913"],"changedColumns":["selling_id","fulfillment_node_id","event_type","update_at","stream_sequence_number","event_data"],"record":"{\"selling_id\":\"DB2B5E699B654C0D83B38CFC939F2FD9\",\"fulfillment_node_id\":\"4364\",\"event_type\":\"vbIdSellingIdInventoryUpdated/1\",\"update_at\":1564378913,\"stream_sequence_number\":131,\"event_data\":\"{\\\"id\\\":\\\"cf13a6879d4c40fe870fe0f7b67b99c6\\\",\\\"vbId\\\":\\\"PantherMigrationVbId\\\",\\\"sellingId\\\":\\\"DB2B5E699B654C0D83B38CFC939F2FD9\\\",\\\"merchantId\\\":\\\"9fc08905039048918982091f266c2a29\\\",\\\"skuId\\\":\\\"PantherMigrationSkuId\\\",\\\"f\\\":0,\\\"fnId\\\":\\\"4364\\\",\\\"by\\\":\\\"Killmonger.Migration.MapInWalmartInvUpdates\\\",\\\"at\\\":\\\"2019-07-29T05:41:53.59+00:00\\\",\\\"invUssn\\\":0,\\\"isInf\\\":false,\\\"ifa\\\":true,\\\"martAvail\\\":[{\\\"martId\\\":\\\"21\\\",\\\"ia\\\":true},{\\\"martId\\\":\\\"0\\\",\\\"ia\\\":true}],\\\"clt\\\":\\\"WoJ\\\"}\"}"}
{"id":"9D233E1CB73346CF8E6866244F7182FB","table":"killmonger_events_table","keyspace":"msku","timestamp":"2019-07-29T05:45:03.522Z","clusteringKeys":["10000001892","vbIdSellingIdInventoryUpdated/1","1564375650"],"changedColumns":["selling_id","fulfillment_node_id","event_type","update_at","stream_sequence_number","event_data"],"record":"{\"selling_id\":\"9D233E1CB73346CF8E6866244F7182FB\",\"fulfillment_node_id\":\"10000001892\",\"event_type\":\"vbIdSellingIdInventoryUpdated/1\",\"update_at\":1564375650,\"stream_sequence_number\":515,\"event_data\":\"{\\\"id\\\":\\\"42e842ed712e4feba6eab1b5d82092db\\\",\\\"vbId\\\":\\\"VAL_ASAMG386THPCSAAS101NP-1949\\\",\\\"sellingId\\\":\\\"9D233E1CB73346CF8E6866244F7182FB\\\",\\\"merchantId\\\":\\\"1949\\\",\\\"skuId\\\":\\\"VAL_ASAMG386THPCSAAS101NP\\\",\\\"f\\\":5,\\\"fnId\\\":\\\"10000001892\\\",\\\"fnType\\\":\\\"MARKETPLACE\\\",\\\"by\\\":\\\"Vibranium\\\",\\\"at\\\":\\\"2019-07-29T04:47:30+00:00\\\",\\\"invUssn\\\":441,\\\"catUssn\\\":2,\\\"isInf\\\":false,\\\"ifa\\\":true,\\\"martAvail\\\":[{\\\"martId\\\":\\\"0\\\",\\\"ia\\\":true}],\\\"clt\\\":\\\"WoW\\\"}\"}"}
{"id":"A6951D56A49548A7B1131A26C4CDBD6D","table":"killmonger_events_table","keyspace":"msku","timestamp":"2019-07-29T05:44:37.056Z","clusteringKeys":["5926","vbIdSellingIdInventoryUpdated/1","1564378912"],"changedColumns":["selling_id","fulfillment_node_id","event_type","update_at","stream_sequence_number","event_data"],"record":"{\"selling_id\":\"A6951D56A49548A7B1131A26C4CDBD6D\",\"fulfillment_node_id\":\"5926\",\"event_type\":\"vbIdSellingIdInventoryUpdated/1\",\"update_at\":1564378912,\"stream_sequence_number\":135,\"event_data\":\"{\\\"id\\\":\\\"e4c7c790d736428aa8be3d92aa5fc3d8\\\",\\\"vbId\\\":\\\"PantherMigrationVbId\\\",\\\"sellingId\\\":\\\"A6951D56A49548A7B1131A26C4CDBD6D\\\",\\\"merchantId\\\":\\\"9fc08905039048918982091f266c2a29\\\",\\\"skuId\\\":\\\"PantherMigrationSkuId\\\",\\\"f\\\":0,\\\"fnId\\\":\\\"5926\\\",\\\"by\\\":\\\"Killmonger.Migration.MapInWalmartInvUpdates\\\",\\\"at\\\":\\\"2019-07-29T05:41:52.301+00:00\\\",\\\"invUssn\\\":0,\\\"isInf\\\":false,\\\"ifa\\\":true,\\\"martAvail\\\":[{\\\"martId\\\":\\\"21\\\",\\\"ia\\\":true},{\\\"martId\\\":\\\"0\\\",\\\"ia\\\":true}],\\\"clt\\\":\\\"WoJ\\\"}\"}"}
{"id":"9eb157f6b4cc493697670198aedaa6ac","table":"killmonger_events_table","keyspace":"msku","timestamp":"2019-07-29T05:44:37.056Z","clusteringKeys":["3cbcc7e28aac4f6fb0a8cde4e85483c0","vbIdSellingIdInventoryUpdated/1","1564375214"],"changedColumns":["selling_id","fulfillment_node_id","event_type","update_at","stream_sequence_number","event_data"],"record":"{\"selling_id\":\"9eb157f6b4cc493697670198aedaa6ac\",\"fulfillment_node_id\":\"3cbcc7e28aac4f6fb0a8cde4e85483c0\",\"event_type\":\"vbIdSellingIdInventoryUpdated/1\",\"update_at\":1564375214,\"stream_sequence_number\":53,\"event_data\":\"{\\\"id\\\":\\\"14813b8512d741c8ad6febe8b0feb830\\\",\\\"vbId\\\":\\\"9eb157f6b4cc493697670198aedaa6ac\\\",\\\"sellingId\\\":\\\"9eb157f6b4cc493697670198aedaa6ac\\\",\\\"merchantId\\\":\\\"7eaf70709bf149f890dc3a845871dab4\\\",\\\"skuId\\\":\\\"9eb157f6b4cc493697670198aedaa6ac\\\",\\\"f\\\":559,\\\"fnId\\\":\\\"3cbcc7e28aac4f6fb0a8cde4e85483c0\\\",\\\"fnType\\\":\\\"wolverine\\\",\\\"by\\\":\\\"Vibranium\\\",\\\"at\\\":\\\"2019-07-29T04:40:14+00:00\\\",\\\"invUssn\\\":42,\\\"isInf\\\":false,\\\"ifa\\\":true,\\\"martAvail\\\":[{\\\"martId\\\":\\\"21\\\",\\\"ia\\\":true}],\\\"clt\\\":\\\"JoJ\\\"}\"}"}
{"id":"419bb37667e54c6691509618ce49021e","table":"killmonger_events_table","keyspace":"msku","timestamp":"2019-07-29T05:45:02.470Z","clusteringKeys":["fb72b6f9c1e54625a551711f6ee72714","vbIdSellingIdInventoryUpdated/1","1564378075"],"changedColumns":["selling_id","fulfillment_node_id","event_type","update_at","stream_sequence_number","event_data"],"record":"{\"selling_id\":\"419bb37667e54c6691509618ce49021e\",\"fulfillment_node_id\":\"fb72b6f9c1e54625a551711f6ee72714\",\"event_type\":\"vbIdSellingIdInventoryUpdated/1\",\"update_at\":1564378075,\"stream_sequence_number\":41,\"event_data\":\"{\\\"id\\\":\\\"e60944f3834a4b1796eee6461b33dbb1\\\",\\\"vbId\\\":\\\"419bb37667e54c6691509618ce49021e\\\",\\\"sellingId\\\":\\\"419bb37667e54c6691509618ce49021e\\\",\\\"merchantId\\\":\\\"e43cf7756d0b4ba8a4e9046774656ce8\\\",\\\"skuId\\\":\\\"419bb37667e54c6691509618ce49021e\\\",\\\"f\\\":81,\\\"fnId\\\":\\\"fb72b6f9c1e54625a551711f6ee72714\\\",\\\"fnType\\\":\\\"wolverine\\\",\\\"by\\\":\\\"Vibranium\\\",\\\"at\\\":\\\"2019-07-29T05:27:55+00:00\\\",\\\"invUssn\\\":51,\\\"isInf\\\":false,\\\"ifa\\\":true,\\\"martAvail\\\":[{\\\"martId\\\":\\\"21\\\",\\\"ia\\\":true}],\\\"clt\\\":\\\"JoJ\\\"}\"}"}
{"id":"8e559a1bbc9e4bacb59b6bc3f02eb888","table":"killmonger_events_table","keyspace":"msku","timestamp":"2019-07-29T05:45:03.526Z","clusteringKeys":["ce4dd86743fd4a3f960bfb78a1c5c50b","updateVbIdSellingIdInventorySkipped/1","1564375614"],"changedColumns":["selling_id","fulfillment_node_id","event_type","update_at","stream_sequence_number","event_data"],"record":"{\"selling_id\":\"8e559a1bbc9e4bacb59b6bc3f02eb888\",\"fulfillment_node_id\":\"ce4dd86743fd4a3f960bfb78a1c5c50b\",\"event_type\":\"updateVbIdSellingIdInventorySkipped/1\",\"update_at\":1564375614,\"stream_sequence_number\":40,\"event_data\":\"{\\\"id\\\":\\\"8aabf694af7b4d93ad18c27de968b01d\\\",\\\"vbId\\\":\\\"8e559a1bbc9e4bacb59b6bc3f02eb888\\\",\\\"sellingId\\\":\\\"8e559a1bbc9e4bacb59b6bc3f02eb888\\\",\\\"merchantId\\\":\\\"d8a71b916cf34aa895091e31804ec8f9\\\",\\\"skuId\\\":\\\"8e559a1bbc9e4bacb59b6bc3f02eb888\\\",\\\"f\\\":1,\\\"fnId\\\":\\\"ce4dd86743fd4a3f960bfb78a1c5c50b\\\",\\\"fnType\\\":\\\"wolverine\\\",\\\"by\\\":\\\"Vibranium\\\",\\\"at\\\":\\\"2019-07-29T04:46:54+00:00\\\",\\\"invUssn\\\":33,\\\"isInf\\\":false}\"}"}
{"id":"f1e7fd010b8b4a7e852968ad446bb9fa","table":"killmonger_events_table","keyspace":"msku","timestamp":"2019-07-29T05:45:03.527Z","clusteringKeys":["fb72b6f9c1e54625a551711f6ee72714","vbIdSellingIdInventoryUpdated/1","1564378274"],"changedColumns":["selling_id","fulfillment_node_id","event_type","update_at","stream_sequence_number","event_data"],"record":"{\"selling_id\":\"f1e7fd010b8b4a7e852968ad446bb9fa\",\"fulfillment_node_id\":\"fb72b6f9c1e54625a551711f6ee72714\",\"event_type\":\"vbIdSellingIdInventoryUpdated/1\",\"update_at\":1564378274,\"stream_sequence_number\":39,\"event_data\":\"{\\\"id\\\":\\\"f15d264a922749da84b2bf677713d42f\\\",\\\"vbId\\\":\\\"f1e7fd010b8b4a7e852968ad446bb9fa\\\",\\\"sellingId\\\":\\\"f1e7fd010b8b4a7e852968ad446bb9fa\\\",\\\"merchantId\\\":\\\"e43cf7756d0b4ba8a4e9046774656ce8\\\",\\\"skuId\\\":\\\"f1e7fd010b8b4a7e852968ad446bb9fa\\\",\\\"f\\\":67,\\\"fnId\\\":\\\"fb72b6f9c1e54625a551711f6ee72714\\\",\\\"fnType\\\":\\\"wolverine\\\",\\\"by\\\":\\\"Vibranium\\\",\\\"at\\\":\\\"2019-07-29T05:31:14+00:00\\\",\\\"invUssn\\\":51,\\\"isInf\\\":false,\\\"ifa\\\":true,\\\"martAvail\\\":[{\\\"martId\\\":\\\"21\\\",\\\"ia\\\":true}],\\\"clt\\\":\\\"JoJ\\\"}\"}"}
{"id":"f1e7fd010b8b4a7e852968ad446bb9fa","table":"killmonger_events_table","keyspace":"msku","timestamp":"2019-07-29T05:45:03.528Z","clusteringKeys":["fb72b6f9c1e54625a551711f6ee72714","updateVbIdSellingIdInventorySkipped/1","1564378274"],"changedColumns":["selling_id","fulfillment_node_id","event_type","update_at","stream_sequence_number","event_data"],"record":"{\"selling_id\":\"f1e7fd010b8b4a7e852968ad446bb9fa\",\"fulfillment_node_id\":\"fb72b6f9c1e54625a551711f6ee72714\",\"event_type\":\"updateVbIdSellingIdInventorySkipped/1\",\"update_at\":1564378274,\"stream_sequence_number\":40,\"event_data\":\"{\\\"id\\\":\\\"f15d264a922749da84b2bf677713d42f\\\",\\\"vbId\\\":\\\"f1e7fd010b8b4a7e852968ad446bb9fa\\\",\\\"sellingId\\\":\\\"f1e7fd010b8b4a7e852968ad446bb9fa\\\",\\\"merchantId\\\":\\\"e43cf7756d0b4ba8a4e9046774656ce8\\\",\\\"skuId\\\":\\\"f1e7fd010b8b4a7e852968ad446bb9fa\\\",\\\"f\\\":67,\\\"fnId\\\":\\\"fb72b6f9c1e54625a551711f6ee72714\\\",\\\"fnType\\\":\\\"wolverine\\\",\\\"by\\\":\\\"Vibranium\\\",\\\"at\\\":\\\"2019-07-29T05:31:14+00:00\\\",\\\"invUssn\\\":51,\\\"isInf\\\":false}\"}"}
{"id":"8C97FC8AAE0E449ABAFFD17DB7D45507","table":"killmonger_events_table","keyspace":"msku","timestamp":"2019-07-29T05:44:37.062Z","clusteringKeys":["10000005130","vbIdSellingIdInventoryUpdated/1","1564378010"],"changedColumns":["selling_id","fulfillment_node_id","event_type","update_at","stream_sequence_number","event_data"],"record":"{\"selling_id\":\"8C97FC8AAE0E449ABAFFD17DB7D45507\",\"fulfillment_node_id\":\"10000005130\",\"event_type\":\"vbIdSellingIdInventoryUpdated/1\",\"update_at\":1564378010,\"stream_sequence_number\":1481,\"event_data\":\"{\\\"id\\\":\\\"50893e7acd4149e8b9446034243cd3de\\\",\\\"vbId\\\":\\\"7L-F7U0-G4L0-4973\\\",\\\"sellingId\\\":\\\"8C97FC8AAE0E449ABAFFD17DB7D45507\\\",\\\"merchantId\\\":\\\"4973\\\",\\\"skuId\\\":\\\"7L-F7U0-G4L0\\\",\\\"f\\\":2,\\\"fnId\\\":\\\"10000005130\\\",\\\"fnType\\\":\\\"MARKETPLACE\\\",\\\"by\\\":\\\"Vibranium\\\",\\\"at\\\":\\\"2019-07-29T05:26:50+00:00\\\",\\\"invUssn\\\":430,\\\"catUssn\\\":993,\\\"isInf\\\":false,\\\"ifa\\\":true,\\\"martAvail\\\":[{\\\"martId\\\":\\\"0\\\",\\\"ia\\\":true}],\\\"clt\\\":\\\"WoW\\\"}\"}"}
{"id":"90BD92AEF0024C908F98DB7DB7BE7197","table":"killmonger_events_table","keyspace":"msku","timestamp":"2019-07-29T05:40:44.724Z","clusteringKeys":["2750","vbIdSellingIdInventoryUpdated/1","1564378912"],"changedColumns":["selling_id","fulfillment_node_id","event_type","update_at","stream_sequence_number","event_data"],"record":"{\"selling_id\":\"90BD92AEF0024C908F98DB7DB7BE7197\",\"fulfillment_node_id\":\"2750\",\"event_type\":\"vbIdSellingIdInventoryUpdated/1\",\"update_at\":1564378912,\"stream_sequence_number\":95,\"event_data\":\"{\\\"id\\\":\\\"386d135b58b749c2b51ed492d72ce0a4\\\",\\\"vbId\\\":\\\"PantherMigrationVbId\\\",\\\"sellingId\\\":\\\"90BD92AEF0024C908F98DB7DB7BE7197\\\",\\\"merchantId\\\":\\\"9fc08905039048918982091f266c2a29\\\",\\\"skuId\\\":\\\"PantherMigrationSkuId\\\",\\\"f\\\":0,\\\"fnId\\\":\\\"2750\\\",\\\"by\\\":\\\"Killmonger.Migration.MapInWalmartInvUpdates\\\",\\\"at\\\":\\\"2019-07-29T05:41:52.351+00:00\\\",\\\"invUssn\\\":0,\\\"isInf\\\":false,\\\"ifa\\\":true,\\\"martAvail\\\":[{\\\"martId\\\":\\\"21\\\",\\\"ia\\\":true},{\\\"martId\\\":\\\"0\\\",\\\"ia\\\":true}],\\\"clt\\\":\\\"WoJ\\\"}\"}"}
{"id":"363E411EFC6A41438073C0C336D13033","table":"killmonger_events_table","keyspace":"msku","timestamp":"2019-07-29T05:45:03.529Z","clusteringKeys":["2623","vbIdSellingIdInventoryUpdated/1","1564378911"],"changedColumns":["selling_id","fulfillment_node_id","event_type","update_at","stream_sequence_number","event_data"],"record":"{\"selling_id\":\"363E411EFC6A41438073C0C336D13033\",\"fulfillment_node_id\":\"2623\",\"event_type\":\"vbIdSellingIdInventoryUpdated/1\",\"update_at\":1564378911,\"stream_sequence_number\":144,\"event_data\":\"{\\\"id\\\":\\\"5bdf1abfbd0246a49a8f3eeab6866cb5\\\",\\\"vbId\\\":\\\"PantherMigrationVbId\\\",\\\"sellingId\\\":\\\"363E411EFC6A41438073C0C336D13033\\\",\\\"merchantId\\\":\\\"9fc08905039048918982091f266c2a29\\\",\\\"skuId\\\":\\\"PantherMigrationSkuId\\\",\\\"f\\\":0,\\\"fnId\\\":\\\"2623\\\",\\\"by\\\":\\\"Killmonger.Migration.MapInWalmartInvUpdates\\\",\\\"at\\\":\\\"2019-07-29T05:41:51.052+00:00\\\",\\\"invUssn\\\":0,\\\"isInf\\\":false,\\\"ifa\\\":true,\\\"martAvail\\\":[{\\\"martId\\\":\\\"21\\\",\\\"ia\\\":true},{\\\"martId\\\":\\\"0\\\",\\\"ia\\\":true}],\\\"clt\\\":\\\"WoJ\\\"}\"}"}
{"id":"363E411EFC6A41438073C0C336D13033","table":"killmonger_events_table","keyspace":"msku","timestamp":"2019-07-29T05:45:03.529Z","clusteringKeys":["2623","vbIdSellingIdInventoryUpdated/1","1564378911"],"changedColumns":["selling_id","fulfillment_node_id","event_type","update_at","stream_sequence_number","event_data"],"record":"{\"selling_id\":\"363E411EFC6A41438073C0C336D13033\",\"fulfillment_node_id\":\"2623\",\"event_type\":\"vbIdSellingIdInventoryUpdated/1\",\"update_at\":1564378911,\"stream_sequence_number\":145,\"event_data\":\"{\\\"id\\\":\\\"5bdf1abfbd0246a49a8f3eeab6866cb5\\\",\\\"vbId\\\":\\\"PantherMigrationVbId\\\",\\\"sellingId\\\":\\\"363E411EFC6A41438073C0C336D13033\\\",\\\"merchantId\\\":\\\"9fc08905039048918982091f266c2a29\\\",\\\"skuId\\\":\\\"PantherMigrationSkuId\\\",\\\"f\\\":0,\\\"fnId\\\":\\\"2623\\\",\\\"by\\\":\\\"Killmonger.Migration.MapInWalmartInvUpdates\\\",\\\"at\\\":\\\"2019-07-29T05:41:51.052+00:00\\\",\\\"invUssn\\\":0,\\\"isInf\\\":false,\\\"ifa\\\":true,\\\"martAvail\\\":[{\\\"martId\\\":\\\"21\\\",\\\"ia\\\":true},{\\\"martId\\\":\\\"0\\\",\\\"ia\\\":true}],\\\"clt\\\":\\\"WoJ\\\"}\"}"}
{"id":"3911B15EB92F45DD9E5E2F5AE1120F5A","table":"killmonger_events_table","keyspace":"msku","timestamp":"2019-07-29T05:45:03.540Z","clusteringKeys":["10000001297","updateVbIdSellingIdInventorySkipped/1","1564377647"],"changedColumns":["selling_id","fulfillment_node_id","event_type","update_at","stream_sequence_number","event_data"],"record":"{\"selling_id\":\"3911B15EB92F45DD9E5E2F5AE1120F5A\",\"fulfillment_node_id\":\"10000001297\",\"event_type\":\"updateVbIdSellingIdInventorySkipped/1\",\"update_at\":1564377647,\"stream_sequence_number\":65,\"event_data\":\"{\\\"id\\\":\\\"c7383b426cd54f6eafe6bc9fde95a937\\\",\\\"vbId\\\":\\\"DR0651-1820-14KW-6.5-1263\\\",\\\"sellingId\\\":\\\"3911B15EB92F45DD9E5E2F5AE1120F5A\\\",\\\"merchantId\\\":\\\"1263\\\",\\\"skuId\\\":\\\"DR0651-1820-14KW-6.5\\\",\\\"f\\\":50,\\\"fnId\\\":\\\"10000001297\\\",\\\"fnType\\\":\\\"MARKETPLACE\\\",\\\"by\\\":\\\"Vibranium\\\",\\\"at\\\":\\\"2019-07-29T05:20:47+00:00\\\",\\\"invUssn\\\":50,\\\"catUssn\\\":4,\\\"isInf\\\":false}\"}"}
{"id":"A32B0BB621D1439891E5B143A0238C07","table":"killmonger_events_table","keyspace":"msku","timestamp":"2019-07-29T05:45:03.541Z","clusteringKeys":["2738","vbIdSellingIdInventoryUpdated/1","1564378912"],"changedColumns":["selling_id","fulfillment_node_id","event_type","update_at","stream_sequence_number","event_data"],"record":"{\"selling_id\":\"A32B0BB621D1439891E5B143A0238C07\",\"fulfillment_node_id\":\"2738\",\"event_type\":\"vbIdSellingIdInventoryUpdated/1\",\"update_at\":1564378912,\"stream_sequence_number\":135,\"event_data\":\"{\\\"id\\\":\\\"3e8ba02a87484eae8e10d0f401485272\\\",\\\"vbId\\\":\\\"PantherMigrationVbId\\\",\\\"sellingId\\\":\\\"A32B0BB621D1439891E5B143A0238C07\\\",\\\"merchantId\\\":\\\"9fc08905039048918982091f266c2a29\\\",\\\"skuId\\\":\\\"PantherMigrationSkuId\\\",\\\"f\\\":0,\\\"fnId\\\":\\\"2738\\\",\\\"by\\\":\\\"Killmonger.Migration.MapInWalmartInvUpdates\\\",\\\"at\\\":\\\"2019-07-29T05:41:52.316+00:00\\\",\\\"invUssn\\\":0,\\\"isInf\\\":false,\\\"ifa\\\":true,\\\"martAvail\\\":[{\\\"martId\\\":\\\"21\\\",\\\"ia\\\":true},{\\\"martId\\\":\\\"0\\\",\\\"ia\\\":true}],\\\"clt\\\":\\\"WoJ\\\"}\"}"}
{"id":"ae9a5f5c29e149149f315ea6a50d9933","table":"killmonger_events_table","keyspace":"msku","timestamp":"2019-07-29T05:44:37.095Z","clusteringKeys":["fb72b6f9c1e54625a551711f6ee72714","vbIdSellingIdInventoryUpdated/1","1564378075"],"changedColumns":["selling_id","fulfillment_node_id","event_type","update_at","stream_sequence_number","event_data"],"record":"{\"selling_id\":\"ae9a5f5c29e149149f315ea6a50d9933\",\"fulfillment_node_id\":\"fb72b6f9c1e54625a551711f6ee72714\",\"event_type\":\"vbIdSellingIdInventoryUpdated/1\",\"update_at\":1564378075,\"stream_sequence_number\":36,\"event_data\":\"{\\\"id\\\":\\\"948146c401594d429a6f5d81d72554c5\\\",\\\"vbId\\\":\\\"ae9a5f5c29e149149f315ea6a50d9933\\\",\\\"sellingId\\\":\\\"ae9a5f5c29e149149f315ea6a50d9933\\\",\\\"merchantId\\\":\\\"e43cf7756d0b4ba8a4e9046774656ce8\\\",\\\"skuId\\\":\\\"ae9a5f5c29e149149f315ea6a50d9933\\\",\\\"f\\\":108,\\\"fnId\\\":\\\"fb72b6f9c1e54625a551711f6ee72714\\\",\\\"fnType\\\":\\\"wolverine\\\",\\\"by\\\":\\\"Vibranium\\\",\\\"at\\\":\\\"2019-07-29T05:27:55+00:00\\\",\\\"invUssn\\\":47,\\\"isInf\\\":false,\\\"ifa\\\":true,\\\"martAvail\\\":[{\\\"martId\\\":\\\"21\\\",\\\"ia\\\":true}],\\\"clt\\\":\\\"JoJ\\\"}\"}"}
{"id":"39C4BF96576443D79B32C85A2ED1348D","table":"killmonger_events_table","keyspace":"msku","timestamp":"2019-07-29T05:45:02.512Z","clusteringKeys":["6284","vbIdSellingIdInventoryUpdated/1","1564378913"],"changedColumns":["selling_id","fulfillment_node_id","event_type","update_at","stream_sequence_number","event_data"],"record":"{\"selling_id\":\"39C4BF96576443D79B32C85A2ED1348D\",\"fulfillment_node_id\":\"6284\",\"event_type\":\"vbIdSellingIdInventoryUpdated/1\",\"update_at\":1564378913,\"stream_sequence_number\":160,\"event_data\":\"{\\\"id\\\":\\\"903dec2905ff4400ae98bbb4e15ff365\\\",\\\"vbId\\\":\\\"PantherMigrationVbId\\\",\\\"sellingId\\\":\\\"39C4BF96576443D79B32C85A2ED1348D\\\",\\\"merchantId\\\":\\\"9fc08905039048918982091f266c2a29\\\",\\\"skuId\\\":\\\"PantherMigrationSkuId\\\",\\\"f\\\":79,\\\"fnId\\\":\\\"6284\\\",\\\"by\\\":\\\"Killmonger.Migration.MapInWalmartInvUpdates\\\",\\\"at\\\":\\\"2019-07-29T05:41:53.653+00:00\\\",\\\"invUssn\\\":0,\\\"isInf\\\":false,\\\"ifa\\\":true,\\\"martAvail\\\":[{\\\"martId\\\":\\\"21\\\",\\\"ia\\\":true},{\\\"martId\\\":\\\"0\\\",\\\"ia\\\":true}],\\\"clt\\\":\\\"WoJ\\\"}\"}"}
{"id":"39C4BF96576443D79B32C85A2ED1348D","table":"killmonger_events_table","keyspace":"msku","timestamp":"2019-07-29T05:45:02.512Z","clusteringKeys":["6284","vbIdSellingIdInventoryUpdated/1","1564378913"],"changedColumns":["selling_id","fulfillment_node_id","event_type","update_at","stream_sequence_number","event_data"],"record":"{\"selling_id\":\"39C4BF96576443D79B32C85A2ED1348D\",\"fulfillment_node_id\":\"6284\",\"event_type\":\"vbIdSellingIdInventoryUpdated/1\",\"update_at\":1564378913,\"stream_sequence_number\":161,\"event_data\":\"{\\\"id\\\":\\\"903dec2905ff4400ae98bbb4e15ff365\\\",\\\"vbId\\\":\\\"PantherMigrationVbId\\\",\\\"sellingId\\\":\\\"39C4BF96576443D79B32C85A2ED1348D\\\",\\\"merchantId\\\":\\\"9fc08905039048918982091f266c2a29\\\",\\\"skuId\\\":\\\"PantherMigrationSkuId\\\",\\\"f\\\":79,\\\"fnId\\\":\\\"6284\\\",\\\"by\\\":\\\"Killmonger.Migration.MapInWalmartInvUpdates\\\",\\\"at\\\":\\\"2019-07-29T05:41:53.653+00:00\\\",\\\"invUssn\\\":0,\\\"isInf\\\":false,\\\"ifa\\\":true,\\\"martAvail\\\":[{\\\"martId\\\":\\\"21\\\",\\\"ia\\\":true},{\\\"martId\\\":\\\"0\\\",\\\"ia\\\":true}],\\\"clt\\\":\\\"WoJ\\\"}\"}"}
{"id":"4223239C4DDE4F6B937D8623A8F009A2","table":"killmonger_events_table","keyspace":"msku","timestamp":"2019-07-29T05:40:44.608Z","clusteringKeys":["2381","vbIdSellingIdInventoryUpdated/1","1564378913"],"changedColumns":["selling_id","fulfillment_node_id","event_type","update_at","stream_sequence_number","event_data"],"record":"{\"selling_id\":\"4223239C4DDE4F6B937D8623A8F009A2\",\"fulfillment_node_id\":\"2381\",\"event_type\":\"vbIdSellingIdInventoryUpdated/1\",\"update_at\":1564378913,\"stream_sequence_number\":136,\"event_data\":\"{\\\"id\\\":\\\"affc4c80a4014ecb87ec36839e972b37\\\",\\\"vbId\\\":\\\"PantherMigrationVbId\\\",\\\"sellingId\\\":\\\"4223239C4DDE4F6B937D8623A8F009A2\\\",\\\"merchantId\\\":\\\"9fc08905039048918982091f266c2a29\\\",\\\"skuId\\\":\\\"PantherMigrationSkuId\\\",\\\"f\\\":0,\\\"fnId\\\":\\\"2381\\\",\\\"by\\\":\\\"Killmonger.Migration.MapInWalmartInvUpdates\\\",\\\"at\\\":\\\"2019-07-29T05:41:53.49+00:00\\\",\\\"invUssn\\\":0,\\\"isInf\\\":false,\\\"ifa\\\":true,\\\"martAvail\\\":[{\\\"martId\\\":\\\"21\\\",\\\"ia\\\":true},{\\\"martId\\\":\\\"0\\\",\\\"ia\\\":true}],\\\"clt\\\":\\\"WoJ\\\"}\"}"}
{"id":"fb6746ce5d9243a884d92c14d03ad563","table":"killmonger_events_table","keyspace":"msku","timestamp":"2019-07-29T05:40:44.608Z","clusteringKeys":["fb72b6f9c1e54625a551711f6ee72714","updateVbIdSellingIdInventorySkipped/1","1564378075"],"changedColumns":["selling_id","fulfillment_node_id","event_type","update_at","stream_sequence_number","event_data"],"record":"{\"selling_id\":\"fb6746ce5d9243a884d92c14d03ad563\",\"fulfillment_node_id\":\"fb72b6f9c1e54625a551711f6ee72714\",\"event_type\":\"updateVbIdSellingIdInventorySkipped/1\",\"update_at\":1564378075,\"stream_sequence_number\":41,\"event_data\":\"{\\\"id\\\":\\\"794347bd0d604f3fb72a57d50f345e43\\\",\\\"vbId\\\":\\\"fb6746ce5d9243a884d92c14d03ad563\\\",\\\"sellingId\\\":\\\"fb6746ce5d9243a884d92c14d03ad563\\\",\\\"merchantId\\\":\\\"e43cf7756d0b4ba8a4e9046774656ce8\\\",\\\"skuId\\\":\\\"fb6746ce5d9243a884d92c14d03ad563\\\",\\\"f\\\":52,\\\"fnId\\\":\\\"fb72b6f9c1e54625a551711f6ee72714\\\",\\\"fnType\\\":\\\"wolverine\\\",\\\"by\\\":\\\"Vibranium\\\",\\\"at\\\":\\\"2019-07-29T05:27:55+00:00\\\",\\\"invUssn\\\":46,\\\"isInf\\\":false}\"}"}
{"id":"eac0a488a70f4887bf3b01497c397191","table":"killmonger_events_table","keyspace":"msku","timestamp":"2019-07-29T05:45:03.427Z","clusteringKeys":["fb72b6f9c1e54625a551711f6ee72714","vbIdSellingIdInventoryUpdated/1","1564378075"],"changedColumns":["selling_id","fulfillment_node_id","event_type","update_at","stream_sequence_number","event_data"],"record":"{\"selling_id\":\"eac0a488a70f4887bf3b01497c397191\",\"fulfillment_node_id\":\"fb72b6f9c1e54625a551711f6ee72714\",\"event_type\":\"vbIdSellingIdInventoryUpdated/1\",\"update_at\":1564378075,\"stream_sequence_number\":46,\"event_data\":\"{\\\"id\\\":\\\"82f0968e79d34a92922fd2ff4d864a16\\\",\\\"vbId\\\":\\\"eac0a488a70f4887bf3b01497c397191\\\",\\\"sellingId\\\":\\\"eac0a488a70f4887bf3b01497c397191\\\",\\\"merchantId\\\":\\\"e43cf7756d0b4ba8a4e9046774656ce8\\\",\\\"skuId\\\":\\\"eac0a488a70f4887bf3b01497c397191\\\",\\\"f\\\":115,\\\"fnId\\\":\\\"fb72b6f9c1e54625a551711f6ee72714\\\",\\\"fnType\\\":\\\"wolverine\\\",\\\"by\\\":\\\"Vibranium\\\",\\\"at\\\":\\\"2019-07-29T05:27:55+00:00\\\",\\\"invUssn\\\":49,\\\"isInf\\\":false,\\\"ifa\\\":true,\\\"martAvail\\\":[{\\\"martId\\\":\\\"21\\\",\\\"ia\\\":true}],\\\"clt\\\":\\\"JoJ\\\"}\"}"}
{"id":"daaa2b9be6b94f46b307433bc97e3031","table":"killmonger_events_table","keyspace":"msku","timestamp":"2019-07-29T05:45:02.366Z","clusteringKeys":["fb72b6f9c1e54625a551711f6ee72714","updateVbIdSellingIdInventorySkipped/1","1564375160"],"changedColumns":["selling_id","fulfillment_node_id","event_type","update_at","stream_sequence_number","event_data"],"record":"{\"selling_id\":\"daaa2b9be6b94f46b307433bc97e3031\",\"fulfillment_node_id\":\"fb72b6f9c1e54625a551711f6ee72714\",\"event_type\":\"updateVbIdSellingIdInventorySkipped/1\",\"update_at\":1564375160,\"stream_sequence_number\":44,\"event_data\":\"{\\\"id\\\":\\\"987fc0537c1d456aaded731b9730cf61\\\",\\\"vbId\\\":\\\"daaa2b9be6b94f46b307433bc97e3031\\\",\\\"sellingId\\\":\\\"daaa2b9be6b94f46b307433bc97e3031\\\",\\\"merchantId\\\":\\\"e43cf7756d0b4ba8a4e9046774656ce8\\\",\\\"skuId\\\":\\\"daaa2b9be6b94f46b307433bc97e3031\\\",\\\"f\\\":130,\\\"fnId\\\":\\\"fb72b6f9c1e54625a551711f6ee72714\\\",\\\"fnType\\\":\\\"wolverine\\\",\\\"by\\\":\\\"Vibranium\\\",\\\"at\\\":\\\"2019-07-29T04:39:20+00:00\\\",\\\"invUssn\\\":49,\\\"isInf\\\":false}\"}"}
{"id":"2F688A59EC6249768E9825150EAF19D8","table":"killmonger_events_table","keyspace":"msku","timestamp":"2019-07-29T05:44:36.956Z","clusteringKeys":["5868","vbIdSellingIdInventoryUpdated/1","1564378910"],"changedColumns":["selling_id","fulfillment_node_id","event_type","update_at","stream_sequence_number","event_data"],"record":"{\"selling_id\":\"2F688A59EC6249768E9825150EAF19D8\",\"fulfillment_node_id\":\"5868\",\"event_type\":\"vbIdSellingIdInventoryUpdated/1\",\"update_at\":1564378910,\"stream_sequence_number\":138,\"event_data\":\"{\\\"id\\\":\\\"7e935867868f4103aa87fb1923b65302\\\",\\\"vbId\\\":\\\"PantherMigrationVbId\\\",\\\"sellingId\\\":\\\"2F688A59EC6249768E9825150EAF19D8\\\",\\\"merchantId\\\":\\\"9fc08905039048918982091f266c2a29\\\",\\\"skuId\\\":\\\"PantherMigrationSkuId\\\",\\\"f\\\":0,\\\"fnId\\\":\\\"5868\\\",\\\"by\\\":\\\"Killmonger.Migration.MapInWalmartInvUpdates\\\",\\\"at\\\":\\\"2019-07-29T05:41:50.583+00:00\\\",\\\"invUssn\\\":0,\\\"isInf\\\":false,\\\"ifa\\\":true,\\\"martAvail\\\":[{\\\"martId\\\":\\\"21\\\",\\\"ia\\\":true},{\\\"martId\\\":\\\"0\\\",\\\"ia\\\":true}],\\\"clt\\\":\\\"WoJ\\\"}\"}"}
{"id":"2F688A59EC6249768E9825150EAF19D8","table":"killmonger_events_table","keyspace":"msku","timestamp":"2019-07-29T05:44:36.956Z","clusteringKeys":["5868","vbIdSellingIdInventoryUpdated/1","1564378910"],"changedColumns":["selling_id","fulfillment_node_id","event_type","update_at","stream_sequence_number","event_data"],"record":"{\"selling_id\":\"2F688A59EC6249768E9825150EAF19D8\",\"fulfillment_node_id\":\"5868\",\"event_type\":\"vbIdSellingIdInventoryUpdated/1\",\"update_at\":1564378910,\"stream_sequence_number\":139,\"event_data\":\"{\\\"id\\\":\\\"7e935867868f4103aa87fb1923b65302\\\",\\\"vbId\\\":\\\"PantherMigrationVbId\\\",\\\"sellingId\\\":\\\"2F688A59EC6249768E9825150EAF19D8\\\",\\\"merchantId\\\":\\\"9fc08905039048918982091f266c2a29\\\",\\\"skuId\\\":\\\"PantherMigrationSkuId\\\",\\\"f\\\":0,\\\"fnId\\\":\\\"5868\\\",\\\"by\\\":\\\"Killmonger.Migration.MapInWalmartInvUpdates\\\",\\\"at\\\":\\\"2019-07-29T05:41:50.583+00:00\\\",\\\"invUssn\\\":0,\\\"isInf\\\":false,\\\"ifa\\\":true,\\\"martAvail\\\":[{\\\"martId\\\":\\\"21\\\",\\\"ia\\\":true},{\\\"martId\\\":\\\"0\\\",\\\"ia\\\":true}],\\\"clt\\\":\\\"WoJ\\\"}\"}"}
{"id":"daaa2b9be6b94f46b307433bc97e3031","table":"killmonger_events_table","keyspace":"msku","timestamp":"2019-07-29T05:45:02.367Z","clusteringKeys":["fb72b6f9c1e54625a551711f6ee72714","updateVbIdSellingIdInventorySkipped/1","1564375160"],"changedColumns":["selling_id","fulfillment_node_id","event_type","update_at","stream_sequence_number","event_data"],"record":"{\"selling_id\":\"daaa2b9be6b94f46b307433bc97e3031\",\"fulfillment_node_id\":\"fb72b6f9c1e54625a551711f6ee72714\",\"event_type\":\"updateVbIdSellingIdInventorySkipped/1\",\"update_at\":1564375160,\"stream_sequence_number\":45,\"event_data\":\"{\\\"id\\\":\\\"075e2c3102ed4dbc8fe992fd1ef315a3\\\",\\\"vbId\\\":\\\"daaa2b9be6b94f46b307433bc97e3031\\\",\\\"sellingId\\\":\\\"daaa2b9be6b94f46b307433bc97e3031\\\",\\\"merchantId\\\":\\\"e43cf7756d0b4ba8a4e9046774656ce8\\\",\\\"skuId\\\":\\\"daaa2b9be6b94f46b307433bc97e3031\\\",\\\"f\\\":130,\\\"fnId\\\":\\\"fb72b6f9c1e54625a551711f6ee72714\\\",\\\"fnType\\\":\\\"wolverine\\\",\\\"by\\\":\\\"Vibranium\\\",\\\"at\\\":\\\"2019-07-29T04:39:20+00:00\\\",\\\"invUssn\\\":49,\\\"isInf\\\":false}\"}"}
{"id":"bde72e737b7f4171a44d1ace6fc01590","table":"killmonger_events_table","keyspace":"msku","timestamp":"2019-07-29T05:44:36.961Z","clusteringKeys":["fb72b6f9c1e54625a551711f6ee72714","vbIdSellingIdInventoryUpdated/1","1564378075"],"changedColumns":["selling_id","fulfillment_node_id","event_type","update_at","stream_sequence_number","event_data"],"record":"{\"selling_id\":\"bde72e737b7f4171a44d1ace6fc01590\",\"fulfillment_node_id\":\"fb72b6f9c1e54625a551711f6ee72714\",\"event_type\":\"vbIdSellingIdInventoryUpdated/1\",\"update_at\":1564378075,\"stream_sequence_number\":43,\"event_data\":\"{\\\"id\\\":\\\"d5f13608068b418b8c1bd5195a27a673\\\",\\\"vbId\\\":\\\"bde72e737b7f4171a44d1ace6fc01590\\\",\\\"sellingId\\\":\\\"bde72e737b7f4171a44d1ace6fc01590\\\",\\\"merchantId\\\":\\\"e43cf7756d0b4ba8a4e9046774656ce8\\\",\\\"skuId\\\":\\\"bde72e737b7f4171a44d1ace6fc01590\\\",\\\"f\\\":146,\\\"fnId\\\":\\\"fb72b6f9c1e54625a551711f6ee72714\\\",\\\"fnType\\\":\\\"wolverine\\\",\\\"by\\\":\\\"Vibranium\\\",\\\"at\\\":\\\"2019-07-29T05:27:55+00:00\\\",\\\"invUssn\\\":51,\\\"isInf\\\":false,\\\"ifa\\\":true,\\\"martAvail\\\":[{\\\"martId\\\":\\\"21\\\",\\\"ia\\\":true}],\\\"clt\\\":\\\"JoJ\\\"}\"}"}
{"id":"bde72e737b7f4171a44d1ace6fc01590","table":"killmonger_events_table","keyspace":"msku","timestamp":"2019-07-29T05:44:36.961Z","clusteringKeys":["fb72b6f9c1e54625a551711f6ee72714","updateVbIdSellingIdInventorySkipped/1","1564378075"],"changedColumns":["selling_id","fulfillment_node_id","event_type","update_at","stream_sequence_number","event_data"],"record":"{\"selling_id\":\"bde72e737b7f4171a44d1ace6fc01590\",\"fulfillment_node_id\":\"fb72b6f9c1e54625a551711f6ee72714\",\"event_type\":\"updateVbIdSellingIdInventorySkipped/1\",\"update_at\":1564378075,\"stream_sequence_number\":44,\"event_data\":\"{\\\"id\\\":\\\"d5f13608068b418b8c1bd5195a27a673\\\",\\\"vbId\\\":\\\"bde72e737b7f4171a44d1ace6fc01590\\\",\\\"sellingId\\\":\\\"bde72e737b7f4171a44d1ace6fc01590\\\",\\\"merchantId\\\":\\\"e43cf7756d0b4ba8a4e9046774656ce8\\\",\\\"skuId\\\":\\\"bde72e737b7f4171a44d1ace6fc01590\\\",\\\"f\\\":146,\\\"fnId\\\":\\\"fb72b6f9c1e54625a551711f6ee72714\\\",\\\"fnType\\\":\\\"wolverine\\\",\\\"by\\\":\\\"Vibranium\\\",\\\"at\\\":\\\"2019-07-29T05:27:55+00:00\\\",\\\"invUssn\\\":51,\\\"isInf\\\":false}\"}"}
{"id":"2a7423eb6b2a4f9d8b87adcf6167bc85","table":"killmonger_events_table","keyspace":"msku","timestamp":"2019-07-29T05:45:02.374Z","clusteringKeys":["fb72b6f9c1e54625a551711f6ee72714","vbIdSellingIdInventoryUpdated/1","1564378075"],"changedColumns":["selling_id","fulfillment_node_id","event_type","update_at","stream_sequence_number","event_data"],"record":"{\"selling_id\":\"2a7423eb6b2a4f9d8b87adcf6167bc85\",\"fulfillment_node_id\":\"fb72b6f9c1e54625a551711f6ee72714\",\"event_type\":\"vbIdSellingIdInventoryUpdated/1\",\"update_at\":1564378075,\"stream_sequence_number\":46,\"event_data\":\"{\\\"id\\\":\\\"6bbea27eae534406928f54dd88284479\\\",\\\"vbId\\\":\\\"2a7423eb6b2a4f9d8b87adcf6167bc85\\\",\\\"sellingId\\\":\\\"2a7423eb6b2a4f9d8b87adcf6167bc85\\\",\\\"merchantId\\\":\\\"e43cf7756d0b4ba8a4e9046774656ce8\\\",\\\"skuId\\\":\\\"2a7423eb6b2a4f9d8b87adcf6167bc85\\\",\\\"f\\\":143,\\\"fnId\\\":\\\"fb72b6f9c1e54625a551711f6ee72714\\\",\\\"fnType\\\":\\\"wolverine\\\",\\\"by\\\":\\\"Vibranium\\\",\\\"at\\\":\\\"2019-07-29T05:27:55+00:00\\\",\\\"invUssn\\\":49,\\\"isInf\\\":false,\\\"ifa\\\":true,\\\"martAvail\\\":[{\\\"martId\\\":\\\"21\\\",\\\"ia\\\":true}],\\\"clt\\\":\\\"JoJ\\\"}\"}"}
{"id":"D8C975E7A98649FFB0E4CCCBC7D0425A","table":"killmonger_events_table","keyspace":"msku","timestamp":"2019-07-29T05:45:02.375Z","clusteringKeys":["6284","vbIdSellingIdInventoryUpdated/1","1564378912"],"changedColumns":["selling_id","fulfillment_node_id","event_type","update_at","stream_sequence_number","event_data"],"record":"{\"selling_id\":\"D8C975E7A98649FFB0E4CCCBC7D0425A\",\"fulfillment_node_id\":\"6284\",\"event_type\":\"vbIdSellingIdInventoryUpdated/1\",\"update_at\":1564378912,\"stream_sequence_number\":138,\"event_data\":\"{\\\"id\\\":\\\"81659b0c13074cd981c2ba32789b998e\\\",\\\"vbId\\\":\\\"PantherMigrationVbId\\\",\\\"sellingId\\\":\\\"D8C975E7A98649FFB0E4CCCBC7D0425A\\\",\\\"merchantId\\\":\\\"9fc08905039048918982091f266c2a29\\\",\\\"skuId\\\":\\\"PantherMigrationSkuId\\\",\\\"f\\\":0,\\\"fnId\\\":\\\"6284\\\",\\\"by\\\":\\\"Killmonger.Migration.MapInWalmartInvUpdates\\\",\\\"at\\\":\\\"2019-07-29T05:41:52.122+00:00\\\",\\\"invUssn\\\":0,\\\"isInf\\\":false,\\\"ifa\\\":true,\\\"martAvail\\\":[{\\\"martId\\\":\\\"21\\\",\\\"ia\\\":true},{\\\"martId\\\":\\\"0\\\",\\\"ia\\\":true}],\\\"clt\\\":\\\"WoJ\\\"}\"}"}
{"id":"F53564FB55B247E1B29098DA15ACDCAE","table":"killmonger_events_table","keyspace":"msku","timestamp":"2019-07-29T05:45:03.439Z","clusteringKeys":["10000011598","vbIdSellingIdInventoryUpdated/1","1564378248"],"changedColumns":["selling_id","fulfillment_node_id","event_type","update_at","stream_sequence_number","event_data"],"record":"{\"selling_id\":\"F53564FB55B247E1B29098DA15ACDCAE\",\"fulfillment_node_id\":\"10000011598\",\"event_type\":\"vbIdSellingIdInventoryUpdated/1\",\"update_at\":1564378248,\"stream_sequence_number\":26,\"event_data\":\"{\\\"id\\\":\\\"6a804d1e94174c40b50004fb8bc36453\\\",\\\"vbId\\\":\\\"J-406-11223\\\",\\\"sellingId\\\":\\\"F53564FB55B247E1B29098DA15ACDCAE\\\",\\\"merchantId\\\":\\\"11223\\\",\\\"skuId\\\":\\\"J-406\\\",\\\"f\\\":1,\\\"fnId\\\":\\\"10000011598\\\",\\\"fnType\\\":\\\"MARKETPLACE\\\",\\\"by\\\":\\\"Vibranium\\\",\\\"at\\\":\\\"2019-07-29T05:30:48+00:00\\\",\\\"invUssn\\\":20,\\\"catUssn\\\":2,\\\"isInf\\\":false,\\\"ifa\\\":true,\\\"martAvail\\\":[{\\\"martId\\\":\\\"0\\\",\\\"ia\\\":true}],\\\"clt\\\":\\\"WoW\\\"}\"}"}
{"id":"D8C975E7A98649FFB0E4CCCBC7D0425A","table":"killmonger_events_table","keyspace":"msku","timestamp":"2019-07-29T05:44:36.968Z","clusteringKeys":["5868","vbIdSellingIdInventoryUpdated/1","1564378912"],"changedColumns":["selling_id","fulfillment_node_id","event_type","update_at","stream_sequence_number","event_data"],"record":"{\"selling_id\":\"D8C975E7A98649FFB0E4CCCBC7D0425A\",\"fulfillment_node_id\":\"5868\",\"event_type\":\"vbIdSellingIdInventoryUpdated/1\",\"update_at\":1564378912,\"stream_sequence_number\":138,\"event_data\":\"{\\\"id\\\":\\\"fdb90b4c7f3147939b0c84cd6002a93a\\\",\\\"vbId\\\":\\\"PantherMigrationVbId\\\",\\\"sellingId\\\":\\\"D8C975E7A98649FFB0E4CCCBC7D0425A\\\",\\\"merchantId\\\":\\\"9fc08905039048918982091f266c2a29\\\",\\\"skuId\\\":\\\"PantherMigrationSkuId\\\",\\\"f\\\":0,\\\"fnId\\\":\\\"5868\\\",\\\"by\\\":\\\"Killmonger.Migration.MapInWalmartInvUpdates\\\",\\\"at\\\":\\\"2019-07-29T05:41:52.122+00:00\\\",\\\"invUssn\\\":0,\\\"isInf\\\":false,\\\"ifa\\\":true,\\\"martAvail\\\":[{\\\"martId\\\":\\\"21\\\",\\\"ia\\\":true},{\\\"martId\\\":\\\"0\\\",\\\"ia\\\":true}],\\\"clt\\\":\\\"WoJ\\\"}\"}"}
{"id":"1d61bd4c64b44054b162b3de5eb9e07a","table":"killmonger_events_table","keyspace":"msku","timestamp":"2019-07-29T05:45:03.438Z","clusteringKeys":["6ccbd76c487c42e5b65dd274f51b72ea","vbIdSellingIdInventoryUpdated/1","1564378274"],"changedColumns":["selling_id","fulfillment_node_id","event_type","update_at","stream_sequence_number","event_data"],"record":"{\"selling_id\":\"1d61bd4c64b44054b162b3de5eb9e07a\",\"fulfillment_node_id\":\"6ccbd76c487c42e5b65dd274f51b72ea\",\"event_type\":\"vbIdSellingIdInventoryUpdated/1\",\"update_at\":1564378274,\"stream_sequence_number\":41,\"event_data\":\"{\\\"id\\\":\\\"904ed415b8aa46a58bd5f8dba24197cf\\\",\\\"vbId\\\":\\\"1d61bd4c64b44054b162b3de5eb9e07a\\\",\\\"sellingId\\\":\\\"1d61bd4c64b44054b162b3de5eb9e07a\\\",\\\"merchantId\\\":\\\"e43cf7756d0b4ba8a4e9046774656ce8\\\",\\\"skuId\\\":\\\"1d61bd4c64b44054b162b3de5eb9e07a\\\",\\\"f\\\":72,\\\"fnId\\\":\\\"6ccbd76c487c42e5b65dd274f51b72ea\\\",\\\"fnType\\\":\\\"wolverine\\\",\\\"by\\\":\\\"Vibranium\\\",\\\"at\\\":\\\"2019-07-29T05:31:14+00:00\\\",\\\"invUssn\\\":49,\\\"isInf\\\":false,\\\"ifa\\\":true,\\\"martAvail\\\":[{\\\"martId\\\":\\\"21\\\",\\\"ia\\\":true}],\\\"clt\\\":\\\"JoJ\\\"}\"}"}
{"id":"1d61bd4c64b44054b162b3de5eb9e07a","table":"killmonger_events_table","keyspace":"msku","timestamp":"2019-07-29T05:45:03.439Z","clusteringKeys":["6ccbd76c487c42e5b65dd274f51b72ea","updateVbIdSellingIdInventorySkipped/1","1564378274"],"changedColumns":["selling_id","fulfillment_node_id","event_type","update_at","stream_sequence_number","event_data"],"record":"{\"selling_id\":\"1d61bd4c64b44054b162b3de5eb9e07a\",\"fulfillment_node_id\":\"6ccbd76c487c42e5b65dd274f51b72ea\",\"event_type\":\"updateVbIdSellingIdInventorySkipped/1\",\"update_at\":1564378274,\"stream_sequence_number\":42,\"event_data\":\"{\\\"id\\\":\\\"904ed415b8aa46a58bd5f8dba24197cf\\\",\\\"vbId\\\":\\\"1d61bd4c64b44054b162b3de5eb9e07a\\\",\\\"sellingId\\\":\\\"1d61bd4c64b44054b162b3de5eb9e07a\\\",\\\"merchantId\\\":\\\"e43cf7756d0b4ba8a4e9046774656ce8\\\",\\\"skuId\\\":\\\"1d61bd4c64b44054b162b3de5eb9e07a\\\",\\\"f\\\":72,\\\"fnId\\\":\\\"6ccbd76c487c42e5b65dd274f51b72ea\\\",\\\"fnType\\\":\\\"wolverine\\\",\\\"by\\\":\\\"Vibranium\\\",\\\"at\\\":\\\"2019-07-29T05:31:14+00:00\\\",\\\"invUssn\\\":49,\\\"isInf\\\":false}\"}"}
{"id":"1d61bd4c64b44054b162b3de5eb9e07a","table":"killmonger_events_table","keyspace":"msku","timestamp":"2019-07-29T05:45:03.439Z","clusteringKeys":["6ccbd76c487c42e5b65dd274f51b72ea","updateVbIdSellingIdInventorySkipped/1","1564378274"],"changedColumns":["selling_id","fulfillment_node_id","event_type","update_at","stream_sequence_number","event_data"],"record":"{\"selling_id\":\"1d61bd4c64b44054b162b3de5eb9e07a\",\"fulfillment_node_id\":\"6ccbd76c487c42e5b65dd274f51b72ea\",\"event_type\":\"updateVbIdSellingIdInventorySkipped/1\",\"update_at\":1564378274,\"stream_sequence_number\":43,\"event_data\":\"{\\\"id\\\":\\\"904ed415b8aa46a58bd5f8dba24197cf\\\",\\\"vbId\\\":\\\"1d61bd4c64b44054b162b3de5eb9e07a\\\",\\\"sellingId\\\":\\\"1d61bd4c64b44054b162b3de5eb9e07a\\\",\\\"merchantId\\\":\\\"e43cf7756d0b4ba8a4e9046774656ce8\\\",\\\"skuId\\\":\\\"1d61bd4c64b44054b162b3de5eb9e07a\\\",\\\"f\\\":72,\\\"fnId\\\":\\\"6ccbd76c487c42e5b65dd274f51b72ea\\\",\\\"fnType\\\":\\\"wolverine\\\",\\\"by\\\":\\\"Vibranium\\\",\\\"at\\\":\\\"2019-07-29T05:31:14+00:00\\\",\\\"invUssn\\\":49,\\\"isInf\\\":false}\"}"}
{"id":"4d6e64dd201b4471a9dbeec88af4175d","table":"killmonger_events_table","keyspace":"msku","timestamp":"2019-07-29T05:44:36.969Z","clusteringKeys":["f3d4b8ceabb74b178a7d2120deff996d","updateVbIdSellingIdInventorySkipped/1","1564378200"],"changedColumns":["selling_id","fulfillment_node_id","event_type","update_at","stream_sequence_number","event_data"],"record":"{\"selling_id\":\"4d6e64dd201b4471a9dbeec88af4175d\",\"fulfillment_node_id\":\"f3d4b8ceabb74b178a7d2120deff996d\",\"event_type\":\"updateVbIdSellingIdInventorySkipped/1\",\"update_at\":1564378200,\"stream_sequence_number\":234,\"event_data\":\"{\\\"id\\\":\\\"bd83410e027b43bbaf720687c13fa9da\\\",\\\"vbId\\\":\\\"4d6e64dd201b4471a9dbeec88af4175d\\\",\\\"sellingId\\\":\\\"4d6e64dd201b4471a9dbeec88af4175d\\\",\\\"merchantId\\\":\\\"1b52e9263d164760a27ad9f07fec8abb\\\",\\\"skuId\\\":\\\"4d6e64dd201b4471a9dbeec88af4175d\\\",\\\"f\\\":5,\\\"fnId\\\":\\\"f3d4b8ceabb74b178a7d2120deff996d\\\",\\\"fnType\\\":\\\"wolverine\\\",\\\"by\\\":\\\"Vibranium\\\",\\\"at\\\":\\\"2019-07-29T05:30:00+00:00\\\",\\\"invUssn\\\":263,\\\"isInf\\\":false}\"}"}
{"id":"37DA77E94726445C912BD2D1AD0ABE3E","table":"killmonger_events_table","keyspace":"msku","timestamp":"2019-07-29T05:45:03.441Z","clusteringKeys":["8302","vbIdSellingIdInventoryUpdated/1","1564378909"],"changedColumns":["selling_id","fulfillment_node_id","event_type","update_at","stream_sequence_number","event_data"],"record":"{\"selling_id\":\"37DA77E94726445C912BD2D1AD0ABE3E\",\"fulfillment_node_id\":\"8302\",\"event_type\":\"vbIdSellingIdInventoryUpdated/1\",\"update_at\":1564378909,\"stream_sequence_number\":146,\"event_data\":\"{\\\"id\\\":\\\"76b865c52ea745a5aef75768b7350cbb\\\",\\\"vbId\\\":\\\"PantherMigrationVbId\\\",\\\"sellingId\\\":\\\"37DA77E94726445C912BD2D1AD0ABE3E\\\",\\\"merchantId\\\":\\\"9fc08905039048918982091f266c2a29\\\",\\\"skuId\\\":\\\"PantherMigrationSkuId\\\",\\\"f\\\":0,\\\"fnId\\\":\\\"8302\\\",\\\"by\\\":\\\"Killmonger.Migration.MapInWalmartInvUpdates\\\",\\\"at\\\":\\\"2019-07-29T05:41:49.583+00:00\\\",\\\"invUssn\\\":0,\\\"isInf\\\":false,\\\"ifa\\\":true,\\\"martAvail\\\":[{\\\"martId\\\":\\\"21\\\",\\\"ia\\\":true},{\\\"martId\\\":\\\"0\\\",\\\"ia\\\":true}],\\\"clt\\\":\\\"WoJ\\\"}\"}"}
{"id":"37DA77E94726445C912BD2D1AD0ABE3E","table":"killmonger_events_table","keyspace":"msku","timestamp":"2019-07-29T05:45:03.441Z","clusteringKeys":["8302","vbIdSellingIdInventoryUpdated/1","1564378909"],"changedColumns":["selling_id","fulfillment_node_id","event_type","update_at","stream_sequence_number","event_data"],"record":"{\"selling_id\":\"37DA77E94726445C912BD2D1AD0ABE3E\",\"fulfillment_node_id\":\"8302\",\"event_type\":\"vbIdSellingIdInventoryUpdated/1\",\"update_at\":1564378909,\"stream_sequence_number\":147,\"event_data\":\"{\\\"id\\\":\\\"76b865c52ea745a5aef75768b7350cbb\\\",\\\"vbId\\\":\\\"PantherMigrationVbId\\\",\\\"sellingId\\\":\\\"37DA77E94726445C912BD2D1AD0ABE3E\\\",\\\"merchantId\\\":\\\"9fc08905039048918982091f266c2a29\\\",\\\"skuId\\\":\\\"PantherMigrationSkuId\\\",\\\"f\\\":0,\\\"fnId\\\":\\\"8302\\\",\\\"by\\\":\\\"Killmonger.Migration.MapInWalmartInvUpdates\\\",\\\"at\\\":\\\"2019-07-29T05:41:49.583+00:00\\\",\\\"invUssn\\\":0,\\\"isInf\\\":false,\\\"ifa\\\":true,\\\"martAvail\\\":[{\\\"martId\\\":\\\"21\\\",\\\"ia\\\":true},{\\\"martId\\\":\\\"0\\\",\\\"ia\\\":true}],\\\"clt\\\":\\\"WoJ\\\"}\"}"}
{"id":"e091284a273047b880c4b73948f24c2a","table":"killmonger_events_table","keyspace":"msku","timestamp":"2019-07-29T05:45:03.442Z","clusteringKeys":["fb72b6f9c1e54625a551711f6ee72714","vbIdSellingIdInventoryUpdated/1","1564378075"],"changedColumns":["selling_id","fulfillment_node_id","event_type","update_at","stream_sequence_number","event_data"],"record":"{\"selling_id\":\"e091284a273047b880c4b73948f24c2a\",\"fulfillment_node_id\":\"fb72b6f9c1e54625a551711f6ee72714\",\"event_type\":\"vbIdSellingIdInventoryUpdated/1\",\"update_at\":1564378075,\"stream_sequence_number\":39,\"event_data\":\"{\\\"id\\\":\\\"a48eeb5dbf524935870d14fb62fb6b54\\\",\\\"vbId\\\":\\\"e091284a273047b880c4b73948f24c2a\\\",\\\"sellingId\\\":\\\"e091284a273047b880c4b73948f24c2a\\\",\\\"merchantId\\\":\\\"e43cf7756d0b4ba8a4e9046774656ce8\\\",\\\"skuId\\\":\\\"e091284a273047b880c4b73948f24c2a\\\",\\\"f\\\":141,\\\"fnId\\\":\\\"fb72b6f9c1e54625a551711f6ee72714\\\",\\\"fnType\\\":\\\"wolverine\\\",\\\"by\\\":\\\"Vibranium\\\",\\\"at\\\":\\\"2019-07-29T05:27:55+00:00\\\",\\\"invUssn\\\":50,\\\"isInf\\\":false,\\\"ifa\\\":true,\\\"martAvail\\\":[{\\\"martId\\\":\\\"21\\\",\\\"ia\\\":true}],\\\"clt\\\":\\\"JoJ\\\"}\"}"}
{"id":"e091284a273047b880c4b73948f24c2a","table":"killmonger_events_table","keyspace":"msku","timestamp":"2019-07-29T05:45:03.442Z","clusteringKeys":["fb72b6f9c1e54625a551711f6ee72714","updateVbIdSellingIdInventorySkipped/1","1564378075"],"changedColumns":["selling_id","fulfillment_node_id","event_type","update_at","stream_sequence_number","event_data"],"record":"{\"selling_id\":\"e091284a273047b880c4b73948f24c2a\",\"fulfillment_node_id\":\"fb72b6f9c1e54625a551711f6ee72714\",\"event_type\":\"updateVbIdSellingIdInventorySkipped/1\",\"update_at\":1564378075,\"stream_sequence_number\":40,\"event_data\":\"{\\\"id\\\":\\\"a48eeb5dbf524935870d14fb62fb6b54\\\",\\\"vbId\\\":\\\"e091284a273047b880c4b73948f24c2a\\\",\\\"sellingId\\\":\\\"e091284a273047b880c4b73948f24c2a\\\",\\\"merchantId\\\":\\\"e43cf7756d0b4ba8a4e9046774656ce8\\\",\\\"skuId\\\":\\\"e091284a273047b880c4b73948f24c2a\\\",\\\"f\\\":141,\\\"fnId\\\":\\\"fb72b6f9c1e54625a551711f6ee72714\\\",\\\"fnType\\\":\\\"wolverine\\\",\\\"by\\\":\\\"Vibranium\\\",\\\"at\\\":\\\"2019-07-29T05:27:55+00:00\\\",\\\"invUssn\\\":50,\\\"isInf\\\":false}\"}"}
{"id":"5774E235B06C4008BAA304D21BD24E7C","table":"killmonger_events_table","keyspace":"msku","timestamp":"2019-07-29T05:40:44.628Z","clusteringKeys":["2698","vbIdSellingIdInventoryUpdated/1","1564378908"],"changedColumns":["selling_id","fulfillment_node_id","event_type","update_at","stream_sequence_number","event_data"],"record":"{\"selling_id\":\"5774E235B06C4008BAA304D21BD24E7C\",\"fulfillment_node_id\":\"2698\",\"event_type\":\"vbIdSellingIdInventoryUpdated/1\",\"update_at\":1564378908,\"stream_sequence_number\":93,\"event_data\":\"{\\\"id\\\":\\\"0cfd190002bc43d28be4601114fa3e51\\\",\\\"vbId\\\":\\\"PantherMigrationVbId\\\",\\\"sellingId\\\":\\\"5774E235B06C4008BAA304D21BD24E7C\\\",\\\"merchantId\\\":\\\"9fc08905039048918982091f266c2a29\\\",\\\"skuId\\\":\\\"PantherMigrationSkuId\\\",\\\"f\\\":0,\\\"fnId\\\":\\\"2698\\\",\\\"by\\\":\\\"Killmonger.Migration.MapInWalmartInvUpdates\\\",\\\"at\\\":\\\"2019-07-29T05:41:48.028+00:00\\\",\\\"invUssn\\\":0,\\\"isInf\\\":false,\\\"ifa\\\":true,\\\"martAvail\\\":[{\\\"martId\\\":\\\"21\\\",\\\"ia\\\":true},{\\\"martId\\\":\\\"0\\\",\\\"ia\\\":true}],\\\"clt\\\":\\\"WoJ\\\"}\"}"}
{"id":"5774E235B06C4008BAA304D21BD24E7C","table":"killmonger_events_table","keyspace":"msku","timestamp":"2019-07-29T05:40:44.629Z","clusteringKeys":["2698","vbIdSellingIdInventoryUpdated/1","1564378908"],"changedColumns":["selling_id","fulfillment_node_id","event_type","update_at","stream_sequence_number","event_data"],"record":"{\"selling_id\":\"5774E235B06C4008BAA304D21BD24E7C\",\"fulfillment_node_id\":\"2698\",\"event_type\":\"vbIdSellingIdInventoryUpdated/1\",\"update_at\":1564378908,\"stream_sequence_number\":94,\"event_data\":\"{\\\"id\\\":\\\"0cfd190002bc43d28be4601114fa3e51\\\",\\\"vbId\\\":\\\"PantherMigrationVbId\\\",\\\"sellingId\\\":\\\"5774E235B06C4008BAA304D21BD24E7C\\\",\\\"merchantId\\\":\\\"9fc08905039048918982091f266c2a29\\\",\\\"skuId\\\":\\\"PantherMigrationSkuId\\\",\\\"f\\\":0,\\\"fnId\\\":\\\"2698\\\",\\\"by\\\":\\\"Killmonger.Migration.MapInWalmartInvUpdates\\\",\\\"at\\\":\\\"2019-07-29T05:41:48.028+00:00\\\",\\\"invUssn\\\":0,\\\"isInf\\\":false,\\\"ifa\\\":true,\\\"martAvail\\\":[{\\\"martId\\\":\\\"21\\\",\\\"ia\\\":true},{\\\"martId\\\":\\\"0\\\",\\\"ia\\\":true}],\\\"clt\\\":\\\"WoJ\\\"}\"}"}
{"id":"5774E235B06C4008BAA304D21BD24E7C","table":"killmonger_events_table","keyspace":"msku","timestamp":"2019-07-29T05:40:44.629Z","clusteringKeys":["2698","vbIdSellingIdInventoryUpdated/1","1564378908"],"changedColumns":["selling_id","fulfillment_node_id","event_type","update_at","stream_sequence_number","event_data"],"record":"{\"selling_id\":\"5774E235B06C4008BAA304D21BD24E7C\",\"fulfillment_node_id\":\"2698\",\"event_type\":\"vbIdSellingIdInventoryUpdated/1\",\"update_at\":1564378908,\"stream_sequence_number\":95,\"event_data\":\"{\\\"id\\\":\\\"0cfd190002bc43d28be4601114fa3e51\\\",\\\"vbId\\\":\\\"PantherMigrationVbId\\\",\\\"sellingId\\\":\\\"5774E235B06C4008BAA304D21BD24E7C\\\",\\\"merchantId\\\":\\\"9fc08905039048918982091f266c2a29\\\",\\\"skuId\\\":\\\"PantherMigrationSkuId\\\",\\\"f\\\":0,\\\"fnId\\\":\\\"2698\\\",\\\"by\\\":\\\"Killmonger.Migration.MapInWalmartInvUpdates\\\",\\\"at\\\":\\\"2019-07-29T05:41:48.028+00:00\\\",\\\"invUssn\\\":0,\\\"isInf\\\":false,\\\"ifa\\\":true,\\\"martAvail\\\":[{\\\"martId\\\":\\\"21\\\",\\\"ia\\\":true},{\\\"martId\\\":\\\"0\\\",\\\"ia\\\":true}],\\\"clt\\\":\\\"WoJ\\\"}\"}"}
{"id":"5B46BDA1B72549E89F5C2F9A1BA3A3CF","table":"killmonger_events_table","keyspace":"msku","timestamp":"2019-07-29T05:40:44.630Z","clusteringKeys":["4916","vbIdSellingIdInventoryUpdated/1","1564378912"],"changedColumns":["selling_id","fulfillment_node_id","event_type","update_at","stream_sequence_number","event_data"],"record":"{\"selling_id\":\"5B46BDA1B72549E89F5C2F9A1BA3A3CF\",\"fulfillment_node_id\":\"4916\",\"event_type\":\"vbIdSellingIdInventoryUpdated/1\",\"update_at\":1564378912,\"stream_sequence_number\":126,\"event_data\":\"{\\\"id\\\":\\\"9f99cd46d33a43d991a0c3cf5a813cf4\\\",\\\"vbId\\\":\\\"PantherMigrationVbId\\\",\\\"sellingId\\\":\\\"5B46BDA1B72549E89F5C2F9A1BA3A3CF\\\",\\\"merchantId\\\":\\\"9fc08905039048918982091f266c2a29\\\",\\\"skuId\\\":\\\"PantherMigrationSkuId\\\",\\\"f\\\":0,\\\"fnId\\\":\\\"4916\\\",\\\"by\\\":\\\"Killmonger.Migration.MapInWalmartInvUpdates\\\",\\\"at\\\":\\\"2019-07-29T05:41:52.486+00:00\\\",\\\"invUssn\\\":0,\\\"isInf\\\":false,\\\"ifa\\\":true,\\\"martAvail\\\":[{\\\"martId\\\":\\\"21\\\",\\\"ia\\\":true},{\\\"martId\\\":\\\"0\\\",\\\"ia\\\":true}],\\\"clt\\\":\\\"WoJ\\\"}\"}"}
{"id":"2edcddaf283e4ee5a9ac2208ffcc7302","table":"killmonger_events_table","keyspace":"msku","timestamp":"2019-07-29T05:45:03.451Z","clusteringKeys":["1ad6147479b841849d63874b2a9e6552","vbIdSellingIdInventoryUpdated/1","1564378021"],"changedColumns":["selling_id","fulfillment_node_id","event_type","update_at","stream_sequence_number","event_data"],"record":"{\"selling_id\":\"2edcddaf283e4ee5a9ac2208ffcc7302\",\"fulfillment_node_id\":\"1ad6147479b841849d63874b2a9e6552\",\"event_type\":\"vbIdSellingIdInventoryUpdated/1\",\"update_at\":1564378021,\"stream_sequence_number\":3592,\"event_data\":\"{\\\"id\\\":\\\"9882ca565c3240a3ac5d86858428ebe0\\\",\\\"vbId\\\":\\\"2edcddaf283e4ee5a9ac2208ffcc7302\\\",\\\"sellingId\\\":\\\"2edcddaf283e4ee5a9ac2208ffcc7302\\\",\\\"merchantId\\\":\\\"a1cd8976329a41ae85739f65376fc756\\\",\\\"skuId\\\":\\\"2edcddaf283e4ee5a9ac2208ffcc7302\\\",\\\"f\\\":21,\\\"fnId\\\":\\\"1ad6147479b841849d63874b2a9e6552\\\",\\\"fnType\\\":\\\"wolverine\\\",\\\"by\\\":\\\"Vibranium\\\",\\\"at\\\":\\\"2019-07-29T05:27:01+00:00\\\",\\\"invUssn\\\":4795,\\\"isInf\\\":false,\\\"ifa\\\":true,\\\"martAvail\\\":[{\\\"martId\\\":\\\"21\\\",\\\"ia\\\":true}],\\\"clt\\\":\\\"JoJ\\\"}\"}"}
{"id":"2edcddaf283e4ee5a9ac2208ffcc7302","table":"killmonger_events_table","keyspace":"msku","timestamp":"2019-07-29T05:45:03.452Z","clusteringKeys":["1ad6147479b841849d63874b2a9e6552","updateVbIdSellingIdInventorySkipped/1","1564378021"],"changedColumns":["selling_id","fulfillment_node_id","event_type","update_at","stream_sequence_number","event_data"],"record":"{\"selling_id\":\"2edcddaf283e4ee5a9ac2208ffcc7302\",\"fulfillment_node_id\":\"1ad6147479b841849d63874b2a9e6552\",\"event_type\":\"updateVbIdSellingIdInventorySkipped/1\",\"update_at\":1564378021,\"stream_sequence_number\":3593,\"event_data\":\"{\\\"id\\\":\\\"9882ca565c3240a3ac5d86858428ebe0\\\",\\\"vbId\\\":\\\"2edcddaf283e4ee5a9ac2208ffcc7302\\\",\\\"sellingId\\\":\\\"2edcddaf283e4ee5a9ac2208ffcc7302\\\",\\\"merchantId\\\":\\\"a1cd8976329a41ae85739f65376fc756\\\",\\\"skuId\\\":\\\"2edcddaf283e4ee5a9ac2208ffcc7302\\\",\\\"f\\\":21,\\\"fnId\\\":\\\"1ad6147479b841849d63874b2a9e6552\\\",\\\"fnType\\\":\\\"wolverine\\\",\\\"by\\\":\\\"Vibranium\\\",\\\"at\\\":\\\"2019-07-29T05:27:01+00:00\\\",\\\"invUssn\\\":4795,\\\"isInf\\\":false}\"}"}
{"id":"5aa7136ce6dd43f189b22265346be5fd","table":"killmonger_events_table","keyspace":"msku","timestamp":"2019-07-29T05:45:02.404Z","clusteringKeys":["c7e42bbec71748469f3409fac72e56f2","vbIdSellingIdInventoryUpdated/1","1564378692"],"changedColumns":["selling_id","fulfillment_node_id","event_type","update_at","stream_sequence_number","event_data"],"record":"{\"selling_id\":\"5aa7136ce6dd43f189b22265346be5fd\",\"fulfillment_node_id\":\"c7e42bbec71748469f3409fac72e56f2\",\"event_type\":\"vbIdSellingIdInventoryUpdated/1\",\"update_at\":1564378692,\"stream_sequence_number\":197,\"event_data\":\"{\\\"id\\\":\\\"8a45736fad7d41d18733284c77bb31a6\\\",\\\"vbId\\\":\\\"5aa7136ce6dd43f189b22265346be5fd\\\",\\\"sellingId\\\":\\\"5aa7136ce6dd43f189b22265346be5fd\\\",\\\"merchantId\\\":\\\"551717ddd0054aa088ac5aa2e3f5e824\\\",\\\"skuId\\\":\\\"5aa7136ce6dd43f189b22265346be5fd\\\",\\\"f\\\":8888,\\\"fnId\\\":\\\"c7e42bbec71748469f3409fac72e56f2\\\",\\\"fnType\\\":\\\"wolverine\\\",\\\"by\\\":\\\"Vibranium\\\",\\\"at\\\":\\\"2019-07-29T05:38:12+00:00\\\",\\\"invUssn\\\":222,\\\"isInf\\\":false,\\\"ifa\\\":true,\\\"martAvail\\\":[{\\\"martId\\\":\\\"21\\\",\\\"ia\\\":true}],\\\"clt\\\":\\\"JoJ\\\"}\"}"}
{"id":"FFA13A1EBE6546E4B60B51A63AADEC85","table":"killmonger_events_table","keyspace":"msku","timestamp":"2019-07-29T05:40:44.649Z","clusteringKeys":["10000000861","vbIdSellingIdInventoryUpdated/1","1564378239"],"changedColumns":["selling_id","fulfillment_node_id","event_type","update_at","stream_sequence_number","event_data"],"record":"{\"selling_id\":\"FFA13A1EBE6546E4B60B51A63AADEC85\",\"fulfillment_node_id\":\"10000000861\",\"event_type\":\"vbIdSellingIdInventoryUpdated/1\",\"update_at\":1564378239,\"stream_sequence_number\":655,\"event_data\":\"{\\\"id\\\":\\\"7ee63a6996e54153884253e896f15e20\\\",\\\"vbId\\\":\\\"PH1055E-793\\\",\\\"sellingId\\\":\\\"FFA13A1EBE6546E4B60B51A63AADEC85\\\",\\\"merchantId\\\":\\\"793\\\",\\\"skuId\\\":\\\"PH1055E\\\",\\\"f\\\":2,\\\"fnId\\\":\\\"10000000861\\\",\\\"fnType\\\":\\\"MARKETPLACE\\\",\\\"by\\\":\\\"Vibranium\\\",\\\"at\\\":\\\"2019-07-29T05:30:39+00:00\\\",\\\"invUssn\\\":166,\\\"catUssn\\\":508,\\\"isInf\\\":false,\\\"ifa\\\":true,\\\"martAvail\\\":[{\\\"martId\\\":\\\"0\\\",\\\"ia\\\":true}],\\\"clt\\\":\\\"WoW\\\"}\"}"}
{"id":"05c0b3cd52b14e83abd32c55f3338e4d","table":"killmonger_events_table","keyspace":"msku","timestamp":"2019-07-29T05:45:02.409Z","clusteringKeys":["7d029b0996bd4f16bbd74454bab3ab2e","vbIdSellingIdInventoryUpdated/1","1564378274"],"changedColumns":["selling_id","fulfillment_node_id","event_type","update_at","stream_sequence_number","event_data"],"record":"{\"selling_id\":\"05c0b3cd52b14e83abd32c55f3338e4d\",\"fulfillment_node_id\":\"7d029b0996bd4f16bbd74454bab3ab2e\",\"event_type\":\"vbIdSellingIdInventoryUpdated/1\",\"update_at\":1564378274,\"stream_sequence_number\":40,\"event_data\":\"{\\\"id\\\":\\\"9c9e4724dd8e4110b3812f42822b5171\\\",\\\"vbId\\\":\\\"05c0b3cd52b14e83abd32c55f3338e4d\\\",\\\"sellingId\\\":\\\"05c0b3cd52b14e83abd32c55f3338e4d\\\",\\\"merchantId\\\":\\\"e43cf7756d0b4ba8a4e9046774656ce8\\\",\\\"skuId\\\":\\\"05c0b3cd52b14e83abd32c55f3338e4d\\\",\\\"f\\\":113,\\\"fnId\\\":\\\"7d029b0996bd4f16bbd74454bab3ab2e\\\",\\\"fnType\\\":\\\"wolverine\\\",\\\"by\\\":\\\"Vibranium\\\",\\\"at\\\":\\\"2019-07-29T05:31:14+00:00\\\",\\\"invUssn\\\":51,\\\"isInf\\\":false,\\\"ifa\\\":true,\\\"martAvail\\\":[{\\\"martId\\\":\\\"21\\\",\\\"ia\\\":true}],\\\"clt\\\":\\\"JoJ\\\"}\"}"}
{"id":"BC9B3DBA04D64545B8C903A9E967353A","table":"killmonger_events_table","keyspace":"msku","timestamp":"2019-07-29T05:44:36.993Z","clusteringKeys":["39515203","vbIdSellingIdInventoryUpdated/1","1564375777"],"changedColumns":["selling_id","fulfillment_node_id","event_type","update_at","stream_sequence_number","event_data"],"record":"{\"selling_id\":\"BC9B3DBA04D64545B8C903A9E967353A\",\"fulfillment_node_id\":\"39515203\",\"event_type\":\"vbIdSellingIdInventoryUpdated/1\",\"update_at\":1564375777,\"stream_sequence_number\":140,\"event_data\":\"{\\\"id\\\":\\\"d8377bef203e4af0a1ad3fdb2c81dc4c\\\",\\\"vbId\\\":\\\"PantherMigrationVbId\\\",\\\"sellingId\\\":\\\"BC9B3DBA04D64545B8C903A9E967353A\\\",\\\"merchantId\\\":\\\"9fc08905039048918982091f266c2a29\\\",\\\"skuId\\\":\\\"PantherMigrationSkuId\\\",\\\"f\\\":0,\\\"fnId\\\":\\\"39515203\\\",\\\"by\\\":\\\"Killmonger.Migration.MapInWalmartInvUpdates\\\",\\\"at\\\":\\\"2019-07-29T04:49:37.204+00:00\\\",\\\"invUssn\\\":0,\\\"isInf\\\":false,\\\"ifa\\\":true,\\\"martAvail\\\":[{\\\"martId\\\":\\\"21\\\",\\\"ia\\\":true},{\\\"martId\\\":\\\"0\\\",\\\"ia\\\":true}],\\\"clt\\\":\\\"WoJ\\\"}\"}"}
{"id":"83472B77785045B98284F6E8FA609B9F","table":"killmonger_events_table","keyspace":"msku","timestamp":"2019-07-29T05:40:44.650Z","clusteringKeys":["6559","vbIdSellingIdInventoryUpdated/1","1564378908"],"changedColumns":["selling_id","fulfillment_node_id","event_type","update_at","stream_sequence_number","event_data"],"record":"{\"selling_id\":\"83472B77785045B98284F6E8FA609B9F\",\"fulfillment_node_id\":\"6559\",\"event_type\":\"vbIdSellingIdInventoryUpdated/1\",\"update_at\":1564378908,\"stream_sequence_number\":123,\"event_data\":\"{\\\"id\\\":\\\"45424d0bf6c5489dab522a5e24acdf6a\\\",\\\"vbId\\\":\\\"PantherMigrationVbId\\\",\\\"sellingId\\\":\\\"83472B77785045B98284F6E8FA609B9F\\\",\\\"merchantId\\\":\\\"9fc08905039048918982091f266c2a29\\\",\\\"skuId\\\":\\\"PantherMigrationSkuId\\\",\\\"f\\\":0,\\\"fnId\\\":\\\"6559\\\",\\\"by\\\":\\\"Killmonger.Migration.MapInWalmartInvUpdates\\\",\\\"at\\\":\\\"2019-07-29T05:41:48.77+00:00\\\",\\\"invUssn\\\":0,\\\"isInf\\\":false,\\\"ifa\\\":true,\\\"martAvail\\\":[{\\\"martId\\\":\\\"21\\\",\\\"ia\\\":true},{\\\"martId\\\":\\\"0\\\",\\\"ia\\\":true}],\\\"clt\\\":\\\"WoJ\\\"}\"}"}
{"id":"83472B77785045B98284F6E8FA609B9F","table":"killmonger_events_table","keyspace":"msku","timestamp":"2019-07-29T05:40:44.650Z","clusteringKeys":["6559","vbIdSellingIdInventoryUpdated/1","1564378908"],"changedColumns":["selling_id","fulfillment_node_id","event_type","update_at","stream_sequence_number","event_data"],"record":"{\"selling_id\":\"83472B77785045B98284F6E8FA609B9F\",\"fulfillment_node_id\":\"6559\",\"event_type\":\"vbIdSellingIdInventoryUpdated/1\",\"update_at\":1564378908,\"stream_sequence_number\":124,\"event_data\":\"{\\\"id\\\":\\\"45424d0bf6c5489dab522a5e24acdf6a\\\",\\\"vbId\\\":\\\"PantherMigrationVbId\\\",\\\"sellingId\\\":\\\"83472B77785045B98284F6E8FA609B9F\\\",\\\"merchantId\\\":\\\"9fc08905039048918982091f266c2a29\\\",\\\"skuId\\\":\\\"PantherMigrationSkuId\\\",\\\"f\\\":0,\\\"fnId\\\":\\\"6559\\\",\\\"by\\\":\\\"Killmonger.Migration.MapInWalmartInvUpdates\\\",\\\"at\\\":\\\"2019-07-29T05:41:48.77+00:00\\\",\\\"invUssn\\\":0,\\\"isInf\\\":false,\\\"ifa\\\":true,\\\"martAvail\\\":[{\\\"martId\\\":\\\"21\\\",\\\"ia\\\":true},{\\\"martId\\\":\\\"0\\\",\\\"ia\\\":true}],\\\"clt\\\":\\\"WoJ\\\"}\"}"}
{"id":"95D9F0E103764456BA1CDC1AA9D49A46","table":"killmonger_events_table","keyspace":"msku","timestamp":"2019-07-29T05:40:44.651Z","clusteringKeys":["2623","vbIdSellingIdInventoryUpdated/1","1564378909"],"changedColumns":["selling_id","fulfillment_node_id","event_type","update_at","stream_sequence_number","event_data"],"record":"{\"selling_id\":\"95D9F0E103764456BA1CDC1AA9D49A46\",\"fulfillment_node_id\":\"2623\",\"event_type\":\"vbIdSellingIdInventoryUpdated/1\",\"update_at\":1564378909,\"stream_sequence_number\":129,\"event_data\":\"{\\\"id\\\":\\\"61fe4c3e568a460a8348425d92ef31ab\\\",\\\"vbId\\\":\\\"PantherMigrationVbId\\\",\\\"sellingId\\\":\\\"95D9F0E103764456BA1CDC1AA9D49A46\\\",\\\"merchantId\\\":\\\"9fc08905039048918982091f266c2a29\\\",\\\"skuId\\\":\\\"PantherMigrationSkuId\\\",\\\"f\\\":0,\\\"fnId\\\":\\\"2623\\\",\\\"by\\\":\\\"Killmonger.Migration.MapInWalmartInvUpdates\\\",\\\"at\\\":\\\"2019-07-29T05:41:49.922+00:00\\\",\\\"invUssn\\\":0,\\\"isInf\\\":false,\\\"ifa\\\":true,\\\"martAvail\\\":[{\\\"martId\\\":\\\"21\\\",\\\"ia\\\":true},{\\\"martId\\\":\\\"0\\\",\\\"ia\\\":true}],\\\"clt\\\":\\\"WoJ\\\"}\"}"}
{"id":"bb2808abaa694f21b7074c106bece20d","table":"killmonger_events_table","keyspace":"msku","timestamp":"2019-07-29T05:40:44.653Z","clusteringKeys":["fb72b6f9c1e54625a551711f6ee72714","vbIdSellingIdInventoryUpdated/1","1564378274"],"changedColumns":["selling_id","fulfillment_node_id","event_type","update_at","stream_sequence_number","event_data"],"record":"{\"selling_id\":\"bb2808abaa694f21b7074c106bece20d\",\"fulfillment_node_id\":\"fb72b6f9c1e54625a551711f6ee72714\",\"event_type\":\"vbIdSellingIdInventoryUpdated/1\",\"update_at\":1564378274,\"stream_sequence_number\":41,\"event_data\":\"{\\\"id\\\":\\\"e98bc1b04a7047bb982470a5bdf7190c\\\",\\\"vbId\\\":\\\"bb2808abaa694f21b7074c106bece20d\\\",\\\"sellingId\\\":\\\"bb2808abaa694f21b7074c106bece20d\\\",\\\"merchantId\\\":\\\"e43cf7756d0b4ba8a4e9046774656ce8\\\",\\\"skuId\\\":\\\"bb2808abaa694f21b7074c106bece20d\\\",\\\"f\\\":102,\\\"fnId\\\":\\\"fb72b6f9c1e54625a551711f6ee72714\\\",\\\"fnType\\\":\\\"wolverine\\\",\\\"by\\\":\\\"Vibranium\\\",\\\"at\\\":\\\"2019-07-29T05:31:14+00:00\\\",\\\"invUssn\\\":49,\\\"isInf\\\":false,\\\"ifa\\\":true,\\\"martAvail\\\":[{\\\"martId\\\":\\\"21\\\",\\\"ia\\\":true}],\\\"clt\\\":\\\"JoJ\\\"}\"}"}
{"id":"bb2808abaa694f21b7074c106bece20d","table":"killmonger_events_table","keyspace":"msku","timestamp":"2019-07-29T05:40:44.654Z","clusteringKeys":["fb72b6f9c1e54625a551711f6ee72714","updateVbIdSellingIdInventorySkipped/1","1564378274"],"changedColumns":["selling_id","fulfillment_node_id","event_type","update_at","stream_sequence_number","event_data"],"record":"{\"selling_id\":\"bb2808abaa694f21b7074c106bece20d\",\"fulfillment_node_id\":\"fb72b6f9c1e54625a551711f6ee72714\",\"event_type\":\"updateVbIdSellingIdInventorySkipped/1\",\"update_at\":1564378274,\"stream_sequence_number\":42,\"event_data\":\"{\\\"id\\\":\\\"e98bc1b04a7047bb982470a5bdf7190c\\\",\\\"vbId\\\":\\\"bb2808abaa694f21b7074c106bece20d\\\",\\\"sellingId\\\":\\\"bb2808abaa694f21b7074c106bece20d\\\",\\\"merchantId\\\":\\\"e43cf7756d0b4ba8a4e9046774656ce8\\\",\\\"skuId\\\":\\\"bb2808abaa694f21b7074c106bece20d\\\",\\\"f\\\":102,\\\"fnId\\\":\\\"fb72b6f9c1e54625a551711f6ee72714\\\",\\\"fnType\\\":\\\"wolverine\\\",\\\"by\\\":\\\"Vibranium\\\",\\\"at\\\":\\\"2019-07-29T05:31:14+00:00\\\",\\\"invUssn\\\":49,\\\"isInf\\\":false}\"}"}
{"id":"7F3098C06C6C4BE6A9122F3CC42FC354","table":"killmonger_events_table","keyspace":"msku","timestamp":"2019-07-29T05:44:36.995Z","clusteringKeys":["10000002795","vbIdSellingIdInventoryUpdated/1","1564375364"],"changedColumns":["selling_id","fulfillment_node_id","event_type","update_at","stream_sequence_number","event_data"],"record":"{\"selling_id\":\"7F3098C06C6C4BE6A9122F3CC42FC354\",\"fulfillment_node_id\":\"10000002795\",\"event_type\":\"vbIdSellingIdInventoryUpdated/1\",\"update_at\":1564375364,\"stream_sequence_number\":252,\"event_data\":\"{\\\"id\\\":\\\"a224dbb33c4b4e328ff1fd6d9d082c3b\\\",\\\"vbId\\\":\\\"AJC-D12S-P-0-135844-2642\\\",\\\"sellingId\\\":\\\"7F3098C06C6C4BE6A9122F3CC42FC354\\\",\\\"merchantId\\\":\\\"2642\\\",\\\"skuId\\\":\\\"AJC-D12S-P-0-135844\\\",\\\"f\\\":1746,\\\"fnId\\\":\\\"10000002795\\\",\\\"fnType\\\":\\\"MARKETPLACE\\\",\\\"by\\\":\\\"Vibranium\\\",\\\"at\\\":\\\"2019-07-29T04:42:44+00:00\\\",\\\"invUssn\\\":206,\\\"catUssn\\\":0,\\\"isInf\\\":false,\\\"ifa\\\":true,\\\"martAvail\\\":[{\\\"martId\\\":\\\"0\\\",\\\"ia\\\":true}],\\\"clt\\\":\\\"WoW\\\"}\"}"}
{"id":"7F3098C06C6C4BE6A9122F3CC42FC354","table":"killmonger_events_table","keyspace":"msku","timestamp":"2019-07-29T05:44:36.995Z","clusteringKeys":["10000002795","updateVbIdSellingIdInventorySkipped/1","1564375364"],"changedColumns":["selling_id","fulfillment_node_id","event_type","update_at","stream_sequence_number","event_data"],"record":"{\"selling_id\":\"7F3098C06C6C4BE6A9122F3CC42FC354\",\"fulfillment_node_id\":\"10000002795\",\"event_type\":\"updateVbIdSellingIdInventorySkipped/1\",\"update_at\":1564375364,\"stream_sequence_number\":253,\"event_data\":\"{\\\"id\\\":\\\"18162a5471e14d9cacdfb115c1565f6f\\\",\\\"vbId\\\":\\\"AJC-D12S-P-0-135844-2642\\\",\\\"sellingId\\\":\\\"7F3098C06C6C4BE6A9122F3CC42FC354\\\",\\\"merchantId\\\":\\\"2642\\\",\\\"skuId\\\":\\\"AJC-D12S-P-0-135844\\\",\\\"f\\\":1746,\\\"fnId\\\":\\\"10000002795\\\",\\\"fnType\\\":\\\"MARKETPLACE\\\",\\\"by\\\":\\\"Vibranium\\\",\\\"at\\\":\\\"2019-07-29T04:42:44+00:00\\\",\\\"invUssn\\\":206,\\\"catUssn\\\":0,\\\"isInf\\\":false}\"}"}
{"id":"E4844BE31A9A460585278FA3CB9BD180","table":"killmonger_events_table","keyspace":"msku","timestamp":"2019-07-29T05:45:03.470Z","clusteringKeys":["2378","vbIdSellingIdInventoryUpdated/1","1564376140"],"changedColumns":["selling_id","fulfillment_node_id","event_type","update_at","stream_sequence_number","event_data"],"record":"{\"selling_id\":\"E4844BE31A9A460585278FA3CB9BD180\",\"fulfillment_node_id\":\"2378\",\"event_type\":\"vbIdSellingIdInventoryUpdated/1\",\"update_at\":1564376140,\"stream_sequence_number\":98,\"event_data\":\"{\\\"id\\\":\\\"90ef86dc09bc430e9f9ab21974c97022\\\",\\\"vbId\\\":\\\"PantherMigrationVbId\\\",\\\"sellingId\\\":\\\"E4844BE31A9A460585278FA3CB9BD180\\\",\\\"merchantId\\\":\\\"9fc08905039048918982091f266c2a29\\\",\\\"skuId\\\":\\\"PantherMigrationSkuId\\\",\\\"f\\\":0,\\\"fnId\\\":\\\"2378\\\",\\\"by\\\":\\\"Killmonger.Migration.MapInWalmartInvUpdates\\\",\\\"at\\\":\\\"2019-07-29T04:55:40.285+00:00\\\",\\\"invUssn\\\":0,\\\"isInf\\\":false,\\\"ifa\\\":true,\\\"martAvail\\\":[{\\\"martId\\\":\\\"21\\\",\\\"ia\\\":true},{\\\"martId\\\":\\\"0\\\",\\\"ia\\\":true}],\\\"clt\\\":\\\"WoJ\\\"}\"}"}
{"id":"9aaa5411735c489dac046cc18a73722e","table":"killmonger_events_table","keyspace":"msku","timestamp":"2019-07-29T05:45:03.420Z","clusteringKeys":["5ab80436e6c4489ba13afbbca32c8219","vbIdSellingIdInventoryUpdated/1","1564375159"],"changedColumns":["selling_id","fulfillment_node_id","event_type","update_at","stream_sequence_number","event_data"],"record":"{\"selling_id\":\"9aaa5411735c489dac046cc18a73722e\",\"fulfillment_node_id\":\"5ab80436e6c4489ba13afbbca32c8219\",\"event_type\":\"vbIdSellingIdInventoryUpdated/1\",\"update_at\":1564375159,\"stream_sequence_number\":218,\"event_data\":\"{\\\"id\\\":\\\"6ff3a5ee12244c23b8b3e1e2d63f09ba\\\",\\\"vbId\\\":\\\"9aaa5411735c489dac046cc18a73722e\\\",\\\"sellingId\\\":\\\"9aaa5411735c489dac046cc18a73722e\\\",\\\"merchantId\\\":\\\"24ac7a397b234a1f9d407c02bac45cbc\\\",\\\"skuId\\\":\\\"9aaa5411735c489dac046cc18a73722e\\\",\\\"f\\\":28,\\\"fnId\\\":\\\"5ab80436e6c4489ba13afbbca32c8219\\\",\\\"fnType\\\":\\\"wolverine\\\",\\\"by\\\":\\\"Vibranium\\\",\\\"at\\\":\\\"2019-07-29T04:39:19+00:00\\\",\\\"invUssn\\\":244,\\\"isInf\\\":false,\\\"ifa\\\":true,\\\"martAvail\\\":[{\\\"martId\\\":\\\"21\\\",\\\"ia\\\":true}],\\\"clt\\\":\\\"JoJ\\\"}\"}"}
{"id":"DA7EC8F4379B4F1A80980DBBC43F0C18","table":"killmonger_events_table","keyspace":"msku","timestamp":"2019-07-29T05:40:44.607Z","clusteringKeys":["3559","vbIdSellingIdInventoryUpdated/1","1564378908"],"changedColumns":["selling_id","fulfillment_node_id","event_type","update_at","stream_sequence_number","event_data"],"record":"{\"selling_id\":\"DA7EC8F4379B4F1A80980DBBC43F0C18\",\"fulfillment_node_id\":\"3559\",\"event_type\":\"vbIdSellingIdInventoryUpdated/1\",\"update_at\":1564378908,\"stream_sequence_number\":80,\"event_data\":\"{\\\"id\\\":\\\"c404c10e67a4415aaee5e4b58b5e8eba\\\",\\\"vbId\\\":\\\"PantherMigrationVbId\\\",\\\"sellingId\\\":\\\"DA7EC8F4379B4F1A80980DBBC43F0C18\\\",\\\"merchantId\\\":\\\"9fc08905039048918982091f266c2a29\\\",\\\"skuId\\\":\\\"PantherMigrationSkuId\\\",\\\"f\\\":0,\\\"fnId\\\":\\\"3559\\\",\\\"by\\\":\\\"Killmonger.Migration.MapInWalmartInvUpdates\\\",\\\"at\\\":\\\"2019-07-29T05:41:48.157+00:00\\\",\\\"invUssn\\\":0,\\\"isInf\\\":false,\\\"ifa\\\":true,\\\"martAvail\\\":[{\\\"martId\\\":\\\"21\\\",\\\"ia\\\":true},{\\\"martId\\\":\\\"0\\\",\\\"ia\\\":true}],\\\"clt\\\":\\\"WoJ\\\"}\"}"}
{"id":"0fa7e090aaf94ca9b8d639966cb8ab93","table":"killmonger_events_table","keyspace":"msku","timestamp":"2019-07-29T05:44:36.949Z","clusteringKeys":["fb72b6f9c1e54625a551711f6ee72714","vbIdSellingIdInventoryUpdated/1","1564378274"],"changedColumns":["selling_id","fulfillment_node_id","event_type","update_at","stream_sequence_number","event_data"],"record":"{\"selling_id\":\"0fa7e090aaf94ca9b8d639966cb8ab93\",\"fulfillment_node_id\":\"fb72b6f9c1e54625a551711f6ee72714\",\"event_type\":\"vbIdSellingIdInventoryUpdated/1\",\"update_at\":1564378274,\"stream_sequence_number\":40,\"event_data\":\"{\\\"id\\\":\\\"ff6a2ccdf9644fa4aa34992141f6d13e\\\",\\\"vbId\\\":\\\"0fa7e090aaf94ca9b8d639966cb8ab93\\\",\\\"sellingId\\\":\\\"0fa7e090aaf94ca9b8d639966cb8ab93\\\",\\\"merchantId\\\":\\\"e43cf7756d0b4ba8a4e9046774656ce8\\\",\\\"skuId\\\":\\\"0fa7e090aaf94ca9b8d639966cb8ab93\\\",\\\"f\\\":143,\\\"fnId\\\":\\\"fb72b6f9c1e54625a551711f6ee72714\\\",\\\"fnType\\\":\\\"wolverine\\\",\\\"by\\\":\\\"Vibranium\\\",\\\"at\\\":\\\"2019-07-29T05:31:14+00:00\\\",\\\"invUssn\\\":49,\\\"isInf\\\":false,\\\"ifa\\\":true,\\\"martAvail\\\":[{\\\"martId\\\":\\\"21\\\",\\\"ia\\\":true}],\\\"clt\\\":\\\"JoJ\\\"}\"}"}
{"id":"f4b747695e714664832e85d7926a8e99","table":"killmonger_events_table","keyspace":"msku","timestamp":"2019-07-29T05:45:02.366Z","clusteringKeys":["161ef5d50fd64967b6867805ef1a285d","vbIdSellingIdInventoryUpdated/1","1564378195"],"changedColumns":["selling_id","fulfillment_node_id","event_type","update_at","stream_sequence_number","event_data"],"record":"{\"selling_id\":\"f4b747695e714664832e85d7926a8e99\",\"fulfillment_node_id\":\"161ef5d50fd64967b6867805ef1a285d\",\"event_type\":\"vbIdSellingIdInventoryUpdated/1\",\"update_at\":1564378195,\"stream_sequence_number\":181,\"event_data\":\"{\\\"id\\\":\\\"dc22ad426746418fad45142e492ab9d2\\\",\\\"vbId\\\":\\\"f4b747695e714664832e85d7926a8e99\\\",\\\"sellingId\\\":\\\"f4b747695e714664832e85d7926a8e99\\\",\\\"merchantId\\\":\\\"11d010f610f348e38342912be02e1450\\\",\\\"skuId\\\":\\\"f4b747695e714664832e85d7926a8e99\\\",\\\"f\\\":36,\\\"fnId\\\":\\\"161ef5d50fd64967b6867805ef1a285d\\\",\\\"fnType\\\":\\\"wolverine\\\",\\\"by\\\":\\\"Vibranium\\\",\\\"at\\\":\\\"2019-07-29T05:29:55+00:00\\\",\\\"invUssn\\\":188,\\\"isInf\\\":false,\\\"ifa\\\":true,\\\"martAvail\\\":[{\\\"martId\\\":\\\"21\\\",\\\"ia\\\":true}],\\\"clt\\\":\\\"JoJ\\\"}\"}"}
{"id":"5239f198f00749ed81b61d53eed77e2a","table":"killmonger_events_table","keyspace":"msku","timestamp":"2019-07-29T05:45:02.367Z","clusteringKeys":["fb72b6f9c1e54625a551711f6ee72714","vbIdSellingIdInventoryUpdated/1","1564378075"],"changedColumns":["selling_id","fulfillment_node_id","event_type","update_at","stream_sequence_number","event_data"],"record":"{\"selling_id\":\"5239f198f00749ed81b61d53eed77e2a\",\"fulfillment_node_id\":\"fb72b6f9c1e54625a551711f6ee72714\",\"event_type\":\"vbIdSellingIdInventoryUpdated/1\",\"update_at\":1564378075,\"stream_sequence_number\":42,\"event_data\":\"{\\\"id\\\":\\\"b83d78638fc24eb0b1bbf6fbd236d53b\\\",\\\"vbId\\\":\\\"5239f198f00749ed81b61d53eed77e2a\\\",\\\"sellingId\\\":\\\"5239f198f00749ed81b61d53eed77e2a\\\",\\\"merchantId\\\":\\\"e43cf7756d0b4ba8a4e9046774656ce8\\\",\\\"skuId\\\":\\\"5239f198f00749ed81b61d53eed77e2a\\\",\\\"f\\\":96,\\\"fnId\\\":\\\"fb72b6f9c1e54625a551711f6ee72714\\\",\\\"fnType\\\":\\\"wolverine\\\",\\\"by\\\":\\\"Vibranium\\\",\\\"at\\\":\\\"2019-07-29T05:27:55+00:00\\\",\\\"invUssn\\\":47,\\\"isInf\\\":false,\\\"ifa\\\":true,\\\"martAvail\\\":[{\\\"martId\\\":\\\"21\\\",\\\"ia\\\":true}],\\\"clt\\\":\\\"JoJ\\\"}\"}"}
{"id":"B26275BEC6044D90AC03B65774A8B30D","table":"killmonger_events_table","keyspace":"msku","timestamp":"2019-07-29T05:44:36.948Z","clusteringKeys":["17870009","vbIdSellingIdInventoryUpdated/1","1564378910"],"changedColumns":["selling_id","fulfillment_node_id","event_type","update_at","stream_sequence_number","event_data"],"record":"{\"selling_id\":\"B26275BEC6044D90AC03B65774A8B30D\",\"fulfillment_node_id\":\"17870009\",\"event_type\":\"vbIdSellingIdInventoryUpdated/1\",\"update_at\":1564378910,\"stream_sequence_number\":155,\"event_data\":\"{\\\"id\\\":\\\"292261c5d0ec46c8a1613645c16a32ec\\\",\\\"vbId\\\":\\\"PantherMigrationVbId\\\",\\\"sellingId\\\":\\\"B26275BEC6044D90AC03B65774A8B30D\\\",\\\"merchantId\\\":\\\"9fc08905039048918982091f266c2a29\\\",\\\"skuId\\\":\\\"PantherMigrationSkuId\\\",\\\"f\\\":0,\\\"fnId\\\":\\\"17870009\\\",\\\"by\\\":\\\"Killmonger.Migration.MapInWalmartInvUpdates\\\",\\\"at\\\":\\\"2019-07-29T05:41:50.042+00:00\\\",\\\"invUssn\\\":0,\\\"isInf\\\":false,\\\"ifa\\\":true,\\\"martAvail\\\":[{\\\"martId\\\":\\\"21\\\",\\\"ia\\\":true},{\\\"martId\\\":\\\"0\\\",\\\"ia\\\":true}],\\\"clt\\\":\\\"WoJ\\\"}\"}"}
{"id":"9074CCAC504B40D283E0AB878FDE22CE","table":"killmonger_events_table","keyspace":"msku","timestamp":"2019-07-29T05:45:02.369Z","clusteringKeys":["10000009448","vbIdSellingIdInventoryUpdated/1","1564374880"],"changedColumns":["selling_id","fulfillment_node_id","event_type","update_at","stream_sequence_number","event_data"],"record":"{\"selling_id\":\"9074CCAC504B40D283E0AB878FDE22CE\",\"fulfillment_node_id\":\"10000009448\",\"event_type\":\"vbIdSellingIdInventoryUpdated/1\",\"update_at\":1564374880,\"stream_sequence_number\":79,\"event_data\":\"{\\\"id\\\":\\\"121d91ef23f744fb99ef6368df6fe46b\\\",\\\"vbId\\\":\\\"604079063005-9152\\\",\\\"sellingId\\\":\\\"9074CCAC504B40D283E0AB878FDE22CE\\\",\\\"merchantId\\\":\\\"9152\\\",\\\"skuId\\\":\\\"604079063005\\\",\\\"f\\\":7,\\\"fnId\\\":\\\"10000009448\\\",\\\"fnType\\\":\\\"MARKETPLACE\\\",\\\"by\\\":\\\"Vibranium\\\",\\\"at\\\":\\\"2019-07-29T04:34:40+00:00\\\",\\\"invUssn\\\":38,\\\"catUssn\\\":40,\\\"isInf\\\":false,\\\"ifa\\\":true,\\\"martAvail\\\":[{\\\"martId\\\":\\\"0\\\",\\\"ia\\\":true}],\\\"clt\\\":\\\"WoW\\\"}\"}"}
{"id":"0259F310855648519FE75910F86E67EA","table":"killmonger_events_table","keyspace":"msku","timestamp":"2019-07-29T05:40:44.609Z","clusteringKeys":["8556","vbIdSellingIdInventoryUpdated/1","1564375900"],"changedColumns":["selling_id","fulfillment_node_id","event_type","update_at","stream_sequence_number","event_data"],"record":"{\"selling_id\":\"0259F310855648519FE75910F86E67EA\",\"fulfillment_node_id\":\"8556\",\"event_type\":\"vbIdSellingIdInventoryUpdated/1\",\"update_at\":1564375900,\"stream_sequence_number\":126,\"event_data\":\"{\\\"id\\\":\\\"feab538f8ed34e6184d305914ea562a1\\\",\\\"vbId\\\":\\\"PantherMigrationVbId\\\",\\\"sellingId\\\":\\\"0259F310855648519FE75910F86E67EA\\\",\\\"merchantId\\\":\\\"9fc08905039048918982091f266c2a29\\\",\\\"skuId\\\":\\\"PantherMigrationSkuId\\\",\\\"f\\\":0,\\\"fnId\\\":\\\"8556\\\",\\\"by\\\":\\\"Killmonger.Migration.MapInWalmartInvUpdates\\\",\\\"at\\\":\\\"2019-07-29T04:51:40.455+00:00\\\",\\\"invUssn\\\":0,\\\"isInf\\\":false,\\\"ifa\\\":true,\\\"martAvail\\\":[{\\\"martId\\\":\\\"21\\\",\\\"ia\\\":true},{\\\"martId\\\":\\\"0\\\",\\\"ia\\\":true}],\\\"clt\\\":\\\"WoJ\\\"}\"}"}
{"id":"3F13E5B79C664CBA93DE4CE798A32DDC","table":"killmonger_events_table","keyspace":"msku","timestamp":"2019-07-29T05:40:44.608Z","clusteringKeys":["2379","vbIdSellingIdInventoryUpdated/1","1564376135"],"changedColumns":["selling_id","fulfillment_node_id","event_type","update_at","stream_sequence_number","event_data"],"record":"{\"selling_id\":\"3F13E5B79C664CBA93DE4CE798A32DDC\",\"fulfillment_node_id\":\"2379\",\"event_type\":\"vbIdSellingIdInventoryUpdated/1\",\"update_at\":1564376135,\"stream_sequence_number\":127,\"event_data\":\"{\\\"id\\\":\\\"5c565627c0644d11904a2a92266d8cdd\\\",\\\"vbId\\\":\\\"PantherMigrationVbId\\\",\\\"sellingId\\\":\\\"3F13E5B79C664CBA93DE4CE798A32DDC\\\",\\\"merchantId\\\":\\\"9fc08905039048918982091f266c2a29\\\",\\\"skuId\\\":\\\"PantherMigrationSkuId\\\",\\\"f\\\":0,\\\"fnId\\\":\\\"2379\\\",\\\"by\\\":\\\"Killmonger.Migration.MapInWalmartInvUpdates\\\",\\\"at\\\":\\\"2019-07-29T04:55:35.863+00:00\\\",\\\"invUssn\\\":0,\\\"isInf\\\":false,\\\"ifa\\\":true,\\\"martAvail\\\":[{\\\"martId\\\":\\\"21\\\",\\\"ia\\\":true},{\\\"martId\\\":\\\"0\\\",\\\"ia\\\":true}],\\\"clt\\\":\\\"WoJ\\\"}\"}"}
{"id":"B26275BEC6044D90AC03B65774A8B30D","table":"killmonger_events_table","keyspace":"msku","timestamp":"2019-07-29T05:44:36.948Z","clusteringKeys":["17870009","vbIdSellingIdInventoryUpdated/1","1564378910"],"changedColumns":["selling_id","fulfillment_node_id","event_type","update_at","stream_sequence_number","event_data"],"record":"{\"selling_id\":\"B26275BEC6044D90AC03B65774A8B30D\",\"fulfillment_node_id\":\"17870009\",\"event_type\":\"vbIdSellingIdInventoryUpdated/1\",\"update_at\":1564378910,\"stream_sequence_number\":156,\"event_data\":\"{\\\"id\\\":\\\"292261c5d0ec46c8a1613645c16a32ec\\\",\\\"vbId\\\":\\\"PantherMigrationVbId\\\",\\\"sellingId\\\":\\\"B26275BEC6044D90AC03B65774A8B30D\\\",\\\"merchantId\\\":\\\"9fc08905039048918982091f266c2a29\\\",\\\"skuId\\\":\\\"PantherMigrationSkuId\\\",\\\"f\\\":0,\\\"fnId\\\":\\\"17870009\\\",\\\"by\\\":\\\"Killmonger.Migration.MapInWalmartInvUpdates\\\",\\\"at\\\":\\\"2019-07-29T05:41:50.042+00:00\\\",\\\"invUssn\\\":0,\\\"isInf\\\":false,\\\"ifa\\\":true,\\\"martAvail\\\":[{\\\"martId\\\":\\\"21\\\",\\\"ia\\\":true},{\\\"martId\\\":\\\"0\\\",\\\"ia\\\":true}],\\\"clt\\\":\\\"WoJ\\\"}\"}"}
{"id":"a67d34e9010d4182ba3965ca473790c5","table":"killmonger_events_table","keyspace":"msku","timestamp":"2019-07-29T05:44:36.952Z","clusteringKeys":["fb72b6f9c1e54625a551711f6ee72714","updateVbIdSellingIdInventorySkipped/1","1564378274"],"changedColumns":["selling_id","fulfillment_node_id","event_type","update_at","stream_sequence_number","event_data"],"record":"{\"selling_id\":\"a67d34e9010d4182ba3965ca473790c5\",\"fulfillment_node_id\":\"fb72b6f9c1e54625a551711f6ee72714\",\"event_type\":\"updateVbIdSellingIdInventorySkipped/1\",\"update_at\":1564378274,\"stream_sequence_number\":45,\"event_data\":\"{\\\"id\\\":\\\"8db2486185e94d2e86df629b060bd4db\\\",\\\"vbId\\\":\\\"a67d34e9010d4182ba3965ca473790c5\\\",\\\"sellingId\\\":\\\"a67d34e9010d4182ba3965ca473790c5\\\",\\\"merchantId\\\":\\\"e43cf7756d0b4ba8a4e9046774656ce8\\\",\\\"skuId\\\":\\\"a67d34e9010d4182ba3965ca473790c5\\\",\\\"f\\\":109,\\\"fnId\\\":\\\"fb72b6f9c1e54625a551711f6ee72714\\\",\\\"fnType\\\":\\\"wolverine\\\",\\\"by\\\":\\\"Vibranium\\\",\\\"at\\\":\\\"2019-07-29T05:31:14+00:00\\\",\\\"invUssn\\\":48,\\\"isInf\\\":false}\"}"}
{"id":"a67d34e9010d4182ba3965ca473790c5","table":"killmonger_events_table","keyspace":"msku","timestamp":"2019-07-29T05:44:36.953Z","clusteringKeys":["fb72b6f9c1e54625a551711f6ee72714","updateVbIdSellingIdInventorySkipped/1","1564378274"],"changedColumns":["selling_id","fulfillment_node_id","event_type","update_at","stream_sequence_number","event_data"],"record":"{\"selling_id\":\"a67d34e9010d4182ba3965ca473790c5\",\"fulfillment_node_id\":\"fb72b6f9c1e54625a551711f6ee72714\",\"event_type\":\"updateVbIdSellingIdInventorySkipped/1\",\"update_at\":1564378274,\"stream_sequence_number\":46,\"event_data\":\"{\\\"id\\\":\\\"8db2486185e94d2e86df629b060bd4db\\\",\\\"vbId\\\":\\\"a67d34e9010d4182ba3965ca473790c5\\\",\\\"sellingId\\\":\\\"a67d34e9010d4182ba3965ca473790c5\\\",\\\"merchantId\\\":\\\"e43cf7756d0b4ba8a4e9046774656ce8\\\",\\\"skuId\\\":\\\"a67d34e9010d4182ba3965ca473790c5\\\",\\\"f\\\":109,\\\"fnId\\\":\\\"fb72b6f9c1e54625a551711f6ee72714\\\",\\\"fnType\\\":\\\"wolverine\\\",\\\"by\\\":\\\"Vibranium\\\",\\\"at\\\":\\\"2019-07-29T05:31:14+00:00\\\",\\\"invUssn\\\":48,\\\"isInf\\\":false}\"}"}
{"id":"40be2ea4d1a348f5bf32b1a93d4e4736","table":"killmonger_events_table","keyspace":"msku","timestamp":"2019-07-29T05:44:36.947Z","clusteringKeys":["7d029b0996bd4f16bbd74454bab3ab2e","vbIdSellingIdInventoryUpdated/1","1564378274"],"changedColumns":["selling_id","fulfillment_node_id","event_type","update_at","stream_sequence_number","event_data"],"record":"{\"selling_id\":\"40be2ea4d1a348f5bf32b1a93d4e4736\",\"fulfillment_node_id\":\"7d029b0996bd4f16bbd74454bab3ab2e\",\"event_type\":\"vbIdSellingIdInventoryUpdated/1\",\"update_at\":1564378274,\"stream_sequence_number\":42,\"event_data\":\"{\\\"id\\\":\\\"e994c2a5a38d4a89868d10620bc5ac2a\\\",\\\"vbId\\\":\\\"40be2ea4d1a348f5bf32b1a93d4e4736\\\",\\\"sellingId\\\":\\\"40be2ea4d1a348f5bf32b1a93d4e4736\\\",\\\"merchantId\\\":\\\"e43cf7756d0b4ba8a4e9046774656ce8\\\",\\\"skuId\\\":\\\"40be2ea4d1a348f5bf32b1a93d4e4736\\\",\\\"f\\\":139,\\\"fnId\\\":\\\"7d029b0996bd4f16bbd74454bab3ab2e\\\",\\\"fnType\\\":\\\"wolverine\\\",\\\"by\\\":\\\"Vibranium\\\",\\\"at\\\":\\\"2019-07-29T05:31:14+00:00\\\",\\\"invUssn\\\":51,\\\"isInf\\\":false,\\\"ifa\\\":true,\\\"martAvail\\\":[{\\\"martId\\\":\\\"21\\\",\\\"ia\\\":true}],\\\"clt\\\":\\\"JoJ\\\"}\"}"}
{"id":"763C5989CEF942A080EA4215C925099E","table":"killmonger_events_table","keyspace":"msku","timestamp":"2019-07-29T05:40:44.606Z","clusteringKeys":["77628","vbIdSellingIdInventoryUpdated/1","1564378913"],"changedColumns":["selling_id","fulfillment_node_id","event_type","update_at","stream_sequence_number","event_data"],"record":"{\"selling_id\":\"763C5989CEF942A080EA4215C925099E\",\"fulfillment_node_id\":\"77628\",\"event_type\":\"vbIdSellingIdInventoryUpdated/1\",\"update_at\":1564378913,\"stream_sequence_number\":129,\"event_data\":\"{\\\"id\\\":\\\"375205ec984347e7b895b9e1cdd08cb0\\\",\\\"vbId\\\":\\\"PantherMigrationVbId\\\",\\\"sellingId\\\":\\\"763C5989CEF942A080EA4215C925099E\\\",\\\"merchantId\\\":\\\"9fc08905039048918982091f266c2a29\\\",\\\"skuId\\\":\\\"PantherMigrationSkuId\\\",\\\"f\\\":0,\\\"fnId\\\":\\\"77628\\\",\\\"by\\\":\\\"Killmonger.Migration.MapInWalmartInvUpdates\\\",\\\"at\\\":\\\"2019-07-29T05:41:53.296+00:00\\\",\\\"invUssn\\\":0,\\\"isInf\\\":false,\\\"ifa\\\":true,\\\"martAvail\\\":[{\\\"martId\\\":\\\"21\\\",\\\"ia\\\":true},{\\\"martId\\\":\\\"0\\\",\\\"ia\\\":true}],\\\"clt\\\":\\\"WoJ\\\"}\"}"}
{"id":"93a77b90842247b18f0784644ae28243","table":"killmonger_events_table","keyspace":"msku","timestamp":"2019-07-29T05:44:36.949Z","clusteringKeys":["fb72b6f9c1e54625a551711f6ee72714","vbIdSellingIdInventoryUpdated/1","1564378274"],"changedColumns":["selling_id","fulfillment_node_id","event_type","update_at","stream_sequence_number","event_data"],"record":"{\"selling_id\":\"93a77b90842247b18f0784644ae28243\",\"fulfillment_node_id\":\"fb72b6f9c1e54625a551711f6ee72714\",\"event_type\":\"vbIdSellingIdInventoryUpdated/1\",\"update_at\":1564378274,\"stream_sequence_number\":40,\"event_data\":\"{\\\"id\\\":\\\"f9eca36995d74d31b318901d701b4365\\\",\\\"vbId\\\":\\\"93a77b90842247b18f0784644ae28243\\\",\\\"sellingId\\\":\\\"93a77b90842247b18f0784644ae28243\\\",\\\"merchantId\\\":\\\"e43cf7756d0b4ba8a4e9046774656ce8\\\",\\\"skuId\\\":\\\"93a77b90842247b18f0784644ae28243\\\",\\\"f\\\":147,\\\"fnId\\\":\\\"fb72b6f9c1e54625a551711f6ee72714\\\",\\\"fnType\\\":\\\"wolverine\\\",\\\"by\\\":\\\"Vibranium\\\",\\\"at\\\":\\\"2019-07-29T05:31:14+00:00\\\",\\\"invUssn\\\":49,\\\"isInf\\\":false,\\\"ifa\\\":true,\\\"martAvail\\\":[{\\\"martId\\\":\\\"21\\\",\\\"ia\\\":true}],\\\"clt\\\":\\\"JoJ\\\"}\"}"}
{"id":"9D68CAFA7C774FDE9683669123F36DCF","table":"killmonger_events_table","keyspace":"msku","timestamp":"2019-07-29T05:44:36.949Z","clusteringKeys":["77628","vbIdSellingIdInventoryUpdated/1","1564378911"],"changedColumns":["selling_id","fulfillment_node_id","event_type","update_at","stream_sequence_number","event_data"],"record":"{\"selling_id\":\"9D68CAFA7C774FDE9683669123F36DCF\",\"fulfillment_node_id\":\"77628\",\"event_type\":\"vbIdSellingIdInventoryUpdated/1\",\"update_at\":1564378911,\"stream_sequence_number\":132,\"event_data\":\"{\\\"id\\\":\\\"caa47007a7d94cfcb96bf7ea11edc8a3\\\",\\\"vbId\\\":\\\"PantherMigrationVbId\\\",\\\"sellingId\\\":\\\"9D68CAFA7C774FDE9683669123F36DCF\\\",\\\"merchantId\\\":\\\"9fc08905039048918982091f266c2a29\\\",\\\"skuId\\\":\\\"PantherMigrationSkuId\\\",\\\"f\\\":0,\\\"fnId\\\":\\\"77628\\\",\\\"by\\\":\\\"Killmonger.Migration.MapInWalmartInvUpdates\\\",\\\"at\\\":\\\"2019-07-29T05:41:51.213+00:00\\\",\\\"invUssn\\\":0,\\\"isInf\\\":false,\\\"ifa\\\":true,\\\"martAvail\\\":[{\\\"martId\\\":\\\"21\\\",\\\"ia\\\":true},{\\\"martId\\\":\\\"0\\\",\\\"ia\\\":true}],\\\"clt\\\":\\\"WoJ\\\"}\"}"}
{"id":"6dd20e82e979488f9405d09a038941cc","table":"killmonger_events_table","keyspace":"msku","timestamp":"2019-07-29T05:40:44.607Z","clusteringKeys":["1ad6147479b841849d63874b2a9e6552","updateVbIdSellingIdInventorySkipped/1","1564378021"],"changedColumns":["selling_id","fulfillment_node_id","event_type","update_at","stream_sequence_number","event_data"],"record":"{\"selling_id\":\"6dd20e82e979488f9405d09a038941cc\",\"fulfillment_node_id\":\"1ad6147479b841849d63874b2a9e6552\",\"event_type\":\"updateVbIdSellingIdInventorySkipped/1\",\"update_at\":1564378021,\"stream_sequence_number\":4476,\"event_data\":\"{\\\"id\\\":\\\"6c4533c2b3c64f7c837decd771e8c323\\\",\\\"vbId\\\":\\\"6dd20e82e979488f9405d09a038941cc\\\",\\\"sellingId\\\":\\\"6dd20e82e979488f9405d09a038941cc\\\",\\\"merchantId\\\":\\\"a1cd8976329a41ae85739f65376fc756\\\",\\\"skuId\\\":\\\"6dd20e82e979488f9405d09a038941cc\\\",\\\"f\\\":205,\\\"fnId\\\":\\\"1ad6147479b841849d63874b2a9e6552\\\",\\\"fnType\\\":\\\"wolverine\\\",\\\"by\\\":\\\"Vibranium\\\",\\\"at\\\":\\\"2019-07-29T05:27:01+00:00\\\",\\\"invUssn\\\":5551,\\\"isInf\\\":false}\"}"}
{"id":"18c56316130f47ff8c7aeecbd0cdcafa","table":"killmonger_events_table","keyspace":"msku","timestamp":"2019-07-29T05:45:02.366Z","clusteringKeys":["d8c82725c2f44901bbee8db463c10582","vbIdSellingIdInventoryUpdated/1","1564378143"],"changedColumns":["selling_id","fulfillment_node_id","event_type","update_at","stream_sequence_number","event_data"],"record":"{\"selling_id\":\"18c56316130f47ff8c7aeecbd0cdcafa\",\"fulfillment_node_id\":\"d8c82725c2f44901bbee8db463c10582\",\"event_type\":\"vbIdSellingIdInventoryUpdated/1\",\"update_at\":1564378143,\"stream_sequence_number\":521,\"event_data\":\"{\\\"id\\\":\\\"904a7b1c7b8f4e9d86cbe3fd560061a5\\\",\\\"vbId\\\":\\\"18c56316130f47ff8c7aeecbd0cdcafa\\\",\\\"sellingId\\\":\\\"18c56316130f47ff8c7aeecbd0cdcafa\\\",\\\"merchantId\\\":\\\"01133ed0b8d64d11b1766d2295fa867b\\\",\\\"skuId\\\":\\\"18c56316130f47ff8c7aeecbd0cdcafa\\\",\\\"f\\\":49,\\\"fnId\\\":\\\"d8c82725c2f44901bbee8db463c10582\\\",\\\"fnType\\\":\\\"wolverine\\\",\\\"by\\\":\\\"Vibranium\\\",\\\"at\\\":\\\"2019-07-29T05:29:03+00:00\\\",\\\"invUssn\\\":591,\\\"isInf\\\":false,\\\"ifa\\\":true,\\\"martAvail\\\":[{\\\"martId\\\":\\\"21\\\",\\\"ia\\\":true}],\\\"clt\\\":\\\"JoJ\\\"}\"}"}
{"id":"88DE9D7EF889475BBEB0EB3B6F6B06AF","table":"killmonger_events_table","keyspace":"msku","timestamp":"2019-07-29T05:44:36.947Z","clusteringKeys":["6468","vbIdSellingIdInventoryUpdated/1","1564378910"],"changedColumns":["selling_id","fulfillment_node_id","event_type","update_at","stream_sequence_number","event_data"],"record":"{\"selling_id\":\"88DE9D7EF889475BBEB0EB3B6F6B06AF\",\"fulfillment_node_id\":\"6468\",\"event_type\":\"vbIdSellingIdInventoryUpdated/1\",\"update_at\":1564378910,\"stream_sequence_number\":144,\"event_data\":\"{\\\"id\\\":\\\"b3bc5d6ed8b04dcabe4cbbb2e89fc3de\\\",\\\"vbId\\\":\\\"PantherMigrationVbId\\\",\\\"sellingId\\\":\\\"88DE9D7EF889475BBEB0EB3B6F6B06AF\\\",\\\"merchantId\\\":\\\"9fc08905039048918982091f266c2a29\\\",\\\"skuId\\\":\\\"PantherMigrationSkuId\\\",\\\"f\\\":0,\\\"fnId\\\":\\\"6468\\\",\\\"by\\\":\\\"Killmonger.Migration.MapInWalmartInvUpdates\\\",\\\"at\\\":\\\"2019-07-29T05:41:50.629+00:00\\\",\\\"invUssn\\\":0,\\\"isInf\\\":false,\\\"ifa\\\":true,\\\"martAvail\\\":[{\\\"martId\\\":\\\"21\\\",\\\"ia\\\":true},{\\\"martId\\\":\\\"0\\\",\\\"ia\\\":true}],\\\"clt\\\":\\\"WoJ\\\"}\"}"}
{"id":"88DE9D7EF889475BBEB0EB3B6F6B06AF","table":"killmonger_events_table","keyspace":"msku","timestamp":"2019-07-29T05:44:36.947Z","clusteringKeys":["6468","vbIdSellingIdInventoryUpdated/1","1564378910"],"changedColumns":["selling_id","fulfillment_node_id","event_type","update_at","stream_sequence_number","event_data"],"record":"{\"selling_id\":\"88DE9D7EF889475BBEB0EB3B6F6B06AF\",\"fulfillment_node_id\":\"6468\",\"event_type\":\"vbIdSellingIdInventoryUpdated/1\",\"update_at\":1564378910,\"stream_sequence_number\":145,\"event_data\":\"{\\\"id\\\":\\\"b3bc5d6ed8b04dcabe4cbbb2e89fc3de\\\",\\\"vbId\\\":\\\"PantherMigrationVbId\\\",\\\"sellingId\\\":\\\"88DE9D7EF889475BBEB0EB3B6F6B06AF\\\",\\\"merchantId\\\":\\\"9fc08905039048918982091f266c2a29\\\",\\\"skuId\\\":\\\"PantherMigrationSkuId\\\",\\\"f\\\":0,\\\"fnId\\\":\\\"6468\\\",\\\"by\\\":\\\"Killmonger.Migration.MapInWalmartInvUpdates\\\",\\\"at\\\":\\\"2019-07-29T05:41:50.629+00:00\\\",\\\"invUssn\\\":0,\\\"isInf\\\":false,\\\"ifa\\\":true,\\\"martAvail\\\":[{\\\"martId\\\":\\\"21\\\",\\\"ia\\\":true},{\\\"martId\\\":\\\"0\\\",\\\"ia\\\":true}],\\\"clt\\\":\\\"WoJ\\\"}\"}"}
{"id":"135810fc39e942f5a842188bd9162d9d","table":"killmonger_events_table","keyspace":"msku","timestamp":"2019-07-29T05:40:44.608Z","clusteringKeys":["d74644f3e2764bc7a752cc3d0dddeac3","vbIdSellingIdInventoryUpdated/1","1564378151"],"changedColumns":["selling_id","fulfillment_node_id","event_type","update_at","stream_sequence_number","event_data"],"record":"{\"selling_id\":\"135810fc39e942f5a842188bd9162d9d\",\"fulfillment_node_id\":\"d74644f3e2764bc7a752cc3d0dddeac3\",\"event_type\":\"vbIdSellingIdInventoryUpdated/1\",\"update_at\":1564378151,\"stream_sequence_number\":244,\"event_data\":\"{\\\"id\\\":\\\"cede6b7845914f1d845e34e0f9c81061\\\",\\\"vbId\\\":\\\"135810fc39e942f5a842188bd9162d9d\\\",\\\"sellingId\\\":\\\"135810fc39e942f5a842188bd9162d9d\\\",\\\"merchantId\\\":\\\"1b52e9263d164760a27ad9f07fec8abb\\\",\\\"skuId\\\":\\\"135810fc39e942f5a842188bd9162d9d\\\",\\\"f\\\":10,\\\"fnId\\\":\\\"d74644f3e2764bc7a752cc3d0dddeac3\\\",\\\"fnType\\\":\\\"wolverine\\\",\\\"by\\\":\\\"Vibranium\\\",\\\"at\\\":\\\"2019-07-29T05:29:11+00:00\\\",\\\"invUssn\\\":260,\\\"isInf\\\":false,\\\"ifa\\\":true,\\\"martAvail\\\":[{\\\"martId\\\":\\\"21\\\",\\\"ia\\\":true}],\\\"clt\\\":\\\"JoJ\\\"}\"}"}
{"id":"721c1404dae945fe9c73b2a445446b20","table":"killmonger_events_table","keyspace":"msku","timestamp":"2019-07-29T05:40:44.608Z","clusteringKeys":["4f185a3b259b4017bc2260ccd8883e39","vbIdSellingIdInventoryUpdated/1","1564378204"],"changedColumns":["selling_id","fulfillment_node_id","event_type","update_at","stream_sequence_number","event_data"],"record":"{\"selling_id\":\"721c1404dae945fe9c73b2a445446b20\",\"fulfillment_node_id\":\"4f185a3b259b4017bc2260ccd8883e39\",\"event_type\":\"vbIdSellingIdInventoryUpdated/1\",\"update_at\":1564378204,\"stream_sequence_number\":1723,\"event_data\":\"{\\\"id\\\":\\\"143852fc90e547a48b7c8ddc6142ea6d\\\",\\\"vbId\\\":\\\"721c1404dae945fe9c73b2a445446b20\\\",\\\"sellingId\\\":\\\"721c1404dae945fe9c73b2a445446b20\\\",\\\"merchantId\\\":\\\"796b04f8ed574a19adc024a417d67d3a\\\",\\\"skuId\\\":\\\"721c1404dae945fe9c73b2a445446b20\\\",\\\"f\\\":20,\\\"fnId\\\":\\\"4f185a3b259b4017bc2260ccd8883e39\\\",\\\"fnType\\\":\\\"wolverine\\\",\\\"by\\\":\\\"Vibranium\\\",\\\"at\\\":\\\"2019-07-29T05:30:04+00:00\\\",\\\"invUssn\\\":1958,\\\"isInf\\\":false,\\\"ifa\\\":true,\\\"martAvail\\\":[{\\\"martId\\\":\\\"21\\\",\\\"ia\\\":true}],\\\"clt\\\":\\\"JoJ\\\"}\"}"}
{"id":"9AC37B4F61CB4BB68216AB1A2787A64F","table":"killmonger_events_table","keyspace":"msku","timestamp":"2019-07-29T05:44:36.949Z","clusteringKeys":["4364","vbIdSellingIdInventoryUpdated/1","1564378910"],"changedColumns":["selling_id","fulfillment_node_id","event_type","update_at","stream_sequence_number","event_data"],"record":"{\"selling_id\":\"9AC37B4F61CB4BB68216AB1A2787A64F\",\"fulfillment_node_id\":\"4364\",\"event_type\":\"vbIdSellingIdInventoryUpdated/1\",\"update_at\":1564378910,\"stream_sequence_number\":126,\"event_data\":\"{\\\"id\\\":\\\"4f3058dd2f0f4053b2f39618c6a9acc9\\\",\\\"vbId\\\":\\\"PantherMigrationVbId\\\",\\\"sellingId\\\":\\\"9AC37B4F61CB4BB68216AB1A2787A64F\\\",\\\"merchantId\\\":\\\"9fc08905039048918982091f266c2a29\\\",\\\"skuId\\\":\\\"PantherMigrationSkuId\\\",\\\"f\\\":0,\\\"fnId\\\":\\\"4364\\\",\\\"by\\\":\\\"Killmonger.Migration.MapInWalmartInvUpdates\\\",\\\"at\\\":\\\"2019-07-29T05:41:50.613+00:00\\\",\\\"invUssn\\\":0,\\\"isInf\\\":false,\\\"ifa\\\":true,\\\"martAvail\\\":[{\\\"martId\\\":\\\"21\\\",\\\"ia\\\":true},{\\\"martId\\\":\\\"0\\\",\\\"ia\\\":true}],\\\"clt\\\":\\\"WoJ\\\"}\"}"}
{"id":"17a9b63b12ce45f0956097b093a7984b","table":"killmonger_events_table","keyspace":"msku","timestamp":"2019-07-29T05:45:03.427Z","clusteringKeys":["fb72b6f9c1e54625a551711f6ee72714","vbIdSellingIdInventoryUpdated/1","1564378075"],"changedColumns":["selling_id","fulfillment_node_id","event_type","update_at","stream_sequence_number","event_data"],"record":"{\"selling_id\":\"17a9b63b12ce45f0956097b093a7984b\",\"fulfillment_node_id\":\"fb72b6f9c1e54625a551711f6ee72714\",\"event_type\":\"vbIdSellingIdInventoryUpdated/1\",\"update_at\":1564378075,\"stream_sequence_number\":38,\"event_data\":\"{\\\"id\\\":\\\"ac40e47fea3446d197f8068fc4919a73\\\",\\\"vbId\\\":\\\"17a9b63b12ce45f0956097b093a7984b\\\",\\\"sellingId\\\":\\\"17a9b63b12ce45f0956097b093a7984b\\\",\\\"merchantId\\\":\\\"e43cf7756d0b4ba8a4e9046774656ce8\\\",\\\"skuId\\\":\\\"17a9b63b12ce45f0956097b093a7984b\\\",\\\"f\\\":73,\\\"fnId\\\":\\\"fb72b6f9c1e54625a551711f6ee72714\\\",\\\"fnType\\\":\\\"wolverine\\\",\\\"by\\\":\\\"Vibranium\\\",\\\"at\\\":\\\"2019-07-29T05:27:55+00:00\\\",\\\"invUssn\\\":48,\\\"isInf\\\":false,\\\"ifa\\\":true,\\\"martAvail\\\":[{\\\"martId\\\":\\\"21\\\",\\\"ia\\\":true}],\\\"clt\\\":\\\"JoJ\\\"}\"}"}
{"id":"4c8460e9258440c49455ce09feab3a3e","table":"killmonger_events_table","keyspace":"msku","timestamp":"2019-07-29T05:45:02.366Z","clusteringKeys":["fb72b6f9c1e54625a551711f6ee72714","updateVbIdSellingIdInventorySkipped/1","1564375160"],"changedColumns":["selling_id","fulfillment_node_id","event_type","update_at","stream_sequence_number","event_data"],"record":"{\"selling_id\":\"4c8460e9258440c49455ce09feab3a3e\",\"fulfillment_node_id\":\"fb72b6f9c1e54625a551711f6ee72714\",\"event_type\":\"updateVbIdSellingIdInventorySkipped/1\",\"update_at\":1564375160,\"stream_sequence_number\":48,\"event_data\":\"{\\\"id\\\":\\\"cbe95aaefe7c4417abb4137df8e8df35\\\",\\\"vbId\\\":\\\"4c8460e9258440c49455ce09feab3a3e\\\",\\\"sellingId\\\":\\\"4c8460e9258440c49455ce09feab3a3e\\\",\\\"merchantId\\\":\\\"e43cf7756d0b4ba8a4e9046774656ce8\\\",\\\"skuId\\\":\\\"4c8460e9258440c49455ce09feab3a3e\\\",\\\"f\\\":66,\\\"fnId\\\":\\\"fb72b6f9c1e54625a551711f6ee72714\\\",\\\"fnType\\\":\\\"wolverine\\\",\\\"by\\\":\\\"Vibranium\\\",\\\"at\\\":\\\"2019-07-29T04:39:20+00:00\\\",\\\"invUssn\\\":48,\\\"isInf\\\":false}\"}"}
{"id":"67C2F9BC8771472FB5904A1B53503321","table":"killmonger_events_table","keyspace":"msku","timestamp":"2019-07-29T05:40:44.615Z","clusteringKeys":["10000002039","updateVbIdSellingIdInventorySkipped/1","1564375419"],"changedColumns":["selling_id","fulfillment_node_id","event_type","update_at","stream_sequence_number","event_data"],"record":"{\"selling_id\":\"67C2F9BC8771472FB5904A1B53503321\",\"fulfillment_node_id\":\"10000002039\",\"event_type\":\"updateVbIdSellingIdInventorySkipped/1\",\"update_at\":1564375419,\"stream_sequence_number\":78,\"event_data\":\"{\\\"id\\\":\\\"58d648c75cf44215a22e573d31eb1941\\\",\\\"vbId\\\":\\\"PE-0504-0-2096\\\",\\\"sellingId\\\":\\\"67C2F9BC8771472FB5904A1B53503321\\\",\\\"merchantId\\\":\\\"2096\\\",\\\"skuId\\\":\\\"PE-0504-0\\\",\\\"f\\\":19,\\\"fnId\\\":\\\"10000002039\\\",\\\"fnType\\\":\\\"MARKETPLACE\\\",\\\"by\\\":\\\"Vibranium\\\",\\\"at\\\":\\\"2019-07-29T04:43:39+00:00\\\",\\\"invUssn\\\":62,\\\"catUssn\\\":0,\\\"isInf\\\":false}\"}"}
{"id":"F99B39AE4ED741D5B710E756DE635677","table":"killmonger_events_table","keyspace":"msku","timestamp":"2019-07-29T05:44:36.958Z","clusteringKeys":["10000006435","updateVbIdSellingIdInventorySkipped/1","1564375591"],"changedColumns":["selling_id","fulfillment_node_id","event_type","update_at","stream_sequence_number","event_data"],"record":"{\"selling_id\":\"F99B39AE4ED741D5B710E756DE635677\",\"fulfillment_node_id\":\"10000006435\",\"event_type\":\"updateVbIdSellingIdInventorySkipped/1\",\"update_at\":1564375591,\"stream_sequence_number\":930,\"event_data\":\"{\\\"id\\\":\\\"d0ffcbb099ca418d86216bb8a02be014\\\",\\\"vbId\\\":\\\"424056_bf_GP-22-6261\\\",\\\"sellingId\\\":\\\"F99B39AE4ED741D5B710E756DE635677\\\",\\\"merchantId\\\":\\\"6261\\\",\\\"skuId\\\":\\\"424056_bf_GP-22\\\",\\\"f\\\":129,\\\"fnId\\\":\\\"10000006435\\\",\\\"fnType\\\":\\\"MARKETPLACE\\\",\\\"by\\\":\\\"Vibranium\\\",\\\"at\\\":\\\"2019-07-29T04:46:31+00:00\\\",\\\"invUssn\\\":772,\\\"catUssn\\\":0,\\\"isInf\\\":false}\"}"}
{"id":"4c8460e9258440c49455ce09feab3a3e","table":"killmonger_events_table","keyspace":"msku","timestamp":"2019-07-29T05:45:02.367Z","clusteringKeys":["fb72b6f9c1e54625a551711f6ee72714","updateVbIdSellingIdInventorySkipped/1","1564375160"],"changedColumns":["selling_id","fulfillment_node_id","event_type","update_at","stream_sequence_number","event_data"],"record":"{\"selling_id\":\"4c8460e9258440c49455ce09feab3a3e\",\"fulfillment_node_id\":\"fb72b6f9c1e54625a551711f6ee72714\",\"event_type\":\"updateVbIdSellingIdInventorySkipped/1\",\"update_at\":1564375160,\"stream_sequence_number\":49,\"event_data\":\"{\\\"id\\\":\\\"5215bf55e7294d5b8af7b90ef0dd775b\\\",\\\"vbId\\\":\\\"4c8460e9258440c49455ce09feab3a3e\\\",\\\"sellingId\\\":\\\"4c8460e9258440c49455ce09feab3a3e\\\",\\\"merchantId\\\":\\\"e43cf7756d0b4ba8a4e9046774656ce8\\\",\\\"skuId\\\":\\\"4c8460e9258440c49455ce09feab3a3e\\\",\\\"f\\\":66,\\\"fnId\\\":\\\"fb72b6f9c1e54625a551711f6ee72714\\\",\\\"fnType\\\":\\\"wolverine\\\",\\\"by\\\":\\\"Vibranium\\\",\\\"at\\\":\\\"2019-07-29T04:39:20+00:00\\\",\\\"invUssn\\\":48,\\\"isInf\\\":false}\"}"}
{"id":"6BD7818B1EC84C6BA371E95129767FB2","table":"killmonger_events_table","keyspace":"msku","timestamp":"2019-07-29T05:45:02.369Z","clusteringKeys":["2379","vbIdSellingIdInventoryUpdated/1","1564375776"],"changedColumns":["selling_id","fulfillment_node_id","event_type","update_at","stream_sequence_number","event_data"],"record":"{\"selling_id\":\"6BD7818B1EC84C6BA371E95129767FB2\",\"fulfillment_node_id\":\"2379\",\"event_type\":\"vbIdSellingIdInventoryUpdated/1\",\"update_at\":1564375776,\"stream_sequence_number\":133,\"event_data\":\"{\\\"id\\\":\\\"647dd16dacf74cb392e4d62323f03a9f\\\",\\\"vbId\\\":\\\"PantherMigrationVbId\\\",\\\"sellingId\\\":\\\"6BD7818B1EC84C6BA371E95129767FB2\\\",\\\"merchantId\\\":\\\"9fc08905039048918982091f266c2a29\\\",\\\"skuId\\\":\\\"PantherMigrationSkuId\\\",\\\"f\\\":0,\\\"fnId\\\":\\\"2379\\\",\\\"by\\\":\\\"Killmonger.Migration.MapInWalmartInvUpdates\\\",\\\"at\\\":\\\"2019-07-29T04:49:36.226+00:00\\\",\\\"invUssn\\\":0,\\\"isInf\\\":false,\\\"ifa\\\":true,\\\"martAvail\\\":[{\\\"martId\\\":\\\"21\\\",\\\"ia\\\":true},{\\\"martId\\\":\\\"0\\\",\\\"ia\\\":true}],\\\"clt\\\":\\\"WoJ\\\"}\"}"}
{"id":"fcd9c1ab0733453aba9d16af57992312","table":"killmonger_events_table","keyspace":"msku","timestamp":"2019-07-29T05:44:36.960Z","clusteringKeys":["fb72b6f9c1e54625a551711f6ee72714","vbIdSellingIdInventoryUpdated/1","1564378274"],"changedColumns":["selling_id","fulfillment_node_id","event_type","update_at","stream_sequence_number","event_data"],"record":"{\"selling_id\":\"fcd9c1ab0733453aba9d16af57992312\",\"fulfillment_node_id\":\"fb72b6f9c1e54625a551711f6ee72714\",\"event_type\":\"vbIdSellingIdInventoryUpdated/1\",\"update_at\":1564378274,\"stream_sequence_number\":39,\"event_data\":\"{\\\"id\\\":\\\"547383a6b4b84b0f829ce3785e66dc85\\\",\\\"vbId\\\":\\\"fcd9c1ab0733453aba9d16af57992312\\\",\\\"sellingId\\\":\\\"fcd9c1ab0733453aba9d16af57992312\\\",\\\"merchantId\\\":\\\"e43cf7756d0b4ba8a4e9046774656ce8\\\",\\\"skuId\\\":\\\"fcd9c1ab0733453aba9d16af57992312\\\",\\\"f\\\":127,\\\"fnId\\\":\\\"fb72b6f9c1e54625a551711f6ee72714\\\",\\\"fnType\\\":\\\"wolverine\\\",\\\"by\\\":\\\"Vibranium\\\",\\\"at\\\":\\\"2019-07-29T05:31:14+00:00\\\",\\\"invUssn\\\":46,\\\"isInf\\\":false,\\\"ifa\\\":true,\\\"martAvail\\\":[{\\\"martId\\\":\\\"21\\\",\\\"ia\\\":true}],\\\"clt\\\":\\\"JoJ\\\"}\"}"}
{"id":"fcd9c1ab0733453aba9d16af57992312","table":"killmonger_events_table","keyspace":"msku","timestamp":"2019-07-29T05:44:36.960Z","clusteringKeys":["fb72b6f9c1e54625a551711f6ee72714","updateVbIdSellingIdInventorySkipped/1","1564378274"],"changedColumns":["selling_id","fulfillment_node_id","event_type","update_at","stream_sequence_number","event_data"],"record":"{\"selling_id\":\"fcd9c1ab0733453aba9d16af57992312\",\"fulfillment_node_id\":\"fb72b6f9c1e54625a551711f6ee72714\",\"event_type\":\"updateVbIdSellingIdInventorySkipped/1\",\"update_at\":1564378274,\"stream_sequence_number\":40,\"event_data\":\"{\\\"id\\\":\\\"547383a6b4b84b0f829ce3785e66dc85\\\",\\\"vbId\\\":\\\"fcd9c1ab0733453aba9d16af57992312\\\",\\\"sellingId\\\":\\\"fcd9c1ab0733453aba9d16af57992312\\\",\\\"merchantId\\\":\\\"e43cf7756d0b4ba8a4e9046774656ce8\\\",\\\"skuId\\\":\\\"fcd9c1ab0733453aba9d16af57992312\\\",\\\"f\\\":127,\\\"fnId\\\":\\\"fb72b6f9c1e54625a551711f6ee72714\\\",\\\"fnType\\\":\\\"wolverine\\\",\\\"by\\\":\\\"Vibranium\\\",\\\"at\\\":\\\"2019-07-29T05:31:14+00:00\\\",\\\"invUssn\\\":46,\\\"isInf\\\":false}\"}"}
{"id":"8B8F3B4C97B64CC28943E422851DF7E6","table":"killmonger_events_table","keyspace":"msku","timestamp":"2019-07-29T05:45:02.376Z","clusteringKeys":["4916","vbIdSellingIdInventoryUpdated/1","1564378910"],"changedColumns":["selling_id","fulfillment_node_id","event_type","update_at","stream_sequence_number","event_data"],"record":"{\"selling_id\":\"8B8F3B4C97B64CC28943E422851DF7E6\",\"fulfillment_node_id\":\"4916\",\"event_type\":\"vbIdSellingIdInventoryUpdated/1\",\"update_at\":1564378910,\"stream_sequence_number\":129,\"event_data\":\"{\\\"id\\\":\\\"033a27790a354d6a8409dba2f3fe9c3b\\\",\\\"vbId\\\":\\\"PantherMigrationVbId\\\",\\\"sellingId\\\":\\\"8B8F3B4C97B64CC28943E422851DF7E6\\\",\\\"merchantId\\\":\\\"9fc08905039048918982091f266c2a29\\\",\\\"skuId\\\":\\\"PantherMigrationSkuId\\\",\\\"f\\\":0,\\\"fnId\\\":\\\"4916\\\",\\\"by\\\":\\\"Killmonger.Migration.MapInWalmartInvUpdates\\\",\\\"at\\\":\\\"2019-07-29T05:41:50.395+00:00\\\",\\\"invUssn\\\":0,\\\"isInf\\\":false,\\\"ifa\\\":true,\\\"martAvail\\\":[{\\\"martId\\\":\\\"21\\\",\\\"ia\\\":true},{\\\"martId\\\":\\\"0\\\",\\\"ia\\\":true}],\\\"clt\\\":\\\"WoJ\\\"}\"}"}
{"id":"8B8F3B4C97B64CC28943E422851DF7E6","table":"killmonger_events_table","keyspace":"msku","timestamp":"2019-07-29T05:45:02.377Z","clusteringKeys":["4916","vbIdSellingIdInventoryUpdated/1","1564378910"],"changedColumns":["selling_id","fulfillment_node_id","event_type","update_at","stream_sequence_number","event_data"],"record":"{\"selling_id\":\"8B8F3B4C97B64CC28943E422851DF7E6\",\"fulfillment_node_id\":\"4916\",\"event_type\":\"vbIdSellingIdInventoryUpdated/1\",\"update_at\":1564378910,\"stream_sequence_number\":130,\"event_data\":\"{\\\"id\\\":\\\"033a27790a354d6a8409dba2f3fe9c3b\\\",\\\"vbId\\\":\\\"PantherMigrationVbId\\\",\\\"sellingId\\\":\\\"8B8F3B4C97B64CC28943E422851DF7E6\\\",\\\"merchantId\\\":\\\"9fc08905039048918982091f266c2a29\\\",\\\"skuId\\\":\\\"PantherMigrationSkuId\\\",\\\"f\\\":0,\\\"fnId\\\":\\\"4916\\\",\\\"by\\\":\\\"Killmonger.Migration.MapInWalmartInvUpdates\\\",\\\"at\\\":\\\"2019-07-29T05:41:50.395+00:00\\\",\\\"invUssn\\\":0,\\\"isInf\\\":false,\\\"ifa\\\":true,\\\"martAvail\\\":[{\\\"martId\\\":\\\"21\\\",\\\"ia\\\":true},{\\\"martId\\\":\\\"0\\\",\\\"ia\\\":true}],\\\"clt\\\":\\\"WoJ\\\"}\"}"}
{"id":"cde303cc72214083a040d0b0fbf80fb1","table":"killmonger_events_table","keyspace":"msku","timestamp":"2019-07-29T05:45:03.441Z","clusteringKeys":["fb72b6f9c1e54625a551711f6ee72714","vbIdSellingIdInventoryUpdated/1","1564378274"],"changedColumns":["selling_id","fulfillment_node_id","event_type","update_at","stream_sequence_number","event_data"],"record":"{\"selling_id\":\"cde303cc72214083a040d0b0fbf80fb1\",\"fulfillment_node_id\":\"fb72b6f9c1e54625a551711f6ee72714\",\"event_type\":\"vbIdSellingIdInventoryUpdated/1\",\"update_at\":1564378274,\"stream_sequence_number\":39,\"event_data\":\"{\\\"id\\\":\\\"a5779cd7a57741c9b1a840de7ea7003a\\\",\\\"vbId\\\":\\\"cde303cc72214083a040d0b0fbf80fb1\\\",\\\"sellingId\\\":\\\"cde303cc72214083a040d0b0fbf80fb1\\\",\\\"merchantId\\\":\\\"e43cf7756d0b4ba8a4e9046774656ce8\\\",\\\"skuId\\\":\\\"cde303cc72214083a040d0b0fbf80fb1\\\",\\\"f\\\":109,\\\"fnId\\\":\\\"fb72b6f9c1e54625a551711f6ee72714\\\",\\\"fnType\\\":\\\"wolverine\\\",\\\"by\\\":\\\"Vibranium\\\",\\\"at\\\":\\\"2019-07-29T05:31:14+00:00\\\",\\\"invUssn\\\":48,\\\"isInf\\\":false,\\\"ifa\\\":true,\\\"martAvail\\\":[{\\\"martId\\\":\\\"21\\\",\\\"ia\\\":true}],\\\"clt\\\":\\\"JoJ\\\"}\"}"}
{"id":"83FA0D3B55D943ABB34EBC98832CADE9","table":"killmonger_events_table","keyspace":"msku","timestamp":"2019-07-29T05:40:44.626Z","clusteringKeys":["10000002447","updateVbIdSellingIdInventorySkipped/1","1564375289"],"changedColumns":["selling_id","fulfillment_node_id","event_type","update_at","stream_sequence_number","event_data"],"record":"{\"selling_id\":\"83FA0D3B55D943ABB34EBC98832CADE9\",\"fulfillment_node_id\":\"10000002447\",\"event_type\":\"updateVbIdSellingIdInventorySkipped/1\",\"update_at\":1564375289,\"stream_sequence_number\":5638,\"event_data\":\"{\\\"id\\\":\\\"c8394e0a497043189ce52f0642250f76\\\",\\\"vbId\\\":\\\"020704-2287\\\",\\\"sellingId\\\":\\\"83FA0D3B55D943ABB34EBC98832CADE9\\\",\\\"merchantId\\\":\\\"2287\\\",\\\"skuId\\\":\\\"020704\\\",\\\"f\\\":1,\\\"fnId\\\":\\\"10000002447\\\",\\\"fnType\\\":\\\"MARKETPLACE\\\",\\\"by\\\":\\\"Vibranium\\\",\\\"at\\\":\\\"2019-07-29T04:41:29+00:00\\\",\\\"invUssn\\\":4738,\\\"catUssn\\\":3,\\\"isInf\\\":false}\"}"}
{"id":"d5f40db8490d4ffe92ed50675ae62367","table":"killmonger_events_table","keyspace":"msku","timestamp":"2019-07-29T05:40:44.626Z","clusteringKeys":["fb72b6f9c1e54625a551711f6ee72714","vbIdSellingIdInventoryUpdated/1","1564375935"],"changedColumns":["selling_id","fulfillment_node_id","event_type","update_at","stream_sequence_number","event_data"],"record":"{\"selling_id\":\"d5f40db8490d4ffe92ed50675ae62367\",\"fulfillment_node_id\":\"fb72b6f9c1e54625a551711f6ee72714\",\"event_type\":\"vbIdSellingIdInventoryUpdated/1\",\"update_at\":1564375935,\"stream_sequence_number\":41,\"event_data\":\"{\\\"id\\\":\\\"5f7ec119854842e8a1d307bed417bd47\\\",\\\"vbId\\\":\\\"d5f40db8490d4ffe92ed50675ae62367\\\",\\\"sellingId\\\":\\\"d5f40db8490d4ffe92ed50675ae62367\\\",\\\"merchantId\\\":\\\"e43cf7756d0b4ba8a4e9046774656ce8\\\",\\\"skuId\\\":\\\"d5f40db8490d4ffe92ed50675ae62367\\\",\\\"f\\\":147,\\\"fnId\\\":\\\"fb72b6f9c1e54625a551711f6ee72714\\\",\\\"fnType\\\":\\\"wolverine\\\",\\\"by\\\":\\\"Vibranium\\\",\\\"at\\\":\\\"2019-07-29T04:52:15+00:00\\\",\\\"invUssn\\\":51,\\\"isInf\\\":false,\\\"ifa\\\":true,\\\"martAvail\\\":[{\\\"martId\\\":\\\"21\\\",\\\"ia\\\":true}],\\\"clt\\\":\\\"JoJ\\\"}\"}"}
{"id":"97D27754D37D4F41B4267718AFFE06C8","table":"killmonger_events_table","keyspace":"msku","timestamp":"2019-07-29T05:45:02.390Z","clusteringKeys":["10000002039","updateVbIdSellingIdInventorySkipped/1","1564375414"],"changedColumns":["selling_id","fulfillment_node_id","event_type","update_at","stream_sequence_number","event_data"],"record":"{\"selling_id\":\"97D27754D37D4F41B4267718AFFE06C8\",\"fulfillment_node_id\":\"10000002039\",\"event_type\":\"updateVbIdSellingIdInventorySkipped/1\",\"update_at\":1564375414,\"stream_sequence_number\":7,\"event_data\":\"{\\\"id\\\":\\\"1ef5230ca2da4df98fd9af955df96e89\\\",\\\"vbId\\\":\\\"PR-0726-7-2096\\\",\\\"sellingId\\\":\\\"97D27754D37D4F41B4267718AFFE06C8\\\",\\\"merchantId\\\":\\\"2096\\\",\\\"skuId\\\":\\\"PR-0726-7\\\",\\\"f\\\":10,\\\"fnId\\\":\\\"10000002039\\\",\\\"fnType\\\":\\\"MARKETPLACE\\\",\\\"by\\\":\\\"Vibranium\\\",\\\"at\\\":\\\"2019-07-29T04:43:34+00:00\\\",\\\"invUssn\\\":4,\\\"catUssn\\\":0,\\\"isInf\\\":false}\"}"}
{"id":"95746b08c34544e3b4c556064ae3d248","table":"killmonger_events_table","keyspace":"msku","timestamp":"2019-07-29T05:45:02.404Z","clusteringKeys":["fb72b6f9c1e54625a551711f6ee72714","updateVbIdSellingIdInventorySkipped/1","1564378274"],"changedColumns":["selling_id","fulfillment_node_id","event_type","update_at","stream_sequence_number","event_data"],"record":"{\"selling_id\":\"95746b08c34544e3b4c556064ae3d248\",\"fulfillment_node_id\":\"fb72b6f9c1e54625a551711f6ee72714\",\"event_type\":\"updateVbIdSellingIdInventorySkipped/1\",\"update_at\":1564378274,\"stream_sequence_number\":45,\"event_data\":\"{\\\"id\\\":\\\"36a8d7fd12054e1f8b58d5ed3d39a15d\\\",\\\"vbId\\\":\\\"95746b08c34544e3b4c556064ae3d248\\\",\\\"sellingId\\\":\\\"95746b08c34544e3b4c556064ae3d248\\\",\\\"merchantId\\\":\\\"e43cf7756d0b4ba8a4e9046774656ce8\\\",\\\"skuId\\\":\\\"95746b08c34544e3b4c556064ae3d248\\\",\\\"f\\\":125,\\\"fnId\\\":\\\"fb72b6f9c1e54625a551711f6ee72714\\\",\\\"fnType\\\":\\\"wolverine\\\",\\\"by\\\":\\\"Vibranium\\\",\\\"at\\\":\\\"2019-07-29T05:31:14+00:00\\\",\\\"invUssn\\\":55,\\\"isInf\\\":false}\"}"}
{"id":"616090b40f7743aa88542c6502895458","table":"killmonger_events_table","keyspace":"msku","timestamp":"2019-07-29T05:45:02.407Z","clusteringKeys":["fb72b6f9c1e54625a551711f6ee72714","vbIdSellingIdInventoryUpdated/1","1564378075"],"changedColumns":["selling_id","fulfillment_node_id","event_type","update_at","stream_sequence_number","event_data"],"record":"{\"selling_id\":\"616090b40f7743aa88542c6502895458\",\"fulfillment_node_id\":\"fb72b6f9c1e54625a551711f6ee72714\",\"event_type\":\"vbIdSellingIdInventoryUpdated/1\",\"update_at\":1564378075,\"stream_sequence_number\":46,\"event_data\":\"{\\\"id\\\":\\\"fa5c88b8d5f149839dd8f99fd749b182\\\",\\\"vbId\\\":\\\"616090b40f7743aa88542c6502895458\\\",\\\"sellingId\\\":\\\"616090b40f7743aa88542c6502895458\\\",\\\"merchantId\\\":\\\"e43cf7756d0b4ba8a4e9046774656ce8\\\",\\\"skuId\\\":\\\"616090b40f7743aa88542c6502895458\\\",\\\"f\\\":126,\\\"fnId\\\":\\\"fb72b6f9c1e54625a551711f6ee72714\\\",\\\"fnType\\\":\\\"wolverine\\\",\\\"by\\\":\\\"Vibranium\\\",\\\"at\\\":\\\"2019-07-29T05:27:55+00:00\\\",\\\"invUssn\\\":50,\\\"isInf\\\":false,\\\"ifa\\\":true,\\\"martAvail\\\":[{\\\"martId\\\":\\\"21\\\",\\\"ia\\\":true}],\\\"clt\\\":\\\"JoJ\\\"}\"}"}
{"id":"12b4588c7c7c46a7969f880fd0e4947b","table":"killmonger_events_table","keyspace":"msku","timestamp":"2019-07-29T05:40:44.648Z","clusteringKeys":["fb72b6f9c1e54625a551711f6ee72714","updateVbIdSellingIdInventorySkipped/1","1564378075"],"changedColumns":["selling_id","fulfillment_node_id","event_type","update_at","stream_sequence_number","event_data"],"record":"{\"selling_id\":\"12b4588c7c7c46a7969f880fd0e4947b\",\"fulfillment_node_id\":\"fb72b6f9c1e54625a551711f6ee72714\",\"event_type\":\"updateVbIdSellingIdInventorySkipped/1\",\"update_at\":1564378075,\"stream_sequence_number\":42,\"event_data\":\"{\\\"id\\\":\\\"56e779bf23644f14b80df28cc29892ae\\\",\\\"vbId\\\":\\\"12b4588c7c7c46a7969f880fd0e4947b\\\",\\\"sellingId\\\":\\\"12b4588c7c7c46a7969f880fd0e4947b\\\",\\\"merchantId\\\":\\\"e43cf7756d0b4ba8a4e9046774656ce8\\\",\\\"skuId\\\":\\\"12b4588c7c7c46a7969f880fd0e4947b\\\",\\\"f\\\":117,\\\"fnId\\\":\\\"fb72b6f9c1e54625a551711f6ee72714\\\",\\\"fnType\\\":\\\"wolverine\\\",\\\"by\\\":\\\"Vibranium\\\",\\\"at\\\":\\\"2019-07-29T05:27:55+00:00\\\",\\\"invUssn\\\":49,\\\"isInf\\\":false}\"}"}
{"id":"8d3e7ce2a800432497f0c4c464b0e568","table":"killmonger_events_table","keyspace":"msku","timestamp":"2019-07-29T05:45:03.462Z","clusteringKeys":["d74644f3e2764bc7a752cc3d0dddeac3","vbIdSellingIdInventoryUpdated/1","1564377966"],"changedColumns":["selling_id","fulfillment_node_id","event_type","update_at","stream_sequence_number","event_data"],"record":"{\"selling_id\":\"8d3e7ce2a800432497f0c4c464b0e568\",\"fulfillment_node_id\":\"d74644f3e2764bc7a752cc3d0dddeac3\",\"event_type\":\"vbIdSellingIdInventoryUpdated/1\",\"update_at\":1564377966,\"stream_sequence_number\":181,\"event_data\":\"{\\\"id\\\":\\\"6a8fd40320d6467fb19c303d7e990b0e\\\",\\\"vbId\\\":\\\"8d3e7ce2a800432497f0c4c464b0e568\\\",\\\"sellingId\\\":\\\"8d3e7ce2a800432497f0c4c464b0e568\\\",\\\"merchantId\\\":\\\"1b52e9263d164760a27ad9f07fec8abb\\\",\\\"skuId\\\":\\\"8d3e7ce2a800432497f0c4c464b0e568\\\",\\\"f\\\":7,\\\"fnId\\\":\\\"d74644f3e2764bc7a752cc3d0dddeac3\\\",\\\"fnType\\\":\\\"wolverine\\\",\\\"by\\\":\\\"Vibranium\\\",\\\"at\\\":\\\"2019-07-29T05:26:06+00:00\\\",\\\"invUssn\\\":141,\\\"isInf\\\":false,\\\"ifa\\\":true,\\\"martAvail\\\":[{\\\"martId\\\":\\\"21\\\",\\\"ia\\\":true}],\\\"clt\\\":\\\"JoJ\\\"}\"}"}
{"id":"8d3e7ce2a800432497f0c4c464b0e568","table":"killmonger_events_table","keyspace":"msku","timestamp":"2019-07-29T05:45:03.462Z","clusteringKeys":["d74644f3e2764bc7a752cc3d0dddeac3","updateVbIdSellingIdInventorySkipped/1","1564377966"],"changedColumns":["selling_id","fulfillment_node_id","event_type","update_at","stream_sequence_number","event_data"],"record":"{\"selling_id\":\"8d3e7ce2a800432497f0c4c464b0e568\",\"fulfillment_node_id\":\"d74644f3e2764bc7a752cc3d0dddeac3\",\"event_type\":\"updateVbIdSellingIdInventorySkipped/1\",\"update_at\":1564377966,\"stream_sequence_number\":182,\"event_data\":\"{\\\"id\\\":\\\"6a8fd40320d6467fb19c303d7e990b0e\\\",\\\"vbId\\\":\\\"8d3e7ce2a800432497f0c4c464b0e568\\\",\\\"sellingId\\\":\\\"8d3e7ce2a800432497f0c4c464b0e568\\\",\\\"merchantId\\\":\\\"1b52e9263d164760a27ad9f07fec8abb\\\",\\\"skuId\\\":\\\"8d3e7ce2a800432497f0c4c464b0e568\\\",\\\"f\\\":7,\\\"fnId\\\":\\\"d74644f3e2764bc7a752cc3d0dddeac3\\\",\\\"fnType\\\":\\\"wolverine\\\",\\\"by\\\":\\\"Vibranium\\\",\\\"at\\\":\\\"2019-07-29T05:26:06+00:00\\\",\\\"invUssn\\\":141,\\\"isInf\\\":false}\"}"}
{"id":"C551CB1929D045028DBADBBB1570E944","table":"killmonger_events_table","keyspace":"msku","timestamp":"2019-07-29T05:45:03.462Z","clusteringKeys":["2750","vbIdSellingIdInventoryUpdated/1","1564378913"],"changedColumns":["selling_id","fulfillment_node_id","event_type","update_at","stream_sequence_number","event_data"],"record":"{\"selling_id\":\"C551CB1929D045028DBADBBB1570E944\",\"fulfillment_node_id\":\"2750\",\"event_type\":\"vbIdSellingIdInventoryUpdated/1\",\"update_at\":1564378913,\"stream_sequence_number\":96,\"event_data\":\"{\\\"id\\\":\\\"2c8115b98bf2415b810a7c2ccbe1d6c0\\\",\\\"vbId\\\":\\\"PantherMigrationVbId\\\",\\\"sellingId\\\":\\\"C551CB1929D045028DBADBBB1570E944\\\",\\\"merchantId\\\":\\\"9fc08905039048918982091f266c2a29\\\",\\\"skuId\\\":\\\"PantherMigrationSkuId\\\",\\\"f\\\":0,\\\"fnId\\\":\\\"2750\\\",\\\"by\\\":\\\"Killmonger.Migration.MapInWalmartInvUpdates\\\",\\\"at\\\":\\\"2019-07-29T05:41:53.341+00:00\\\",\\\"invUssn\\\":0,\\\"isInf\\\":false,\\\"ifa\\\":true,\\\"martAvail\\\":[{\\\"martId\\\":\\\"21\\\",\\\"ia\\\":true},{\\\"martId\\\":\\\"0\\\",\\\"ia\\\":true}],\\\"clt\\\":\\\"WoJ\\\"}\"}"}
{"id":"F7032239135442D6838EED2DF149582C","table":"killmonger_events_table","keyspace":"msku","timestamp":"2019-07-29T05:44:36.992Z","clusteringKeys":["2378","vbIdSellingIdInventoryUpdated/1","1564378908"],"changedColumns":["selling_id","fulfillment_node_id","event_type","update_at","stream_sequence_number","event_data"],"record":"{\"selling_id\":\"F7032239135442D6838EED2DF149582C\",\"fulfillment_node_id\":\"2378\",\"event_type\":\"vbIdSellingIdInventoryUpdated/1\",\"update_at\":1564378908,\"stream_sequence_number\":95,\"event_data\":\"{\\\"id\\\":\\\"9cae988c815a45aab392c980aa4dca7d\\\",\\\"vbId\\\":\\\"PantherMigrationVbId\\\",\\\"sellingId\\\":\\\"F7032239135442D6838EED2DF149582C\\\",\\\"merchantId\\\":\\\"9fc08905039048918982091f266c2a29\\\",\\\"skuId\\\":\\\"PantherMigrationSkuId\\\",\\\"f\\\":0,\\\"fnId\\\":\\\"2378\\\",\\\"by\\\":\\\"Killmonger.Migration.MapInWalmartInvUpdates\\\",\\\"at\\\":\\\"2019-07-29T05:41:48.865+00:00\\\",\\\"invUssn\\\":0,\\\"isInf\\\":false,\\\"ifa\\\":true,\\\"martAvail\\\":[{\\\"martId\\\":\\\"21\\\",\\\"ia\\\":true},{\\\"martId\\\":\\\"0\\\",\\\"ia\\\":true}],\\\"clt\\\":\\\"WoJ\\\"}\"}"}
{"id":"F7032239135442D6838EED2DF149582C","table":"killmonger_events_table","keyspace":"msku","timestamp":"2019-07-29T05:44:36.993Z","clusteringKeys":["2378","vbIdSellingIdInventoryUpdated/1","1564378908"],"changedColumns":["selling_id","fulfillment_node_id","event_type","update_at","stream_sequence_number","event_data"],"record":"{\"selling_id\":\"F7032239135442D6838EED2DF149582C\",\"fulfillment_node_id\":\"2378\",\"event_type\":\"vbIdSellingIdInventoryUpdated/1\",\"update_at\":1564378908,\"stream_sequence_number\":96,\"event_data\":\"{\\\"id\\\":\\\"9cae988c815a45aab392c980aa4dca7d\\\",\\\"vbId\\\":\\\"PantherMigrationVbId\\\",\\\"sellingId\\\":\\\"F7032239135442D6838EED2DF149582C\\\",\\\"merchantId\\\":\\\"9fc08905039048918982091f266c2a29\\\",\\\"skuId\\\":\\\"PantherMigrationSkuId\\\",\\\"f\\\":0,\\\"fnId\\\":\\\"2378\\\",\\\"by\\\":\\\"Killmonger.Migration.MapInWalmartInvUpdates\\\",\\\"at\\\":\\\"2019-07-29T05:41:48.865+00:00\\\",\\\"invUssn\\\":0,\\\"isInf\\\":false,\\\"ifa\\\":true,\\\"martAvail\\\":[{\\\"martId\\\":\\\"21\\\",\\\"ia\\\":true},{\\\"martId\\\":\\\"0\\\",\\\"ia\\\":true}],\\\"clt\\\":\\\"WoJ\\\"}\"}"}
{"id":"0e5288177dfc4e2bb6cbdc31544d25d7","table":"killmonger_events_table","keyspace":"msku","timestamp":"2019-07-29T05:44:36.993Z","clusteringKeys":["d907e6dfdf3d411d98e2aeae7e73e1ae","vbIdSellingIdInventoryUpdated/1","1564377867"],"changedColumns":["selling_id","fulfillment_node_id","event_type","update_at","stream_sequence_number","event_data"],"record":"{\"selling_id\":\"0e5288177dfc4e2bb6cbdc31544d25d7\",\"fulfillment_node_id\":\"d907e6dfdf3d411d98e2aeae7e73e1ae\",\"event_type\":\"vbIdSellingIdInventoryUpdated/1\",\"update_at\":1564377867,\"stream_sequence_number\":229,\"event_data\":\"{\\\"id\\\":\\\"4e78e7db877a44bc9ccfc231f825cef4\\\",\\\"vbId\\\":\\\"0e5288177dfc4e2bb6cbdc31544d25d7\\\",\\\"sellingId\\\":\\\"0e5288177dfc4e2bb6cbdc31544d25d7\\\",\\\"merchantId\\\":\\\"bf9078c421e242358ecaf838d145c500\\\",\\\"skuId\\\":\\\"0e5288177dfc4e2bb6cbdc31544d25d7\\\",\\\"f\\\":10,\\\"fnId\\\":\\\"d907e6dfdf3d411d98e2aeae7e73e1ae\\\",\\\"fnType\\\":\\\"wolverine\\\",\\\"by\\\":\\\"Vibranium\\\",\\\"at\\\":\\\"2019-07-29T05:24:27+00:00\\\",\\\"invUssn\\\":246,\\\"isInf\\\":false,\\\"ifa\\\":true,\\\"martAvail\\\":[{\\\"martId\\\":\\\"21\\\",\\\"ia\\\":true}],\\\"clt\\\":\\\"JoJ\\\"}\"}"}
{"id":"84314886625f4eb6a93b916fe8c82108","table":"killmonger_events_table","keyspace":"msku","timestamp":"2019-07-29T05:45:03.467Z","clusteringKeys":["3cbcc7e28aac4f6fb0a8cde4e85483c0","updateVbIdSellingIdInventorySkipped/1","1564375365"],"changedColumns":["selling_id","fulfillment_node_id","event_type","update_at","stream_sequence_number","event_data"],"record":"{\"selling_id\":\"84314886625f4eb6a93b916fe8c82108\",\"fulfillment_node_id\":\"3cbcc7e28aac4f6fb0a8cde4e85483c0\",\"event_type\":\"updateVbIdSellingIdInventorySkipped/1\",\"update_at\":1564375365,\"stream_sequence_number\":94,\"event_data\":\"{\\\"id\\\":\\\"3854e45efcb54c96824576d1b83753d6\\\",\\\"vbId\\\":\\\"84314886625f4eb6a93b916fe8c82108\\\",\\\"sellingId\\\":\\\"84314886625f4eb6a93b916fe8c82108\\\",\\\"merchantId\\\":\\\"7eaf70709bf149f890dc3a845871dab4\\\",\\\"skuId\\\":\\\"84314886625f4eb6a93b916fe8c82108\\\",\\\"f\\\":559,\\\"fnId\\\":\\\"3cbcc7e28aac4f6fb0a8cde4e85483c0\\\",\\\"fnType\\\":\\\"wolverine\\\",\\\"by\\\":\\\"Vibranium\\\",\\\"at\\\":\\\"2019-07-29T04:42:45+00:00\\\",\\\"invUssn\\\":67,\\\"isInf\\\":false}\"}"}
{"id":"84314886625f4eb6a93b916fe8c82108","table":"killmonger_events_table","keyspace":"msku","timestamp":"2019-07-29T05:45:03.468Z","clusteringKeys":["3cbcc7e28aac4f6fb0a8cde4e85483c0","updateVbIdSellingIdInventorySkipped/1","1564375365"],"changedColumns":["selling_id","fulfillment_node_id","event_type","update_at","stream_sequence_number","event_data"],"record":"{\"selling_id\":\"84314886625f4eb6a93b916fe8c82108\",\"fulfillment_node_id\":\"3cbcc7e28aac4f6fb0a8cde4e85483c0\",\"event_type\":\"updateVbIdSellingIdInventorySkipped/1\",\"update_at\":1564375365,\"stream_sequence_number\":95,\"event_data\":\"{\\\"id\\\":\\\"2b1235045c5d4849825ca896679044f6\\\",\\\"vbId\\\":\\\"84314886625f4eb6a93b916fe8c82108\\\",\\\"sellingId\\\":\\\"84314886625f4eb6a93b916fe8c82108\\\",\\\"merchantId\\\":\\\"7eaf70709bf149f890dc3a845871dab4\\\",\\\"skuId\\\":\\\"84314886625f4eb6a93b916fe8c82108\\\",\\\"f\\\":559,\\\"fnId\\\":\\\"3cbcc7e28aac4f6fb0a8cde4e85483c0\\\",\\\"fnType\\\":\\\"wolverine\\\",\\\"by\\\":\\\"Vibranium\\\",\\\"at\\\":\\\"2019-07-29T04:42:45+00:00\\\",\\\"invUssn\\\":67,\\\"isInf\\\":false}\"}"}
{"id":"3130FD9C6BC447CC990B2858148A93CE","table":"killmonger_events_table","keyspace":"msku","timestamp":"2019-07-29T05:44:36.994Z","clusteringKeys":["10000003969","updateVbIdSellingIdInventorySkipped/1","1564378236"],"changedColumns":["selling_id","fulfillment_node_id","event_type","update_at","stream_sequence_number","event_data"],"record":"{\"selling_id\":\"3130FD9C6BC447CC990B2858148A93CE\",\"fulfillment_node_id\":\"10000003969\",\"event_type\":\"updateVbIdSellingIdInventorySkipped/1\",\"update_at\":1564378236,\"stream_sequence_number\":13577,\"event_data\":\"{\\\"id\\\":\\\"3d8e0a36a0864144946dd66b012b8658\\\",\\\"vbId\\\":\\\"HD10S-4048\\\",\\\"sellingId\\\":\\\"3130FD9C6BC447CC990B2858148A93CE\\\",\\\"merchantId\\\":\\\"4048\\\",\\\"skuId\\\":\\\"HD10S\\\",\\\"f\\\":1,\\\"fnId\\\":\\\"10000003969\\\",\\\"fnType\\\":\\\"MARKETPLACE\\\",\\\"by\\\":\\\"Vibranium\\\",\\\"at\\\":\\\"2019-07-29T05:30:36+00:00\\\",\\\"invUssn\\\":14903,\\\"catUssn\\\":139,\\\"isInf\\\":false}\"}"}
{"id":"3130FD9C6BC447CC990B2858148A93CE","table":"killmonger_events_table","keyspace":"msku","timestamp":"2019-07-29T05:44:36.994Z","clusteringKeys":["10000003969","updateVbIdSellingIdInventorySkipped/1","1564378236"],"changedColumns":["selling_id","fulfillment_node_id","event_type","update_at","stream_sequence_number","event_data"],"record":"{\"selling_id\":\"3130FD9C6BC447CC990B2858148A93CE\",\"fulfillment_node_id\":\"10000003969\",\"event_type\":\"updateVbIdSellingIdInventorySkipped/1\",\"update_at\":1564378236,\"stream_sequence_number\":13578,\"event_data\":\"{\\\"id\\\":\\\"3d8e0a36a0864144946dd66b012b8658\\\",\\\"vbId\\\":\\\"HD10S-4048\\\",\\\"sellingId\\\":\\\"3130FD9C6BC447CC990B2858148A93CE\\\",\\\"merchantId\\\":\\\"4048\\\",\\\"skuId\\\":\\\"HD10S\\\",\\\"f\\\":1,\\\"fnId\\\":\\\"10000003969\\\",\\\"fnType\\\":\\\"MARKETPLACE\\\",\\\"by\\\":\\\"Vibranium\\\",\\\"at\\\":\\\"2019-07-29T05:30:36+00:00\\\",\\\"invUssn\\\":14903,\\\"catUssn\\\":139,\\\"isInf\\\":false}\"}"}
{"id":"CE3FB1D4141E4844B5801EEF3E1F4CBF","table":"killmonger_events_table","keyspace":"msku","timestamp":"2019-07-29T05:45:02.417Z","clusteringKeys":["10000004915","vbIdSellingIdInventoryUpdated/1","1564378186"],"changedColumns":["selling_id","fulfillment_node_id","event_type","update_at","stream_sequence_number","event_data"],"record":"{\"selling_id\":\"CE3FB1D4141E4844B5801EEF3E1F4CBF\",\"fulfillment_node_id\":\"10000004915\",\"event_type\":\"vbIdSellingIdInventoryUpdated/1\",\"update_at\":1564378186,\"stream_sequence_number\":2831,\"event_data\":\"{\\\"id\\\":\\\"507010e409b647c49dbc061375620092\\\",\\\"vbId\\\":\\\"WALIZC24MP2-4787\\\",\\\"sellingId\\\":\\\"CE3FB1D4141E4844B5801EEF3E1F4CBF\\\",\\\"merchantId\\\":\\\"4787\\\",\\\"skuId\\\":\\\"WALIZC24MP2\\\",\\\"f\\\":1,\\\"fnId\\\":\\\"10000004915\\\",\\\"fnType\\\":\\\"MARKETPLACE\\\",\\\"by\\\":\\\"Vibranium\\\",\\\"at\\\":\\\"2019-07-29T05:29:46+00:00\\\",\\\"invUssn\\\":2299,\\\"catUssn\\\":2,\\\"isInf\\\":false,\\\"ifa\\\":true,\\\"martAvail\\\":[{\\\"martId\\\":\\\"0\\\",\\\"ia\\\":true}],\\\"clt\\\":\\\"WoW\\\"}\"}"}
{"id":"CE3FB1D4141E4844B5801EEF3E1F4CBF","table":"killmonger_events_table","keyspace":"msku","timestamp":"2019-07-29T05:45:02.417Z","clusteringKeys":["10000004915","updateVbIdSellingIdInventorySkipped/1","1564378186"],"changedColumns":["selling_id","fulfillment_node_id","event_type","update_at","stream_sequence_number","event_data"],"record":"{\"selling_id\":\"CE3FB1D4141E4844B5801EEF3E1F4CBF\",\"fulfillment_node_id\":\"10000004915\",\"event_type\":\"updateVbIdSellingIdInventorySkipped/1\",\"update_at\":1564378186,\"stream_sequence_number\":2832,\"event_data\":\"{\\\"id\\\":\\\"507010e409b647c49dbc061375620092\\\",\\\"vbId\\\":\\\"WALIZC24MP2-4787\\\",\\\"sellingId\\\":\\\"CE3FB1D4141E4844B5801EEF3E1F4CBF\\\",\\\"merchantId\\\":\\\"4787\\\",\\\"skuId\\\":\\\"WALIZC24MP2\\\",\\\"f\\\":1,\\\"fnId\\\":\\\"10000004915\\\",\\\"fnType\\\":\\\"MARKETPLACE\\\",\\\"by\\\":\\\"Vibranium\\\",\\\"at\\\":\\\"2019-07-29T05:29:46+00:00\\\",\\\"invUssn\\\":2299,\\\"catUssn\\\":2,\\\"isInf\\\":false}\"}"}
{"id":"025112E2BE1747A68FDF9E830AA4B86C","table":"killmonger_events_table","keyspace":"msku","timestamp":"2019-07-29T05:45:02.418Z","clusteringKeys":["4401","vbIdSellingIdInventoryUpdated/1","1564378907"],"changedColumns":["selling_id","fulfillment_node_id","event_type","update_at","stream_sequence_number","event_data"],"record":"{\"selling_id\":\"025112E2BE1747A68FDF9E830AA4B86C\",\"fulfillment_node_id\":\"4401\",\"event_type\":\"vbIdSellingIdInventoryUpdated/1\",\"update_at\":1564378907,\"stream_sequence_number\":183,\"event_data\":\"{\\\"id\\\":\\\"83edd5cf70d34a67990819b88762cb0c\\\",\\\"vbId\\\":\\\"PantherMigrationVbId\\\",\\\"sellingId\\\":\\\"025112E2BE1747A68FDF9E830AA4B86C\\\",\\\"merchantId\\\":\\\"9fc08905039048918982091f266c2a29\\\",\\\"skuId\\\":\\\"PantherMigrationSkuId\\\",\\\"f\\\":0,\\\"fnId\\\":\\\"4401\\\",\\\"by\\\":\\\"Killmonger.Migration.MapInWalmartInvUpdates\\\",\\\"at\\\":\\\"2019-07-29T05:41:47.753+00:00\\\",\\\"invUssn\\\":0,\\\"isInf\\\":false,\\\"ifa\\\":true,\\\"martAvail\\\":[{\\\"martId\\\":\\\"21\\\",\\\"ia\\\":true},{\\\"martId\\\":\\\"0\\\",\\\"ia\\\":true}],\\\"clt\\\":\\\"WoJ\\\"}\"}"}
{"id":"d7be088e843647beae0954d1b2170eae","table":"killmonger_events_table","keyspace":"msku","timestamp":"2019-07-29T05:45:02.418Z","clusteringKeys":["0a633d9fe80f4a45b6fdf372a649be0c","vbIdSellingIdInventoryUpdated/1","1564378274"],"changedColumns":["selling_id","fulfillment_node_id","event_type","update_at","stream_sequence_number","event_data"],"record":"{\"selling_id\":\"d7be088e843647beae0954d1b2170eae\",\"fulfillment_node_id\":\"0a633d9fe80f4a45b6fdf372a649be0c\",\"event_type\":\"vbIdSellingIdInventoryUpdated/1\",\"update_at\":1564378274,\"stream_sequence_number\":42,\"event_data\":\"{\\\"id\\\":\\\"fac1d62e71284d4ab14462ee91d71750\\\",\\\"vbId\\\":\\\"d7be088e843647beae0954d1b2170eae\\\",\\\"sellingId\\\":\\\"d7be088e843647beae0954d1b2170eae\\\",\\\"merchantId\\\":\\\"e43cf7756d0b4ba8a4e9046774656ce8\\\",\\\"skuId\\\":\\\"d7be088e843647beae0954d1b2170eae\\\",\\\"f\\\":58,\\\"fnId\\\":\\\"0a633d9fe80f4a45b6fdf372a649be0c\\\",\\\"fnType\\\":\\\"wolverine\\\",\\\"by\\\":\\\"Vibranium\\\",\\\"at\\\":\\\"2019-07-29T05:31:14+00:00\\\",\\\"invUssn\\\":49,\\\"isInf\\\":false,\\\"ifa\\\":true,\\\"martAvail\\\":[{\\\"martId\\\":\\\"21\\\",\\\"ia\\\":true}],\\\"clt\\\":\\\"JoJ\\\"}\"}"}
{"id":"0372c982cb72482388872c8d52ac8d8d","table":"killmonger_events_table","keyspace":"msku","timestamp":"2019-07-29T05:45:02.419Z","clusteringKeys":["7d029b0996bd4f16bbd74454bab3ab2e","vbIdSellingIdInventoryUpdated/1","1564378274"],"changedColumns":["selling_id","fulfillment_node_id","event_type","update_at","stream_sequence_number","event_data"],"record":"{\"selling_id\":\"0372c982cb72482388872c8d52ac8d8d\",\"fulfillment_node_id\":\"7d029b0996bd4f16bbd74454bab3ab2e\",\"event_type\":\"vbIdSellingIdInventoryUpdated/1\",\"update_at\":1564378274,\"stream_sequence_number\":43,\"event_data\":\"{\\\"id\\\":\\\"60936b8721cd41d59c7f2361d999e787\\\",\\\"vbId\\\":\\\"0372c982cb72482388872c8d52ac8d8d\\\",\\\"sellingId\\\":\\\"0372c982cb72482388872c8d52ac8d8d\\\",\\\"merchantId\\\":\\\"e43cf7756d0b4ba8a4e9046774656ce8\\\",\\\"skuId\\\":\\\"0372c982cb72482388872c8d52ac8d8d\\\",\\\"f\\\":51,\\\"fnId\\\":\\\"7d029b0996bd4f16bbd74454bab3ab2e\\\",\\\"fnType\\\":\\\"wolverine\\\",\\\"by\\\":\\\"Vibranium\\\",\\\"at\\\":\\\"2019-07-29T05:31:14+00:00\\\",\\\"invUssn\\\":51,\\\"isInf\\\":false,\\\"ifa\\\":true,\\\"martAvail\\\":[{\\\"martId\\\":\\\"21\\\",\\\"ia\\\":true}],\\\"clt\\\":\\\"JoJ\\\"}\"}"}
{"id":"0372c982cb72482388872c8d52ac8d8d","table":"killmonger_events_table","keyspace":"msku","timestamp":"2019-07-29T05:45:02.420Z","clusteringKeys":["7d029b0996bd4f16bbd74454bab3ab2e","updateVbIdSellingIdInventorySkipped/1","1564378274"],"changedColumns":["selling_id","fulfillment_node_id","event_type","update_at","stream_sequence_number","event_data"],"record":"{\"selling_id\":\"0372c982cb72482388872c8d52ac8d8d\",\"fulfillment_node_id\":\"7d029b0996bd4f16bbd74454bab3ab2e\",\"event_type\":\"updateVbIdSellingIdInventorySkipped/1\",\"update_at\":1564378274,\"stream_sequence_number\":44,\"event_data\":\"{\\\"id\\\":\\\"60936b8721cd41d59c7f2361d999e787\\\",\\\"vbId\\\":\\\"0372c982cb72482388872c8d52ac8d8d\\\",\\\"sellingId\\\":\\\"0372c982cb72482388872c8d52ac8d8d\\\",\\\"merchantId\\\":\\\"e43cf7756d0b4ba8a4e9046774656ce8\\\",\\\"skuId\\\":\\\"0372c982cb72482388872c8d52ac8d8d\\\",\\\"f\\\":51,\\\"fnId\\\":\\\"7d029b0996bd4f16bbd74454bab3ab2e\\\",\\\"fnType\\\":\\\"wolverine\\\",\\\"by\\\":\\\"Vibranium\\\",\\\"at\\\":\\\"2019-07-29T05:31:14+00:00\\\",\\\"invUssn\\\":51,\\\"isInf\\\":false}\"}"}
{"id":"E888A08C47B4452F8E9F471D1ACBDBC0","table":"killmonger_events_table","keyspace":"msku","timestamp":"2019-07-29T05:44:37Z","clusteringKeys":["10000001182","updateVbIdSellingIdInventorySkipped/1","1564378053"],"changedColumns":["selling_id","fulfillment_node_id","event_type","update_at","stream_sequence_number","event_data"],"record":"{\"selling_id\":\"E888A08C47B4452F8E9F471D1ACBDBC0\",\"fulfillment_node_id\":\"10000001182\",\"event_type\":\"updateVbIdSellingIdInventorySkipped/1\",\"update_at\":1564378053,\"stream_sequence_number\":5318,\"event_data\":\"{\\\"id\\\":\\\"b62de67ac3b34d188b68fadd3853a96a\\\",\\\"vbId\\\":\\\"401582-10340-S-1111\\\",\\\"sellingId\\\":\\\"E888A08C47B4452F8E9F471D1ACBDBC0\\\",\\\"merchantId\\\":\\\"1111\\\",\\\"skuId\\\":\\\"401582-10340-S\\\",\\\"f\\\":14,\\\"fnId\\\":\\\"10000001182\\\",\\\"fnType\\\":\\\"MARKETPLACE\\\",\\\"by\\\":\\\"Vibranium\\\",\\\"at\\\":\\\"2019-07-29T05:27:33+00:00\\\",\\\"invUssn\\\":4361,\\\"catUssn\\\":0,\\\"isInf\\\":false}\"}"}
{"id":"E888A08C47B4452F8E9F471D1ACBDBC0","table":"killmonger_events_table","keyspace":"msku","timestamp":"2019-07-29T05:44:37.001Z","clusteringKeys":["10000001182","updateVbIdSellingIdInventorySkipped/1","1564378053"],"changedColumns":["selling_id","fulfillment_node_id","event_type","update_at","stream_sequence_number","event_data"],"record":"{\"selling_id\":\"E888A08C47B4452F8E9F471D1ACBDBC0\",\"fulfillment_node_id\":\"10000001182\",\"event_type\":\"updateVbIdSellingIdInventorySkipped/1\",\"update_at\":1564378053,\"stream_sequence_number\":5319,\"event_data\":\"{\\\"id\\\":\\\"b62de67ac3b34d188b68fadd3853a96a\\\",\\\"vbId\\\":\\\"401582-10340-S-1111\\\",\\\"sellingId\\\":\\\"E888A08C47B4452F8E9F471D1ACBDBC0\\\",\\\"merchantId\\\":\\\"1111\\\",\\\"skuId\\\":\\\"401582-10340-S\\\",\\\"f\\\":14,\\\"fnId\\\":\\\"10000001182\\\",\\\"fnType\\\":\\\"MARKETPLACE\\\",\\\"by\\\":\\\"Vibranium\\\",\\\"at\\\":\\\"2019-07-29T05:27:33+00:00\\\",\\\"invUssn\\\":4361,\\\"catUssn\\\":0,\\\"isInf\\\":false}\"}"}
{"id":"D08EB99CF4D74CE78D239600DC94532E","table":"killmonger_events_table","keyspace":"msku","timestamp":"2019-07-29T05:44:37.001Z","clusteringKeys":["4364","vbIdSellingIdInventoryUpdated/1","1564378912"],"changedColumns":["selling_id","fulfillment_node_id","event_type","update_at","stream_sequence_number","event_data"],"record":"{\"selling_id\":\"D08EB99CF4D74CE78D239600DC94532E\",\"fulfillment_node_id\":\"4364\",\"event_type\":\"vbIdSellingIdInventoryUpdated/1\",\"update_at\":1564378912,\"stream_sequence_number\":126,\"event_data\":\"{\\\"id\\\":\\\"f3478bb2aa8e4feaa271105893b1f91b\\\",\\\"vbId\\\":\\\"PantherMigrationVbId\\\",\\\"sellingId\\\":\\\"D08EB99CF4D74CE78D239600DC94532E\\\",\\\"merchantId\\\":\\\"9fc08905039048918982091f266c2a29\\\",\\\"skuId\\\":\\\"PantherMigrationSkuId\\\",\\\"f\\\":0,\\\"fnId\\\":\\\"4364\\\",\\\"by\\\":\\\"Killmonger.Migration.MapInWalmartInvUpdates\\\",\\\"at\\\":\\\"2019-07-29T05:41:52.325+00:00\\\",\\\"invUssn\\\":0,\\\"isInf\\\":false,\\\"ifa\\\":true,\\\"martAvail\\\":[{\\\"martId\\\":\\\"21\\\",\\\"ia\\\":true},{\\\"martId\\\":\\\"0\\\",\\\"ia\\\":true}],\\\"clt\\\":\\\"WoJ\\\"}\"}"}
{"id":"D08EB99CF4D74CE78D239600DC94532E","table":"killmonger_events_table","keyspace":"msku","timestamp":"2019-07-29T05:44:37.001Z","clusteringKeys":["4364","vbIdSellingIdInventoryUpdated/1","1564378912"],"changedColumns":["selling_id","fulfillment_node_id","event_type","update_at","stream_sequence_number","event_data"],"record":"{\"selling_id\":\"D08EB99CF4D74CE78D239600DC94532E\",\"fulfillment_node_id\":\"4364\",\"event_type\":\"vbIdSellingIdInventoryUpdated/1\",\"update_at\":1564378912,\"stream_sequence_number\":127,\"event_data\":\"{\\\"id\\\":\\\"f3478bb2aa8e4feaa271105893b1f91b\\\",\\\"vbId\\\":\\\"PantherMigrationVbId\\\",\\\"sellingId\\\":\\\"D08EB99CF4D74CE78D239600DC94532E\\\",\\\"merchantId\\\":\\\"9fc08905039048918982091f266c2a29\\\",\\\"skuId\\\":\\\"PantherMigrationSkuId\\\",\\\"f\\\":0,\\\"fnId\\\":\\\"4364\\\",\\\"by\\\":\\\"Killmonger.Migration.MapInWalmartInvUpdates\\\",\\\"at\\\":\\\"2019-07-29T05:41:52.325+00:00\\\",\\\"invUssn\\\":0,\\\"isInf\\\":false,\\\"ifa\\\":true,\\\"martAvail\\\":[{\\\"martId\\\":\\\"21\\\",\\\"ia\\\":true},{\\\"martId\\\":\\\"0\\\",\\\"ia\\\":true}],\\\"clt\\\":\\\"WoJ\\\"}\"}"}
{"id":"80E892F49E114AC1A720EC1A547FB5DA","table":"killmonger_events_table","keyspace":"msku","timestamp":"2019-07-29T05:40:44.664Z","clusteringKeys":["3373","vbIdSellingIdInventoryUpdated/1","1564378910"],"changedColumns":["selling_id","fulfillment_node_id","event_type","update_at","stream_sequence_number","event_data"],"record":"{\"selling_id\":\"80E892F49E114AC1A720EC1A547FB5DA\",\"fulfillment_node_id\":\"3373\",\"event_type\":\"vbIdSellingIdInventoryUpdated/1\",\"update_at\":1564378910,\"stream_sequence_number\":124,\"event_data\":\"{\\\"id\\\":\\\"ff2a6c7e7aa843c7a0c4dc0a5f971b59\\\",\\\"vbId\\\":\\\"PantherMigrationVbId\\\",\\\"sellingId\\\":\\\"80E892F49E114AC1A720EC1A547FB5DA\\\",\\\"merchantId\\\":\\\"9fc08905039048918982091f266c2a29\\\",\\\"skuId\\\":\\\"PantherMigrationSkuId\\\",\\\"f\\\":0,\\\"fnId\\\":\\\"3373\\\",\\\"by\\\":\\\"Killmonger.Migration.MapInWalmartInvUpdates\\\",\\\"at\\\":\\\"2019-07-29T05:41:50.873+00:00\\\",\\\"invUssn\\\":0,\\\"isInf\\\":false,\\\"ifa\\\":true,\\\"martAvail\\\":[{\\\"martId\\\":\\\"21\\\",\\\"ia\\\":true},{\\\"martId\\\":\\\"0\\\",\\\"ia\\\":true}],\\\"clt\\\":\\\"WoJ\\\"}\"}"}
{"id":"b6e99fbcaf0744ae9fc4137a93ced37b","table":"killmonger_events_table","keyspace":"msku","timestamp":"2019-07-29T05:40:44.664Z","clusteringKeys":["fb72b6f9c1e54625a551711f6ee72714","vbIdSellingIdInventoryUpdated/1","1564375160"],"changedColumns":["selling_id","fulfillment_node_id","event_type","update_at","stream_sequence_number","event_data"],"record":"{\"selling_id\":\"b6e99fbcaf0744ae9fc4137a93ced37b\",\"fulfillment_node_id\":\"fb72b6f9c1e54625a551711f6ee72714\",\"event_type\":\"vbIdSellingIdInventoryUpdated/1\",\"update_at\":1564375160,\"stream_sequence_number\":43,\"event_data\":\"{\\\"id\\\":\\\"5356be1ad3274ad186df686476b61624\\\",\\\"vbId\\\":\\\"b6e99fbcaf0744ae9fc4137a93ced37b\\\",\\\"sellingId\\\":\\\"b6e99fbcaf0744ae9fc4137a93ced37b\\\",\\\"merchantId\\\":\\\"e43cf7756d0b4ba8a4e9046774656ce8\\\",\\\"skuId\\\":\\\"b6e99fbcaf0744ae9fc4137a93ced37b\\\",\\\"f\\\":113,\\\"fnId\\\":\\\"fb72b6f9c1e54625a551711f6ee72714\\\",\\\"fnType\\\":\\\"wolverine\\\",\\\"by\\\":\\\"Vibranium\\\",\\\"at\\\":\\\"2019-07-29T04:39:20+00:00\\\",\\\"invUssn\\\":48,\\\"isInf\\\":false,\\\"ifa\\\":true,\\\"martAvail\\\":[{\\\"martId\\\":\\\"21\\\",\\\"ia\\\":true}],\\\"clt\\\":\\\"JoJ\\\"}\"}"}
{"id":"53941fae2cc9498cb92f23fa0cdca252","table":"killmonger_events_table","keyspace":"msku","timestamp":"2019-07-29T05:45:02.423Z","clusteringKeys":["fb72b6f9c1e54625a551711f6ee72714","vbIdSellingIdInventoryUpdated/1","1564374773"],"changedColumns":["selling_id","fulfillment_node_id","event_type","update_at","stream_sequence_number","event_data"],"record":"{\"selling_id\":\"53941fae2cc9498cb92f23fa0cdca252\",\"fulfillment_node_id\":\"fb72b6f9c1e54625a551711f6ee72714\",\"event_type\":\"vbIdSellingIdInventoryUpdated/1\",\"update_at\":1564374773,\"stream_sequence_number\":42,\"event_data\":\"{\\\"id\\\":\\\"d05da569d6404137950b6d4de01cce6c\\\",\\\"vbId\\\":\\\"53941fae2cc9498cb92f23fa0cdca252\\\",\\\"sellingId\\\":\\\"53941fae2cc9498cb92f23fa0cdca252\\\",\\\"merchantId\\\":\\\"e43cf7756d0b4ba8a4e9046774656ce8\\\",\\\"skuId\\\":\\\"53941fae2cc9498cb92f23fa0cdca252\\\",\\\"f\\\":124,\\\"fnId\\\":\\\"fb72b6f9c1e54625a551711f6ee72714\\\",\\\"fnType\\\":\\\"wolverine\\\",\\\"by\\\":\\\"Vibranium\\\",\\\"at\\\":\\\"2019-07-29T04:32:53+00:00\\\",\\\"invUssn\\\":50,\\\"isInf\\\":false,\\\"ifa\\\":true,\\\"martAvail\\\":[{\\\"martId\\\":\\\"21\\\",\\\"ia\\\":true}],\\\"clt\\\":\\\"JoJ\\\"}\"}"}
{"id":"c8bcdc41697b47ce85a065b4982b5ae0","table":"killmonger_events_table","keyspace":"msku","timestamp":"2019-07-29T05:45:02.430Z","clusteringKeys":["3cbcc7e28aac4f6fb0a8cde4e85483c0","vbIdSellingIdInventoryUpdated/1","1564378211"],"changedColumns":["selling_id","fulfillment_node_id","event_type","update_at","stream_sequence_number","event_data"],"record":"{\"selling_id\":\"c8bcdc41697b47ce85a065b4982b5ae0\",\"fulfillment_node_id\":\"3cbcc7e28aac4f6fb0a8cde4e85483c0\",\"event_type\":\"vbIdSellingIdInventoryUpdated/1\",\"update_at\":1564378211,\"stream_sequence_number\":103,\"event_data\":\"{\\\"id\\\":\\\"1916cb9b5bb2480fa86a7fce6e86b876\\\",\\\"vbId\\\":\\\"c8bcdc41697b47ce85a065b4982b5ae0\\\",\\\"sellingId\\\":\\\"c8bcdc41697b47ce85a065b4982b5ae0\\\",\\\"merchantId\\\":\\\"7eaf70709bf149f890dc3a845871dab4\\\",\\\"skuId\\\":\\\"c8bcdc41697b47ce85a065b4982b5ae0\\\",\\\"f\\\":559,\\\"fnId\\\":\\\"3cbcc7e28aac4f6fb0a8cde4e85483c0\\\",\\\"fnType\\\":\\\"wolverine\\\",\\\"by\\\":\\\"Vibranium\\\",\\\"at\\\":\\\"2019-07-29T05:30:11+00:00\\\",\\\"invUssn\\\":73,\\\"isInf\\\":false,\\\"ifa\\\":true,\\\"martAvail\\\":[{\\\"martId\\\":\\\"21\\\",\\\"ia\\\":true}],\\\"clt\\\":\\\"JoJ\\\"}\"}"}
{"id":"c8bcdc41697b47ce85a065b4982b5ae0","table":"killmonger_events_table","keyspace":"msku","timestamp":"2019-07-29T05:45:02.430Z","clusteringKeys":["3cbcc7e28aac4f6fb0a8cde4e85483c0","updateVbIdSellingIdInventorySkipped/1","1564378211"],"changedColumns":["selling_id","fulfillment_node_id","event_type","update_at","stream_sequence_number","event_data"],"record":"{\"selling_id\":\"c8bcdc41697b47ce85a065b4982b5ae0\",\"fulfillment_node_id\":\"3cbcc7e28aac4f6fb0a8cde4e85483c0\",\"event_type\":\"updateVbIdSellingIdInventorySkipped/1\",\"update_at\":1564378211,\"stream_sequence_number\":104,\"event_data\":\"{\\\"id\\\":\\\"1916cb9b5bb2480fa86a7fce6e86b876\\\",\\\"vbId\\\":\\\"c8bcdc41697b47ce85a065b4982b5ae0\\\",\\\"sellingId\\\":\\\"c8bcdc41697b47ce85a065b4982b5ae0\\\",\\\"merchantId\\\":\\\"7eaf70709bf149f890dc3a845871dab4\\\",\\\"skuId\\\":\\\"c8bcdc41697b47ce85a065b4982b5ae0\\\",\\\"f\\\":559,\\\"fnId\\\":\\\"3cbcc7e28aac4f6fb0a8cde4e85483c0\\\",\\\"fnType\\\":\\\"wolverine\\\",\\\"by\\\":\\\"Vibranium\\\",\\\"at\\\":\\\"2019-07-29T05:30:11+00:00\\\",\\\"invUssn\\\":73,\\\"isInf\\\":false}\"}"}
{"id":"633e9982cadd4d41bb66eb999bc5fe06","table":"killmonger_events_table","keyspace":"msku","timestamp":"2019-07-29T05:45:03.493Z","clusteringKeys":["fb72b6f9c1e54625a551711f6ee72714","updateVbIdSellingIdInventorySkipped/1","1564375526"],"changedColumns":["selling_id","fulfillment_node_id","event_type","update_at","stream_sequence_number","event_data"],"record":"{\"selling_id\":\"633e9982cadd4d41bb66eb999bc5fe06\",\"fulfillment_node_id\":\"fb72b6f9c1e54625a551711f6ee72714\",\"event_type\":\"updateVbIdSellingIdInventorySkipped/1\",\"update_at\":1564375526,\"stream_sequence_number\":48,\"event_data\":\"{\\\"id\\\":\\\"8e5064cadead45f69cfd82ac6aa98a47\\\",\\\"vbId\\\":\\\"633e9982cadd4d41bb66eb999bc5fe06\\\",\\\"sellingId\\\":\\\"633e9982cadd4d41bb66eb999bc5fe06\\\",\\\"merchantId\\\":\\\"e43cf7756d0b4ba8a4e9046774656ce8\\\",\\\"skuId\\\":\\\"633e9982cadd4d41bb66eb999bc5fe06\\\",\\\"f\\\":76,\\\"fnId\\\":\\\"fb72b6f9c1e54625a551711f6ee72714\\\",\\\"fnType\\\":\\\"wolverine\\\",\\\"by\\\":\\\"Vibranium\\\",\\\"at\\\":\\\"2019-07-29T04:45:26+00:00\\\",\\\"invUssn\\\":48,\\\"isInf\\\":false}\"}"}
{"id":"0c209c5a86ae401a83e0e0d5fa96e659","table":"killmonger_events_table","keyspace":"msku","timestamp":"2019-07-29T05:40:44.677Z","clusteringKeys":["6ccbd76c487c42e5b65dd274f51b72ea","updateVbIdSellingIdInventorySkipped/1","1564378274"],"changedColumns":["selling_id","fulfillment_node_id","event_type","update_at","stream_sequence_number","event_data"],"record":"{\"selling_id\":\"0c209c5a86ae401a83e0e0d5fa96e659\",\"fulfillment_node_id\":\"6ccbd76c487c42e5b65dd274f51b72ea\",\"event_type\":\"updateVbIdSellingIdInventorySkipped/1\",\"update_at\":1564378274,\"stream_sequence_number\":42,\"event_data\":\"{\\\"id\\\":\\\"dbee2d21fd404c1bb1ccc33f99038373\\\",\\\"vbId\\\":\\\"0c209c5a86ae401a83e0e0d5fa96e659\\\",\\\"sellingId\\\":\\\"0c209c5a86ae401a83e0e0d5fa96e659\\\",\\\"merchantId\\\":\\\"e43cf7756d0b4ba8a4e9046774656ce8\\\",\\\"skuId\\\":\\\"0c209c5a86ae401a83e0e0d5fa96e659\\\",\\\"f\\\":107,\\\"fnId\\\":\\\"6ccbd76c487c42e5b65dd274f51b72ea\\\",\\\"fnType\\\":\\\"wolverine\\\",\\\"by\\\":\\\"Vibranium\\\",\\\"at\\\":\\\"2019-07-29T05:31:14+00:00\\\",\\\"invUssn\\\":51,\\\"isInf\\\":false}\"}"}
{"id":"22B0667E378249D792E7CFAD50B7466D","table":"killmonger_events_table","keyspace":"msku","timestamp":"2019-07-29T05:40:44.678Z","clusteringKeys":["10000013268","updateVbIdSellingIdInventorySkipped/1","1564375290"],"changedColumns":["selling_id","fulfillment_node_id","event_type","update_at","stream_sequence_number","event_data"],"record":"{\"selling_id\":\"22B0667E378249D792E7CFAD50B7466D\",\"fulfillment_node_id\":\"10000013268\",\"event_type\":\"updateVbIdSellingIdInventorySkipped/1\",\"update_at\":1564375290,\"stream_sequence_number\":134,\"event_data\":\"{\\\"id\\\":\\\"14e2b2a81ed14ec4bd84332ef951d7b0\\\",\\\"vbId\\\":\\\"A_33215821_4PC_C1_Hat_Brown_503_GOLD_XL-12825\\\",\\\"sellingId\\\":\\\"22B0667E378249D792E7CFAD50B7466D\\\",\\\"merchantId\\\":\\\"12825\\\",\\\"skuId\\\":\\\"A_33215821_4PC_C1_Hat_Brown_503_GOLD_XL\\\",\\\"f\\\":99,\\\"fnId\\\":\\\"10000013268\\\",\\\"fnType\\\":\\\"MARKETPLACE\\\",\\\"by\\\":\\\"Vibranium\\\",\\\"at\\\":\\\"2019-07-29T04:41:30+00:00\\\",\\\"invUssn\\\":108,\\\"catUssn\\\":0,\\\"isInf\\\":false}\"}"}
{"id":"ee8a49c6dc614f64b4a27dd936c55135","table":"killmonger_events_table","keyspace":"msku","timestamp":"2019-07-29T05:40:44.682Z","clusteringKeys":["d907e6dfdf3d411d98e2aeae7e73e1ae","vbIdSellingIdInventoryUpdated/1","1564377867"],"changedColumns":["selling_id","fulfillment_node_id","event_type","update_at","stream_sequence_number","event_data"],"record":"{\"selling_id\":\"ee8a49c6dc614f64b4a27dd936c55135\",\"fulfillment_node_id\":\"d907e6dfdf3d411d98e2aeae7e73e1ae\",\"event_type\":\"vbIdSellingIdInventoryUpdated/1\",\"update_at\":1564377867,\"stream_sequence_number\":223,\"event_data\":\"{\\\"id\\\":\\\"ecfdea1390d34beba399c2dac3674da4\\\",\\\"vbId\\\":\\\"ee8a49c6dc614f64b4a27dd936c55135\\\",\\\"sellingId\\\":\\\"ee8a49c6dc614f64b4a27dd936c55135\\\",\\\"merchantId\\\":\\\"bf9078c421e242358ecaf838d145c500\\\",\\\"skuId\\\":\\\"ee8a49c6dc614f64b4a27dd936c55135\\\",\\\"f\\\":10,\\\"fnId\\\":\\\"d907e6dfdf3d411d98e2aeae7e73e1ae\\\",\\\"fnType\\\":\\\"wolverine\\\",\\\"by\\\":\\\"Vibranium\\\",\\\"at\\\":\\\"2019-07-29T05:24:27+00:00\\\",\\\"invUssn\\\":246,\\\"isInf\\\":false,\\\"ifa\\\":true,\\\"martAvail\\\":[{\\\"martId\\\":\\\"21\\\",\\\"ia\\\":true}],\\\"clt\\\":\\\"JoJ\\\"}\"}"}
{"id":"ee8a49c6dc614f64b4a27dd936c55135","table":"killmonger_events_table","keyspace":"msku","timestamp":"2019-07-29T05:40:44.682Z","clusteringKeys":["d907e6dfdf3d411d98e2aeae7e73e1ae","updateVbIdSellingIdInventorySkipped/1","1564377867"],"changedColumns":["selling_id","fulfillment_node_id","event_type","update_at","stream_sequence_number","event_data"],"record":"{\"selling_id\":\"ee8a49c6dc614f64b4a27dd936c55135\",\"fulfillment_node_id\":\"d907e6dfdf3d411d98e2aeae7e73e1ae\",\"event_type\":\"updateVbIdSellingIdInventorySkipped/1\",\"update_at\":1564377867,\"stream_sequence_number\":224,\"event_data\":\"{\\\"id\\\":\\\"ecfdea1390d34beba399c2dac3674da4\\\",\\\"vbId\\\":\\\"ee8a49c6dc614f64b4a27dd936c55135\\\",\\\"sellingId\\\":\\\"ee8a49c6dc614f64b4a27dd936c55135\\\",\\\"merchantId\\\":\\\"bf9078c421e242358ecaf838d145c500\\\",\\\"skuId\\\":\\\"ee8a49c6dc614f64b4a27dd936c55135\\\",\\\"f\\\":10,\\\"fnId\\\":\\\"d907e6dfdf3d411d98e2aeae7e73e1ae\\\",\\\"fnType\\\":\\\"wolverine\\\",\\\"by\\\":\\\"Vibranium\\\",\\\"at\\\":\\\"2019-07-29T05:24:27+00:00\\\",\\\"invUssn\\\":246,\\\"isInf\\\":false}\"}"}
{"id":"5fd7c83303954b099c456dd4f61574b6","table":"killmonger_events_table","keyspace":"msku","timestamp":"2019-07-29T05:44:37.027Z","clusteringKeys":["fb72b6f9c1e54625a551711f6ee72714","vbIdSellingIdInventoryUpdated/1","1564378479"],"changedColumns":["selling_id","fulfillment_node_id","event_type","update_at","stream_sequence_number","event_data"],"record":"{\"selling_id\":\"5fd7c83303954b099c456dd4f61574b6\",\"fulfillment_node_id\":\"fb72b6f9c1e54625a551711f6ee72714\",\"event_type\":\"vbIdSellingIdInventoryUpdated/1\",\"update_at\":1564378479,\"stream_sequence_number\":43,\"event_data\":\"{\\\"id\\\":\\\"ea2e4692b3794816a1cd2036568b37c0\\\",\\\"vbId\\\":\\\"5fd7c83303954b099c456dd4f61574b6\\\",\\\"sellingId\\\":\\\"5fd7c83303954b099c456dd4f61574b6\\\",\\\"merchantId\\\":\\\"e43cf7756d0b4ba8a4e9046774656ce8\\\",\\\"skuId\\\":\\\"5fd7c83303954b099c456dd4f61574b6\\\",\\\"f\\\":83,\\\"fnId\\\":\\\"fb72b6f9c1e54625a551711f6ee72714\\\",\\\"fnType\\\":\\\"wolverine\\\",\\\"by\\\":\\\"Vibranium\\\",\\\"at\\\":\\\"2019-07-29T05:34:39+00:00\\\",\\\"invUssn\\\":50,\\\"isInf\\\":false,\\\"ifa\\\":true,\\\"martAvail\\\":[{\\\"martId\\\":\\\"21\\\",\\\"ia\\\":true}],\\\"clt\\\":\\\"JoJ\\\"}\"}"}
{"id":"BC119DF792914FD89E69B0EE69D83547","table":"killmonger_events_table","keyspace":"msku","timestamp":"2019-07-29T05:45:02.444Z","clusteringKeys":["10000002795","vbIdSellingIdInventoryUpdated/1","1564377931"],"changedColumns":["selling_id","fulfillment_node_id","event_type","update_at","stream_sequence_number","event_data"],"record":"{\"selling_id\":\"BC119DF792914FD89E69B0EE69D83547\",\"fulfillment_node_id\":\"10000002795\",\"event_type\":\"vbIdSellingIdInventoryUpdated/1\",\"update_at\":1564377931,\"stream_sequence_number\":212,\"event_data\":\"{\\\"id\\\":\\\"cff9d362187b4d4186758d4af5306c1f\\\",\\\"vbId\\\":\\\"AJC-D7S-F2-X-4-185099-2642\\\",\\\"sellingId\\\":\\\"BC119DF792914FD89E69B0EE69D83547\\\",\\\"merchantId\\\":\\\"2642\\\",\\\"skuId\\\":\\\"AJC-D7S-F2-X-4-185099\\\",\\\"f\\\":5088,\\\"fnId\\\":\\\"10000002795\\\",\\\"fnType\\\":\\\"MARKETPLACE\\\",\\\"by\\\":\\\"Vibranium\\\",\\\"at\\\":\\\"2019-07-29T05:25:31+00:00\\\",\\\"invUssn\\\":176,\\\"catUssn\\\":1,\\\"isInf\\\":false,\\\"ifa\\\":true,\\\"martAvail\\\":[{\\\"martId\\\":\\\"0\\\",\\\"ia\\\":true}],\\\"clt\\\":\\\"WoW\\\"}\"}"}
{"id":"A2338C1FE5EF41F68919CC92CC3DC310","table":"killmonger_events_table","keyspace":"msku","timestamp":"2019-07-29T05:45:02.447Z","clusteringKeys":["4401","vbIdSellingIdInventoryUpdated/1","1564378912"],"changedColumns":["selling_id","fulfillment_node_id","event_type","update_at","stream_sequence_number","event_data"],"record":"{\"selling_id\":\"A2338C1FE5EF41F68919CC92CC3DC310\",\"fulfillment_node_id\":\"4401\",\"event_type\":\"vbIdSellingIdInventoryUpdated/1\",\"update_at\":1564378912,\"stream_sequence_number\":158,\"event_data\":\"{\\\"id\\\":\\\"3b077e944df7431f996a53771d863c6b\\\",\\\"vbId\\\":\\\"PantherMigrationVbId\\\",\\\"sellingId\\\":\\\"A2338C1FE5EF41F68919CC92CC3DC310\\\",\\\"merchantId\\\":\\\"9fc08905039048918982091f266c2a29\\\",\\\"skuId\\\":\\\"PantherMigrationSkuId\\\",\\\"f\\\":8,\\\"fnId\\\":\\\"4401\\\",\\\"by\\\":\\\"Killmonger.Migration.MapInWalmartInvUpdates\\\",\\\"at\\\":\\\"2019-07-29T05:41:52.302+00:00\\\",\\\"invUssn\\\":0,\\\"isInf\\\":false,\\\"ifa\\\":true,\\\"martAvail\\\":[{\\\"martId\\\":\\\"21\\\",\\\"ia\\\":true},{\\\"martId\\\":\\\"0\\\",\\\"ia\\\":true}],\\\"clt\\\":\\\"WoJ\\\"}\"}"}
{"id":"02997176381e4015a0ea8cb120a25e6f","table":"killmonger_events_table","keyspace":"msku","timestamp":"2019-07-29T05:45:02.449Z","clusteringKeys":["fb72b6f9c1e54625a551711f6ee72714","vbIdSellingIdInventoryUpdated/1","1564375160"],"changedColumns":["selling_id","fulfillment_node_id","event_type","update_at","stream_sequence_number","event_data"],"record":"{\"selling_id\":\"02997176381e4015a0ea8cb120a25e6f\",\"fulfillment_node_id\":\"fb72b6f9c1e54625a551711f6ee72714\",\"event_type\":\"vbIdSellingIdInventoryUpdated/1\",\"update_at\":1564375160,\"stream_sequence_number\":41,\"event_data\":\"{\\\"id\\\":\\\"9ac586aec040458095865f51890af0c5\\\",\\\"vbId\\\":\\\"02997176381e4015a0ea8cb120a25e6f\\\",\\\"sellingId\\\":\\\"02997176381e4015a0ea8cb120a25e6f\\\",\\\"merchantId\\\":\\\"e43cf7756d0b4ba8a4e9046774656ce8\\\",\\\"skuId\\\":\\\"02997176381e4015a0ea8cb120a25e6f\\\",\\\"f\\\":76,\\\"fnId\\\":\\\"fb72b6f9c1e54625a551711f6ee72714\\\",\\\"fnType\\\":\\\"wolverine\\\",\\\"by\\\":\\\"Vibranium\\\",\\\"at\\\":\\\"2019-07-29T04:39:20+00:00\\\",\\\"invUssn\\\":47,\\\"isInf\\\":false,\\\"ifa\\\":true,\\\"martAvail\\\":[{\\\"martId\\\":\\\"21\\\",\\\"ia\\\":true}],\\\"clt\\\":\\\"JoJ\\\"}\"}"}
{"id":"93a6623616b3435db8a70238ca27dab0","table":"killmonger_events_table","keyspace":"msku","timestamp":"2019-07-29T05:45:03.505Z","clusteringKeys":["fb72b6f9c1e54625a551711f6ee72714","vbIdSellingIdInventoryUpdated/1","1564374967"],"changedColumns":["selling_id","fulfillment_node_id","event_type","update_at","stream_sequence_number","event_data"],"record":"{\"selling_id\":\"93a6623616b3435db8a70238ca27dab0\",\"fulfillment_node_id\":\"fb72b6f9c1e54625a551711f6ee72714\",\"event_type\":\"vbIdSellingIdInventoryUpdated/1\",\"update_at\":1564374967,\"stream_sequence_number\":40,\"event_data\":\"{\\\"id\\\":\\\"4a88cc89e77e48ac8a44408767462a8b\\\",\\\"vbId\\\":\\\"93a6623616b3435db8a70238ca27dab0\\\",\\\"sellingId\\\":\\\"93a6623616b3435db8a70238ca27dab0\\\",\\\"merchantId\\\":\\\"e43cf7756d0b4ba8a4e9046774656ce8\\\",\\\"skuId\\\":\\\"93a6623616b3435db8a70238ca27dab0\\\",\\\"f\\\":131,\\\"fnId\\\":\\\"fb72b6f9c1e54625a551711f6ee72714\\\",\\\"fnType\\\":\\\"wolverine\\\",\\\"by\\\":\\\"Vibranium\\\",\\\"at\\\":\\\"2019-07-29T04:36:07+00:00\\\",\\\"invUssn\\\":48,\\\"isInf\\\":false,\\\"ifa\\\":true,\\\"martAvail\\\":[{\\\"martId\\\":\\\"21\\\",\\\"ia\\\":true}],\\\"clt\\\":\\\"JoJ\\\"}\"}"}
{"id":"e9e4a0cd44bd46f9a298a690e23a2b41","table":"killmonger_events_table","keyspace":"msku","timestamp":"2019-07-29T05:40:44.686Z","clusteringKeys":["fb72b6f9c1e54625a551711f6ee72714","vbIdSellingIdInventoryUpdated/1","1564378075"],"changedColumns":["selling_id","fulfillment_node_id","event_type","update_at","stream_sequence_number","event_data"],"record":"{\"selling_id\":\"e9e4a0cd44bd46f9a298a690e23a2b41\",\"fulfillment_node_id\":\"fb72b6f9c1e54625a551711f6ee72714\",\"event_type\":\"vbIdSellingIdInventoryUpdated/1\",\"update_at\":1564378075,\"stream_sequence_number\":42,\"event_data\":\"{\\\"id\\\":\\\"5614cf437eed4064babfcfc3614b7056\\\",\\\"vbId\\\":\\\"e9e4a0cd44bd46f9a298a690e23a2b41\\\",\\\"sellingId\\\":\\\"e9e4a0cd44bd46f9a298a690e23a2b41\\\",\\\"merchantId\\\":\\\"e43cf7756d0b4ba8a4e9046774656ce8\\\",\\\"skuId\\\":\\\"e9e4a0cd44bd46f9a298a690e23a2b41\\\",\\\"f\\\":110,\\\"fnId\\\":\\\"fb72b6f9c1e54625a551711f6ee72714\\\",\\\"fnType\\\":\\\"wolverine\\\",\\\"by\\\":\\\"Vibranium\\\",\\\"at\\\":\\\"2019-07-29T05:27:55+00:00\\\",\\\"invUssn\\\":47,\\\"isInf\\\":false,\\\"ifa\\\":true,\\\"martAvail\\\":[{\\\"martId\\\":\\\"21\\\",\\\"ia\\\":true}],\\\"clt\\\":\\\"JoJ\\\"}\"}"}
{"id":"d2ba373a48814ae8a3103fc546210601","table":"killmonger_events_table","keyspace":"msku","timestamp":"2019-07-29T05:45:02.450Z","clusteringKeys":["adb2522d94cc4c6fbf97a79cb04bda66","vbIdSellingIdInventoryUpdated/1","1564378117"],"changedColumns":["selling_id","fulfillment_node_id","event_type","update_at","stream_sequence_number","event_data"],"record":"{\"selling_id\":\"d2ba373a48814ae8a3103fc546210601\",\"fulfillment_node_id\":\"adb2522d94cc4c6fbf97a79cb04bda66\",\"event_type\":\"vbIdSellingIdInventoryUpdated/1\",\"update_at\":1564378117,\"stream_sequence_number\":243,\"event_data\":\"{\\\"id\\\":\\\"e9f74d7005844fb98c2b43355121e11d\\\",\\\"vbId\\\":\\\"d2ba373a48814ae8a3103fc546210601\\\",\\\"sellingId\\\":\\\"d2ba373a48814ae8a3103fc546210601\\\",\\\"merchantId\\\":\\\"1b52e9263d164760a27ad9f07fec8abb\\\",\\\"skuId\\\":\\\"d2ba373a48814ae8a3103fc546210601\\\",\\\"f\\\":9,\\\"fnId\\\":\\\"adb2522d94cc4c6fbf97a79cb04bda66\\\",\\\"fnType\\\":\\\"wolverine\\\",\\\"by\\\":\\\"Vibranium\\\",\\\"at\\\":\\\"2019-07-29T05:28:37+00:00\\\",\\\"invUssn\\\":259,\\\"isInf\\\":false,\\\"ifa\\\":true,\\\"martAvail\\\":[{\\\"martId\\\":\\\"21\\\",\\\"ia\\\":true}],\\\"clt\\\":\\\"JoJ\\\"}\"}"}
{"id":"110EB2C9C49E4E5BB77A8B1375173B87","table":"killmonger_events_table","keyspace":"msku","timestamp":"2019-07-29T05:45:03.505Z","clusteringKeys":["6559","vbIdSellingIdInventoryUpdated/1","1564378913"],"changedColumns":["selling_id","fulfillment_node_id","event_type","update_at","stream_sequence_number","event_data"],"record":"{\"selling_id\":\"110EB2C9C49E4E5BB77A8B1375173B87\",\"fulfillment_node_id\":\"6559\",\"event_type\":\"vbIdSellingIdInventoryUpdated/1\",\"update_at\":1564378913,\"stream_sequence_number\":132,\"event_data\":\"{\\\"id\\\":\\\"27db37e985874b69ba24cba125b16ecd\\\",\\\"vbId\\\":\\\"PantherMigrationVbId\\\",\\\"sellingId\\\":\\\"110EB2C9C49E4E5BB77A8B1375173B87\\\",\\\"merchantId\\\":\\\"9fc08905039048918982091f266c2a29\\\",\\\"skuId\\\":\\\"PantherMigrationSkuId\\\",\\\"f\\\":0,\\\"fnId\\\":\\\"6559\\\",\\\"by\\\":\\\"Killmonger.Migration.MapInWalmartInvUpdates\\\",\\\"at\\\":\\\"2019-07-29T05:41:53.4+00:00\\\",\\\"invUssn\\\":0,\\\"isInf\\\":false,\\\"ifa\\\":true,\\\"martAvail\\\":[{\\\"martId\\\":\\\"21\\\",\\\"ia\\\":true},{\\\"martId\\\":\\\"0\\\",\\\"ia\\\":true}],\\\"clt\\\":\\\"WoJ\\\"}\"}"}
{"id":"620A42BB7645481F8ACA7CE055D12205","table":"killmonger_events_table","keyspace":"msku","timestamp":"2019-07-29T05:44:37.032Z","clusteringKeys":["10000009592","vbIdSellingIdInventoryUpdated/1","1564378303"],"changedColumns":["selling_id","fulfillment_node_id","event_type","update_at","stream_sequence_number","event_data"],"record":"{\"selling_id\":\"620A42BB7645481F8ACA7CE055D12205\",\"fulfillment_node_id\":\"10000009592\",\"event_type\":\"vbIdSellingIdInventoryUpdated/1\",\"update_at\":1564378303,\"stream_sequence_number\":5,\"event_data\":\"{\\\"id\\\":\\\"98f1cfc2c11f4beca9aabca80c9b4986\\\",\\\"vbId\\\":\\\"ST1446249638-9324\\\",\\\"sellingId\\\":\\\"620A42BB7645481F8ACA7CE055D12205\\\",\\\"merchantId\\\":\\\"9324\\\",\\\"skuId\\\":\\\"ST1446249638\\\",\\\"f\\\":3,\\\"fnId\\\":\\\"10000009592\\\",\\\"fnType\\\":\\\"MARKETPLACE\\\",\\\"by\\\":\\\"Vibranium\\\",\\\"at\\\":\\\"2019-07-29T05:31:43+00:00\\\",\\\"invUssn\\\":5,\\\"catUssn\\\":0,\\\"isInf\\\":false,\\\"ifa\\\":true,\\\"martAvail\\\":[{\\\"martId\\\":\\\"0\\\",\\\"ia\\\":true}],\\\"clt\\\":\\\"WoW\\\"}\"}"}
{"id":"927dcd27040e481bb878451e47d510e2","table":"killmonger_events_table","keyspace":"msku","timestamp":"2019-07-29T05:44:37.032Z","clusteringKeys":["fb72b6f9c1e54625a551711f6ee72714","updateVbIdSellingIdInventorySkipped/1","1564374967"],"changedColumns":["selling_id","fulfillment_node_id","event_type","update_at","stream_sequence_number","event_data"],"record":"{\"selling_id\":\"927dcd27040e481bb878451e47d510e2\",\"fulfillment_node_id\":\"fb72b6f9c1e54625a551711f6ee72714\",\"event_type\":\"updateVbIdSellingIdInventorySkipped/1\",\"update_at\":1564374967,\"stream_sequence_number\":46,\"event_data\":\"{\\\"id\\\":\\\"96cc324b17cd464ebb0f49e0892f3fd1\\\",\\\"vbId\\\":\\\"927dcd27040e481bb878451e47d510e2\\\",\\\"sellingId\\\":\\\"927dcd27040e481bb878451e47d510e2\\\",\\\"merchantId\\\":\\\"e43cf7756d0b4ba8a4e9046774656ce8\\\",\\\"skuId\\\":\\\"927dcd27040e481bb878451e47d510e2\\\",\\\"f\\\":114,\\\"fnId\\\":\\\"fb72b6f9c1e54625a551711f6ee72714\\\",\\\"fnType\\\":\\\"wolverine\\\",\\\"by\\\":\\\"Vibranium\\\",\\\"at\\\":\\\"2019-07-29T04:36:07+00:00\\\",\\\"invUssn\\\":51,\\\"isInf\\\":false}\"}"}
{"id":"927dcd27040e481bb878451e47d510e2","table":"killmonger_events_table","keyspace":"msku","timestamp":"2019-07-29T05:44:37.032Z","clusteringKeys":["fb72b6f9c1e54625a551711f6ee72714","updateVbIdSellingIdInventorySkipped/1","1564374967"],"changedColumns":["selling_id","fulfillment_node_id","event_type","update_at","stream_sequence_number","event_data"],"record":"{\"selling_id\":\"927dcd27040e481bb878451e47d510e2\",\"fulfillment_node_id\":\"fb72b6f9c1e54625a551711f6ee72714\",\"event_type\":\"updateVbIdSellingIdInventorySkipped/1\",\"update_at\":1564374967,\"stream_sequence_number\":47,\"event_data\":\"{\\\"id\\\":\\\"ec358f1fa6f142a2b8ab7f25d3638682\\\",\\\"vbId\\\":\\\"927dcd27040e481bb878451e47d510e2\\\",\\\"sellingId\\\":\\\"927dcd27040e481bb878451e47d510e2\\\",\\\"merchantId\\\":\\\"e43cf7756d0b4ba8a4e9046774656ce8\\\",\\\"skuId\\\":\\\"927dcd27040e481bb878451e47d510e2\\\",\\\"f\\\":114,\\\"fnId\\\":\\\"fb72b6f9c1e54625a551711f6ee72714\\\",\\\"fnType\\\":\\\"wolverine\\\",\\\"by\\\":\\\"Vibranium\\\",\\\"at\\\":\\\"2019-07-29T04:36:07+00:00\\\",\\\"invUssn\\\":51,\\\"isInf\\\":false}\"}"}
{"id":"f15ad82122f84db0bf7d815c2b12dff8","table":"killmonger_events_table","keyspace":"msku","timestamp":"2019-07-29T05:40:44.697Z","clusteringKeys":["7d029b0996bd4f16bbd74454bab3ab2e","updateVbIdSellingIdInventorySkipped/1","1564378274"],"changedColumns":["selling_id","fulfillment_node_id","event_type","update_at","stream_sequence_number","event_data"],"record":"{\"selling_id\":\"f15ad82122f84db0bf7d815c2b12dff8\",\"fulfillment_node_id\":\"7d029b0996bd4f16bbd74454bab3ab2e\",\"event_type\":\"updateVbIdSellingIdInventorySkipped/1\",\"update_at\":1564378274,\"stream_sequence_number\":44,\"event_data\":\"{\\\"id\\\":\\\"84e562affde140668b6ac4f0cbf335aa\\\",\\\"vbId\\\":\\\"f15ad82122f84db0bf7d815c2b12dff8\\\",\\\"sellingId\\\":\\\"f15ad82122f84db0bf7d815c2b12dff8\\\",\\\"merchantId\\\":\\\"e43cf7756d0b4ba8a4e9046774656ce8\\\",\\\"skuId\\\":\\\"f15ad82122f84db0bf7d815c2b12dff8\\\",\\\"f\\\":149,\\\"fnId\\\":\\\"7d029b0996bd4f16bbd74454bab3ab2e\\\",\\\"fnType\\\":\\\"wolverine\\\",\\\"by\\\":\\\"Vibranium\\\",\\\"at\\\":\\\"2019-07-29T05:31:14+00:00\\\",\\\"invUssn\\\":51,\\\"isInf\\\":false}\"}"}
{"id":"f15ad82122f84db0bf7d815c2b12dff8","table":"killmonger_events_table","keyspace":"msku","timestamp":"2019-07-29T05:40:44.697Z","clusteringKeys":["7d029b0996bd4f16bbd74454bab3ab2e","updateVbIdSellingIdInventorySkipped/1","1564378274"],"changedColumns":["selling_id","fulfillment_node_id","event_type","update_at","stream_sequence_number","event_data"],"record":"{\"selling_id\":\"f15ad82122f84db0bf7d815c2b12dff8\",\"fulfillment_node_id\":\"7d029b0996bd4f16bbd74454bab3ab2e\",\"event_type\":\"updateVbIdSellingIdInventorySkipped/1\",\"update_at\":1564378274,\"stream_sequence_number\":45,\"event_data\":\"{\\\"id\\\":\\\"84e562affde140668b6ac4f0cbf335aa\\\",\\\"vbId\\\":\\\"f15ad82122f84db0bf7d815c2b12dff8\\\",\\\"sellingId\\\":\\\"f15ad82122f84db0bf7d815c2b12dff8\\\",\\\"merchantId\\\":\\\"e43cf7756d0b4ba8a4e9046774656ce8\\\",\\\"skuId\\\":\\\"f15ad82122f84db0bf7d815c2b12dff8\\\",\\\"f\\\":149,\\\"fnId\\\":\\\"7d029b0996bd4f16bbd74454bab3ab2e\\\",\\\"fnType\\\":\\\"wolverine\\\",\\\"by\\\":\\\"Vibranium\\\",\\\"at\\\":\\\"2019-07-29T05:31:14+00:00\\\",\\\"invUssn\\\":51,\\\"isInf\\\":false}\"}"}
{"id":"9d2ee1ddc87a42e5b581c07fccdb1071","table":"killmonger_events_table","keyspace":"msku","timestamp":"2019-07-29T05:44:37.042Z","clusteringKeys":["fb72b6f9c1e54625a551711f6ee72714","vbIdSellingIdInventoryUpdated/1","1564378274"],"changedColumns":["selling_id","fulfillment_node_id","event_type","update_at","stream_sequence_number","event_data"],"record":"{\"selling_id\":\"9d2ee1ddc87a42e5b581c07fccdb1071\",\"fulfillment_node_id\":\"fb72b6f9c1e54625a551711f6ee72714\",\"event_type\":\"vbIdSellingIdInventoryUpdated/1\",\"update_at\":1564378274,\"stream_sequence_number\":41,\"event_data\":\"{\\\"id\\\":\\\"8103cb7990ad4d07aa5e62a87b0b02f8\\\",\\\"vbId\\\":\\\"9d2ee1ddc87a42e5b581c07fccdb1071\\\",\\\"sellingId\\\":\\\"9d2ee1ddc87a42e5b581c07fccdb1071\\\",\\\"merchantId\\\":\\\"e43cf7756d0b4ba8a4e9046774656ce8\\\",\\\"skuId\\\":\\\"9d2ee1ddc87a42e5b581c07fccdb1071\\\",\\\"f\\\":86,\\\"fnId\\\":\\\"fb72b6f9c1e54625a551711f6ee72714\\\",\\\"fnType\\\":\\\"wolverine\\\",\\\"by\\\":\\\"Vibranium\\\",\\\"at\\\":\\\"2019-07-29T05:31:14+00:00\\\",\\\"invUssn\\\":49,\\\"isInf\\\":false,\\\"ifa\\\":true,\\\"martAvail\\\":[{\\\"martId\\\":\\\"21\\\",\\\"ia\\\":true}],\\\"clt\\\":\\\"JoJ\\\"}\"}"}
{"id":"26F1757419694600ACC783C7A618419A","table":"killmonger_events_table","keyspace":"msku","timestamp":"2019-07-29T05:44:37.043Z","clusteringKeys":["2707","vbIdSellingIdInventoryUpdated/1","1564378909"],"changedColumns":["selling_id","fulfillment_node_id","event_type","update_at","stream_sequence_number","event_data"],"record":"{\"selling_id\":\"26F1757419694600ACC783C7A618419A\",\"fulfillment_node_id\":\"2707\",\"event_type\":\"vbIdSellingIdInventoryUpdated/1\",\"update_at\":1564378909,\"stream_sequence_number\":89,\"event_data\":\"{\\\"id\\\":\\\"68f9c865098342c1b48e5873dcd23c61\\\",\\\"vbId\\\":\\\"PantherMigrationVbId\\\",\\\"sellingId\\\":\\\"26F1757419694600ACC783C7A618419A\\\",\\\"merchantId\\\":\\\"9fc08905039048918982091f266c2a29\\\",\\\"skuId\\\":\\\"PantherMigrationSkuId\\\",\\\"f\\\":0,\\\"fnId\\\":\\\"2707\\\",\\\"by\\\":\\\"Killmonger.Migration.MapInWalmartInvUpdates\\\",\\\"at\\\":\\\"2019-07-29T05:41:49.664+00:00\\\",\\\"invUssn\\\":0,\\\"isInf\\\":false,\\\"ifa\\\":true,\\\"martAvail\\\":[{\\\"martId\\\":\\\"21\\\",\\\"ia\\\":true},{\\\"martId\\\":\\\"0\\\",\\\"ia\\\":true}],\\\"clt\\\":\\\"WoJ\\\"}\"}"}
{"id":"26F1757419694600ACC783C7A618419A","table":"killmonger_events_table","keyspace":"msku","timestamp":"2019-07-29T05:44:37.043Z","clusteringKeys":["2707","vbIdSellingIdInventoryUpdated/1","1564378909"],"changedColumns":["selling_id","fulfillment_node_id","event_type","update_at","stream_sequence_number","event_data"],"record":"{\"selling_id\":\"26F1757419694600ACC783C7A618419A\",\"fulfillment_node_id\":\"2707\",\"event_type\":\"vbIdSellingIdInventoryUpdated/1\",\"update_at\":1564378909,\"stream_sequence_number\":90,\"event_data\":\"{\\\"id\\\":\\\"68f9c865098342c1b48e5873dcd23c61\\\",\\\"vbId\\\":\\\"PantherMigrationVbId\\\",\\\"sellingId\\\":\\\"26F1757419694600ACC783C7A618419A\\\",\\\"merchantId\\\":\\\"9fc08905039048918982091f266c2a29\\\",\\\"skuId\\\":\\\"PantherMigrationSkuId\\\",\\\"f\\\":0,\\\"fnId\\\":\\\"2707\\\",\\\"by\\\":\\\"Killmonger.Migration.MapInWalmartInvUpdates\\\",\\\"at\\\":\\\"2019-07-29T05:41:49.664+00:00\\\",\\\"invUssn\\\":0,\\\"isInf\\\":false,\\\"ifa\\\":true,\\\"martAvail\\\":[{\\\"martId\\\":\\\"21\\\",\\\"ia\\\":true},{\\\"martId\\\":\\\"0\\\",\\\"ia\\\":true}],\\\"clt\\\":\\\"WoJ\\\"}\"}"}
{"id":"55abbf944eb14d03962df252665554cf","table":"killmonger_events_table","keyspace":"msku","timestamp":"2019-07-29T05:40:44.704Z","clusteringKeys":["2b8139331b8d4f0cbe92086b7bb94928","vbIdSellingIdInventoryUpdated/1","1564378299"],"changedColumns":["selling_id","fulfillment_node_id","event_type","update_at","stream_sequence_number","event_data"],"record":"{\"selling_id\":\"55abbf944eb14d03962df252665554cf\",\"fulfillment_node_id\":\"2b8139331b8d4f0cbe92086b7bb94928\",\"event_type\":\"vbIdSellingIdInventoryUpdated/1\",\"update_at\":1564378299,\"stream_sequence_number\":366,\"event_data\":\"{\\\"id\\\":\\\"5169ba34697448ab94173525efb341ad\\\",\\\"vbId\\\":\\\"55abbf944eb14d03962df252665554cf\\\",\\\"sellingId\\\":\\\"55abbf944eb14d03962df252665554cf\\\",\\\"merchantId\\\":\\\"cb6c7ae5e97c4fac955c07296ff32dc7\\\",\\\"skuId\\\":\\\"55abbf944eb14d03962df252665554cf\\\",\\\"f\\\":100,\\\"fnId\\\":\\\"2b8139331b8d4f0cbe92086b7bb94928\\\",\\\"fnType\\\":\\\"wolverine\\\",\\\"by\\\":\\\"Vibranium\\\",\\\"at\\\":\\\"2019-07-29T05:31:39+00:00\\\",\\\"invUssn\\\":393,\\\"isInf\\\":false,\\\"ifa\\\":true,\\\"martAvail\\\":[{\\\"martId\\\":\\\"21\\\",\\\"ia\\\":true}],\\\"clt\\\":\\\"JoJ\\\"}\"}"}
{"id":"302B56851F3848F08C42292A5D01039D","table":"killmonger_events_table","keyspace":"msku","timestamp":"2019-07-29T05:44:37.049Z","clusteringKeys":["2698","vbIdSellingIdInventoryUpdated/1","1564378913"],"changedColumns":["selling_id","fulfillment_node_id","event_type","update_at","stream_sequence_number","event_data"],"record":"{\"selling_id\":\"302B56851F3848F08C42292A5D01039D\",\"fulfillment_node_id\":\"2698\",\"event_type\":\"vbIdSellingIdInventoryUpdated/1\",\"update_at\":1564378913,\"stream_sequence_number\":104,\"event_data\":\"{\\\"id\\\":\\\"60aca0f89e47417eaf1b74b7f45a3024\\\",\\\"vbId\\\":\\\"PantherMigrationVbId\\\",\\\"sellingId\\\":\\\"302B56851F3848F08C42292A5D01039D\\\",\\\"merchantId\\\":\\\"9fc08905039048918982091f266c2a29\\\",\\\"skuId\\\":\\\"PantherMigrationSkuId\\\",\\\"f\\\":0,\\\"fnId\\\":\\\"2698\\\",\\\"by\\\":\\\"Killmonger.Migration.MapInWalmartInvUpdates\\\",\\\"at\\\":\\\"2019-07-29T05:41:53.16+00:00\\\",\\\"invUssn\\\":0,\\\"isInf\\\":false,\\\"ifa\\\":true,\\\"martAvail\\\":[{\\\"martId\\\":\\\"21\\\",\\\"ia\\\":true},{\\\"martId\\\":\\\"0\\\",\\\"ia\\\":true}],\\\"clt\\\":\\\"WoJ\\\"}\"}"}
{"id":"302B56851F3848F08C42292A5D01039D","table":"killmonger_events_table","keyspace":"msku","timestamp":"2019-07-29T05:44:37.050Z","clusteringKeys":["2698","vbIdSellingIdInventoryUpdated/1","1564378913"],"changedColumns":["selling_id","fulfillment_node_id","event_type","update_at","stream_sequence_number","event_data"],"record":"{\"selling_id\":\"302B56851F3848F08C42292A5D01039D\",\"fulfillment_node_id\":\"2698\",\"event_type\":\"vbIdSellingIdInventoryUpdated/1\",\"update_at\":1564378913,\"stream_sequence_number\":105,\"event_data\":\"{\\\"id\\\":\\\"60aca0f89e47417eaf1b74b7f45a3024\\\",\\\"vbId\\\":\\\"PantherMigrationVbId\\\",\\\"sellingId\\\":\\\"302B56851F3848F08C42292A5D01039D\\\",\\\"merchantId\\\":\\\"9fc08905039048918982091f266c2a29\\\",\\\"skuId\\\":\\\"PantherMigrationSkuId\\\",\\\"f\\\":0,\\\"fnId\\\":\\\"2698\\\",\\\"by\\\":\\\"Killmonger.Migration.MapInWalmartInvUpdates\\\",\\\"at\\\":\\\"2019-07-29T05:41:53.16+00:00\\\",\\\"invUssn\\\":0,\\\"isInf\\\":false,\\\"ifa\\\":true,\\\"martAvail\\\":[{\\\"martId\\\":\\\"21\\\",\\\"ia\\\":true},{\\\"martId\\\":\\\"0\\\",\\\"ia\\\":true}],\\\"clt\\\":\\\"WoJ\\\"}\"}"}
{"id":"80E892F49E114AC1A720EC1A547FB5DA","table":"killmonger_events_table","keyspace":"msku","timestamp":"2019-07-29T05:45:03.521Z","clusteringKeys":["2738","vbIdSellingIdInventoryUpdated/1","1564378910"],"changedColumns":["selling_id","fulfillment_node_id","event_type","update_at","stream_sequence_number","event_data"],"record":"{\"selling_id\":\"80E892F49E114AC1A720EC1A547FB5DA\",\"fulfillment_node_id\":\"2738\",\"event_type\":\"vbIdSellingIdInventoryUpdated/1\",\"update_at\":1564378910,\"stream_sequence_number\":124,\"event_data\":\"{\\\"id\\\":\\\"6b195c32e2c346b381a06bf40c8ff11d\\\",\\\"vbId\\\":\\\"PantherMigrationVbId\\\",\\\"sellingId\\\":\\\"80E892F49E114AC1A720EC1A547FB5DA\\\",\\\"merchantId\\\":\\\"9fc08905039048918982091f266c2a29\\\",\\\"skuId\\\":\\\"PantherMigrationSkuId\\\",\\\"f\\\":0,\\\"fnId\\\":\\\"2738\\\",\\\"by\\\":\\\"Killmonger.Migration.MapInWalmartInvUpdates\\\",\\\"at\\\":\\\"2019-07-29T05:41:50.873+00:00\\\",\\\"invUssn\\\":0,\\\"isInf\\\":false,\\\"ifa\\\":true,\\\"martAvail\\\":[{\\\"martId\\\":\\\"21\\\",\\\"ia\\\":true},{\\\"martId\\\":\\\"0\\\",\\\"ia\\\":true}],\\\"clt\\\":\\\"WoJ\\\"}\"}"}
{"id":"03cfc166576747e4859a8a26251e7c32","table":"killmonger_events_table","keyspace":"msku","timestamp":"2019-07-29T05:40:44.708Z","clusteringKeys":["fb72b6f9c1e54625a551711f6ee72714","vbIdSellingIdInventoryUpdated/1","1564378274"],"changedColumns":["selling_id","fulfillment_node_id","event_type","update_at","stream_sequence_number","event_data"],"record":"{\"selling_id\":\"03cfc166576747e4859a8a26251e7c32\",\"fulfillment_node_id\":\"fb72b6f9c1e54625a551711f6ee72714\",\"event_type\":\"vbIdSellingIdInventoryUpdated/1\",\"update_at\":1564378274,\"stream_sequence_number\":41,\"event_data\":\"{\\\"id\\\":\\\"addea92971ea4da7871fccfa36d6336a\\\",\\\"vbId\\\":\\\"03cfc166576747e4859a8a26251e7c32\\\",\\\"sellingId\\\":\\\"03cfc166576747e4859a8a26251e7c32\\\",\\\"merchantId\\\":\\\"e43cf7756d0b4ba8a4e9046774656ce8\\\",\\\"skuId\\\":\\\"03cfc166576747e4859a8a26251e7c32\\\",\\\"f\\\":71,\\\"fnId\\\":\\\"fb72b6f9c1e54625a551711f6ee72714\\\",\\\"fnType\\\":\\\"wolverine\\\",\\\"by\\\":\\\"Vibranium\\\",\\\"at\\\":\\\"2019-07-29T05:31:14+00:00\\\",\\\"invUssn\\\":49,\\\"isInf\\\":false,\\\"ifa\\\":true,\\\"martAvail\\\":[{\\\"martId\\\":\\\"21\\\",\\\"ia\\\":true}],\\\"clt\\\":\\\"JoJ\\\"}\"}"}
{"id":"03cfc166576747e4859a8a26251e7c32","table":"killmonger_events_table","keyspace":"msku","timestamp":"2019-07-29T05:40:44.708Z","clusteringKeys":["fb72b6f9c1e54625a551711f6ee72714","updateVbIdSellingIdInventorySkipped/1","1564378274"],"changedColumns":["selling_id","fulfillment_node_id","event_type","update_at","stream_sequence_number","event_data"],"record":"{\"selling_id\":\"03cfc166576747e4859a8a26251e7c32\",\"fulfillment_node_id\":\"fb72b6f9c1e54625a551711f6ee72714\",\"event_type\":\"updateVbIdSellingIdInventorySkipped/1\",\"update_at\":1564378274,\"stream_sequence_number\":42,\"event_data\":\"{\\\"id\\\":\\\"addea92971ea4da7871fccfa36d6336a\\\",\\\"vbId\\\":\\\"03cfc166576747e4859a8a26251e7c32\\\",\\\"sellingId\\\":\\\"03cfc166576747e4859a8a26251e7c32\\\",\\\"merchantId\\\":\\\"e43cf7756d0b4ba8a4e9046774656ce8\\\",\\\"skuId\\\":\\\"03cfc166576747e4859a8a26251e7c32\\\",\\\"f\\\":71,\\\"fnId\\\":\\\"fb72b6f9c1e54625a551711f6ee72714\\\",\\\"fnType\\\":\\\"wolverine\\\",\\\"by\\\":\\\"Vibranium\\\",\\\"at\\\":\\\"2019-07-29T05:31:14+00:00\\\",\\\"invUssn\\\":49,\\\"isInf\\\":false}\"}"}
{"id":"8a2d27c8d9064908b4b78db993ca02b7","table":"killmonger_events_table","keyspace":"msku","timestamp":"2019-07-29T05:40:44.710Z","clusteringKeys":["6ccbd76c487c42e5b65dd274f51b72ea","vbIdSellingIdInventoryUpdated/1","1564378274"],"changedColumns":["selling_id","fulfillment_node_id","event_type","update_at","stream_sequence_number","event_data"],"record":"{\"selling_id\":\"8a2d27c8d9064908b4b78db993ca02b7\",\"fulfillment_node_id\":\"6ccbd76c487c42e5b65dd274f51b72ea\",\"event_type\":\"vbIdSellingIdInventoryUpdated/1\",\"update_at\":1564378274,\"stream_sequence_number\":42,\"event_data\":\"{\\\"id\\\":\\\"803d0876e41e4a6a98413cd3d00ba30a\\\",\\\"vbId\\\":\\\"8a2d27c8d9064908b4b78db993ca02b7\\\",\\\"sellingId\\\":\\\"8a2d27c8d9064908b4b78db993ca02b7\\\",\\\"merchantId\\\":\\\"e43cf7756d0b4ba8a4e9046774656ce8\\\",\\\"skuId\\\":\\\"8a2d27c8d9064908b4b78db993ca02b7\\\",\\\"f\\\":130,\\\"fnId\\\":\\\"6ccbd76c487c42e5b65dd274f51b72ea\\\",\\\"fnType\\\":\\\"wolverine\\\",\\\"by\\\":\\\"Vibranium\\\",\\\"at\\\":\\\"2019-07-29T05:31:14+00:00\\\",\\\"invUssn\\\":52,\\\"isInf\\\":false,\\\"ifa\\\":true,\\\"martAvail\\\":[{\\\"martId\\\":\\\"21\\\",\\\"ia\\\":true}],\\\"clt\\\":\\\"JoJ\\\"}\"}"}
{"id":"F5B00F189C2D4CED8BD6655193937573","table":"killmonger_events_table","keyspace":"msku","timestamp":"2019-07-29T05:45:02.468Z","clusteringKeys":["8556","vbIdSellingIdInventoryUpdated/1","1564378909"],"changedColumns":["selling_id","fulfillment_node_id","event_type","update_at","stream_sequence_number","event_data"],"record":"{\"selling_id\":\"F5B00F189C2D4CED8BD6655193937573\",\"fulfillment_node_id\":\"8556\",\"event_type\":\"vbIdSellingIdInventoryUpdated/1\",\"update_at\":1564378909,\"stream_sequence_number\":131,\"event_data\":\"{\\\"id\\\":\\\"d784536b9e6242d88db478a01726dc0b\\\",\\\"vbId\\\":\\\"PantherMigrationVbId\\\",\\\"sellingId\\\":\\\"F5B00F189C2D4CED8BD6655193937573\\\",\\\"merchantId\\\":\\\"9fc08905039048918982091f266c2a29\\\",\\\"skuId\\\":\\\"PantherMigrationSkuId\\\",\\\"f\\\":0,\\\"fnId\\\":\\\"8556\\\",\\\"by\\\":\\\"Killmonger.Migration.MapInWalmartInvUpdates\\\",\\\"at\\\":\\\"2019-07-29T05:41:49.307+00:00\\\",\\\"invUssn\\\":0,\\\"isInf\\\":false,\\\"ifa\\\":true,\\\"martAvail\\\":[{\\\"martId\\\":\\\"21\\\",\\\"ia\\\":true},{\\\"martId\\\":\\\"0\\\",\\\"ia\\\":true}],\\\"clt\\\":\\\"WoJ\\\"}\"}"}
{"id":"F5B00F189C2D4CED8BD6655193937573","table":"killmonger_events_table","keyspace":"msku","timestamp":"2019-07-29T05:45:02.468Z","clusteringKeys":["8556","vbIdSellingIdInventoryUpdated/1","1564378909"],"changedColumns":["selling_id","fulfillment_node_id","event_type","update_at","stream_sequence_number","event_data"],"record":"{\"selling_id\":\"F5B00F189C2D4CED8BD6655193937573\",\"fulfillment_node_id\":\"8556\",\"event_type\":\"vbIdSellingIdInventoryUpdated/1\",\"update_at\":1564378909,\"stream_sequence_number\":132,\"event_data\":\"{\\\"id\\\":\\\"d784536b9e6242d88db478a01726dc0b\\\",\\\"vbId\\\":\\\"PantherMigrationVbId\\\",\\\"sellingId\\\":\\\"F5B00F189C2D4CED8BD6655193937573\\\",\\\"merchantId\\\":\\\"9fc08905039048918982091f266c2a29\\\",\\\"skuId\\\":\\\"PantherMigrationSkuId\\\",\\\"f\\\":0,\\\"fnId\\\":\\\"8556\\\",\\\"by\\\":\\\"Killmonger.Migration.MapInWalmartInvUpdates\\\",\\\"at\\\":\\\"2019-07-29T05:41:49.307+00:00\\\",\\\"invUssn\\\":0,\\\"isInf\\\":false,\\\"ifa\\\":true,\\\"martAvail\\\":[{\\\"martId\\\":\\\"21\\\",\\\"ia\\\":true},{\\\"martId\\\":\\\"0\\\",\\\"ia\\\":true}],\\\"clt\\\":\\\"WoJ\\\"}\"}"}
{"id":"8C653A187A724B7298978E36C2D521FD","table":"killmonger_events_table","keyspace":"msku","timestamp":"2019-07-29T05:45:02.471Z","clusteringKeys":["2698","vbIdSellingIdInventoryUpdated/1","1564378909"],"changedColumns":["selling_id","fulfillment_node_id","event_type","update_at","stream_sequence_number","event_data"],"record":"{\"selling_id\":\"8C653A187A724B7298978E36C2D521FD\",\"fulfillment_node_id\":\"2698\",\"event_type\":\"vbIdSellingIdInventoryUpdated/1\",\"update_at\":1564378909,\"stream_sequence_number\":88,\"event_data\":\"{\\\"id\\\":\\\"4f9d0b0572254edf83068629df4ac696\\\",\\\"vbId\\\":\\\"PantherMigrationVbId\\\",\\\"sellingId\\\":\\\"8C653A187A724B7298978E36C2D521FD\\\",\\\"merchantId\\\":\\\"9fc08905039048918982091f266c2a29\\\",\\\"skuId\\\":\\\"PantherMigrationSkuId\\\",\\\"f\\\":0,\\\"fnId\\\":\\\"2698\\\",\\\"by\\\":\\\"Killmonger.Migration.MapInWalmartInvUpdates\\\",\\\"at\\\":\\\"2019-07-29T05:41:49.535+00:00\\\",\\\"invUssn\\\":0,\\\"isInf\\\":false,\\\"ifa\\\":true,\\\"martAvail\\\":[{\\\"martId\\\":\\\"21\\\",\\\"ia\\\":true},{\\\"martId\\\":\\\"0\\\",\\\"ia\\\":true}],\\\"clt\\\":\\\"WoJ\\\"}\"}"}
{"id":"410b830109e44498a347047be75b3707","table":"killmonger_events_table","keyspace":"msku","timestamp":"2019-07-29T05:45:03.525Z","clusteringKeys":["f659882a542b4e7e88a3cb659484e1e0","vbIdSellingIdInventoryUpdated/1","1564378342"],"changedColumns":["selling_id","fulfillment_node_id","event_type","update_at","stream_sequence_number","event_data"],"record":"{\"selling_id\":\"410b830109e44498a347047be75b3707\",\"fulfillment_node_id\":\"f659882a542b4e7e88a3cb659484e1e0\",\"event_type\":\"vbIdSellingIdInventoryUpdated/1\",\"update_at\":1564378342,\"stream_sequence_number\":25,\"event_data\":\"{\\\"id\\\":\\\"edc39635e6984a53bf40919c1766c91b\\\",\\\"vbId\\\":\\\"410b830109e44498a347047be75b3707\\\",\\\"sellingId\\\":\\\"410b830109e44498a347047be75b3707\\\",\\\"merchantId\\\":\\\"189988e37579478080938782f0af5b48\\\",\\\"skuId\\\":\\\"410b830109e44498a347047be75b3707\\\",\\\"f\\\":40,\\\"fnId\\\":\\\"f659882a542b4e7e88a3cb659484e1e0\\\",\\\"fnType\\\":\\\"wolverine\\\",\\\"by\\\":\\\"Vibranium\\\",\\\"at\\\":\\\"2019-07-29T05:32:22+00:00\\\",\\\"invUssn\\\":16,\\\"isInf\\\":false,\\\"ifa\\\":true,\\\"martAvail\\\":[{\\\"martId\\\":\\\"21\\\",\\\"ia\\\":true}],\\\"clt\\\":\\\"JoJ\\\"}\"}"}
{"id":"410b830109e44498a347047be75b3707","table":"killmonger_events_table","keyspace":"msku","timestamp":"2019-07-29T05:45:03.528Z","clusteringKeys":["f659882a542b4e7e88a3cb659484e1e0","updateVbIdSellingIdInventorySkipped/1","1564378342"],"changedColumns":["selling_id","fulfillment_node_id","event_type","update_at","stream_sequence_number","event_data"],"record":"{\"selling_id\":\"410b830109e44498a347047be75b3707\",\"fulfillment_node_id\":\"f659882a542b4e7e88a3cb659484e1e0\",\"event_type\":\"updateVbIdSellingIdInventorySkipped/1\",\"update_at\":1564378342,\"stream_sequence_number\":26,\"event_data\":\"{\\\"id\\\":\\\"edc39635e6984a53bf40919c1766c91b\\\",\\\"vbId\\\":\\\"410b830109e44498a347047be75b3707\\\",\\\"sellingId\\\":\\\"410b830109e44498a347047be75b3707\\\",\\\"merchantId\\\":\\\"189988e37579478080938782f0af5b48\\\",\\\"skuId\\\":\\\"410b830109e44498a347047be75b3707\\\",\\\"f\\\":40,\\\"fnId\\\":\\\"f659882a542b4e7e88a3cb659484e1e0\\\",\\\"fnType\\\":\\\"wolverine\\\",\\\"by\\\":\\\"Vibranium\\\",\\\"at\\\":\\\"2019-07-29T05:32:22+00:00\\\",\\\"invUssn\\\":16,\\\"isInf\\\":false}\"}"}
{"id":"7456EAF9DBBC43FEBB27F8F0A0702E83","table":"killmonger_events_table","keyspace":"msku","timestamp":"2019-07-29T05:45:02.479Z","clusteringKeys":["2379","vbIdSellingIdInventoryUpdated/1","1564378908"],"changedColumns":["selling_id","fulfillment_node_id","event_type","update_at","stream_sequence_number","event_data"],"record":"{\"selling_id\":\"7456EAF9DBBC43FEBB27F8F0A0702E83\",\"fulfillment_node_id\":\"2379\",\"event_type\":\"vbIdSellingIdInventoryUpdated/1\",\"update_at\":1564378908,\"stream_sequence_number\":121,\"event_data\":\"{\\\"id\\\":\\\"091b9d9faa214225829e91fe77f508c5\\\",\\\"vbId\\\":\\\"PantherMigrationVbId\\\",\\\"sellingId\\\":\\\"7456EAF9DBBC43FEBB27F8F0A0702E83\\\",\\\"merchantId\\\":\\\"9fc08905039048918982091f266c2a29\\\",\\\"skuId\\\":\\\"PantherMigrationSkuId\\\",\\\"f\\\":0,\\\"fnId\\\":\\\"2379\\\",\\\"by\\\":\\\"Killmonger.Migration.MapInWalmartInvUpdates\\\",\\\"at\\\":\\\"2019-07-29T05:41:48.605+00:00\\\",\\\"invUssn\\\":0,\\\"isInf\\\":false,\\\"ifa\\\":true,\\\"martAvail\\\":[{\\\"martId\\\":\\\"21\\\",\\\"ia\\\":true},{\\\"martId\\\":\\\"0\\\",\\\"ia\\\":true}],\\\"clt\\\":\\\"WoJ\\\"}\"}"}
{"id":"5e2a067da6dd4d40a4d05588ebf5294f","table":"killmonger_events_table","keyspace":"msku","timestamp":"2019-07-29T05:44:37.063Z","clusteringKeys":["fb72b6f9c1e54625a551711f6ee72714","updateVbIdSellingIdInventorySkipped/1","1564378075"],"changedColumns":["selling_id","fulfillment_node_id","event_type","update_at","stream_sequence_number","event_data"],"record":"{\"selling_id\":\"5e2a067da6dd4d40a4d05588ebf5294f\",\"fulfillment_node_id\":\"fb72b6f9c1e54625a551711f6ee72714\",\"event_type\":\"updateVbIdSellingIdInventorySkipped/1\",\"update_at\":1564378075,\"stream_sequence_number\":45,\"event_data\":\"{\\\"id\\\":\\\"5a3a254f553e436bb5a240b5ba91dc45\\\",\\\"vbId\\\":\\\"5e2a067da6dd4d40a4d05588ebf5294f\\\",\\\"sellingId\\\":\\\"5e2a067da6dd4d40a4d05588ebf5294f\\\",\\\"merchantId\\\":\\\"e43cf7756d0b4ba8a4e9046774656ce8\\\",\\\"skuId\\\":\\\"5e2a067da6dd4d40a4d05588ebf5294f\\\",\\\"f\\\":110,\\\"fnId\\\":\\\"fb72b6f9c1e54625a551711f6ee72714\\\",\\\"fnType\\\":\\\"wolverine\\\",\\\"by\\\":\\\"Vibranium\\\",\\\"at\\\":\\\"2019-07-29T05:27:55+00:00\\\",\\\"invUssn\\\":47,\\\"isInf\\\":false}\"}"}
{"id":"2917635A333245278ED46101DD037952","table":"killmonger_events_table","keyspace":"msku","timestamp":"2019-07-29T05:44:37.063Z","clusteringKeys":["2378","vbIdSellingIdInventoryUpdated/1","1564378909"],"changedColumns":["selling_id","fulfillment_node_id","event_type","update_at","stream_sequence_number","event_data"],"record":"{\"selling_id\":\"2917635A333245278ED46101DD037952\",\"fulfillment_node_id\":\"2378\",\"event_type\":\"vbIdSellingIdInventoryUpdated/1\",\"update_at\":1564378909,\"stream_sequence_number\":94,\"event_data\":\"{\\\"id\\\":\\\"c70e35ea266f4a31b837bb70acee78d9\\\",\\\"vbId\\\":\\\"PantherMigrationVbId\\\",\\\"sellingId\\\":\\\"2917635A333245278ED46101DD037952\\\",\\\"merchantId\\\":\\\"9fc08905039048918982091f266c2a29\\\",\\\"skuId\\\":\\\"PantherMigrationSkuId\\\",\\\"f\\\":0,\\\"fnId\\\":\\\"2378\\\",\\\"by\\\":\\\"Killmonger.Migration.MapInWalmartInvUpdates\\\",\\\"at\\\":\\\"2019-07-29T05:41:49.725+00:00\\\",\\\"invUssn\\\":0,\\\"isInf\\\":false,\\\"ifa\\\":true,\\\"martAvail\\\":[{\\\"martId\\\":\\\"21\\\",\\\"ia\\\":true},{\\\"martId\\\":\\\"0\\\",\\\"ia\\\":true}],\\\"clt\\\":\\\"WoJ\\\"}\"}"}
{"id":"c414ebbdbfb9484888b1d4a6db3e310f","table":"killmonger_events_table","keyspace":"msku","timestamp":"2019-07-29T05:45:03.528Z","clusteringKeys":["fb72b6f9c1e54625a551711f6ee72714","vbIdSellingIdInventoryUpdated/1","1564378274"],"changedColumns":["selling_id","fulfillment_node_id","event_type","update_at","stream_sequence_number","event_data"],"record":"{\"selling_id\":\"c414ebbdbfb9484888b1d4a6db3e310f\",\"fulfillment_node_id\":\"fb72b6f9c1e54625a551711f6ee72714\",\"event_type\":\"vbIdSellingIdInventoryUpdated/1\",\"update_at\":1564378274,\"stream_sequence_number\":41,\"event_data\":\"{\\\"id\\\":\\\"30f2f35bbbb14171bbe8f567ef013281\\\",\\\"vbId\\\":\\\"c414ebbdbfb9484888b1d4a6db3e310f\\\",\\\"sellingId\\\":\\\"c414ebbdbfb9484888b1d4a6db3e310f\\\",\\\"merchantId\\\":\\\"e43cf7756d0b4ba8a4e9046774656ce8\\\",\\\"skuId\\\":\\\"c414ebbdbfb9484888b1d4a6db3e310f\\\",\\\"f\\\":53,\\\"fnId\\\":\\\"fb72b6f9c1e54625a551711f6ee72714\\\",\\\"fnType\\\":\\\"wolverine\\\",\\\"by\\\":\\\"Vibranium\\\",\\\"at\\\":\\\"2019-07-29T05:31:14+00:00\\\",\\\"invUssn\\\":50,\\\"isInf\\\":false,\\\"ifa\\\":true,\\\"martAvail\\\":[{\\\"martId\\\":\\\"21\\\",\\\"ia\\\":true}],\\\"clt\\\":\\\"JoJ\\\"}\"}"}
{"id":"f74dd3bdfdae4826a6620b3396d4b9cf","table":"killmonger_events_table","keyspace":"msku","timestamp":"2019-07-29T05:45:03.529Z","clusteringKeys":["42c86f166857408dadca79a5f0766738","updateVbIdSellingIdInventorySkipped/1","1564378150"],"changedColumns":["selling_id","fulfillment_node_id","event_type","update_at","stream_sequence_number","event_data"],"record":"{\"selling_id\":\"f74dd3bdfdae4826a6620b3396d4b9cf\",\"fulfillment_node_id\":\"42c86f166857408dadca79a5f0766738\",\"event_type\":\"updateVbIdSellingIdInventorySkipped/1\",\"update_at\":1564378150,\"stream_sequence_number\":190,\"event_data\":\"{\\\"id\\\":\\\"63de6452dc984f93b8a66785f0fe222d\\\",\\\"vbId\\\":\\\"f74dd3bdfdae4826a6620b3396d4b9cf\\\",\\\"sellingId\\\":\\\"f74dd3bdfdae4826a6620b3396d4b9cf\\\",\\\"merchantId\\\":\\\"d1e151d0c15e4034958fa7221d0ea30b\\\",\\\"skuId\\\":\\\"f74dd3bdfdae4826a6620b3396d4b9cf\\\",\\\"f\\\":10,\\\"fnId\\\":\\\"42c86f166857408dadca79a5f0766738\\\",\\\"fnType\\\":\\\"wolverine\\\",\\\"by\\\":\\\"Vibranium\\\",\\\"at\\\":\\\"2019-07-29T05:29:10+00:00\\\",\\\"invUssn\\\":210,\\\"isInf\\\":false}\"}"}
{"id":"f74dd3bdfdae4826a6620b3396d4b9cf","table":"killmonger_events_table","keyspace":"msku","timestamp":"2019-07-29T05:45:03.529Z","clusteringKeys":["42c86f166857408dadca79a5f0766738","updateVbIdSellingIdInventorySkipped/1","1564378150"],"changedColumns":["selling_id","fulfillment_node_id","event_type","update_at","stream_sequence_number","event_data"],"record":"{\"selling_id\":\"f74dd3bdfdae4826a6620b3396d4b9cf\",\"fulfillment_node_id\":\"42c86f166857408dadca79a5f0766738\",\"event_type\":\"updateVbIdSellingIdInventorySkipped/1\",\"update_at\":1564378150,\"stream_sequence_number\":191,\"event_data\":\"{\\\"id\\\":\\\"63de6452dc984f93b8a66785f0fe222d\\\",\\\"vbId\\\":\\\"f74dd3bdfdae4826a6620b3396d4b9cf\\\",\\\"sellingId\\\":\\\"f74dd3bdfdae4826a6620b3396d4b9cf\\\",\\\"merchantId\\\":\\\"d1e151d0c15e4034958fa7221d0ea30b\\\",\\\"skuId\\\":\\\"f74dd3bdfdae4826a6620b3396d4b9cf\\\",\\\"f\\\":10,\\\"fnId\\\":\\\"42c86f166857408dadca79a5f0766738\\\",\\\"fnType\\\":\\\"wolverine\\\",\\\"by\\\":\\\"Vibranium\\\",\\\"at\\\":\\\"2019-07-29T05:29:10+00:00\\\",\\\"invUssn\\\":210,\\\"isInf\\\":false}\"}"}
{"id":"AA168F3759824F3F8D12C52B20504C08","table":"killmonger_events_table","keyspace":"msku","timestamp":"2019-07-29T05:45:03.530Z","clusteringKeys":["2381","vbIdSellingIdInventoryUpdated/1","1564378912"],"changedColumns":["selling_id","fulfillment_node_id","event_type","update_at","stream_sequence_number","event_data"],"record":"{\"selling_id\":\"AA168F3759824F3F8D12C52B20504C08\",\"fulfillment_node_id\":\"2381\",\"event_type\":\"vbIdSellingIdInventoryUpdated/1\",\"update_at\":1564378912,\"stream_sequence_number\":136,\"event_data\":\"{\\\"id\\\":\\\"72518b6085ca4d1ea3bcb382ebb4459c\\\",\\\"vbId\\\":\\\"PantherMigrationVbId\\\",\\\"sellingId\\\":\\\"AA168F3759824F3F8D12C52B20504C08\\\",\\\"merchantId\\\":\\\"9fc08905039048918982091f266c2a29\\\",\\\"skuId\\\":\\\"PantherMigrationSkuId\\\",\\\"f\\\":0,\\\"fnId\\\":\\\"2381\\\",\\\"by\\\":\\\"Killmonger.Migration.MapInWalmartInvUpdates\\\",\\\"at\\\":\\\"2019-07-29T05:41:52.816+00:00\\\",\\\"invUssn\\\":0,\\\"isInf\\\":false,\\\"ifa\\\":true,\\\"martAvail\\\":[{\\\"martId\\\":\\\"21\\\",\\\"ia\\\":true},{\\\"martId\\\":\\\"0\\\",\\\"ia\\\":true}],\\\"clt\\\":\\\"WoJ\\\"}\"}"}
{"id":"b33e0a2834f948df945e8479bea95064","table":"killmonger_events_table","keyspace":"msku","timestamp":"2019-07-29T05:45:03.542Z","clusteringKeys":["fb72b6f9c1e54625a551711f6ee72714","vbIdSellingIdInventoryUpdated/1","1564375727"],"changedColumns":["selling_id","fulfillment_node_id","event_type","update_at","stream_sequence_number","event_data"],"record":"{\"selling_id\":\"b33e0a2834f948df945e8479bea95064\",\"fulfillment_node_id\":\"fb72b6f9c1e54625a551711f6ee72714\",\"event_type\":\"vbIdSellingIdInventoryUpdated/1\",\"update_at\":1564375727,\"stream_sequence_number\":48,\"event_data\":\"{\\\"id\\\":\\\"6b4611c626cc467ea8fa5ba187dbf969\\\",\\\"vbId\\\":\\\"b33e0a2834f948df945e8479bea95064\\\",\\\"sellingId\\\":\\\"b33e0a2834f948df945e8479bea95064\\\",\\\"merchantId\\\":\\\"e43cf7756d0b4ba8a4e9046774656ce8\\\",\\\"skuId\\\":\\\"b33e0a2834f948df945e8479bea95064\\\",\\\"f\\\":138,\\\"fnId\\\":\\\"fb72b6f9c1e54625a551711f6ee72714\\\",\\\"fnType\\\":\\\"wolverine\\\",\\\"by\\\":\\\"Vibranium\\\",\\\"at\\\":\\\"2019-07-29T04:48:47+00:00\\\",\\\"invUssn\\\":48,\\\"isInf\\\":false,\\\"ifa\\\":true,\\\"martAvail\\\":[{\\\"martId\\\":\\\"21\\\",\\\"ia\\\":true}],\\\"clt\\\":\\\"JoJ\\\"}\"}"}
{"id":"A33412BADFE44516A0D02C8E76EF9350","table":"killmonger_events_table","keyspace":"msku","timestamp":"2019-07-29T05:45:03.543Z","clusteringKeys":["2957911","vbIdSellingIdInventoryUpdated/1","1564376013"],"changedColumns":["selling_id","fulfillment_node_id","event_type","update_at","stream_sequence_number","event_data"],"record":"{\"selling_id\":\"A33412BADFE44516A0D02C8E76EF9350\",\"fulfillment_node_id\":\"2957911\",\"event_type\":\"vbIdSellingIdInventoryUpdated/1\",\"update_at\":1564376013,\"stream_sequence_number\":166,\"event_data\":\"{\\\"id\\\":\\\"03991462884c4155bac6372e3bfc913b\\\",\\\"vbId\\\":\\\"PantherMigrationVbId\\\",\\\"sellingId\\\":\\\"A33412BADFE44516A0D02C8E76EF9350\\\",\\\"merchantId\\\":\\\"9fc08905039048918982091f266c2a29\\\",\\\"skuId\\\":\\\"PantherMigrationSkuId\\\",\\\"f\\\":604,\\\"fnId\\\":\\\"2957911\\\",\\\"by\\\":\\\"Killmonger.Migration.MapInWalmartInvUpdates\\\",\\\"at\\\":\\\"2019-07-29T04:53:33.891+00:00\\\",\\\"invUssn\\\":0,\\\"isInf\\\":false,\\\"ifa\\\":true,\\\"martAvail\\\":[{\\\"martId\\\":\\\"21\\\",\\\"ia\\\":true},{\\\"martId\\\":\\\"0\\\",\\\"ia\\\":true}],\\\"clt\\\":\\\"WoJ\\\"}\"}"}
{"id":"ff40246e10aa4943a576f08ddb39c4ca","table":"killmonger_events_table","keyspace":"msku","timestamp":"2019-07-29T05:44:37.086Z","clusteringKeys":["fb72b6f9c1e54625a551711f6ee72714","updateVbIdSellingIdInventorySkipped/1","1564378075"],"changedColumns":["selling_id","fulfillment_node_id","event_type","update_at","stream_sequence_number","event_data"],"record":"{\"selling_id\":\"ff40246e10aa4943a576f08ddb39c4ca\",\"fulfillment_node_id\":\"fb72b6f9c1e54625a551711f6ee72714\",\"event_type\":\"updateVbIdSellingIdInventorySkipped/1\",\"update_at\":1564378075,\"stream_sequence_number\":47,\"event_data\":\"{\\\"id\\\":\\\"4da6a2d303d7402ab9f4d43b31602397\\\",\\\"vbId\\\":\\\"ff40246e10aa4943a576f08ddb39c4ca\\\",\\\"sellingId\\\":\\\"ff40246e10aa4943a576f08ddb39c4ca\\\",\\\"merchantId\\\":\\\"e43cf7756d0b4ba8a4e9046774656ce8\\\",\\\"skuId\\\":\\\"ff40246e10aa4943a576f08ddb39c4ca\\\",\\\"f\\\":53,\\\"fnId\\\":\\\"fb72b6f9c1e54625a551711f6ee72714\\\",\\\"fnType\\\":\\\"wolverine\\\",\\\"by\\\":\\\"Vibranium\\\",\\\"at\\\":\\\"2019-07-29T05:27:55+00:00\\\",\\\"invUssn\\\":50,\\\"isInf\\\":false}\"}"}
{"id":"382c2321dda34a4b928ea59cbd889a6e","table":"killmonger_events_table","keyspace":"msku","timestamp":"2019-07-29T05:44:37.086Z","clusteringKeys":["fb72b6f9c1e54625a551711f6ee72714","updateVbIdSellingIdInventorySkipped/1","1564378075"],"changedColumns":["selling_id","fulfillment_node_id","event_type","update_at","stream_sequence_number","event_data"],"record":"{\"selling_id\":\"382c2321dda34a4b928ea59cbd889a6e\",\"fulfillment_node_id\":\"fb72b6f9c1e54625a551711f6ee72714\",\"event_type\":\"updateVbIdSellingIdInventorySkipped/1\",\"update_at\":1564378075,\"stream_sequence_number\":40,\"event_data\":\"{\\\"id\\\":\\\"434b368f81294b809fb4c9d80b15d6aa\\\",\\\"vbId\\\":\\\"382c2321dda34a4b928ea59cbd889a6e\\\",\\\"sellingId\\\":\\\"382c2321dda34a4b928ea59cbd889a6e\\\",\\\"merchantId\\\":\\\"e43cf7756d0b4ba8a4e9046774656ce8\\\",\\\"skuId\\\":\\\"382c2321dda34a4b928ea59cbd889a6e\\\",\\\"f\\\":143,\\\"fnId\\\":\\\"fb72b6f9c1e54625a551711f6ee72714\\\",\\\"fnType\\\":\\\"wolverine\\\",\\\"by\\\":\\\"Vibranium\\\",\\\"at\\\":\\\"2019-07-29T05:27:55+00:00\\\",\\\"invUssn\\\":48,\\\"isInf\\\":false}\"}"}
{"id":"BB405400652D41CAA946270171C5CECF","table":"killmonger_events_table","keyspace":"msku","timestamp":"2019-07-29T05:40:44.608Z","clusteringKeys":["4364","vbIdSellingIdInventoryUpdated/1","1564378911"],"changedColumns":["selling_id","fulfillment_node_id","event_type","update_at","stream_sequence_number","event_data"],"record":"{\"selling_id\":\"BB405400652D41CAA946270171C5CECF\",\"fulfillment_node_id\":\"4364\",\"event_type\":\"vbIdSellingIdInventoryUpdated/1\",\"update_at\":1564378911,\"stream_sequence_number\":164,\"event_data\":\"{\\\"id\\\":\\\"57cefc7d22004f3da2c2ce0878e76138\\\",\\\"vbId\\\":\\\"PantherMigrationVbId\\\",\\\"sellingId\\\":\\\"BB405400652D41CAA946270171C5CECF\\\",\\\"merchantId\\\":\\\"9fc08905039048918982091f266c2a29\\\",\\\"skuId\\\":\\\"PantherMigrationSkuId\\\",\\\"f\\\":0,\\\"fnId\\\":\\\"4364\\\",\\\"by\\\":\\\"Killmonger.Migration.MapInWalmartInvUpdates\\\",\\\"at\\\":\\\"2019-07-29T05:41:51.455+00:00\\\",\\\"invUssn\\\":0,\\\"isInf\\\":false,\\\"ifa\\\":true,\\\"martAvail\\\":[{\\\"martId\\\":\\\"21\\\",\\\"ia\\\":true},{\\\"martId\\\":\\\"0\\\",\\\"ia\\\":true}],\\\"clt\\\":\\\"WoJ\\\"}\"}"}
{"id":"776c5364a49b45a99e00508016eb29e8","table":"killmonger_events_table","keyspace":"msku","timestamp":"2019-07-29T05:40:44.608Z","clusteringKeys":["fb72b6f9c1e54625a551711f6ee72714","vbIdSellingIdInventoryUpdated/1","1564378075"],"changedColumns":["selling_id","fulfillment_node_id","event_type","update_at","stream_sequence_number","event_data"],"record":"{\"selling_id\":\"776c5364a49b45a99e00508016eb29e8\",\"fulfillment_node_id\":\"fb72b6f9c1e54625a551711f6ee72714\",\"event_type\":\"vbIdSellingIdInventoryUpdated/1\",\"update_at\":1564378075,\"stream_sequence_number\":37,\"event_data\":\"{\\\"id\\\":\\\"975a409d4a9b4e9491a2bbab394811bf\\\",\\\"vbId\\\":\\\"776c5364a49b45a99e00508016eb29e8\\\",\\\"sellingId\\\":\\\"776c5364a49b45a99e00508016eb29e8\\\",\\\"merchantId\\\":\\\"e43cf7756d0b4ba8a4e9046774656ce8\\\",\\\"skuId\\\":\\\"776c5364a49b45a99e00508016eb29e8\\\",\\\"f\\\":66,\\\"fnId\\\":\\\"fb72b6f9c1e54625a551711f6ee72714\\\",\\\"fnType\\\":\\\"wolverine\\\",\\\"by\\\":\\\"Vibranium\\\",\\\"at\\\":\\\"2019-07-29T05:27:55+00:00\\\",\\\"invUssn\\\":50,\\\"isInf\\\":false,\\\"ifa\\\":true,\\\"martAvail\\\":[{\\\"martId\\\":\\\"21\\\",\\\"ia\\\":true}],\\\"clt\\\":\\\"JoJ\\\"}\"}"}
{"id":"749025db7da74e3da4b4f94a6757d0b8","table":"killmonger_events_table","keyspace":"msku","timestamp":"2019-07-29T05:40:44.608Z","clusteringKeys":["d8c82725c2f44901bbee8db463c10582","vbIdSellingIdInventoryUpdated/1","1564378270"],"changedColumns":["selling_id","fulfillment_node_id","event_type","update_at","stream_sequence_number","event_data"],"record":"{\"selling_id\":\"749025db7da74e3da4b4f94a6757d0b8\",\"fulfillment_node_id\":\"d8c82725c2f44901bbee8db463c10582\",\"event_type\":\"vbIdSellingIdInventoryUpdated/1\",\"update_at\":1564378270,\"stream_sequence_number\":194,\"event_data\":\"{\\\"id\\\":\\\"16b62eea2ada4386976c77ab31384348\\\",\\\"vbId\\\":\\\"749025db7da74e3da4b4f94a6757d0b8\\\",\\\"sellingId\\\":\\\"749025db7da74e3da4b4f94a6757d0b8\\\",\\\"merchantId\\\":\\\"01133ed0b8d64d11b1766d2295fa867b\\\",\\\"skuId\\\":\\\"749025db7da74e3da4b4f94a6757d0b8\\\",\\\"f\\\":80,\\\"fnId\\\":\\\"d8c82725c2f44901bbee8db463c10582\\\",\\\"fnType\\\":\\\"wolverine\\\",\\\"by\\\":\\\"Vibranium\\\",\\\"at\\\":\\\"2019-07-29T05:31:10+00:00\\\",\\\"invUssn\\\":231,\\\"isInf\\\":false,\\\"ifa\\\":true,\\\"martAvail\\\":[{\\\"martId\\\":\\\"21\\\",\\\"ia\\\":true}],\\\"clt\\\":\\\"JoJ\\\"}\"}"}
{"id":"749025db7da74e3da4b4f94a6757d0b8","table":"killmonger_events_table","keyspace":"msku","timestamp":"2019-07-29T05:40:44.608Z","clusteringKeys":["d8c82725c2f44901bbee8db463c10582","updateVbIdSellingIdInventorySkipped/1","1564378270"],"changedColumns":["selling_id","fulfillment_node_id","event_type","update_at","stream_sequence_number","event_data"],"record":"{\"selling_id\":\"749025db7da74e3da4b4f94a6757d0b8\",\"fulfillment_node_id\":\"d8c82725c2f44901bbee8db463c10582\",\"event_type\":\"updateVbIdSellingIdInventorySkipped/1\",\"update_at\":1564378270,\"stream_sequence_number\":195,\"event_data\":\"{\\\"id\\\":\\\"16b62eea2ada4386976c77ab31384348\\\",\\\"vbId\\\":\\\"749025db7da74e3da4b4f94a6757d0b8\\\",\\\"sellingId\\\":\\\"749025db7da74e3da4b4f94a6757d0b8\\\",\\\"merchantId\\\":\\\"01133ed0b8d64d11b1766d2295fa867b\\\",\\\"skuId\\\":\\\"749025db7da74e3da4b4f94a6757d0b8\\\",\\\"f\\\":80,\\\"fnId\\\":\\\"d8c82725c2f44901bbee8db463c10582\\\",\\\"fnType\\\":\\\"wolverine\\\",\\\"by\\\":\\\"Vibranium\\\",\\\"at\\\":\\\"2019-07-29T05:31:10+00:00\\\",\\\"invUssn\\\":231,\\\"isInf\\\":false}\"}"}
{"id":"e6cb5f6be9ed4cd0868403a541f199fa","table":"killmonger_events_table","keyspace":"msku","timestamp":"2019-07-29T05:44:36.951Z","clusteringKeys":["0a633d9fe80f4a45b6fdf372a649be0c","vbIdSellingIdInventoryUpdated/1","1564378274"],"changedColumns":["selling_id","fulfillment_node_id","event_type","update_at","stream_sequence_number","event_data"],"record":"{\"selling_id\":\"e6cb5f6be9ed4cd0868403a541f199fa\",\"fulfillment_node_id\":\"0a633d9fe80f4a45b6fdf372a649be0c\",\"event_type\":\"vbIdSellingIdInventoryUpdated/1\",\"update_at\":1564378274,\"stream_sequence_number\":43,\"event_data\":\"{\\\"id\\\":\\\"b69e483b98154d97b19c00aa43057f74\\\",\\\"vbId\\\":\\\"e6cb5f6be9ed4cd0868403a541f199fa\\\",\\\"sellingId\\\":\\\"e6cb5f6be9ed4cd0868403a541f199fa\\\",\\\"merchantId\\\":\\\"e43cf7756d0b4ba8a4e9046774656ce8\\\",\\\"skuId\\\":\\\"e6cb5f6be9ed4cd0868403a541f199fa\\\",\\\"f\\\":148,\\\"fnId\\\":\\\"0a633d9fe80f4a45b6fdf372a649be0c\\\",\\\"fnType\\\":\\\"wolverine\\\",\\\"by\\\":\\\"Vibranium\\\",\\\"at\\\":\\\"2019-07-29T05:31:14+00:00\\\",\\\"invUssn\\\":50,\\\"isInf\\\":false,\\\"ifa\\\":true,\\\"martAvail\\\":[{\\\"martId\\\":\\\"21\\\",\\\"ia\\\":true}],\\\"clt\\\":\\\"JoJ\\\"}\"}"}
{"id":"6FE142236A2143C1837E69DCB4F3D892","table":"killmonger_events_table","keyspace":"msku","timestamp":"2019-07-29T05:44:36.952Z","clusteringKeys":["10000002039","updateVbIdSellingIdInventorySkipped/1","1564375419"],"changedColumns":["selling_id","fulfillment_node_id","event_type","update_at","stream_sequence_number","event_data"],"record":"{\"selling_id\":\"6FE142236A2143C1837E69DCB4F3D892\",\"fulfillment_node_id\":\"10000002039\",\"event_type\":\"updateVbIdSellingIdInventorySkipped/1\",\"update_at\":1564375419,\"stream_sequence_number\":72,\"event_data\":\"{\\\"id\\\":\\\"f1c6b1419a964a2bb0df7af790f7263f\\\",\\\"vbId\\\":\\\"PE-0092-0-2096\\\",\\\"sellingId\\\":\\\"6FE142236A2143C1837E69DCB4F3D892\\\",\\\"merchantId\\\":\\\"2096\\\",\\\"skuId\\\":\\\"PE-0092-0\\\",\\\"f\\\":4,\\\"fnId\\\":\\\"10000002039\\\",\\\"fnType\\\":\\\"MARKETPLACE\\\",\\\"by\\\":\\\"Vibranium\\\",\\\"at\\\":\\\"2019-07-29T04:43:39+00:00\\\",\\\"invUssn\\\":58,\\\"catUssn\\\":0,\\\"isInf\\\":false}\"}"}
{"id":"0dc15d0caccf406c8e9645b3593e082b","table":"killmonger_events_table","keyspace":"msku","timestamp":"2019-07-29T05:45:03.426Z","clusteringKeys":["fb72b6f9c1e54625a551711f6ee72714","vbIdSellingIdInventoryUpdated/1","1564378075"],"changedColumns":["selling_id","fulfillment_node_id","event_type","update_at","stream_sequence_number","event_data"],"record":"{\"selling_id\":\"0dc15d0caccf406c8e9645b3593e082b\",\"fulfillment_node_id\":\"fb72b6f9c1e54625a551711f6ee72714\",\"event_type\":\"vbIdSellingIdInventoryUpdated/1\",\"update_at\":1564378075,\"stream_sequence_number\":43,\"event_data\":\"{\\\"id\\\":\\\"d767a2930bf646c4bcfa59513161299e\\\",\\\"vbId\\\":\\\"0dc15d0caccf406c8e9645b3593e082b\\\",\\\"sellingId\\\":\\\"0dc15d0caccf406c8e9645b3593e082b\\\",\\\"merchantId\\\":\\\"e43cf7756d0b4ba8a4e9046774656ce8\\\",\\\"skuId\\\":\\\"0dc15d0caccf406c8e9645b3593e082b\\\",\\\"f\\\":93,\\\"fnId\\\":\\\"fb72b6f9c1e54625a551711f6ee72714\\\",\\\"fnType\\\":\\\"wolverine\\\",\\\"by\\\":\\\"Vibranium\\\",\\\"at\\\":\\\"2019-07-29T05:27:55+00:00\\\",\\\"invUssn\\\":51,\\\"isInf\\\":false,\\\"ifa\\\":true,\\\"martAvail\\\":[{\\\"martId\\\":\\\"21\\\",\\\"ia\\\":true}],\\\"clt\\\":\\\"JoJ\\\"}\"}"}
{"id":"fea68a20226f4f878cc341410f57c614","table":"killmonger_events_table","keyspace":"msku","timestamp":"2019-07-29T05:45:03.426Z","clusteringKeys":["d04e9aafbdfd48a88a351a0c5f71454b","vbIdSellingIdInventoryUpdated/1","1564378125"],"changedColumns":["selling_id","fulfillment_node_id","event_type","update_at","stream_sequence_number","event_data"],"record":"{\"selling_id\":\"fea68a20226f4f878cc341410f57c614\",\"fulfillment_node_id\":\"d04e9aafbdfd48a88a351a0c5f71454b\",\"event_type\":\"vbIdSellingIdInventoryUpdated/1\",\"update_at\":1564378125,\"stream_sequence_number\":18661,\"event_data\":\"{\\\"id\\\":\\\"d9566a235c654d439df48bcce8a1e5b2\\\",\\\"vbId\\\":\\\"fea68a20226f4f878cc341410f57c614\\\",\\\"sellingId\\\":\\\"fea68a20226f4f878cc341410f57c614\\\",\\\"merchantId\\\":\\\"70d3c5360d574434ae92e085c056eec7\\\",\\\"skuId\\\":\\\"fea68a20226f4f878cc341410f57c614\\\",\\\"f\\\":1,\\\"fnId\\\":\\\"d04e9aafbdfd48a88a351a0c5f71454b\\\",\\\"fnType\\\":\\\"wolverine\\\",\\\"by\\\":\\\"Vibranium\\\",\\\"at\\\":\\\"2019-07-29T05:28:45+00:00\\\",\\\"invUssn\\\":16333,\\\"isInf\\\":false,\\\"ifa\\\":true,\\\"martAvail\\\":[{\\\"martId\\\":\\\"21\\\",\\\"ia\\\":true}],\\\"clt\\\":\\\"JoJ\\\"}\"}"}
{"id":"52cfb764d4dc4c3f8fe91e83eed4081d","table":"killmonger_events_table","keyspace":"msku","timestamp":"2019-07-29T05:45:03.426Z","clusteringKeys":["fb72b6f9c1e54625a551711f6ee72714","vbIdSellingIdInventoryUpdated/1","1564378075"],"changedColumns":["selling_id","fulfillment_node_id","event_type","update_at","stream_sequence_number","event_data"],"record":"{\"selling_id\":\"52cfb764d4dc4c3f8fe91e83eed4081d\",\"fulfillment_node_id\":\"fb72b6f9c1e54625a551711f6ee72714\",\"event_type\":\"vbIdSellingIdInventoryUpdated/1\",\"update_at\":1564378075,\"stream_sequence_number\":46,\"event_data\":\"{\\\"id\\\":\\\"b6544077ea8a4a3b8c2b02da402157b3\\\",\\\"vbId\\\":\\\"52cfb764d4dc4c3f8fe91e83eed4081d\\\",\\\"sellingId\\\":\\\"52cfb764d4dc4c3f8fe91e83eed4081d\\\",\\\"merchantId\\\":\\\"e43cf7756d0b4ba8a4e9046774656ce8\\\",\\\"skuId\\\":\\\"52cfb764d4dc4c3f8fe91e83eed4081d\\\",\\\"f\\\":123,\\\"fnId\\\":\\\"fb72b6f9c1e54625a551711f6ee72714\\\",\\\"fnType\\\":\\\"wolverine\\\",\\\"by\\\":\\\"Vibranium\\\",\\\"at\\\":\\\"2019-07-29T05:27:55+00:00\\\",\\\"invUssn\\\":47,\\\"isInf\\\":false,\\\"ifa\\\":true,\\\"martAvail\\\":[{\\\"martId\\\":\\\"21\\\",\\\"ia\\\":true}],\\\"clt\\\":\\\"JoJ\\\"}\"}"}
{"id":"3B920C46907244058246B0AB0F8D8672","table":"killmonger_events_table","keyspace":"msku","timestamp":"2019-07-29T05:40:44.614Z","clusteringKeys":["2698","vbIdSellingIdInventoryUpdated/1","1564378909"],"changedColumns":["selling_id","fulfillment_node_id","event_type","update_at","stream_sequence_number","event_data"],"record":"{\"selling_id\":\"3B920C46907244058246B0AB0F8D8672\",\"fulfillment_node_id\":\"2698\",\"event_type\":\"vbIdSellingIdInventoryUpdated/1\",\"update_at\":1564378909,\"stream_sequence_number\":91,\"event_data\":\"{\\\"id\\\":\\\"4c9c3e4c76374477829d6282ef87adcd\\\",\\\"vbId\\\":\\\"PantherMigrationVbId\\\",\\\"sellingId\\\":\\\"3B920C46907244058246B0AB0F8D8672\\\",\\\"merchantId\\\":\\\"9fc08905039048918982091f266c2a29\\\",\\\"skuId\\\":\\\"PantherMigrationSkuId\\\",\\\"f\\\":0,\\\"fnId\\\":\\\"2698\\\",\\\"by\\\":\\\"Killmonger.Migration.MapInWalmartInvUpdates\\\",\\\"at\\\":\\\"2019-07-29T05:41:49.669+00:00\\\",\\\"invUssn\\\":0,\\\"isInf\\\":false,\\\"ifa\\\":true,\\\"martAvail\\\":[{\\\"martId\\\":\\\"21\\\",\\\"ia\\\":true},{\\\"martId\\\":\\\"0\\\",\\\"ia\\\":true}],\\\"clt\\\":\\\"WoJ\\\"}\"}"}
{"id":"cea93c7b09674f4a8dd913b00dc8a22b","table":"killmonger_events_table","keyspace":"msku","timestamp":"2019-07-29T05:45:02.366Z","clusteringKeys":["3cbcc7e28aac4f6fb0a8cde4e85483c0","updateVbIdSellingIdInventorySkipped/1","1564375224"],"changedColumns":["selling_id","fulfillment_node_id","event_type","update_at","stream_sequence_number","event_data"],"record":"{\"selling_id\":\"cea93c7b09674f4a8dd913b00dc8a22b\",\"fulfillment_node_id\":\"3cbcc7e28aac4f6fb0a8cde4e85483c0\",\"event_type\":\"updateVbIdSellingIdInventorySkipped/1\",\"update_at\":1564375224,\"stream_sequence_number\":95,\"event_data\":\"{\\\"id\\\":\\\"3e3ec7ed122b43e39bee7404b0db802c\\\",\\\"vbId\\\":\\\"cea93c7b09674f4a8dd913b00dc8a22b\\\",\\\"sellingId\\\":\\\"cea93c7b09674f4a8dd913b00dc8a22b\\\",\\\"merchantId\\\":\\\"7eaf70709bf149f890dc3a845871dab4\\\",\\\"skuId\\\":\\\"cea93c7b09674f4a8dd913b00dc8a22b\\\",\\\"f\\\":559,\\\"fnId\\\":\\\"3cbcc7e28aac4f6fb0a8cde4e85483c0\\\",\\\"fnType\\\":\\\"wolverine\\\",\\\"by\\\":\\\"Vibranium\\\",\\\"at\\\":\\\"2019-07-29T04:40:24+00:00\\\",\\\"invUssn\\\":78,\\\"isInf\\\":false}\"}"}
{"id":"e737397b326042acb3d5705fa74b6a8b","table":"killmonger_events_table","keyspace":"msku","timestamp":"2019-07-29T05:45:02.367Z","clusteringKeys":["fb72b6f9c1e54625a551711f6ee72714","vbIdSellingIdInventoryUpdated/1","1564377874"],"changedColumns":["selling_id","fulfillment_node_id","event_type","update_at","stream_sequence_number","event_data"],"record":"{\"selling_id\":\"e737397b326042acb3d5705fa74b6a8b\",\"fulfillment_node_id\":\"fb72b6f9c1e54625a551711f6ee72714\",\"event_type\":\"vbIdSellingIdInventoryUpdated/1\",\"update_at\":1564377874,\"stream_sequence_number\":42,\"event_data\":\"{\\\"id\\\":\\\"75bdf29626f440209bcf9fadb4ff72c3\\\",\\\"vbId\\\":\\\"e737397b326042acb3d5705fa74b6a8b\\\",\\\"sellingId\\\":\\\"e737397b326042acb3d5705fa74b6a8b\\\",\\\"merchantId\\\":\\\"e43cf7756d0b4ba8a4e9046774656ce8\\\",\\\"skuId\\\":\\\"e737397b326042acb3d5705fa74b6a8b\\\",\\\"f\\\":121,\\\"fnId\\\":\\\"fb72b6f9c1e54625a551711f6ee72714\\\",\\\"fnType\\\":\\\"wolverine\\\",\\\"by\\\":\\\"Vibranium\\\",\\\"at\\\":\\\"2019-07-29T05:24:34+00:00\\\",\\\"invUssn\\\":51,\\\"isInf\\\":false,\\\"ifa\\\":true,\\\"martAvail\\\":[{\\\"martId\\\":\\\"21\\\",\\\"ia\\\":true}],\\\"clt\\\":\\\"JoJ\\\"}\"}"}
{"id":"e737397b326042acb3d5705fa74b6a8b","table":"killmonger_events_table","keyspace":"msku","timestamp":"2019-07-29T05:45:02.367Z","clusteringKeys":["fb72b6f9c1e54625a551711f6ee72714","updateVbIdSellingIdInventorySkipped/1","1564377874"],"changedColumns":["selling_id","fulfillment_node_id","event_type","update_at","stream_sequence_number","event_data"],"record":"{\"selling_id\":\"e737397b326042acb3d5705fa74b6a8b\",\"fulfillment_node_id\":\"fb72b6f9c1e54625a551711f6ee72714\",\"event_type\":\"updateVbIdSellingIdInventorySkipped/1\",\"update_at\":1564377874,\"stream_sequence_number\":43,\"event_data\":\"{\\\"id\\\":\\\"75bdf29626f440209bcf9fadb4ff72c3\\\",\\\"vbId\\\":\\\"e737397b326042acb3d5705fa74b6a8b\\\",\\\"sellingId\\\":\\\"e737397b326042acb3d5705fa74b6a8b\\\",\\\"merchantId\\\":\\\"e43cf7756d0b4ba8a4e9046774656ce8\\\",\\\"skuId\\\":\\\"e737397b326042acb3d5705fa74b6a8b\\\",\\\"f\\\":121,\\\"fnId\\\":\\\"fb72b6f9c1e54625a551711f6ee72714\\\",\\\"fnType\\\":\\\"wolverine\\\",\\\"by\\\":\\\"Vibranium\\\",\\\"at\\\":\\\"2019-07-29T05:24:34+00:00\\\",\\\"invUssn\\\":51,\\\"isInf\\\":false}\"}"}
{"id":"DBBA1B7E8ED0495DBE746ED9CA6DD0D9","table":"killmonger_events_table","keyspace":"msku","timestamp":"2019-07-29T05:40:44.615Z","clusteringKeys":["10000012970","updateVbIdSellingIdInventorySkipped/1","1564375536"],"changedColumns":["selling_id","fulfillment_node_id","event_type","update_at","stream_sequence_number","event_data"],"record":"{\"selling_id\":\"DBBA1B7E8ED0495DBE746ED9CA6DD0D9\",\"fulfillment_node_id\":\"10000012970\",\"event_type\":\"updateVbIdSellingIdInventorySkipped/1\",\"update_at\":1564375536,\"stream_sequence_number\":107,\"event_data\":\"{\\\"id\\\":\\\"4a3e63ffa2394eebba5502049171794c\\\",\\\"vbId\\\":\\\"7630033871334-12863\\\",\\\"sellingId\\\":\\\"DBBA1B7E8ED0495DBE746ED9CA6DD0D9\\\",\\\"merchantId\\\":\\\"12863\\\",\\\"skuId\\\":\\\"7630033871334\\\",\\\"f\\\":9,\\\"fnId\\\":\\\"10000012970\\\",\\\"fnType\\\":\\\"MARKETPLACE\\\",\\\"by\\\":\\\"Vibranium\\\",\\\"at\\\":\\\"2019-07-29T04:45:36+00:00\\\",\\\"invUssn\\\":100,\\\"catUssn\\\":0,\\\"isInf\\\":false}\"}"}
{"id":"5e8a2b07048b4d599b7aff80540b9280","table":"killmonger_events_table","keyspace":"msku","timestamp":"2019-07-29T05:40:44.615Z","clusteringKeys":["fb72b6f9c1e54625a551711f6ee72714","vbIdSellingIdInventoryUpdated/1","1564375935"],"changedColumns":["selling_id","fulfillment_node_id","event_type","update_at","stream_sequence_number","event_data"],"record":"{\"selling_id\":\"5e8a2b07048b4d599b7aff80540b9280\",\"fulfillment_node_id\":\"fb72b6f9c1e54625a551711f6ee72714\",\"event_type\":\"vbIdSellingIdInventoryUpdated/1\",\"update_at\":1564375935,\"stream_sequence_number\":44,\"event_data\":\"{\\\"id\\\":\\\"cb9cb1d4d07f4bcaa6153cc82ef2dfb5\\\",\\\"vbId\\\":\\\"5e8a2b07048b4d599b7aff80540b9280\\\",\\\"sellingId\\\":\\\"5e8a2b07048b4d599b7aff80540b9280\\\",\\\"merchantId\\\":\\\"e43cf7756d0b4ba8a4e9046774656ce8\\\",\\\"skuId\\\":\\\"5e8a2b07048b4d599b7aff80540b9280\\\",\\\"f\\\":147,\\\"fnId\\\":\\\"fb72b6f9c1e54625a551711f6ee72714\\\",\\\"fnType\\\":\\\"wolverine\\\",\\\"by\\\":\\\"Vibranium\\\",\\\"at\\\":\\\"2019-07-29T04:52:15+00:00\\\",\\\"invUssn\\\":48,\\\"isInf\\\":false,\\\"ifa\\\":true,\\\"martAvail\\\":[{\\\"martId\\\":\\\"21\\\",\\\"ia\\\":true}],\\\"clt\\\":\\\"JoJ\\\"}\"}"}
{"id":"dba6b5ec05cc4f058ce336120edacf92","table":"killmonger_events_table","keyspace":"msku","timestamp":"2019-07-29T05:45:02.367Z","clusteringKeys":["fb72b6f9c1e54625a551711f6ee72714","vbIdSellingIdInventoryUpdated/1","1564378075"],"changedColumns":["selling_id","fulfillment_node_id","event_type","update_at","stream_sequence_number","event_data"],"record":"{\"selling_id\":\"dba6b5ec05cc4f058ce336120edacf92\",\"fulfillment_node_id\":\"fb72b6f9c1e54625a551711f6ee72714\",\"event_type\":\"vbIdSellingIdInventoryUpdated/1\",\"update_at\":1564378075,\"stream_sequence_number\":44,\"event_data\":\"{\\\"id\\\":\\\"7201904df617447cb8b0010d1443571e\\\",\\\"vbId\\\":\\\"dba6b5ec05cc4f058ce336120edacf92\\\",\\\"sellingId\\\":\\\"dba6b5ec05cc4f058ce336120edacf92\\\",\\\"merchantId\\\":\\\"e43cf7756d0b4ba8a4e9046774656ce8\\\",\\\"skuId\\\":\\\"dba6b5ec05cc4f058ce336120edacf92\\\",\\\"f\\\":94,\\\"fnId\\\":\\\"fb72b6f9c1e54625a551711f6ee72714\\\",\\\"fnType\\\":\\\"wolverine\\\",\\\"by\\\":\\\"Vibranium\\\",\\\"at\\\":\\\"2019-07-29T05:27:55+00:00\\\",\\\"invUssn\\\":48,\\\"isInf\\\":false,\\\"ifa\\\":true,\\\"martAvail\\\":[{\\\"martId\\\":\\\"21\\\",\\\"ia\\\":true}],\\\"clt\\\":\\\"JoJ\\\"}\"}"}
{"id":"dba6b5ec05cc4f058ce336120edacf92","table":"killmonger_events_table","keyspace":"msku","timestamp":"2019-07-29T05:45:02.367Z","clusteringKeys":["fb72b6f9c1e54625a551711f6ee72714","updateVbIdSellingIdInventorySkipped/1","1564378075"],"changedColumns":["selling_id","fulfillment_node_id","event_type","update_at","stream_sequence_number","event_data"],"record":"{\"selling_id\":\"dba6b5ec05cc4f058ce336120edacf92\",\"fulfillment_node_id\":\"fb72b6f9c1e54625a551711f6ee72714\",\"event_type\":\"updateVbIdSellingIdInventorySkipped/1\",\"update_at\":1564378075,\"stream_sequence_number\":45,\"event_data\":\"{\\\"id\\\":\\\"7201904df617447cb8b0010d1443571e\\\",\\\"vbId\\\":\\\"dba6b5ec05cc4f058ce336120edacf92\\\",\\\"sellingId\\\":\\\"dba6b5ec05cc4f058ce336120edacf92\\\",\\\"merchantId\\\":\\\"e43cf7756d0b4ba8a4e9046774656ce8\\\",\\\"skuId\\\":\\\"dba6b5ec05cc4f058ce336120edacf92\\\",\\\"f\\\":94,\\\"fnId\\\":\\\"fb72b6f9c1e54625a551711f6ee72714\\\",\\\"fnType\\\":\\\"wolverine\\\",\\\"by\\\":\\\"Vibranium\\\",\\\"at\\\":\\\"2019-07-29T05:27:55+00:00\\\",\\\"invUssn\\\":48,\\\"isInf\\\":false}\"}"}
{"id":"dba6b5ec05cc4f058ce336120edacf92","table":"killmonger_events_table","keyspace":"msku","timestamp":"2019-07-29T05:45:02.368Z","clusteringKeys":["fb72b6f9c1e54625a551711f6ee72714","updateVbIdSellingIdInventorySkipped/1","1564378075"],"changedColumns":["selling_id","fulfillment_node_id","event_type","update_at","stream_sequence_number","event_data"],"record":"{\"selling_id\":\"dba6b5ec05cc4f058ce336120edacf92\",\"fulfillment_node_id\":\"fb72b6f9c1e54625a551711f6ee72714\",\"event_type\":\"updateVbIdSellingIdInventorySkipped/1\",\"update_at\":1564378075,\"stream_sequence_number\":46,\"event_data\":\"{\\\"id\\\":\\\"7201904df617447cb8b0010d1443571e\\\",\\\"vbId\\\":\\\"dba6b5ec05cc4f058ce336120edacf92\\\",\\\"sellingId\\\":\\\"dba6b5ec05cc4f058ce336120edacf92\\\",\\\"merchantId\\\":\\\"e43cf7756d0b4ba8a4e9046774656ce8\\\",\\\"skuId\\\":\\\"dba6b5ec05cc4f058ce336120edacf92\\\",\\\"f\\\":94,\\\"fnId\\\":\\\"fb72b6f9c1e54625a551711f6ee72714\\\",\\\"fnType\\\":\\\"wolverine\\\",\\\"by\\\":\\\"Vibranium\\\",\\\"at\\\":\\\"2019-07-29T05:27:55+00:00\\\",\\\"invUssn\\\":48,\\\"isInf\\\":false}\"}"}
{"id":"e737397b326042acb3d5705fa74b6a8b","table":"killmonger_events_table","keyspace":"msku","timestamp":"2019-07-29T05:45:02.368Z","clusteringKeys":["fb72b6f9c1e54625a551711f6ee72714","updateVbIdSellingIdInventorySkipped/1","1564377874"],"changedColumns":["selling_id","fulfillment_node_id","event_type","update_at","stream_sequence_number","event_data"],"record":"{\"selling_id\":\"e737397b326042acb3d5705fa74b6a8b\",\"fulfillment_node_id\":\"fb72b6f9c1e54625a551711f6ee72714\",\"event_type\":\"updateVbIdSellingIdInventorySkipped/1\",\"update_at\":1564377874,\"stream_sequence_number\":44,\"event_data\":\"{\\\"id\\\":\\\"75bdf29626f440209bcf9fadb4ff72c3\\\",\\\"vbId\\\":\\\"e737397b326042acb3d5705fa74b6a8b\\\",\\\"sellingId\\\":\\\"e737397b326042acb3d5705fa74b6a8b\\\",\\\"merchantId\\\":\\\"e43cf7756d0b4ba8a4e9046774656ce8\\\",\\\"skuId\\\":\\\"e737397b326042acb3d5705fa74b6a8b\\\",\\\"f\\\":121,\\\"fnId\\\":\\\"fb72b6f9c1e54625a551711f6ee72714\\\",\\\"fnType\\\":\\\"wolverine\\\",\\\"by\\\":\\\"Vibranium\\\",\\\"at\\\":\\\"2019-07-29T05:24:34+00:00\\\",\\\"invUssn\\\":51,\\\"isInf\\\":false}\"}"}
{"id":"cea93c7b09674f4a8dd913b00dc8a22b","table":"killmonger_events_table","keyspace":"msku","timestamp":"2019-07-29T05:45:02.367Z","clusteringKeys":["3cbcc7e28aac4f6fb0a8cde4e85483c0","updateVbIdSellingIdInventorySkipped/1","1564375224"],"changedColumns":["selling_id","fulfillment_node_id","event_type","update_at","stream_sequence_number","event_data"],"record":"{\"selling_id\":\"cea93c7b09674f4a8dd913b00dc8a22b\",\"fulfillment_node_id\":\"3cbcc7e28aac4f6fb0a8cde4e85483c0\",\"event_type\":\"updateVbIdSellingIdInventorySkipped/1\",\"update_at\":1564375224,\"stream_sequence_number\":96,\"event_data\":\"{\\\"id\\\":\\\"c67f88aa39864f71ab0e187ef3143e0c\\\",\\\"vbId\\\":\\\"cea93c7b09674f4a8dd913b00dc8a22b\\\",\\\"sellingId\\\":\\\"cea93c7b09674f4a8dd913b00dc8a22b\\\",\\\"merchantId\\\":\\\"7eaf70709bf149f890dc3a845871dab4\\\",\\\"skuId\\\":\\\"cea93c7b09674f4a8dd913b00dc8a22b\\\",\\\"f\\\":559,\\\"fnId\\\":\\\"3cbcc7e28aac4f6fb0a8cde4e85483c0\\\",\\\"fnType\\\":\\\"wolverine\\\",\\\"by\\\":\\\"Vibranium\\\",\\\"at\\\":\\\"2019-07-29T04:40:24+00:00\\\",\\\"invUssn\\\":78,\\\"isInf\\\":false}\"}"}
{"id":"BD27B0ABD72048F6AC28A608E7A6ACDA","table":"killmonger_events_table","keyspace":"msku","timestamp":"2019-07-29T05:44:36.959Z","clusteringKeys":["5868","vbIdSellingIdInventoryUpdated/1","1564378912"],"changedColumns":["selling_id","fulfillment_node_id","event_type","update_at","stream_sequence_number","event_data"],"record":"{\"selling_id\":\"BD27B0ABD72048F6AC28A608E7A6ACDA\",\"fulfillment_node_id\":\"5868\",\"event_type\":\"vbIdSellingIdInventoryUpdated/1\",\"update_at\":1564378912,\"stream_sequence_number\":129,\"event_data\":\"{\\\"id\\\":\\\"10eb497620ec4409bfe70123feb23c3a\\\",\\\"vbId\\\":\\\"PantherMigrationVbId\\\",\\\"sellingId\\\":\\\"BD27B0ABD72048F6AC28A608E7A6ACDA\\\",\\\"merchantId\\\":\\\"9fc08905039048918982091f266c2a29\\\",\\\"skuId\\\":\\\"PantherMigrationSkuId\\\",\\\"f\\\":0,\\\"fnId\\\":\\\"5868\\\",\\\"by\\\":\\\"Killmonger.Migration.MapInWalmartInvUpdates\\\",\\\"at\\\":\\\"2019-07-29T05:41:52.79+00:00\\\",\\\"invUssn\\\":0,\\\"isInf\\\":false,\\\"ifa\\\":true,\\\"martAvail\\\":[{\\\"martId\\\":\\\"21\\\",\\\"ia\\\":true},{\\\"martId\\\":\\\"0\\\",\\\"ia\\\":true}],\\\"clt\\\":\\\"WoJ\\\"}\"}"}
{"id":"80fb361d79494376b7acb55c3bd59ef2","table":"killmonger_events_table","keyspace":"msku","timestamp":"2019-07-29T05:44:36.959Z","clusteringKeys":["7d029b0996bd4f16bbd74454bab3ab2e","vbIdSellingIdInventoryUpdated/1","1564378274"],"changedColumns":["selling_id","fulfillment_node_id","event_type","update_at","stream_sequence_number","event_data"],"record":"{\"selling_id\":\"80fb361d79494376b7acb55c3bd59ef2\",\"fulfillment_node_id\":\"7d029b0996bd4f16bbd74454bab3ab2e\",\"event_type\":\"vbIdSellingIdInventoryUpdated/1\",\"update_at\":1564378274,\"stream_sequence_number\":39,\"event_data\":\"{\\\"id\\\":\\\"d55acda1003c405aad5b2567ad78df0e\\\",\\\"vbId\\\":\\\"80fb361d79494376b7acb55c3bd59ef2\\\",\\\"sellingId\\\":\\\"80fb361d79494376b7acb55c3bd59ef2\\\",\\\"merchantId\\\":\\\"e43cf7756d0b4ba8a4e9046774656ce8\\\",\\\"skuId\\\":\\\"80fb361d79494376b7acb55c3bd59ef2\\\",\\\"f\\\":110,\\\"fnId\\\":\\\"7d029b0996bd4f16bbd74454bab3ab2e\\\",\\\"fnType\\\":\\\"wolverine\\\",\\\"by\\\":\\\"Vibranium\\\",\\\"at\\\":\\\"2019-07-29T05:31:14+00:00\\\",\\\"invUssn\\\":47,\\\"isInf\\\":false,\\\"ifa\\\":true,\\\"martAvail\\\":[{\\\"martId\\\":\\\"21\\\",\\\"ia\\\":true}],\\\"clt\\\":\\\"JoJ\\\"}\"}"}
{"id":"47ef758b5d4d46d6b24246d5bcd7215e","table":"killmonger_events_table","keyspace":"msku","timestamp":"2019-07-29T05:44:36.970Z","clusteringKeys":["fb72b6f9c1e54625a551711f6ee72714","vbIdSellingIdInventoryUpdated/1","1564378274"],"changedColumns":["selling_id","fulfillment_node_id","event_type","update_at","stream_sequence_number","event_data"],"record":"{\"selling_id\":\"47ef758b5d4d46d6b24246d5bcd7215e\",\"fulfillment_node_id\":\"fb72b6f9c1e54625a551711f6ee72714\",\"event_type\":\"vbIdSellingIdInventoryUpdated/1\",\"update_at\":1564378274,\"stream_sequence_number\":47,\"event_data\":\"{\\\"id\\\":\\\"d9ea26616b7c41fa835c7e2edbcb20ef\\\",\\\"vbId\\\":\\\"47ef758b5d4d46d6b24246d5bcd7215e\\\",\\\"sellingId\\\":\\\"47ef758b5d4d46d6b24246d5bcd7215e\\\",\\\"merchantId\\\":\\\"e43cf7756d0b4ba8a4e9046774656ce8\\\",\\\"skuId\\\":\\\"47ef758b5d4d46d6b24246d5bcd7215e\\\",\\\"f\\\":116,\\\"fnId\\\":\\\"fb72b6f9c1e54625a551711f6ee72714\\\",\\\"fnType\\\":\\\"wolverine\\\",\\\"by\\\":\\\"Vibranium\\\",\\\"at\\\":\\\"2019-07-29T05:31:14+00:00\\\",\\\"invUssn\\\":54,\\\"isInf\\\":false,\\\"ifa\\\":true,\\\"martAvail\\\":[{\\\"martId\\\":\\\"21\\\",\\\"ia\\\":true}],\\\"clt\\\":\\\"JoJ\\\"}\"}"}
{"id":"47ef758b5d4d46d6b24246d5bcd7215e","table":"killmonger_events_table","keyspace":"msku","timestamp":"2019-07-29T05:44:36.970Z","clusteringKeys":["fb72b6f9c1e54625a551711f6ee72714","updateVbIdSellingIdInventorySkipped/1","1564378274"],"changedColumns":["selling_id","fulfillment_node_id","event_type","update_at","stream_sequence_number","event_data"],"record":"{\"selling_id\":\"47ef758b5d4d46d6b24246d5bcd7215e\",\"fulfillment_node_id\":\"fb72b6f9c1e54625a551711f6ee72714\",\"event_type\":\"updateVbIdSellingIdInventorySkipped/1\",\"update_at\":1564378274,\"stream_sequence_number\":48,\"event_data\":\"{\\\"id\\\":\\\"d9ea26616b7c41fa835c7e2edbcb20ef\\\",\\\"vbId\\\":\\\"47ef758b5d4d46d6b24246d5bcd7215e\\\",\\\"sellingId\\\":\\\"47ef758b5d4d46d6b24246d5bcd7215e\\\",\\\"merchantId\\\":\\\"e43cf7756d0b4ba8a4e9046774656ce8\\\",\\\"skuId\\\":\\\"47ef758b5d4d46d6b24246d5bcd7215e\\\",\\\"f\\\":116,\\\"fnId\\\":\\\"fb72b6f9c1e54625a551711f6ee72714\\\",\\\"fnType\\\":\\\"wolverine\\\",\\\"by\\\":\\\"Vibranium\\\",\\\"at\\\":\\\"2019-07-29T05:31:14+00:00\\\",\\\"invUssn\\\":54,\\\"isInf\\\":false}\"}"}
{"id":"8A986B111A6848AE878C3F79A0B21332","table":"killmonger_events_table","keyspace":"msku","timestamp":"2019-07-29T05:45:02.377Z","clusteringKeys":["10000006665","vbIdSellingIdInventoryUpdated/1","1564375056"],"changedColumns":["selling_id","fulfillment_node_id","event_type","update_at","stream_sequence_number","event_data"],"record":"{\"selling_id\":\"8A986B111A6848AE878C3F79A0B21332\",\"fulfillment_node_id\":\"10000006665\",\"event_type\":\"vbIdSellingIdInventoryUpdated/1\",\"update_at\":1564375056,\"stream_sequence_number\":245,\"event_data\":\"{\\\"id\\\":\\\"a9dc348f106546fba908feea4618738b\\\",\\\"vbId\\\":\\\"GLO_8038-6696\\\",\\\"sellingId\\\":\\\"8A986B111A6848AE878C3F79A0B21332\\\",\\\"merchantId\\\":\\\"6696\\\",\\\"skuId\\\":\\\"GLO_8038\\\",\\\"f\\\":1,\\\"fnId\\\":\\\"10000006665\\\",\\\"fnType\\\":\\\"MARKETPLACE\\\",\\\"by\\\":\\\"Vibranium\\\",\\\"at\\\":\\\"2019-07-29T04:37:36+00:00\\\",\\\"invUssn\\\":226,\\\"catUssn\\\":1,\\\"isInf\\\":false,\\\"ifa\\\":true,\\\"martAvail\\\":[{\\\"martId\\\":\\\"0\\\",\\\"ia\\\":true}],\\\"clt\\\":\\\"WoW\\\"}\"}"}
{"id":"8A986B111A6848AE878C3F79A0B21332","table":"killmonger_events_table","keyspace":"msku","timestamp":"2019-07-29T05:45:02.377Z","clusteringKeys":["10000006665","updateVbIdSellingIdInventorySkipped/1","1564375056"],"changedColumns":["selling_id","fulfillment_node_id","event_type","update_at","stream_sequence_number","event_data"],"record":"{\"selling_id\":\"8A986B111A6848AE878C3F79A0B21332\",\"fulfillment_node_id\":\"10000006665\",\"event_type\":\"updateVbIdSellingIdInventorySkipped/1\",\"update_at\":1564375056,\"stream_sequence_number\":246,\"event_data\":\"{\\\"id\\\":\\\"a5711ec04ca54a3aa877e2735e503636\\\",\\\"vbId\\\":\\\"GLO_8038-6696\\\",\\\"sellingId\\\":\\\"8A986B111A6848AE878C3F79A0B21332\\\",\\\"merchantId\\\":\\\"6696\\\",\\\"skuId\\\":\\\"GLO_8038\\\",\\\"f\\\":1,\\\"fnId\\\":\\\"10000006665\\\",\\\"fnType\\\":\\\"MARKETPLACE\\\",\\\"by\\\":\\\"Vibranium\\\",\\\"at\\\":\\\"2019-07-29T04:37:36+00:00\\\",\\\"invUssn\\\":226,\\\"catUssn\\\":1,\\\"isInf\\\":false}\"}"}
{"id":"3b6102079c0145ed8a26204e595de42f","table":"killmonger_events_table","keyspace":"msku","timestamp":"2019-07-29T05:44:36.969Z","clusteringKeys":["0a633d9fe80f4a45b6fdf372a649be0c","vbIdSellingIdInventoryUpdated/1","1564378479"],"changedColumns":["selling_id","fulfillment_node_id","event_type","update_at","stream_sequence_number","event_data"],"record":"{\"selling_id\":\"3b6102079c0145ed8a26204e595de42f\",\"fulfillment_node_id\":\"0a633d9fe80f4a45b6fdf372a649be0c\",\"event_type\":\"vbIdSellingIdInventoryUpdated/1\",\"update_at\":1564378479,\"stream_sequence_number\":42,\"event_data\":\"{\\\"id\\\":\\\"d57c1019c0a643ae9378cf652c373807\\\",\\\"vbId\\\":\\\"3b6102079c0145ed8a26204e595de42f\\\",\\\"sellingId\\\":\\\"3b6102079c0145ed8a26204e595de42f\\\",\\\"merchantId\\\":\\\"e43cf7756d0b4ba8a4e9046774656ce8\\\",\\\"skuId\\\":\\\"3b6102079c0145ed8a26204e595de42f\\\",\\\"f\\\":126,\\\"fnId\\\":\\\"0a633d9fe80f4a45b6fdf372a649be0c\\\",\\\"fnType\\\":\\\"wolverine\\\",\\\"by\\\":\\\"Vibranium\\\",\\\"at\\\":\\\"2019-07-29T05:34:39+00:00\\\",\\\"invUssn\\\":52,\\\"isInf\\\":false,\\\"ifa\\\":true,\\\"martAvail\\\":[{\\\"martId\\\":\\\"21\\\",\\\"ia\\\":true}],\\\"clt\\\":\\\"JoJ\\\"}\"}"}
{"id":"84a8e2c4f90e4159845f8384b5e06ad8","table":"killmonger_events_table","keyspace":"msku","timestamp":"2019-07-29T05:44:36.969Z","clusteringKeys":["6ccbd76c487c42e5b65dd274f51b72ea","vbIdSellingIdInventoryUpdated/1","1564378274"],"changedColumns":["selling_id","fulfillment_node_id","event_type","update_at","stream_sequence_number","event_data"],"record":"{\"selling_id\":\"84a8e2c4f90e4159845f8384b5e06ad8\",\"fulfillment_node_id\":\"6ccbd76c487c42e5b65dd274f51b72ea\",\"event_type\":\"vbIdSellingIdInventoryUpdated/1\",\"update_at\":1564378274,\"stream_sequence_number\":44,\"event_data\":\"{\\\"id\\\":\\\"7ef738d8c71a40cfb4b2d8542f797f5c\\\",\\\"vbId\\\":\\\"84a8e2c4f90e4159845f8384b5e06ad8\\\",\\\"sellingId\\\":\\\"84a8e2c4f90e4159845f8384b5e06ad8\\\",\\\"merchantId\\\":\\\"e43cf7756d0b4ba8a4e9046774656ce8\\\",\\\"skuId\\\":\\\"84a8e2c4f90e4159845f8384b5e06ad8\\\",\\\"f\\\":138,\\\"fnId\\\":\\\"6ccbd76c487c42e5b65dd274f51b72ea\\\",\\\"fnType\\\":\\\"wolverine\\\",\\\"by\\\":\\\"Vibranium\\\",\\\"at\\\":\\\"2019-07-29T05:31:14+00:00\\\",\\\"invUssn\\\":51,\\\"isInf\\\":false,\\\"ifa\\\":true,\\\"martAvail\\\":[{\\\"martId\\\":\\\"21\\\",\\\"ia\\\":true}],\\\"clt\\\":\\\"JoJ\\\"}\"}"}
{"id":"80153ff1fbdd4d598d99347637a25254","table":"killmonger_events_table","keyspace":"msku","timestamp":"2019-07-29T05:45:03.438Z","clusteringKeys":["fb72b6f9c1e54625a551711f6ee72714","updateVbIdSellingIdInventorySkipped/1","1564378274"],"changedColumns":["selling_id","fulfillment_node_id","event_type","update_at","stream_sequence_number","event_data"],"record":"{\"selling_id\":\"80153ff1fbdd4d598d99347637a25254\",\"fulfillment_node_id\":\"fb72b6f9c1e54625a551711f6ee72714\",\"event_type\":\"updateVbIdSellingIdInventorySkipped/1\",\"update_at\":1564378274,\"stream_sequence_number\":38,\"event_data\":\"{\\\"id\\\":\\\"80502b4fe5934265ba2ba348dde31fd8\\\",\\\"vbId\\\":\\\"80153ff1fbdd4d598d99347637a25254\\\",\\\"sellingId\\\":\\\"80153ff1fbdd4d598d99347637a25254\\\",\\\"merchantId\\\":\\\"e43cf7756d0b4ba8a4e9046774656ce8\\\",\\\"skuId\\\":\\\"80153ff1fbdd4d598d99347637a25254\\\",\\\"f\\\":118,\\\"fnId\\\":\\\"fb72b6f9c1e54625a551711f6ee72714\\\",\\\"fnType\\\":\\\"wolverine\\\",\\\"by\\\":\\\"Vibranium\\\",\\\"at\\\":\\\"2019-07-29T05:31:14+00:00\\\",\\\"invUssn\\\":50,\\\"isInf\\\":false}\"}"}
{"id":"80153ff1fbdd4d598d99347637a25254","table":"killmonger_events_table","keyspace":"msku","timestamp":"2019-07-29T05:45:03.438Z","clusteringKeys":["fb72b6f9c1e54625a551711f6ee72714","updateVbIdSellingIdInventorySkipped/1","1564378274"],"changedColumns":["selling_id","fulfillment_node_id","event_type","update_at","stream_sequence_number","event_data"],"record":"{\"selling_id\":\"80153ff1fbdd4d598d99347637a25254\",\"fulfillment_node_id\":\"fb72b6f9c1e54625a551711f6ee72714\",\"event_type\":\"updateVbIdSellingIdInventorySkipped/1\",\"update_at\":1564378274,\"stream_sequence_number\":39,\"event_data\":\"{\\\"id\\\":\\\"80502b4fe5934265ba2ba348dde31fd8\\\",\\\"vbId\\\":\\\"80153ff1fbdd4d598d99347637a25254\\\",\\\"sellingId\\\":\\\"80153ff1fbdd4d598d99347637a25254\\\",\\\"merchantId\\\":\\\"e43cf7756d0b4ba8a4e9046774656ce8\\\",\\\"skuId\\\":\\\"80153ff1fbdd4d598d99347637a25254\\\",\\\"f\\\":118,\\\"fnId\\\":\\\"fb72b6f9c1e54625a551711f6ee72714\\\",\\\"fnType\\\":\\\"wolverine\\\",\\\"by\\\":\\\"Vibranium\\\",\\\"at\\\":\\\"2019-07-29T05:31:14+00:00\\\",\\\"invUssn\\\":50,\\\"isInf\\\":false}\"}"}
{"id":"33e36c92be0e4f079435e99fea4e3caa","table":"killmonger_events_table","keyspace":"msku","timestamp":"2019-07-29T05:45:03.440Z","clusteringKeys":["fb72b6f9c1e54625a551711f6ee72714","updateVbIdSellingIdInventorySkipped/1","1564375526"],"changedColumns":["selling_id","fulfillment_node_id","event_type","update_at","stream_sequence_number","event_data"],"record":"{\"selling_id\":\"33e36c92be0e4f079435e99fea4e3caa\",\"fulfillment_node_id\":\"fb72b6f9c1e54625a551711f6ee72714\",\"event_type\":\"updateVbIdSellingIdInventorySkipped/1\",\"update_at\":1564375526,\"stream_sequence_number\":44,\"event_data\":\"{\\\"id\\\":\\\"fe178c7da75a481daec9a3323aebdc0d\\\",\\\"vbId\\\":\\\"33e36c92be0e4f079435e99fea4e3caa\\\",\\\"sellingId\\\":\\\"33e36c92be0e4f079435e99fea4e3caa\\\",\\\"merchantId\\\":\\\"e43cf7756d0b4ba8a4e9046774656ce8\\\",\\\"skuId\\\":\\\"33e36c92be0e4f079435e99fea4e3caa\\\",\\\"f\\\":117,\\\"fnId\\\":\\\"fb72b6f9c1e54625a551711f6ee72714\\\",\\\"fnType\\\":\\\"wolverine\\\",\\\"by\\\":\\\"Vibranium\\\",\\\"at\\\":\\\"2019-07-29T04:45:26+00:00\\\",\\\"invUssn\\\":49,\\\"isInf\\\":false}\"}"}
{"id":"5057c49cd4ab4bd4a243f3f42ac638b4","table":"killmonger_events_table","keyspace":"msku","timestamp":"2019-07-29T05:44:36.970Z","clusteringKeys":["fb72b6f9c1e54625a551711f6ee72714","vbIdSellingIdInventoryUpdated/1","1564378274"],"changedColumns":["selling_id","fulfillment_node_id","event_type","update_at","stream_sequence_number","event_data"],"record":"{\"selling_id\":\"5057c49cd4ab4bd4a243f3f42ac638b4\",\"fulfillment_node_id\":\"fb72b6f9c1e54625a551711f6ee72714\",\"event_type\":\"vbIdSellingIdInventoryUpdated/1\",\"update_at\":1564378274,\"stream_sequence_number\":48,\"event_data\":\"{\\\"id\\\":\\\"cd157a015dbc40578a8eb89d16b9f5a2\\\",\\\"vbId\\\":\\\"5057c49cd4ab4bd4a243f3f42ac638b4\\\",\\\"sellingId\\\":\\\"5057c49cd4ab4bd4a243f3f42ac638b4\\\",\\\"merchantId\\\":\\\"e43cf7756d0b4ba8a4e9046774656ce8\\\",\\\"skuId\\\":\\\"5057c49cd4ab4bd4a243f3f42ac638b4\\\",\\\"f\\\":138,\\\"fnId\\\":\\\"fb72b6f9c1e54625a551711f6ee72714\\\",\\\"fnType\\\":\\\"wolverine\\\",\\\"by\\\":\\\"Vibranium\\\",\\\"at\\\":\\\"2019-07-29T05:31:14+00:00\\\",\\\"invUssn\\\":48,\\\"isInf\\\":false,\\\"ifa\\\":true,\\\"martAvail\\\":[{\\\"martId\\\":\\\"21\\\",\\\"ia\\\":true}],\\\"clt\\\":\\\"JoJ\\\"}\"}"}
{"id":"a3973ba7a0d44d54af1a170f5a3d7681","table":"killmonger_events_table","keyspace":"msku","timestamp":"2019-07-29T05:40:44.626Z","clusteringKeys":["fb72b6f9c1e54625a551711f6ee72714","updateVbIdSellingIdInventorySkipped/1","1564375526"],"changedColumns":["selling_id","fulfillment_node_id","event_type","update_at","stream_sequence_number","event_data"],"record":"{\"selling_id\":\"a3973ba7a0d44d54af1a170f5a3d7681\",\"fulfillment_node_id\":\"fb72b6f9c1e54625a551711f6ee72714\",\"event_type\":\"updateVbIdSellingIdInventorySkipped/1\",\"update_at\":1564375526,\"stream_sequence_number\":42,\"event_data\":\"{\\\"id\\\":\\\"2ec023ccf83442ba980644df2e84cc65\\\",\\\"vbId\\\":\\\"a3973ba7a0d44d54af1a170f5a3d7681\\\",\\\"sellingId\\\":\\\"a3973ba7a0d44d54af1a170f5a3d7681\\\",\\\"merchantId\\\":\\\"e43cf7756d0b4ba8a4e9046774656ce8\\\",\\\"skuId\\\":\\\"a3973ba7a0d44d54af1a170f5a3d7681\\\",\\\"f\\\":55,\\\"fnId\\\":\\\"fb72b6f9c1e54625a551711f6ee72714\\\",\\\"fnType\\\":\\\"wolverine\\\",\\\"by\\\":\\\"Vibranium\\\",\\\"at\\\":\\\"2019-07-29T04:45:26+00:00\\\",\\\"invUssn\\\":52,\\\"isInf\\\":false}\"}"}
{"id":"20B13DC627E84A3AA20F5B06F9FAF04B","table":"killmonger_events_table","keyspace":"msku","timestamp":"2019-07-29T05:45:02.389Z","clusteringKeys":["10000005151","vbIdSellingIdInventoryUpdated/1","1564378297"],"changedColumns":["selling_id","fulfillment_node_id","event_type","update_at","stream_sequence_number","event_data"],"record":"{\"selling_id\":\"20B13DC627E84A3AA20F5B06F9FAF04B\",\"fulfillment_node_id\":\"10000005151\",\"event_type\":\"vbIdSellingIdInventoryUpdated/1\",\"update_at\":1564378297,\"stream_sequence_number\":6949,\"event_data\":\"{\\\"id\\\":\\\"289260cdd1084a8685e4afb40a24a491\\\",\\\"vbId\\\":\\\"859422005946-4891\\\",\\\"sellingId\\\":\\\"20B13DC627E84A3AA20F5B06F9FAF04B\\\",\\\"merchantId\\\":\\\"4891\\\",\\\"skuId\\\":\\\"859422005946\\\",\\\"f\\\":6,\\\"fnId\\\":\\\"10000005151\\\",\\\"fnType\\\":\\\"MARKETPLACE\\\",\\\"by\\\":\\\"Vibranium\\\",\\\"at\\\":\\\"2019-07-29T05:31:37+00:00\\\",\\\"invUssn\\\":5679,\\\"catUssn\\\":0,\\\"isInf\\\":false,\\\"ifa\\\":true,\\\"martAvail\\\":[{\\\"martId\\\":\\\"0\\\",\\\"ia\\\":true}],\\\"clt\\\":\\\"WoW\\\"}\"}"}
{"id":"20B13DC627E84A3AA20F5B06F9FAF04B","table":"killmonger_events_table","keyspace":"msku","timestamp":"2019-07-29T05:45:02.389Z","clusteringKeys":["10000005151","updateVbIdSellingIdInventorySkipped/1","1564378297"],"changedColumns":["selling_id","fulfillment_node_id","event_type","update_at","stream_sequence_number","event_data"],"record":"{\"selling_id\":\"20B13DC627E84A3AA20F5B06F9FAF04B\",\"fulfillment_node_id\":\"10000005151\",\"event_type\":\"updateVbIdSellingIdInventorySkipped/1\",\"update_at\":1564378297,\"stream_sequence_number\":6950,\"event_data\":\"{\\\"id\\\":\\\"289260cdd1084a8685e4afb40a24a491\\\",\\\"vbId\\\":\\\"859422005946-4891\\\",\\\"sellingId\\\":\\\"20B13DC627E84A3AA20F5B06F9FAF04B\\\",\\\"merchantId\\\":\\\"4891\\\",\\\"skuId\\\":\\\"859422005946\\\",\\\"f\\\":6,\\\"fnId\\\":\\\"10000005151\\\",\\\"fnType\\\":\\\"MARKETPLACE\\\",\\\"by\\\":\\\"Vibranium\\\",\\\"at\\\":\\\"2019-07-29T05:31:37+00:00\\\",\\\"invUssn\\\":5679,\\\"catUssn\\\":0,\\\"isInf\\\":false}\"}"}
{"id":"b875ea900310475bacc2d41801cd8946","table":"killmonger_events_table","keyspace":"msku","timestamp":"2019-07-29T05:45:02.390Z","clusteringKeys":["fb72b6f9c1e54625a551711f6ee72714","vbIdSellingIdInventoryUpdated/1","1564375344"],"changedColumns":["selling_id","fulfillment_node_id","event_type","update_at","stream_sequence_number","event_data"],"record":"{\"selling_id\":\"b875ea900310475bacc2d41801cd8946\",\"fulfillment_node_id\":\"fb72b6f9c1e54625a551711f6ee72714\",\"event_type\":\"vbIdSellingIdInventoryUpdated/1\",\"update_at\":1564375344,\"stream_sequence_number\":43,\"event_data\":\"{\\\"id\\\":\\\"a9d47fcf3b1144998f7e4cc230014cf1\\\",\\\"vbId\\\":\\\"b875ea900310475bacc2d41801cd8946\\\",\\\"sellingId\\\":\\\"b875ea900310475bacc2d41801cd8946\\\",\\\"merchantId\\\":\\\"e43cf7756d0b4ba8a4e9046774656ce8\\\",\\\"skuId\\\":\\\"b875ea900310475bacc2d41801cd8946\\\",\\\"f\\\":134,\\\"fnId\\\":\\\"fb72b6f9c1e54625a551711f6ee72714\\\",\\\"fnType\\\":\\\"wolverine\\\",\\\"by\\\":\\\"Vibranium\\\",\\\"at\\\":\\\"2019-07-29T04:42:24+00:00\\\",\\\"invUssn\\\":49,\\\"isInf\\\":false,\\\"ifa\\\":true,\\\"martAvail\\\":[{\\\"martId\\\":\\\"21\\\",\\\"ia\\\":true}],\\\"clt\\\":\\\"JoJ\\\"}\"}"}
{"id":"b875ea900310475bacc2d41801cd8946","table":"killmonger_events_table","keyspace":"msku","timestamp":"2019-07-29T05:45:02.390Z","clusteringKeys":["fb72b6f9c1e54625a551711f6ee72714","updateVbIdSellingIdInventorySkipped/1","1564375344"],"changedColumns":["selling_id","fulfillment_node_id","event_type","update_at","stream_sequence_number","event_data"],"record":"{\"selling_id\":\"b875ea900310475bacc2d41801cd8946\",\"fulfillment_node_id\":\"fb72b6f9c1e54625a551711f6ee72714\",\"event_type\":\"updateVbIdSellingIdInventorySkipped/1\",\"update_at\":1564375344,\"stream_sequence_number\":44,\"event_data\":\"{\\\"id\\\":\\\"a42eea3c698f4152be7b76b5b29b920e\\\",\\\"vbId\\\":\\\"b875ea900310475bacc2d41801cd8946\\\",\\\"sellingId\\\":\\\"b875ea900310475bacc2d41801cd8946\\\",\\\"merchantId\\\":\\\"e43cf7756d0b4ba8a4e9046774656ce8\\\",\\\"skuId\\\":\\\"b875ea900310475bacc2d41801cd8946\\\",\\\"f\\\":134,\\\"fnId\\\":\\\"fb72b6f9c1e54625a551711f6ee72714\\\",\\\"fnType\\\":\\\"wolverine\\\",\\\"by\\\":\\\"Vibranium\\\",\\\"at\\\":\\\"2019-07-29T04:42:24+00:00\\\",\\\"invUssn\\\":49,\\\"isInf\\\":false}\"}"}
{"id":"9E4F06BCAAAB499995AD1F3D4A054C8A","table":"killmonger_events_table","keyspace":"msku","timestamp":"2019-07-29T05:45:02.390Z","clusteringKeys":["10000012970","updateVbIdSellingIdInventorySkipped/1","1564375506"],"changedColumns":["selling_id","fulfillment_node_id","event_type","update_at","stream_sequence_number","event_data"],"record":"{\"selling_id\":\"9E4F06BCAAAB499995AD1F3D4A054C8A\",\"fulfillment_node_id\":\"10000012970\",\"event_type\":\"updateVbIdSellingIdInventorySkipped/1\",\"update_at\":1564375506,\"stream_sequence_number\":3419,\"event_data\":\"{\\\"id\\\":\\\"c799709e53b741148de8c9e920908b96\\\",\\\"vbId\\\":\\\"657993062135-12863\\\",\\\"sellingId\\\":\\\"9E4F06BCAAAB499995AD1F3D4A054C8A\\\",\\\"merchantId\\\":\\\"12863\\\",\\\"skuId\\\":\\\"657993062135\\\",\\\"f\\\":17,\\\"fnId\\\":\\\"10000012970\\\",\\\"fnType\\\":\\\"MARKETPLACE\\\",\\\"by\\\":\\\"Vibranium\\\",\\\"at\\\":\\\"2019-07-29T04:45:06+00:00\\\",\\\"invUssn\\\":2847,\\\"catUssn\\\":0,\\\"isInf\\\":false}\"}"}
{"id":"e3596c5a81c94f70965eb427d689725e","table":"killmonger_events_table","keyspace":"msku","timestamp":"2019-07-29T05:45:02.397Z","clusteringKeys":["fb72b6f9c1e54625a551711f6ee72714","vbIdSellingIdInventoryUpdated/1","1564378274"],"changedColumns":["selling_id","fulfillment_node_id","event_type","update_at","stream_sequence_number","event_data"],"record":"{\"selling_id\":\"e3596c5a81c94f70965eb427d689725e\",\"fulfillment_node_id\":\"fb72b6f9c1e54625a551711f6ee72714\",\"event_type\":\"vbIdSellingIdInventoryUpdated/1\",\"update_at\":1564378274,\"stream_sequence_number\":51,\"event_data\":\"{\\\"id\\\":\\\"727a61a520234b0da21b4d68ae1dc26c\\\",\\\"vbId\\\":\\\"e3596c5a81c94f70965eb427d689725e\\\",\\\"sellingId\\\":\\\"e3596c5a81c94f70965eb427d689725e\\\",\\\"merchantId\\\":\\\"e43cf7756d0b4ba8a4e9046774656ce8\\\",\\\"skuId\\\":\\\"e3596c5a81c94f70965eb427d689725e\\\",\\\"f\\\":136,\\\"fnId\\\":\\\"fb72b6f9c1e54625a551711f6ee72714\\\",\\\"fnType\\\":\\\"wolverine\\\",\\\"by\\\":\\\"Vibranium\\\",\\\"at\\\":\\\"2019-07-29T05:31:14+00:00\\\",\\\"invUssn\\\":55,\\\"isInf\\\":false,\\\"ifa\\\":true,\\\"martAvail\\\":[{\\\"martId\\\":\\\"21\\\",\\\"ia\\\":true}],\\\"clt\\\":\\\"JoJ\\\"}\"}"}
{"id":"C4530498E4F14DFBAD91839FDE426918","table":"killmonger_events_table","keyspace":"msku","timestamp":"2019-07-29T05:40:44.642Z","clusteringKeys":["10000006350","updateVbIdSellingIdInventorySkipped/1","1564375531"],"changedColumns":["selling_id","fulfillment_node_id","event_type","update_at","stream_sequence_number","event_data"],"record":"{\"selling_id\":\"C4530498E4F14DFBAD91839FDE426918\",\"fulfillment_node_id\":\"10000006350\",\"event_type\":\"updateVbIdSellingIdInventorySkipped/1\",\"update_at\":1564375531,\"stream_sequence_number\":3821,\"event_data\":\"{\\\"id\\\":\\\"451cecaefdcd495e9ff8b87ad039499f\\\",\\\"vbId\\\":\\\"70060-6207\\\",\\\"sellingId\\\":\\\"C4530498E4F14DFBAD91839FDE426918\\\",\\\"merchantId\\\":\\\"6207\\\",\\\"skuId\\\":\\\"70060\\\",\\\"f\\\":2,\\\"fnId\\\":\\\"10000006350\\\",\\\"fnType\\\":\\\"MARKETPLACE\\\",\\\"by\\\":\\\"Vibranium\\\",\\\"at\\\":\\\"2019-07-29T04:45:31+00:00\\\",\\\"invUssn\\\":3164,\\\"catUssn\\\":0,\\\"isInf\\\":false}\"}"}
{"id":"748697596c644dcdb9b7097a5622729b","table":"killmonger_events_table","keyspace":"msku","timestamp":"2019-07-29T05:40:44.642Z","clusteringKeys":["7d029b0996bd4f16bbd74454bab3ab2e","vbIdSellingIdInventoryUpdated/1","1564378274"],"changedColumns":["selling_id","fulfillment_node_id","event_type","update_at","stream_sequence_number","event_data"],"record":"{\"selling_id\":\"748697596c644dcdb9b7097a5622729b\",\"fulfillment_node_id\":\"7d029b0996bd4f16bbd74454bab3ab2e\",\"event_type\":\"vbIdSellingIdInventoryUpdated/1\",\"update_at\":1564378274,\"stream_sequence_number\":40,\"event_data\":\"{\\\"id\\\":\\\"64dc225fa5804f31af8da8416ad087e4\\\",\\\"vbId\\\":\\\"748697596c644dcdb9b7097a5622729b\\\",\\\"sellingId\\\":\\\"748697596c644dcdb9b7097a5622729b\\\",\\\"merchantId\\\":\\\"e43cf7756d0b4ba8a4e9046774656ce8\\\",\\\"skuId\\\":\\\"748697596c644dcdb9b7097a5622729b\\\",\\\"f\\\":52,\\\"fnId\\\":\\\"7d029b0996bd4f16bbd74454bab3ab2e\\\",\\\"fnType\\\":\\\"wolverine\\\",\\\"by\\\":\\\"Vibranium\\\",\\\"at\\\":\\\"2019-07-29T05:31:14+00:00\\\",\\\"invUssn\\\":53,\\\"isInf\\\":false,\\\"ifa\\\":true,\\\"martAvail\\\":[{\\\"martId\\\":\\\"21\\\",\\\"ia\\\":true}],\\\"clt\\\":\\\"JoJ\\\"}\"}"}
{"id":"748697596c644dcdb9b7097a5622729b","table":"killmonger_events_table","keyspace":"msku","timestamp":"2019-07-29T05:40:44.642Z","clusteringKeys":["7d029b0996bd4f16bbd74454bab3ab2e","updateVbIdSellingIdInventorySkipped/1","1564378274"],"changedColumns":["selling_id","fulfillment_node_id","event_type","update_at","stream_sequence_number","event_data"],"record":"{\"selling_id\":\"748697596c644dcdb9b7097a5622729b\",\"fulfillment_node_id\":\"7d029b0996bd4f16bbd74454bab3ab2e\",\"event_type\":\"updateVbIdSellingIdInventorySkipped/1\",\"update_at\":1564378274,\"stream_sequence_number\":41,\"event_data\":\"{\\\"id\\\":\\\"64dc225fa5804f31af8da8416ad087e4\\\",\\\"vbId\\\":\\\"748697596c644dcdb9b7097a5622729b\\\",\\\"sellingId\\\":\\\"748697596c644dcdb9b7097a5622729b\\\",\\\"merchantId\\\":\\\"e43cf7756d0b4ba8a4e9046774656ce8\\\",\\\"skuId\\\":\\\"748697596c644dcdb9b7097a5622729b\\\",\\\"f\\\":52,\\\"fnId\\\":\\\"7d029b0996bd4f16bbd74454bab3ab2e\\\",\\\"fnType\\\":\\\"wolverine\\\",\\\"by\\\":\\\"Vibranium\\\",\\\"at\\\":\\\"2019-07-29T05:31:14+00:00\\\",\\\"invUssn\\\":53,\\\"isInf\\\":false}\"}"}
{"id":"1afba65ce736478988a0fe324ab034d2","table":"killmonger_events_table","keyspace":"msku","timestamp":"2019-07-29T05:40:44.643Z","clusteringKeys":["fb72b6f9c1e54625a551711f6ee72714","vbIdSellingIdInventoryUpdated/1","1564378274"],"changedColumns":["selling_id","fulfillment_node_id","event_type","update_at","stream_sequence_number","event_data"],"record":"{\"selling_id\":\"1afba65ce736478988a0fe324ab034d2\",\"fulfillment_node_id\":\"fb72b6f9c1e54625a551711f6ee72714\",\"event_type\":\"vbIdSellingIdInventoryUpdated/1\",\"update_at\":1564378274,\"stream_sequence_number\":41,\"event_data\":\"{\\\"id\\\":\\\"55c944b30fb1440e95c18eb5d204db04\\\",\\\"vbId\\\":\\\"1afba65ce736478988a0fe324ab034d2\\\",\\\"sellingId\\\":\\\"1afba65ce736478988a0fe324ab034d2\\\",\\\"merchantId\\\":\\\"e43cf7756d0b4ba8a4e9046774656ce8\\\",\\\"skuId\\\":\\\"1afba65ce736478988a0fe324ab034d2\\\",\\\"f\\\":122,\\\"fnId\\\":\\\"fb72b6f9c1e54625a551711f6ee72714\\\",\\\"fnType\\\":\\\"wolverine\\\",\\\"by\\\":\\\"Vibranium\\\",\\\"at\\\":\\\"2019-07-29T05:31:14+00:00\\\",\\\"invUssn\\\":54,\\\"isInf\\\":false,\\\"ifa\\\":true,\\\"martAvail\\\":[{\\\"martId\\\":\\\"21\\\",\\\"ia\\\":true}],\\\"clt\\\":\\\"JoJ\\\"}\"}"}
{"id":"ac9ed4e2113f455c8faef3259d4ee29d","table":"killmonger_events_table","keyspace":"msku","timestamp":"2019-07-29T05:40:44.643Z","clusteringKeys":["fb72b6f9c1e54625a551711f6ee72714","updateVbIdSellingIdInventorySkipped/1","1564378274"],"changedColumns":["selling_id","fulfillment_node_id","event_type","update_at","stream_sequence_number","event_data"],"record":"{\"selling_id\":\"ac9ed4e2113f455c8faef3259d4ee29d\",\"fulfillment_node_id\":\"fb72b6f9c1e54625a551711f6ee72714\",\"event_type\":\"updateVbIdSellingIdInventorySkipped/1\",\"update_at\":1564378274,\"stream_sequence_number\":42,\"event_data\":\"{\\\"id\\\":\\\"d8750772863c4bfca3859d7d31d4af13\\\",\\\"vbId\\\":\\\"ac9ed4e2113f455c8faef3259d4ee29d\\\",\\\"sellingId\\\":\\\"ac9ed4e2113f455c8faef3259d4ee29d\\\",\\\"merchantId\\\":\\\"e43cf7756d0b4ba8a4e9046774656ce8\\\",\\\"skuId\\\":\\\"ac9ed4e2113f455c8faef3259d4ee29d\\\",\\\"f\\\":148,\\\"fnId\\\":\\\"fb72b6f9c1e54625a551711f6ee72714\\\",\\\"fnType\\\":\\\"wolverine\\\",\\\"by\\\":\\\"Vibranium\\\",\\\"at\\\":\\\"2019-07-29T05:31:14+00:00\\\",\\\"invUssn\\\":48,\\\"isInf\\\":false}\"}"}
{"id":"156b20cc0bc441abad9d67a29f0f847a","table":"killmonger_events_table","keyspace":"msku","timestamp":"2019-07-29T05:45:02.404Z","clusteringKeys":["fb72b6f9c1e54625a551711f6ee72714","updateVbIdSellingIdInventorySkipped/1","1564378479"],"changedColumns":["selling_id","fulfillment_node_id","event_type","update_at","stream_sequence_number","event_data"],"record":"{\"selling_id\":\"156b20cc0bc441abad9d67a29f0f847a\",\"fulfillment_node_id\":\"fb72b6f9c1e54625a551711f6ee72714\",\"event_type\":\"updateVbIdSellingIdInventorySkipped/1\",\"update_at\":1564378479,\"stream_sequence_number\":45,\"event_data\":\"{\\\"id\\\":\\\"e69aad8989b140109f6c5673a1c32b92\\\",\\\"vbId\\\":\\\"156b20cc0bc441abad9d67a29f0f847a\\\",\\\"sellingId\\\":\\\"156b20cc0bc441abad9d67a29f0f847a\\\",\\\"merchantId\\\":\\\"e43cf7756d0b4ba8a4e9046774656ce8\\\",\\\"skuId\\\":\\\"156b20cc0bc441abad9d67a29f0f847a\\\",\\\"f\\\":72,\\\"fnId\\\":\\\"fb72b6f9c1e54625a551711f6ee72714\\\",\\\"fnType\\\":\\\"wolverine\\\",\\\"by\\\":\\\"Vibranium\\\",\\\"at\\\":\\\"2019-07-29T05:34:39+00:00\\\",\\\"invUssn\\\":52,\\\"isInf\\\":false}\"}"}
{"id":"f880de30f1354905ad177eb639849126","table":"killmonger_events_table","keyspace":"msku","timestamp":"2019-07-29T05:45:02.409Z","clusteringKeys":["0a633d9fe80f4a45b6fdf372a649be0c","vbIdSellingIdInventoryUpdated/1","1564378479"],"changedColumns":["selling_id","fulfillment_node_id","event_type","update_at","stream_sequence_number","event_data"],"record":"{\"selling_id\":\"f880de30f1354905ad177eb639849126\",\"fulfillment_node_id\":\"0a633d9fe80f4a45b6fdf372a649be0c\",\"event_type\":\"vbIdSellingIdInventoryUpdated/1\",\"update_at\":1564378479,\"stream_sequence_number\":43,\"event_data\":\"{\\\"id\\\":\\\"ba9dac5d14a94667b7b58edcbf5e14e2\\\",\\\"vbId\\\":\\\"f880de30f1354905ad177eb639849126\\\",\\\"sellingId\\\":\\\"f880de30f1354905ad177eb639849126\\\",\\\"merchantId\\\":\\\"e43cf7756d0b4ba8a4e9046774656ce8\\\",\\\"skuId\\\":\\\"f880de30f1354905ad177eb639849126\\\",\\\"f\\\":107,\\\"fnId\\\":\\\"0a633d9fe80f4a45b6fdf372a649be0c\\\",\\\"fnType\\\":\\\"wolverine\\\",\\\"by\\\":\\\"Vibranium\\\",\\\"at\\\":\\\"2019-07-29T05:34:39+00:00\\\",\\\"invUssn\\\":54,\\\"isInf\\\":false,\\\"ifa\\\":true,\\\"martAvail\\\":[{\\\"martId\\\":\\\"21\\\",\\\"ia\\\":true}],\\\"clt\\\":\\\"JoJ\\\"}\"}"}
{"id":"018c927adc16421b827d8a3297dc51d3","table":"killmonger_events_table","keyspace":"msku","timestamp":"2019-07-29T05:40:44.650Z","clusteringKeys":["fb72b6f9c1e54625a551711f6ee72714","vbIdSellingIdInventoryUpdated/1","1564378274"],"changedColumns":["selling_id","fulfillment_node_id","event_type","update_at","stream_sequence_number","event_data"],"record":"{\"selling_id\":\"018c927adc16421b827d8a3297dc51d3\",\"fulfillment_node_id\":\"fb72b6f9c1e54625a551711f6ee72714\",\"event_type\":\"vbIdSellingIdInventoryUpdated/1\",\"update_at\":1564378274,\"stream_sequence_number\":38,\"event_data\":\"{\\\"id\\\":\\\"e951c9a2abb94e5c8d512738651dc6f0\\\",\\\"vbId\\\":\\\"018c927adc16421b827d8a3297dc51d3\\\",\\\"sellingId\\\":\\\"018c927adc16421b827d8a3297dc51d3\\\",\\\"merchantId\\\":\\\"e43cf7756d0b4ba8a4e9046774656ce8\\\",\\\"skuId\\\":\\\"018c927adc16421b827d8a3297dc51d3\\\",\\\"f\\\":113,\\\"fnId\\\":\\\"fb72b6f9c1e54625a551711f6ee72714\\\",\\\"fnType\\\":\\\"wolverine\\\",\\\"by\\\":\\\"Vibranium\\\",\\\"at\\\":\\\"2019-07-29T05:31:14+00:00\\\",\\\"invUssn\\\":48,\\\"isInf\\\":false,\\\"ifa\\\":true,\\\"martAvail\\\":[{\\\"martId\\\":\\\"21\\\",\\\"ia\\\":true}],\\\"clt\\\":\\\"JoJ\\\"}\"}"}
{"id":"819ce1685e4749bc88ce603a5f06eb71","table":"killmonger_events_table","keyspace":"msku","timestamp":"2019-07-29T05:40:44.651Z","clusteringKeys":["0a633d9fe80f4a45b6fdf372a649be0c","updateVbIdSellingIdInventorySkipped/1","1564378274"],"changedColumns":["selling_id","fulfillment_node_id","event_type","update_at","stream_sequence_number","event_data"],"record":"{\"selling_id\":\"819ce1685e4749bc88ce603a5f06eb71\",\"fulfillment_node_id\":\"0a633d9fe80f4a45b6fdf372a649be0c\",\"event_type\":\"updateVbIdSellingIdInventorySkipped/1\",\"update_at\":1564378274,\"stream_sequence_number\":38,\"event_data\":\"{\\\"id\\\":\\\"6bbb44109e7c4973aa81026c42dc25a8\\\",\\\"vbId\\\":\\\"819ce1685e4749bc88ce603a5f06eb71\\\",\\\"sellingId\\\":\\\"819ce1685e4749bc88ce603a5f06eb71\\\",\\\"merchantId\\\":\\\"e43cf7756d0b4ba8a4e9046774656ce8\\\",\\\"skuId\\\":\\\"819ce1685e4749bc88ce603a5f06eb71\\\",\\\"f\\\":87,\\\"fnId\\\":\\\"0a633d9fe80f4a45b6fdf372a649be0c\\\",\\\"fnType\\\":\\\"wolverine\\\",\\\"by\\\":\\\"Vibranium\\\",\\\"at\\\":\\\"2019-07-29T05:31:14+00:00\\\",\\\"invUssn\\\":48,\\\"isInf\\\":false}\"}"}
{"id":"d654254f679e4aa297aa2570d8b835a5","table":"killmonger_events_table","keyspace":"msku","timestamp":"2019-07-29T05:44:37.002Z","clusteringKeys":["6ccbd76c487c42e5b65dd274f51b72ea","vbIdSellingIdInventoryUpdated/1","1564378274"],"changedColumns":["selling_id","fulfillment_node_id","event_type","update_at","stream_sequence_number","event_data"],"record":"{\"selling_id\":\"d654254f679e4aa297aa2570d8b835a5\",\"fulfillment_node_id\":\"6ccbd76c487c42e5b65dd274f51b72ea\",\"event_type\":\"vbIdSellingIdInventoryUpdated/1\",\"update_at\":1564378274,\"stream_sequence_number\":46,\"event_data\":\"{\\\"id\\\":\\\"1b47c149fd1643919013c47f2ac408d2\\\",\\\"vbId\\\":\\\"d654254f679e4aa297aa2570d8b835a5\\\",\\\"sellingId\\\":\\\"d654254f679e4aa297aa2570d8b835a5\\\",\\\"merchantId\\\":\\\"e43cf7756d0b4ba8a4e9046774656ce8\\\",\\\"skuId\\\":\\\"d654254f679e4aa297aa2570d8b835a5\\\",\\\"f\\\":125,\\\"fnId\\\":\\\"6ccbd76c487c42e5b65dd274f51b72ea\\\",\\\"fnType\\\":\\\"wolverine\\\",\\\"by\\\":\\\"Vibranium\\\",\\\"at\\\":\\\"2019-07-29T05:31:14+00:00\\\",\\\"invUssn\\\":49,\\\"isInf\\\":false,\\\"ifa\\\":true,\\\"martAvail\\\":[{\\\"martId\\\":\\\"21\\\",\\\"ia\\\":true}],\\\"clt\\\":\\\"JoJ\\\"}\"}"}
{"id":"ae12ca621da9465ba3b03b3516eb94c4","table":"killmonger_events_table","keyspace":"msku","timestamp":"2019-07-29T05:45:02.417Z","clusteringKeys":["fb72b6f9c1e54625a551711f6ee72714","vbIdSellingIdInventoryUpdated/1","1564378274"],"changedColumns":["selling_id","fulfillment_node_id","event_type","update_at","stream_sequence_number","event_data"],"record":"{\"selling_id\":\"ae12ca621da9465ba3b03b3516eb94c4\",\"fulfillment_node_id\":\"fb72b6f9c1e54625a551711f6ee72714\",\"event_type\":\"vbIdSellingIdInventoryUpdated/1\",\"update_at\":1564378274,\"stream_sequence_number\":38,\"event_data\":\"{\\\"id\\\":\\\"b51f62f67e8e4d8ea9b397b9fee16643\\\",\\\"vbId\\\":\\\"ae12ca621da9465ba3b03b3516eb94c4\\\",\\\"sellingId\\\":\\\"ae12ca621da9465ba3b03b3516eb94c4\\\",\\\"merchantId\\\":\\\"e43cf7756d0b4ba8a4e9046774656ce8\\\",\\\"skuId\\\":\\\"ae12ca621da9465ba3b03b3516eb94c4\\\",\\\"f\\\":124,\\\"fnId\\\":\\\"fb72b6f9c1e54625a551711f6ee72714\\\",\\\"fnType\\\":\\\"wolverine\\\",\\\"by\\\":\\\"Vibranium\\\",\\\"at\\\":\\\"2019-07-29T05:31:14+00:00\\\",\\\"invUssn\\\":48,\\\"isInf\\\":false,\\\"ifa\\\":true,\\\"martAvail\\\":[{\\\"martId\\\":\\\"21\\\",\\\"ia\\\":true}],\\\"clt\\\":\\\"JoJ\\\"}\"}"}
{"id":"BABF80C1300242D79D6883963437949B","table":"killmonger_events_table","keyspace":"msku","timestamp":"2019-07-29T05:45:02.417Z","clusteringKeys":["3559","vbIdSellingIdInventoryUpdated/1","1564378911"],"changedColumns":["selling_id","fulfillment_node_id","event_type","update_at","stream_sequence_number","event_data"],"record":"{\"selling_id\":\"BABF80C1300242D79D6883963437949B\",\"fulfillment_node_id\":\"3559\",\"event_type\":\"vbIdSellingIdInventoryUpdated/1\",\"update_at\":1564378911,\"stream_sequence_number\":118,\"event_data\":\"{\\\"id\\\":\\\"ace80162b1fc49f78ec4fcd5985a592e\\\",\\\"vbId\\\":\\\"PantherMigrationVbId\\\",\\\"sellingId\\\":\\\"BABF80C1300242D79D6883963437949B\\\",\\\"merchantId\\\":\\\"9fc08905039048918982091f266c2a29\\\",\\\"skuId\\\":\\\"PantherMigrationSkuId\\\",\\\"f\\\":0,\\\"fnId\\\":\\\"3559\\\",\\\"by\\\":\\\"Killmonger.Migration.MapInWalmartInvUpdates\\\",\\\"at\\\":\\\"2019-07-29T05:41:51.709+00:00\\\",\\\"invUssn\\\":0,\\\"isInf\\\":false,\\\"ifa\\\":true,\\\"martAvail\\\":[{\\\"martId\\\":\\\"21\\\",\\\"ia\\\":true},{\\\"martId\\\":\\\"0\\\",\\\"ia\\\":true}],\\\"clt\\\":\\\"WoJ\\\"}\"}"}
{"id":"89660b66b00a41fbafec07b102ad77b3","table":"killmonger_events_table","keyspace":"msku","timestamp":"2019-07-29T05:45:02.418Z","clusteringKeys":["7d029b0996bd4f16bbd74454bab3ab2e","updateVbIdSellingIdInventorySkipped/1","1564378274"],"changedColumns":["selling_id","fulfillment_node_id","event_type","update_at","stream_sequence_number","event_data"],"record":"{\"selling_id\":\"89660b66b00a41fbafec07b102ad77b3\",\"fulfillment_node_id\":\"7d029b0996bd4f16bbd74454bab3ab2e\",\"event_type\":\"updateVbIdSellingIdInventorySkipped/1\",\"update_at\":1564378274,\"stream_sequence_number\":48,\"event_data\":\"{\\\"id\\\":\\\"31363eedea2d47a69daf7f61f8da7b18\\\",\\\"vbId\\\":\\\"89660b66b00a41fbafec07b102ad77b3\\\",\\\"sellingId\\\":\\\"89660b66b00a41fbafec07b102ad77b3\\\",\\\"merchantId\\\":\\\"e43cf7756d0b4ba8a4e9046774656ce8\\\",\\\"skuId\\\":\\\"89660b66b00a41fbafec07b102ad77b3\\\",\\\"f\\\":141,\\\"fnId\\\":\\\"7d029b0996bd4f16bbd74454bab3ab2e\\\",\\\"fnType\\\":\\\"wolverine\\\",\\\"by\\\":\\\"Vibranium\\\",\\\"at\\\":\\\"2019-07-29T05:31:14+00:00\\\",\\\"invUssn\\\":50,\\\"isInf\\\":false}\"}"}
{"id":"1712442d1f804d82b2553748ad59813e","table":"killmonger_events_table","keyspace":"msku","timestamp":"2019-07-29T05:45:02.418Z","clusteringKeys":["6ccbd76c487c42e5b65dd274f51b72ea","vbIdSellingIdInventoryUpdated/1","1564378274"],"changedColumns":["selling_id","fulfillment_node_id","event_type","update_at","stream_sequence_number","event_data"],"record":"{\"selling_id\":\"1712442d1f804d82b2553748ad59813e\",\"fulfillment_node_id\":\"6ccbd76c487c42e5b65dd274f51b72ea\",\"event_type\":\"vbIdSellingIdInventoryUpdated/1\",\"update_at\":1564378274,\"stream_sequence_number\":38,\"event_data\":\"{\\\"id\\\":\\\"b1834415754b4cd2abe2ad6d53dbd3af\\\",\\\"vbId\\\":\\\"1712442d1f804d82b2553748ad59813e\\\",\\\"sellingId\\\":\\\"1712442d1f804d82b2553748ad59813e\\\",\\\"merchantId\\\":\\\"e43cf7756d0b4ba8a4e9046774656ce8\\\",\\\"skuId\\\":\\\"1712442d1f804d82b2553748ad59813e\\\",\\\"f\\\":102,\\\"fnId\\\":\\\"6ccbd76c487c42e5b65dd274f51b72ea\\\",\\\"fnType\\\":\\\"wolverine\\\",\\\"by\\\":\\\"Vibranium\\\",\\\"at\\\":\\\"2019-07-29T05:31:14+00:00\\\",\\\"invUssn\\\":50,\\\"isInf\\\":false,\\\"ifa\\\":true,\\\"martAvail\\\":[{\\\"martId\\\":\\\"21\\\",\\\"ia\\\":true}],\\\"clt\\\":\\\"JoJ\\\"}\"}"}
{"id":"b28376c57fb348dca2686323dca772a6","table":"killmonger_events_table","keyspace":"msku","timestamp":"2019-07-29T05:44:37.002Z","clusteringKeys":["d8c82725c2f44901bbee8db463c10582","vbIdSellingIdInventoryUpdated/1","1564378132"],"changedColumns":["selling_id","fulfillment_node_id","event_type","update_at","stream_sequence_number","event_data"],"record":"{\"selling_id\":\"b28376c57fb348dca2686323dca772a6\",\"fulfillment_node_id\":\"d8c82725c2f44901bbee8db463c10582\",\"event_type\":\"vbIdSellingIdInventoryUpdated/1\",\"update_at\":1564378132,\"stream_sequence_number\":365,\"event_data\":\"{\\\"id\\\":\\\"3ef5218b6d9b420797466295567a6be2\\\",\\\"vbId\\\":\\\"b28376c57fb348dca2686323dca772a6\\\",\\\"sellingId\\\":\\\"b28376c57fb348dca2686323dca772a6\\\",\\\"merchantId\\\":\\\"01133ed0b8d64d11b1766d2295fa867b\\\",\\\"skuId\\\":\\\"b28376c57fb348dca2686323dca772a6\\\",\\\"f\\\":495,\\\"fnId\\\":\\\"d8c82725c2f44901bbee8db463c10582\\\",\\\"fnType\\\":\\\"wolverine\\\",\\\"by\\\":\\\"Vibranium\\\",\\\"at\\\":\\\"2019-07-29T05:28:52+00:00\\\",\\\"invUssn\\\":383,\\\"isInf\\\":false,\\\"ifa\\\":true,\\\"martAvail\\\":[{\\\"martId\\\":\\\"21\\\",\\\"ia\\\":true}],\\\"clt\\\":\\\"JoJ\\\"}\"}"}
{"id":"e2712afbcda84299a80fa9c217e88c79","table":"killmonger_events_table","keyspace":"msku","timestamp":"2019-07-29T05:44:37.004Z","clusteringKeys":["fb72b6f9c1e54625a551711f6ee72714","updateVbIdSellingIdInventorySkipped/1","1564375160"],"changedColumns":["selling_id","fulfillment_node_id","event_type","update_at","stream_sequence_number","event_data"],"record":"{\"selling_id\":\"e2712afbcda84299a80fa9c217e88c79\",\"fulfillment_node_id\":\"fb72b6f9c1e54625a551711f6ee72714\",\"event_type\":\"updateVbIdSellingIdInventorySkipped/1\",\"update_at\":1564375160,\"stream_sequence_number\":54,\"event_data\":\"{\\\"id\\\":\\\"b40e8a0b151b4c3187515e6a4fa2f102\\\",\\\"vbId\\\":\\\"e2712afbcda84299a80fa9c217e88c79\\\",\\\"sellingId\\\":\\\"e2712afbcda84299a80fa9c217e88c79\\\",\\\"merchantId\\\":\\\"e43cf7756d0b4ba8a4e9046774656ce8\\\",\\\"skuId\\\":\\\"e2712afbcda84299a80fa9c217e88c79\\\",\\\"f\\\":96,\\\"fnId\\\":\\\"fb72b6f9c1e54625a551711f6ee72714\\\",\\\"fnType\\\":\\\"wolverine\\\",\\\"by\\\":\\\"Vibranium\\\",\\\"at\\\":\\\"2019-07-29T04:39:20+00:00\\\",\\\"invUssn\\\":48,\\\"isInf\\\":false}\"}"}
{"id":"BABF80C1300242D79D6883963437949B","table":"killmonger_events_table","keyspace":"msku","timestamp":"2019-07-29T05:45:03.479Z","clusteringKeys":["6284","vbIdSellingIdInventoryUpdated/1","1564378911"],"changedColumns":["selling_id","fulfillment_node_id","event_type","update_at","stream_sequence_number","event_data"],"record":"{\"selling_id\":\"BABF80C1300242D79D6883963437949B\",\"fulfillment_node_id\":\"6284\",\"event_type\":\"vbIdSellingIdInventoryUpdated/1\",\"update_at\":1564378911,\"stream_sequence_number\":154,\"event_data\":\"{\\\"id\\\":\\\"2e00c92178444ea9a182f3bb79678214\\\",\\\"vbId\\\":\\\"PantherMigrationVbId\\\",\\\"sellingId\\\":\\\"BABF80C1300242D79D6883963437949B\\\",\\\"merchantId\\\":\\\"9fc08905039048918982091f266c2a29\\\",\\\"skuId\\\":\\\"PantherMigrationSkuId\\\",\\\"f\\\":9,\\\"fnId\\\":\\\"6284\\\",\\\"by\\\":\\\"Killmonger.Migration.MapInWalmartInvUpdates\\\",\\\"at\\\":\\\"2019-07-29T05:41:51.709+00:00\\\",\\\"invUssn\\\":0,\\\"isInf\\\":false,\\\"ifa\\\":true,\\\"martAvail\\\":[{\\\"martId\\\":\\\"21\\\",\\\"ia\\\":true},{\\\"martId\\\":\\\"0\\\",\\\"ia\\\":true}],\\\"clt\\\":\\\"WoJ\\\"}\"}"}
{"id":"e0e099df29fc4615b51ca821a30526fe","table":"killmonger_events_table","keyspace":"msku","timestamp":"2019-07-29T05:40:44.669Z","clusteringKeys":["fb72b6f9c1e54625a551711f6ee72714","updateVbIdSellingIdInventorySkipped/1","1564374967"],"changedColumns":["selling_id","fulfillment_node_id","event_type","update_at","stream_sequence_number","event_data"],"record":"{\"selling_id\":\"e0e099df29fc4615b51ca821a30526fe\",\"fulfillment_node_id\":\"fb72b6f9c1e54625a551711f6ee72714\",\"event_type\":\"updateVbIdSellingIdInventorySkipped/1\",\"update_at\":1564374967,\"stream_sequence_number\":43,\"event_data\":\"{\\\"id\\\":\\\"026e7103074640d693eb10156bdcc0c8\\\",\\\"vbId\\\":\\\"e0e099df29fc4615b51ca821a30526fe\\\",\\\"sellingId\\\":\\\"e0e099df29fc4615b51ca821a30526fe\\\",\\\"merchantId\\\":\\\"e43cf7756d0b4ba8a4e9046774656ce8\\\",\\\"skuId\\\":\\\"e0e099df29fc4615b51ca821a30526fe\\\",\\\"f\\\":144,\\\"fnId\\\":\\\"fb72b6f9c1e54625a551711f6ee72714\\\",\\\"fnType\\\":\\\"wolverine\\\",\\\"by\\\":\\\"Vibranium\\\",\\\"at\\\":\\\"2019-07-29T04:36:07+00:00\\\",\\\"invUssn\\\":49,\\\"isInf\\\":false}\"}"}
{"id":"0f3a23908de04bf793e14d96250c077f","table":"killmonger_events_table","keyspace":"msku","timestamp":"2019-07-29T05:44:37.010Z","clusteringKeys":["a44ed808cbc54f52bb675842abbfbd40","sellingIdArchiveFnChanged/1","1564376016"],"changedColumns":["selling_id","fulfillment_node_id","event_type","update_at","stream_sequence_number","event_data"],"record":"{\"selling_id\":\"0f3a23908de04bf793e14d96250c077f\",\"fulfillment_node_id\":\"a44ed808cbc54f52bb675842abbfbd40\",\"event_type\":\"sellingIdArchiveFnChanged/1\",\"update_at\":1564376016,\"stream_sequence_number\":21,\"event_data\":\"{\\\"id\\\":\\\"acda9a1ea1c54bf1baefe99780851d58\\\",\\\"sellingId\\\":\\\"0f3a23908de04bf793e14d96250c077f\\\",\\\"fnId\\\":\\\"a44ed808cbc54f52bb675842abbfbd40\\\",\\\"isArchived\\\":false,\\\"by\\\":\\\"sys\\\",\\\"at\\\":\\\"2019-07-29T04:53:36+00:00\\\",\\\"clt\\\":\\\"JoJ\\\"}\"}"}
{"id":"4E2F7CF37CD3491A875F3516B79C714C","table":"killmonger_events_table","keyspace":"msku","timestamp":"2019-07-29T05:40:44.673Z","clusteringKeys":["4916","vbIdSellingIdInventoryUpdated/1","1564378911"],"changedColumns":["selling_id","fulfillment_node_id","event_type","update_at","stream_sequence_number","event_data"],"record":"{\"selling_id\":\"4E2F7CF37CD3491A875F3516B79C714C\",\"fulfillment_node_id\":\"4916\",\"event_type\":\"vbIdSellingIdInventoryUpdated/1\",\"update_at\":1564378911,\"stream_sequence_number\":137,\"event_data\":\"{\\\"id\\\":\\\"296f47896a054a4bb52f8c8351f705ca\\\",\\\"vbId\\\":\\\"PantherMigrationVbId\\\",\\\"sellingId\\\":\\\"4E2F7CF37CD3491A875F3516B79C714C\\\",\\\"merchantId\\\":\\\"9fc08905039048918982091f266c2a29\\\",\\\"skuId\\\":\\\"PantherMigrationSkuId\\\",\\\"f\\\":0,\\\"fnId\\\":\\\"4916\\\",\\\"by\\\":\\\"Killmonger.Migration.MapInWalmartInvUpdates\\\",\\\"at\\\":\\\"2019-07-29T05:41:51.316+00:00\\\",\\\"invUssn\\\":0,\\\"isInf\\\":false,\\\"ifa\\\":true,\\\"martAvail\\\":[{\\\"martId\\\":\\\"21\\\",\\\"ia\\\":true},{\\\"martId\\\":\\\"0\\\",\\\"ia\\\":true}],\\\"clt\\\":\\\"WoJ\\\"}\"}"}
{"id":"CB36ABD349A4429D9F60938A4F956E55","table":"killmonger_events_table","keyspace":"msku","timestamp":"2019-07-29T05:40:44.675Z","clusteringKeys":["10000001548","updateVbIdSellingIdInventorySkipped/1","1564375539"],"changedColumns":["selling_id","fulfillment_node_id","event_type","update_at","stream_sequence_number","event_data"],"record":"{\"selling_id\":\"CB36ABD349A4429D9F60938A4F956E55\",\"fulfillment_node_id\":\"10000001548\",\"event_type\":\"updateVbIdSellingIdInventorySkipped/1\",\"update_at\":1564375539,\"stream_sequence_number\":544,\"event_data\":\"{\\\"id\\\":\\\"ff3495fdf7744dd5ad7707f0a8d248ae\\\",\\\"vbId\\\":\\\"w222001-1599\\\",\\\"sellingId\\\":\\\"CB36ABD349A4429D9F60938A4F956E55\\\",\\\"merchantId\\\":\\\"1599\\\",\\\"skuId\\\":\\\"w222001\\\",\\\"f\\\":50,\\\"fnId\\\":\\\"10000001548\\\",\\\"fnType\\\":\\\"MARKETPLACE\\\",\\\"by\\\":\\\"Vibranium\\\",\\\"at\\\":\\\"2019-07-29T04:45:39+00:00\\\",\\\"invUssn\\\":504,\\\"catUssn\\\":0,\\\"isInf\\\":false}\"}"}
{"id":"87b75da322c04fc4a8fcdeba4cedc119","table":"killmonger_events_table","keyspace":"msku","timestamp":"2019-07-29T05:40:44.677Z","clusteringKeys":["fb72b6f9c1e54625a551711f6ee72714","vbIdSellingIdInventoryUpdated/1","1564378274"],"changedColumns":["selling_id","fulfillment_node_id","event_type","update_at","stream_sequence_number","event_data"],"record":"{\"selling_id\":\"87b75da322c04fc4a8fcdeba4cedc119\",\"fulfillment_node_id\":\"fb72b6f9c1e54625a551711f6ee72714\",\"event_type\":\"vbIdSellingIdInventoryUpdated/1\",\"update_at\":1564378274,\"stream_sequence_number\":40,\"event_data\":\"{\\\"id\\\":\\\"cd2264fa90e84ee9a564144c8c9c1f06\\\",\\\"vbId\\\":\\\"87b75da322c04fc4a8fcdeba4cedc119\\\",\\\"sellingId\\\":\\\"87b75da322c04fc4a8fcdeba4cedc119\\\",\\\"merchantId\\\":\\\"e43cf7756d0b4ba8a4e9046774656ce8\\\",\\\"skuId\\\":\\\"87b75da322c04fc4a8fcdeba4cedc119\\\",\\\"f\\\":118,\\\"fnId\\\":\\\"fb72b6f9c1e54625a551711f6ee72714\\\",\\\"fnType\\\":\\\"wolverine\\\",\\\"by\\\":\\\"Vibranium\\\",\\\"at\\\":\\\"2019-07-29T05:31:14+00:00\\\",\\\"invUssn\\\":51,\\\"isInf\\\":false,\\\"ifa\\\":true,\\\"martAvail\\\":[{\\\"martId\\\":\\\"21\\\",\\\"ia\\\":true}],\\\"clt\\\":\\\"JoJ\\\"}\"}"}
{"id":"02B5616547824DBD9AAF1D1B35E85237","table":"killmonger_events_table","keyspace":"msku","timestamp":"2019-07-29T05:40:44.677Z","clusteringKeys":["3559","vbIdSellingIdInventoryUpdated/1","1564378912"],"changedColumns":["selling_id","fulfillment_node_id","event_type","update_at","stream_sequence_number","event_data"],"record":"{\"selling_id\":\"02B5616547824DBD9AAF1D1B35E85237\",\"fulfillment_node_id\":\"3559\",\"event_type\":\"vbIdSellingIdInventoryUpdated/1\",\"update_at\":1564378912,\"stream_sequence_number\":144,\"event_data\":\"{\\\"id\\\":\\\"08a1c435c61848cda68ee014c1009c53\\\",\\\"vbId\\\":\\\"PantherMigrationVbId\\\",\\\"sellingId\\\":\\\"02B5616547824DBD9AAF1D1B35E85237\\\",\\\"merchantId\\\":\\\"9fc08905039048918982091f266c2a29\\\",\\\"skuId\\\":\\\"PantherMigrationSkuId\\\",\\\"f\\\":0,\\\"fnId\\\":\\\"3559\\\",\\\"by\\\":\\\"Killmonger.Migration.MapInWalmartInvUpdates\\\",\\\"at\\\":\\\"2019-07-29T05:41:52.719+00:00\\\",\\\"invUssn\\\":0,\\\"isInf\\\":false,\\\"ifa\\\":true,\\\"martAvail\\\":[{\\\"martId\\\":\\\"21\\\",\\\"ia\\\":true},{\\\"martId\\\":\\\"0\\\",\\\"ia\\\":true}],\\\"clt\\\":\\\"WoJ\\\"}\"}"}
{"id":"02B5616547824DBD9AAF1D1B35E85237","table":"killmonger_events_table","keyspace":"msku","timestamp":"2019-07-29T05:40:44.677Z","clusteringKeys":["3559","vbIdSellingIdInventoryUpdated/1","1564378912"],"changedColumns":["selling_id","fulfillment_node_id","event_type","update_at","stream_sequence_number","event_data"],"record":"{\"selling_id\":\"02B5616547824DBD9AAF1D1B35E85237\",\"fulfillment_node_id\":\"3559\",\"event_type\":\"vbIdSellingIdInventoryUpdated/1\",\"update_at\":1564378912,\"stream_sequence_number\":145,\"event_data\":\"{\\\"id\\\":\\\"08a1c435c61848cda68ee014c1009c53\\\",\\\"vbId\\\":\\\"PantherMigrationVbId\\\",\\\"sellingId\\\":\\\"02B5616547824DBD9AAF1D1B35E85237\\\",\\\"merchantId\\\":\\\"9fc08905039048918982091f266c2a29\\\",\\\"skuId\\\":\\\"PantherMigrationSkuId\\\",\\\"f\\\":0,\\\"fnId\\\":\\\"3559\\\",\\\"by\\\":\\\"Killmonger.Migration.MapInWalmartInvUpdates\\\",\\\"at\\\":\\\"2019-07-29T05:41:52.719+00:00\\\",\\\"invUssn\\\":0,\\\"isInf\\\":false,\\\"ifa\\\":true,\\\"martAvail\\\":[{\\\"martId\\\":\\\"21\\\",\\\"ia\\\":true},{\\\"martId\\\":\\\"0\\\",\\\"ia\\\":true}],\\\"clt\\\":\\\"WoJ\\\"}\"}"}
{"id":"adb1e6a2c30741d1930e57085696bbcd","table":"killmonger_events_table","keyspace":"msku","timestamp":"2019-07-29T05:45:02.444Z","clusteringKeys":["fb72b6f9c1e54625a551711f6ee72714","vbIdSellingIdInventoryUpdated/1","1564378274"],"changedColumns":["selling_id","fulfillment_node_id","event_type","update_at","stream_sequence_number","event_data"],"record":"{\"selling_id\":\"adb1e6a2c30741d1930e57085696bbcd\",\"fulfillment_node_id\":\"fb72b6f9c1e54625a551711f6ee72714\",\"event_type\":\"vbIdSellingIdInventoryUpdated/1\",\"update_at\":1564378274,\"stream_sequence_number\":45,\"event_data\":\"{\\\"id\\\":\\\"5e5060ccaad247ffa49bf4c901a4f285\\\",\\\"vbId\\\":\\\"adb1e6a2c30741d1930e57085696bbcd\\\",\\\"sellingId\\\":\\\"adb1e6a2c30741d1930e57085696bbcd\\\",\\\"merchantId\\\":\\\"e43cf7756d0b4ba8a4e9046774656ce8\\\",\\\"skuId\\\":\\\"adb1e6a2c30741d1930e57085696bbcd\\\",\\\"f\\\":132,\\\"fnId\\\":\\\"fb72b6f9c1e54625a551711f6ee72714\\\",\\\"fnType\\\":\\\"wolverine\\\",\\\"by\\\":\\\"Vibranium\\\",\\\"at\\\":\\\"2019-07-29T05:31:14+00:00\\\",\\\"invUssn\\\":49,\\\"isInf\\\":false,\\\"ifa\\\":true,\\\"martAvail\\\":[{\\\"martId\\\":\\\"21\\\",\\\"ia\\\":true}],\\\"clt\\\":\\\"JoJ\\\"}\"}"}
{"id":"37A0E41A6CF6465EBCCEE8AC81C7AE24","table":"killmonger_events_table","keyspace":"msku","timestamp":"2019-07-29T05:45:02.445Z","clusteringKeys":["10000006435","vbIdSellingIdInventoryUpdated/1","1564375530"],"changedColumns":["selling_id","fulfillment_node_id","event_type","update_at","stream_sequence_number","event_data"],"record":"{\"selling_id\":\"37A0E41A6CF6465EBCCEE8AC81C7AE24\",\"fulfillment_node_id\":\"10000006435\",\"event_type\":\"vbIdSellingIdInventoryUpdated/1\",\"update_at\":1564375530,\"stream_sequence_number\":917,\"event_data\":\"{\\\"id\\\":\\\"a6d9853e1ccc4f93b3d324f9e29f04e7\\\",\\\"vbId\\\":\\\"357115_bf_EM-CPH-464D-6261\\\",\\\"sellingId\\\":\\\"37A0E41A6CF6465EBCCEE8AC81C7AE24\\\",\\\"merchantId\\\":\\\"6261\\\",\\\"skuId\\\":\\\"357115_bf_EM-CPH-464D\\\",\\\"f\\\":129,\\\"fnId\\\":\\\"10000006435\\\",\\\"fnType\\\":\\\"MARKETPLACE\\\",\\\"by\\\":\\\"Vibranium\\\",\\\"at\\\":\\\"2019-07-29T04:45:30+00:00\\\",\\\"invUssn\\\":778,\\\"catUssn\\\":0,\\\"isInf\\\":false,\\\"ifa\\\":true,\\\"martAvail\\\":[{\\\"martId\\\":\\\"0\\\",\\\"ia\\\":true}],\\\"clt\\\":\\\"WoW\\\"}\"}"}
{"id":"53a5a11627e740fa928d7c90fc3191db","table":"killmonger_events_table","keyspace":"msku","timestamp":"2019-07-29T05:45:02.446Z","clusteringKeys":["d8c82725c2f44901bbee8db463c10582","vbIdSellingIdInventoryUpdated/1","1564378232"],"changedColumns":["selling_id","fulfillment_node_id","event_type","update_at","stream_sequence_number","event_data"],"record":"{\"selling_id\":\"53a5a11627e740fa928d7c90fc3191db\",\"fulfillment_node_id\":\"d8c82725c2f44901bbee8db463c10582\",\"event_type\":\"vbIdSellingIdInventoryUpdated/1\",\"update_at\":1564378232,\"stream_sequence_number\":181,\"event_data\":\"{\\\"id\\\":\\\"39bed9cd781f4031a93a0a6732790b28\\\",\\\"vbId\\\":\\\"53a5a11627e740fa928d7c90fc3191db\\\",\\\"sellingId\\\":\\\"53a5a11627e740fa928d7c90fc3191db\\\",\\\"merchantId\\\":\\\"01133ed0b8d64d11b1766d2295fa867b\\\",\\\"skuId\\\":\\\"53a5a11627e740fa928d7c90fc3191db\\\",\\\"f\\\":4,\\\"fnId\\\":\\\"d8c82725c2f44901bbee8db463c10582\\\",\\\"fnType\\\":\\\"wolverine\\\",\\\"by\\\":\\\"Vibranium\\\",\\\"at\\\":\\\"2019-07-29T05:30:32+00:00\\\",\\\"invUssn\\\":220,\\\"isInf\\\":false,\\\"ifa\\\":true,\\\"martAvail\\\":[{\\\"martId\\\":\\\"21\\\",\\\"ia\\\":true}],\\\"clt\\\":\\\"JoJ\\\"}\"}"}
{"id":"53a5a11627e740fa928d7c90fc3191db","table":"killmonger_events_table","keyspace":"msku","timestamp":"2019-07-29T05:45:02.446Z","clusteringKeys":["d8c82725c2f44901bbee8db463c10582","updateVbIdSellingIdInventorySkipped/1","1564378232"],"changedColumns":["selling_id","fulfillment_node_id","event_type","update_at","stream_sequence_number","event_data"],"record":"{\"selling_id\":\"53a5a11627e740fa928d7c90fc3191db\",\"fulfillment_node_id\":\"d8c82725c2f44901bbee8db463c10582\",\"event_type\":\"updateVbIdSellingIdInventorySkipped/1\",\"update_at\":1564378232,\"stream_sequence_number\":182,\"event_data\":\"{\\\"id\\\":\\\"39bed9cd781f4031a93a0a6732790b28\\\",\\\"vbId\\\":\\\"53a5a11627e740fa928d7c90fc3191db\\\",\\\"sellingId\\\":\\\"53a5a11627e740fa928d7c90fc3191db\\\",\\\"merchantId\\\":\\\"01133ed0b8d64d11b1766d2295fa867b\\\",\\\"skuId\\\":\\\"53a5a11627e740fa928d7c90fc3191db\\\",\\\"f\\\":4,\\\"fnId\\\":\\\"d8c82725c2f44901bbee8db463c10582\\\",\\\"fnType\\\":\\\"wolverine\\\",\\\"by\\\":\\\"Vibranium\\\",\\\"at\\\":\\\"2019-07-29T05:30:32+00:00\\\",\\\"invUssn\\\":220,\\\"isInf\\\":false}\"}"}
{"id":"4296a274e51242a18c64148fea56a515","table":"killmonger_events_table","keyspace":"msku","timestamp":"2019-07-29T05:45:02.448Z","clusteringKeys":["6ccbd76c487c42e5b65dd274f51b72ea","vbIdSellingIdInventoryUpdated/1","1564378274"],"changedColumns":["selling_id","fulfillment_node_id","event_type","update_at","stream_sequence_number","event_data"],"record":"{\"selling_id\":\"4296a274e51242a18c64148fea56a515\",\"fulfillment_node_id\":\"6ccbd76c487c42e5b65dd274f51b72ea\",\"event_type\":\"vbIdSellingIdInventoryUpdated/1\",\"update_at\":1564378274,\"stream_sequence_number\":40,\"event_data\":\"{\\\"id\\\":\\\"bea1bec36de447819433d6847f9e9145\\\",\\\"vbId\\\":\\\"4296a274e51242a18c64148fea56a515\\\",\\\"sellingId\\\":\\\"4296a274e51242a18c64148fea56a515\\\",\\\"merchantId\\\":\\\"e43cf7756d0b4ba8a4e9046774656ce8\\\",\\\"skuId\\\":\\\"4296a274e51242a18c64148fea56a515\\\",\\\"f\\\":89,\\\"fnId\\\":\\\"6ccbd76c487c42e5b65dd274f51b72ea\\\",\\\"fnType\\\":\\\"wolverine\\\",\\\"by\\\":\\\"Vibranium\\\",\\\"at\\\":\\\"2019-07-29T05:31:14+00:00\\\",\\\"invUssn\\\":47,\\\"isInf\\\":false,\\\"ifa\\\":true,\\\"martAvail\\\":[{\\\"martId\\\":\\\"21\\\",\\\"ia\\\":true}],\\\"clt\\\":\\\"JoJ\\\"}\"}"}
{"id":"4296a274e51242a18c64148fea56a515","table":"killmonger_events_table","keyspace":"msku","timestamp":"2019-07-29T05:45:02.448Z","clusteringKeys":["6ccbd76c487c42e5b65dd274f51b72ea","updateVbIdSellingIdInventorySkipped/1","1564378274"],"changedColumns":["selling_id","fulfillment_node_id","event_type","update_at","stream_sequence_number","event_data"],"record":"{\"selling_id\":\"4296a274e51242a18c64148fea56a515\",\"fulfillment_node_id\":\"6ccbd76c487c42e5b65dd274f51b72ea\",\"event_type\":\"updateVbIdSellingIdInventorySkipped/1\",\"update_at\":1564378274,\"stream_sequence_number\":41,\"event_data\":\"{\\\"id\\\":\\\"bea1bec36de447819433d6847f9e9145\\\",\\\"vbId\\\":\\\"4296a274e51242a18c64148fea56a515\\\",\\\"sellingId\\\":\\\"4296a274e51242a18c64148fea56a515\\\",\\\"merchantId\\\":\\\"e43cf7756d0b4ba8a4e9046774656ce8\\\",\\\"skuId\\\":\\\"4296a274e51242a18c64148fea56a515\\\",\\\"f\\\":89,\\\"fnId\\\":\\\"6ccbd76c487c42e5b65dd274f51b72ea\\\",\\\"fnType\\\":\\\"wolverine\\\",\\\"by\\\":\\\"Vibranium\\\",\\\"at\\\":\\\"2019-07-29T05:31:14+00:00\\\",\\\"invUssn\\\":47,\\\"isInf\\\":false}\"}"}
{"id":"C076E9CB7AE9470D9DD3CF97441129A7","table":"killmonger_events_table","keyspace":"msku","timestamp":"2019-07-29T05:44:37.031Z","clusteringKeys":["10000013268","updateVbIdSellingIdInventorySkipped/1","1564375486"],"changedColumns":["selling_id","fulfillment_node_id","event_type","update_at","stream_sequence_number","event_data"],"record":"{\"selling_id\":\"C076E9CB7AE9470D9DD3CF97441129A7\",\"fulfillment_node_id\":\"10000013268\",\"event_type\":\"updateVbIdSellingIdInventorySkipped/1\",\"update_at\":1564375486,\"stream_sequence_number\":123,\"event_data\":\"{\\\"id\\\":\\\"7ff534af3d504a0c8cf2628cac8f07d5\\\",\\\"vbId\\\":\\\"A_33264379_BY013_BLACK_506_Navy_5-12825\\\",\\\"sellingId\\\":\\\"C076E9CB7AE9470D9DD3CF97441129A7\\\",\\\"merchantId\\\":\\\"12825\\\",\\\"skuId\\\":\\\"A_33264379_BY013_BLACK_506_Navy_5\\\",\\\"f\\\":98,\\\"fnId\\\":\\\"10000013268\\\",\\\"fnType\\\":\\\"MARKETPLACE\\\",\\\"by\\\":\\\"Vibranium\\\",\\\"at\\\":\\\"2019-07-29T04:44:46+00:00\\\",\\\"invUssn\\\":107,\\\"catUssn\\\":0,\\\"isInf\\\":false}\"}"}
{"id":"c092ca0397644a8681e4afd85c604c31","table":"killmonger_events_table","keyspace":"msku","timestamp":"2019-07-29T05:45:02.449Z","clusteringKeys":["3c7beb6b624d4fbeb1ed93c5c9cd3f45","vbIdSellingIdInventoryUpdated/1","1564378098"],"changedColumns":["selling_id","fulfillment_node_id","event_type","update_at","stream_sequence_number","event_data"],"record":"{\"selling_id\":\"c092ca0397644a8681e4afd85c604c31\",\"fulfillment_node_id\":\"3c7beb6b624d4fbeb1ed93c5c9cd3f45\",\"event_type\":\"vbIdSellingIdInventoryUpdated/1\",\"update_at\":1564378098,\"stream_sequence_number\":842,\"event_data\":\"{\\\"id\\\":\\\"7c67a6c4560240e4baaacb792aad16ab\\\",\\\"vbId\\\":\\\"c092ca0397644a8681e4afd85c604c31\\\",\\\"sellingId\\\":\\\"c092ca0397644a8681e4afd85c604c31\\\",\\\"merchantId\\\":\\\"c5de2942cbcd4bd994291ca08e748813\\\",\\\"skuId\\\":\\\"c092ca0397644a8681e4afd85c604c31\\\",\\\"f\\\":46,\\\"fnId\\\":\\\"3c7beb6b624d4fbeb1ed93c5c9cd3f45\\\",\\\"fnType\\\":\\\"wolverine\\\",\\\"by\\\":\\\"Vibranium\\\",\\\"at\\\":\\\"2019-07-29T05:28:18+00:00\\\",\\\"invUssn\\\":849,\\\"isInf\\\":false,\\\"ifa\\\":true,\\\"martAvail\\\":[{\\\"martId\\\":\\\"21\\\",\\\"ia\\\":true}],\\\"clt\\\":\\\"JoJ\\\"}\"}"}
{"id":"424FE832A0E94ECEB76E0780A290D7F0","table":"killmonger_events_table","keyspace":"msku","timestamp":"2019-07-29T05:45:02.449Z","clusteringKeys":["735105","reserved/1","1564379028"],"changedColumns":["selling_id","fulfillment_node_id","event_type","update_at","stream_sequence_number","event_data"],"record":"{\"selling_id\":\"424FE832A0E94ECEB76E0780A290D7F0\",\"fulfillment_node_id\":\"735105\",\"event_type\":\"reserved/1\",\"update_at\":1564379028,\"stream_sequence_number\":4313,\"event_data\":\"{\\\"id\\\":\\\"790269b9510f4933a8e05075431ac2e2\\\",\\\"origin\\\":\\\"Walmart\\\",\\\"sellingId\\\":\\\"424FE832A0E94ECEB76E0780A290D7F0\\\",\\\"fnId\\\":\\\"735105\\\",\\\"messageId\\\":\\\"caa2c856-b6fb-4ef3-b11d-a6fdb1f2cc6c~E_DELIVERY~ELECTRONIC~46323~NONMP\\\",\\\"coId\\\":\\\"4811970504372\\\",\\\"rq\\\":1,\\\"q\\\":1,\\\"unreserved\\\":0,\\\"backordered\\\":0,\\\"opd\\\":\\\"2019-07-29T12:00:00+00:00\\\",\\\"clt\\\":\\\"WoW\\\",\\\"by\\\":\\\"killmonger-reservations\\\",\\\"at\\\":\\\"2019-07-29T05:43:48.9676666+00:00\\\",\\\"fulfillmentOption\\\":null,\\\"shipMethod\\\":null,\\\"demandType\\\":\\\"RESERVED\\\"}\"}"}
{"id":"424FE832A0E94ECEB76E0780A290D7F0","table":"killmonger_events_table","keyspace":"msku","timestamp":"2019-07-29T05:45:02.449Z","clusteringKeys":["735105","reserved/1","1564379043"],"changedColumns":["selling_id","fulfillment_node_id","event_type","update_at","stream_sequence_number","event_data"],"record":"{\"selling_id\":\"424FE832A0E94ECEB76E0780A290D7F0\",\"fulfillment_node_id\":\"735105\",\"event_type\":\"reserved/1\",\"update_at\":1564379043,\"stream_sequence_number\":4314,\"event_data\":\"{\\\"id\\\":\\\"09d425a3fe234524975918e0377e68e8\\\",\\\"origin\\\":\\\"Walmart\\\",\\\"sellingId\\\":\\\"424FE832A0E94ECEB76E0780A290D7F0\\\",\\\"fnId\\\":\\\"735105\\\",\\\"messageId\\\":\\\"5a69039c-3fb3-460e-aa4f-0a25f6f02cf4~E_DELIVERY~ELECTRONIC~97055~NONMP\\\",\\\"coId\\\":\\\"4801969994477\\\",\\\"rq\\\":1,\\\"q\\\":1,\\\"unreserved\\\":0,\\\"backordered\\\":0,\\\"opd\\\":\\\"2019-07-29T12:00:00+00:00\\\",\\\"clt\\\":\\\"WoW\\\",\\\"by\\\":\\\"killmonger-reservations\\\",\\\"at\\\":\\\"2019-07-29T05:44:03.1757069+00:00\\\",\\\"fulfillmentOption\\\":null,\\\"shipMethod\\\":null,\\\"demandType\\\":\\\"RESERVED\\\"}\"}"}
{"id":"497f6cebe08c49859d94cd418a96f320","table":"killmonger_events_table","keyspace":"msku","timestamp":"2019-07-29T05:45:03.504Z","clusteringKeys":["3cbcc7e28aac4f6fb0a8cde4e85483c0","vbIdSellingIdInventoryUpdated/1","1564377981"],"changedColumns":["selling_id","fulfillment_node_id","event_type","update_at","stream_sequence_number","event_data"],"record":"{\"selling_id\":\"497f6cebe08c49859d94cd418a96f320\",\"fulfillment_node_id\":\"3cbcc7e28aac4f6fb0a8cde4e85483c0\",\"event_type\":\"vbIdSellingIdInventoryUpdated/1\",\"update_at\":1564377981,\"stream_sequence_number\":95,\"event_data\":\"{\\\"id\\\":\\\"e3dc5ba01514409885be6f94921e6e12\\\",\\\"vbId\\\":\\\"497f6cebe08c49859d94cd418a96f320\\\",\\\"sellingId\\\":\\\"497f6cebe08c49859d94cd418a96f320\\\",\\\"merchantId\\\":\\\"7eaf70709bf149f890dc3a845871dab4\\\",\\\"skuId\\\":\\\"497f6cebe08c49859d94cd418a96f320\\\",\\\"f\\\":559,\\\"fnId\\\":\\\"3cbcc7e28aac4f6fb0a8cde4e85483c0\\\",\\\"fnType\\\":\\\"wolverine\\\",\\\"by\\\":\\\"Vibranium\\\",\\\"at\\\":\\\"2019-07-29T05:26:21+00:00\\\",\\\"invUssn\\\":75,\\\"isInf\\\":false,\\\"ifa\\\":true,\\\"martAvail\\\":[{\\\"martId\\\":\\\"21\\\",\\\"ia\\\":true}],\\\"clt\\\":\\\"JoJ\\\"}\"}"}
{"id":"105C0BD68139404E920A9E0E7151F311","table":"killmonger_events_table","keyspace":"msku","timestamp":"2019-07-29T05:44:37.031Z","clusteringKeys":["6284","vbIdSellingIdInventoryUpdated/1","1564376141"],"changedColumns":["selling_id","fulfillment_node_id","event_type","update_at","stream_sequence_number","event_data"],"record":"{\"selling_id\":\"105C0BD68139404E920A9E0E7151F311\",\"fulfillment_node_id\":\"6284\",\"event_type\":\"vbIdSellingIdInventoryUpdated/1\",\"update_at\":1564376141,\"stream_sequence_number\":135,\"event_data\":\"{\\\"id\\\":\\\"9100b29d49864f2fbfa66ed80db3e08d\\\",\\\"vbId\\\":\\\"PantherMigrationVbId\\\",\\\"sellingId\\\":\\\"105C0BD68139404E920A9E0E7151F311\\\",\\\"merchantId\\\":\\\"9fc08905039048918982091f266c2a29\\\",\\\"skuId\\\":\\\"PantherMigrationSkuId\\\",\\\"f\\\":0,\\\"fnId\\\":\\\"6284\\\",\\\"by\\\":\\\"Killmonger.Migration.MapInWalmartInvUpdates\\\",\\\"at\\\":\\\"2019-07-29T04:55:41.404+00:00\\\",\\\"invUssn\\\":0,\\\"isInf\\\":false,\\\"ifa\\\":true,\\\"martAvail\\\":[{\\\"martId\\\":\\\"21\\\",\\\"ia\\\":true},{\\\"martId\\\":\\\"0\\\",\\\"ia\\\":true}],\\\"clt\\\":\\\"WoJ\\\"}\"}"}
{"id":"f7d2cf594fa94e9593723f1b0df7ca05","table":"killmonger_events_table","keyspace":"msku","timestamp":"2019-07-29T05:45:02.457Z","clusteringKeys":["a98a402773024b00b8a41f26b00fdf6c","updateVbIdSellingIdInventorySkipped/1","1564375454"],"changedColumns":["selling_id","fulfillment_node_id","event_type","update_at","stream_sequence_number","event_data"],"record":"{\"selling_id\":\"f7d2cf594fa94e9593723f1b0df7ca05\",\"fulfillment_node_id\":\"a98a402773024b00b8a41f26b00fdf6c\",\"event_type\":\"updateVbIdSellingIdInventorySkipped/1\",\"update_at\":1564375454,\"stream_sequence_number\":355,\"event_data\":\"{\\\"id\\\":\\\"5cdedc2ae73644ba92dae8a46eb1dae8\\\",\\\"vbId\\\":\\\"f7d2cf594fa94e9593723f1b0df7ca05\\\",\\\"sellingId\\\":\\\"f7d2cf594fa94e9593723f1b0df7ca05\\\",\\\"merchantId\\\":\\\"c2cdeb42c60247399b1316ed4b780502\\\",\\\"skuId\\\":\\\"f7d2cf594fa94e9593723f1b0df7ca05\\\",\\\"f\\\":196,\\\"fnId\\\":\\\"a98a402773024b00b8a41f26b00fdf6c\\\",\\\"fnType\\\":\\\"wolverine\\\",\\\"by\\\":\\\"Vibranium\\\",\\\"at\\\":\\\"2019-07-29T04:44:14+00:00\\\",\\\"invUssn\\\":408,\\\"isInf\\\":false}\"}"}
{"id":"4e99c693136543e5995c2f93734a7cdc","table":"killmonger_events_table","keyspace":"msku","timestamp":"2019-07-29T05:45:03.508Z","clusteringKeys":["fb72b6f9c1e54625a551711f6ee72714","updateVbIdSellingIdInventorySkipped/1","1564375526"],"changedColumns":["selling_id","fulfillment_node_id","event_type","update_at","stream_sequence_number","event_data"],"record":"{\"selling_id\":\"4e99c693136543e5995c2f93734a7cdc\",\"fulfillment_node_id\":\"fb72b6f9c1e54625a551711f6ee72714\",\"event_type\":\"updateVbIdSellingIdInventorySkipped/1\",\"update_at\":1564375526,\"stream_sequence_number\":50,\"event_data\":\"{\\\"id\\\":\\\"2a99d44d9b214ef9bcbe708c2edd1701\\\",\\\"vbId\\\":\\\"4e99c693136543e5995c2f93734a7cdc\\\",\\\"sellingId\\\":\\\"4e99c693136543e5995c2f93734a7cdc\\\",\\\"merchantId\\\":\\\"e43cf7756d0b4ba8a4e9046774656ce8\\\",\\\"skuId\\\":\\\"4e99c693136543e5995c2f93734a7cdc\\\",\\\"f\\\":56,\\\"fnId\\\":\\\"fb72b6f9c1e54625a551711f6ee72714\\\",\\\"fnType\\\":\\\"wolverine\\\",\\\"by\\\":\\\"Vibranium\\\",\\\"at\\\":\\\"2019-07-29T04:45:26+00:00\\\",\\\"invUssn\\\":49,\\\"isInf\\\":false}\"}"}
{"id":"5a730082f77f4610a8c3ed6690708873","table":"killmonger_events_table","keyspace":"msku","timestamp":"2019-07-29T05:40:44.696Z","clusteringKeys":["0a633d9fe80f4a45b6fdf372a649be0c","updateVbIdSellingIdInventorySkipped/1","1564378274"],"changedColumns":["selling_id","fulfillment_node_id","event_type","update_at","stream_sequence_number","event_data"],"record":"{\"selling_id\":\"5a730082f77f4610a8c3ed6690708873\",\"fulfillment_node_id\":\"0a633d9fe80f4a45b6fdf372a649be0c\",\"event_type\":\"updateVbIdSellingIdInventorySkipped/1\",\"update_at\":1564378274,\"stream_sequence_number\":42,\"event_data\":\"{\\\"id\\\":\\\"5763d6c47c194acbaa67ca19b5e9a032\\\",\\\"vbId\\\":\\\"5a730082f77f4610a8c3ed6690708873\\\",\\\"sellingId\\\":\\\"5a730082f77f4610a8c3ed6690708873\\\",\\\"merchantId\\\":\\\"e43cf7756d0b4ba8a4e9046774656ce8\\\",\\\"skuId\\\":\\\"5a730082f77f4610a8c3ed6690708873\\\",\\\"f\\\":83,\\\"fnId\\\":\\\"0a633d9fe80f4a45b6fdf372a649be0c\\\",\\\"fnType\\\":\\\"wolverine\\\",\\\"by\\\":\\\"Vibranium\\\",\\\"at\\\":\\\"2019-07-29T05:31:14+00:00\\\",\\\"invUssn\\\":47,\\\"isInf\\\":false}\"}"}
{"id":"63345c3967174698aa36ef6fec7cc9da","table":"killmonger_events_table","keyspace":"msku","timestamp":"2019-07-29T05:40:44.698Z","clusteringKeys":["6ccbd76c487c42e5b65dd274f51b72ea","updateVbIdSellingIdInventorySkipped/1","1564378274"],"changedColumns":["selling_id","fulfillment_node_id","event_type","update_at","stream_sequence_number","event_data"],"record":"{\"selling_id\":\"63345c3967174698aa36ef6fec7cc9da\",\"fulfillment_node_id\":\"6ccbd76c487c42e5b65dd274f51b72ea\",\"event_type\":\"updateVbIdSellingIdInventorySkipped/1\",\"update_at\":1564378274,\"stream_sequence_number\":42,\"event_data\":\"{\\\"id\\\":\\\"cae6edc2e24c46b58e41642c3951707e\\\",\\\"vbId\\\":\\\"63345c3967174698aa36ef6fec7cc9da\\\",\\\"sellingId\\\":\\\"63345c3967174698aa36ef6fec7cc9da\\\",\\\"merchantId\\\":\\\"e43cf7756d0b4ba8a4e9046774656ce8\\\",\\\"skuId\\\":\\\"63345c3967174698aa36ef6fec7cc9da\\\",\\\"f\\\":107,\\\"fnId\\\":\\\"6ccbd76c487c42e5b65dd274f51b72ea\\\",\\\"fnType\\\":\\\"wolverine\\\",\\\"by\\\":\\\"Vibranium\\\",\\\"at\\\":\\\"2019-07-29T05:31:14+00:00\\\",\\\"invUssn\\\":48,\\\"isInf\\\":false}\"}"}
{"id":"a833b1e467ad484eae140a8cf3707695","table":"killmonger_events_table","keyspace":"msku","timestamp":"2019-07-29T05:45:03.515Z","clusteringKeys":["fb72b6f9c1e54625a551711f6ee72714","vbIdSellingIdInventoryUpdated/1","1564378075"],"changedColumns":["selling_id","fulfillment_node_id","event_type","update_at","stream_sequence_number","event_data"],"record":"{\"selling_id\":\"a833b1e467ad484eae140a8cf3707695\",\"fulfillment_node_id\":\"fb72b6f9c1e54625a551711f6ee72714\",\"event_type\":\"vbIdSellingIdInventoryUpdated/1\",\"update_at\":1564378075,\"stream_sequence_number\":43,\"event_data\":\"{\\\"id\\\":\\\"fee65712265641b3b852d245deeb0f97\\\",\\\"vbId\\\":\\\"a833b1e467ad484eae140a8cf3707695\\\",\\\"sellingId\\\":\\\"a833b1e467ad484eae140a8cf3707695\\\",\\\"merchantId\\\":\\\"e43cf7756d0b4ba8a4e9046774656ce8\\\",\\\"skuId\\\":\\\"a833b1e467ad484eae140a8cf3707695\\\",\\\"f\\\":128,\\\"fnId\\\":\\\"fb72b6f9c1e54625a551711f6ee72714\\\",\\\"fnType\\\":\\\"wolverine\\\",\\\"by\\\":\\\"Vibranium\\\",\\\"at\\\":\\\"2019-07-29T05:27:55+00:00\\\",\\\"invUssn\\\":50,\\\"isInf\\\":false,\\\"ifa\\\":true,\\\"martAvail\\\":[{\\\"martId\\\":\\\"21\\\",\\\"ia\\\":true}],\\\"clt\\\":\\\"JoJ\\\"}\"}"}
{"id":"38788b475c0246b0bdc16d2b10543dd3","table":"killmonger_events_table","keyspace":"msku","timestamp":"2019-07-29T05:44:37.044Z","clusteringKeys":["3cbcc7e28aac4f6fb0a8cde4e85483c0","vbIdSellingIdInventoryUpdated/1","1564378105"],"changedColumns":["selling_id","fulfillment_node_id","event_type","update_at","stream_sequence_number","event_data"],"record":"{\"selling_id\":\"38788b475c0246b0bdc16d2b10543dd3\",\"fulfillment_node_id\":\"3cbcc7e28aac4f6fb0a8cde4e85483c0\",\"event_type\":\"vbIdSellingIdInventoryUpdated/1\",\"update_at\":1564378105,\"stream_sequence_number\":93,\"event_data\":\"{\\\"id\\\":\\\"b83c0de80e044d2ab781acb0ecfd78db\\\",\\\"vbId\\\":\\\"38788b475c0246b0bdc16d2b10543dd3\\\",\\\"sellingId\\\":\\\"38788b475c0246b0bdc16d2b10543dd3\\\",\\\"merchantId\\\":\\\"7eaf70709bf149f890dc3a845871dab4\\\",\\\"skuId\\\":\\\"38788b475c0246b0bdc16d2b10543dd3\\\",\\\"f\\\":559,\\\"fnId\\\":\\\"3cbcc7e28aac4f6fb0a8cde4e85483c0\\\",\\\"fnType\\\":\\\"wolverine\\\",\\\"by\\\":\\\"Vibranium\\\",\\\"at\\\":\\\"2019-07-29T05:28:25+00:00\\\",\\\"invUssn\\\":76,\\\"isInf\\\":false,\\\"ifa\\\":true,\\\"martAvail\\\":[{\\\"martId\\\":\\\"21\\\",\\\"ia\\\":true}],\\\"clt\\\":\\\"JoJ\\\"}\"}"}
{"id":"38788b475c0246b0bdc16d2b10543dd3","table":"killmonger_events_table","keyspace":"msku","timestamp":"2019-07-29T05:44:37.044Z","clusteringKeys":["3cbcc7e28aac4f6fb0a8cde4e85483c0","updateVbIdSellingIdInventorySkipped/1","1564378105"],"changedColumns":["selling_id","fulfillment_node_id","event_type","update_at","stream_sequence_number","event_data"],"record":"{\"selling_id\":\"38788b475c0246b0bdc16d2b10543dd3\",\"fulfillment_node_id\":\"3cbcc7e28aac4f6fb0a8cde4e85483c0\",\"event_type\":\"updateVbIdSellingIdInventorySkipped/1\",\"update_at\":1564378105,\"stream_sequence_number\":94,\"event_data\":\"{\\\"id\\\":\\\"b83c0de80e044d2ab781acb0ecfd78db\\\",\\\"vbId\\\":\\\"38788b475c0246b0bdc16d2b10543dd3\\\",\\\"sellingId\\\":\\\"38788b475c0246b0bdc16d2b10543dd3\\\",\\\"merchantId\\\":\\\"7eaf70709bf149f890dc3a845871dab4\\\",\\\"skuId\\\":\\\"38788b475c0246b0bdc16d2b10543dd3\\\",\\\"f\\\":559,\\\"fnId\\\":\\\"3cbcc7e28aac4f6fb0a8cde4e85483c0\\\",\\\"fnType\\\":\\\"wolverine\\\",\\\"by\\\":\\\"Vibranium\\\",\\\"at\\\":\\\"2019-07-29T05:28:25+00:00\\\",\\\"invUssn\\\":76,\\\"isInf\\\":false}\"}"}
{"id":"578eaad0fc0b4f72b41808d402a09e3a","table":"killmonger_events_table","keyspace":"msku","timestamp":"2019-07-29T05:40:44.704Z","clusteringKeys":["d8c82725c2f44901bbee8db463c10582","vbIdSellingIdInventoryUpdated/1","1564378310"],"changedColumns":["selling_id","fulfillment_node_id","event_type","update_at","stream_sequence_number","event_data"],"record":"{\"selling_id\":\"578eaad0fc0b4f72b41808d402a09e3a\",\"fulfillment_node_id\":\"d8c82725c2f44901bbee8db463c10582\",\"event_type\":\"vbIdSellingIdInventoryUpdated/1\",\"update_at\":1564378310,\"stream_sequence_number\":193,\"event_data\":\"{\\\"id\\\":\\\"8198f7bc150e47dd9cfa0fc79db76ff0\\\",\\\"vbId\\\":\\\"578eaad0fc0b4f72b41808d402a09e3a\\\",\\\"sellingId\\\":\\\"578eaad0fc0b4f72b41808d402a09e3a\\\",\\\"merchantId\\\":\\\"01133ed0b8d64d11b1766d2295fa867b\\\",\\\"skuId\\\":\\\"578eaad0fc0b4f72b41808d402a09e3a\\\",\\\"f\\\":1,\\\"fnId\\\":\\\"d8c82725c2f44901bbee8db463c10582\\\",\\\"fnType\\\":\\\"wolverine\\\",\\\"by\\\":\\\"Vibranium\\\",\\\"at\\\":\\\"2019-07-29T05:31:50+00:00\\\",\\\"invUssn\\\":222,\\\"isInf\\\":false,\\\"ifa\\\":true,\\\"martAvail\\\":[{\\\"martId\\\":\\\"21\\\",\\\"ia\\\":true}],\\\"clt\\\":\\\"JoJ\\\"}\"}"}
{"id":"578eaad0fc0b4f72b41808d402a09e3a","table":"killmonger_events_table","keyspace":"msku","timestamp":"2019-07-29T05:40:44.704Z","clusteringKeys":["d8c82725c2f44901bbee8db463c10582","updateVbIdSellingIdInventorySkipped/1","1564378310"],"changedColumns":["selling_id","fulfillment_node_id","event_type","update_at","stream_sequence_number","event_data"],"record":"{\"selling_id\":\"578eaad0fc0b4f72b41808d402a09e3a\",\"fulfillment_node_id\":\"d8c82725c2f44901bbee8db463c10582\",\"event_type\":\"updateVbIdSellingIdInventorySkipped/1\",\"update_at\":1564378310,\"stream_sequence_number\":194,\"event_data\":\"{\\\"id\\\":\\\"8198f7bc150e47dd9cfa0fc79db76ff0\\\",\\\"vbId\\\":\\\"578eaad0fc0b4f72b41808d402a09e3a\\\",\\\"sellingId\\\":\\\"578eaad0fc0b4f72b41808d402a09e3a\\\",\\\"merchantId\\\":\\\"01133ed0b8d64d11b1766d2295fa867b\\\",\\\"skuId\\\":\\\"578eaad0fc0b4f72b41808d402a09e3a\\\",\\\"f\\\":1,\\\"fnId\\\":\\\"d8c82725c2f44901bbee8db463c10582\\\",\\\"fnType\\\":\\\"wolverine\\\",\\\"by\\\":\\\"Vibranium\\\",\\\"at\\\":\\\"2019-07-29T05:31:50+00:00\\\",\\\"invUssn\\\":222,\\\"isInf\\\":false}\"}"}
{"id":"69f31e1c257d4d71b7d9e2ec5b15fd8e","table":"killmonger_events_table","keyspace":"msku","timestamp":"2019-07-29T05:40:44.708Z","clusteringKeys":["7d029b0996bd4f16bbd74454bab3ab2e","vbIdSellingIdInventoryUpdated/1","1564378479"],"changedColumns":["selling_id","fulfillment_node_id","event_type","update_at","stream_sequence_number","event_data"],"record":"{\"selling_id\":\"69f31e1c257d4d71b7d9e2ec5b15fd8e\",\"fulfillment_node_id\":\"7d029b0996bd4f16bbd74454bab3ab2e\",\"event_type\":\"vbIdSellingIdInventoryUpdated/1\",\"update_at\":1564378479,\"stream_sequence_number\":39,\"event_data\":\"{\\\"id\\\":\\\"3dd6b642dde143a6b9b2b7b05b0c392f\\\",\\\"vbId\\\":\\\"69f31e1c257d4d71b7d9e2ec5b15fd8e\\\",\\\"sellingId\\\":\\\"69f31e1c257d4d71b7d9e2ec5b15fd8e\\\",\\\"merchantId\\\":\\\"e43cf7756d0b4ba8a4e9046774656ce8\\\",\\\"skuId\\\":\\\"69f31e1c257d4d71b7d9e2ec5b15fd8e\\\",\\\"f\\\":51,\\\"fnId\\\":\\\"7d029b0996bd4f16bbd74454bab3ab2e\\\",\\\"fnType\\\":\\\"wolverine\\\",\\\"by\\\":\\\"Vibranium\\\",\\\"at\\\":\\\"2019-07-29T05:34:39+00:00\\\",\\\"invUssn\\\":50,\\\"isInf\\\":false,\\\"ifa\\\":true,\\\"martAvail\\\":[{\\\"martId\\\":\\\"21\\\",\\\"ia\\\":true}],\\\"clt\\\":\\\"JoJ\\\"}\"}"}
{"id":"fbb631e8030540b28b88736b82c6bff5","table":"killmonger_events_table","keyspace":"msku","timestamp":"2019-07-29T05:44:37.052Z","clusteringKeys":["fb72b6f9c1e54625a551711f6ee72714","updateVbIdSellingIdInventorySkipped/1","1564374773"],"changedColumns":["selling_id","fulfillment_node_id","event_type","update_at","stream_sequence_number","event_data"],"record":"{\"selling_id\":\"fbb631e8030540b28b88736b82c6bff5\",\"fulfillment_node_id\":\"fb72b6f9c1e54625a551711f6ee72714\",\"event_type\":\"updateVbIdSellingIdInventorySkipped/1\",\"update_at\":1564374773,\"stream_sequence_number\":55,\"event_data\":\"{\\\"id\\\":\\\"47b60d08b09a4a7c8116698e7ef9f1f7\\\",\\\"vbId\\\":\\\"fbb631e8030540b28b88736b82c6bff5\\\",\\\"sellingId\\\":\\\"fbb631e8030540b28b88736b82c6bff5\\\",\\\"merchantId\\\":\\\"e43cf7756d0b4ba8a4e9046774656ce8\\\",\\\"skuId\\\":\\\"fbb631e8030540b28b88736b82c6bff5\\\",\\\"f\\\":118,\\\"fnId\\\":\\\"fb72b6f9c1e54625a551711f6ee72714\\\",\\\"fnType\\\":\\\"wolverine\\\",\\\"by\\\":\\\"Vibranium\\\",\\\"at\\\":\\\"2019-07-29T04:32:53+00:00\\\",\\\"invUssn\\\":49,\\\"isInf\\\":false}\"}"}
{"id":"3ad182454a234f4798349971aacd1295","table":"killmonger_events_table","keyspace":"msku","timestamp":"2019-07-29T05:40:44.708Z","clusteringKeys":["ddb64bc835464ba6bb9569c20b8b13ea","vbIdSellingIdInventoryUpdated/1","1564378361"],"changedColumns":["selling_id","fulfillment_node_id","event_type","update_at","stream_sequence_number","event_data"],"record":"{\"selling_id\":\"3ad182454a234f4798349971aacd1295\",\"fulfillment_node_id\":\"ddb64bc835464ba6bb9569c20b8b13ea\",\"event_type\":\"vbIdSellingIdInventoryUpdated/1\",\"update_at\":1564378361,\"stream_sequence_number\":10425,\"event_data\":\"{\\\"id\\\":\\\"572f2307a2944a3589313e2d004a550f\\\",\\\"vbId\\\":\\\"3ad182454a234f4798349971aacd1295\\\",\\\"sellingId\\\":\\\"3ad182454a234f4798349971aacd1295\\\",\\\"merchantId\\\":\\\"e7f92f9294a849a1b5e479e1c997a7f0\\\",\\\"skuId\\\":\\\"3ad182454a234f4798349971aacd1295\\\",\\\"f\\\":8,\\\"fnId\\\":\\\"ddb64bc835464ba6bb9569c20b8b13ea\\\",\\\"fnType\\\":\\\"wolverine\\\",\\\"by\\\":\\\"Vibranium\\\",\\\"at\\\":\\\"2019-07-29T05:32:41+00:00\\\",\\\"invUssn\\\":11814,\\\"isInf\\\":false,\\\"ifa\\\":true,\\\"martAvail\\\":[{\\\"martId\\\":\\\"21\\\",\\\"ia\\\":true}],\\\"clt\\\":\\\"JoJ\\\"}\"}"}
{"id":"3ad182454a234f4798349971aacd1295","table":"killmonger_events_table","keyspace":"msku","timestamp":"2019-07-29T05:40:44.708Z","clusteringKeys":["ddb64bc835464ba6bb9569c20b8b13ea","updateVbIdSellingIdInventorySkipped/1","1564378361"],"changedColumns":["selling_id","fulfillment_node_id","event_type","update_at","stream_sequence_number","event_data"],"record":"{\"selling_id\":\"3ad182454a234f4798349971aacd1295\",\"fulfillment_node_id\":\"ddb64bc835464ba6bb9569c20b8b13ea\",\"event_type\":\"updateVbIdSellingIdInventorySkipped/1\",\"update_at\":1564378361,\"stream_sequence_number\":10426,\"event_data\":\"{\\\"id\\\":\\\"572f2307a2944a3589313e2d004a550f\\\",\\\"vbId\\\":\\\"3ad182454a234f4798349971aacd1295\\\",\\\"sellingId\\\":\\\"3ad182454a234f4798349971aacd1295\\\",\\\"merchantId\\\":\\\"e7f92f9294a849a1b5e479e1c997a7f0\\\",\\\"skuId\\\":\\\"3ad182454a234f4798349971aacd1295\\\",\\\"f\\\":8,\\\"fnId\\\":\\\"ddb64bc835464ba6bb9569c20b8b13ea\\\",\\\"fnType\\\":\\\"wolverine\\\",\\\"by\\\":\\\"Vibranium\\\",\\\"at\\\":\\\"2019-07-29T05:32:41+00:00\\\",\\\"invUssn\\\":11814,\\\"isInf\\\":false}\"}"}
{"id":"f2166356979e457eb92c6d7f848969b4","table":"killmonger_events_table","keyspace":"msku","timestamp":"2019-07-29T05:40:44.709Z","clusteringKeys":["7d029b0996bd4f16bbd74454bab3ab2e","vbIdSellingIdInventoryUpdated/1","1564378274"],"changedColumns":["selling_id","fulfillment_node_id","event_type","update_at","stream_sequence_number","event_data"],"record":"{\"selling_id\":\"f2166356979e457eb92c6d7f848969b4\",\"fulfillment_node_id\":\"7d029b0996bd4f16bbd74454bab3ab2e\",\"event_type\":\"vbIdSellingIdInventoryUpdated/1\",\"update_at\":1564378274,\"stream_sequence_number\":42,\"event_data\":\"{\\\"id\\\":\\\"d14c293b4eca447e96797073adc4a81f\\\",\\\"vbId\\\":\\\"f2166356979e457eb92c6d7f848969b4\\\",\\\"sellingId\\\":\\\"f2166356979e457eb92c6d7f848969b4\\\",\\\"merchantId\\\":\\\"e43cf7756d0b4ba8a4e9046774656ce8\\\",\\\"skuId\\\":\\\"f2166356979e457eb92c6d7f848969b4\\\",\\\"f\\\":72,\\\"fnId\\\":\\\"7d029b0996bd4f16bbd74454bab3ab2e\\\",\\\"fnType\\\":\\\"wolverine\\\",\\\"by\\\":\\\"Vibranium\\\",\\\"at\\\":\\\"2019-07-29T05:31:14+00:00\\\",\\\"invUssn\\\":52,\\\"isInf\\\":false,\\\"ifa\\\":true,\\\"martAvail\\\":[{\\\"martId\\\":\\\"21\\\",\\\"ia\\\":true}],\\\"clt\\\":\\\"JoJ\\\"}\"}"}
{"id":"ff4b89c095a04d5686dc3e34f0026588","table":"killmonger_events_table","keyspace":"msku","timestamp":"2019-07-29T05:44:37.054Z","clusteringKeys":["0a633d9fe80f4a45b6fdf372a649be0c","vbIdSellingIdInventoryUpdated/1","1564378274"],"changedColumns":["selling_id","fulfillment_node_id","event_type","update_at","stream_sequence_number","event_data"],"record":"{\"selling_id\":\"ff4b89c095a04d5686dc3e34f0026588\",\"fulfillment_node_id\":\"0a633d9fe80f4a45b6fdf372a649be0c\",\"event_type\":\"vbIdSellingIdInventoryUpdated/1\",\"update_at\":1564378274,\"stream_sequence_number\":35,\"event_data\":\"{\\\"id\\\":\\\"bc6ffa3563f34341bc42412b6d17b8ee\\\",\\\"vbId\\\":\\\"ff4b89c095a04d5686dc3e34f0026588\\\",\\\"sellingId\\\":\\\"ff4b89c095a04d5686dc3e34f0026588\\\",\\\"merchantId\\\":\\\"e43cf7756d0b4ba8a4e9046774656ce8\\\",\\\"skuId\\\":\\\"ff4b89c095a04d5686dc3e34f0026588\\\",\\\"f\\\":135,\\\"fnId\\\":\\\"0a633d9fe80f4a45b6fdf372a649be0c\\\",\\\"fnType\\\":\\\"wolverine\\\",\\\"by\\\":\\\"Vibranium\\\",\\\"at\\\":\\\"2019-07-29T05:31:14+00:00\\\",\\\"invUssn\\\":47,\\\"isInf\\\":false,\\\"ifa\\\":true,\\\"martAvail\\\":[{\\\"martId\\\":\\\"21\\\",\\\"ia\\\":true}],\\\"clt\\\":\\\"JoJ\\\"}\"}"}
{"id":"ff4b89c095a04d5686dc3e34f0026588","table":"killmonger_events_table","keyspace":"msku","timestamp":"2019-07-29T05:44:37.055Z","clusteringKeys":["0a633d9fe80f4a45b6fdf372a649be0c","updateVbIdSellingIdInventorySkipped/1","1564378274"],"changedColumns":["selling_id","fulfillment_node_id","event_type","update_at","stream_sequence_number","event_data"],"record":"{\"selling_id\":\"ff4b89c095a04d5686dc3e34f0026588\",\"fulfillment_node_id\":\"0a633d9fe80f4a45b6fdf372a649be0c\",\"event_type\":\"updateVbIdSellingIdInventorySkipped/1\",\"update_at\":1564378274,\"stream_sequence_number\":36,\"event_data\":\"{\\\"id\\\":\\\"bc6ffa3563f34341bc42412b6d17b8ee\\\",\\\"vbId\\\":\\\"ff4b89c095a04d5686dc3e34f0026588\\\",\\\"sellingId\\\":\\\"ff4b89c095a04d5686dc3e34f0026588\\\",\\\"merchantId\\\":\\\"e43cf7756d0b4ba8a4e9046774656ce8\\\",\\\"skuId\\\":\\\"ff4b89c095a04d5686dc3e34f0026588\\\",\\\"f\\\":135,\\\"fnId\\\":\\\"0a633d9fe80f4a45b6fdf372a649be0c\\\",\\\"fnType\\\":\\\"wolverine\\\",\\\"by\\\":\\\"Vibranium\\\",\\\"at\\\":\\\"2019-07-29T05:31:14+00:00\\\",\\\"invUssn\\\":47,\\\"isInf\\\":false}\"}"}
{"id":"a8a5de4405e342c0b4c46fe7172f6e4a","table":"killmonger_events_table","keyspace":"msku","timestamp":"2019-07-29T05:45:03.530Z","clusteringKeys":["3b30b6e39c2c4a7fb040d405fdd6ba8b","vbIdSellingIdInventoryUpdated/1","1564375302"],"changedColumns":["selling_id","fulfillment_node_id","event_type","update_at","stream_sequence_number","event_data"],"record":"{\"selling_id\":\"a8a5de4405e342c0b4c46fe7172f6e4a\",\"fulfillment_node_id\":\"3b30b6e39c2c4a7fb040d405fdd6ba8b\",\"event_type\":\"vbIdSellingIdInventoryUpdated/1\",\"update_at\":1564375302,\"stream_sequence_number\":175,\"event_data\":\"{\\\"id\\\":\\\"9607064d95ad43b88c84ebd29f6a248e\\\",\\\"vbId\\\":\\\"a8a5de4405e342c0b4c46fe7172f6e4a\\\",\\\"sellingId\\\":\\\"a8a5de4405e342c0b4c46fe7172f6e4a\\\",\\\"merchantId\\\":\\\"c75fd12986e143928bef235bc9853a59\\\",\\\"skuId\\\":\\\"a8a5de4405e342c0b4c46fe7172f6e4a\\\",\\\"f\\\":1,\\\"fnId\\\":\\\"3b30b6e39c2c4a7fb040d405fdd6ba8b\\\",\\\"fnType\\\":\\\"wolverine\\\",\\\"by\\\":\\\"Vibranium\\\",\\\"at\\\":\\\"2019-07-29T04:41:42+00:00\\\",\\\"invUssn\\\":160,\\\"isInf\\\":false,\\\"ifa\\\":true,\\\"martAvail\\\":[{\\\"martId\\\":\\\"21\\\",\\\"ia\\\":true}],\\\"clt\\\":\\\"JoJ\\\"}\"}"}
{"id":"2a6a8cfa0bfa4826811eb0314d57f07f","table":"killmonger_events_table","keyspace":"msku","timestamp":"2019-07-29T05:44:37.062Z","clusteringKeys":["fb72b6f9c1e54625a551711f6ee72714","updateVbIdSellingIdInventorySkipped/1","1564378075"],"changedColumns":["selling_id","fulfillment_node_id","event_type","update_at","stream_sequence_number","event_data"],"record":"{\"selling_id\":\"2a6a8cfa0bfa4826811eb0314d57f07f\",\"fulfillment_node_id\":\"fb72b6f9c1e54625a551711f6ee72714\",\"event_type\":\"updateVbIdSellingIdInventorySkipped/1\",\"update_at\":1564378075,\"stream_sequence_number\":50,\"event_data\":\"{\\\"id\\\":\\\"0bc4600ccd57400faf6007e3e6ea3b27\\\",\\\"vbId\\\":\\\"2a6a8cfa0bfa4826811eb0314d57f07f\\\",\\\"sellingId\\\":\\\"2a6a8cfa0bfa4826811eb0314d57f07f\\\",\\\"merchantId\\\":\\\"e43cf7756d0b4ba8a4e9046774656ce8\\\",\\\"skuId\\\":\\\"2a6a8cfa0bfa4826811eb0314d57f07f\\\",\\\"f\\\":127,\\\"fnId\\\":\\\"fb72b6f9c1e54625a551711f6ee72714\\\",\\\"fnType\\\":\\\"wolverine\\\",\\\"by\\\":\\\"Vibranium\\\",\\\"at\\\":\\\"2019-07-29T05:27:55+00:00\\\",\\\"invUssn\\\":51,\\\"isInf\\\":false}\"}"}
{"id":"88ec890b0f2f45ed92b1998f4fac0664","table":"killmonger_events_table","keyspace":"msku","timestamp":"2019-07-29T05:44:37.062Z","clusteringKeys":["161ef5d50fd64967b6867805ef1a285d","vbIdSellingIdInventoryUpdated/1","1564378195"],"changedColumns":["selling_id","fulfillment_node_id","event_type","update_at","stream_sequence_number","event_data"],"record":"{\"selling_id\":\"88ec890b0f2f45ed92b1998f4fac0664\",\"fulfillment_node_id\":\"161ef5d50fd64967b6867805ef1a285d\",\"event_type\":\"vbIdSellingIdInventoryUpdated/1\",\"update_at\":1564378195,\"stream_sequence_number\":213,\"event_data\":\"{\\\"id\\\":\\\"094a2b5875634233811c3a0480b4f70a\\\",\\\"vbId\\\":\\\"88ec890b0f2f45ed92b1998f4fac0664\\\",\\\"sellingId\\\":\\\"88ec890b0f2f45ed92b1998f4fac0664\\\",\\\"merchantId\\\":\\\"11d010f610f348e38342912be02e1450\\\",\\\"skuId\\\":\\\"88ec890b0f2f45ed92b1998f4fac0664\\\",\\\"f\\\":17,\\\"fnId\\\":\\\"161ef5d50fd64967b6867805ef1a285d\\\",\\\"fnType\\\":\\\"wolverine\\\",\\\"by\\\":\\\"Vibranium\\\",\\\"at\\\":\\\"2019-07-29T05:29:55+00:00\\\",\\\"invUssn\\\":243,\\\"isInf\\\":false,\\\"ifa\\\":true,\\\"martAvail\\\":[{\\\"martId\\\":\\\"21\\\",\\\"ia\\\":true}],\\\"clt\\\":\\\"JoJ\\\"}\"}"}
{"id":"ab29420df13d459f96d3d56a3b1e8ba8","table":"killmonger_events_table","keyspace":"msku","timestamp":"2019-07-29T05:40:44.724Z","clusteringKeys":["fb72b6f9c1e54625a551711f6ee72714","updateVbIdSellingIdInventorySkipped/1","1564375727"],"changedColumns":["selling_id","fulfillment_node_id","event_type","update_at","stream_sequence_number","event_data"],"record":"{\"selling_id\":\"ab29420df13d459f96d3d56a3b1e8ba8\",\"fulfillment_node_id\":\"fb72b6f9c1e54625a551711f6ee72714\",\"event_type\":\"updateVbIdSellingIdInventorySkipped/1\",\"update_at\":1564375727,\"stream_sequence_number\":39,\"event_data\":\"{\\\"id\\\":\\\"1b4b640a11f948339af68bc62cb1341a\\\",\\\"vbId\\\":\\\"ab29420df13d459f96d3d56a3b1e8ba8\\\",\\\"sellingId\\\":\\\"ab29420df13d459f96d3d56a3b1e8ba8\\\",\\\"merchantId\\\":\\\"e43cf7756d0b4ba8a4e9046774656ce8\\\",\\\"skuId\\\":\\\"ab29420df13d459f96d3d56a3b1e8ba8\\\",\\\"f\\\":137,\\\"fnId\\\":\\\"fb72b6f9c1e54625a551711f6ee72714\\\",\\\"fnType\\\":\\\"wolverine\\\",\\\"by\\\":\\\"Vibranium\\\",\\\"at\\\":\\\"2019-07-29T04:48:47+00:00\\\",\\\"invUssn\\\":47,\\\"isInf\\\":false}\"}"}
{"id":"AE6A2E2AA0C2484DBA422FA6377DCF86","table":"killmonger_events_table","keyspace":"msku","timestamp":"2019-07-29T05:45:03.528Z","clusteringKeys":["10001021868","vbIdSellingIdInventoryUpdated/1","1564378231"],"changedColumns":["selling_id","fulfillment_node_id","event_type","update_at","stream_sequence_number","event_data"],"record":"{\"selling_id\":\"AE6A2E2AA0C2484DBA422FA6377DCF86\",\"fulfillment_node_id\":\"10001021868\",\"event_type\":\"vbIdSellingIdInventoryUpdated/1\",\"update_at\":1564378231,\"stream_sequence_number\":638,\"event_data\":\"{\\\"id\\\":\\\"b1f96e091cbb46feb39df4ebdb536025\\\",\\\"vbId\\\":\\\"WBBSSF24CP-101002498\\\",\\\"sellingId\\\":\\\"AE6A2E2AA0C2484DBA422FA6377DCF86\\\",\\\"merchantId\\\":\\\"101002498\\\",\\\"skuId\\\":\\\"WBBSSF24CP\\\",\\\"f\\\":1,\\\"fnId\\\":\\\"10001021868\\\",\\\"fnType\\\":\\\"MARKETPLACE\\\",\\\"by\\\":\\\"Vibranium\\\",\\\"at\\\":\\\"2019-07-29T05:30:31+00:00\\\",\\\"invUssn\\\":540,\\\"catUssn\\\":1,\\\"isInf\\\":false,\\\"ifa\\\":true,\\\"martAvail\\\":[{\\\"martId\\\":\\\"0\\\",\\\"ia\\\":true}],\\\"clt\\\":\\\"WoW\\\"}\"}"}
{"id":"105C0BD68139404E920A9E0E7151F311","table":"killmonger_events_table","keyspace":"msku","timestamp":"2019-07-29T05:40:44.725Z","clusteringKeys":["8556","vbIdSellingIdInventoryUpdated/1","1564376141"],"changedColumns":["selling_id","fulfillment_node_id","event_type","update_at","stream_sequence_number","event_data"],"record":"{\"selling_id\":\"105C0BD68139404E920A9E0E7151F311\",\"fulfillment_node_id\":\"8556\",\"event_type\":\"vbIdSellingIdInventoryUpdated/1\",\"update_at\":1564376141,\"stream_sequence_number\":135,\"event_data\":\"{\\\"id\\\":\\\"ffa4b5207dd04aecb660071517a6cb1c\\\",\\\"vbId\\\":\\\"PantherMigrationVbId\\\",\\\"sellingId\\\":\\\"105C0BD68139404E920A9E0E7151F311\\\",\\\"merchantId\\\":\\\"9fc08905039048918982091f266c2a29\\\",\\\"skuId\\\":\\\"PantherMigrationSkuId\\\",\\\"f\\\":0,\\\"fnId\\\":\\\"8556\\\",\\\"by\\\":\\\"Killmonger.Migration.MapInWalmartInvUpdates\\\",\\\"at\\\":\\\"2019-07-29T04:55:41.404+00:00\\\",\\\"invUssn\\\":0,\\\"isInf\\\":false,\\\"ifa\\\":true,\\\"martAvail\\\":[{\\\"martId\\\":\\\"21\\\",\\\"ia\\\":true},{\\\"martId\\\":\\\"0\\\",\\\"ia\\\":true}],\\\"clt\\\":\\\"WoJ\\\"}\"}"}
{"id":"d6eeaa5e9c3243c19da1fc45d2540a77","table":"killmonger_events_table","keyspace":"msku","timestamp":"2019-07-29T05:45:03.541Z","clusteringKeys":["7d029b0996bd4f16bbd74454bab3ab2e","vbIdSellingIdInventoryUpdated/1","1564378274"],"changedColumns":["selling_id","fulfillment_node_id","event_type","update_at","stream_sequence_number","event_data"],"record":"{\"selling_id\":\"d6eeaa5e9c3243c19da1fc45d2540a77\",\"fulfillment_node_id\":\"7d029b0996bd4f16bbd74454bab3ab2e\",\"event_type\":\"vbIdSellingIdInventoryUpdated/1\",\"update_at\":1564378274,\"stream_sequence_number\":38,\"event_data\":\"{\\\"id\\\":\\\"5f04700d50ef43bfb3e3da42a2890b68\\\",\\\"vbId\\\":\\\"d6eeaa5e9c3243c19da1fc45d2540a77\\\",\\\"sellingId\\\":\\\"d6eeaa5e9c3243c19da1fc45d2540a77\\\",\\\"merchantId\\\":\\\"e43cf7756d0b4ba8a4e9046774656ce8\\\",\\\"skuId\\\":\\\"d6eeaa5e9c3243c19da1fc45d2540a77\\\",\\\"f\\\":70,\\\"fnId\\\":\\\"7d029b0996bd4f16bbd74454bab3ab2e\\\",\\\"fnType\\\":\\\"wolverine\\\",\\\"by\\\":\\\"Vibranium\\\",\\\"at\\\":\\\"2019-07-29T05:31:14+00:00\\\",\\\"invUssn\\\":51,\\\"isInf\\\":false,\\\"ifa\\\":true,\\\"martAvail\\\":[{\\\"martId\\\":\\\"21\\\",\\\"ia\\\":true}],\\\"clt\\\":\\\"JoJ\\\"}\"}"}
{"id":"1c249172911a4e4cb54c138f1de4f653","table":"killmonger_events_table","keyspace":"msku","timestamp":"2019-07-29T05:45:03.541Z","clusteringKeys":["fb72b6f9c1e54625a551711f6ee72714","vbIdSellingIdInventoryUpdated/1","1564378274"],"changedColumns":["selling_id","fulfillment_node_id","event_type","update_at","stream_sequence_number","event_data"],"record":"{\"selling_id\":\"1c249172911a4e4cb54c138f1de4f653\",\"fulfillment_node_id\":\"fb72b6f9c1e54625a551711f6ee72714\",\"event_type\":\"vbIdSellingIdInventoryUpdated/1\",\"update_at\":1564378274,\"stream_sequence_number\":42,\"event_data\":\"{\\\"id\\\":\\\"5e727e0047844a92bee0527ec0f828b1\\\",\\\"vbId\\\":\\\"1c249172911a4e4cb54c138f1de4f653\\\",\\\"sellingId\\\":\\\"1c249172911a4e4cb54c138f1de4f653\\\",\\\"merchantId\\\":\\\"e43cf7756d0b4ba8a4e9046774656ce8\\\",\\\"skuId\\\":\\\"1c249172911a4e4cb54c138f1de4f653\\\",\\\"f\\\":72,\\\"fnId\\\":\\\"fb72b6f9c1e54625a551711f6ee72714\\\",\\\"fnType\\\":\\\"wolverine\\\",\\\"by\\\":\\\"Vibranium\\\",\\\"at\\\":\\\"2019-07-29T05:31:14+00:00\\\",\\\"invUssn\\\":50,\\\"isInf\\\":false,\\\"ifa\\\":true,\\\"martAvail\\\":[{\\\"martId\\\":\\\"21\\\",\\\"ia\\\":true}],\\\"clt\\\":\\\"JoJ\\\"}\"}"}
{"id":"BE48DA54E9CF4D458A12CC756334F164","table":"killmonger_events_table","keyspace":"msku","timestamp":"2019-07-29T05:40:44.736Z","clusteringKeys":["2738","vbIdSellingIdInventoryUpdated/1","1564375777"],"changedColumns":["selling_id","fulfillment_node_id","event_type","update_at","stream_sequence_number","event_data"],"record":"{\"selling_id\":\"BE48DA54E9CF4D458A12CC756334F164\",\"fulfillment_node_id\":\"2738\",\"event_type\":\"vbIdSellingIdInventoryUpdated/1\",\"update_at\":1564375777,\"stream_sequence_number\":132,\"event_data\":\"{\\\"id\\\":\\\"8bc170cb961149e4aa42d51ccf284951\\\",\\\"vbId\\\":\\\"PantherMigrationVbId\\\",\\\"sellingId\\\":\\\"BE48DA54E9CF4D458A12CC756334F164\\\",\\\"merchantId\\\":\\\"9fc08905039048918982091f266c2a29\\\",\\\"skuId\\\":\\\"PantherMigrationSkuId\\\",\\\"f\\\":0,\\\"fnId\\\":\\\"2738\\\",\\\"by\\\":\\\"Killmonger.Migration.MapInWalmartInvUpdates\\\",\\\"at\\\":\\\"2019-07-29T04:49:37.215+00:00\\\",\\\"invUssn\\\":0,\\\"isInf\\\":false,\\\"ifa\\\":true,\\\"martAvail\\\":[{\\\"martId\\\":\\\"21\\\",\\\"ia\\\":true},{\\\"martId\\\":\\\"0\\\",\\\"ia\\\":true}],\\\"clt\\\":\\\"WoJ\\\"}\"}"}
{"id":"690ffad1a066402c9930d683914481d5","table":"killmonger_events_table","keyspace":"msku","timestamp":"2019-07-29T05:45:02.502Z","clusteringKeys":["c7e42bbec71748469f3409fac72e56f2","vbIdSellingIdInventoryUpdated/1","1564374711"],"changedColumns":["selling_id","fulfillment_node_id","event_type","update_at","stream_sequence_number","event_data"],"record":"{\"selling_id\":\"690ffad1a066402c9930d683914481d5\",\"fulfillment_node_id\":\"c7e42bbec71748469f3409fac72e56f2\",\"event_type\":\"vbIdSellingIdInventoryUpdated/1\",\"update_at\":1564374711,\"stream_sequence_number\":206,\"event_data\":\"{\\\"id\\\":\\\"a8a55631f1d7407f86fc5a75a34e6de4\\\",\\\"vbId\\\":\\\"690ffad1a066402c9930d683914481d5\\\",\\\"sellingId\\\":\\\"690ffad1a066402c9930d683914481d5\\\",\\\"merchantId\\\":\\\"551717ddd0054aa088ac5aa2e3f5e824\\\",\\\"skuId\\\":\\\"690ffad1a066402c9930d683914481d5\\\",\\\"f\\\":8888,\\\"fnId\\\":\\\"c7e42bbec71748469f3409fac72e56f2\\\",\\\"fnType\\\":\\\"wolverine\\\",\\\"by\\\":\\\"Vibranium\\\",\\\"at\\\":\\\"2019-07-29T04:31:51+00:00\\\",\\\"invUssn\\\":231,\\\"isInf\\\":false,\\\"ifa\\\":true,\\\"martAvail\\\":[{\\\"martId\\\":\\\"21\\\",\\\"ia\\\":true}],\\\"clt\\\":\\\"JoJ\\\"}\"}"}
{"id":"7cdf9982cb604176b90596430518d0a1","table":"killmonger_events_table","keyspace":"msku","timestamp":"2019-07-29T05:44:37.085Z","clusteringKeys":["fb72b6f9c1e54625a551711f6ee72714","updateVbIdSellingIdInventorySkipped/1","1564375160"],"changedColumns":["selling_id","fulfillment_node_id","event_type","update_at","stream_sequence_number","event_data"],"record":"{\"selling_id\":\"7cdf9982cb604176b90596430518d0a1\",\"fulfillment_node_id\":\"fb72b6f9c1e54625a551711f6ee72714\",\"event_type\":\"updateVbIdSellingIdInventorySkipped/1\",\"update_at\":1564375160,\"stream_sequence_number\":43,\"event_data\":\"{\\\"id\\\":\\\"198960fa1d1442bcb64de26e1400c0d5\\\",\\\"vbId\\\":\\\"7cdf9982cb604176b90596430518d0a1\\\",\\\"sellingId\\\":\\\"7cdf9982cb604176b90596430518d0a1\\\",\\\"merchantId\\\":\\\"e43cf7756d0b4ba8a4e9046774656ce8\\\",\\\"skuId\\\":\\\"7cdf9982cb604176b90596430518d0a1\\\",\\\"f\\\":70,\\\"fnId\\\":\\\"fb72b6f9c1e54625a551711f6ee72714\\\",\\\"fnType\\\":\\\"wolverine\\\",\\\"by\\\":\\\"Vibranium\\\",\\\"at\\\":\\\"2019-07-29T04:39:20+00:00\\\",\\\"invUssn\\\":50,\\\"isInf\\\":false}\"}"}
{"id":"7cdf9982cb604176b90596430518d0a1","table":"killmonger_events_table","keyspace":"msku","timestamp":"2019-07-29T05:44:37.085Z","clusteringKeys":["fb72b6f9c1e54625a551711f6ee72714","updateVbIdSellingIdInventorySkipped/1","1564375160"],"changedColumns":["selling_id","fulfillment_node_id","event_type","update_at","stream_sequence_number","event_data"],"record":"{\"selling_id\":\"7cdf9982cb604176b90596430518d0a1\",\"fulfillment_node_id\":\"fb72b6f9c1e54625a551711f6ee72714\",\"event_type\":\"updateVbIdSellingIdInventorySkipped/1\",\"update_at\":1564375160,\"stream_sequence_number\":44,\"event_data\":\"{\\\"id\\\":\\\"2e128feef00d443e94924fccb715a44e\\\",\\\"vbId\\\":\\\"7cdf9982cb604176b90596430518d0a1\\\",\\\"sellingId\\\":\\\"7cdf9982cb604176b90596430518d0a1\\\",\\\"merchantId\\\":\\\"e43cf7756d0b4ba8a4e9046774656ce8\\\",\\\"skuId\\\":\\\"7cdf9982cb604176b90596430518d0a1\\\",\\\"f\\\":70,\\\"fnId\\\":\\\"fb72b6f9c1e54625a551711f6ee72714\\\",\\\"fnType\\\":\\\"wolverine\\\",\\\"by\\\":\\\"Vibranium\\\",\\\"at\\\":\\\"2019-07-29T04:39:20+00:00\\\",\\\"invUssn\\\":50,\\\"isInf\\\":false}\"}"}
{"id":"7cdf9982cb604176b90596430518d0a1","table":"killmonger_events_table","keyspace":"msku","timestamp":"2019-07-29T05:44:37.085Z","clusteringKeys":["fb72b6f9c1e54625a551711f6ee72714","updateVbIdSellingIdInventorySkipped/1","1564375160"],"changedColumns":["selling_id","fulfillment_node_id","event_type","update_at","stream_sequence_number","event_data"],"record":"{\"selling_id\":\"7cdf9982cb604176b90596430518d0a1\",\"fulfillment_node_id\":\"fb72b6f9c1e54625a551711f6ee72714\",\"event_type\":\"updateVbIdSellingIdInventorySkipped/1\",\"update_at\":1564375160,\"stream_sequence_number\":45,\"event_data\":\"{\\\"id\\\":\\\"711e313954e644879153ceabd39e0ab8\\\",\\\"vbId\\\":\\\"7cdf9982cb604176b90596430518d0a1\\\",\\\"sellingId\\\":\\\"7cdf9982cb604176b90596430518d0a1\\\",\\\"merchantId\\\":\\\"e43cf7756d0b4ba8a4e9046774656ce8\\\",\\\"skuId\\\":\\\"7cdf9982cb604176b90596430518d0a1\\\",\\\"f\\\":70,\\\"fnId\\\":\\\"fb72b6f9c1e54625a551711f6ee72714\\\",\\\"fnType\\\":\\\"wolverine\\\",\\\"by\\\":\\\"Vibranium\\\",\\\"at\\\":\\\"2019-07-29T04:39:20+00:00\\\",\\\"invUssn\\\":50,\\\"isInf\\\":false}\"}"}
{"id":"060864B02C91419393F713C10634F56A","table":"killmonger_events_table","keyspace":"msku","timestamp":"2019-07-29T05:44:37.086Z","clusteringKeys":["8306","vbIdSellingIdInventoryUpdated/1","1564378909"],"changedColumns":["selling_id","fulfillment_node_id","event_type","update_at","stream_sequence_number","event_data"],"record":"{\"selling_id\":\"060864B02C91419393F713C10634F56A\",\"fulfillment_node_id\":\"8306\",\"event_type\":\"vbIdSellingIdInventoryUpdated/1\",\"update_at\":1564378909,\"stream_sequence_number\":132,\"event_data\":\"{\\\"id\\\":\\\"b3f60f935baa4db4a5eeebbfe03da76b\\\",\\\"vbId\\\":\\\"PantherMigrationVbId\\\",\\\"sellingId\\\":\\\"060864B02C91419393F713C10634F56A\\\",\\\"merchantId\\\":\\\"9fc08905039048918982091f266c2a29\\\",\\\"skuId\\\":\\\"PantherMigrationSkuId\\\",\\\"f\\\":0,\\\"fnId\\\":\\\"8306\\\",\\\"by\\\":\\\"Killmonger.Migration.MapInWalmartInvUpdates\\\",\\\"at\\\":\\\"2019-07-29T05:41:49.478+00:00\\\",\\\"invUssn\\\":0,\\\"isInf\\\":false,\\\"ifa\\\":true,\\\"martAvail\\\":[{\\\"martId\\\":\\\"21\\\",\\\"ia\\\":true},{\\\"martId\\\":\\\"0\\\",\\\"ia\\\":true}],\\\"clt\\\":\\\"WoJ\\\"}\"}"}
{"id":"060864B02C91419393F713C10634F56A","table":"killmonger_events_table","keyspace":"msku","timestamp":"2019-07-29T05:44:37.086Z","clusteringKeys":["8306","vbIdSellingIdInventoryUpdated/1","1564378909"],"changedColumns":["selling_id","fulfillment_node_id","event_type","update_at","stream_sequence_number","event_data"],"record":"{\"selling_id\":\"060864B02C91419393F713C10634F56A\",\"fulfillment_node_id\":\"8306\",\"event_type\":\"vbIdSellingIdInventoryUpdated/1\",\"update_at\":1564378909,\"stream_sequence_number\":133,\"event_data\":\"{\\\"id\\\":\\\"b3f60f935baa4db4a5eeebbfe03da76b\\\",\\\"vbId\\\":\\\"PantherMigrationVbId\\\",\\\"sellingId\\\":\\\"060864B02C91419393F713C10634F56A\\\",\\\"merchantId\\\":\\\"9fc08905039048918982091f266c2a29\\\",\\\"skuId\\\":\\\"PantherMigrationSkuId\\\",\\\"f\\\":0,\\\"fnId\\\":\\\"8306\\\",\\\"by\\\":\\\"Killmonger.Migration.MapInWalmartInvUpdates\\\",\\\"at\\\":\\\"2019-07-29T05:41:49.478+00:00\\\",\\\"invUssn\\\":0,\\\"isInf\\\":false,\\\"ifa\\\":true,\\\"martAvail\\\":[{\\\"martId\\\":\\\"21\\\",\\\"ia\\\":true},{\\\"martId\\\":\\\"0\\\",\\\"ia\\\":true}],\\\"clt\\\":\\\"WoJ\\\"}\"}"}
{"id":"634317C2B6BF48BEBAD20189F8B7D043","table":"killmonger_events_table","keyspace":"msku","timestamp":"2019-07-29T05:44:37.095Z","clusteringKeys":["4916","vbIdSellingIdInventoryUpdated/1","1564378910"],"changedColumns":["selling_id","fulfillment_node_id","event_type","update_at","stream_sequence_number","event_data"],"record":"{\"selling_id\":\"634317C2B6BF48BEBAD20189F8B7D043\",\"fulfillment_node_id\":\"4916\",\"event_type\":\"vbIdSellingIdInventoryUpdated/1\",\"update_at\":1564378910,\"stream_sequence_number\":129,\"event_data\":\"{\\\"id\\\":\\\"00a65515043f4a8b8d45cfedb9f92e94\\\",\\\"vbId\\\":\\\"PantherMigrationVbId\\\",\\\"sellingId\\\":\\\"634317C2B6BF48BEBAD20189F8B7D043\\\",\\\"merchantId\\\":\\\"9fc08905039048918982091f266c2a29\\\",\\\"skuId\\\":\\\"PantherMigrationSkuId\\\",\\\"f\\\":0,\\\"fnId\\\":\\\"4916\\\",\\\"by\\\":\\\"Killmonger.Migration.MapInWalmartInvUpdates\\\",\\\"at\\\":\\\"2019-07-29T05:41:50.915+00:00\\\",\\\"invUssn\\\":0,\\\"isInf\\\":false,\\\"ifa\\\":true,\\\"martAvail\\\":[{\\\"martId\\\":\\\"21\\\",\\\"ia\\\":true},{\\\"martId\\\":\\\"0\\\",\\\"ia\\\":true}],\\\"clt\\\":\\\"WoJ\\\"}\"}"}
{"id":"634317C2B6BF48BEBAD20189F8B7D043","table":"killmonger_events_table","keyspace":"msku","timestamp":"2019-07-29T05:44:37.095Z","clusteringKeys":["4916","vbIdSellingIdInventoryUpdated/1","1564378910"],"changedColumns":["selling_id","fulfillment_node_id","event_type","update_at","stream_sequence_number","event_data"],"record":"{\"selling_id\":\"634317C2B6BF48BEBAD20189F8B7D043\",\"fulfillment_node_id\":\"4916\",\"event_type\":\"vbIdSellingIdInventoryUpdated/1\",\"update_at\":1564378910,\"stream_sequence_number\":130,\"event_data\":\"{\\\"id\\\":\\\"00a65515043f4a8b8d45cfedb9f92e94\\\",\\\"vbId\\\":\\\"PantherMigrationVbId\\\",\\\"sellingId\\\":\\\"634317C2B6BF48BEBAD20189F8B7D043\\\",\\\"merchantId\\\":\\\"9fc08905039048918982091f266c2a29\\\",\\\"skuId\\\":\\\"PantherMigrationSkuId\\\",\\\"f\\\":0,\\\"fnId\\\":\\\"4916\\\",\\\"by\\\":\\\"Killmonger.Migration.MapInWalmartInvUpdates\\\",\\\"at\\\":\\\"2019-07-29T05:41:50.915+00:00\\\",\\\"invUssn\\\":0,\\\"isInf\\\":false,\\\"ifa\\\":true,\\\"martAvail\\\":[{\\\"martId\\\":\\\"21\\\",\\\"ia\\\":true},{\\\"martId\\\":\\\"0\\\",\\\"ia\\\":true}],\\\"clt\\\":\\\"WoJ\\\"}\"}"}
{"id":"060864B02C91419393F713C10634F56A","table":"killmonger_events_table","keyspace":"msku","timestamp":"2019-07-29T05:45:02.510Z","clusteringKeys":["6559","vbIdSellingIdInventoryUpdated/1","1564378909"],"changedColumns":["selling_id","fulfillment_node_id","event_type","update_at","stream_sequence_number","event_data"],"record":"{\"selling_id\":\"060864B02C91419393F713C10634F56A\",\"fulfillment_node_id\":\"6559\",\"event_type\":\"vbIdSellingIdInventoryUpdated/1\",\"update_at\":1564378909,\"stream_sequence_number\":336,\"event_data\":\"{\\\"id\\\":\\\"41235052b78b4898922271dbae088088\\\",\\\"vbId\\\":\\\"PantherMigrationVbId\\\",\\\"sellingId\\\":\\\"060864B02C91419393F713C10634F56A\\\",\\\"merchantId\\\":\\\"9fc08905039048918982091f266c2a29\\\",\\\"skuId\\\":\\\"PantherMigrationSkuId\\\",\\\"f\\\":0,\\\"fnId\\\":\\\"6559\\\",\\\"by\\\":\\\"Killmonger.Migration.MapInWalmartInvUpdates\\\",\\\"at\\\":\\\"2019-07-29T05:41:49.478+00:00\\\",\\\"invUssn\\\":0,\\\"isInf\\\":false,\\\"ifa\\\":true,\\\"martAvail\\\":[{\\\"martId\\\":\\\"21\\\",\\\"ia\\\":true},{\\\"martId\\\":\\\"0\\\",\\\"ia\\\":true}],\\\"clt\\\":\\\"WoJ\\\"}\"}"}
{"id":"060864B02C91419393F713C10634F56A","table":"killmonger_events_table","keyspace":"msku","timestamp":"2019-07-29T05:45:02.511Z","clusteringKeys":["6559","vbIdSellingIdInventoryUpdated/1","1564378909"],"changedColumns":["selling_id","fulfillment_node_id","event_type","update_at","stream_sequence_number","event_data"],"record":"{\"selling_id\":\"060864B02C91419393F713C10634F56A\",\"fulfillment_node_id\":\"6559\",\"event_type\":\"vbIdSellingIdInventoryUpdated/1\",\"update_at\":1564378909,\"stream_sequence_number\":337,\"event_data\":\"{\\\"id\\\":\\\"41235052b78b4898922271dbae088088\\\",\\\"vbId\\\":\\\"PantherMigrationVbId\\\",\\\"sellingId\\\":\\\"060864B02C91419393F713C10634F56A\\\",\\\"merchantId\\\":\\\"9fc08905039048918982091f266c2a29\\\",\\\"skuId\\\":\\\"PantherMigrationSkuId\\\",\\\"f\\\":0,\\\"fnId\\\":\\\"6559\\\",\\\"by\\\":\\\"Killmonger.Migration.MapInWalmartInvUpdates\\\",\\\"at\\\":\\\"2019-07-29T05:41:49.478+00:00\\\",\\\"invUssn\\\":0,\\\"isInf\\\":false,\\\"ifa\\\":true,\\\"martAvail\\\":[{\\\"martId\\\":\\\"21\\\",\\\"ia\\\":true},{\\\"martId\\\":\\\"0\\\",\\\"ia\\\":true}],\\\"clt\\\":\\\"WoJ\\\"}\"}"}
{"id":"B4B3E27EFCA9459D98E0A234EE56816F","table":"killmonger_events_table","keyspace":"msku","timestamp":"2019-07-29T05:44:37.096Z","clusteringKeys":["4916","vbIdSellingIdInventoryUpdated/1","1564378912"],"changedColumns":["selling_id","fulfillment_node_id","event_type","update_at","stream_sequence_number","event_data"],"record":"{\"selling_id\":\"B4B3E27EFCA9459D98E0A234EE56816F\",\"fulfillment_node_id\":\"4916\",\"event_type\":\"vbIdSellingIdInventoryUpdated/1\",\"update_at\":1564378912,\"stream_sequence_number\":130,\"event_data\":\"{\\\"id\\\":\\\"34895324c4fa401ab5a6547242b98a91\\\",\\\"vbId\\\":\\\"PantherMigrationVbId\\\",\\\"sellingId\\\":\\\"B4B3E27EFCA9459D98E0A234EE56816F\\\",\\\"merchantId\\\":\\\"9fc08905039048918982091f266c2a29\\\",\\\"skuId\\\":\\\"PantherMigrationSkuId\\\",\\\"f\\\":0,\\\"fnId\\\":\\\"4916\\\",\\\"by\\\":\\\"Killmonger.Migration.MapInWalmartInvUpdates\\\",\\\"at\\\":\\\"2019-07-29T05:41:52.928+00:00\\\",\\\"invUssn\\\":0,\\\"isInf\\\":false,\\\"ifa\\\":true,\\\"martAvail\\\":[{\\\"martId\\\":\\\"21\\\",\\\"ia\\\":true},{\\\"martId\\\":\\\"0\\\",\\\"ia\\\":true}],\\\"clt\\\":\\\"WoJ\\\"}\"}"}
{"id":"4fe5d12bf43e49f2b78c33e1ffabb0b6","table":"killmonger_events_table","keyspace":"msku","timestamp":"2019-07-29T05:44:37.096Z","clusteringKeys":["3cbcc7e28aac4f6fb0a8cde4e85483c0","updateVbIdSellingIdInventorySkipped/1","1564375774"],"changedColumns":["selling_id","fulfillment_node_id","event_type","update_at","stream_sequence_number","event_data"],"record":"{\"selling_id\":\"4fe5d12bf43e49f2b78c33e1ffabb0b6\",\"fulfillment_node_id\":\"3cbcc7e28aac4f6fb0a8cde4e85483c0\",\"event_type\":\"updateVbIdSellingIdInventorySkipped/1\",\"update_at\":1564375774,\"stream_sequence_number\":103,\"event_data\":\"{\\\"id\\\":\\\"f2c183b6f0814cb08d759190f6973c69\\\",\\\"vbId\\\":\\\"4fe5d12bf43e49f2b78c33e1ffabb0b6\\\",\\\"sellingId\\\":\\\"4fe5d12bf43e49f2b78c33e1ffabb0b6\\\",\\\"merchantId\\\":\\\"7eaf70709bf149f890dc3a845871dab4\\\",\\\"skuId\\\":\\\"4fe5d12bf43e49f2b78c33e1ffabb0b6\\\",\\\"f\\\":559,\\\"fnId\\\":\\\"3cbcc7e28aac4f6fb0a8cde4e85483c0\\\",\\\"fnType\\\":\\\"wolverine\\\",\\\"by\\\":\\\"Vibranium\\\",\\\"at\\\":\\\"2019-07-29T04:49:34+00:00\\\",\\\"invUssn\\\":74,\\\"isInf\\\":false}\"}"}
{"id":"442614FC47744A09B5D4987CC274A9E2","table":"killmonger_events_table","keyspace":"msku","timestamp":"2019-07-29T05:44:36.947Z","clusteringKeys":["5926","vbIdSellingIdInventoryUpdated/1","1564378908"],"changedColumns":["selling_id","fulfillment_node_id","event_type","update_at","stream_sequence_number","event_data"],"record":"{\"selling_id\":\"442614FC47744A09B5D4987CC274A9E2\",\"fulfillment_node_id\":\"5926\",\"event_type\":\"vbIdSellingIdInventoryUpdated/1\",\"update_at\":1564378908,\"stream_sequence_number\":126,\"event_data\":\"{\\\"id\\\":\\\"1fdd4d8df3b7449594ca50a5684e3b6c\\\",\\\"vbId\\\":\\\"PantherMigrationVbId\\\",\\\"sellingId\\\":\\\"442614FC47744A09B5D4987CC274A9E2\\\",\\\"merchantId\\\":\\\"9fc08905039048918982091f266c2a29\\\",\\\"skuId\\\":\\\"PantherMigrationSkuId\\\",\\\"f\\\":0,\\\"fnId\\\":\\\"5926\\\",\\\"by\\\":\\\"Killmonger.Migration.MapInWalmartInvUpdates\\\",\\\"at\\\":\\\"2019-07-29T05:41:48.744+00:00\\\",\\\"invUssn\\\":0,\\\"isInf\\\":false,\\\"ifa\\\":true,\\\"martAvail\\\":[{\\\"martId\\\":\\\"21\\\",\\\"ia\\\":true},{\\\"martId\\\":\\\"0\\\",\\\"ia\\\":true}],\\\"clt\\\":\\\"WoJ\\\"}\"}"}
{"id":"087cfce21d13467c9c7b0a3d531c02c3","table":"killmonger_events_table","keyspace":"msku","timestamp":"2019-07-29T05:44:36.948Z","clusteringKeys":["d04e9aafbdfd48a88a351a0c5f71454b","updateVbIdSellingIdInventorySkipped/1","1564378125"],"changedColumns":["selling_id","fulfillment_node_id","event_type","update_at","stream_sequence_number","event_data"],"record":"{\"selling_id\":\"087cfce21d13467c9c7b0a3d531c02c3\",\"fulfillment_node_id\":\"d04e9aafbdfd48a88a351a0c5f71454b\",\"event_type\":\"updateVbIdSellingIdInventorySkipped/1\",\"update_at\":1564378125,\"stream_sequence_number\":15134,\"event_data\":\"{\\\"id\\\":\\\"85b47999afbd43c18b58ba2f91a4c1da\\\",\\\"vbId\\\":\\\"087cfce21d13467c9c7b0a3d531c02c3\\\",\\\"sellingId\\\":\\\"087cfce21d13467c9c7b0a3d531c02c3\\\",\\\"merchantId\\\":\\\"70d3c5360d574434ae92e085c056eec7\\\",\\\"skuId\\\":\\\"087cfce21d13467c9c7b0a3d531c02c3\\\",\\\"f\\\":12,\\\"fnId\\\":\\\"d04e9aafbdfd48a88a351a0c5f71454b\\\",\\\"fnType\\\":\\\"wolverine\\\",\\\"by\\\":\\\"Vibranium\\\",\\\"at\\\":\\\"2019-07-29T05:28:45+00:00\\\",\\\"invUssn\\\":17426,\\\"isInf\\\":false}\"}"}
{"id":"e7695f1b518a4758a33073d6c173979a","table":"killmonger_events_table","keyspace":"msku","timestamp":"2019-07-29T05:45:02.365Z","clusteringKeys":["fb72b6f9c1e54625a551711f6ee72714","updateVbIdSellingIdInventorySkipped/1","1564378075"],"changedColumns":["selling_id","fulfillment_node_id","event_type","update_at","stream_sequence_number","event_data"],"record":"{\"selling_id\":\"e7695f1b518a4758a33073d6c173979a\",\"fulfillment_node_id\":\"fb72b6f9c1e54625a551711f6ee72714\",\"event_type\":\"updateVbIdSellingIdInventorySkipped/1\",\"update_at\":1564378075,\"stream_sequence_number\":43,\"event_data\":\"{\\\"id\\\":\\\"94d6f2b2d8664c2e96b435f5e0b35807\\\",\\\"vbId\\\":\\\"e7695f1b518a4758a33073d6c173979a\\\",\\\"sellingId\\\":\\\"e7695f1b518a4758a33073d6c173979a\\\",\\\"merchantId\\\":\\\"e43cf7756d0b4ba8a4e9046774656ce8\\\",\\\"skuId\\\":\\\"e7695f1b518a4758a33073d6c173979a\\\",\\\"f\\\":57,\\\"fnId\\\":\\\"fb72b6f9c1e54625a551711f6ee72714\\\",\\\"fnType\\\":\\\"wolverine\\\",\\\"by\\\":\\\"Vibranium\\\",\\\"at\\\":\\\"2019-07-29T05:27:55+00:00\\\",\\\"invUssn\\\":53,\\\"isInf\\\":false}\"}"}
{"id":"e7695f1b518a4758a33073d6c173979a","table":"killmonger_events_table","keyspace":"msku","timestamp":"2019-07-29T05:45:02.365Z","clusteringKeys":["fb72b6f9c1e54625a551711f6ee72714","vbIdSellingIdInventoryUpdated/1","1564378075"],"changedColumns":["selling_id","fulfillment_node_id","event_type","update_at","stream_sequence_number","event_data"],"record":"{\"selling_id\":\"e7695f1b518a4758a33073d6c173979a\",\"fulfillment_node_id\":\"fb72b6f9c1e54625a551711f6ee72714\",\"event_type\":\"vbIdSellingIdInventoryUpdated/1\",\"update_at\":1564378075,\"stream_sequence_number\":44,\"event_data\":\"{\\\"id\\\":\\\"550bbd4a2670475b88d9bd1f68372e30\\\",\\\"vbId\\\":\\\"e7695f1b518a4758a33073d6c173979a\\\",\\\"sellingId\\\":\\\"e7695f1b518a4758a33073d6c173979a\\\",\\\"merchantId\\\":\\\"e43cf7756d0b4ba8a4e9046774656ce8\\\",\\\"skuId\\\":\\\"e7695f1b518a4758a33073d6c173979a\\\",\\\"f\\\":57,\\\"fnId\\\":\\\"fb72b6f9c1e54625a551711f6ee72714\\\",\\\"fnType\\\":\\\"wolverine\\\",\\\"by\\\":\\\"Vibranium\\\",\\\"at\\\":\\\"2019-07-29T05:27:55+00:00\\\",\\\"invUssn\\\":54,\\\"isInf\\\":false,\\\"ifa\\\":true,\\\"martAvail\\\":[{\\\"martId\\\":\\\"21\\\",\\\"ia\\\":true}],\\\"clt\\\":\\\"JoJ\\\"}\"}"}
{"id":"e7695f1b518a4758a33073d6c173979a","table":"killmonger_events_table","keyspace":"msku","timestamp":"2019-07-29T05:45:02.365Z","clusteringKeys":["fb72b6f9c1e54625a551711f6ee72714","updateVbIdSellingIdInventorySkipped/1","1564378075"],"changedColumns":["selling_id","fulfillment_node_id","event_type","update_at","stream_sequence_number","event_data"],"record":"{\"selling_id\":\"e7695f1b518a4758a33073d6c173979a\",\"fulfillment_node_id\":\"fb72b6f9c1e54625a551711f6ee72714\",\"event_type\":\"updateVbIdSellingIdInventorySkipped/1\",\"update_at\":1564378075,\"stream_sequence_number\":45,\"event_data\":\"{\\\"id\\\":\\\"94d6f2b2d8664c2e96b435f5e0b35807\\\",\\\"vbId\\\":\\\"e7695f1b518a4758a33073d6c173979a\\\",\\\"sellingId\\\":\\\"e7695f1b518a4758a33073d6c173979a\\\",\\\"merchantId\\\":\\\"e43cf7756d0b4ba8a4e9046774656ce8\\\",\\\"skuId\\\":\\\"e7695f1b518a4758a33073d6c173979a\\\",\\\"f\\\":57,\\\"fnId\\\":\\\"fb72b6f9c1e54625a551711f6ee72714\\\",\\\"fnType\\\":\\\"wolverine\\\",\\\"by\\\":\\\"Vibranium\\\",\\\"at\\\":\\\"2019-07-29T05:27:55+00:00\\\",\\\"invUssn\\\":53,\\\"isInf\\\":false}\"}"}
{"id":"e7695f1b518a4758a33073d6c173979a","table":"killmonger_events_table","keyspace":"msku","timestamp":"2019-07-29T05:45:02.366Z","clusteringKeys":["fb72b6f9c1e54625a551711f6ee72714","updateVbIdSellingIdInventorySkipped/1","1564378075"],"changedColumns":["selling_id","fulfillment_node_id","event_type","update_at","stream_sequence_number","event_data"],"record":"{\"selling_id\":\"e7695f1b518a4758a33073d6c173979a\",\"fulfillment_node_id\":\"fb72b6f9c1e54625a551711f6ee72714\",\"event_type\":\"updateVbIdSellingIdInventorySkipped/1\",\"update_at\":1564378075,\"stream_sequence_number\":46,\"event_data\":\"{\\\"id\\\":\\\"550bbd4a2670475b88d9bd1f68372e30\\\",\\\"vbId\\\":\\\"e7695f1b518a4758a33073d6c173979a\\\",\\\"sellingId\\\":\\\"e7695f1b518a4758a33073d6c173979a\\\",\\\"merchantId\\\":\\\"e43cf7756d0b4ba8a4e9046774656ce8\\\",\\\"skuId\\\":\\\"e7695f1b518a4758a33073d6c173979a\\\",\\\"f\\\":57,\\\"fnId\\\":\\\"fb72b6f9c1e54625a551711f6ee72714\\\",\\\"fnType\\\":\\\"wolverine\\\",\\\"by\\\":\\\"Vibranium\\\",\\\"at\\\":\\\"2019-07-29T05:27:55+00:00\\\",\\\"invUssn\\\":54,\\\"isInf\\\":false}\"}"}
{"id":"200DDB1A55384BD294C84AB6955473C6","table":"killmonger_events_table","keyspace":"msku","timestamp":"2019-07-29T05:45:02.367Z","clusteringKeys":["10000013268","updateVbIdSellingIdInventorySkipped/1","1564375289"],"changedColumns":["selling_id","fulfillment_node_id","event_type","update_at","stream_sequence_number","event_data"],"record":"{\"selling_id\":\"200DDB1A55384BD294C84AB6955473C6\",\"fulfillment_node_id\":\"10000013268\",\"event_type\":\"updateVbIdSellingIdInventorySkipped/1\",\"update_at\":1564375289,\"stream_sequence_number\":136,\"event_data\":\"{\\\"id\\\":\\\"3ae2e8b2fb05400f8ddbc80bad6e83c1\\\",\\\"vbId\\\":\\\"A_33217198_3PC_C1_White_503_BURG_3T-12825\\\",\\\"sellingId\\\":\\\"200DDB1A55384BD294C84AB6955473C6\\\",\\\"merchantId\\\":\\\"12825\\\",\\\"skuId\\\":\\\"A_33217198_3PC_C1_White_503_BURG_3T\\\",\\\"f\\\":99,\\\"fnId\\\":\\\"10000013268\\\",\\\"fnType\\\":\\\"MARKETPLACE\\\",\\\"by\\\":\\\"Vibranium\\\",\\\"at\\\":\\\"2019-07-29T04:41:29+00:00\\\",\\\"invUssn\\\":109,\\\"catUssn\\\":0,\\\"isInf\\\":false}\"}"}
{"id":"ED2DC680C6F447BE8A94BDB3D16BDB95","table":"killmonger_events_table","keyspace":"msku","timestamp":"2019-07-29T05:45:02.367Z","clusteringKeys":["2750","vbIdSellingIdInventoryUpdated/1","1564378910"],"changedColumns":["selling_id","fulfillment_node_id","event_type","update_at","stream_sequence_number","event_data"],"record":"{\"selling_id\":\"ED2DC680C6F447BE8A94BDB3D16BDB95\",\"fulfillment_node_id\":\"2750\",\"event_type\":\"vbIdSellingIdInventoryUpdated/1\",\"update_at\":1564378910,\"stream_sequence_number\":88,\"event_data\":\"{\\\"id\\\":\\\"a594a3e54dab4858b02e524f46f936fc\\\",\\\"vbId\\\":\\\"PantherMigrationVbId\\\",\\\"sellingId\\\":\\\"ED2DC680C6F447BE8A94BDB3D16BDB95\\\",\\\"merchantId\\\":\\\"9fc08905039048918982091f266c2a29\\\",\\\"skuId\\\":\\\"PantherMigrationSkuId\\\",\\\"f\\\":0,\\\"fnId\\\":\\\"2750\\\",\\\"by\\\":\\\"Killmonger.Migration.MapInWalmartInvUpdates\\\",\\\"at\\\":\\\"2019-07-29T05:41:50.608+00:00\\\",\\\"invUssn\\\":0,\\\"isInf\\\":false,\\\"ifa\\\":true,\\\"martAvail\\\":[{\\\"martId\\\":\\\"21\\\",\\\"ia\\\":true},{\\\"martId\\\":\\\"0\\\",\\\"ia\\\":true}],\\\"clt\\\":\\\"WoJ\\\"}\"}"}
{"id":"d95b4fcc250c46199c1a76a262f899bf","table":"killmonger_events_table","keyspace":"msku","timestamp":"2019-07-29T05:45:03.420Z","clusteringKeys":["fb72b6f9c1e54625a551711f6ee72714","updateVbIdSellingIdInventorySkipped/1","1564375344"],"changedColumns":["selling_id","fulfillment_node_id","event_type","update_at","stream_sequence_number","event_data"],"record":"{\"selling_id\":\"d95b4fcc250c46199c1a76a262f899bf\",\"fulfillment_node_id\":\"fb72b6f9c1e54625a551711f6ee72714\",\"event_type\":\"updateVbIdSellingIdInventorySkipped/1\",\"update_at\":1564375344,\"stream_sequence_number\":48,\"event_data\":\"{\\\"id\\\":\\\"e9328128b8d5482a883dca23845afd14\\\",\\\"vbId\\\":\\\"d95b4fcc250c46199c1a76a262f899bf\\\",\\\"sellingId\\\":\\\"d95b4fcc250c46199c1a76a262f899bf\\\",\\\"merchantId\\\":\\\"e43cf7756d0b4ba8a4e9046774656ce8\\\",\\\"skuId\\\":\\\"d95b4fcc250c46199c1a76a262f899bf\\\",\\\"f\\\":110,\\\"fnId\\\":\\\"fb72b6f9c1e54625a551711f6ee72714\\\",\\\"fnType\\\":\\\"wolverine\\\",\\\"by\\\":\\\"Vibranium\\\",\\\"at\\\":\\\"2019-07-29T04:42:24+00:00\\\",\\\"invUssn\\\":49,\\\"isInf\\\":false}\"}"}
{"id":"d95b4fcc250c46199c1a76a262f899bf","table":"killmonger_events_table","keyspace":"msku","timestamp":"2019-07-29T05:45:03.420Z","clusteringKeys":["fb72b6f9c1e54625a551711f6ee72714","updateVbIdSellingIdInventorySkipped/1","1564375344"],"changedColumns":["selling_id","fulfillment_node_id","event_type","update_at","stream_sequence_number","event_data"],"record":"{\"selling_id\":\"d95b4fcc250c46199c1a76a262f899bf\",\"fulfillment_node_id\":\"fb72b6f9c1e54625a551711f6ee72714\",\"event_type\":\"updateVbIdSellingIdInventorySkipped/1\",\"update_at\":1564375344,\"stream_sequence_number\":49,\"event_data\":\"{\\\"id\\\":\\\"776ae5286241430e997ee6578a4c19cd\\\",\\\"vbId\\\":\\\"d95b4fcc250c46199c1a76a262f899bf\\\",\\\"sellingId\\\":\\\"d95b4fcc250c46199c1a76a262f899bf\\\",\\\"merchantId\\\":\\\"e43cf7756d0b4ba8a4e9046774656ce8\\\",\\\"skuId\\\":\\\"d95b4fcc250c46199c1a76a262f899bf\\\",\\\"f\\\":110,\\\"fnId\\\":\\\"fb72b6f9c1e54625a551711f6ee72714\\\",\\\"fnType\\\":\\\"wolverine\\\",\\\"by\\\":\\\"Vibranium\\\",\\\"at\\\":\\\"2019-07-29T04:42:24+00:00\\\",\\\"invUssn\\\":49,\\\"isInf\\\":false}\"}"}
{"id":"df625b006f4947cf9b47dd560f90ee42","table":"killmonger_events_table","keyspace":"msku","timestamp":"2019-07-29T05:44:36.948Z","clusteringKeys":["6ccbd76c487c42e5b65dd274f51b72ea","vbIdSellingIdInventoryUpdated/1","1564378274"],"changedColumns":["selling_id","fulfillment_node_id","event_type","update_at","stream_sequence_number","event_data"],"record":"{\"selling_id\":\"df625b006f4947cf9b47dd560f90ee42\",\"fulfillment_node_id\":\"6ccbd76c487c42e5b65dd274f51b72ea\",\"event_type\":\"vbIdSellingIdInventoryUpdated/1\",\"update_at\":1564378274,\"stream_sequence_number\":41,\"event_data\":\"{\\\"id\\\":\\\"494cd52a8d214c28b2a09fa0c48ff504\\\",\\\"vbId\\\":\\\"df625b006f4947cf9b47dd560f90ee42\\\",\\\"sellingId\\\":\\\"df625b006f4947cf9b47dd560f90ee42\\\",\\\"merchantId\\\":\\\"e43cf7756d0b4ba8a4e9046774656ce8\\\",\\\"skuId\\\":\\\"df625b006f4947cf9b47dd560f90ee42\\\",\\\"f\\\":71,\\\"fnId\\\":\\\"6ccbd76c487c42e5b65dd274f51b72ea\\\",\\\"fnType\\\":\\\"wolverine\\\",\\\"by\\\":\\\"Vibranium\\\",\\\"at\\\":\\\"2019-07-29T05:31:14+00:00\\\",\\\"invUssn\\\":48,\\\"isInf\\\":false,\\\"ifa\\\":true,\\\"martAvail\\\":[{\\\"martId\\\":\\\"21\\\",\\\"ia\\\":true}],\\\"clt\\\":\\\"JoJ\\\"}\"}"}
{"id":"0681D1D544A04F96AD7DC345ECC3A5D9","table":"killmonger_events_table","keyspace":"msku","timestamp":"2019-07-29T05:45:03.420Z","clusteringKeys":["10000001207","updateVbIdSellingIdInventorySkipped/1","1564378014"],"changedColumns":["selling_id","fulfillment_node_id","event_type","update_at","stream_sequence_number","event_data"],"record":"{\"selling_id\":\"0681D1D544A04F96AD7DC345ECC3A5D9\",\"fulfillment_node_id\":\"10000001207\",\"event_type\":\"updateVbIdSellingIdInventorySkipped/1\",\"update_at\":1564378014,\"stream_sequence_number\":154,\"event_data\":\"{\\\"id\\\":\\\"cc36bb3501e54513b4c8d65f1918d3e0\\\",\\\"vbId\\\":\\\"1200410x0001-1150\\\",\\\"sellingId\\\":\\\"0681D1D544A04F96AD7DC345ECC3A5D9\\\",\\\"merchantId\\\":\\\"1150\\\",\\\"skuId\\\":\\\"1200410x0001\\\",\\\"f\\\":80,\\\"fnId\\\":\\\"10000001207\\\",\\\"fnType\\\":\\\"MARKETPLACE\\\",\\\"by\\\":\\\"Vibranium\\\",\\\"at\\\":\\\"2019-07-29T05:26:54+00:00\\\",\\\"invUssn\\\":108,\\\"catUssn\\\":10,\\\"isInf\\\":false}\"}"}
{"id":"0681D1D544A04F96AD7DC345ECC3A5D9","table":"killmonger_events_table","keyspace":"msku","timestamp":"2019-07-29T05:45:03.420Z","clusteringKeys":["10000001207","updateVbIdSellingIdInventorySkipped/1","1564378014"],"changedColumns":["selling_id","fulfillment_node_id","event_type","update_at","stream_sequence_number","event_data"],"record":"{\"selling_id\":\"0681D1D544A04F96AD7DC345ECC3A5D9\",\"fulfillment_node_id\":\"10000001207\",\"event_type\":\"updateVbIdSellingIdInventorySkipped/1\",\"update_at\":1564378014,\"stream_sequence_number\":155,\"event_data\":\"{\\\"id\\\":\\\"cc36bb3501e54513b4c8d65f1918d3e0\\\",\\\"vbId\\\":\\\"1200410x0001-1150\\\",\\\"sellingId\\\":\\\"0681D1D544A04F96AD7DC345ECC3A5D9\\\",\\\"merchantId\\\":\\\"1150\\\",\\\"skuId\\\":\\\"1200410x0001\\\",\\\"f\\\":80,\\\"fnId\\\":\\\"10000001207\\\",\\\"fnType\\\":\\\"MARKETPLACE\\\",\\\"by\\\":\\\"Vibranium\\\",\\\"at\\\":\\\"2019-07-29T05:26:54+00:00\\\",\\\"invUssn\\\":108,\\\"catUssn\\\":10,\\\"isInf\\\":false}\"}"}
{"id":"0681D1D544A04F96AD7DC345ECC3A5D9","table":"killmonger_events_table","keyspace":"msku","timestamp":"2019-07-29T05:45:03.420Z","clusteringKeys":["10000001207","updateVbIdSellingIdInventorySkipped/1","1564378014"],"changedColumns":["selling_id","fulfillment_node_id","event_type","update_at","stream_sequence_number","event_data"],"record":"{\"selling_id\":\"0681D1D544A04F96AD7DC345ECC3A5D9\",\"fulfillment_node_id\":\"10000001207\",\"event_type\":\"updateVbIdSellingIdInventorySkipped/1\",\"update_at\":1564378014,\"stream_sequence_number\":156,\"event_data\":\"{\\\"id\\\":\\\"cc36bb3501e54513b4c8d65f1918d3e0\\\",\\\"vbId\\\":\\\"1200410x0001-1150\\\",\\\"sellingId\\\":\\\"0681D1D544A04F96AD7DC345ECC3A5D9\\\",\\\"merchantId\\\":\\\"1150\\\",\\\"skuId\\\":\\\"1200410x0001\\\",\\\"f\\\":80,\\\"fnId\\\":\\\"10000001207\\\",\\\"fnType\\\":\\\"MARKETPLACE\\\",\\\"by\\\":\\\"Vibranium\\\",\\\"at\\\":\\\"2019-07-29T05:26:54+00:00\\\",\\\"invUssn\\\":108,\\\"catUssn\\\":10,\\\"isInf\\\":false}\"}"}
{"id":"296228f73e3740f5aafa800aa3ff1bb0","table":"killmonger_events_table","keyspace":"msku","timestamp":"2019-07-29T05:40:44.607Z","clusteringKeys":["fb72b6f9c1e54625a551711f6ee72714","updateVbIdSellingIdInventorySkipped/1","1564378075"],"changedColumns":["selling_id","fulfillment_node_id","event_type","update_at","stream_sequence_number","event_data"],"record":"{\"selling_id\":\"296228f73e3740f5aafa800aa3ff1bb0\",\"fulfillment_node_id\":\"fb72b6f9c1e54625a551711f6ee72714\",\"event_type\":\"updateVbIdSellingIdInventorySkipped/1\",\"update_at\":1564378075,\"stream_sequence_number\":43,\"event_data\":\"{\\\"id\\\":\\\"597f8cbbbe9f408d9b12809317512001\\\",\\\"vbId\\\":\\\"296228f73e3740f5aafa800aa3ff1bb0\\\",\\\"sellingId\\\":\\\"296228f73e3740f5aafa800aa3ff1bb0\\\",\\\"merchantId\\\":\\\"e43cf7756d0b4ba8a4e9046774656ce8\\\",\\\"skuId\\\":\\\"296228f73e3740f5aafa800aa3ff1bb0\\\",\\\"f\\\":122,\\\"fnId\\\":\\\"fb72b6f9c1e54625a551711f6ee72714\\\",\\\"fnType\\\":\\\"wolverine\\\",\\\"by\\\":\\\"Vibranium\\\",\\\"at\\\":\\\"2019-07-29T05:27:55+00:00\\\",\\\"invUssn\\\":49,\\\"isInf\\\":false}\"}"}
{"id":"8b482dd686614ee3be080e993aec2475","table":"killmonger_events_table","keyspace":"msku","timestamp":"2019-07-29T05:40:44.608Z","clusteringKeys":["fb72b6f9c1e54625a551711f6ee72714","vbIdSellingIdInventoryUpdated/1","1564378274"],"changedColumns":["selling_id","fulfillment_node_id","event_type","update_at","stream_sequence_number","event_data"],"record":"{\"selling_id\":\"8b482dd686614ee3be080e993aec2475\",\"fulfillment_node_id\":\"fb72b6f9c1e54625a551711f6ee72714\",\"event_type\":\"vbIdSellingIdInventoryUpdated/1\",\"update_at\":1564378274,\"stream_sequence_number\":39,\"event_data\":\"{\\\"id\\\":\\\"d1526ef8e8e94ef98eb0ce2f2aca0771\\\",\\\"vbId\\\":\\\"8b482dd686614ee3be080e993aec2475\\\",\\\"sellingId\\\":\\\"8b482dd686614ee3be080e993aec2475\\\",\\\"merchantId\\\":\\\"e43cf7756d0b4ba8a4e9046774656ce8\\\",\\\"skuId\\\":\\\"8b482dd686614ee3be080e993aec2475\\\",\\\"f\\\":127,\\\"fnId\\\":\\\"fb72b6f9c1e54625a551711f6ee72714\\\",\\\"fnType\\\":\\\"wolverine\\\",\\\"by\\\":\\\"Vibranium\\\",\\\"at\\\":\\\"2019-07-29T05:31:14+00:00\\\",\\\"invUssn\\\":49,\\\"isInf\\\":false,\\\"ifa\\\":true,\\\"martAvail\\\":[{\\\"martId\\\":\\\"21\\\",\\\"ia\\\":true}],\\\"clt\\\":\\\"JoJ\\\"}\"}"}
{"id":"8b482dd686614ee3be080e993aec2475","table":"killmonger_events_table","keyspace":"msku","timestamp":"2019-07-29T05:40:44.608Z","clusteringKeys":["fb72b6f9c1e54625a551711f6ee72714","updateVbIdSellingIdInventorySkipped/1","1564378274"],"changedColumns":["selling_id","fulfillment_node_id","event_type","update_at","stream_sequence_number","event_data"],"record":"{\"selling_id\":\"8b482dd686614ee3be080e993aec2475\",\"fulfillment_node_id\":\"fb72b6f9c1e54625a551711f6ee72714\",\"event_type\":\"updateVbIdSellingIdInventorySkipped/1\",\"update_at\":1564378274,\"stream_sequence_number\":40,\"event_data\":\"{\\\"id\\\":\\\"d1526ef8e8e94ef98eb0ce2f2aca0771\\\",\\\"vbId\\\":\\\"8b482dd686614ee3be080e993aec2475\\\",\\\"sellingId\\\":\\\"8b482dd686614ee3be080e993aec2475\\\",\\\"merchantId\\\":\\\"e43cf7756d0b4ba8a4e9046774656ce8\\\",\\\"skuId\\\":\\\"8b482dd686614ee3be080e993aec2475\\\",\\\"f\\\":127,\\\"fnId\\\":\\\"fb72b6f9c1e54625a551711f6ee72714\\\",\\\"fnType\\\":\\\"wolverine\\\",\\\"by\\\":\\\"Vibranium\\\",\\\"at\\\":\\\"2019-07-29T05:31:14+00:00\\\",\\\"invUssn\\\":49,\\\"isInf\\\":false}\"}"}
{"id":"F1D4327ED29D4D01BE55E96AF8D9A8A2","table":"killmonger_events_table","keyspace":"msku","timestamp":"2019-07-29T05:45:02.369Z","clusteringKeys":["2379","vbIdSellingIdInventoryUpdated/1","1564375778"],"changedColumns":["selling_id","fulfillment_node_id","event_type","update_at","stream_sequence_number","event_data"],"record":"{\"selling_id\":\"F1D4327ED29D4D01BE55E96AF8D9A8A2\",\"fulfillment_node_id\":\"2379\",\"event_type\":\"vbIdSellingIdInventoryUpdated/1\",\"update_at\":1564375778,\"stream_sequence_number\":58,\"event_data\":\"{\\\"id\\\":\\\"6485d97311bd4b77819116d8b6d48b6b\\\",\\\"vbId\\\":\\\"PantherMigrationVbId\\\",\\\"sellingId\\\":\\\"F1D4327ED29D4D01BE55E96AF8D9A8A2\\\",\\\"merchantId\\\":\\\"9fc08905039048918982091f266c2a29\\\",\\\"skuId\\\":\\\"PantherMigrationSkuId\\\",\\\"f\\\":0,\\\"fnId\\\":\\\"2379\\\",\\\"by\\\":\\\"Killmonger.Migration.MapInWalmartInvUpdates\\\",\\\"at\\\":\\\"2019-07-29T04:49:38.126+00:00\\\",\\\"invUssn\\\":0,\\\"isInf\\\":false,\\\"ifa\\\":true,\\\"martAvail\\\":[{\\\"martId\\\":\\\"21\\\",\\\"ia\\\":true},{\\\"martId\\\":\\\"0\\\",\\\"ia\\\":true}],\\\"clt\\\":\\\"WoJ\\\"}\"}"}
{"id":"4e3587ff3ffa42b6906542f79c5a1ac6","table":"killmonger_events_table","keyspace":"msku","timestamp":"2019-07-29T05:44:36.951Z","clusteringKeys":["1ec5002dc71242c4b8fda460d4af4517","vbIdSellingIdInventoryUpdated/1","1564378203"],"changedColumns":["selling_id","fulfillment_node_id","event_type","update_at","stream_sequence_number","event_data"],"record":"{\"selling_id\":\"4e3587ff3ffa42b6906542f79c5a1ac6\",\"fulfillment_node_id\":\"1ec5002dc71242c4b8fda460d4af4517\",\"event_type\":\"vbIdSellingIdInventoryUpdated/1\",\"update_at\":1564378203,\"stream_sequence_number\":707,\"event_data\":\"{\\\"id\\\":\\\"14aa286fbae04e05add244b7a12ad7f9\\\",\\\"vbId\\\":\\\"4e3587ff3ffa42b6906542f79c5a1ac6\\\",\\\"sellingId\\\":\\\"4e3587ff3ffa42b6906542f79c5a1ac6\\\",\\\"merchantId\\\":\\\"77ce05916e2a4127adb168eb1cf09c5e\\\",\\\"skuId\\\":\\\"4e3587ff3ffa42b6906542f79c5a1ac6\\\",\\\"f\\\":100,\\\"fnId\\\":\\\"1ec5002dc71242c4b8fda460d4af4517\\\",\\\"fnType\\\":\\\"wolverine\\\",\\\"by\\\":\\\"Vibranium\\\",\\\"at\\\":\\\"2019-07-29T05:30:03+00:00\\\",\\\"invUssn\\\":788,\\\"isInf\\\":false,\\\"ifa\\\":true,\\\"martAvail\\\":[{\\\"martId\\\":\\\"21\\\",\\\"ia\\\":true}],\\\"clt\\\":\\\"JoJ\\\"}\"}"}
{"id":"4e3587ff3ffa42b6906542f79c5a1ac6","table":"killmonger_events_table","keyspace":"msku","timestamp":"2019-07-29T05:44:36.951Z","clusteringKeys":["1ec5002dc71242c4b8fda460d4af4517","vbIdSellingIdInventoryUpdated/1","1564378203"],"changedColumns":["selling_id","fulfillment_node_id","event_type","update_at","stream_sequence_number","event_data"],"record":"{\"selling_id\":\"4e3587ff3ffa42b6906542f79c5a1ac6\",\"fulfillment_node_id\":\"1ec5002dc71242c4b8fda460d4af4517\",\"event_type\":\"vbIdSellingIdInventoryUpdated/1\",\"update_at\":1564378203,\"stream_sequence_number\":708,\"event_data\":\"{\\\"id\\\":\\\"44cf5cdbda1d4ae78374a877b10539be\\\",\\\"vbId\\\":\\\"4e3587ff3ffa42b6906542f79c5a1ac6\\\",\\\"sellingId\\\":\\\"4e3587ff3ffa42b6906542f79c5a1ac6\\\",\\\"merchantId\\\":\\\"77ce05916e2a4127adb168eb1cf09c5e\\\",\\\"skuId\\\":\\\"4e3587ff3ffa42b6906542f79c5a1ac6\\\",\\\"f\\\":100,\\\"fnId\\\":\\\"1ec5002dc71242c4b8fda460d4af4517\\\",\\\"fnType\\\":\\\"wolverine\\\",\\\"by\\\":\\\"Vibranium\\\",\\\"at\\\":\\\"2019-07-29T05:30:03+00:00\\\",\\\"invUssn\\\":790,\\\"isInf\\\":false,\\\"ifa\\\":true,\\\"martAvail\\\":[{\\\"martId\\\":\\\"21\\\",\\\"ia\\\":true}],\\\"clt\\\":\\\"JoJ\\\"}\"}"}
{"id":"4e3587ff3ffa42b6906542f79c5a1ac6","table":"killmonger_events_table","keyspace":"msku","timestamp":"2019-07-29T05:44:36.951Z","clusteringKeys":["1ec5002dc71242c4b8fda460d4af4517","updateVbIdSellingIdInventorySkipped/1","1564378203"],"changedColumns":["selling_id","fulfillment_node_id","event_type","update_at","stream_sequence_number","event_data"],"record":"{\"selling_id\":\"4e3587ff3ffa42b6906542f79c5a1ac6\",\"fulfillment_node_id\":\"1ec5002dc71242c4b8fda460d4af4517\",\"event_type\":\"updateVbIdSellingIdInventorySkipped/1\",\"update_at\":1564378203,\"stream_sequence_number\":709,\"event_data\":\"{\\\"id\\\":\\\"14aa286fbae04e05add244b7a12ad7f9\\\",\\\"vbId\\\":\\\"4e3587ff3ffa42b6906542f79c5a1ac6\\\",\\\"sellingId\\\":\\\"4e3587ff3ffa42b6906542f79c5a1ac6\\\",\\\"merchantId\\\":\\\"77ce05916e2a4127adb168eb1cf09c5e\\\",\\\"skuId\\\":\\\"4e3587ff3ffa42b6906542f79c5a1ac6\\\",\\\"f\\\":100,\\\"fnId\\\":\\\"1ec5002dc71242c4b8fda460d4af4517\\\",\\\"fnType\\\":\\\"wolverine\\\",\\\"by\\\":\\\"Vibranium\\\",\\\"at\\\":\\\"2019-07-29T05:30:03+00:00\\\",\\\"invUssn\\\":788,\\\"isInf\\\":false}\"}"}
{"id":"09CB608CC76C4F959543286432278802","table":"killmonger_events_table","keyspace":"msku","timestamp":"2019-07-29T05:44:36.953Z","clusteringKeys":["2750","vbIdSellingIdInventoryUpdated/1","1564378910"],"changedColumns":["selling_id","fulfillment_node_id","event_type","update_at","stream_sequence_number","event_data"],"record":"{\"selling_id\":\"09CB608CC76C4F959543286432278802\",\"fulfillment_node_id\":\"2750\",\"event_type\":\"vbIdSellingIdInventoryUpdated/1\",\"update_at\":1564378910,\"stream_sequence_number\":85,\"event_data\":\"{\\\"id\\\":\\\"70885b2cdc3548d3ace7e6774a0ac8aa\\\",\\\"vbId\\\":\\\"PantherMigrationVbId\\\",\\\"sellingId\\\":\\\"09CB608CC76C4F959543286432278802\\\",\\\"merchantId\\\":\\\"9fc08905039048918982091f266c2a29\\\",\\\"skuId\\\":\\\"PantherMigrationSkuId\\\",\\\"f\\\":0,\\\"fnId\\\":\\\"2750\\\",\\\"by\\\":\\\"Killmonger.Migration.MapInWalmartInvUpdates\\\",\\\"at\\\":\\\"2019-07-29T05:41:50.767+00:00\\\",\\\"invUssn\\\":0,\\\"isInf\\\":false,\\\"ifa\\\":true,\\\"martAvail\\\":[{\\\"martId\\\":\\\"21\\\",\\\"ia\\\":true},{\\\"martId\\\":\\\"0\\\",\\\"ia\\\":true}],\\\"clt\\\":\\\"WoJ\\\"}\"}"}
{"id":"09CB608CC76C4F959543286432278802","table":"killmonger_events_table","keyspace":"msku","timestamp":"2019-07-29T05:44:36.953Z","clusteringKeys":["2750","vbIdSellingIdInventoryUpdated/1","1564378910"],"changedColumns":["selling_id","fulfillment_node_id","event_type","update_at","stream_sequence_number","event_data"],"record":"{\"selling_id\":\"09CB608CC76C4F959543286432278802\",\"fulfillment_node_id\":\"2750\",\"event_type\":\"vbIdSellingIdInventoryUpdated/1\",\"update_at\":1564378910,\"stream_sequence_number\":86,\"event_data\":\"{\\\"id\\\":\\\"70885b2cdc3548d3ace7e6774a0ac8aa\\\",\\\"vbId\\\":\\\"PantherMigrationVbId\\\",\\\"sellingId\\\":\\\"09CB608CC76C4F959543286432278802\\\",\\\"merchantId\\\":\\\"9fc08905039048918982091f266c2a29\\\",\\\"skuId\\\":\\\"PantherMigrationSkuId\\\",\\\"f\\\":0,\\\"fnId\\\":\\\"2750\\\",\\\"by\\\":\\\"Killmonger.Migration.MapInWalmartInvUpdates\\\",\\\"at\\\":\\\"2019-07-29T05:41:50.767+00:00\\\",\\\"invUssn\\\":0,\\\"isInf\\\":false,\\\"ifa\\\":true,\\\"martAvail\\\":[{\\\"martId\\\":\\\"21\\\",\\\"ia\\\":true},{\\\"martId\\\":\\\"0\\\",\\\"ia\\\":true}],\\\"clt\\\":\\\"WoJ\\\"}\"}"}
{"id":"9E8DDA25791D4725A1BB272DD927187C","table":"killmonger_events_table","keyspace":"msku","timestamp":"2019-07-29T05:40:44.607Z","clusteringKeys":["2707","vbIdSellingIdInventoryUpdated/1","1564378909"],"changedColumns":["selling_id","fulfillment_node_id","event_type","update_at","stream_sequence_number","event_data"],"record":"{\"selling_id\":\"9E8DDA25791D4725A1BB272DD927187C\",\"fulfillment_node_id\":\"2707\",\"event_type\":\"vbIdSellingIdInventoryUpdated/1\",\"update_at\":1564378909,\"stream_sequence_number\":95,\"event_data\":\"{\\\"id\\\":\\\"1969e1a532c74d608045f3edb6fe37cd\\\",\\\"vbId\\\":\\\"PantherMigrationVbId\\\",\\\"sellingId\\\":\\\"9E8DDA25791D4725A1BB272DD927187C\\\",\\\"merchantId\\\":\\\"9fc08905039048918982091f266c2a29\\\",\\\"skuId\\\":\\\"PantherMigrationSkuId\\\",\\\"f\\\":0,\\\"fnId\\\":\\\"2707\\\",\\\"by\\\":\\\"Killmonger.Migration.MapInWalmartInvUpdates\\\",\\\"at\\\":\\\"2019-07-29T05:41:49.297+00:00\\\",\\\"invUssn\\\":0,\\\"isInf\\\":false,\\\"ifa\\\":true,\\\"martAvail\\\":[{\\\"martId\\\":\\\"21\\\",\\\"ia\\\":true},{\\\"martId\\\":\\\"0\\\",\\\"ia\\\":true}],\\\"clt\\\":\\\"WoJ\\\"}\"}"}
{"id":"9E8DDA25791D4725A1BB272DD927187C","table":"killmonger_events_table","keyspace":"msku","timestamp":"2019-07-29T05:40:44.607Z","clusteringKeys":["2707","vbIdSellingIdInventoryUpdated/1","1564378909"],"changedColumns":["selling_id","fulfillment_node_id","event_type","update_at","stream_sequence_number","event_data"],"record":"{\"selling_id\":\"9E8DDA25791D4725A1BB272DD927187C\",\"fulfillment_node_id\":\"2707\",\"event_type\":\"vbIdSellingIdInventoryUpdated/1\",\"update_at\":1564378909,\"stream_sequence_number\":96,\"event_data\":\"{\\\"id\\\":\\\"1969e1a532c74d608045f3edb6fe37cd\\\",\\\"vbId\\\":\\\"PantherMigrationVbId\\\",\\\"sellingId\\\":\\\"9E8DDA25791D4725A1BB272DD927187C\\\",\\\"merchantId\\\":\\\"9fc08905039048918982091f266c2a29\\\",\\\"skuId\\\":\\\"PantherMigrationSkuId\\\",\\\"f\\\":0,\\\"fnId\\\":\\\"2707\\\",\\\"by\\\":\\\"Killmonger.Migration.MapInWalmartInvUpdates\\\",\\\"at\\\":\\\"2019-07-29T05:41:49.297+00:00\\\",\\\"invUssn\\\":0,\\\"isInf\\\":false,\\\"ifa\\\":true,\\\"martAvail\\\":[{\\\"martId\\\":\\\"21\\\",\\\"ia\\\":true},{\\\"martId\\\":\\\"0\\\",\\\"ia\\\":true}],\\\"clt\\\":\\\"WoJ\\\"}\"}"}
{"id":"05B1F865FFB648A2806446E52CCFC53E","table":"killmonger_events_table","keyspace":"msku","timestamp":"2019-07-29T05:44:36.949Z","clusteringKeys":["6559","vbIdSellingIdInventoryUpdated/1","1564376141"],"changedColumns":["selling_id","fulfillment_node_id","event_type","update_at","stream_sequence_number","event_data"],"record":"{\"selling_id\":\"05B1F865FFB648A2806446E52CCFC53E\",\"fulfillment_node_id\":\"6559\",\"event_type\":\"vbIdSellingIdInventoryUpdated/1\",\"update_at\":1564376141,\"stream_sequence_number\":235,\"event_data\":\"{\\\"id\\\":\\\"8654e273e935464d8df418536355c3a5\\\",\\\"vbId\\\":\\\"PantherMigrationVbId\\\",\\\"sellingId\\\":\\\"05B1F865FFB648A2806446E52CCFC53E\\\",\\\"merchantId\\\":\\\"9fc08905039048918982091f266c2a29\\\",\\\"skuId\\\":\\\"PantherMigrationSkuId\\\",\\\"f\\\":7,\\\"fnId\\\":\\\"6559\\\",\\\"by\\\":\\\"Killmonger.Migration.MapInWalmartInvUpdates\\\",\\\"at\\\":\\\"2019-07-29T04:55:41.051+00:00\\\",\\\"invUssn\\\":0,\\\"isInf\\\":false,\\\"ifa\\\":true,\\\"martAvail\\\":[{\\\"martId\\\":\\\"21\\\",\\\"ia\\\":true},{\\\"martId\\\":\\\"0\\\",\\\"ia\\\":true}],\\\"clt\\\":\\\"WoJ\\\"}\"}"}
{"id":"1E7A351146C34DEE81F88D558BA42612","table":"killmonger_events_table","keyspace":"msku","timestamp":"2019-07-29T05:40:44.607Z","clusteringKeys":["77628","vbIdSellingIdInventoryUpdated/1","1564378910"],"changedColumns":["selling_id","fulfillment_node_id","event_type","update_at","stream_sequence_number","event_data"],"record":"{\"selling_id\":\"1E7A351146C34DEE81F88D558BA42612\",\"fulfillment_node_id\":\"77628\",\"event_type\":\"vbIdSellingIdInventoryUpdated/1\",\"update_at\":1564378910,\"stream_sequence_number\":146,\"event_data\":\"{\\\"id\\\":\\\"97a488dd459044d385a697eac0a14602\\\",\\\"vbId\\\":\\\"PantherMigrationVbId\\\",\\\"sellingId\\\":\\\"1E7A351146C34DEE81F88D558BA42612\\\",\\\"merchantId\\\":\\\"9fc08905039048918982091f266c2a29\\\",\\\"skuId\\\":\\\"PantherMigrationSkuId\\\",\\\"f\\\":0,\\\"fnId\\\":\\\"77628\\\",\\\"by\\\":\\\"Killmonger.Migration.MapInWalmartInvUpdates\\\",\\\"at\\\":\\\"2019-07-29T05:41:50.055+00:00\\\",\\\"invUssn\\\":0,\\\"isInf\\\":false,\\\"ifa\\\":true,\\\"martAvail\\\":[{\\\"martId\\\":\\\"21\\\",\\\"ia\\\":true},{\\\"martId\\\":\\\"0\\\",\\\"ia\\\":true}],\\\"clt\\\":\\\"WoJ\\\"}\"}"}
{"id":"1E7A351146C34DEE81F88D558BA42612","table":"killmonger_events_table","keyspace":"msku","timestamp":"2019-07-29T05:40:44.607Z","clusteringKeys":["77628","vbIdSellingIdInventoryUpdated/1","1564378910"],"changedColumns":["selling_id","fulfillment_node_id","event_type","update_at","stream_sequence_number","event_data"],"record":"{\"selling_id\":\"1E7A351146C34DEE81F88D558BA42612\",\"fulfillment_node_id\":\"77628\",\"event_type\":\"vbIdSellingIdInventoryUpdated/1\",\"update_at\":1564378910,\"stream_sequence_number\":147,\"event_data\":\"{\\\"id\\\":\\\"97a488dd459044d385a697eac0a14602\\\",\\\"vbId\\\":\\\"PantherMigrationVbId\\\",\\\"sellingId\\\":\\\"1E7A351146C34DEE81F88D558BA42612\\\",\\\"merchantId\\\":\\\"9fc08905039048918982091f266c2a29\\\",\\\"skuId\\\":\\\"PantherMigrationSkuId\\\",\\\"f\\\":0,\\\"fnId\\\":\\\"77628\\\",\\\"by\\\":\\\"Killmonger.Migration.MapInWalmartInvUpdates\\\",\\\"at\\\":\\\"2019-07-29T05:41:50.055+00:00\\\",\\\"invUssn\\\":0,\\\"isInf\\\":false,\\\"ifa\\\":true,\\\"martAvail\\\":[{\\\"martId\\\":\\\"21\\\",\\\"ia\\\":true},{\\\"martId\\\":\\\"0\\\",\\\"ia\\\":true}],\\\"clt\\\":\\\"WoJ\\\"}\"}"}
{"id":"97F51DFE57A5446FB53C22384D9DBD14","table":"killmonger_events_table","keyspace":"msku","timestamp":"2019-07-29T05:40:44.608Z","clusteringKeys":["10000019550","updateVbIdSellingIdInventorySkipped/1","1564375241"],"changedColumns":["selling_id","fulfillment_node_id","event_type","update_at","stream_sequence_number","event_data"],"record":"{\"selling_id\":\"97F51DFE57A5446FB53C22384D9DBD14\",\"fulfillment_node_id\":\"10000019550\",\"event_type\":\"updateVbIdSellingIdInventorySkipped/1\",\"update_at\":1564375241,\"stream_sequence_number\":413,\"event_data\":\"{\\\"id\\\":\\\"025c83d32b4346c2b4eef7877c51e2b0\\\",\\\"vbId\\\":\\\"KW212358SFEdEP3-18528\\\",\\\"sellingId\\\":\\\"97F51DFE57A5446FB53C22384D9DBD14\\\",\\\"merchantId\\\":\\\"18528\\\",\\\"skuId\\\":\\\"KW212358SFEdEP3\\\",\\\"f\\\":990,\\\"fnId\\\":\\\"10000019550\\\",\\\"fnType\\\":\\\"MARKETPLACE\\\",\\\"by\\\":\\\"Vibranium\\\",\\\"at\\\":\\\"2019-07-29T04:40:41+00:00\\\",\\\"invUssn\\\":330,\\\"catUssn\\\":0,\\\"isInf\\\":false}\"}"}
{"id":"504c502a79574514895cd620520f10d1","table":"killmonger_events_table","keyspace":"msku","timestamp":"2019-07-29T05:40:44.608Z","clusteringKeys":["a98a402773024b00b8a41f26b00fdf6c","updateVbIdSellingIdInventorySkipped/1","1564375454"],"changedColumns":["selling_id","fulfillment_node_id","event_type","update_at","stream_sequence_number","event_data"],"record":"{\"selling_id\":\"504c502a79574514895cd620520f10d1\",\"fulfillment_node_id\":\"a98a402773024b00b8a41f26b00fdf6c\",\"event_type\":\"updateVbIdSellingIdInventorySkipped/1\",\"update_at\":1564375454,\"stream_sequence_number\":334,\"event_data\":\"{\\\"id\\\":\\\"54555808dc5b4278af63fcf80a415e4a\\\",\\\"vbId\\\":\\\"504c502a79574514895cd620520f10d1\\\",\\\"sellingId\\\":\\\"504c502a79574514895cd620520f10d1\\\",\\\"merchantId\\\":\\\"c2cdeb42c60247399b1316ed4b780502\\\",\\\"skuId\\\":\\\"504c502a79574514895cd620520f10d1\\\",\\\"f\\\":50,\\\"fnId\\\":\\\"a98a402773024b00b8a41f26b00fdf6c\\\",\\\"fnType\\\":\\\"wolverine\\\",\\\"by\\\":\\\"Vibranium\\\",\\\"at\\\":\\\"2019-07-29T04:44:14+00:00\\\",\\\"invUssn\\\":391,\\\"isInf\\\":false}\"}"}
{"id":"504c502a79574514895cd620520f10d1","table":"killmonger_events_table","keyspace":"msku","timestamp":"2019-07-29T05:40:44.608Z","clusteringKeys":["a98a402773024b00b8a41f26b00fdf6c","updateVbIdSellingIdInventorySkipped/1","1564375454"],"changedColumns":["selling_id","fulfillment_node_id","event_type","update_at","stream_sequence_number","event_data"],"record":"{\"selling_id\":\"504c502a79574514895cd620520f10d1\",\"fulfillment_node_id\":\"a98a402773024b00b8a41f26b00fdf6c\",\"event_type\":\"updateVbIdSellingIdInventorySkipped/1\",\"update_at\":1564375454,\"stream_sequence_number\":335,\"event_data\":\"{\\\"id\\\":\\\"ddc9f6078f0e4af7a2c4f2f97c51e848\\\",\\\"vbId\\\":\\\"504c502a79574514895cd620520f10d1\\\",\\\"sellingId\\\":\\\"504c502a79574514895cd620520f10d1\\\",\\\"merchantId\\\":\\\"c2cdeb42c60247399b1316ed4b780502\\\",\\\"skuId\\\":\\\"504c502a79574514895cd620520f10d1\\\",\\\"f\\\":50,\\\"fnId\\\":\\\"a98a402773024b00b8a41f26b00fdf6c\\\",\\\"fnType\\\":\\\"wolverine\\\",\\\"by\\\":\\\"Vibranium\\\",\\\"at\\\":\\\"2019-07-29T04:44:14+00:00\\\",\\\"invUssn\\\":391,\\\"isInf\\\":false}\"}"}
{"id":"504c502a79574514895cd620520f10d1","table":"killmonger_events_table","keyspace":"msku","timestamp":"2019-07-29T05:40:44.608Z","clusteringKeys":["a98a402773024b00b8a41f26b00fdf6c","updateVbIdSellingIdInventorySkipped/1","1564375454"],"changedColumns":["selling_id","fulfillment_node_id","event_type","update_at","stream_sequence_number","event_data"],"record":"{\"selling_id\":\"504c502a79574514895cd620520f10d1\",\"fulfillment_node_id\":\"a98a402773024b00b8a41f26b00fdf6c\",\"event_type\":\"updateVbIdSellingIdInventorySkipped/1\",\"update_at\":1564375454,\"stream_sequence_number\":336,\"event_data\":\"{\\\"id\\\":\\\"a824e3b16d104123a22f0db4e726786c\\\",\\\"vbId\\\":\\\"504c502a79574514895cd620520f10d1\\\",\\\"sellingId\\\":\\\"504c502a79574514895cd620520f10d1\\\",\\\"merchantId\\\":\\\"c2cdeb42c60247399b1316ed4b780502\\\",\\\"skuId\\\":\\\"504c502a79574514895cd620520f10d1\\\",\\\"f\\\":50,\\\"fnId\\\":\\\"a98a402773024b00b8a41f26b00fdf6c\\\",\\\"fnType\\\":\\\"wolverine\\\",\\\"by\\\":\\\"Vibranium\\\",\\\"at\\\":\\\"2019-07-29T04:44:14+00:00\\\",\\\"invUssn\\\":391,\\\"isInf\\\":false}\"}"}
{"id":"1703f94d2a37415f9c8ff696019167b4","table":"killmonger_events_table","keyspace":"msku","timestamp":"2019-07-29T05:45:02.368Z","clusteringKeys":["fb72b6f9c1e54625a551711f6ee72714","vbIdSellingIdInventoryUpdated/1","1564378075"],"changedColumns":["selling_id","fulfillment_node_id","event_type","update_at","stream_sequence_number","event_data"],"record":"{\"selling_id\":\"1703f94d2a37415f9c8ff696019167b4\",\"fulfillment_node_id\":\"fb72b6f9c1e54625a551711f6ee72714\",\"event_type\":\"vbIdSellingIdInventoryUpdated/1\",\"update_at\":1564378075,\"stream_sequence_number\":40,\"event_data\":\"{\\\"id\\\":\\\"ad319b9157784c00927dc0dab42f03cf\\\",\\\"vbId\\\":\\\"1703f94d2a37415f9c8ff696019167b4\\\",\\\"sellingId\\\":\\\"1703f94d2a37415f9c8ff696019167b4\\\",\\\"merchantId\\\":\\\"e43cf7756d0b4ba8a4e9046774656ce8\\\",\\\"skuId\\\":\\\"1703f94d2a37415f9c8ff696019167b4\\\",\\\"f\\\":53,\\\"fnId\\\":\\\"fb72b6f9c1e54625a551711f6ee72714\\\",\\\"fnType\\\":\\\"wolverine\\\",\\\"by\\\":\\\"Vibranium\\\",\\\"at\\\":\\\"2019-07-29T05:27:55+00:00\\\",\\\"invUssn\\\":50,\\\"isInf\\\":false,\\\"ifa\\\":true,\\\"martAvail\\\":[{\\\"martId\\\":\\\"21\\\",\\\"ia\\\":true}],\\\"clt\\\":\\\"JoJ\\\"}\"}"}
{"id":"8c1d2f45f5404d0297af871bf95a533d","table":"killmonger_events_table","keyspace":"msku","timestamp":"2019-07-29T05:45:02.368Z","clusteringKeys":["d907e6dfdf3d411d98e2aeae7e73e1ae","updateVbIdSellingIdInventorySkipped/1","1564377867"],"changedColumns":["selling_id","fulfillment_node_id","event_type","update_at","stream_sequence_number","event_data"],"record":"{\"selling_id\":\"8c1d2f45f5404d0297af871bf95a533d\",\"fulfillment_node_id\":\"d907e6dfdf3d411d98e2aeae7e73e1ae\",\"event_type\":\"updateVbIdSellingIdInventorySkipped/1\",\"update_at\":1564377867,\"stream_sequence_number\":217,\"event_data\":\"{\\\"id\\\":\\\"3a876f4ce24340459c17ffb4f240507b\\\",\\\"vbId\\\":\\\"8c1d2f45f5404d0297af871bf95a533d\\\",\\\"sellingId\\\":\\\"8c1d2f45f5404d0297af871bf95a533d\\\",\\\"merchantId\\\":\\\"bf9078c421e242358ecaf838d145c500\\\",\\\"skuId\\\":\\\"8c1d2f45f5404d0297af871bf95a533d\\\",\\\"f\\\":10,\\\"fnId\\\":\\\"d907e6dfdf3d411d98e2aeae7e73e1ae\\\",\\\"fnType\\\":\\\"wolverine\\\",\\\"by\\\":\\\"Vibranium\\\",\\\"at\\\":\\\"2019-07-29T05:24:27+00:00\\\",\\\"invUssn\\\":245,\\\"isInf\\\":false}\"}"}
{"id":"b6202d67fac84c7cba119d6d0eb95c78","table":"killmonger_events_table","keyspace":"msku","timestamp":"2019-07-29T05:44:36.949Z","clusteringKeys":["cca07691e5cc471e86053cf60539b6a0","updateVbIdSellingIdInventorySkipped/1","1564378236"],"changedColumns":["selling_id","fulfillment_node_id","event_type","update_at","stream_sequence_number","event_data"],"record":"{\"selling_id\":\"b6202d67fac84c7cba119d6d0eb95c78\",\"fulfillment_node_id\":\"cca07691e5cc471e86053cf60539b6a0\",\"event_type\":\"updateVbIdSellingIdInventorySkipped/1\",\"update_at\":1564378236,\"stream_sequence_number\":594,\"event_data\":\"{\\\"id\\\":\\\"5dd5cacc7afd463eb4fc69245e286edd\\\",\\\"vbId\\\":\\\"b6202d67fac84c7cba119d6d0eb95c78\\\",\\\"sellingId\\\":\\\"b6202d67fac84c7cba119d6d0eb95c78\\\",\\\"merchantId\\\":\\\"f4007b05c019431590f62537fb49a6d0\\\",\\\"skuId\\\":\\\"b6202d67fac84c7cba119d6d0eb95c78\\\",\\\"f\\\":99,\\\"fnId\\\":\\\"cca07691e5cc471e86053cf60539b6a0\\\",\\\"fnType\\\":\\\"wolverine\\\",\\\"by\\\":\\\"Vibranium\\\",\\\"at\\\":\\\"2019-07-29T05:30:36+00:00\\\",\\\"invUssn\\\":630,\\\"isInf\\\":false}\"}"}
{"id":"349059caa5264613a14aab0eb33b2f2c","table":"killmonger_events_table","keyspace":"msku","timestamp":"2019-07-29T05:44:36.951Z","clusteringKeys":["6ccbd76c487c42e5b65dd274f51b72ea","vbIdSellingIdInventoryUpdated/1","1564378274"],"changedColumns":["selling_id","fulfillment_node_id","event_type","update_at","stream_sequence_number","event_data"],"record":"{\"selling_id\":\"349059caa5264613a14aab0eb33b2f2c\",\"fulfillment_node_id\":\"6ccbd76c487c42e5b65dd274f51b72ea\",\"event_type\":\"vbIdSellingIdInventoryUpdated/1\",\"update_at\":1564378274,\"stream_sequence_number\":40,\"event_data\":\"{\\\"id\\\":\\\"0fc35f9e6b9f4809a3d1e691495cb7b4\\\",\\\"vbId\\\":\\\"349059caa5264613a14aab0eb33b2f2c\\\",\\\"sellingId\\\":\\\"349059caa5264613a14aab0eb33b2f2c\\\",\\\"merchantId\\\":\\\"e43cf7756d0b4ba8a4e9046774656ce8\\\",\\\"skuId\\\":\\\"349059caa5264613a14aab0eb33b2f2c\\\",\\\"f\\\":95,\\\"fnId\\\":\\\"6ccbd76c487c42e5b65dd274f51b72ea\\\",\\\"fnType\\\":\\\"wolverine\\\",\\\"by\\\":\\\"Vibranium\\\",\\\"at\\\":\\\"2019-07-29T05:31:14+00:00\\\",\\\"invUssn\\\":47,\\\"isInf\\\":false,\\\"ifa\\\":true,\\\"martAvail\\\":[{\\\"martId\\\":\\\"21\\\",\\\"ia\\\":true}],\\\"clt\\\":\\\"JoJ\\\"}\"}"}
{"id":"703d8aabec6b459bb0536195484c9e25","table":"killmonger_events_table","keyspace":"msku","timestamp":"2019-07-29T05:40:44.614Z","clusteringKeys":["7d029b0996bd4f16bbd74454bab3ab2e","vbIdSellingIdInventoryUpdated/1","1564378479"],"changedColumns":["selling_id","fulfillment_node_id","event_type","update_at","stream_sequence_number","event_data"],"record":"{\"selling_id\":\"703d8aabec6b459bb0536195484c9e25\",\"fulfillment_node_id\":\"7d029b0996bd4f16bbd74454bab3ab2e\",\"event_type\":\"vbIdSellingIdInventoryUpdated/1\",\"update_at\":1564378479,\"stream_sequence_number\":40,\"event_data\":\"{\\\"id\\\":\\\"2e86800f05ad4ea799a246c80ab5b070\\\",\\\"vbId\\\":\\\"703d8aabec6b459bb0536195484c9e25\\\",\\\"sellingId\\\":\\\"703d8aabec6b459bb0536195484c9e25\\\",\\\"merchantId\\\":\\\"e43cf7756d0b4ba8a4e9046774656ce8\\\",\\\"skuId\\\":\\\"703d8aabec6b459bb0536195484c9e25\\\",\\\"f\\\":84,\\\"fnId\\\":\\\"7d029b0996bd4f16bbd74454bab3ab2e\\\",\\\"fnType\\\":\\\"wolverine\\\",\\\"by\\\":\\\"Vibranium\\\",\\\"at\\\":\\\"2019-07-29T05:34:39+00:00\\\",\\\"invUssn\\\":54,\\\"isInf\\\":false,\\\"ifa\\\":true,\\\"martAvail\\\":[{\\\"martId\\\":\\\"21\\\",\\\"ia\\\":true}],\\\"clt\\\":\\\"JoJ\\\"}\"}"}
{"id":"267bac9557624d3ba4314a2295c49a6d","table":"killmonger_events_table","keyspace":"msku","timestamp":"2019-07-29T05:40:44.607Z","clusteringKeys":["fb72b6f9c1e54625a551711f6ee72714","vbIdSellingIdInventoryUpdated/1","1564378075"],"changedColumns":["selling_id","fulfillment_node_id","event_type","update_at","stream_sequence_number","event_data"],"record":"{\"selling_id\":\"267bac9557624d3ba4314a2295c49a6d\",\"fulfillment_node_id\":\"fb72b6f9c1e54625a551711f6ee72714\",\"event_type\":\"vbIdSellingIdInventoryUpdated/1\",\"update_at\":1564378075,\"stream_sequence_number\":41,\"event_data\":\"{\\\"id\\\":\\\"9a3cbb3584614dc8bf7581c8fcfa49e1\\\",\\\"vbId\\\":\\\"267bac9557624d3ba4314a2295c49a6d\\\",\\\"sellingId\\\":\\\"267bac9557624d3ba4314a2295c49a6d\\\",\\\"merchantId\\\":\\\"e43cf7756d0b4ba8a4e9046774656ce8\\\",\\\"skuId\\\":\\\"267bac9557624d3ba4314a2295c49a6d\\\",\\\"f\\\":87,\\\"fnId\\\":\\\"fb72b6f9c1e54625a551711f6ee72714\\\",\\\"fnType\\\":\\\"wolverine\\\",\\\"by\\\":\\\"Vibranium\\\",\\\"at\\\":\\\"2019-07-29T05:27:55+00:00\\\",\\\"invUssn\\\":47,\\\"isInf\\\":false,\\\"ifa\\\":true,\\\"martAvail\\\":[{\\\"martId\\\":\\\"21\\\",\\\"ia\\\":true}],\\\"clt\\\":\\\"JoJ\\\"}\"}"}
{"id":"6df23c3e285e44a08e57375a50348b2e","table":"killmonger_events_table","keyspace":"msku","timestamp":"2019-07-29T05:40:44.606Z","clusteringKeys":["d74644f3e2764bc7a752cc3d0dddeac3","vbIdSellingIdInventoryUpdated/1","1564378131"],"changedColumns":["selling_id","fulfillment_node_id","event_type","update_at","stream_sequence_number","event_data"],"record":"{\"selling_id\":\"6df23c3e285e44a08e57375a50348b2e\",\"fulfillment_node_id\":\"d74644f3e2764bc7a752cc3d0dddeac3\",\"event_type\":\"vbIdSellingIdInventoryUpdated/1\",\"update_at\":1564378131,\"stream_sequence_number\":241,\"event_data\":\"{\\\"id\\\":\\\"fc6c00060b73474ea1840ab34e53f9b0\\\",\\\"vbId\\\":\\\"6df23c3e285e44a08e57375a50348b2e\\\",\\\"sellingId\\\":\\\"6df23c3e285e44a08e57375a50348b2e\\\",\\\"merchantId\\\":\\\"1b52e9263d164760a27ad9f07fec8abb\\\",\\\"skuId\\\":\\\"6df23c3e285e44a08e57375a50348b2e\\\",\\\"f\\\":1,\\\"fnId\\\":\\\"d74644f3e2764bc7a752cc3d0dddeac3\\\",\\\"fnType\\\":\\\"wolverine\\\",\\\"by\\\":\\\"Vibranium\\\",\\\"at\\\":\\\"2019-07-29T05:28:51+00:00\\\",\\\"invUssn\\\":261,\\\"isInf\\\":false,\\\"ifa\\\":true,\\\"martAvail\\\":[{\\\"martId\\\":\\\"21\\\",\\\"ia\\\":true}],\\\"clt\\\":\\\"JoJ\\\"}\"}"}
{"id":"1A9C1F13BBC64899A801E38EFB41C955","table":"killmonger_events_table","keyspace":"msku","timestamp":"2019-07-29T05:40:44.608Z","clusteringKeys":["3373","vbIdSellingIdInventoryUpdated/1","1564378909"],"changedColumns":["selling_id","fulfillment_node_id","event_type","update_at","stream_sequence_number","event_data"],"record":"{\"selling_id\":\"1A9C1F13BBC64899A801E38EFB41C955\",\"fulfillment_node_id\":\"3373\",\"event_type\":\"vbIdSellingIdInventoryUpdated/1\",\"update_at\":1564378909,\"stream_sequence_number\":141,\"event_data\":\"{\\\"id\\\":\\\"8e62f98c30ea472384011a097a25c020\\\",\\\"vbId\\\":\\\"PantherMigrationVbId\\\",\\\"sellingId\\\":\\\"1A9C1F13BBC64899A801E38EFB41C955\\\",\\\"merchantId\\\":\\\"9fc08905039048918982091f266c2a29\\\",\\\"skuId\\\":\\\"PantherMigrationSkuId\\\",\\\"f\\\":0,\\\"fnId\\\":\\\"3373\\\",\\\"by\\\":\\\"Killmonger.Migration.MapInWalmartInvUpdates\\\",\\\"at\\\":\\\"2019-07-29T05:41:49.863+00:00\\\",\\\"invUssn\\\":0,\\\"isInf\\\":false,\\\"ifa\\\":true,\\\"martAvail\\\":[{\\\"martId\\\":\\\"21\\\",\\\"ia\\\":true},{\\\"martId\\\":\\\"0\\\",\\\"ia\\\":true}],\\\"clt\\\":\\\"WoJ\\\"}\"}"}
{"id":"1A9C1F13BBC64899A801E38EFB41C955","table":"killmonger_events_table","keyspace":"msku","timestamp":"2019-07-29T05:40:44.608Z","clusteringKeys":["3373","vbIdSellingIdInventoryUpdated/1","1564378909"],"changedColumns":["selling_id","fulfillment_node_id","event_type","update_at","stream_sequence_number","event_data"],"record":"{\"selling_id\":\"1A9C1F13BBC64899A801E38EFB41C955\",\"fulfillment_node_id\":\"3373\",\"event_type\":\"vbIdSellingIdInventoryUpdated/1\",\"update_at\":1564378909,\"stream_sequence_number\":142,\"event_data\":\"{\\\"id\\\":\\\"8e62f98c30ea472384011a097a25c020\\\",\\\"vbId\\\":\\\"PantherMigrationVbId\\\",\\\"sellingId\\\":\\\"1A9C1F13BBC64899A801E38EFB41C955\\\",\\\"merchantId\\\":\\\"9fc08905039048918982091f266c2a29\\\",\\\"skuId\\\":\\\"PantherMigrationSkuId\\\",\\\"f\\\":0,\\\"fnId\\\":\\\"3373\\\",\\\"by\\\":\\\"Killmonger.Migration.MapInWalmartInvUpdates\\\",\\\"at\\\":\\\"2019-07-29T05:41:49.863+00:00\\\",\\\"invUssn\\\":0,\\\"isInf\\\":false,\\\"ifa\\\":true,\\\"martAvail\\\":[{\\\"martId\\\":\\\"21\\\",\\\"ia\\\":true},{\\\"martId\\\":\\\"0\\\",\\\"ia\\\":true}],\\\"clt\\\":\\\"WoJ\\\"}\"}"}
{"id":"511699A60E15489095C4B49E51C715AB","table":"killmonger_events_table","keyspace":"msku","timestamp":"2019-07-29T05:44:36.958Z","clusteringKeys":["10000020779","vbIdSellingIdInventoryUpdated/1","1564375493"],"changedColumns":["selling_id","fulfillment_node_id","event_type","update_at","stream_sequence_number","event_data"],"record":"{\"selling_id\":\"511699A60E15489095C4B49E51C715AB\",\"fulfillment_node_id\":\"10000020779\",\"event_type\":\"vbIdSellingIdInventoryUpdated/1\",\"update_at\":1564375493,\"stream_sequence_number\":28,\"event_data\":\"{\\\"id\\\":\\\"073e4e027fdf4232a1c95c91b0c70227\\\",\\\"vbId\\\":\\\"84500368-100001408\\\",\\\"sellingId\\\":\\\"511699A60E15489095C4B49E51C715AB\\\",\\\"merchantId\\\":\\\"100001408\\\",\\\"skuId\\\":\\\"84500368\\\",\\\"f\\\":1,\\\"fnId\\\":\\\"10000020779\\\",\\\"fnType\\\":\\\"MARKETPLACE\\\",\\\"by\\\":\\\"Vibranium\\\",\\\"at\\\":\\\"2019-07-29T04:44:53+00:00\\\",\\\"invUssn\\\":15,\\\"catUssn\\\":12,\\\"isInf\\\":false,\\\"ifa\\\":true,\\\"martAvail\\\":[{\\\"martId\\\":\\\"0\\\",\\\"ia\\\":true}],\\\"clt\\\":\\\"WoW\\\"}\"}"}
{"id":"78d98e128d65469b9ad1295e59c7b23a","table":"killmonger_events_table","keyspace":"msku","timestamp":"2019-07-29T05:44:36.961Z","clusteringKeys":["fb72b6f9c1e54625a551711f6ee72714","vbIdSellingIdInventoryUpdated/1","1564378075"],"changedColumns":["selling_id","fulfillment_node_id","event_type","update_at","stream_sequence_number","event_data"],"record":"{\"selling_id\":\"78d98e128d65469b9ad1295e59c7b23a\",\"fulfillment_node_id\":\"fb72b6f9c1e54625a551711f6ee72714\",\"event_type\":\"vbIdSellingIdInventoryUpdated/1\",\"update_at\":1564378075,\"stream_sequence_number\":42,\"event_data\":\"{\\\"id\\\":\\\"624be94f7ffc42cf85badcb19f5d3561\\\",\\\"vbId\\\":\\\"78d98e128d65469b9ad1295e59c7b23a\\\",\\\"sellingId\\\":\\\"78d98e128d65469b9ad1295e59c7b23a\\\",\\\"merchantId\\\":\\\"e43cf7756d0b4ba8a4e9046774656ce8\\\",\\\"skuId\\\":\\\"78d98e128d65469b9ad1295e59c7b23a\\\",\\\"f\\\":65,\\\"fnId\\\":\\\"fb72b6f9c1e54625a551711f6ee72714\\\",\\\"fnType\\\":\\\"wolverine\\\",\\\"by\\\":\\\"Vibranium\\\",\\\"at\\\":\\\"2019-07-29T05:27:55+00:00\\\",\\\"invUssn\\\":51,\\\"isInf\\\":false,\\\"ifa\\\":true,\\\"martAvail\\\":[{\\\"martId\\\":\\\"21\\\",\\\"ia\\\":true}],\\\"clt\\\":\\\"JoJ\\\"}\"}"}
{"id":"3A8813B925F94891A3FEF5B681261E5C","table":"killmonger_events_table","keyspace":"msku","timestamp":"2019-07-29T05:45:02.373Z","clusteringKeys":["6468","vbIdSellingIdInventoryUpdated/1","1564378912"],"changedColumns":["selling_id","fulfillment_node_id","event_type","update_at","stream_sequence_number","event_data"],"record":"{\"selling_id\":\"3A8813B925F94891A3FEF5B681261E5C\",\"fulfillment_node_id\":\"6468\",\"event_type\":\"vbIdSellingIdInventoryUpdated/1\",\"update_at\":1564378912,\"stream_sequence_number\":122,\"event_data\":\"{\\\"id\\\":\\\"f0ab6eeedb8b4592a459597927b6ab65\\\",\\\"vbId\\\":\\\"PantherMigrationVbId\\\",\\\"sellingId\\\":\\\"3A8813B925F94891A3FEF5B681261E5C\\\",\\\"merchantId\\\":\\\"9fc08905039048918982091f266c2a29\\\",\\\"skuId\\\":\\\"PantherMigrationSkuId\\\",\\\"f\\\":0,\\\"fnId\\\":\\\"6468\\\",\\\"by\\\":\\\"Killmonger.Migration.MapInWalmartInvUpdates\\\",\\\"at\\\":\\\"2019-07-29T05:41:52.753+00:00\\\",\\\"invUssn\\\":0,\\\"isInf\\\":false,\\\"ifa\\\":true,\\\"martAvail\\\":[{\\\"martId\\\":\\\"21\\\",\\\"ia\\\":true},{\\\"martId\\\":\\\"0\\\",\\\"ia\\\":true}],\\\"clt\\\":\\\"WoJ\\\"}\"}"}
{"id":"E0F3AEDF62A144DCABD35DE9B3067150","table":"killmonger_events_table","keyspace":"msku","timestamp":"2019-07-29T05:45:02.375Z","clusteringKeys":["77628","vbIdSellingIdInventoryUpdated/1","1564378911"],"changedColumns":["selling_id","fulfillment_node_id","event_type","update_at","stream_sequence_number","event_data"],"record":"{\"selling_id\":\"E0F3AEDF62A144DCABD35DE9B3067150\",\"fulfillment_node_id\":\"77628\",\"event_type\":\"vbIdSellingIdInventoryUpdated/1\",\"update_at\":1564378911,\"stream_sequence_number\":124,\"event_data\":\"{\\\"id\\\":\\\"6ac1520f53354622bd172781d93baec8\\\",\\\"vbId\\\":\\\"PantherMigrationVbId\\\",\\\"sellingId\\\":\\\"E0F3AEDF62A144DCABD35DE9B3067150\\\",\\\"merchantId\\\":\\\"9fc08905039048918982091f266c2a29\\\",\\\"skuId\\\":\\\"PantherMigrationSkuId\\\",\\\"f\\\":0,\\\"fnId\\\":\\\"77628\\\",\\\"by\\\":\\\"Killmonger.Migration.MapInWalmartInvUpdates\\\",\\\"at\\\":\\\"2019-07-29T05:41:51.559+00:00\\\",\\\"invUssn\\\":0,\\\"isInf\\\":false,\\\"ifa\\\":true,\\\"martAvail\\\":[{\\\"martId\\\":\\\"21\\\",\\\"ia\\\":true},{\\\"martId\\\":\\\"0\\\",\\\"ia\\\":true}],\\\"clt\\\":\\\"WoJ\\\"}\"}"}
{"id":"a1e7f79c57a744608cfbeef9be0326b2","table":"killmonger_events_table","keyspace":"msku","timestamp":"2019-07-29T05:45:02.375Z","clusteringKeys":["fb72b6f9c1e54625a551711f6ee72714","vbIdSellingIdInventoryUpdated/1","1564378075"],"changedColumns":["selling_id","fulfillment_node_id","event_type","update_at","stream_sequence_number","event_data"],"record":"{\"selling_id\":\"a1e7f79c57a744608cfbeef9be0326b2\",\"fulfillment_node_id\":\"fb72b6f9c1e54625a551711f6ee72714\",\"event_type\":\"vbIdSellingIdInventoryUpdated/1\",\"update_at\":1564378075,\"stream_sequence_number\":38,\"event_data\":\"{\\\"id\\\":\\\"1cd6a920a44c4f17b4c55a8932ed1ac4\\\",\\\"vbId\\\":\\\"a1e7f79c57a744608cfbeef9be0326b2\\\",\\\"sellingId\\\":\\\"a1e7f79c57a744608cfbeef9be0326b2\\\",\\\"merchantId\\\":\\\"e43cf7756d0b4ba8a4e9046774656ce8\\\",\\\"skuId\\\":\\\"a1e7f79c57a744608cfbeef9be0326b2\\\",\\\"f\\\":114,\\\"fnId\\\":\\\"fb72b6f9c1e54625a551711f6ee72714\\\",\\\"fnType\\\":\\\"wolverine\\\",\\\"by\\\":\\\"Vibranium\\\",\\\"at\\\":\\\"2019-07-29T05:27:55+00:00\\\",\\\"invUssn\\\":48,\\\"isInf\\\":false,\\\"ifa\\\":true,\\\"martAvail\\\":[{\\\"martId\\\":\\\"21\\\",\\\"ia\\\":true}],\\\"clt\\\":\\\"JoJ\\\"}\"}"}
{"id":"E0F3AEDF62A144DCABD35DE9B3067150","table":"killmonger_events_table","keyspace":"msku","timestamp":"2019-07-29T05:45:02.375Z","clusteringKeys":["77628","vbIdSellingIdInventoryUpdated/1","1564378911"],"changedColumns":["selling_id","fulfillment_node_id","event_type","update_at","stream_sequence_number","event_data"],"record":"{\"selling_id\":\"E0F3AEDF62A144DCABD35DE9B3067150\",\"fulfillment_node_id\":\"77628\",\"event_type\":\"vbIdSellingIdInventoryUpdated/1\",\"update_at\":1564378911,\"stream_sequence_number\":125,\"event_data\":\"{\\\"id\\\":\\\"6ac1520f53354622bd172781d93baec8\\\",\\\"vbId\\\":\\\"PantherMigrationVbId\\\",\\\"sellingId\\\":\\\"E0F3AEDF62A144DCABD35DE9B3067150\\\",\\\"merchantId\\\":\\\"9fc08905039048918982091f266c2a29\\\",\\\"skuId\\\":\\\"PantherMigrationSkuId\\\",\\\"f\\\":0,\\\"fnId\\\":\\\"77628\\\",\\\"by\\\":\\\"Killmonger.Migration.MapInWalmartInvUpdates\\\",\\\"at\\\":\\\"2019-07-29T05:41:51.559+00:00\\\",\\\"invUssn\\\":0,\\\"isInf\\\":false,\\\"ifa\\\":true,\\\"martAvail\\\":[{\\\"martId\\\":\\\"21\\\",\\\"ia\\\":true},{\\\"martId\\\":\\\"0\\\",\\\"ia\\\":true}],\\\"clt\\\":\\\"WoJ\\\"}\"}"}
{"id":"9039f12dfcd9497bb5b2b874fcd3b661","table":"killmonger_events_table","keyspace":"msku","timestamp":"2019-07-29T05:45:03.440Z","clusteringKeys":["fb72b6f9c1e54625a551711f6ee72714","vbIdSellingIdInventoryUpdated/1","1564375727"],"changedColumns":["selling_id","fulfillment_node_id","event_type","update_at","stream_sequence_number","event_data"],"record":"{\"selling_id\":\"9039f12dfcd9497bb5b2b874fcd3b661\",\"fulfillment_node_id\":\"fb72b6f9c1e54625a551711f6ee72714\",\"event_type\":\"vbIdSellingIdInventoryUpdated/1\",\"update_at\":1564375727,\"stream_sequence_number\":37,\"event_data\":\"{\\\"id\\\":\\\"adbc06a3b3804731888370cf4ab5a945\\\",\\\"vbId\\\":\\\"9039f12dfcd9497bb5b2b874fcd3b661\\\",\\\"sellingId\\\":\\\"9039f12dfcd9497bb5b2b874fcd3b661\\\",\\\"merchantId\\\":\\\"e43cf7756d0b4ba8a4e9046774656ce8\\\",\\\"skuId\\\":\\\"9039f12dfcd9497bb5b2b874fcd3b661\\\",\\\"f\\\":96,\\\"fnId\\\":\\\"fb72b6f9c1e54625a551711f6ee72714\\\",\\\"fnType\\\":\\\"wolverine\\\",\\\"by\\\":\\\"Vibranium\\\",\\\"at\\\":\\\"2019-07-29T04:48:47+00:00\\\",\\\"invUssn\\\":48,\\\"isInf\\\":false,\\\"ifa\\\":true,\\\"martAvail\\\":[{\\\"martId\\\":\\\"21\\\",\\\"ia\\\":true}],\\\"clt\\\":\\\"JoJ\\\"}\"}"}
{"id":"a0f45b19561f4d3686a01b2d12199c1b","table":"killmonger_events_table","keyspace":"msku","timestamp":"2019-07-29T05:44:36.969Z","clusteringKeys":["fb72b6f9c1e54625a551711f6ee72714","vbIdSellingIdInventoryUpdated/1","1564378274"],"changedColumns":["selling_id","fulfillment_node_id","event_type","update_at","stream_sequence_number","event_data"],"record":"{\"selling_id\":\"a0f45b19561f4d3686a01b2d12199c1b\",\"fulfillment_node_id\":\"fb72b6f9c1e54625a551711f6ee72714\",\"event_type\":\"vbIdSellingIdInventoryUpdated/1\",\"update_at\":1564378274,\"stream_sequence_number\":44,\"event_data\":\"{\\\"id\\\":\\\"38b3a6134c0f4edbaaca8089c938e8ab\\\",\\\"vbId\\\":\\\"a0f45b19561f4d3686a01b2d12199c1b\\\",\\\"sellingId\\\":\\\"a0f45b19561f4d3686a01b2d12199c1b\\\",\\\"merchantId\\\":\\\"e43cf7756d0b4ba8a4e9046774656ce8\\\",\\\"skuId\\\":\\\"a0f45b19561f4d3686a01b2d12199c1b\\\",\\\"f\\\":127,\\\"fnId\\\":\\\"fb72b6f9c1e54625a551711f6ee72714\\\",\\\"fnType\\\":\\\"wolverine\\\",\\\"by\\\":\\\"Vibranium\\\",\\\"at\\\":\\\"2019-07-29T05:31:14+00:00\\\",\\\"invUssn\\\":47,\\\"isInf\\\":false,\\\"ifa\\\":true,\\\"martAvail\\\":[{\\\"martId\\\":\\\"21\\\",\\\"ia\\\":true}],\\\"clt\\\":\\\"JoJ\\\"}\"}"}
{"id":"46d8459eeab04448a47c749b0871e939","table":"killmonger_events_table","keyspace":"msku","timestamp":"2019-07-29T05:44:36.970Z","clusteringKeys":["1a7b3f52035b40ed96a05dcd9f58d10a","vbIdSellingIdInventoryUpdated/1","1564378211"],"changedColumns":["selling_id","fulfillment_node_id","event_type","update_at","stream_sequence_number","event_data"],"record":"{\"selling_id\":\"46d8459eeab04448a47c749b0871e939\",\"fulfillment_node_id\":\"1a7b3f52035b40ed96a05dcd9f58d10a\",\"event_type\":\"vbIdSellingIdInventoryUpdated/1\",\"update_at\":1564378211,\"stream_sequence_number\":699,\"event_data\":\"{\\\"id\\\":\\\"c028968620244b32a0be035932264738\\\",\\\"vbId\\\":\\\"46d8459eeab04448a47c749b0871e939\\\",\\\"sellingId\\\":\\\"46d8459eeab04448a47c749b0871e939\\\",\\\"merchantId\\\":\\\"9b7d01586b0c488abe05eb1640c56aa7\\\",\\\"skuId\\\":\\\"46d8459eeab04448a47c749b0871e939\\\",\\\"f\\\":1,\\\"fnId\\\":\\\"1a7b3f52035b40ed96a05dcd9f58d10a\\\",\\\"fnType\\\":\\\"wolverine\\\",\\\"by\\\":\\\"Vibranium\\\",\\\"at\\\":\\\"2019-07-29T05:30:11+00:00\\\",\\\"invUssn\\\":693,\\\"isInf\\\":false,\\\"ifa\\\":true,\\\"martAvail\\\":[{\\\"martId\\\":\\\"21\\\",\\\"ia\\\":true}],\\\"clt\\\":\\\"JoJ\\\"}\"}"}
{"id":"09279E57D0144536A1C69D198AEC4045","table":"killmonger_events_table","keyspace":"msku","timestamp":"2019-07-29T05:45:03.441Z","clusteringKeys":["8556","vbIdSellingIdInventoryUpdated/1","1564378910"],"changedColumns":["selling_id","fulfillment_node_id","event_type","update_at","stream_sequence_number","event_data"],"record":"{\"selling_id\":\"09279E57D0144536A1C69D198AEC4045\",\"fulfillment_node_id\":\"8556\",\"event_type\":\"vbIdSellingIdInventoryUpdated/1\",\"update_at\":1564378910,\"stream_sequence_number\":137,\"event_data\":\"{\\\"id\\\":\\\"74af9f8b710446cf9db5791904180bba\\\",\\\"vbId\\\":\\\"PantherMigrationVbId\\\",\\\"sellingId\\\":\\\"09279E57D0144536A1C69D198AEC4045\\\",\\\"merchantId\\\":\\\"9fc08905039048918982091f266c2a29\\\",\\\"skuId\\\":\\\"PantherMigrationSkuId\\\",\\\"f\\\":0,\\\"fnId\\\":\\\"8556\\\",\\\"by\\\":\\\"Killmonger.Migration.MapInWalmartInvUpdates\\\",\\\"at\\\":\\\"2019-07-29T05:41:50.348+00:00\\\",\\\"invUssn\\\":0,\\\"isInf\\\":false,\\\"ifa\\\":true,\\\"martAvail\\\":[{\\\"martId\\\":\\\"21\\\",\\\"ia\\\":true},{\\\"martId\\\":\\\"0\\\",\\\"ia\\\":true}],\\\"clt\\\":\\\"WoJ\\\"}\"}"}
{"id":"593394cd903841a8b39fec8505b088c0","table":"killmonger_events_table","keyspace":"msku","timestamp":"2019-07-29T05:40:44.625Z","clusteringKeys":["fb72b6f9c1e54625a551711f6ee72714","updateVbIdSellingIdInventorySkipped/1","1564375160"],"changedColumns":["selling_id","fulfillment_node_id","event_type","update_at","stream_sequence_number","event_data"],"record":"{\"selling_id\":\"593394cd903841a8b39fec8505b088c0\",\"fulfillment_node_id\":\"fb72b6f9c1e54625a551711f6ee72714\",\"event_type\":\"updateVbIdSellingIdInventorySkipped/1\",\"update_at\":1564375160,\"stream_sequence_number\":61,\"event_data\":\"{\\\"id\\\":\\\"213cf3486d094558b58034d944e192b4\\\",\\\"vbId\\\":\\\"593394cd903841a8b39fec8505b088c0\\\",\\\"sellingId\\\":\\\"593394cd903841a8b39fec8505b088c0\\\",\\\"merchantId\\\":\\\"e43cf7756d0b4ba8a4e9046774656ce8\\\",\\\"skuId\\\":\\\"593394cd903841a8b39fec8505b088c0\\\",\\\"f\\\":90,\\\"fnId\\\":\\\"fb72b6f9c1e54625a551711f6ee72714\\\",\\\"fnType\\\":\\\"wolverine\\\",\\\"by\\\":\\\"Vibranium\\\",\\\"at\\\":\\\"2019-07-29T04:39:20+00:00\\\",\\\"invUssn\\\":49,\\\"isInf\\\":false}\"}"}
{"id":"593394cd903841a8b39fec8505b088c0","table":"killmonger_events_table","keyspace":"msku","timestamp":"2019-07-29T05:40:44.625Z","clusteringKeys":["fb72b6f9c1e54625a551711f6ee72714","updateVbIdSellingIdInventorySkipped/1","1564375160"],"changedColumns":["selling_id","fulfillment_node_id","event_type","update_at","stream_sequence_number","event_data"],"record":"{\"selling_id\":\"593394cd903841a8b39fec8505b088c0\",\"fulfillment_node_id\":\"fb72b6f9c1e54625a551711f6ee72714\",\"event_type\":\"updateVbIdSellingIdInventorySkipped/1\",\"update_at\":1564375160,\"stream_sequence_number\":62,\"event_data\":\"{\\\"id\\\":\\\"7f0da68827b2403896ad7887210f7bf8\\\",\\\"vbId\\\":\\\"593394cd903841a8b39fec8505b088c0\\\",\\\"sellingId\\\":\\\"593394cd903841a8b39fec8505b088c0\\\",\\\"merchantId\\\":\\\"e43cf7756d0b4ba8a4e9046774656ce8\\\",\\\"skuId\\\":\\\"593394cd903841a8b39fec8505b088c0\\\",\\\"f\\\":90,\\\"fnId\\\":\\\"fb72b6f9c1e54625a551711f6ee72714\\\",\\\"fnType\\\":\\\"wolverine\\\",\\\"by\\\":\\\"Vibranium\\\",\\\"at\\\":\\\"2019-07-29T04:39:20+00:00\\\",\\\"invUssn\\\":49,\\\"isInf\\\":false}\"}"}
{"id":"14927a922b9d49d6a7913f3489735030","table":"killmonger_events_table","keyspace":"msku","timestamp":"2019-07-29T05:45:03.442Z","clusteringKeys":["8c573ec987054953a6197a5d8dcdb456","vbIdSellingIdInventoryUpdated/1","1564378029"],"changedColumns":["selling_id","fulfillment_node_id","event_type","update_at","stream_sequence_number","event_data"],"record":"{\"selling_id\":\"14927a922b9d49d6a7913f3489735030\",\"fulfillment_node_id\":\"8c573ec987054953a6197a5d8dcdb456\",\"event_type\":\"vbIdSellingIdInventoryUpdated/1\",\"update_at\":1564378029,\"stream_sequence_number\":3871,\"event_data\":\"{\\\"id\\\":\\\"2a0b1ed41790468eb030e8cbe038d0fc\\\",\\\"vbId\\\":\\\"14927a922b9d49d6a7913f3489735030\\\",\\\"sellingId\\\":\\\"14927a922b9d49d6a7913f3489735030\\\",\\\"merchantId\\\":\\\"b98c6f2b00f44c30bb540f14ee99ae7f\\\",\\\"skuId\\\":\\\"14927a922b9d49d6a7913f3489735030\\\",\\\"f\\\":54,\\\"fnId\\\":\\\"8c573ec987054953a6197a5d8dcdb456\\\",\\\"fnType\\\":\\\"wolverine\\\",\\\"by\\\":\\\"Vibranium\\\",\\\"at\\\":\\\"2019-07-29T05:27:09+00:00\\\",\\\"invUssn\\\":5122,\\\"isInf\\\":false,\\\"ifa\\\":true,\\\"martAvail\\\":[{\\\"martId\\\":\\\"21\\\",\\\"ia\\\":true}],\\\"clt\\\":\\\"JoJ\\\"}\"}"}
{"id":"14927a922b9d49d6a7913f3489735030","table":"killmonger_events_table","keyspace":"msku","timestamp":"2019-07-29T05:45:03.442Z","clusteringKeys":["8c573ec987054953a6197a5d8dcdb456","vbIdSellingIdInventoryUpdated/1","1564378029"],"changedColumns":["selling_id","fulfillment_node_id","event_type","update_at","stream_sequence_number","event_data"],"record":"{\"selling_id\":\"14927a922b9d49d6a7913f3489735030\",\"fulfillment_node_id\":\"8c573ec987054953a6197a5d8dcdb456\",\"event_type\":\"vbIdSellingIdInventoryUpdated/1\",\"update_at\":1564378029,\"stream_sequence_number\":3872,\"event_data\":\"{\\\"id\\\":\\\"5fb1641c1cb64764bb91007eeae36e50\\\",\\\"vbId\\\":\\\"14927a922b9d49d6a7913f3489735030\\\",\\\"sellingId\\\":\\\"14927a922b9d49d6a7913f3489735030\\\",\\\"merchantId\\\":\\\"b98c6f2b00f44c30bb540f14ee99ae7f\\\",\\\"skuId\\\":\\\"14927a922b9d49d6a7913f3489735030\\\",\\\"f\\\":54,\\\"fnId\\\":\\\"8c573ec987054953a6197a5d8dcdb456\\\",\\\"fnType\\\":\\\"wolverine\\\",\\\"by\\\":\\\"Vibranium\\\",\\\"at\\\":\\\"2019-07-29T05:27:09+00:00\\\",\\\"invUssn\\\":5123,\\\"isInf\\\":false,\\\"ifa\\\":true,\\\"martAvail\\\":[{\\\"martId\\\":\\\"21\\\",\\\"ia\\\":true}],\\\"clt\\\":\\\"JoJ\\\"}\"}"}
{"id":"35dfd75a759048afbf8b532141721b0c","table":"killmonger_events_table","keyspace":"msku","timestamp":"2019-07-29T05:40:44.627Z","clusteringKeys":["6ccbd76c487c42e5b65dd274f51b72ea","updateVbIdSellingIdInventorySkipped/1","1564378274"],"changedColumns":["selling_id","fulfillment_node_id","event_type","update_at","stream_sequence_number","event_data"],"record":"{\"selling_id\":\"35dfd75a759048afbf8b532141721b0c\",\"fulfillment_node_id\":\"6ccbd76c487c42e5b65dd274f51b72ea\",\"event_type\":\"updateVbIdSellingIdInventorySkipped/1\",\"update_at\":1564378274,\"stream_sequence_number\":39,\"event_data\":\"{\\\"id\\\":\\\"3b206f68f95a4ce7a2bba25ce0b00909\\\",\\\"vbId\\\":\\\"35dfd75a759048afbf8b532141721b0c\\\",\\\"sellingId\\\":\\\"35dfd75a759048afbf8b532141721b0c\\\",\\\"merchantId\\\":\\\"e43cf7756d0b4ba8a4e9046774656ce8\\\",\\\"skuId\\\":\\\"35dfd75a759048afbf8b532141721b0c\\\",\\\"f\\\":91,\\\"fnId\\\":\\\"6ccbd76c487c42e5b65dd274f51b72ea\\\",\\\"fnType\\\":\\\"wolverine\\\",\\\"by\\\":\\\"Vibranium\\\",\\\"at\\\":\\\"2019-07-29T05:31:14+00:00\\\",\\\"invUssn\\\":49,\\\"isInf\\\":false}\"}"}
{"id":"35dfd75a759048afbf8b532141721b0c","table":"killmonger_events_table","keyspace":"msku","timestamp":"2019-07-29T05:40:44.627Z","clusteringKeys":["6ccbd76c487c42e5b65dd274f51b72ea","updateVbIdSellingIdInventorySkipped/1","1564378274"],"changedColumns":["selling_id","fulfillment_node_id","event_type","update_at","stream_sequence_number","event_data"],"record":"{\"selling_id\":\"35dfd75a759048afbf8b532141721b0c\",\"fulfillment_node_id\":\"6ccbd76c487c42e5b65dd274f51b72ea\",\"event_type\":\"updateVbIdSellingIdInventorySkipped/1\",\"update_at\":1564378274,\"stream_sequence_number\":40,\"event_data\":\"{\\\"id\\\":\\\"3b206f68f95a4ce7a2bba25ce0b00909\\\",\\\"vbId\\\":\\\"35dfd75a759048afbf8b532141721b0c\\\",\\\"sellingId\\\":\\\"35dfd75a759048afbf8b532141721b0c\\\",\\\"merchantId\\\":\\\"e43cf7756d0b4ba8a4e9046774656ce8\\\",\\\"skuId\\\":\\\"35dfd75a759048afbf8b532141721b0c\\\",\\\"f\\\":91,\\\"fnId\\\":\\\"6ccbd76c487c42e5b65dd274f51b72ea\\\",\\\"fnType\\\":\\\"wolverine\\\",\\\"by\\\":\\\"Vibranium\\\",\\\"at\\\":\\\"2019-07-29T05:31:14+00:00\\\",\\\"invUssn\\\":49,\\\"isInf\\\":false}\"}"}
{"id":"742157F21A1E4D20A695634FBBDFC77D","table":"killmonger_events_table","keyspace":"msku","timestamp":"2019-07-29T05:45:03.448Z","clusteringKeys":["6284","vbIdSellingIdInventoryUpdated/1","1564378909"],"changedColumns":["selling_id","fulfillment_node_id","event_type","update_at","stream_sequence_number","event_data"],"record":"{\"selling_id\":\"742157F21A1E4D20A695634FBBDFC77D\",\"fulfillment_node_id\":\"6284\",\"event_type\":\"vbIdSellingIdInventoryUpdated/1\",\"update_at\":1564378909,\"stream_sequence_number\":272,\"event_data\":\"{\\\"id\\\":\\\"960f635e8eb74c4c91c112c7765ed2ca\\\",\\\"vbId\\\":\\\"PantherMigrationVbId\\\",\\\"sellingId\\\":\\\"742157F21A1E4D20A695634FBBDFC77D\\\",\\\"merchantId\\\":\\\"9fc08905039048918982091f266c2a29\\\",\\\"skuId\\\":\\\"PantherMigrationSkuId\\\",\\\"f\\\":40,\\\"fnId\\\":\\\"6284\\\",\\\"by\\\":\\\"Killmonger.Migration.MapInWalmartInvUpdates\\\",\\\"at\\\":\\\"2019-07-29T05:41:49.947+00:00\\\",\\\"invUssn\\\":0,\\\"isInf\\\":false,\\\"ifa\\\":true,\\\"martAvail\\\":[{\\\"martId\\\":\\\"21\\\",\\\"ia\\\":true},{\\\"martId\\\":\\\"0\\\",\\\"ia\\\":true}],\\\"clt\\\":\\\"WoJ\\\"}\"}"}
{"id":"742157F21A1E4D20A695634FBBDFC77D","table":"killmonger_events_table","keyspace":"msku","timestamp":"2019-07-29T05:45:03.448Z","clusteringKeys":["6284","vbIdSellingIdInventoryUpdated/1","1564378909"],"changedColumns":["selling_id","fulfillment_node_id","event_type","update_at","stream_sequence_number","event_data"],"record":"{\"selling_id\":\"742157F21A1E4D20A695634FBBDFC77D\",\"fulfillment_node_id\":\"6284\",\"event_type\":\"vbIdSellingIdInventoryUpdated/1\",\"update_at\":1564378909,\"stream_sequence_number\":273,\"event_data\":\"{\\\"id\\\":\\\"960f635e8eb74c4c91c112c7765ed2ca\\\",\\\"vbId\\\":\\\"PantherMigrationVbId\\\",\\\"sellingId\\\":\\\"742157F21A1E4D20A695634FBBDFC77D\\\",\\\"merchantId\\\":\\\"9fc08905039048918982091f266c2a29\\\",\\\"skuId\\\":\\\"PantherMigrationSkuId\\\",\\\"f\\\":40,\\\"fnId\\\":\\\"6284\\\",\\\"by\\\":\\\"Killmonger.Migration.MapInWalmartInvUpdates\\\",\\\"at\\\":\\\"2019-07-29T05:41:49.947+00:00\\\",\\\"invUssn\\\":0,\\\"isInf\\\":false,\\\"ifa\\\":true,\\\"martAvail\\\":[{\\\"martId\\\":\\\"21\\\",\\\"ia\\\":true},{\\\"martId\\\":\\\"0\\\",\\\"ia\\\":true}],\\\"clt\\\":\\\"WoJ\\\"}\"}"}
{"id":"e928f9d33fdf4a2186a9f21edbd9e1ef","table":"killmonger_events_table","keyspace":"msku","timestamp":"2019-07-29T05:40:44.638Z","clusteringKeys":["fb72b6f9c1e54625a551711f6ee72714","updateVbIdSellingIdInventorySkipped/1","1564374584"],"changedColumns":["selling_id","fulfillment_node_id","event_type","update_at","stream_sequence_number","event_data"],"record":"{\"selling_id\":\"e928f9d33fdf4a2186a9f21edbd9e1ef\",\"fulfillment_node_id\":\"fb72b6f9c1e54625a551711f6ee72714\",\"event_type\":\"updateVbIdSellingIdInventorySkipped/1\",\"update_at\":1564374584,\"stream_sequence_number\":46,\"event_data\":\"{\\\"id\\\":\\\"49cf7f67a6d741f7915f05b1d1bbabed\\\",\\\"vbId\\\":\\\"e928f9d33fdf4a2186a9f21edbd9e1ef\\\",\\\"sellingId\\\":\\\"e928f9d33fdf4a2186a9f21edbd9e1ef\\\",\\\"merchantId\\\":\\\"e43cf7756d0b4ba8a4e9046774656ce8\\\",\\\"skuId\\\":\\\"e928f9d33fdf4a2186a9f21edbd9e1ef\\\",\\\"f\\\":60,\\\"fnId\\\":\\\"fb72b6f9c1e54625a551711f6ee72714\\\",\\\"fnType\\\":\\\"wolverine\\\",\\\"by\\\":\\\"Vibranium\\\",\\\"at\\\":\\\"2019-07-29T04:29:44+00:00\\\",\\\"invUssn\\\":51,\\\"isInf\\\":false}\"}"}
{"id":"0cd0f857c95643b581eb37c276770cb2","table":"killmonger_events_table","keyspace":"msku","timestamp":"2019-07-29T05:40:44.643Z","clusteringKeys":["fb72b6f9c1e54625a551711f6ee72714","vbIdSellingIdInventoryUpdated/1","1564378274"],"changedColumns":["selling_id","fulfillment_node_id","event_type","update_at","stream_sequence_number","event_data"],"record":"{\"selling_id\":\"0cd0f857c95643b581eb37c276770cb2\",\"fulfillment_node_id\":\"fb72b6f9c1e54625a551711f6ee72714\",\"event_type\":\"vbIdSellingIdInventoryUpdated/1\",\"update_at\":1564378274,\"stream_sequence_number\":44,\"event_data\":\"{\\\"id\\\":\\\"150cbc6cbf8d4f359e276c4267e87dc2\\\",\\\"vbId\\\":\\\"0cd0f857c95643b581eb37c276770cb2\\\",\\\"sellingId\\\":\\\"0cd0f857c95643b581eb37c276770cb2\\\",\\\"merchantId\\\":\\\"e43cf7756d0b4ba8a4e9046774656ce8\\\",\\\"skuId\\\":\\\"0cd0f857c95643b581eb37c276770cb2\\\",\\\"f\\\":111,\\\"fnId\\\":\\\"fb72b6f9c1e54625a551711f6ee72714\\\",\\\"fnType\\\":\\\"wolverine\\\",\\\"by\\\":\\\"Vibranium\\\",\\\"at\\\":\\\"2019-07-29T05:31:14+00:00\\\",\\\"invUssn\\\":53,\\\"isInf\\\":false,\\\"ifa\\\":true,\\\"martAvail\\\":[{\\\"martId\\\":\\\"21\\\",\\\"ia\\\":true}],\\\"clt\\\":\\\"JoJ\\\"}\"}"}
{"id":"9C335AED6D3543ABA72D9FA40CC778AC","table":"killmonger_events_table","keyspace":"msku","timestamp":"2019-07-29T05:45:02.398Z","clusteringKeys":["2381","vbIdSellingIdInventoryUpdated/1","1564378913"],"changedColumns":["selling_id","fulfillment_node_id","event_type","update_at","stream_sequence_number","event_data"],"record":"{\"selling_id\":\"9C335AED6D3543ABA72D9FA40CC778AC\",\"fulfillment_node_id\":\"2381\",\"event_type\":\"vbIdSellingIdInventoryUpdated/1\",\"update_at\":1564378913,\"stream_sequence_number\":125,\"event_data\":\"{\\\"id\\\":\\\"a5a2df1b335d466eb49c38227c9f53d4\\\",\\\"vbId\\\":\\\"PantherMigrationVbId\\\",\\\"sellingId\\\":\\\"9C335AED6D3543ABA72D9FA40CC778AC\\\",\\\"merchantId\\\":\\\"9fc08905039048918982091f266c2a29\\\",\\\"skuId\\\":\\\"PantherMigrationSkuId\\\",\\\"f\\\":0,\\\"fnId\\\":\\\"2381\\\",\\\"by\\\":\\\"Killmonger.Migration.MapInWalmartInvUpdates\\\",\\\"at\\\":\\\"2019-07-29T05:41:53.038+00:00\\\",\\\"invUssn\\\":0,\\\"isInf\\\":false,\\\"ifa\\\":true,\\\"martAvail\\\":[{\\\"martId\\\":\\\"21\\\",\\\"ia\\\":true},{\\\"martId\\\":\\\"0\\\",\\\"ia\\\":true}],\\\"clt\\\":\\\"WoJ\\\"}\"}"}
{"id":"368F98FB034E4F1D970B71494B4F70CA","table":"killmonger_events_table","keyspace":"msku","timestamp":"2019-07-29T05:45:02.401Z","clusteringKeys":["10000004524","vbIdSellingIdInventoryUpdated/1","1564378115"],"changedColumns":["selling_id","fulfillment_node_id","event_type","update_at","stream_sequence_number","event_data"],"record":"{\"selling_id\":\"368F98FB034E4F1D970B71494B4F70CA\",\"fulfillment_node_id\":\"10000004524\",\"event_type\":\"vbIdSellingIdInventoryUpdated/1\",\"update_at\":1564378115,\"stream_sequence_number\":3025,\"event_data\":\"{\\\"id\\\":\\\"ca7cfd6692a84d2aaa030869f14a127b\\\",\\\"vbId\\\":\\\"HBG-266222IEC-4389\\\",\\\"sellingId\\\":\\\"368F98FB034E4F1D970B71494B4F70CA\\\",\\\"merchantId\\\":\\\"4389\\\",\\\"skuId\\\":\\\"HBG-266222IEC\\\",\\\"f\\\":22194,\\\"fnId\\\":\\\"10000004524\\\",\\\"fnType\\\":\\\"MARKETPLACE\\\",\\\"by\\\":\\\"Vibranium\\\",\\\"at\\\":\\\"2019-07-29T05:28:35+00:00\\\",\\\"invUssn\\\":2562,\\\"catUssn\\\":0,\\\"isInf\\\":false,\\\"ifa\\\":true,\\\"martAvail\\\":[{\\\"martId\\\":\\\"0\\\",\\\"ia\\\":true}],\\\"clt\\\":\\\"WoW\\\"}\"}"}
{"id":"368F98FB034E4F1D970B71494B4F70CA","table":"killmonger_events_table","keyspace":"msku","timestamp":"2019-07-29T05:45:02.402Z","clusteringKeys":["10000004524","updateVbIdSellingIdInventorySkipped/1","1564378115"],"changedColumns":["selling_id","fulfillment_node_id","event_type","update_at","stream_sequence_number","event_data"],"record":"{\"selling_id\":\"368F98FB034E4F1D970B71494B4F70CA\",\"fulfillment_node_id\":\"10000004524\",\"event_type\":\"updateVbIdSellingIdInventorySkipped/1\",\"update_at\":1564378115,\"stream_sequence_number\":3026,\"event_data\":\"{\\\"id\\\":\\\"ca7cfd6692a84d2aaa030869f14a127b\\\",\\\"vbId\\\":\\\"HBG-266222IEC-4389\\\",\\\"sellingId\\\":\\\"368F98FB034E4F1D970B71494B4F70CA\\\",\\\"merchantId\\\":\\\"4389\\\",\\\"skuId\\\":\\\"HBG-266222IEC\\\",\\\"f\\\":22194,\\\"fnId\\\":\\\"10000004524\\\",\\\"fnType\\\":\\\"MARKETPLACE\\\",\\\"by\\\":\\\"Vibranium\\\",\\\"at\\\":\\\"2019-07-29T05:28:35+00:00\\\",\\\"invUssn\\\":2562,\\\"catUssn\\\":0,\\\"isInf\\\":false}\"}"}
{"id":"368F98FB034E4F1D970B71494B4F70CA","table":"killmonger_events_table","keyspace":"msku","timestamp":"2019-07-29T05:45:02.402Z","clusteringKeys":["10000004524","updateVbIdSellingIdInventorySkipped/1","1564378115"],"changedColumns":["selling_id","fulfillment_node_id","event_type","update_at","stream_sequence_number","event_data"],"record":"{\"selling_id\":\"368F98FB034E4F1D970B71494B4F70CA\",\"fulfillment_node_id\":\"10000004524\",\"event_type\":\"updateVbIdSellingIdInventorySkipped/1\",\"update_at\":1564378115,\"stream_sequence_number\":3027,\"event_data\":\"{\\\"id\\\":\\\"ca7cfd6692a84d2aaa030869f14a127b\\\",\\\"vbId\\\":\\\"HBG-266222IEC-4389\\\",\\\"sellingId\\\":\\\"368F98FB034E4F1D970B71494B4F70CA\\\",\\\"merchantId\\\":\\\"4389\\\",\\\"skuId\\\":\\\"HBG-266222IEC\\\",\\\"f\\\":22194,\\\"fnId\\\":\\\"10000004524\\\",\\\"fnType\\\":\\\"MARKETPLACE\\\",\\\"by\\\":\\\"Vibranium\\\",\\\"at\\\":\\\"2019-07-29T05:28:35+00:00\\\",\\\"invUssn\\\":2562,\\\"catUssn\\\":0,\\\"isInf\\\":false}\"}"}
{"id":"b6830884f983444dbe0dca3ad2b95366","table":"killmonger_events_table","keyspace":"msku","timestamp":"2019-07-29T05:44:36.993Z","clusteringKeys":["c7e42bbec71748469f3409fac72e56f2","vbIdSellingIdInventoryUpdated/1","1564375205"],"changedColumns":["selling_id","fulfillment_node_id","event_type","update_at","stream_sequence_number","event_data"],"record":"{\"selling_id\":\"b6830884f983444dbe0dca3ad2b95366\",\"fulfillment_node_id\":\"c7e42bbec71748469f3409fac72e56f2\",\"event_type\":\"vbIdSellingIdInventoryUpdated/1\",\"update_at\":1564375205,\"stream_sequence_number\":198,\"event_data\":\"{\\\"id\\\":\\\"9f8ebe8a45f24fcbb729b238d0fb77f3\\\",\\\"vbId\\\":\\\"b6830884f983444dbe0dca3ad2b95366\\\",\\\"sellingId\\\":\\\"b6830884f983444dbe0dca3ad2b95366\\\",\\\"merchantId\\\":\\\"551717ddd0054aa088ac5aa2e3f5e824\\\",\\\"skuId\\\":\\\"b6830884f983444dbe0dca3ad2b95366\\\",\\\"f\\\":8888,\\\"fnId\\\":\\\"c7e42bbec71748469f3409fac72e56f2\\\",\\\"fnType\\\":\\\"wolverine\\\",\\\"by\\\":\\\"Vibranium\\\",\\\"at\\\":\\\"2019-07-29T04:40:05+00:00\\\",\\\"invUssn\\\":227,\\\"isInf\\\":false,\\\"ifa\\\":true,\\\"martAvail\\\":[{\\\"martId\\\":\\\"21\\\",\\\"ia\\\":true}],\\\"clt\\\":\\\"JoJ\\\"}\"}"}
{"id":"bc2cb72536894eea946ca313ee3f0595","table":"killmonger_events_table","keyspace":"msku","timestamp":"2019-07-29T05:45:03.463Z","clusteringKeys":["fb72b6f9c1e54625a551711f6ee72714","vbIdSellingIdInventoryUpdated/1","1564378075"],"changedColumns":["selling_id","fulfillment_node_id","event_type","update_at","stream_sequence_number","event_data"],"record":"{\"selling_id\":\"bc2cb72536894eea946ca313ee3f0595\",\"fulfillment_node_id\":\"fb72b6f9c1e54625a551711f6ee72714\",\"event_type\":\"vbIdSellingIdInventoryUpdated/1\",\"update_at\":1564378075,\"stream_sequence_number\":38,\"event_data\":\"{\\\"id\\\":\\\"1476a0543cc34fe4802131fb1e19815c\\\",\\\"vbId\\\":\\\"bc2cb72536894eea946ca313ee3f0595\\\",\\\"sellingId\\\":\\\"bc2cb72536894eea946ca313ee3f0595\\\",\\\"merchantId\\\":\\\"e43cf7756d0b4ba8a4e9046774656ce8\\\",\\\"skuId\\\":\\\"bc2cb72536894eea946ca313ee3f0595\\\",\\\"f\\\":81,\\\"fnId\\\":\\\"fb72b6f9c1e54625a551711f6ee72714\\\",\\\"fnType\\\":\\\"wolverine\\\",\\\"by\\\":\\\"Vibranium\\\",\\\"at\\\":\\\"2019-07-29T05:27:55+00:00\\\",\\\"invUssn\\\":49,\\\"isInf\\\":false,\\\"ifa\\\":true,\\\"martAvail\\\":[{\\\"martId\\\":\\\"21\\\",\\\"ia\\\":true}],\\\"clt\\\":\\\"JoJ\\\"}\"}"}
{"id":"bc2cb72536894eea946ca313ee3f0595","table":"killmonger_events_table","keyspace":"msku","timestamp":"2019-07-29T05:45:03.463Z","clusteringKeys":["fb72b6f9c1e54625a551711f6ee72714","updateVbIdSellingIdInventorySkipped/1","1564378075"],"changedColumns":["selling_id","fulfillment_node_id","event_type","update_at","stream_sequence_number","event_data"],"record":"{\"selling_id\":\"bc2cb72536894eea946ca313ee3f0595\",\"fulfillment_node_id\":\"fb72b6f9c1e54625a551711f6ee72714\",\"event_type\":\"updateVbIdSellingIdInventorySkipped/1\",\"update_at\":1564378075,\"stream_sequence_number\":39,\"event_data\":\"{\\\"id\\\":\\\"1476a0543cc34fe4802131fb1e19815c\\\",\\\"vbId\\\":\\\"bc2cb72536894eea946ca313ee3f0595\\\",\\\"sellingId\\\":\\\"bc2cb72536894eea946ca313ee3f0595\\\",\\\"merchantId\\\":\\\"e43cf7756d0b4ba8a4e9046774656ce8\\\",\\\"skuId\\\":\\\"bc2cb72536894eea946ca313ee3f0595\\\",\\\"f\\\":81,\\\"fnId\\\":\\\"fb72b6f9c1e54625a551711f6ee72714\\\",\\\"fnType\\\":\\\"wolverine\\\",\\\"by\\\":\\\"Vibranium\\\",\\\"at\\\":\\\"2019-07-29T05:27:55+00:00\\\",\\\"invUssn\\\":49,\\\"isInf\\\":false}\"}"}
{"id":"c1eac0be2356407fa245a8d1188fc8e3","table":"killmonger_events_table","keyspace":"msku","timestamp":"2019-07-29T05:45:03.464Z","clusteringKeys":["f3d4b8ceabb74b178a7d2120deff996d","vbIdSellingIdInventoryUpdated/1","1564378063"],"changedColumns":["selling_id","fulfillment_node_id","event_type","update_at","stream_sequence_number","event_data"],"record":"{\"selling_id\":\"c1eac0be2356407fa245a8d1188fc8e3\",\"fulfillment_node_id\":\"f3d4b8ceabb74b178a7d2120deff996d\",\"event_type\":\"vbIdSellingIdInventoryUpdated/1\",\"update_at\":1564378063,\"stream_sequence_number\":246,\"event_data\":\"{\\\"id\\\":\\\"4dd02bc6b8a44948ab527bfd6a003810\\\",\\\"vbId\\\":\\\"c1eac0be2356407fa245a8d1188fc8e3\\\",\\\"sellingId\\\":\\\"c1eac0be2356407fa245a8d1188fc8e3\\\",\\\"merchantId\\\":\\\"1b52e9263d164760a27ad9f07fec8abb\\\",\\\"skuId\\\":\\\"c1eac0be2356407fa245a8d1188fc8e3\\\",\\\"f\\\":5,\\\"fnId\\\":\\\"f3d4b8ceabb74b178a7d2120deff996d\\\",\\\"fnType\\\":\\\"wolverine\\\",\\\"by\\\":\\\"Vibranium\\\",\\\"at\\\":\\\"2019-07-29T05:27:43+00:00\\\",\\\"invUssn\\\":196,\\\"isInf\\\":false,\\\"ifa\\\":true,\\\"martAvail\\\":[{\\\"martId\\\":\\\"21\\\",\\\"ia\\\":true}],\\\"clt\\\":\\\"JoJ\\\"}\"}"}
{"id":"c1eac0be2356407fa245a8d1188fc8e3","table":"killmonger_events_table","keyspace":"msku","timestamp":"2019-07-29T05:45:03.464Z","clusteringKeys":["f3d4b8ceabb74b178a7d2120deff996d","updateVbIdSellingIdInventorySkipped/1","1564378063"],"changedColumns":["selling_id","fulfillment_node_id","event_type","update_at","stream_sequence_number","event_data"],"record":"{\"selling_id\":\"c1eac0be2356407fa245a8d1188fc8e3\",\"fulfillment_node_id\":\"f3d4b8ceabb74b178a7d2120deff996d\",\"event_type\":\"updateVbIdSellingIdInventorySkipped/1\",\"update_at\":1564378063,\"stream_sequence_number\":247,\"event_data\":\"{\\\"id\\\":\\\"4dd02bc6b8a44948ab527bfd6a003810\\\",\\\"vbId\\\":\\\"c1eac0be2356407fa245a8d1188fc8e3\\\",\\\"sellingId\\\":\\\"c1eac0be2356407fa245a8d1188fc8e3\\\",\\\"merchantId\\\":\\\"1b52e9263d164760a27ad9f07fec8abb\\\",\\\"skuId\\\":\\\"c1eac0be2356407fa245a8d1188fc8e3\\\",\\\"f\\\":5,\\\"fnId\\\":\\\"f3d4b8ceabb74b178a7d2120deff996d\\\",\\\"fnType\\\":\\\"wolverine\\\",\\\"by\\\":\\\"Vibranium\\\",\\\"at\\\":\\\"2019-07-29T05:27:43+00:00\\\",\\\"invUssn\\\":196,\\\"isInf\\\":false}\"}"}
{"id":"0fe346dd263c44a59db757a516ea9a0a","table":"killmonger_events_table","keyspace":"msku","timestamp":"2019-07-29T05:45:03.468Z","clusteringKeys":["fb72b6f9c1e54625a551711f6ee72714","updateVbIdSellingIdInventorySkipped/1","1564375344"],"changedColumns":["selling_id","fulfillment_node_id","event_type","update_at","stream_sequence_number","event_data"],"record":"{\"selling_id\":\"0fe346dd263c44a59db757a516ea9a0a\",\"fulfillment_node_id\":\"fb72b6f9c1e54625a551711f6ee72714\",\"event_type\":\"updateVbIdSellingIdInventorySkipped/1\",\"update_at\":1564375344,\"stream_sequence_number\":54,\"event_data\":\"{\\\"id\\\":\\\"633877f37b7a49d2a41596385a4a5331\\\",\\\"vbId\\\":\\\"0fe346dd263c44a59db757a516ea9a0a\\\",\\\"sellingId\\\":\\\"0fe346dd263c44a59db757a516ea9a0a\\\",\\\"merchantId\\\":\\\"e43cf7756d0b4ba8a4e9046774656ce8\\\",\\\"skuId\\\":\\\"0fe346dd263c44a59db757a516ea9a0a\\\",\\\"f\\\":126,\\\"fnId\\\":\\\"fb72b6f9c1e54625a551711f6ee72714\\\",\\\"fnType\\\":\\\"wolverine\\\",\\\"by\\\":\\\"Vibranium\\\",\\\"at\\\":\\\"2019-07-29T04:42:24+00:00\\\",\\\"invUssn\\\":50,\\\"isInf\\\":false}\"}"}
{"id":"29a665efeb8d4e76825ee54eb484c4d7","table":"killmonger_events_table","keyspace":"msku","timestamp":"2019-07-29T05:40:44.658Z","clusteringKeys":["fb72b6f9c1e54625a551711f6ee72714","vbIdSellingIdInventoryUpdated/1","1564378274"],"changedColumns":["selling_id","fulfillment_node_id","event_type","update_at","stream_sequence_number","event_data"],"record":"{\"selling_id\":\"29a665efeb8d4e76825ee54eb484c4d7\",\"fulfillment_node_id\":\"fb72b6f9c1e54625a551711f6ee72714\",\"event_type\":\"vbIdSellingIdInventoryUpdated/1\",\"update_at\":1564378274,\"stream_sequence_number\":38,\"event_data\":\"{\\\"id\\\":\\\"f8efc52d917b417aa7d48313168b6046\\\",\\\"vbId\\\":\\\"29a665efeb8d4e76825ee54eb484c4d7\\\",\\\"sellingId\\\":\\\"29a665efeb8d4e76825ee54eb484c4d7\\\",\\\"merchantId\\\":\\\"e43cf7756d0b4ba8a4e9046774656ce8\\\",\\\"skuId\\\":\\\"29a665efeb8d4e76825ee54eb484c4d7\\\",\\\"f\\\":118,\\\"fnId\\\":\\\"fb72b6f9c1e54625a551711f6ee72714\\\",\\\"fnType\\\":\\\"wolverine\\\",\\\"by\\\":\\\"Vibranium\\\",\\\"at\\\":\\\"2019-07-29T05:31:14+00:00\\\",\\\"invUssn\\\":49,\\\"isInf\\\":false,\\\"ifa\\\":true,\\\"martAvail\\\":[{\\\"martId\\\":\\\"21\\\",\\\"ia\\\":true}],\\\"clt\\\":\\\"JoJ\\\"}\"}"}
{"id":"f2e76785673942cf86704e142982c951","table":"killmonger_events_table","keyspace":"msku","timestamp":"2019-07-29T05:45:02.419Z","clusteringKeys":["fb72b6f9c1e54625a551711f6ee72714","vbIdSellingIdInventoryUpdated/1","1564378274"],"changedColumns":["selling_id","fulfillment_node_id","event_type","update_at","stream_sequence_number","event_data"],"record":"{\"selling_id\":\"f2e76785673942cf86704e142982c951\",\"fulfillment_node_id\":\"fb72b6f9c1e54625a551711f6ee72714\",\"event_type\":\"vbIdSellingIdInventoryUpdated/1\",\"update_at\":1564378274,\"stream_sequence_number\":40,\"event_data\":\"{\\\"id\\\":\\\"2a0a60e64b9e45e89c3b74d1b105ed8e\\\",\\\"vbId\\\":\\\"f2e76785673942cf86704e142982c951\\\",\\\"sellingId\\\":\\\"f2e76785673942cf86704e142982c951\\\",\\\"merchantId\\\":\\\"e43cf7756d0b4ba8a4e9046774656ce8\\\",\\\"skuId\\\":\\\"f2e76785673942cf86704e142982c951\\\",\\\"f\\\":75,\\\"fnId\\\":\\\"fb72b6f9c1e54625a551711f6ee72714\\\",\\\"fnType\\\":\\\"wolverine\\\",\\\"by\\\":\\\"Vibranium\\\",\\\"at\\\":\\\"2019-07-29T05:31:14+00:00\\\",\\\"invUssn\\\":50,\\\"isInf\\\":false,\\\"ifa\\\":true,\\\"martAvail\\\":[{\\\"martId\\\":\\\"21\\\",\\\"ia\\\":true}],\\\"clt\\\":\\\"JoJ\\\"}\"}"}
{"id":"35D58110E4A64563832EF70DD81C6406","table":"killmonger_events_table","keyspace":"msku","timestamp":"2019-07-29T05:40:44.663Z","clusteringKeys":["2379","vbIdSellingIdInventoryUpdated/1","1564375904"],"changedColumns":["selling_id","fulfillment_node_id","event_type","update_at","stream_sequence_number","event_data"],"record":"{\"selling_id\":\"35D58110E4A64563832EF70DD81C6406\",\"fulfillment_node_id\":\"2379\",\"event_type\":\"vbIdSellingIdInventoryUpdated/1\",\"update_at\":1564375904,\"stream_sequence_number\":134,\"event_data\":\"{\\\"id\\\":\\\"bf5865d933234040badc7dfda2a3e07a\\\",\\\"vbId\\\":\\\"PantherMigrationVbId\\\",\\\"sellingId\\\":\\\"35D58110E4A64563832EF70DD81C6406\\\",\\\"merchantId\\\":\\\"9fc08905039048918982091f266c2a29\\\",\\\"skuId\\\":\\\"PantherMigrationSkuId\\\",\\\"f\\\":0,\\\"fnId\\\":\\\"2379\\\",\\\"by\\\":\\\"Killmonger.Migration.MapInWalmartInvUpdates\\\",\\\"at\\\":\\\"2019-07-29T04:51:44.141+00:00\\\",\\\"invUssn\\\":0,\\\"isInf\\\":false,\\\"ifa\\\":true,\\\"martAvail\\\":[{\\\"martId\\\":\\\"21\\\",\\\"ia\\\":true},{\\\"martId\\\":\\\"0\\\",\\\"ia\\\":true}],\\\"clt\\\":\\\"WoJ\\\"}\"}"}
{"id":"e58628ddcc864cefb8b881a6861a7276","table":"killmonger_events_table","keyspace":"msku","timestamp":"2019-07-29T05:44:37.003Z","clusteringKeys":["fb72b6f9c1e54625a551711f6ee72714","updateVbIdSellingIdInventorySkipped/1","1564378075"],"changedColumns":["selling_id","fulfillment_node_id","event_type","update_at","stream_sequence_number","event_data"],"record":"{\"selling_id\":\"e58628ddcc864cefb8b881a6861a7276\",\"fulfillment_node_id\":\"fb72b6f9c1e54625a551711f6ee72714\",\"event_type\":\"updateVbIdSellingIdInventorySkipped/1\",\"update_at\":1564378075,\"stream_sequence_number\":51,\"event_data\":\"{\\\"id\\\":\\\"c132c50b1cb54ae7aeaa77e9aa53069c\\\",\\\"vbId\\\":\\\"e58628ddcc864cefb8b881a6861a7276\\\",\\\"sellingId\\\":\\\"e58628ddcc864cefb8b881a6861a7276\\\",\\\"merchantId\\\":\\\"e43cf7756d0b4ba8a4e9046774656ce8\\\",\\\"skuId\\\":\\\"e58628ddcc864cefb8b881a6861a7276\\\",\\\"f\\\":87,\\\"fnId\\\":\\\"fb72b6f9c1e54625a551711f6ee72714\\\",\\\"fnType\\\":\\\"wolverine\\\",\\\"by\\\":\\\"Vibranium\\\",\\\"at\\\":\\\"2019-07-29T05:27:55+00:00\\\",\\\"invUssn\\\":50,\\\"isInf\\\":false}\"}"}
{"id":"E651F72A53594D368D119E3AA358630D","table":"killmonger_events_table","keyspace":"msku","timestamp":"2019-07-29T05:44:37.002Z","clusteringKeys":["10000000861","vbIdSellingIdInventoryUpdated/1","1564378239"],"changedColumns":["selling_id","fulfillment_node_id","event_type","update_at","stream_sequence_number","event_data"],"record":"{\"selling_id\":\"E651F72A53594D368D119E3AA358630D\",\"fulfillment_node_id\":\"10000000861\",\"event_type\":\"vbIdSellingIdInventoryUpdated/1\",\"update_at\":1564378239,\"stream_sequence_number\":140,\"event_data\":\"{\\\"id\\\":\\\"794d4ed679164bc99bb3f3f2b1858d77\\\",\\\"vbId\\\":\\\"M28108-793\\\",\\\"sellingId\\\":\\\"E651F72A53594D368D119E3AA358630D\\\",\\\"merchantId\\\":\\\"793\\\",\\\"skuId\\\":\\\"M28108\\\",\\\"f\\\":9,\\\"fnId\\\":\\\"10000000861\\\",\\\"fnType\\\":\\\"MARKETPLACE\\\",\\\"by\\\":\\\"Vibranium\\\",\\\"at\\\":\\\"2019-07-29T05:30:39+00:00\\\",\\\"invUssn\\\":76,\\\"catUssn\\\":52,\\\"isInf\\\":false,\\\"ifa\\\":true,\\\"martAvail\\\":[{\\\"martId\\\":\\\"0\\\",\\\"ia\\\":true}],\\\"clt\\\":\\\"WoW\\\"}\"}"}
{"id":"E651F72A53594D368D119E3AA358630D","table":"killmonger_events_table","keyspace":"msku","timestamp":"2019-07-29T05:44:37.002Z","clusteringKeys":["10000000861","updateVbIdSellingIdInventorySkipped/1","1564378239"],"changedColumns":["selling_id","fulfillment_node_id","event_type","update_at","stream_sequence_number","event_data"],"record":"{\"selling_id\":\"E651F72A53594D368D119E3AA358630D\",\"fulfillment_node_id\":\"10000000861\",\"event_type\":\"updateVbIdSellingIdInventorySkipped/1\",\"update_at\":1564378239,\"stream_sequence_number\":141,\"event_data\":\"{\\\"id\\\":\\\"794d4ed679164bc99bb3f3f2b1858d77\\\",\\\"vbId\\\":\\\"M28108-793\\\",\\\"sellingId\\\":\\\"E651F72A53594D368D119E3AA358630D\\\",\\\"merchantId\\\":\\\"793\\\",\\\"skuId\\\":\\\"M28108\\\",\\\"f\\\":9,\\\"fnId\\\":\\\"10000000861\\\",\\\"fnType\\\":\\\"MARKETPLACE\\\",\\\"by\\\":\\\"Vibranium\\\",\\\"at\\\":\\\"2019-07-29T05:30:39+00:00\\\",\\\"invUssn\\\":76,\\\"catUssn\\\":52,\\\"isInf\\\":false}\"}"}
{"id":"E651F72A53594D368D119E3AA358630D","table":"killmonger_events_table","keyspace":"msku","timestamp":"2019-07-29T05:44:37.002Z","clusteringKeys":["10000000861","updateVbIdSellingIdInventorySkipped/1","1564378239"],"changedColumns":["selling_id","fulfillment_node_id","event_type","update_at","stream_sequence_number","event_data"],"record":"{\"selling_id\":\"E651F72A53594D368D119E3AA358630D\",\"fulfillment_node_id\":\"10000000861\",\"event_type\":\"updateVbIdSellingIdInventorySkipped/1\",\"update_at\":1564378239,\"stream_sequence_number\":142,\"event_data\":\"{\\\"id\\\":\\\"794d4ed679164bc99bb3f3f2b1858d77\\\",\\\"vbId\\\":\\\"M28108-793\\\",\\\"sellingId\\\":\\\"E651F72A53594D368D119E3AA358630D\\\",\\\"merchantId\\\":\\\"793\\\",\\\"skuId\\\":\\\"M28108\\\",\\\"f\\\":9,\\\"fnId\\\":\\\"10000000861\\\",\\\"fnType\\\":\\\"MARKETPLACE\\\",\\\"by\\\":\\\"Vibranium\\\",\\\"at\\\":\\\"2019-07-29T05:30:39+00:00\\\",\\\"invUssn\\\":76,\\\"catUssn\\\":52,\\\"isInf\\\":false}\"}"}
{"id":"F2F52BA673C2494B85D7C8CF2F4DF11C","table":"killmonger_events_table","keyspace":"msku","timestamp":"2019-07-29T05:44:37.002Z","clusteringKeys":["8302","vbIdSellingIdInventoryUpdated/1","1564378909"],"changedColumns":["selling_id","fulfillment_node_id","event_type","update_at","stream_sequence_number","event_data"],"record":"{\"selling_id\":\"F2F52BA673C2494B85D7C8CF2F4DF11C\",\"fulfillment_node_id\":\"8302\",\"event_type\":\"vbIdSellingIdInventoryUpdated/1\",\"update_at\":1564378909,\"stream_sequence_number\":180,\"event_data\":\"{\\\"id\\\":\\\"d643f4d6c2b540fbb71036e6a82970f2\\\",\\\"vbId\\\":\\\"PantherMigrationVbId\\\",\\\"sellingId\\\":\\\"F2F52BA673C2494B85D7C8CF2F4DF11C\\\",\\\"merchantId\\\":\\\"9fc08905039048918982091f266c2a29\\\",\\\"skuId\\\":\\\"PantherMigrationSkuId\\\",\\\"f\\\":0,\\\"fnId\\\":\\\"8302\\\",\\\"by\\\":\\\"Killmonger.Migration.MapInWalmartInvUpdates\\\",\\\"at\\\":\\\"2019-07-29T05:41:49.035+00:00\\\",\\\"invUssn\\\":0,\\\"isInf\\\":false,\\\"ifa\\\":true,\\\"martAvail\\\":[{\\\"martId\\\":\\\"21\\\",\\\"ia\\\":true},{\\\"martId\\\":\\\"0\\\",\\\"ia\\\":true}],\\\"clt\\\":\\\"WoJ\\\"}\"}"}
{"id":"F2F52BA673C2494B85D7C8CF2F4DF11C","table":"killmonger_events_table","keyspace":"msku","timestamp":"2019-07-29T05:44:37.002Z","clusteringKeys":["8302","vbIdSellingIdInventoryUpdated/1","1564378909"],"changedColumns":["selling_id","fulfillment_node_id","event_type","update_at","stream_sequence_number","event_data"],"record":"{\"selling_id\":\"F2F52BA673C2494B85D7C8CF2F4DF11C\",\"fulfillment_node_id\":\"8302\",\"event_type\":\"vbIdSellingIdInventoryUpdated/1\",\"update_at\":1564378909,\"stream_sequence_number\":181,\"event_data\":\"{\\\"id\\\":\\\"d643f4d6c2b540fbb71036e6a82970f2\\\",\\\"vbId\\\":\\\"PantherMigrationVbId\\\",\\\"sellingId\\\":\\\"F2F52BA673C2494B85D7C8CF2F4DF11C\\\",\\\"merchantId\\\":\\\"9fc08905039048918982091f266c2a29\\\",\\\"skuId\\\":\\\"PantherMigrationSkuId\\\",\\\"f\\\":0,\\\"fnId\\\":\\\"8302\\\",\\\"by\\\":\\\"Killmonger.Migration.MapInWalmartInvUpdates\\\",\\\"at\\\":\\\"2019-07-29T05:41:49.035+00:00\\\",\\\"invUssn\\\":0,\\\"isInf\\\":false,\\\"ifa\\\":true,\\\"martAvail\\\":[{\\\"martId\\\":\\\"21\\\",\\\"ia\\\":true},{\\\"martId\\\":\\\"0\\\",\\\"ia\\\":true}],\\\"clt\\\":\\\"WoJ\\\"}\"}"}
{"id":"f0f257647ffe4281bbc1da026cb0d1c3","table":"killmonger_events_table","keyspace":"msku","timestamp":"2019-07-29T05:44:37.003Z","clusteringKeys":["3cbcc7e28aac4f6fb0a8cde4e85483c0","updateVbIdSellingIdInventorySkipped/1","1564375720"],"changedColumns":["selling_id","fulfillment_node_id","event_type","update_at","stream_sequence_number","event_data"],"record":"{\"selling_id\":\"f0f257647ffe4281bbc1da026cb0d1c3\",\"fulfillment_node_id\":\"3cbcc7e28aac4f6fb0a8cde4e85483c0\",\"event_type\":\"updateVbIdSellingIdInventorySkipped/1\",\"update_at\":1564375720,\"stream_sequence_number\":98,\"event_data\":\"{\\\"id\\\":\\\"4b212359dc4743fea7bb429a9ec7b349\\\",\\\"vbId\\\":\\\"f0f257647ffe4281bbc1da026cb0d1c3\\\",\\\"sellingId\\\":\\\"f0f257647ffe4281bbc1da026cb0d1c3\\\",\\\"merchantId\\\":\\\"7eaf70709bf149f890dc3a845871dab4\\\",\\\"skuId\\\":\\\"f0f257647ffe4281bbc1da026cb0d1c3\\\",\\\"f\\\":559,\\\"fnId\\\":\\\"3cbcc7e28aac4f6fb0a8cde4e85483c0\\\",\\\"fnType\\\":\\\"wolverine\\\",\\\"by\\\":\\\"Vibranium\\\",\\\"at\\\":\\\"2019-07-29T04:48:40+00:00\\\",\\\"invUssn\\\":76,\\\"isInf\\\":false}\"}"}
{"id":"3787E96C7662495EBEF5C0D5495D21FD","table":"killmonger_events_table","keyspace":"msku","timestamp":"2019-07-29T05:45:03.477Z","clusteringKeys":["4401","vbIdSellingIdInventoryUpdated/1","1564378907"],"changedColumns":["selling_id","fulfillment_node_id","event_type","update_at","stream_sequence_number","event_data"],"record":"{\"selling_id\":\"3787E96C7662495EBEF5C0D5495D21FD\",\"fulfillment_node_id\":\"4401\",\"event_type\":\"vbIdSellingIdInventoryUpdated/1\",\"update_at\":1564378907,\"stream_sequence_number\":132,\"event_data\":\"{\\\"id\\\":\\\"ddcb6372f7834e5999cf2404d107a0c1\\\",\\\"vbId\\\":\\\"PantherMigrationVbId\\\",\\\"sellingId\\\":\\\"3787E96C7662495EBEF5C0D5495D21FD\\\",\\\"merchantId\\\":\\\"9fc08905039048918982091f266c2a29\\\",\\\"skuId\\\":\\\"PantherMigrationSkuId\\\",\\\"f\\\":0,\\\"fnId\\\":\\\"4401\\\",\\\"by\\\":\\\"Killmonger.Migration.MapInWalmartInvUpdates\\\",\\\"at\\\":\\\"2019-07-29T05:41:47.906+00:00\\\",\\\"invUssn\\\":0,\\\"isInf\\\":false,\\\"ifa\\\":true,\\\"martAvail\\\":[{\\\"martId\\\":\\\"21\\\",\\\"ia\\\":true},{\\\"martId\\\":\\\"0\\\",\\\"ia\\\":true}],\\\"clt\\\":\\\"WoJ\\\"}\"}"}
{"id":"1F9C4DC38DAF429591E96F3FDAFEDCE8","table":"killmonger_events_table","keyspace":"msku","timestamp":"2019-07-29T05:45:03.477Z","clusteringKeys":["8556","vbIdSellingIdInventoryUpdated/1","1564378910"],"changedColumns":["selling_id","fulfillment_node_id","event_type","update_at","stream_sequence_number","event_data"],"record":"{\"selling_id\":\"1F9C4DC38DAF429591E96F3FDAFEDCE8\",\"fulfillment_node_id\":\"8556\",\"event_type\":\"vbIdSellingIdInventoryUpdated/1\",\"update_at\":1564378910,\"stream_sequence_number\":140,\"event_data\":\"{\\\"id\\\":\\\"27290683ae974a868dfe6c7a14c3adef\\\",\\\"vbId\\\":\\\"PantherMigrationVbId\\\",\\\"sellingId\\\":\\\"1F9C4DC38DAF429591E96F3FDAFEDCE8\\\",\\\"merchantId\\\":\\\"9fc08905039048918982091f266c2a29\\\",\\\"skuId\\\":\\\"PantherMigrationSkuId\\\",\\\"f\\\":0,\\\"fnId\\\":\\\"8556\\\",\\\"by\\\":\\\"Killmonger.Migration.MapInWalmartInvUpdates\\\",\\\"at\\\":\\\"2019-07-29T05:41:50.272+00:00\\\",\\\"invUssn\\\":0,\\\"isInf\\\":false,\\\"ifa\\\":true,\\\"martAvail\\\":[{\\\"martId\\\":\\\"21\\\",\\\"ia\\\":true},{\\\"martId\\\":\\\"0\\\",\\\"ia\\\":true}],\\\"clt\\\":\\\"WoJ\\\"}\"}"}
{"id":"EAF47CE5109A433CB995424570E040C3","table":"killmonger_events_table","keyspace":"msku","timestamp":"2019-07-29T05:40:44.669Z","clusteringKeys":["10000013268","vbIdSellingIdInventoryUpdated/1","1564375361"],"changedColumns":["selling_id","fulfillment_node_id","event_type","update_at","stream_sequence_number","event_data"],"record":"{\"selling_id\":\"EAF47CE5109A433CB995424570E040C3\",\"fulfillment_node_id\":\"10000013268\",\"event_type\":\"vbIdSellingIdInventoryUpdated/1\",\"update_at\":1564375361,\"stream_sequence_number\":13,\"event_data\":\"{\\\"id\\\":\\\"b64cf324c3b84449809a23f011251c58\\\",\\\"vbId\\\":\\\"A_33256335_XM001_Trim_-12825\\\",\\\"sellingId\\\":\\\"EAF47CE5109A433CB995424570E040C3\\\",\\\"merchantId\\\":\\\"12825\\\",\\\"skuId\\\":\\\"A_33256335_XM001_Trim_\\\",\\\"f\\\":99,\\\"fnId\\\":\\\"10000013268\\\",\\\"fnType\\\":\\\"MARKETPLACE\\\",\\\"by\\\":\\\"Vibranium\\\",\\\"at\\\":\\\"2019-07-29T04:42:41+00:00\\\",\\\"invUssn\\\":9,\\\"catUssn\\\":0,\\\"isInf\\\":false,\\\"ifa\\\":true,\\\"martAvail\\\":[{\\\"martId\\\":\\\"0\\\",\\\"ia\\\":true}],\\\"clt\\\":\\\"WoW\\\"}\"}"}
{"id":"2997de6f0bda429ca7d81a873e08564a","table":"killmonger_events_table","keyspace":"msku","timestamp":"2019-07-29T05:44:37.012Z","clusteringKeys":["fb72b6f9c1e54625a551711f6ee72714","vbIdSellingIdInventoryUpdated/1","1564378075"],"changedColumns":["selling_id","fulfillment_node_id","event_type","update_at","stream_sequence_number","event_data"],"record":"{\"selling_id\":\"2997de6f0bda429ca7d81a873e08564a\",\"fulfillment_node_id\":\"fb72b6f9c1e54625a551711f6ee72714\",\"event_type\":\"vbIdSellingIdInventoryUpdated/1\",\"update_at\":1564378075,\"stream_sequence_number\":44,\"event_data\":\"{\\\"id\\\":\\\"1f1afcbf4b584a2899f21a8bd97fb381\\\",\\\"vbId\\\":\\\"2997de6f0bda429ca7d81a873e08564a\\\",\\\"sellingId\\\":\\\"2997de6f0bda429ca7d81a873e08564a\\\",\\\"merchantId\\\":\\\"e43cf7756d0b4ba8a4e9046774656ce8\\\",\\\"skuId\\\":\\\"2997de6f0bda429ca7d81a873e08564a\\\",\\\"f\\\":52,\\\"fnId\\\":\\\"fb72b6f9c1e54625a551711f6ee72714\\\",\\\"fnType\\\":\\\"wolverine\\\",\\\"by\\\":\\\"Vibranium\\\",\\\"at\\\":\\\"2019-07-29T05:27:55+00:00\\\",\\\"invUssn\\\":48,\\\"isInf\\\":false,\\\"ifa\\\":true,\\\"martAvail\\\":[{\\\"martId\\\":\\\"21\\\",\\\"ia\\\":true}],\\\"clt\\\":\\\"JoJ\\\"}\"}"}
{"id":"15f0839107104bbcba75058a3d0400b5","table":"killmonger_events_table","keyspace":"msku","timestamp":"2019-07-29T05:40:44.674Z","clusteringKeys":["1a55075b976a41d495a9fc77b6c29c7b","vbIdSellingIdInventoryUpdated/1","1564375107"],"changedColumns":["selling_id","fulfillment_node_id","event_type","update_at","stream_sequence_number","event_data"],"record":"{\"selling_id\":\"15f0839107104bbcba75058a3d0400b5\",\"fulfillment_node_id\":\"1a55075b976a41d495a9fc77b6c29c7b\",\"event_type\":\"vbIdSellingIdInventoryUpdated/1\",\"update_at\":1564375107,\"stream_sequence_number\":2543,\"event_data\":\"{\\\"id\\\":\\\"a94e6a04a781404faae28374d077a201\\\",\\\"vbId\\\":\\\"15f0839107104bbcba75058a3d0400b5\\\",\\\"sellingId\\\":\\\"15f0839107104bbcba75058a3d0400b5\\\",\\\"merchantId\\\":\\\"8016ab705f5543fa878a6ac5972c7403\\\",\\\"skuId\\\":\\\"15f0839107104bbcba75058a3d0400b5\\\",\\\"f\\\":9,\\\"fnId\\\":\\\"1a55075b976a41d495a9fc77b6c29c7b\\\",\\\"fnType\\\":\\\"wolverine\\\",\\\"by\\\":\\\"Vibranium\\\",\\\"at\\\":\\\"2019-07-29T04:38:27+00:00\\\",\\\"invUssn\\\":2855,\\\"isInf\\\":false,\\\"ifa\\\":true,\\\"martAvail\\\":[{\\\"martId\\\":\\\"21\\\",\\\"ia\\\":true}],\\\"clt\\\":\\\"JoJ\\\"}\"}"}
{"id":"15f0839107104bbcba75058a3d0400b5","table":"killmonger_events_table","keyspace":"msku","timestamp":"2019-07-29T05:40:44.674Z","clusteringKeys":["1a55075b976a41d495a9fc77b6c29c7b","updateVbIdSellingIdInventorySkipped/1","1564375107"],"changedColumns":["selling_id","fulfillment_node_id","event_type","update_at","stream_sequence_number","event_data"],"record":"{\"selling_id\":\"15f0839107104bbcba75058a3d0400b5\",\"fulfillment_node_id\":\"1a55075b976a41d495a9fc77b6c29c7b\",\"event_type\":\"updateVbIdSellingIdInventorySkipped/1\",\"update_at\":1564375107,\"stream_sequence_number\":2544,\"event_data\":\"{\\\"id\\\":\\\"e73bafaa08ce499a8103f617b9f07604\\\",\\\"vbId\\\":\\\"15f0839107104bbcba75058a3d0400b5\\\",\\\"sellingId\\\":\\\"15f0839107104bbcba75058a3d0400b5\\\",\\\"merchantId\\\":\\\"8016ab705f5543fa878a6ac5972c7403\\\",\\\"skuId\\\":\\\"15f0839107104bbcba75058a3d0400b5\\\",\\\"f\\\":9,\\\"fnId\\\":\\\"1a55075b976a41d495a9fc77b6c29c7b\\\",\\\"fnType\\\":\\\"wolverine\\\",\\\"by\\\":\\\"Vibranium\\\",\\\"at\\\":\\\"2019-07-29T04:38:27+00:00\\\",\\\"invUssn\\\":2855,\\\"isInf\\\":false}\"}"}
{"id":"7c67f1ec6e1d4f9f96223cf5692b0c3d","table":"killmonger_events_table","keyspace":"msku","timestamp":"2019-07-29T05:40:44.677Z","clusteringKeys":["0a633d9fe80f4a45b6fdf372a649be0c","updateVbIdSellingIdInventorySkipped/1","1564378274"],"changedColumns":["selling_id","fulfillment_node_id","event_type","update_at","stream_sequence_number","event_data"],"record":"{\"selling_id\":\"7c67f1ec6e1d4f9f96223cf5692b0c3d\",\"fulfillment_node_id\":\"0a633d9fe80f4a45b6fdf372a649be0c\",\"event_type\":\"updateVbIdSellingIdInventorySkipped/1\",\"update_at\":1564378274,\"stream_sequence_number\":42,\"event_data\":\"{\\\"id\\\":\\\"23ba154f60eb4bb8a0cc5dd23aef885e\\\",\\\"vbId\\\":\\\"7c67f1ec6e1d4f9f96223cf5692b0c3d\\\",\\\"sellingId\\\":\\\"7c67f1ec6e1d4f9f96223cf5692b0c3d\\\",\\\"merchantId\\\":\\\"e43cf7756d0b4ba8a4e9046774656ce8\\\",\\\"skuId\\\":\\\"7c67f1ec6e1d4f9f96223cf5692b0c3d\\\",\\\"f\\\":60,\\\"fnId\\\":\\\"0a633d9fe80f4a45b6fdf372a649be0c\\\",\\\"fnType\\\":\\\"wolverine\\\",\\\"by\\\":\\\"Vibranium\\\",\\\"at\\\":\\\"2019-07-29T05:31:14+00:00\\\",\\\"invUssn\\\":51,\\\"isInf\\\":false}\"}"}
{"id":"32DE0D41AE2C4CCDB5E0BBD41D01792B","table":"killmonger_events_table","keyspace":"msku","timestamp":"2019-07-29T05:45:03.493Z","clusteringKeys":["2379","vbIdSellingIdInventoryUpdated/1","1564378912"],"changedColumns":["selling_id","fulfillment_node_id","event_type","update_at","stream_sequence_number","event_data"],"record":"{\"selling_id\":\"32DE0D41AE2C4CCDB5E0BBD41D01792B\",\"fulfillment_node_id\":\"2379\",\"event_type\":\"vbIdSellingIdInventoryUpdated/1\",\"update_at\":1564378912,\"stream_sequence_number\":117,\"event_data\":\"{\\\"id\\\":\\\"836c7552c8984b23999f32e2736845b1\\\",\\\"vbId\\\":\\\"PantherMigrationVbId\\\",\\\"sellingId\\\":\\\"32DE0D41AE2C4CCDB5E0BBD41D01792B\\\",\\\"merchantId\\\":\\\"9fc08905039048918982091f266c2a29\\\",\\\"skuId\\\":\\\"PantherMigrationSkuId\\\",\\\"f\\\":0,\\\"fnId\\\":\\\"2379\\\",\\\"by\\\":\\\"Killmonger.Migration.MapInWalmartInvUpdates\\\",\\\"at\\\":\\\"2019-07-29T05:41:52.548+00:00\\\",\\\"invUssn\\\":0,\\\"isInf\\\":false,\\\"ifa\\\":true,\\\"martAvail\\\":[{\\\"martId\\\":\\\"21\\\",\\\"ia\\\":true},{\\\"martId\\\":\\\"0\\\",\\\"ia\\\":true}],\\\"clt\\\":\\\"WoJ\\\"}\"}"}
{"id":"32DE0D41AE2C4CCDB5E0BBD41D01792B","table":"killmonger_events_table","keyspace":"msku","timestamp":"2019-07-29T05:45:03.494Z","clusteringKeys":["2379","vbIdSellingIdInventoryUpdated/1","1564378912"],"changedColumns":["selling_id","fulfillment_node_id","event_type","update_at","stream_sequence_number","event_data"],"record":"{\"selling_id\":\"32DE0D41AE2C4CCDB5E0BBD41D01792B\",\"fulfillment_node_id\":\"2379\",\"event_type\":\"vbIdSellingIdInventoryUpdated/1\",\"update_at\":1564378912,\"stream_sequence_number\":118,\"event_data\":\"{\\\"id\\\":\\\"836c7552c8984b23999f32e2736845b1\\\",\\\"vbId\\\":\\\"PantherMigrationVbId\\\",\\\"sellingId\\\":\\\"32DE0D41AE2C4CCDB5E0BBD41D01792B\\\",\\\"merchantId\\\":\\\"9fc08905039048918982091f266c2a29\\\",\\\"skuId\\\":\\\"PantherMigrationSkuId\\\",\\\"f\\\":0,\\\"fnId\\\":\\\"2379\\\",\\\"by\\\":\\\"Killmonger.Migration.MapInWalmartInvUpdates\\\",\\\"at\\\":\\\"2019-07-29T05:41:52.548+00:00\\\",\\\"invUssn\\\":0,\\\"isInf\\\":false,\\\"ifa\\\":true,\\\"martAvail\\\":[{\\\"martId\\\":\\\"21\\\",\\\"ia\\\":true},{\\\"martId\\\":\\\"0\\\",\\\"ia\\\":true}],\\\"clt\\\":\\\"WoJ\\\"}\"}"}
{"id":"ce1668dcd74f40baa899546bedee7e33","table":"killmonger_events_table","keyspace":"msku","timestamp":"2019-07-29T05:45:02.445Z","clusteringKeys":["fb72b6f9c1e54625a551711f6ee72714","vbIdSellingIdInventoryUpdated/1","1564378274"],"changedColumns":["selling_id","fulfillment_node_id","event_type","update_at","stream_sequence_number","event_data"],"record":"{\"selling_id\":\"ce1668dcd74f40baa899546bedee7e33\",\"fulfillment_node_id\":\"fb72b6f9c1e54625a551711f6ee72714\",\"event_type\":\"vbIdSellingIdInventoryUpdated/1\",\"update_at\":1564378274,\"stream_sequence_number\":41,\"event_data\":\"{\\\"id\\\":\\\"ab2a5f707f474a519ebab8126c46faf7\\\",\\\"vbId\\\":\\\"ce1668dcd74f40baa899546bedee7e33\\\",\\\"sellingId\\\":\\\"ce1668dcd74f40baa899546bedee7e33\\\",\\\"merchantId\\\":\\\"e43cf7756d0b4ba8a4e9046774656ce8\\\",\\\"skuId\\\":\\\"ce1668dcd74f40baa899546bedee7e33\\\",\\\"f\\\":95,\\\"fnId\\\":\\\"fb72b6f9c1e54625a551711f6ee72714\\\",\\\"fnType\\\":\\\"wolverine\\\",\\\"by\\\":\\\"Vibranium\\\",\\\"at\\\":\\\"2019-07-29T05:31:14+00:00\\\",\\\"invUssn\\\":49,\\\"isInf\\\":false,\\\"ifa\\\":true,\\\"martAvail\\\":[{\\\"martId\\\":\\\"21\\\",\\\"ia\\\":true}],\\\"clt\\\":\\\"JoJ\\\"}\"}"}
{"id":"913DAC981DAD44868E0BA724F375B780","table":"killmonger_events_table","keyspace":"msku","timestamp":"2019-07-29T05:45:02.446Z","clusteringKeys":["8302","vbIdSellingIdInventoryUpdated/1","1564378913"],"changedColumns":["selling_id","fulfillment_node_id","event_type","update_at","stream_sequence_number","event_data"],"record":"{\"selling_id\":\"913DAC981DAD44868E0BA724F375B780\",\"fulfillment_node_id\":\"8302\",\"event_type\":\"vbIdSellingIdInventoryUpdated/1\",\"update_at\":1564378913,\"stream_sequence_number\":144,\"event_data\":\"{\\\"id\\\":\\\"ab91a5b047c24c80a8c1720d5e8731af\\\",\\\"vbId\\\":\\\"PantherMigrationVbId\\\",\\\"sellingId\\\":\\\"913DAC981DAD44868E0BA724F375B780\\\",\\\"merchantId\\\":\\\"9fc08905039048918982091f266c2a29\\\",\\\"skuId\\\":\\\"PantherMigrationSkuId\\\",\\\"f\\\":0,\\\"fnId\\\":\\\"8302\\\",\\\"by\\\":\\\"Killmonger.Migration.MapInWalmartInvUpdates\\\",\\\"at\\\":\\\"2019-07-29T05:41:53.275+00:00\\\",\\\"invUssn\\\":0,\\\"isInf\\\":false,\\\"ifa\\\":true,\\\"martAvail\\\":[{\\\"martId\\\":\\\"21\\\",\\\"ia\\\":true},{\\\"martId\\\":\\\"0\\\",\\\"ia\\\":true}],\\\"clt\\\":\\\"WoJ\\\"}\"}"}
{"id":"913DAC981DAD44868E0BA724F375B780","table":"killmonger_events_table","keyspace":"msku","timestamp":"2019-07-29T05:45:02.446Z","clusteringKeys":["8302","vbIdSellingIdInventoryUpdated/1","1564378913"],"changedColumns":["selling_id","fulfillment_node_id","event_type","update_at","stream_sequence_number","event_data"],"record":"{\"selling_id\":\"913DAC981DAD44868E0BA724F375B780\",\"fulfillment_node_id\":\"8302\",\"event_type\":\"vbIdSellingIdInventoryUpdated/1\",\"update_at\":1564378913,\"stream_sequence_number\":145,\"event_data\":\"{\\\"id\\\":\\\"ab91a5b047c24c80a8c1720d5e8731af\\\",\\\"vbId\\\":\\\"PantherMigrationVbId\\\",\\\"sellingId\\\":\\\"913DAC981DAD44868E0BA724F375B780\\\",\\\"merchantId\\\":\\\"9fc08905039048918982091f266c2a29\\\",\\\"skuId\\\":\\\"PantherMigrationSkuId\\\",\\\"f\\\":0,\\\"fnId\\\":\\\"8302\\\",\\\"by\\\":\\\"Killmonger.Migration.MapInWalmartInvUpdates\\\",\\\"at\\\":\\\"2019-07-29T05:41:53.275+00:00\\\",\\\"invUssn\\\":0,\\\"isInf\\\":false,\\\"ifa\\\":true,\\\"martAvail\\\":[{\\\"martId\\\":\\\"21\\\",\\\"ia\\\":true},{\\\"martId\\\":\\\"0\\\",\\\"ia\\\":true}],\\\"clt\\\":\\\"WoJ\\\"}\"}"}
{"id":"A3158DED676D49C48DD65A54E3A8C8C9","table":"killmonger_events_table","keyspace":"msku","timestamp":"2019-07-29T05:44:37.032Z","clusteringKeys":["6559","vbIdSellingIdInventoryUpdated/1","1564378910"],"changedColumns":["selling_id","fulfillment_node_id","event_type","update_at","stream_sequence_number","event_data"],"record":"{\"selling_id\":\"A3158DED676D49C48DD65A54E3A8C8C9\",\"fulfillment_node_id\":\"6559\",\"event_type\":\"vbIdSellingIdInventoryUpdated/1\",\"update_at\":1564378910,\"stream_sequence_number\":156,\"event_data\":\"{\\\"id\\\":\\\"440c2f6cc0314899b0a37e2d166ca4ba\\\",\\\"vbId\\\":\\\"PantherMigrationVbId\\\",\\\"sellingId\\\":\\\"A3158DED676D49C48DD65A54E3A8C8C9\\\",\\\"merchantId\\\":\\\"9fc08905039048918982091f266c2a29\\\",\\\"skuId\\\":\\\"PantherMigrationSkuId\\\",\\\"f\\\":0,\\\"fnId\\\":\\\"6559\\\",\\\"by\\\":\\\"Killmonger.Migration.MapInWalmartInvUpdates\\\",\\\"at\\\":\\\"2019-07-29T05:41:50.535+00:00\\\",\\\"invUssn\\\":0,\\\"isInf\\\":false,\\\"ifa\\\":true,\\\"martAvail\\\":[{\\\"martId\\\":\\\"21\\\",\\\"ia\\\":true},{\\\"martId\\\":\\\"0\\\",\\\"ia\\\":true}],\\\"clt\\\":\\\"WoJ\\\"}\"}"}
{"id":"46FDB87366C24502ABEF42E675F1AD07","table":"killmonger_events_table","keyspace":"msku","timestamp":"2019-07-29T05:45:02.450Z","clusteringKeys":["2750","vbIdSellingIdInventoryUpdated/1","1564375586"],"changedColumns":["selling_id","fulfillment_node_id","event_type","update_at","stream_sequence_number","event_data"],"record":"{\"selling_id\":\"46FDB87366C24502ABEF42E675F1AD07\",\"fulfillment_node_id\":\"2750\",\"event_type\":\"vbIdSellingIdInventoryUpdated/1\",\"update_at\":1564375586,\"stream_sequence_number\":87,\"event_data\":\"{\\\"id\\\":\\\"23a728e2b115446b9e56b0bbceb2b81d\\\",\\\"vbId\\\":\\\"PantherMigrationVbId\\\",\\\"sellingId\\\":\\\"46FDB87366C24502ABEF42E675F1AD07\\\",\\\"merchantId\\\":\\\"9fc08905039048918982091f266c2a29\\\",\\\"skuId\\\":\\\"PantherMigrationSkuId\\\",\\\"f\\\":0,\\\"fnId\\\":\\\"2750\\\",\\\"by\\\":\\\"Killmonger.Migration.MapInWalmartInvUpdates\\\",\\\"at\\\":\\\"2019-07-29T04:46:26.552+00:00\\\",\\\"invUssn\\\":0,\\\"isInf\\\":false,\\\"ifa\\\":true,\\\"martAvail\\\":[{\\\"martId\\\":\\\"21\\\",\\\"ia\\\":true},{\\\"martId\\\":\\\"0\\\",\\\"ia\\\":true}],\\\"clt\\\":\\\"WoJ\\\"}\"}"}
{"id":"0cbc46693607403c85867681bed14b79","table":"killmonger_events_table","keyspace":"msku","timestamp":"2019-07-29T05:45:03.505Z","clusteringKeys":["08c32e10e6dc4876af330b6b0d283d9b","vbIdSellingIdInventoryUpdated/1","1564375249"],"changedColumns":["selling_id","fulfillment_node_id","event_type","update_at","stream_sequence_number","event_data"],"record":"{\"selling_id\":\"0cbc46693607403c85867681bed14b79\",\"fulfillment_node_id\":\"08c32e10e6dc4876af330b6b0d283d9b\",\"event_type\":\"vbIdSellingIdInventoryUpdated/1\",\"update_at\":1564375249,\"stream_sequence_number\":144,\"event_data\":\"{\\\"id\\\":\\\"5537a9000c654608a0650770ba1dd23b\\\",\\\"vbId\\\":\\\"0cbc46693607403c85867681bed14b79\\\",\\\"sellingId\\\":\\\"0cbc46693607403c85867681bed14b79\\\",\\\"merchantId\\\":\\\"2a7a1901bdd942dba1121c0c81dc54b1\\\",\\\"skuId\\\":\\\"0cbc46693607403c85867681bed14b79\\\",\\\"f\\\":3,\\\"fnId\\\":\\\"08c32e10e6dc4876af330b6b0d283d9b\\\",\\\"fnType\\\":\\\"wolverine\\\",\\\"by\\\":\\\"Vibranium\\\",\\\"at\\\":\\\"2019-07-29T04:40:49+00:00\\\",\\\"invUssn\\\":122,\\\"isInf\\\":false,\\\"ifa\\\":true,\\\"martAvail\\\":[{\\\"martId\\\":\\\"21\\\",\\\"ia\\\":true}],\\\"clt\\\":\\\"JoJ\\\"}\"}"}
{"id":"25854d6ac60a4e18875cdb6914f0709f","table":"killmonger_events_table","keyspace":"msku","timestamp":"2019-07-29T05:40:44.690Z","clusteringKeys":["2b8139331b8d4f0cbe92086b7bb94928","vbIdSellingIdInventoryUpdated/1","1564378144"],"changedColumns":["selling_id","fulfillment_node_id","event_type","update_at","stream_sequence_number","event_data"],"record":"{\"selling_id\":\"25854d6ac60a4e18875cdb6914f0709f\",\"fulfillment_node_id\":\"2b8139331b8d4f0cbe92086b7bb94928\",\"event_type\":\"vbIdSellingIdInventoryUpdated/1\",\"update_at\":1564378144,\"stream_sequence_number\":367,\"event_data\":\"{\\\"id\\\":\\\"a11556da233b4a50a44302f32239848b\\\",\\\"vbId\\\":\\\"25854d6ac60a4e18875cdb6914f0709f\\\",\\\"sellingId\\\":\\\"25854d6ac60a4e18875cdb6914f0709f\\\",\\\"merchantId\\\":\\\"cb6c7ae5e97c4fac955c07296ff32dc7\\\",\\\"skuId\\\":\\\"25854d6ac60a4e18875cdb6914f0709f\\\",\\\"f\\\":99,\\\"fnId\\\":\\\"2b8139331b8d4f0cbe92086b7bb94928\\\",\\\"fnType\\\":\\\"wolverine\\\",\\\"by\\\":\\\"Vibranium\\\",\\\"at\\\":\\\"2019-07-29T05:29:04+00:00\\\",\\\"invUssn\\\":407,\\\"isInf\\\":false,\\\"ifa\\\":true,\\\"martAvail\\\":[{\\\"martId\\\":\\\"21\\\",\\\"ia\\\":true}],\\\"clt\\\":\\\"JoJ\\\"}\"}"}
{"id":"0D2D14354F2D4434939FB41C1B28B1A1","table":"killmonger_events_table","keyspace":"msku","timestamp":"2019-07-29T05:45:03.505Z","clusteringKeys":["10000005621","updateVbIdSellingIdInventorySkipped/1","1564375655"],"changedColumns":["selling_id","fulfillment_node_id","event_type","update_at","stream_sequence_number","event_data"],"record":"{\"selling_id\":\"0D2D14354F2D4434939FB41C1B28B1A1\",\"fulfillment_node_id\":\"10000005621\",\"event_type\":\"updateVbIdSellingIdInventorySkipped/1\",\"update_at\":1564375655,\"stream_sequence_number\":9607,\"event_data\":\"{\\\"id\\\":\\\"24f0ea7baaa942eca7afad2ffb1cbe8b\\\",\\\"vbId\\\":\\\"12190-5473\\\",\\\"sellingId\\\":\\\"0D2D14354F2D4434939FB41C1B28B1A1\\\",\\\"merchantId\\\":\\\"5473\\\",\\\"skuId\\\":\\\"12190\\\",\\\"f\\\":10,\\\"fnId\\\":\\\"10000005621\\\",\\\"fnType\\\":\\\"MARKETPLACE\\\",\\\"by\\\":\\\"Vibranium\\\",\\\"at\\\":\\\"2019-07-29T04:47:35+00:00\\\",\\\"invUssn\\\":8013,\\\"catUssn\\\":3,\\\"isInf\\\":false}\"}"}
{"id":"23D390817100492681B18AC7A2B87555","table":"killmonger_events_table","keyspace":"msku","timestamp":"2019-07-29T05:44:37.033Z","clusteringKeys":["3559","vbIdSellingIdInventoryUpdated/1","1564378911"],"changedColumns":["selling_id","fulfillment_node_id","event_type","update_at","stream_sequence_number","event_data"],"record":"{\"selling_id\":\"23D390817100492681B18AC7A2B87555\",\"fulfillment_node_id\":\"3559\",\"event_type\":\"vbIdSellingIdInventoryUpdated/1\",\"update_at\":1564378911,\"stream_sequence_number\":127,\"event_data\":\"{\\\"id\\\":\\\"5b4aa0aa59074f249da2210a30125738\\\",\\\"vbId\\\":\\\"PantherMigrationVbId\\\",\\\"sellingId\\\":\\\"23D390817100492681B18AC7A2B87555\\\",\\\"merchantId\\\":\\\"9fc08905039048918982091f266c2a29\\\",\\\"skuId\\\":\\\"PantherMigrationSkuId\\\",\\\"f\\\":0,\\\"fnId\\\":\\\"3559\\\",\\\"by\\\":\\\"Killmonger.Migration.MapInWalmartInvUpdates\\\",\\\"at\\\":\\\"2019-07-29T05:41:51.098+00:00\\\",\\\"invUssn\\\":0,\\\"isInf\\\":false,\\\"ifa\\\":true,\\\"martAvail\\\":[{\\\"martId\\\":\\\"21\\\",\\\"ia\\\":true},{\\\"martId\\\":\\\"0\\\",\\\"ia\\\":true}],\\\"clt\\\":\\\"WoJ\\\"}\"}"}
{"id":"4946319F4EB44CF984FAE10D1DE6317C","table":"killmonger_events_table","keyspace":"msku","timestamp":"2019-07-29T05:45:03.508Z","clusteringKeys":["5868","vbIdSellingIdInventoryUpdated/1","1564376138"],"changedColumns":["selling_id","fulfillment_node_id","event_type","update_at","stream_sequence_number","event_data"],"record":"{\"selling_id\":\"4946319F4EB44CF984FAE10D1DE6317C\",\"fulfillment_node_id\":\"5868\",\"event_type\":\"vbIdSellingIdInventoryUpdated/1\",\"update_at\":1564376138,\"stream_sequence_number\":131,\"event_data\":\"{\\\"id\\\":\\\"3a76898295c04bd888f156cf53ccae78\\\",\\\"vbId\\\":\\\"PantherMigrationVbId\\\",\\\"sellingId\\\":\\\"4946319F4EB44CF984FAE10D1DE6317C\\\",\\\"merchantId\\\":\\\"9fc08905039048918982091f266c2a29\\\",\\\"skuId\\\":\\\"PantherMigrationSkuId\\\",\\\"f\\\":0,\\\"fnId\\\":\\\"5868\\\",\\\"by\\\":\\\"Killmonger.Migration.MapInWalmartInvUpdates\\\",\\\"at\\\":\\\"2019-07-29T04:55:38.04+00:00\\\",\\\"invUssn\\\":0,\\\"isInf\\\":false,\\\"ifa\\\":true,\\\"martAvail\\\":[{\\\"martId\\\":\\\"21\\\",\\\"ia\\\":true},{\\\"martId\\\":\\\"0\\\",\\\"ia\\\":true}],\\\"clt\\\":\\\"WoJ\\\"}\"}"}
{"id":"9C335AED6D3543ABA72D9FA40CC778AC","table":"killmonger_events_table","keyspace":"msku","timestamp":"2019-07-29T05:40:44.697Z","clusteringKeys":["3373","vbIdSellingIdInventoryUpdated/1","1564378913"],"changedColumns":["selling_id","fulfillment_node_id","event_type","update_at","stream_sequence_number","event_data"],"record":"{\"selling_id\":\"9C335AED6D3543ABA72D9FA40CC778AC\",\"fulfillment_node_id\":\"3373\",\"event_type\":\"vbIdSellingIdInventoryUpdated/1\",\"update_at\":1564378913,\"stream_sequence_number\":125,\"event_data\":\"{\\\"id\\\":\\\"7930d15c0b874488b7bd101ec71809b0\\\",\\\"vbId\\\":\\\"PantherMigrationVbId\\\",\\\"sellingId\\\":\\\"9C335AED6D3543ABA72D9FA40CC778AC\\\",\\\"merchantId\\\":\\\"9fc08905039048918982091f266c2a29\\\",\\\"skuId\\\":\\\"PantherMigrationSkuId\\\",\\\"f\\\":0,\\\"fnId\\\":\\\"3373\\\",\\\"by\\\":\\\"Killmonger.Migration.MapInWalmartInvUpdates\\\",\\\"at\\\":\\\"2019-07-29T05:41:53.038+00:00\\\",\\\"invUssn\\\":0,\\\"isInf\\\":false,\\\"ifa\\\":true,\\\"martAvail\\\":[{\\\"martId\\\":\\\"21\\\",\\\"ia\\\":true},{\\\"martId\\\":\\\"0\\\",\\\"ia\\\":true}],\\\"clt\\\":\\\"WoJ\\\"}\"}"}
{"id":"B775446CF71F4CD9A3BF6BE70DB7BF15","table":"killmonger_events_table","keyspace":"msku","timestamp":"2019-07-29T05:45:02.462Z","clusteringKeys":["2623","vbIdSellingIdInventoryUpdated/1","1564378910"],"changedColumns":["selling_id","fulfillment_node_id","event_type","update_at","stream_sequence_number","event_data"],"record":"{\"selling_id\":\"B775446CF71F4CD9A3BF6BE70DB7BF15\",\"fulfillment_node_id\":\"2623\",\"event_type\":\"vbIdSellingIdInventoryUpdated/1\",\"update_at\":1564378910,\"stream_sequence_number\":125,\"event_data\":\"{\\\"id\\\":\\\"71d976e672094e388d39d71aec0d177d\\\",\\\"vbId\\\":\\\"PantherMigrationVbId\\\",\\\"sellingId\\\":\\\"B775446CF71F4CD9A3BF6BE70DB7BF15\\\",\\\"merchantId\\\":\\\"9fc08905039048918982091f266c2a29\\\",\\\"skuId\\\":\\\"PantherMigrationSkuId\\\",\\\"f\\\":0,\\\"fnId\\\":\\\"2623\\\",\\\"by\\\":\\\"Killmonger.Migration.MapInWalmartInvUpdates\\\",\\\"at\\\":\\\"2019-07-29T05:41:50.804+00:00\\\",\\\"invUssn\\\":0,\\\"isInf\\\":false,\\\"ifa\\\":true,\\\"martAvail\\\":[{\\\"martId\\\":\\\"21\\\",\\\"ia\\\":true},{\\\"martId\\\":\\\"0\\\",\\\"ia\\\":true}],\\\"clt\\\":\\\"WoJ\\\"}\"}"}
{"id":"B775446CF71F4CD9A3BF6BE70DB7BF15","table":"killmonger_events_table","keyspace":"msku","timestamp":"2019-07-29T05:45:02.462Z","clusteringKeys":["2623","vbIdSellingIdInventoryUpdated/1","1564378910"],"changedColumns":["selling_id","fulfillment_node_id","event_type","update_at","stream_sequence_number","event_data"],"record":"{\"selling_id\":\"B775446CF71F4CD9A3BF6BE70DB7BF15\",\"fulfillment_node_id\":\"2623\",\"event_type\":\"vbIdSellingIdInventoryUpdated/1\",\"update_at\":1564378910,\"stream_sequence_number\":126,\"event_data\":\"{\\\"id\\\":\\\"71d976e672094e388d39d71aec0d177d\\\",\\\"vbId\\\":\\\"PantherMigrationVbId\\\",\\\"sellingId\\\":\\\"B775446CF71F4CD9A3BF6BE70DB7BF15\\\",\\\"merchantId\\\":\\\"9fc08905039048918982091f266c2a29\\\",\\\"skuId\\\":\\\"PantherMigrationSkuId\\\",\\\"f\\\":0,\\\"fnId\\\":\\\"2623\\\",\\\"by\\\":\\\"Killmonger.Migration.MapInWalmartInvUpdates\\\",\\\"at\\\":\\\"2019-07-29T05:41:50.804+00:00\\\",\\\"invUssn\\\":0,\\\"isInf\\\":false,\\\"ifa\\\":true,\\\"martAvail\\\":[{\\\"martId\\\":\\\"21\\\",\\\"ia\\\":true},{\\\"martId\\\":\\\"0\\\",\\\"ia\\\":true}],\\\"clt\\\":\\\"WoJ\\\"}\"}"}
{"id":"5a2f7414c85b41049b50465e8b4b70e1","table":"killmonger_events_table","keyspace":"msku","timestamp":"2019-07-29T05:40:44.703Z","clusteringKeys":["fb72b6f9c1e54625a551711f6ee72714","vbIdSellingIdInventoryUpdated/1","1564378274"],"changedColumns":["selling_id","fulfillment_node_id","event_type","update_at","stream_sequence_number","event_data"],"record":"{\"selling_id\":\"5a2f7414c85b41049b50465e8b4b70e1\",\"fulfillment_node_id\":\"fb72b6f9c1e54625a551711f6ee72714\",\"event_type\":\"vbIdSellingIdInventoryUpdated/1\",\"update_at\":1564378274,\"stream_sequence_number\":37,\"event_data\":\"{\\\"id\\\":\\\"2bb05081b35f43f1b0c85a5aab804e18\\\",\\\"vbId\\\":\\\"5a2f7414c85b41049b50465e8b4b70e1\\\",\\\"sellingId\\\":\\\"5a2f7414c85b41049b50465e8b4b70e1\\\",\\\"merchantId\\\":\\\"e43cf7756d0b4ba8a4e9046774656ce8\\\",\\\"skuId\\\":\\\"5a2f7414c85b41049b50465e8b4b70e1\\\",\\\"f\\\":98,\\\"fnId\\\":\\\"fb72b6f9c1e54625a551711f6ee72714\\\",\\\"fnType\\\":\\\"wolverine\\\",\\\"by\\\":\\\"Vibranium\\\",\\\"at\\\":\\\"2019-07-29T05:31:14+00:00\\\",\\\"invUssn\\\":48,\\\"isInf\\\":false,\\\"ifa\\\":true,\\\"martAvail\\\":[{\\\"martId\\\":\\\"21\\\",\\\"ia\\\":true}],\\\"clt\\\":\\\"JoJ\\\"}\"}"}
{"id":"0684389ae501489fbeea3d4c837dbbf1","table":"killmonger_events_table","keyspace":"msku","timestamp":"2019-07-29T05:40:44.703Z","clusteringKeys":["fb72b6f9c1e54625a551711f6ee72714","vbIdSellingIdInventoryUpdated/1","1564378274"],"changedColumns":["selling_id","fulfillment_node_id","event_type","update_at","stream_sequence_number","event_data"],"record":"{\"selling_id\":\"0684389ae501489fbeea3d4c837dbbf1\",\"fulfillment_node_id\":\"fb72b6f9c1e54625a551711f6ee72714\",\"event_type\":\"vbIdSellingIdInventoryUpdated/1\",\"update_at\":1564378274,\"stream_sequence_number\":40,\"event_data\":\"{\\\"id\\\":\\\"934553ff8e764cfb977f70d67a888cb2\\\",\\\"vbId\\\":\\\"0684389ae501489fbeea3d4c837dbbf1\\\",\\\"sellingId\\\":\\\"0684389ae501489fbeea3d4c837dbbf1\\\",\\\"merchantId\\\":\\\"e43cf7756d0b4ba8a4e9046774656ce8\\\",\\\"skuId\\\":\\\"0684389ae501489fbeea3d4c837dbbf1\\\",\\\"f\\\":102,\\\"fnId\\\":\\\"fb72b6f9c1e54625a551711f6ee72714\\\",\\\"fnType\\\":\\\"wolverine\\\",\\\"by\\\":\\\"Vibranium\\\",\\\"at\\\":\\\"2019-07-29T05:31:14+00:00\\\",\\\"invUssn\\\":46,\\\"isInf\\\":false,\\\"ifa\\\":true,\\\"martAvail\\\":[{\\\"martId\\\":\\\"21\\\",\\\"ia\\\":true}],\\\"clt\\\":\\\"JoJ\\\"}\"}"}
{"id":"0684389ae501489fbeea3d4c837dbbf1","table":"killmonger_events_table","keyspace":"msku","timestamp":"2019-07-29T05:40:44.703Z","clusteringKeys":["fb72b6f9c1e54625a551711f6ee72714","updateVbIdSellingIdInventorySkipped/1","1564378274"],"changedColumns":["selling_id","fulfillment_node_id","event_type","update_at","stream_sequence_number","event_data"],"record":"{\"selling_id\":\"0684389ae501489fbeea3d4c837dbbf1\",\"fulfillment_node_id\":\"fb72b6f9c1e54625a551711f6ee72714\",\"event_type\":\"updateVbIdSellingIdInventorySkipped/1\",\"update_at\":1564378274,\"stream_sequence_number\":41,\"event_data\":\"{\\\"id\\\":\\\"934553ff8e764cfb977f70d67a888cb2\\\",\\\"vbId\\\":\\\"0684389ae501489fbeea3d4c837dbbf1\\\",\\\"sellingId\\\":\\\"0684389ae501489fbeea3d4c837dbbf1\\\",\\\"merchantId\\\":\\\"e43cf7756d0b4ba8a4e9046774656ce8\\\",\\\"skuId\\\":\\\"0684389ae501489fbeea3d4c837dbbf1\\\",\\\"f\\\":102,\\\"fnId\\\":\\\"fb72b6f9c1e54625a551711f6ee72714\\\",\\\"fnType\\\":\\\"wolverine\\\",\\\"by\\\":\\\"Vibranium\\\",\\\"at\\\":\\\"2019-07-29T05:31:14+00:00\\\",\\\"invUssn\\\":46,\\\"isInf\\\":false}\"}"}
{"id":"87d21bee6193448eb97cb9b50d558ccb","table":"killmonger_events_table","keyspace":"msku","timestamp":"2019-07-29T05:44:37.051Z","clusteringKeys":["1ad6147479b841849d63874b2a9e6552","updateVbIdSellingIdInventorySkipped/1","1564378021"],"changedColumns":["selling_id","fulfillment_node_id","event_type","update_at","stream_sequence_number","event_data"],"record":"{\"selling_id\":\"87d21bee6193448eb97cb9b50d558ccb\",\"fulfillment_node_id\":\"1ad6147479b841849d63874b2a9e6552\",\"event_type\":\"updateVbIdSellingIdInventorySkipped/1\",\"update_at\":1564378021,\"stream_sequence_number\":2537,\"event_data\":\"{\\\"id\\\":\\\"0dda47eee77f4ec8a42165abc58409d6\\\",\\\"vbId\\\":\\\"87d21bee6193448eb97cb9b50d558ccb\\\",\\\"sellingId\\\":\\\"87d21bee6193448eb97cb9b50d558ccb\\\",\\\"merchantId\\\":\\\"a1cd8976329a41ae85739f65376fc756\\\",\\\"skuId\\\":\\\"87d21bee6193448eb97cb9b50d558ccb\\\",\\\"f\\\":21,\\\"fnId\\\":\\\"1ad6147479b841849d63874b2a9e6552\\\",\\\"fnType\\\":\\\"wolverine\\\",\\\"by\\\":\\\"Vibranium\\\",\\\"at\\\":\\\"2019-07-29T05:27:01+00:00\\\",\\\"invUssn\\\":2071,\\\"isInf\\\":false}\"}"}
{"id":"87d21bee6193448eb97cb9b50d558ccb","table":"killmonger_events_table","keyspace":"msku","timestamp":"2019-07-29T05:44:37.051Z","clusteringKeys":["1ad6147479b841849d63874b2a9e6552","vbIdSellingIdInventoryUpdated/1","1564378021"],"changedColumns":["selling_id","fulfillment_node_id","event_type","update_at","stream_sequence_number","event_data"],"record":"{\"selling_id\":\"87d21bee6193448eb97cb9b50d558ccb\",\"fulfillment_node_id\":\"1ad6147479b841849d63874b2a9e6552\",\"event_type\":\"vbIdSellingIdInventoryUpdated/1\",\"update_at\":1564378021,\"stream_sequence_number\":2538,\"event_data\":\"{\\\"id\\\":\\\"96221d336fc74b589e135be76b811044\\\",\\\"vbId\\\":\\\"87d21bee6193448eb97cb9b50d558ccb\\\",\\\"sellingId\\\":\\\"87d21bee6193448eb97cb9b50d558ccb\\\",\\\"merchantId\\\":\\\"a1cd8976329a41ae85739f65376fc756\\\",\\\"skuId\\\":\\\"87d21bee6193448eb97cb9b50d558ccb\\\",\\\"f\\\":21,\\\"fnId\\\":\\\"1ad6147479b841849d63874b2a9e6552\\\",\\\"fnType\\\":\\\"wolverine\\\",\\\"by\\\":\\\"Vibranium\\\",\\\"at\\\":\\\"2019-07-29T05:27:01+00:00\\\",\\\"invUssn\\\":2072,\\\"isInf\\\":false,\\\"ifa\\\":true,\\\"martAvail\\\":[{\\\"martId\\\":\\\"21\\\",\\\"ia\\\":true}],\\\"clt\\\":\\\"JoJ\\\"}\"}"}
{"id":"87d21bee6193448eb97cb9b50d558ccb","table":"killmonger_events_table","keyspace":"msku","timestamp":"2019-07-29T05:44:37.051Z","clusteringKeys":["1ad6147479b841849d63874b2a9e6552","vbIdSellingIdInventoryUpdated/1","1564378021"],"changedColumns":["selling_id","fulfillment_node_id","event_type","update_at","stream_sequence_number","event_data"],"record":"{\"selling_id\":\"87d21bee6193448eb97cb9b50d558ccb\",\"fulfillment_node_id\":\"1ad6147479b841849d63874b2a9e6552\",\"event_type\":\"vbIdSellingIdInventoryUpdated/1\",\"update_at\":1564378021,\"stream_sequence_number\":2539,\"event_data\":\"{\\\"id\\\":\\\"be38a4e661ec42b3ac0bb3b0e7aecce4\\\",\\\"vbId\\\":\\\"87d21bee6193448eb97cb9b50d558ccb\\\",\\\"sellingId\\\":\\\"87d21bee6193448eb97cb9b50d558ccb\\\",\\\"merchantId\\\":\\\"a1cd8976329a41ae85739f65376fc756\\\",\\\"skuId\\\":\\\"87d21bee6193448eb97cb9b50d558ccb\\\",\\\"f\\\":21,\\\"fnId\\\":\\\"1ad6147479b841849d63874b2a9e6552\\\",\\\"fnType\\\":\\\"wolverine\\\",\\\"by\\\":\\\"Vibranium\\\",\\\"at\\\":\\\"2019-07-29T05:27:01+00:00\\\",\\\"invUssn\\\":2073,\\\"isInf\\\":false,\\\"ifa\\\":true,\\\"martAvail\\\":[{\\\"martId\\\":\\\"21\\\",\\\"ia\\\":true}],\\\"clt\\\":\\\"JoJ\\\"}\"}"}
{"id":"50313D664751443DB0272AE3E2A487E8","table":"killmonger_events_table","keyspace":"msku","timestamp":"2019-07-29T05:45:02.467Z","clusteringKeys":["6559","vbIdSellingIdInventoryUpdated/1","1564378909"],"changedColumns":["selling_id","fulfillment_node_id","event_type","update_at","stream_sequence_number","event_data"],"record":"{\"selling_id\":\"50313D664751443DB0272AE3E2A487E8\",\"fulfillment_node_id\":\"6559\",\"event_type\":\"vbIdSellingIdInventoryUpdated/1\",\"update_at\":1564378909,\"stream_sequence_number\":134,\"event_data\":\"{\\\"id\\\":\\\"88b88afbb86a48b8a0224b3e3ae7fdb0\\\",\\\"vbId\\\":\\\"PantherMigrationVbId\\\",\\\"sellingId\\\":\\\"50313D664751443DB0272AE3E2A487E8\\\",\\\"merchantId\\\":\\\"9fc08905039048918982091f266c2a29\\\",\\\"skuId\\\":\\\"PantherMigrationSkuId\\\",\\\"f\\\":0,\\\"fnId\\\":\\\"6559\\\",\\\"by\\\":\\\"Killmonger.Migration.MapInWalmartInvUpdates\\\",\\\"at\\\":\\\"2019-07-29T05:41:49.092+00:00\\\",\\\"invUssn\\\":0,\\\"isInf\\\":false,\\\"ifa\\\":true,\\\"martAvail\\\":[{\\\"martId\\\":\\\"21\\\",\\\"ia\\\":true},{\\\"martId\\\":\\\"0\\\",\\\"ia\\\":true}],\\\"clt\\\":\\\"WoJ\\\"}\"}"}
{"id":"50313D664751443DB0272AE3E2A487E8","table":"killmonger_events_table","keyspace":"msku","timestamp":"2019-07-29T05:45:02.468Z","clusteringKeys":["6559","vbIdSellingIdInventoryUpdated/1","1564378909"],"changedColumns":["selling_id","fulfillment_node_id","event_type","update_at","stream_sequence_number","event_data"],"record":"{\"selling_id\":\"50313D664751443DB0272AE3E2A487E8\",\"fulfillment_node_id\":\"6559\",\"event_type\":\"vbIdSellingIdInventoryUpdated/1\",\"update_at\":1564378909,\"stream_sequence_number\":135,\"event_data\":\"{\\\"id\\\":\\\"88b88afbb86a48b8a0224b3e3ae7fdb0\\\",\\\"vbId\\\":\\\"PantherMigrationVbId\\\",\\\"sellingId\\\":\\\"50313D664751443DB0272AE3E2A487E8\\\",\\\"merchantId\\\":\\\"9fc08905039048918982091f266c2a29\\\",\\\"skuId\\\":\\\"PantherMigrationSkuId\\\",\\\"f\\\":0,\\\"fnId\\\":\\\"6559\\\",\\\"by\\\":\\\"Killmonger.Migration.MapInWalmartInvUpdates\\\",\\\"at\\\":\\\"2019-07-29T05:41:49.092+00:00\\\",\\\"invUssn\\\":0,\\\"isInf\\\":false,\\\"ifa\\\":true,\\\"martAvail\\\":[{\\\"martId\\\":\\\"21\\\",\\\"ia\\\":true},{\\\"martId\\\":\\\"0\\\",\\\"ia\\\":true}],\\\"clt\\\":\\\"WoJ\\\"}\"}"}
{"id":"AB5BC661B63941AA9D1756939BACB842","table":"killmonger_events_table","keyspace":"msku","timestamp":"2019-07-29T05:45:02.469Z","clusteringKeys":["4364","vbIdSellingIdInventoryUpdated/1","1564376138"],"changedColumns":["selling_id","fulfillment_node_id","event_type","update_at","stream_sequence_number","event_data"],"record":"{\"selling_id\":\"AB5BC661B63941AA9D1756939BACB842\",\"fulfillment_node_id\":\"4364\",\"event_type\":\"vbIdSellingIdInventoryUpdated/1\",\"update_at\":1564376138,\"stream_sequence_number\":139,\"event_data\":\"{\\\"id\\\":\\\"a58fc1f110b0432194d4108d9bb31de9\\\",\\\"vbId\\\":\\\"PantherMigrationVbId\\\",\\\"sellingId\\\":\\\"AB5BC661B63941AA9D1756939BACB842\\\",\\\"merchantId\\\":\\\"9fc08905039048918982091f266c2a29\\\",\\\"skuId\\\":\\\"PantherMigrationSkuId\\\",\\\"f\\\":0,\\\"fnId\\\":\\\"4364\\\",\\\"by\\\":\\\"Killmonger.Migration.MapInWalmartInvUpdates\\\",\\\"at\\\":\\\"2019-07-29T04:55:38.995+00:00\\\",\\\"invUssn\\\":0,\\\"isInf\\\":false,\\\"ifa\\\":true,\\\"martAvail\\\":[{\\\"martId\\\":\\\"21\\\",\\\"ia\\\":true},{\\\"martId\\\":\\\"0\\\",\\\"ia\\\":true}],\\\"clt\\\":\\\"WoJ\\\"}\"}"}
{"id":"266673543BC645A7BFF5C5C1C9FE9E9C","table":"killmonger_events_table","keyspace":"msku","timestamp":"2019-07-29T05:45:03.527Z","clusteringKeys":["4916","vbIdSellingIdInventoryUpdated/1","1564378911"],"changedColumns":["selling_id","fulfillment_node_id","event_type","update_at","stream_sequence_number","event_data"],"record":"{\"selling_id\":\"266673543BC645A7BFF5C5C1C9FE9E9C\",\"fulfillment_node_id\":\"4916\",\"event_type\":\"vbIdSellingIdInventoryUpdated/1\",\"update_at\":1564378911,\"stream_sequence_number\":132,\"event_data\":\"{\\\"id\\\":\\\"93414d16df984e4e9e213caa397adac2\\\",\\\"vbId\\\":\\\"PantherMigrationVbId\\\",\\\"sellingId\\\":\\\"266673543BC645A7BFF5C5C1C9FE9E9C\\\",\\\"merchantId\\\":\\\"9fc08905039048918982091f266c2a29\\\",\\\"skuId\\\":\\\"PantherMigrationSkuId\\\",\\\"f\\\":0,\\\"fnId\\\":\\\"4916\\\",\\\"by\\\":\\\"Killmonger.Migration.MapInWalmartInvUpdates\\\",\\\"at\\\":\\\"2019-07-29T05:41:51.603+00:00\\\",\\\"invUssn\\\":0,\\\"isInf\\\":false,\\\"ifa\\\":true,\\\"martAvail\\\":[{\\\"martId\\\":\\\"21\\\",\\\"ia\\\":true},{\\\"martId\\\":\\\"0\\\",\\\"ia\\\":true}],\\\"clt\\\":\\\"WoJ\\\"}\"}"}
{"id":"eea449d7de854c419c2a3474a6019657","table":"killmonger_events_table","keyspace":"msku","timestamp":"2019-07-29T05:45:03.529Z","clusteringKeys":["378fa8d396eb4525ae020e7ea9b47dfb","vbIdSellingIdInventoryUpdated/1","1564375034"],"changedColumns":["selling_id","fulfillment_node_id","event_type","update_at","stream_sequence_number","event_data"],"record":"{\"selling_id\":\"eea449d7de854c419c2a3474a6019657\",\"fulfillment_node_id\":\"378fa8d396eb4525ae020e7ea9b47dfb\",\"event_type\":\"vbIdSellingIdInventoryUpdated/1\",\"update_at\":1564375034,\"stream_sequence_number\":187,\"event_data\":\"{\\\"id\\\":\\\"1686e3951e884931aedd8f22c04b0004\\\",\\\"vbId\\\":\\\"eea449d7de854c419c2a3474a6019657\\\",\\\"sellingId\\\":\\\"eea449d7de854c419c2a3474a6019657\\\",\\\"merchantId\\\":\\\"bd814820151040dcaad13b773db12e73\\\",\\\"skuId\\\":\\\"eea449d7de854c419c2a3474a6019657\\\",\\\"f\\\":2,\\\"fnId\\\":\\\"378fa8d396eb4525ae020e7ea9b47dfb\\\",\\\"fnType\\\":\\\"wolverine\\\",\\\"by\\\":\\\"Vibranium\\\",\\\"at\\\":\\\"2019-07-29T04:37:14+00:00\\\",\\\"invUssn\\\":221,\\\"isInf\\\":false,\\\"ifa\\\":true,\\\"martAvail\\\":[{\\\"martId\\\":\\\"21\\\",\\\"ia\\\":true}],\\\"clt\\\":\\\"JoJ\\\"}\"}"}
{"id":"88c2cc98f533474993d70e43c001f7e1","table":"killmonger_events_table","keyspace":"msku","timestamp":"2019-07-29T05:45:03.529Z","clusteringKeys":["fb72b6f9c1e54625a551711f6ee72714","updateVbIdSellingIdInventorySkipped/1","1564374773"],"changedColumns":["selling_id","fulfillment_node_id","event_type","update_at","stream_sequence_number","event_data"],"record":"{\"selling_id\":\"88c2cc98f533474993d70e43c001f7e1\",\"fulfillment_node_id\":\"fb72b6f9c1e54625a551711f6ee72714\",\"event_type\":\"updateVbIdSellingIdInventorySkipped/1\",\"update_at\":1564374773,\"stream_sequence_number\":47,\"event_data\":\"{\\\"id\\\":\\\"66d05a02790247b586f610a15625584f\\\",\\\"vbId\\\":\\\"88c2cc98f533474993d70e43c001f7e1\\\",\\\"sellingId\\\":\\\"88c2cc98f533474993d70e43c001f7e1\\\",\\\"merchantId\\\":\\\"e43cf7756d0b4ba8a4e9046774656ce8\\\",\\\"skuId\\\":\\\"88c2cc98f533474993d70e43c001f7e1\\\",\\\"f\\\":68,\\\"fnId\\\":\\\"fb72b6f9c1e54625a551711f6ee72714\\\",\\\"fnType\\\":\\\"wolverine\\\",\\\"by\\\":\\\"Vibranium\\\",\\\"at\\\":\\\"2019-07-29T04:32:53+00:00\\\",\\\"invUssn\\\":48,\\\"isInf\\\":false}\"}"}
{"id":"88c2cc98f533474993d70e43c001f7e1","table":"killmonger_events_table","keyspace":"msku","timestamp":"2019-07-29T05:45:03.529Z","clusteringKeys":["fb72b6f9c1e54625a551711f6ee72714","updateVbIdSellingIdInventorySkipped/1","1564374773"],"changedColumns":["selling_id","fulfillment_node_id","event_type","update_at","stream_sequence_number","event_data"],"record":"{\"selling_id\":\"88c2cc98f533474993d70e43c001f7e1\",\"fulfillment_node_id\":\"fb72b6f9c1e54625a551711f6ee72714\",\"event_type\":\"updateVbIdSellingIdInventorySkipped/1\",\"update_at\":1564374773,\"stream_sequence_number\":48,\"event_data\":\"{\\\"id\\\":\\\"b5fde9ad033a4e91af282a4e8cf4bc77\\\",\\\"vbId\\\":\\\"88c2cc98f533474993d70e43c001f7e1\\\",\\\"sellingId\\\":\\\"88c2cc98f533474993d70e43c001f7e1\\\",\\\"merchantId\\\":\\\"e43cf7756d0b4ba8a4e9046774656ce8\\\",\\\"skuId\\\":\\\"88c2cc98f533474993d70e43c001f7e1\\\",\\\"f\\\":68,\\\"fnId\\\":\\\"fb72b6f9c1e54625a551711f6ee72714\\\",\\\"fnType\\\":\\\"wolverine\\\",\\\"by\\\":\\\"Vibranium\\\",\\\"at\\\":\\\"2019-07-29T04:32:53+00:00\\\",\\\"invUssn\\\":48,\\\"isInf\\\":false}\"}"}
{"id":"673dc48f0d344e52bb2b19b0eabdbc22","table":"killmonger_events_table","keyspace":"msku","timestamp":"2019-07-29T05:45:03.528Z","clusteringKeys":["fb72b6f9c1e54625a551711f6ee72714","updateVbIdSellingIdInventorySkipped/1","1564378075"],"changedColumns":["selling_id","fulfillment_node_id","event_type","update_at","stream_sequence_number","event_data"],"record":"{\"selling_id\":\"673dc48f0d344e52bb2b19b0eabdbc22\",\"fulfillment_node_id\":\"fb72b6f9c1e54625a551711f6ee72714\",\"event_type\":\"updateVbIdSellingIdInventorySkipped/1\",\"update_at\":1564378075,\"stream_sequence_number\":43,\"event_data\":\"{\\\"id\\\":\\\"0988b6d404674dcd928555c2b7e9f44f\\\",\\\"vbId\\\":\\\"673dc48f0d344e52bb2b19b0eabdbc22\\\",\\\"sellingId\\\":\\\"673dc48f0d344e52bb2b19b0eabdbc22\\\",\\\"merchantId\\\":\\\"e43cf7756d0b4ba8a4e9046774656ce8\\\",\\\"skuId\\\":\\\"673dc48f0d344e52bb2b19b0eabdbc22\\\",\\\"f\\\":100,\\\"fnId\\\":\\\"fb72b6f9c1e54625a551711f6ee72714\\\",\\\"fnType\\\":\\\"wolverine\\\",\\\"by\\\":\\\"Vibranium\\\",\\\"at\\\":\\\"2019-07-29T05:27:55+00:00\\\",\\\"invUssn\\\":47,\\\"isInf\\\":false}\"}"}
{"id":"6be901ee234c435f8e0a2ac0a216db16","table":"killmonger_events_table","keyspace":"msku","timestamp":"2019-07-29T05:45:03.528Z","clusteringKeys":["d8c82725c2f44901bbee8db463c10582","vbIdSellingIdInventoryUpdated/1","1564378285"],"changedColumns":["selling_id","fulfillment_node_id","event_type","update_at","stream_sequence_number","event_data"],"record":"{\"selling_id\":\"6be901ee234c435f8e0a2ac0a216db16\",\"fulfillment_node_id\":\"d8c82725c2f44901bbee8db463c10582\",\"event_type\":\"vbIdSellingIdInventoryUpdated/1\",\"update_at\":1564378285,\"stream_sequence_number\":208,\"event_data\":\"{\\\"id\\\":\\\"4a7131877af743b3b1f8200323f267b8\\\",\\\"vbId\\\":\\\"6be901ee234c435f8e0a2ac0a216db16\\\",\\\"sellingId\\\":\\\"6be901ee234c435f8e0a2ac0a216db16\\\",\\\"merchantId\\\":\\\"01133ed0b8d64d11b1766d2295fa867b\\\",\\\"skuId\\\":\\\"6be901ee234c435f8e0a2ac0a216db16\\\",\\\"f\\\":11,\\\"fnId\\\":\\\"d8c82725c2f44901bbee8db463c10582\\\",\\\"fnType\\\":\\\"wolverine\\\",\\\"by\\\":\\\"Vibranium\\\",\\\"at\\\":\\\"2019-07-29T05:31:25+00:00\\\",\\\"invUssn\\\":236,\\\"isInf\\\":false,\\\"ifa\\\":true,\\\"martAvail\\\":[{\\\"martId\\\":\\\"21\\\",\\\"ia\\\":true}],\\\"clt\\\":\\\"JoJ\\\"}\"}"}
{"id":"fe292844006a4944be5aa58411ccadc7","table":"killmonger_events_table","keyspace":"msku","timestamp":"2019-07-29T05:45:03.529Z","clusteringKeys":["3cbcc7e28aac4f6fb0a8cde4e85483c0","vbIdSellingIdInventoryUpdated/1","1564378254"],"changedColumns":["selling_id","fulfillment_node_id","event_type","update_at","stream_sequence_number","event_data"],"record":"{\"selling_id\":\"fe292844006a4944be5aa58411ccadc7\",\"fulfillment_node_id\":\"3cbcc7e28aac4f6fb0a8cde4e85483c0\",\"event_type\":\"vbIdSellingIdInventoryUpdated/1\",\"update_at\":1564378254,\"stream_sequence_number\":115,\"event_data\":\"{\\\"id\\\":\\\"863e9b57a67843df921e105c746423eb\\\",\\\"vbId\\\":\\\"fe292844006a4944be5aa58411ccadc7\\\",\\\"sellingId\\\":\\\"fe292844006a4944be5aa58411ccadc7\\\",\\\"merchantId\\\":\\\"7eaf70709bf149f890dc3a845871dab4\\\",\\\"skuId\\\":\\\"fe292844006a4944be5aa58411ccadc7\\\",\\\"f\\\":559,\\\"fnId\\\":\\\"3cbcc7e28aac4f6fb0a8cde4e85483c0\\\",\\\"fnType\\\":\\\"wolverine\\\",\\\"by\\\":\\\"Vibranium\\\",\\\"at\\\":\\\"2019-07-29T05:30:54+00:00\\\",\\\"invUssn\\\":80,\\\"isInf\\\":false,\\\"ifa\\\":true,\\\"martAvail\\\":[{\\\"martId\\\":\\\"21\\\",\\\"ia\\\":true}],\\\"clt\\\":\\\"JoJ\\\"}\"}"}
{"id":"8C55D7DF23614BA2916605E9617B9BAF","table":"killmonger_events_table","keyspace":"msku","timestamp":"2019-07-29T05:45:03.529Z","clusteringKeys":["2738","vbIdSellingIdInventoryUpdated/1","1564378913"],"changedColumns":["selling_id","fulfillment_node_id","event_type","update_at","stream_sequence_number","event_data"],"record":"{\"selling_id\":\"8C55D7DF23614BA2916605E9617B9BAF\",\"fulfillment_node_id\":\"2738\",\"event_type\":\"vbIdSellingIdInventoryUpdated/1\",\"update_at\":1564378913,\"stream_sequence_number\":123,\"event_data\":\"{\\\"id\\\":\\\"f9e7bcdfecda4cc2823353541e6c9315\\\",\\\"vbId\\\":\\\"PantherMigrationVbId\\\",\\\"sellingId\\\":\\\"8C55D7DF23614BA2916605E9617B9BAF\\\",\\\"merchantId\\\":\\\"9fc08905039048918982091f266c2a29\\\",\\\"skuId\\\":\\\"PantherMigrationSkuId\\\",\\\"f\\\":0,\\\"fnId\\\":\\\"2738\\\",\\\"by\\\":\\\"Killmonger.Migration.MapInWalmartInvUpdates\\\",\\\"at\\\":\\\"2019-07-29T05:41:53.419+00:00\\\",\\\"invUssn\\\":0,\\\"isInf\\\":false,\\\"ifa\\\":true,\\\"martAvail\\\":[{\\\"martId\\\":\\\"21\\\",\\\"ia\\\":true},{\\\"martId\\\":\\\"0\\\",\\\"ia\\\":true}],\\\"clt\\\":\\\"WoJ\\\"}\"}"}
{"id":"8C55D7DF23614BA2916605E9617B9BAF","table":"killmonger_events_table","keyspace":"msku","timestamp":"2019-07-29T05:45:03.529Z","clusteringKeys":["2738","vbIdSellingIdInventoryUpdated/1","1564378913"],"changedColumns":["selling_id","fulfillment_node_id","event_type","update_at","stream_sequence_number","event_data"],"record":"{\"selling_id\":\"8C55D7DF23614BA2916605E9617B9BAF\",\"fulfillment_node_id\":\"2738\",\"event_type\":\"vbIdSellingIdInventoryUpdated/1\",\"update_at\":1564378913,\"stream_sequence_number\":124,\"event_data\":\"{\\\"id\\\":\\\"f9e7bcdfecda4cc2823353541e6c9315\\\",\\\"vbId\\\":\\\"PantherMigrationVbId\\\",\\\"sellingId\\\":\\\"8C55D7DF23614BA2916605E9617B9BAF\\\",\\\"merchantId\\\":\\\"9fc08905039048918982091f266c2a29\\\",\\\"skuId\\\":\\\"PantherMigrationSkuId\\\",\\\"f\\\":0,\\\"fnId\\\":\\\"2738\\\",\\\"by\\\":\\\"Killmonger.Migration.MapInWalmartInvUpdates\\\",\\\"at\\\":\\\"2019-07-29T05:41:53.419+00:00\\\",\\\"invUssn\\\":0,\\\"isInf\\\":false,\\\"ifa\\\":true,\\\"martAvail\\\":[{\\\"martId\\\":\\\"21\\\",\\\"ia\\\":true},{\\\"martId\\\":\\\"0\\\",\\\"ia\\\":true}],\\\"clt\\\":\\\"WoJ\\\"}\"}"}
{"id":"B773A2037C9D49C3802FD3204AA2A38D","table":"killmonger_events_table","keyspace":"msku","timestamp":"2019-07-29T05:45:03.540Z","clusteringKeys":["10000003554","vbIdSellingIdInventoryUpdated/1","1564378476"],"changedColumns":["selling_id","fulfillment_node_id","event_type","update_at","stream_sequence_number","event_data"],"record":"{\"selling_id\":\"B773A2037C9D49C3802FD3204AA2A38D\",\"fulfillment_node_id\":\"10000003554\",\"event_type\":\"vbIdSellingIdInventoryUpdated/1\",\"update_at\":1564378476,\"stream_sequence_number\":1530,\"event_data\":\"{\\\"id\\\":\\\"f9cc10bd6d7e4ccc9de42377b8279ac5\\\",\\\"vbId\\\":\\\"MBR53R-12-5108\\\",\\\"sellingId\\\":\\\"B773A2037C9D49C3802FD3204AA2A38D\\\",\\\"merchantId\\\":\\\"5108\\\",\\\"skuId\\\":\\\"MBR53R-12\\\",\\\"f\\\":12,\\\"fnId\\\":\\\"10000003554\\\",\\\"fnType\\\":\\\"MARKETPLACE\\\",\\\"by\\\":\\\"Vibranium\\\",\\\"at\\\":\\\"2019-07-29T05:34:36+00:00\\\",\\\"invUssn\\\":589,\\\"catUssn\\\":854,\\\"isInf\\\":false,\\\"ifa\\\":true,\\\"martAvail\\\":[{\\\"martId\\\":\\\"0\\\",\\\"ia\\\":true}],\\\"clt\\\":\\\"WoW\\\"}\"}"}
{"id":"A70161C076E749B7926EFDF0C9EAF3BD","table":"killmonger_events_table","keyspace":"msku","timestamp":"2019-07-29T05:40:44.735Z","clusteringKeys":["10000013268","updateVbIdSellingIdInventorySkipped/1","1564375411"],"changedColumns":["selling_id","fulfillment_node_id","event_type","update_at","stream_sequence_number","event_data"],"record":"{\"selling_id\":\"A70161C076E749B7926EFDF0C9EAF3BD\",\"fulfillment_node_id\":\"10000013268\",\"event_type\":\"updateVbIdSellingIdInventorySkipped/1\",\"update_at\":1564375411,\"stream_sequence_number\":19,\"event_data\":\"{\\\"id\\\":\\\"65ab26bc560e489c9cabe8b17ae95355\\\",\\\"vbId\\\":\\\"A_33259694_4PC_BY058_Black_503_Coral_m-12825\\\",\\\"sellingId\\\":\\\"A70161C076E749B7926EFDF0C9EAF3BD\\\",\\\"merchantId\\\":\\\"12825\\\",\\\"skuId\\\":\\\"A_33259694_4PC_BY058_Black_503_Coral_m\\\",\\\"f\\\":99,\\\"fnId\\\":\\\"10000013268\\\",\\\"fnType\\\":\\\"MARKETPLACE\\\",\\\"by\\\":\\\"Vibranium\\\",\\\"at\\\":\\\"2019-07-29T04:43:31+00:00\\\",\\\"invUssn\\\":9,\\\"catUssn\\\":0,\\\"isInf\\\":false}\"}"}
{"id":"739444a25d084db883c6177312f38e68","table":"killmonger_events_table","keyspace":"msku","timestamp":"2019-07-29T05:44:37.077Z","clusteringKeys":["1ceb49aff3914283add55db252c65d21","vbIdSellingIdInventoryUpdated/1","1564378269"],"changedColumns":["selling_id","fulfillment_node_id","event_type","update_at","stream_sequence_number","event_data"],"record":"{\"selling_id\":\"739444a25d084db883c6177312f38e68\",\"fulfillment_node_id\":\"1ceb49aff3914283add55db252c65d21\",\"event_type\":\"vbIdSellingIdInventoryUpdated/1\",\"update_at\":1564378269,\"stream_sequence_number\":347,\"event_data\":\"{\\\"id\\\":\\\"329bc6e25ce3409b9d3f9845a221d51e\\\",\\\"vbId\\\":\\\"739444a25d084db883c6177312f38e68\\\",\\\"sellingId\\\":\\\"739444a25d084db883c6177312f38e68\\\",\\\"merchantId\\\":\\\"7ebc52dd048b492493bef966f97b4eb3\\\",\\\"skuId\\\":\\\"739444a25d084db883c6177312f38e68\\\",\\\"f\\\":28,\\\"fnId\\\":\\\"1ceb49aff3914283add55db252c65d21\\\",\\\"fnType\\\":\\\"wolverine\\\",\\\"by\\\":\\\"Vibranium\\\",\\\"at\\\":\\\"2019-07-29T05:31:09+00:00\\\",\\\"invUssn\\\":258,\\\"isInf\\\":false,\\\"ifa\\\":true,\\\"martAvail\\\":[{\\\"martId\\\":\\\"21\\\",\\\"ia\\\":true}],\\\"clt\\\":\\\"JoJ\\\"}\"}"}
{"id":"8BF5E137F3F64C0DA43EC9BAB34D9C90","table":"killmonger_events_table","keyspace":"msku","timestamp":"2019-07-29T05:45:02.502Z","clusteringKeys":["2707","vbIdSellingIdInventoryUpdated/1","1564375585"],"changedColumns":["selling_id","fulfillment_node_id","event_type","update_at","stream_sequence_number","event_data"],"record":"{\"selling_id\":\"8BF5E137F3F64C0DA43EC9BAB34D9C90\",\"fulfillment_node_id\":\"2707\",\"event_type\":\"vbIdSellingIdInventoryUpdated/1\",\"update_at\":1564375585,\"stream_sequence_number\":96,\"event_data\":\"{\\\"id\\\":\\\"afaa8c5976f24dcf8ee45ab84e78bcbf\\\",\\\"vbId\\\":\\\"PantherMigrationVbId\\\",\\\"sellingId\\\":\\\"8BF5E137F3F64C0DA43EC9BAB34D9C90\\\",\\\"merchantId\\\":\\\"9fc08905039048918982091f266c2a29\\\",\\\"skuId\\\":\\\"PantherMigrationSkuId\\\",\\\"f\\\":0,\\\"fnId\\\":\\\"2707\\\",\\\"by\\\":\\\"Killmonger.Migration.MapInWalmartInvUpdates\\\",\\\"at\\\":\\\"2019-07-29T04:46:25.671+00:00\\\",\\\"invUssn\\\":0,\\\"isInf\\\":false,\\\"ifa\\\":true,\\\"martAvail\\\":[{\\\"martId\\\":\\\"21\\\",\\\"ia\\\":true},{\\\"martId\\\":\\\"0\\\",\\\"ia\\\":true}],\\\"clt\\\":\\\"WoJ\\\"}\"}"}
{"id":"99092F1A82EC4E70AC531CE2EABAEF0C","table":"killmonger_events_table","keyspace":"msku","timestamp":"2019-07-29T05:45:03.420Z","clusteringKeys":["10000008884","vbIdSellingIdInventoryUpdated/1","1564375535"],"changedColumns":["selling_id","fulfillment_node_id","event_type","update_at","stream_sequence_number","event_data"],"record":"{\"selling_id\":\"99092F1A82EC4E70AC531CE2EABAEF0C\",\"fulfillment_node_id\":\"10000008884\",\"event_type\":\"vbIdSellingIdInventoryUpdated/1\",\"update_at\":1564375535,\"stream_sequence_number\":55,\"event_data\":\"{\\\"id\\\":\\\"793bd408eca14f35adeff4555d9be4b4\\\",\\\"vbId\\\":\\\"Z1306-doe7855p-8616\\\",\\\"sellingId\\\":\\\"99092F1A82EC4E70AC531CE2EABAEF0C\\\",\\\"merchantId\\\":\\\"8616\\\",\\\"skuId\\\":\\\"Z1306-doe7855p\\\",\\\"f\\\":2,\\\"fnId\\\":\\\"10000008884\\\",\\\"fnType\\\":\\\"MARKETPLACE\\\",\\\"by\\\":\\\"Vibranium\\\",\\\"at\\\":\\\"2019-07-29T04:45:35+00:00\\\",\\\"invUssn\\\":40,\\\"catUssn\\\":1,\\\"isInf\\\":false,\\\"ifa\\\":true,\\\"martAvail\\\":[{\\\"martId\\\":\\\"0\\\",\\\"ia\\\":true}],\\\"clt\\\":\\\"WoW\\\"}\"}"}
{"id":"38253DE6707B4F29A1071A537E1332DF","table":"killmonger_events_table","keyspace":"msku","timestamp":"2019-07-29T05:45:02.366Z","clusteringKeys":["10000007863","vbIdSellingIdInventoryUpdated/1","1564375952"],"changedColumns":["selling_id","fulfillment_node_id","event_type","update_at","stream_sequence_number","event_data"],"record":"{\"selling_id\":\"38253DE6707B4F29A1071A537E1332DF\",\"fulfillment_node_id\":\"10000007863\",\"event_type\":\"vbIdSellingIdInventoryUpdated/1\",\"update_at\":1564375952,\"stream_sequence_number\":3291,\"event_data\":\"{\\\"id\\\":\\\"572ed302e5f545fda5ec8403d442ac45\\\",\\\"vbId\\\":\\\"FBA403-toys-Simpsons25-Maggie-PnkJump-H3-7740\\\",\\\"sellingId\\\":\\\"38253DE6707B4F29A1071A537E1332DF\\\",\\\"merchantId\\\":\\\"7740\\\",\\\"skuId\\\":\\\"FBA403-toys-Simpsons25-Maggie-PnkJump-H3\\\",\\\"f\\\":1,\\\"fnId\\\":\\\"10000007863\\\",\\\"fnType\\\":\\\"MARKETPLACE\\\",\\\"by\\\":\\\"Vibranium\\\",\\\"at\\\":\\\"2019-07-29T04:52:32+00:00\\\",\\\"invUssn\\\":2253,\\\"catUssn\\\":604,\\\"isInf\\\":false,\\\"ifa\\\":true,\\\"martAvail\\\":[{\\\"martId\\\":\\\"0\\\",\\\"ia\\\":true}],\\\"clt\\\":\\\"WoW\\\"}\"}"}
{"id":"845f907caee74f9b8213fce035dc0cd0","table":"killmonger_events_table","keyspace":"msku","timestamp":"2019-07-29T05:45:02.366Z","clusteringKeys":["42c86f166857408dadca79a5f0766738","updateVbIdSellingIdInventorySkipped/1","1564378150"],"changedColumns":["selling_id","fulfillment_node_id","event_type","update_at","stream_sequence_number","event_data"],"record":"{\"selling_id\":\"845f907caee74f9b8213fce035dc0cd0\",\"fulfillment_node_id\":\"42c86f166857408dadca79a5f0766738\",\"event_type\":\"updateVbIdSellingIdInventorySkipped/1\",\"update_at\":1564378150,\"stream_sequence_number\":198,\"event_data\":\"{\\\"id\\\":\\\"1e3990dbb9d946bbbb00e750e49be9ce\\\",\\\"vbId\\\":\\\"845f907caee74f9b8213fce035dc0cd0\\\",\\\"sellingId\\\":\\\"845f907caee74f9b8213fce035dc0cd0\\\",\\\"merchantId\\\":\\\"d1e151d0c15e4034958fa7221d0ea30b\\\",\\\"skuId\\\":\\\"845f907caee74f9b8213fce035dc0cd0\\\",\\\"f\\\":10,\\\"fnId\\\":\\\"42c86f166857408dadca79a5f0766738\\\",\\\"fnType\\\":\\\"wolverine\\\",\\\"by\\\":\\\"Vibranium\\\",\\\"at\\\":\\\"2019-07-29T05:29:10+00:00\\\",\\\"invUssn\\\":223,\\\"isInf\\\":false}\"}"}
{"id":"845f907caee74f9b8213fce035dc0cd0","table":"killmonger_events_table","keyspace":"msku","timestamp":"2019-07-29T05:45:02.366Z","clusteringKeys":["42c86f166857408dadca79a5f0766738","updateVbIdSellingIdInventorySkipped/1","1564378150"],"changedColumns":["selling_id","fulfillment_node_id","event_type","update_at","stream_sequence_number","event_data"],"record":"{\"selling_id\":\"845f907caee74f9b8213fce035dc0cd0\",\"fulfillment_node_id\":\"42c86f166857408dadca79a5f0766738\",\"event_type\":\"updateVbIdSellingIdInventorySkipped/1\",\"update_at\":1564378150,\"stream_sequence_number\":199,\"event_data\":\"{\\\"id\\\":\\\"1e3990dbb9d946bbbb00e750e49be9ce\\\",\\\"vbId\\\":\\\"845f907caee74f9b8213fce035dc0cd0\\\",\\\"sellingId\\\":\\\"845f907caee74f9b8213fce035dc0cd0\\\",\\\"merchantId\\\":\\\"d1e151d0c15e4034958fa7221d0ea30b\\\",\\\"skuId\\\":\\\"845f907caee74f9b8213fce035dc0cd0\\\",\\\"f\\\":10,\\\"fnId\\\":\\\"42c86f166857408dadca79a5f0766738\\\",\\\"fnType\\\":\\\"wolverine\\\",\\\"by\\\":\\\"Vibranium\\\",\\\"at\\\":\\\"2019-07-29T05:29:10+00:00\\\",\\\"invUssn\\\":223,\\\"isInf\\\":false}\"}"}
{"id":"845f907caee74f9b8213fce035dc0cd0","table":"killmonger_events_table","keyspace":"msku","timestamp":"2019-07-29T05:45:02.366Z","clusteringKeys":["42c86f166857408dadca79a5f0766738","updateVbIdSellingIdInventorySkipped/1","1564378150"],"changedColumns":["selling_id","fulfillment_node_id","event_type","update_at","stream_sequence_number","event_data"],"record":"{\"selling_id\":\"845f907caee74f9b8213fce035dc0cd0\",\"fulfillment_node_id\":\"42c86f166857408dadca79a5f0766738\",\"event_type\":\"updateVbIdSellingIdInventorySkipped/1\",\"update_at\":1564378150,\"stream_sequence_number\":200,\"event_data\":\"{\\\"id\\\":\\\"1e3990dbb9d946bbbb00e750e49be9ce\\\",\\\"vbId\\\":\\\"845f907caee74f9b8213fce035dc0cd0\\\",\\\"sellingId\\\":\\\"845f907caee74f9b8213fce035dc0cd0\\\",\\\"merchantId\\\":\\\"d1e151d0c15e4034958fa7221d0ea30b\\\",\\\"skuId\\\":\\\"845f907caee74f9b8213fce035dc0cd0\\\",\\\"f\\\":10,\\\"fnId\\\":\\\"42c86f166857408dadca79a5f0766738\\\",\\\"fnType\\\":\\\"wolverine\\\",\\\"by\\\":\\\"Vibranium\\\",\\\"at\\\":\\\"2019-07-29T05:29:10+00:00\\\",\\\"invUssn\\\":223,\\\"isInf\\\":false}\"}"}
{"id":"C69A6323FA4A4CC4B302369CE709C89D","table":"killmonger_events_table","keyspace":"msku","timestamp":"2019-07-29T05:45:02.367Z","clusteringKeys":["2738","vbIdSellingIdInventoryUpdated/1","1564376014"],"changedColumns":["selling_id","fulfillment_node_id","event_type","update_at","stream_sequence_number","event_data"],"record":"{\"selling_id\":\"C69A6323FA4A4CC4B302369CE709C89D\",\"fulfillment_node_id\":\"2738\",\"event_type\":\"vbIdSellingIdInventoryUpdated/1\",\"update_at\":1564376014,\"stream_sequence_number\":131,\"event_data\":\"{\\\"id\\\":\\\"61b3081deb634598b111c3c5223e98cc\\\",\\\"vbId\\\":\\\"PantherMigrationVbId\\\",\\\"sellingId\\\":\\\"C69A6323FA4A4CC4B302369CE709C89D\\\",\\\"merchantId\\\":\\\"9fc08905039048918982091f266c2a29\\\",\\\"skuId\\\":\\\"PantherMigrationSkuId\\\",\\\"f\\\":0,\\\"fnId\\\":\\\"2738\\\",\\\"by\\\":\\\"Killmonger.Migration.MapInWalmartInvUpdates\\\",\\\"at\\\":\\\"2019-07-29T04:53:34.505+00:00\\\",\\\"invUssn\\\":0,\\\"isInf\\\":false,\\\"ifa\\\":true,\\\"martAvail\\\":[{\\\"martId\\\":\\\"21\\\",\\\"ia\\\":true},{\\\"martId\\\":\\\"0\\\",\\\"ia\\\":true}],\\\"clt\\\":\\\"WoJ\\\"}\"}"}
{"id":"A5CBA15F591F421BBDA642BA5EEBFA68","table":"killmonger_events_table","keyspace":"msku","timestamp":"2019-07-29T05:45:02.366Z","clusteringKeys":["6559","vbIdSellingIdInventoryUpdated/1","1564378910"],"changedColumns":["selling_id","fulfillment_node_id","event_type","update_at","stream_sequence_number","event_data"],"record":"{\"selling_id\":\"A5CBA15F591F421BBDA642BA5EEBFA68\",\"fulfillment_node_id\":\"6559\",\"event_type\":\"vbIdSellingIdInventoryUpdated/1\",\"update_at\":1564378910,\"stream_sequence_number\":131,\"event_data\":\"{\\\"id\\\":\\\"b87fa725044a4b659f09380224ecd7af\\\",\\\"vbId\\\":\\\"PantherMigrationVbId\\\",\\\"sellingId\\\":\\\"A5CBA15F591F421BBDA642BA5EEBFA68\\\",\\\"merchantId\\\":\\\"9fc08905039048918982091f266c2a29\\\",\\\"skuId\\\":\\\"PantherMigrationSkuId\\\",\\\"f\\\":0,\\\"fnId\\\":\\\"6559\\\",\\\"by\\\":\\\"Killmonger.Migration.MapInWalmartInvUpdates\\\",\\\"at\\\":\\\"2019-07-29T05:41:50.867+00:00\\\",\\\"invUssn\\\":0,\\\"isInf\\\":false,\\\"ifa\\\":true,\\\"martAvail\\\":[{\\\"martId\\\":\\\"21\\\",\\\"ia\\\":true},{\\\"martId\\\":\\\"0\\\",\\\"ia\\\":true}],\\\"clt\\\":\\\"WoJ\\\"}\"}"}
{"id":"A5CBA15F591F421BBDA642BA5EEBFA68","table":"killmonger_events_table","keyspace":"msku","timestamp":"2019-07-29T05:45:02.366Z","clusteringKeys":["6559","vbIdSellingIdInventoryUpdated/1","1564378910"],"changedColumns":["selling_id","fulfillment_node_id","event_type","update_at","stream_sequence_number","event_data"],"record":"{\"selling_id\":\"A5CBA15F591F421BBDA642BA5EEBFA68\",\"fulfillment_node_id\":\"6559\",\"event_type\":\"vbIdSellingIdInventoryUpdated/1\",\"update_at\":1564378910,\"stream_sequence_number\":132,\"event_data\":\"{\\\"id\\\":\\\"b87fa725044a4b659f09380224ecd7af\\\",\\\"vbId\\\":\\\"PantherMigrationVbId\\\",\\\"sellingId\\\":\\\"A5CBA15F591F421BBDA642BA5EEBFA68\\\",\\\"merchantId\\\":\\\"9fc08905039048918982091f266c2a29\\\",\\\"skuId\\\":\\\"PantherMigrationSkuId\\\",\\\"f\\\":0,\\\"fnId\\\":\\\"6559\\\",\\\"by\\\":\\\"Killmonger.Migration.MapInWalmartInvUpdates\\\",\\\"at\\\":\\\"2019-07-29T05:41:50.867+00:00\\\",\\\"invUssn\\\":0,\\\"isInf\\\":false,\\\"ifa\\\":true,\\\"martAvail\\\":[{\\\"martId\\\":\\\"21\\\",\\\"ia\\\":true},{\\\"martId\\\":\\\"0\\\",\\\"ia\\\":true}],\\\"clt\\\":\\\"WoJ\\\"}\"}"}
{"id":"A5CBA15F591F421BBDA642BA5EEBFA68","table":"killmonger_events_table","keyspace":"msku","timestamp":"2019-07-29T05:45:02.366Z","clusteringKeys":["6559","vbIdSellingIdInventoryUpdated/1","1564378910"],"changedColumns":["selling_id","fulfillment_node_id","event_type","update_at","stream_sequence_number","event_data"],"record":"{\"selling_id\":\"A5CBA15F591F421BBDA642BA5EEBFA68\",\"fulfillment_node_id\":\"6559\",\"event_type\":\"vbIdSellingIdInventoryUpdated/1\",\"update_at\":1564378910,\"stream_sequence_number\":133,\"event_data\":\"{\\\"id\\\":\\\"b87fa725044a4b659f09380224ecd7af\\\",\\\"vbId\\\":\\\"PantherMigrationVbId\\\",\\\"sellingId\\\":\\\"A5CBA15F591F421BBDA642BA5EEBFA68\\\",\\\"merchantId\\\":\\\"9fc08905039048918982091f266c2a29\\\",\\\"skuId\\\":\\\"PantherMigrationSkuId\\\",\\\"f\\\":0,\\\"fnId\\\":\\\"6559\\\",\\\"by\\\":\\\"Killmonger.Migration.MapInWalmartInvUpdates\\\",\\\"at\\\":\\\"2019-07-29T05:41:50.867+00:00\\\",\\\"invUssn\\\":0,\\\"isInf\\\":false,\\\"ifa\\\":true,\\\"martAvail\\\":[{\\\"martId\\\":\\\"21\\\",\\\"ia\\\":true},{\\\"martId\\\":\\\"0\\\",\\\"ia\\\":true}],\\\"clt\\\":\\\"WoJ\\\"}\"}"}
{"id":"4df567eb23214f618fcd1d90c787ea26","table":"killmonger_events_table","keyspace":"msku","timestamp":"2019-07-29T05:45:02.366Z","clusteringKeys":["3cbcc7e28aac4f6fb0a8cde4e85483c0","vbIdSellingIdInventoryUpdated/1","1564375047"],"changedColumns":["selling_id","fulfillment_node_id","event_type","update_at","stream_sequence_number","event_data"],"record":"{\"selling_id\":\"4df567eb23214f618fcd1d90c787ea26\",\"fulfillment_node_id\":\"3cbcc7e28aac4f6fb0a8cde4e85483c0\",\"event_type\":\"vbIdSellingIdInventoryUpdated/1\",\"update_at\":1564375047,\"stream_sequence_number\":90,\"event_data\":\"{\\\"id\\\":\\\"289d0c7537274978910a1935405ce6bf\\\",\\\"vbId\\\":\\\"4df567eb23214f618fcd1d90c787ea26\\\",\\\"sellingId\\\":\\\"4df567eb23214f618fcd1d90c787ea26\\\",\\\"merchantId\\\":\\\"7eaf70709bf149f890dc3a845871dab4\\\",\\\"skuId\\\":\\\"4df567eb23214f618fcd1d90c787ea26\\\",\\\"f\\\":559,\\\"fnId\\\":\\\"3cbcc7e28aac4f6fb0a8cde4e85483c0\\\",\\\"fnType\\\":\\\"wolverine\\\",\\\"by\\\":\\\"Vibranium\\\",\\\"at\\\":\\\"2019-07-29T04:37:27+00:00\\\",\\\"invUssn\\\":74,\\\"isInf\\\":false,\\\"ifa\\\":true,\\\"martAvail\\\":[{\\\"martId\\\":\\\"21\\\",\\\"ia\\\":true}],\\\"clt\\\":\\\"JoJ\\\"}\"}"}
{"id":"D0295AE5928749F29D41F4404F72DCCA","table":"killmonger_events_table","keyspace":"msku","timestamp":"2019-07-29T05:44:36.947Z","clusteringKeys":["2623","vbIdSellingIdInventoryUpdated/1","1564378910"],"changedColumns":["selling_id","fulfillment_node_id","event_type","update_at","stream_sequence_number","event_data"],"record":"{\"selling_id\":\"D0295AE5928749F29D41F4404F72DCCA\",\"fulfillment_node_id\":\"2623\",\"event_type\":\"vbIdSellingIdInventoryUpdated/1\",\"update_at\":1564378910,\"stream_sequence_number\":133,\"event_data\":\"{\\\"id\\\":\\\"eb349be359ba46848bb5ef6bfa91e3d2\\\",\\\"vbId\\\":\\\"PantherMigrationVbId\\\",\\\"sellingId\\\":\\\"D0295AE5928749F29D41F4404F72DCCA\\\",\\\"merchantId\\\":\\\"9fc08905039048918982091f266c2a29\\\",\\\"skuId\\\":\\\"PantherMigrationSkuId\\\",\\\"f\\\":0,\\\"fnId\\\":\\\"2623\\\",\\\"by\\\":\\\"Killmonger.Migration.MapInWalmartInvUpdates\\\",\\\"at\\\":\\\"2019-07-29T05:41:50.057+00:00\\\",\\\"invUssn\\\":0,\\\"isInf\\\":false,\\\"ifa\\\":true,\\\"martAvail\\\":[{\\\"martId\\\":\\\"21\\\",\\\"ia\\\":true},{\\\"martId\\\":\\\"0\\\",\\\"ia\\\":true}],\\\"clt\\\":\\\"WoJ\\\"}\"}"}
{"id":"563012967A204003A50B54DD554DF081","table":"killmonger_events_table","keyspace":"msku","timestamp":"2019-07-29T05:44:36.948Z","clusteringKeys":["8556","vbIdSellingIdInventoryUpdated/1","1564378908"],"changedColumns":["selling_id","fulfillment_node_id","event_type","update_at","stream_sequence_number","event_data"],"record":"{\"selling_id\":\"563012967A204003A50B54DD554DF081\",\"fulfillment_node_id\":\"8556\",\"event_type\":\"vbIdSellingIdInventoryUpdated/1\",\"update_at\":1564378908,\"stream_sequence_number\":134,\"event_data\":\"{\\\"id\\\":\\\"3ead216dfb784095ad4747ed5816cd07\\\",\\\"vbId\\\":\\\"PantherMigrationVbId\\\",\\\"sellingId\\\":\\\"563012967A204003A50B54DD554DF081\\\",\\\"merchantId\\\":\\\"9fc08905039048918982091f266c2a29\\\",\\\"skuId\\\":\\\"PantherMigrationSkuId\\\",\\\"f\\\":0,\\\"fnId\\\":\\\"8556\\\",\\\"by\\\":\\\"Killmonger.Migration.MapInWalmartInvUpdates\\\",\\\"at\\\":\\\"2019-07-29T05:41:48.375+00:00\\\",\\\"invUssn\\\":0,\\\"isInf\\\":false,\\\"ifa\\\":true,\\\"martAvail\\\":[{\\\"martId\\\":\\\"21\\\",\\\"ia\\\":true},{\\\"martId\\\":\\\"0\\\",\\\"ia\\\":true}],\\\"clt\\\":\\\"WoJ\\\"}\"}"}
{"id":"4df567eb23214f618fcd1d90c787ea26","table":"killmonger_events_table","keyspace":"msku","timestamp":"2019-07-29T05:45:02.367Z","clusteringKeys":["3cbcc7e28aac4f6fb0a8cde4e85483c0","updateVbIdSellingIdInventorySkipped/1","1564375047"],"changedColumns":["selling_id","fulfillment_node_id","event_type","update_at","stream_sequence_number","event_data"],"record":"{\"selling_id\":\"4df567eb23214f618fcd1d90c787ea26\",\"fulfillment_node_id\":\"3cbcc7e28aac4f6fb0a8cde4e85483c0\",\"event_type\":\"updateVbIdSellingIdInventorySkipped/1\",\"update_at\":1564375047,\"stream_sequence_number\":91,\"event_data\":\"{\\\"id\\\":\\\"2f0c42e0a32449789baa49e99452e813\\\",\\\"vbId\\\":\\\"4df567eb23214f618fcd1d90c787ea26\\\",\\\"sellingId\\\":\\\"4df567eb23214f618fcd1d90c787ea26\\\",\\\"merchantId\\\":\\\"7eaf70709bf149f890dc3a845871dab4\\\",\\\"skuId\\\":\\\"4df567eb23214f618fcd1d90c787ea26\\\",\\\"f\\\":559,\\\"fnId\\\":\\\"3cbcc7e28aac4f6fb0a8cde4e85483c0\\\",\\\"fnType\\\":\\\"wolverine\\\",\\\"by\\\":\\\"Vibranium\\\",\\\"at\\\":\\\"2019-07-29T04:37:27+00:00\\\",\\\"invUssn\\\":74,\\\"isInf\\\":false}\"}"}
{"id":"492712C434DE494BB484D45B5CD1B1D1","table":"killmonger_events_table","keyspace":"msku","timestamp":"2019-07-29T05:45:02.368Z","clusteringKeys":["3373","vbIdSellingIdInventoryUpdated/1","1564375900"],"changedColumns":["selling_id","fulfillment_node_id","event_type","update_at","stream_sequence_number","event_data"],"record":"{\"selling_id\":\"492712C434DE494BB484D45B5CD1B1D1\",\"fulfillment_node_id\":\"3373\",\"event_type\":\"vbIdSellingIdInventoryUpdated/1\",\"update_at\":1564375900,\"stream_sequence_number\":129,\"event_data\":\"{\\\"id\\\":\\\"c4b658eb36b8440e9059e179a6491a7e\\\",\\\"vbId\\\":\\\"PantherMigrationVbId\\\",\\\"sellingId\\\":\\\"492712C434DE494BB484D45B5CD1B1D1\\\",\\\"merchantId\\\":\\\"9fc08905039048918982091f266c2a29\\\",\\\"skuId\\\":\\\"PantherMigrationSkuId\\\",\\\"f\\\":0,\\\"fnId\\\":\\\"3373\\\",\\\"by\\\":\\\"Killmonger.Migration.MapInWalmartInvUpdates\\\",\\\"at\\\":\\\"2019-07-29T04:51:40.283+00:00\\\",\\\"invUssn\\\":0,\\\"isInf\\\":false,\\\"ifa\\\":true,\\\"martAvail\\\":[{\\\"martId\\\":\\\"21\\\",\\\"ia\\\":true},{\\\"martId\\\":\\\"0\\\",\\\"ia\\\":true}],\\\"clt\\\":\\\"WoJ\\\"}\"}"}
{"id":"45a4246c0cad40fe8fef52d46c028a59","table":"killmonger_events_table","keyspace":"msku","timestamp":"2019-07-29T05:40:44.608Z","clusteringKeys":["fb72b6f9c1e54625a551711f6ee72714","updateVbIdSellingIdInventorySkipped/1","1564375526"],"changedColumns":["selling_id","fulfillment_node_id","event_type","update_at","stream_sequence_number","event_data"],"record":"{\"selling_id\":\"45a4246c0cad40fe8fef52d46c028a59\",\"fulfillment_node_id\":\"fb72b6f9c1e54625a551711f6ee72714\",\"event_type\":\"updateVbIdSellingIdInventorySkipped/1\",\"update_at\":1564375526,\"stream_sequence_number\":45,\"event_data\":\"{\\\"id\\\":\\\"da89b465451e4bd69422349621481b38\\\",\\\"vbId\\\":\\\"45a4246c0cad40fe8fef52d46c028a59\\\",\\\"sellingId\\\":\\\"45a4246c0cad40fe8fef52d46c028a59\\\",\\\"merchantId\\\":\\\"e43cf7756d0b4ba8a4e9046774656ce8\\\",\\\"skuId\\\":\\\"45a4246c0cad40fe8fef52d46c028a59\\\",\\\"f\\\":52,\\\"fnId\\\":\\\"fb72b6f9c1e54625a551711f6ee72714\\\",\\\"fnType\\\":\\\"wolverine\\\",\\\"by\\\":\\\"Vibranium\\\",\\\"at\\\":\\\"2019-07-29T04:45:26+00:00\\\",\\\"invUssn\\\":50,\\\"isInf\\\":false}\"}"}
{"id":"01c89a0ab1f04246a1d7c9e92186b03b","table":"killmonger_events_table","keyspace":"msku","timestamp":"2019-07-29T05:44:36.948Z","clusteringKeys":["94a1566655374b93abfa0fa179a5f7e4","updateVbIdSellingIdInventorySkipped/1","1564378292"],"changedColumns":["selling_id","fulfillment_node_id","event_type","update_at","stream_sequence_number","event_data"],"record":"{\"selling_id\":\"01c89a0ab1f04246a1d7c9e92186b03b\",\"fulfillment_node_id\":\"94a1566655374b93abfa0fa179a5f7e4\",\"event_type\":\"updateVbIdSellingIdInventorySkipped/1\",\"update_at\":1564378292,\"stream_sequence_number\":207,\"event_data\":\"{\\\"id\\\":\\\"6d41328bdae04206b8b20c3cc770f6c1\\\",\\\"vbId\\\":\\\"01c89a0ab1f04246a1d7c9e92186b03b\\\",\\\"sellingId\\\":\\\"01c89a0ab1f04246a1d7c9e92186b03b\\\",\\\"merchantId\\\":\\\"760e7f8a239d4574a7e4c477c87fa0a8\\\",\\\"skuId\\\":\\\"01c89a0ab1f04246a1d7c9e92186b03b\\\",\\\"f\\\":497,\\\"fnId\\\":\\\"94a1566655374b93abfa0fa179a5f7e4\\\",\\\"fnType\\\":\\\"wolverine\\\",\\\"by\\\":\\\"Vibranium\\\",\\\"at\\\":\\\"2019-07-29T05:31:32+00:00\\\",\\\"invUssn\\\":227,\\\"isInf\\\":false}\"}"}
{"id":"01c89a0ab1f04246a1d7c9e92186b03b","table":"killmonger_events_table","keyspace":"msku","timestamp":"2019-07-29T05:44:36.948Z","clusteringKeys":["94a1566655374b93abfa0fa179a5f7e4","updateVbIdSellingIdInventorySkipped/1","1564378292"],"changedColumns":["selling_id","fulfillment_node_id","event_type","update_at","stream_sequence_number","event_data"],"record":"{\"selling_id\":\"01c89a0ab1f04246a1d7c9e92186b03b\",\"fulfillment_node_id\":\"94a1566655374b93abfa0fa179a5f7e4\",\"event_type\":\"updateVbIdSellingIdInventorySkipped/1\",\"update_at\":1564378292,\"stream_sequence_number\":208,\"event_data\":\"{\\\"id\\\":\\\"c53c927a6a094d34a78804f15efa20a4\\\",\\\"vbId\\\":\\\"01c89a0ab1f04246a1d7c9e92186b03b\\\",\\\"sellingId\\\":\\\"01c89a0ab1f04246a1d7c9e92186b03b\\\",\\\"merchantId\\\":\\\"760e7f8a239d4574a7e4c477c87fa0a8\\\",\\\"skuId\\\":\\\"01c89a0ab1f04246a1d7c9e92186b03b\\\",\\\"f\\\":497,\\\"fnId\\\":\\\"94a1566655374b93abfa0fa179a5f7e4\\\",\\\"fnType\\\":\\\"wolverine\\\",\\\"by\\\":\\\"Vibranium\\\",\\\"at\\\":\\\"2019-07-29T05:31:32+00:00\\\",\\\"invUssn\\\":228,\\\"isInf\\\":false}\"}"}
{"id":"C5714C34CDD545BAB7189F281DFDBCF4","table":"killmonger_events_table","keyspace":"msku","timestamp":"2019-07-29T05:40:44.615Z","clusteringKeys":["2378","vbIdSellingIdInventoryUpdated/1","1564378910"],"changedColumns":["selling_id","fulfillment_node_id","event_type","update_at","stream_sequence_number","event_data"],"record":"{\"selling_id\":\"C5714C34CDD545BAB7189F281DFDBCF4\",\"fulfillment_node_id\":\"2378\",\"event_type\":\"vbIdSellingIdInventoryUpdated/1\",\"update_at\":1564378910,\"stream_sequence_number\":97,\"event_data\":\"{\\\"id\\\":\\\"38eea21aadb849dc92f32dc8070073ba\\\",\\\"vbId\\\":\\\"PantherMigrationVbId\\\",\\\"sellingId\\\":\\\"C5714C34CDD545BAB7189F281DFDBCF4\\\",\\\"merchantId\\\":\\\"9fc08905039048918982091f266c2a29\\\",\\\"skuId\\\":\\\"PantherMigrationSkuId\\\",\\\"f\\\":0,\\\"fnId\\\":\\\"2378\\\",\\\"by\\\":\\\"Killmonger.Migration.MapInWalmartInvUpdates\\\",\\\"at\\\":\\\"2019-07-29T05:41:50.384+00:00\\\",\\\"invUssn\\\":0,\\\"isInf\\\":false,\\\"ifa\\\":true,\\\"martAvail\\\":[{\\\"martId\\\":\\\"21\\\",\\\"ia\\\":true},{\\\"martId\\\":\\\"0\\\",\\\"ia\\\":true}],\\\"clt\\\":\\\"WoJ\\\"}\"}"}
{"id":"046FB0CB343C43D6AA1CBEC7EFD71630","table":"killmonger_events_table","keyspace":"msku","timestamp":"2019-07-29T05:45:03.431Z","clusteringKeys":["2379","vbIdSellingIdInventoryUpdated/1","1564375586"],"changedColumns":["selling_id","fulfillment_node_id","event_type","update_at","stream_sequence_number","event_data"],"record":"{\"selling_id\":\"046FB0CB343C43D6AA1CBEC7EFD71630\",\"fulfillment_node_id\":\"2379\",\"event_type\":\"vbIdSellingIdInventoryUpdated/1\",\"update_at\":1564375586,\"stream_sequence_number\":162,\"event_data\":\"{\\\"id\\\":\\\"8f212749aeff4efaa5059a730f026856\\\",\\\"vbId\\\":\\\"PantherMigrationVbId\\\",\\\"sellingId\\\":\\\"046FB0CB343C43D6AA1CBEC7EFD71630\\\",\\\"merchantId\\\":\\\"9fc08905039048918982091f266c2a29\\\",\\\"skuId\\\":\\\"PantherMigrationSkuId\\\",\\\"f\\\":0,\\\"fnId\\\":\\\"2379\\\",\\\"by\\\":\\\"Killmonger.Migration.MapInWalmartInvUpdates\\\",\\\"at\\\":\\\"2019-07-29T04:46:26.054+00:00\\\",\\\"invUssn\\\":0,\\\"isInf\\\":false,\\\"ifa\\\":true,\\\"martAvail\\\":[{\\\"martId\\\":\\\"21\\\",\\\"ia\\\":true},{\\\"martId\\\":\\\"0\\\",\\\"ia\\\":true}],\\\"clt\\\":\\\"WoJ\\\"}\"}"}
{"id":"3b7c83c8aee449e384466cedd1739455","table":"killmonger_events_table","keyspace":"msku","timestamp":"2019-07-29T05:45:02.377Z","clusteringKeys":["ce4dd86743fd4a3f960bfb78a1c5c50b","vbIdSellingIdInventoryUpdated/1","1564375369"],"changedColumns":["selling_id","fulfillment_node_id","event_type","update_at","stream_sequence_number","event_data"],"record":"{\"selling_id\":\"3b7c83c8aee449e384466cedd1739455\",\"fulfillment_node_id\":\"ce4dd86743fd4a3f960bfb78a1c5c50b\",\"event_type\":\"vbIdSellingIdInventoryUpdated/1\",\"update_at\":1564375369,\"stream_sequence_number\":39,\"event_data\":\"{\\\"id\\\":\\\"1aaef592d5c749f48ab638b1d8e5b125\\\",\\\"vbId\\\":\\\"3b7c83c8aee449e384466cedd1739455\\\",\\\"sellingId\\\":\\\"3b7c83c8aee449e384466cedd1739455\\\",\\\"merchantId\\\":\\\"d8a71b916cf34aa895091e31804ec8f9\\\",\\\"skuId\\\":\\\"3b7c83c8aee449e384466cedd1739455\\\",\\\"f\\\":1,\\\"fnId\\\":\\\"ce4dd86743fd4a3f960bfb78a1c5c50b\\\",\\\"fnType\\\":\\\"wolverine\\\",\\\"by\\\":\\\"Vibranium\\\",\\\"at\\\":\\\"2019-07-29T04:42:49+00:00\\\",\\\"invUssn\\\":25,\\\"isInf\\\":false,\\\"ifa\\\":true,\\\"martAvail\\\":[{\\\"martId\\\":\\\"21\\\",\\\"ia\\\":true}],\\\"clt\\\":\\\"JoJ\\\"}\"}"}
{"id":"DBA4FF613F344E17B75AA21798400EF9","table":"killmonger_events_table","keyspace":"msku","timestamp":"2019-07-29T05:44:36.958Z","clusteringKeys":["5926","vbIdSellingIdInventoryUpdated/1","1564378912"],"changedColumns":["selling_id","fulfillment_node_id","event_type","update_at","stream_sequence_number","event_data"],"record":"{\"selling_id\":\"DBA4FF613F344E17B75AA21798400EF9\",\"fulfillment_node_id\":\"5926\",\"event_type\":\"vbIdSellingIdInventoryUpdated/1\",\"update_at\":1564378912,\"stream_sequence_number\":127,\"event_data\":\"{\\\"id\\\":\\\"4f3115cb7c414234a5169c89e5b86eb0\\\",\\\"vbId\\\":\\\"PantherMigrationVbId\\\",\\\"sellingId\\\":\\\"DBA4FF613F344E17B75AA21798400EF9\\\",\\\"merchantId\\\":\\\"9fc08905039048918982091f266c2a29\\\",\\\"skuId\\\":\\\"PantherMigrationSkuId\\\",\\\"f\\\":0,\\\"fnId\\\":\\\"5926\\\",\\\"by\\\":\\\"Killmonger.Migration.MapInWalmartInvUpdates\\\",\\\"at\\\":\\\"2019-07-29T05:41:52.866+00:00\\\",\\\"invUssn\\\":0,\\\"isInf\\\":false,\\\"ifa\\\":true,\\\"martAvail\\\":[{\\\"martId\\\":\\\"21\\\",\\\"ia\\\":true},{\\\"martId\\\":\\\"0\\\",\\\"ia\\\":true}],\\\"clt\\\":\\\"WoJ\\\"}\"}"}
{"id":"DBA4FF613F344E17B75AA21798400EF9","table":"killmonger_events_table","keyspace":"msku","timestamp":"2019-07-29T05:44:36.958Z","clusteringKeys":["5926","vbIdSellingIdInventoryUpdated/1","1564378912"],"changedColumns":["selling_id","fulfillment_node_id","event_type","update_at","stream_sequence_number","event_data"],"record":"{\"selling_id\":\"DBA4FF613F344E17B75AA21798400EF9\",\"fulfillment_node_id\":\"5926\",\"event_type\":\"vbIdSellingIdInventoryUpdated/1\",\"update_at\":1564378912,\"stream_sequence_number\":128,\"event_data\":\"{\\\"id\\\":\\\"4f3115cb7c414234a5169c89e5b86eb0\\\",\\\"vbId\\\":\\\"PantherMigrationVbId\\\",\\\"sellingId\\\":\\\"DBA4FF613F344E17B75AA21798400EF9\\\",\\\"merchantId\\\":\\\"9fc08905039048918982091f266c2a29\\\",\\\"skuId\\\":\\\"PantherMigrationSkuId\\\",\\\"f\\\":0,\\\"fnId\\\":\\\"5926\\\",\\\"by\\\":\\\"Killmonger.Migration.MapInWalmartInvUpdates\\\",\\\"at\\\":\\\"2019-07-29T05:41:52.866+00:00\\\",\\\"invUssn\\\":0,\\\"isInf\\\":false,\\\"ifa\\\":true,\\\"martAvail\\\":[{\\\"martId\\\":\\\"21\\\",\\\"ia\\\":true},{\\\"martId\\\":\\\"0\\\",\\\"ia\\\":true}],\\\"clt\\\":\\\"WoJ\\\"}\"}"}
{"id":"bdfbf62bcb9f4d0f97be6a18c74fac95","table":"killmonger_events_table","keyspace":"msku","timestamp":"2019-07-29T05:45:02.367Z","clusteringKeys":["fb72b6f9c1e54625a551711f6ee72714","updateVbIdSellingIdInventorySkipped/1","1564375344"],"changedColumns":["selling_id","fulfillment_node_id","event_type","update_at","stream_sequence_number","event_data"],"record":"{\"selling_id\":\"bdfbf62bcb9f4d0f97be6a18c74fac95\",\"fulfillment_node_id\":\"fb72b6f9c1e54625a551711f6ee72714\",\"event_type\":\"updateVbIdSellingIdInventorySkipped/1\",\"update_at\":1564375344,\"stream_sequence_number\":49,\"event_data\":\"{\\\"id\\\":\\\"fe920bf2e7194f239756f57690254374\\\",\\\"vbId\\\":\\\"bdfbf62bcb9f4d0f97be6a18c74fac95\\\",\\\"sellingId\\\":\\\"bdfbf62bcb9f4d0f97be6a18c74fac95\\\",\\\"merchantId\\\":\\\"e43cf7756d0b4ba8a4e9046774656ce8\\\",\\\"skuId\\\":\\\"bdfbf62bcb9f4d0f97be6a18c74fac95\\\",\\\"f\\\":119,\\\"fnId\\\":\\\"fb72b6f9c1e54625a551711f6ee72714\\\",\\\"fnType\\\":\\\"wolverine\\\",\\\"by\\\":\\\"Vibranium\\\",\\\"at\\\":\\\"2019-07-29T04:42:24+00:00\\\",\\\"invUssn\\\":49,\\\"isInf\\\":false}\"}"}
{"id":"e4181bdd816947b5a5abe2284183c594","table":"killmonger_events_table","keyspace":"msku","timestamp":"2019-07-29T05:40:44.606Z","clusteringKeys":["fb72b6f9c1e54625a551711f6ee72714","vbIdSellingIdInventoryUpdated/1","1564378075"],"changedColumns":["selling_id","fulfillment_node_id","event_type","update_at","stream_sequence_number","event_data"],"record":"{\"selling_id\":\"e4181bdd816947b5a5abe2284183c594\",\"fulfillment_node_id\":\"fb72b6f9c1e54625a551711f6ee72714\",\"event_type\":\"vbIdSellingIdInventoryUpdated/1\",\"update_at\":1564378075,\"stream_sequence_number\":40,\"event_data\":\"{\\\"id\\\":\\\"1c301400ec18446bae99bc3f8b6d11d9\\\",\\\"vbId\\\":\\\"e4181bdd816947b5a5abe2284183c594\\\",\\\"sellingId\\\":\\\"e4181bdd816947b5a5abe2284183c594\\\",\\\"merchantId\\\":\\\"e43cf7756d0b4ba8a4e9046774656ce8\\\",\\\"skuId\\\":\\\"e4181bdd816947b5a5abe2284183c594\\\",\\\"f\\\":138,\\\"fnId\\\":\\\"fb72b6f9c1e54625a551711f6ee72714\\\",\\\"fnType\\\":\\\"wolverine\\\",\\\"by\\\":\\\"Vibranium\\\",\\\"at\\\":\\\"2019-07-29T05:27:55+00:00\\\",\\\"invUssn\\\":49,\\\"isInf\\\":false,\\\"ifa\\\":true,\\\"martAvail\\\":[{\\\"martId\\\":\\\"21\\\",\\\"ia\\\":true}],\\\"clt\\\":\\\"JoJ\\\"}\"}"}
{"id":"84ca756c432b446d9d2c916b57c5b96f","table":"killmonger_events_table","keyspace":"msku","timestamp":"2019-07-29T05:40:44.607Z","clusteringKeys":["9b6aa4f1c023477482fa52f2c09d47ad","vbIdSellingIdInventoryUpdated/1","1564378154"],"changedColumns":["selling_id","fulfillment_node_id","event_type","update_at","stream_sequence_number","event_data"],"record":"{\"selling_id\":\"84ca756c432b446d9d2c916b57c5b96f\",\"fulfillment_node_id\":\"9b6aa4f1c023477482fa52f2c09d47ad\",\"event_type\":\"vbIdSellingIdInventoryUpdated/1\",\"update_at\":1564378154,\"stream_sequence_number\":220,\"event_data\":\"{\\\"id\\\":\\\"497e2f67a82c45079675119472e40c59\\\",\\\"vbId\\\":\\\"84ca756c432b446d9d2c916b57c5b96f\\\",\\\"sellingId\\\":\\\"84ca756c432b446d9d2c916b57c5b96f\\\",\\\"merchantId\\\":\\\"b69f703200ac46a683759dd9f1a3ab92\\\",\\\"skuId\\\":\\\"84ca756c432b446d9d2c916b57c5b96f\\\",\\\"f\\\":950,\\\"fnId\\\":\\\"9b6aa4f1c023477482fa52f2c09d47ad\\\",\\\"fnType\\\":\\\"wolverine\\\",\\\"by\\\":\\\"Vibranium\\\",\\\"at\\\":\\\"2019-07-29T05:29:14+00:00\\\",\\\"invUssn\\\":206,\\\"isInf\\\":false,\\\"ifa\\\":true,\\\"martAvail\\\":[{\\\"martId\\\":\\\"21\\\",\\\"ia\\\":true}],\\\"clt\\\":\\\"JoJ\\\"}\"}"}
{"id":"e1c45e795b5542a4a91e9a882bd60b39","table":"killmonger_events_table","keyspace":"msku","timestamp":"2019-07-29T05:45:02.365Z","clusteringKeys":["fb72b6f9c1e54625a551711f6ee72714","updateVbIdSellingIdInventorySkipped/1","1564377874"],"changedColumns":["selling_id","fulfillment_node_id","event_type","update_at","stream_sequence_number","event_data"],"record":"{\"selling_id\":\"e1c45e795b5542a4a91e9a882bd60b39\",\"fulfillment_node_id\":\"fb72b6f9c1e54625a551711f6ee72714\",\"event_type\":\"updateVbIdSellingIdInventorySkipped/1\",\"update_at\":1564377874,\"stream_sequence_number\":42,\"event_data\":\"{\\\"id\\\":\\\"608e1b141adb42a4b473eec1f9583334\\\",\\\"vbId\\\":\\\"e1c45e795b5542a4a91e9a882bd60b39\\\",\\\"sellingId\\\":\\\"e1c45e795b5542a4a91e9a882bd60b39\\\",\\\"merchantId\\\":\\\"e43cf7756d0b4ba8a4e9046774656ce8\\\",\\\"skuId\\\":\\\"e1c45e795b5542a4a91e9a882bd60b39\\\",\\\"f\\\":67,\\\"fnId\\\":\\\"fb72b6f9c1e54625a551711f6ee72714\\\",\\\"fnType\\\":\\\"wolverine\\\",\\\"by\\\":\\\"Vibranium\\\",\\\"at\\\":\\\"2019-07-29T05:24:34+00:00\\\",\\\"invUssn\\\":49,\\\"isInf\\\":false}\"}"}
{"id":"32495c27d1ca45ea9ae4c4c6309b1ec2","table":"killmonger_events_table","keyspace":"msku","timestamp":"2019-07-29T05:45:02.365Z","clusteringKeys":["42dc87adbcd54f78ad8d3b9867bdaf53","vbIdSellingIdInventoryUpdated/1","1564378269"],"changedColumns":["selling_id","fulfillment_node_id","event_type","update_at","stream_sequence_number","event_data"],"record":"{\"selling_id\":\"32495c27d1ca45ea9ae4c4c6309b1ec2\",\"fulfillment_node_id\":\"42dc87adbcd54f78ad8d3b9867bdaf53\",\"event_type\":\"vbIdSellingIdInventoryUpdated/1\",\"update_at\":1564378269,\"stream_sequence_number\":291,\"event_data\":\"{\\\"id\\\":\\\"435c7777888147e29ba03b937d34c13f\\\",\\\"vbId\\\":\\\"32495c27d1ca45ea9ae4c4c6309b1ec2\\\",\\\"sellingId\\\":\\\"32495c27d1ca45ea9ae4c4c6309b1ec2\\\",\\\"merchantId\\\":\\\"7ebc52dd048b492493bef966f97b4eb3\\\",\\\"skuId\\\":\\\"32495c27d1ca45ea9ae4c4c6309b1ec2\\\",\\\"f\\\":28,\\\"fnId\\\":\\\"42dc87adbcd54f78ad8d3b9867bdaf53\\\",\\\"fnType\\\":\\\"wolverine\\\",\\\"by\\\":\\\"Vibranium\\\",\\\"at\\\":\\\"2019-07-29T05:31:09+00:00\\\",\\\"invUssn\\\":348,\\\"isInf\\\":false,\\\"ifa\\\":true,\\\"martAvail\\\":[{\\\"martId\\\":\\\"21\\\",\\\"ia\\\":true}],\\\"clt\\\":\\\"JoJ\\\"}\"}"}
{"id":"B9DD8BEF451D4951910BD2BDB7311F58","table":"killmonger_events_table","keyspace":"msku","timestamp":"2019-07-29T05:45:03.419Z","clusteringKeys":["4364","vbIdSellingIdInventoryUpdated/1","1564378911"],"changedColumns":["selling_id","fulfillment_node_id","event_type","update_at","stream_sequence_number","event_data"],"record":"{\"selling_id\":\"B9DD8BEF451D4951910BD2BDB7311F58\",\"fulfillment_node_id\":\"4364\",\"event_type\":\"vbIdSellingIdInventoryUpdated/1\",\"update_at\":1564378911,\"stream_sequence_number\":130,\"event_data\":\"{\\\"id\\\":\\\"ff53da4b8a8d4161b8f11b3ceffffafd\\\",\\\"vbId\\\":\\\"PantherMigrationVbId\\\",\\\"sellingId\\\":\\\"B9DD8BEF451D4951910BD2BDB7311F58\\\",\\\"merchantId\\\":\\\"9fc08905039048918982091f266c2a29\\\",\\\"skuId\\\":\\\"PantherMigrationSkuId\\\",\\\"f\\\":0,\\\"fnId\\\":\\\"4364\\\",\\\"by\\\":\\\"Killmonger.Migration.MapInWalmartInvUpdates\\\",\\\"at\\\":\\\"2019-07-29T05:41:51.734+00:00\\\",\\\"invUssn\\\":0,\\\"isInf\\\":false,\\\"ifa\\\":true,\\\"martAvail\\\":[{\\\"martId\\\":\\\"21\\\",\\\"ia\\\":true},{\\\"martId\\\":\\\"0\\\",\\\"ia\\\":true}],\\\"clt\\\":\\\"WoJ\\\"}\"}"}
{"id":"16E71F8F89DE47CAB17036F4564E56EE","table":"killmonger_events_table","keyspace":"msku","timestamp":"2019-07-29T05:40:44.607Z","clusteringKeys":["48785","vbIdSellingIdInventoryUpdated/1","1564378907"],"changedColumns":["selling_id","fulfillment_node_id","event_type","update_at","stream_sequence_number","event_data"],"record":"{\"selling_id\":\"16E71F8F89DE47CAB17036F4564E56EE\",\"fulfillment_node_id\":\"48785\",\"event_type\":\"vbIdSellingIdInventoryUpdated/1\",\"update_at\":1564378907,\"stream_sequence_number\":131,\"event_data\":\"{\\\"id\\\":\\\"2758b827901e45e999eabb1795a37095\\\",\\\"vbId\\\":\\\"PantherMigrationVbId\\\",\\\"sellingId\\\":\\\"16E71F8F89DE47CAB17036F4564E56EE\\\",\\\"merchantId\\\":\\\"9fc08905039048918982091f266c2a29\\\",\\\"skuId\\\":\\\"PantherMigrationSkuId\\\",\\\"f\\\":0,\\\"fnId\\\":\\\"48785\\\",\\\"by\\\":\\\"Killmonger.Migration.MapInWalmartInvUpdates\\\",\\\"at\\\":\\\"2019-07-29T05:41:47.991+00:00\\\",\\\"invUssn\\\":0,\\\"isInf\\\":false,\\\"ifa\\\":true,\\\"martAvail\\\":[{\\\"martId\\\":\\\"21\\\",\\\"ia\\\":true},{\\\"martId\\\":\\\"0\\\",\\\"ia\\\":true}],\\\"clt\\\":\\\"WoJ\\\"}\"}"}
{"id":"16E71F8F89DE47CAB17036F4564E56EE","table":"killmonger_events_table","keyspace":"msku","timestamp":"2019-07-29T05:40:44.607Z","clusteringKeys":["48785","vbIdSellingIdInventoryUpdated/1","1564378907"],"changedColumns":["selling_id","fulfillment_node_id","event_type","update_at","stream_sequence_number","event_data"],"record":"{\"selling_id\":\"16E71F8F89DE47CAB17036F4564E56EE\",\"fulfillment_node_id\":\"48785\",\"event_type\":\"vbIdSellingIdInventoryUpdated/1\",\"update_at\":1564378907,\"stream_sequence_number\":132,\"event_data\":\"{\\\"id\\\":\\\"2758b827901e45e999eabb1795a37095\\\",\\\"vbId\\\":\\\"PantherMigrationVbId\\\",\\\"sellingId\\\":\\\"16E71F8F89DE47CAB17036F4564E56EE\\\",\\\"merchantId\\\":\\\"9fc08905039048918982091f266c2a29\\\",\\\"skuId\\\":\\\"PantherMigrationSkuId\\\",\\\"f\\\":0,\\\"fnId\\\":\\\"48785\\\",\\\"by\\\":\\\"Killmonger.Migration.MapInWalmartInvUpdates\\\",\\\"at\\\":\\\"2019-07-29T05:41:47.991+00:00\\\",\\\"invUssn\\\":0,\\\"isInf\\\":false,\\\"ifa\\\":true,\\\"martAvail\\\":[{\\\"martId\\\":\\\"21\\\",\\\"ia\\\":true},{\\\"martId\\\":\\\"0\\\",\\\"ia\\\":true}],\\\"clt\\\":\\\"WoJ\\\"}\"}"}
{"id":"16E71F8F89DE47CAB17036F4564E56EE","table":"killmonger_events_table","keyspace":"msku","timestamp":"2019-07-29T05:40:44.607Z","clusteringKeys":["48785","vbIdSellingIdInventoryUpdated/1","1564378907"],"changedColumns":["selling_id","fulfillment_node_id","event_type","update_at","stream_sequence_number","event_data"],"record":"{\"selling_id\":\"16E71F8F89DE47CAB17036F4564E56EE\",\"fulfillment_node_id\":\"48785\",\"event_type\":\"vbIdSellingIdInventoryUpdated/1\",\"update_at\":1564378907,\"stream_sequence_number\":133,\"event_data\":\"{\\\"id\\\":\\\"2758b827901e45e999eabb1795a37095\\\",\\\"vbId\\\":\\\"PantherMigrationVbId\\\",\\\"sellingId\\\":\\\"16E71F8F89DE47CAB17036F4564E56EE\\\",\\\"merchantId\\\":\\\"9fc08905039048918982091f266c2a29\\\",\\\"skuId\\\":\\\"PantherMigrationSkuId\\\",\\\"f\\\":0,\\\"fnId\\\":\\\"48785\\\",\\\"by\\\":\\\"Killmonger.Migration.MapInWalmartInvUpdates\\\",\\\"at\\\":\\\"2019-07-29T05:41:47.991+00:00\\\",\\\"invUssn\\\":0,\\\"isInf\\\":false,\\\"ifa\\\":true,\\\"martAvail\\\":[{\\\"martId\\\":\\\"21\\\",\\\"ia\\\":true},{\\\"martId\\\":\\\"0\\\",\\\"ia\\\":true}],\\\"clt\\\":\\\"WoJ\\\"}\"}"}
{"id":"9003a1cb69354cc9957f90cae4cd0739","table":"killmonger_events_table","keyspace":"msku","timestamp":"2019-07-29T05:45:02.365Z","clusteringKeys":["dd0288ed976f47ababdc2d0a96b0ff3b","vbIdSellingIdInventoryUpdated/1","1564375014"],"changedColumns":["selling_id","fulfillment_node_id","event_type","update_at","stream_sequence_number","event_data"],"record":"{\"selling_id\":\"9003a1cb69354cc9957f90cae4cd0739\",\"fulfillment_node_id\":\"dd0288ed976f47ababdc2d0a96b0ff3b\",\"event_type\":\"vbIdSellingIdInventoryUpdated/1\",\"update_at\":1564375014,\"stream_sequence_number\":106,\"event_data\":\"{\\\"id\\\":\\\"7a5a497bf29f4115ba84dcc0b6a114d8\\\",\\\"vbId\\\":\\\"9003a1cb69354cc9957f90cae4cd0739\\\",\\\"sellingId\\\":\\\"9003a1cb69354cc9957f90cae4cd0739\\\",\\\"merchantId\\\":\\\"a8550aa2c31442be9a7b8b2de5618401\\\",\\\"skuId\\\":\\\"9003a1cb69354cc9957f90cae4cd0739\\\",\\\"f\\\":20,\\\"fnId\\\":\\\"dd0288ed976f47ababdc2d0a96b0ff3b\\\",\\\"fnType\\\":\\\"wolverine\\\",\\\"by\\\":\\\"Vibranium\\\",\\\"at\\\":\\\"2019-07-29T04:36:54+00:00\\\",\\\"invUssn\\\":85,\\\"isInf\\\":false,\\\"ifa\\\":true,\\\"martAvail\\\":[{\\\"martId\\\":\\\"21\\\",\\\"ia\\\":true}],\\\"clt\\\":\\\"JoJ\\\"}\"}"}
{"id":"9003a1cb69354cc9957f90cae4cd0739","table":"killmonger_events_table","keyspace":"msku","timestamp":"2019-07-29T05:45:02.367Z","clusteringKeys":["dd0288ed976f47ababdc2d0a96b0ff3b","updateVbIdSellingIdInventorySkipped/1","1564375014"],"changedColumns":["selling_id","fulfillment_node_id","event_type","update_at","stream_sequence_number","event_data"],"record":"{\"selling_id\":\"9003a1cb69354cc9957f90cae4cd0739\",\"fulfillment_node_id\":\"dd0288ed976f47ababdc2d0a96b0ff3b\",\"event_type\":\"updateVbIdSellingIdInventorySkipped/1\",\"update_at\":1564375014,\"stream_sequence_number\":107,\"event_data\":\"{\\\"id\\\":\\\"bfefcc63fa464810b7cc3b7caaf71ea2\\\",\\\"vbId\\\":\\\"9003a1cb69354cc9957f90cae4cd0739\\\",\\\"sellingId\\\":\\\"9003a1cb69354cc9957f90cae4cd0739\\\",\\\"merchantId\\\":\\\"a8550aa2c31442be9a7b8b2de5618401\\\",\\\"skuId\\\":\\\"9003a1cb69354cc9957f90cae4cd0739\\\",\\\"f\\\":20,\\\"fnId\\\":\\\"dd0288ed976f47ababdc2d0a96b0ff3b\\\",\\\"fnType\\\":\\\"wolverine\\\",\\\"by\\\":\\\"Vibranium\\\",\\\"at\\\":\\\"2019-07-29T04:36:54+00:00\\\",\\\"invUssn\\\":85,\\\"isInf\\\":false}\"}"}
{"id":"E832736EEF6D48FDADDA8BB3E203A7A3","table":"killmonger_events_table","keyspace":"msku","timestamp":"2019-07-29T05:45:03.421Z","clusteringKeys":["2750","vbIdSellingIdInventoryUpdated/1","1564378913"],"changedColumns":["selling_id","fulfillment_node_id","event_type","update_at","stream_sequence_number","event_data"],"record":"{\"selling_id\":\"E832736EEF6D48FDADDA8BB3E203A7A3\",\"fulfillment_node_id\":\"2750\",\"event_type\":\"vbIdSellingIdInventoryUpdated/1\",\"update_at\":1564378913,\"stream_sequence_number\":95,\"event_data\":\"{\\\"id\\\":\\\"135fa50457494da7a9326dc5a2d08beb\\\",\\\"vbId\\\":\\\"PantherMigrationVbId\\\",\\\"sellingId\\\":\\\"E832736EEF6D48FDADDA8BB3E203A7A3\\\",\\\"merchantId\\\":\\\"9fc08905039048918982091f266c2a29\\\",\\\"skuId\\\":\\\"PantherMigrationSkuId\\\",\\\"f\\\":0,\\\"fnId\\\":\\\"2750\\\",\\\"by\\\":\\\"Killmonger.Migration.MapInWalmartInvUpdates\\\",\\\"at\\\":\\\"2019-07-29T05:41:53.166+00:00\\\",\\\"invUssn\\\":0,\\\"isInf\\\":false,\\\"ifa\\\":true,\\\"martAvail\\\":[{\\\"martId\\\":\\\"21\\\",\\\"ia\\\":true},{\\\"martId\\\":\\\"0\\\",\\\"ia\\\":true}],\\\"clt\\\":\\\"WoJ\\\"}\"}"}
{"id":"345CBEE7C78E4E829C6881FE45BB6A42","table":"killmonger_events_table","keyspace":"msku","timestamp":"2019-07-29T05:44:36.947Z","clusteringKeys":["2698","vbIdSellingIdInventoryUpdated/1","1564378909"],"changedColumns":["selling_id","fulfillment_node_id","event_type","update_at","stream_sequence_number","event_data"],"record":"{\"selling_id\":\"345CBEE7C78E4E829C6881FE45BB6A42\",\"fulfillment_node_id\":\"2698\",\"event_type\":\"vbIdSellingIdInventoryUpdated/1\",\"update_at\":1564378909,\"stream_sequence_number\":99,\"event_data\":\"{\\\"id\\\":\\\"be20753479994c0a845b04f4e69a315f\\\",\\\"vbId\\\":\\\"PantherMigrationVbId\\\",\\\"sellingId\\\":\\\"345CBEE7C78E4E829C6881FE45BB6A42\\\",\\\"merchantId\\\":\\\"9fc08905039048918982091f266c2a29\\\",\\\"skuId\\\":\\\"PantherMigrationSkuId\\\",\\\"f\\\":0,\\\"fnId\\\":\\\"2698\\\",\\\"by\\\":\\\"Killmonger.Migration.MapInWalmartInvUpdates\\\",\\\"at\\\":\\\"2019-07-29T05:41:49.001+00:00\\\",\\\"invUssn\\\":0,\\\"isInf\\\":false,\\\"ifa\\\":true,\\\"martAvail\\\":[{\\\"martId\\\":\\\"21\\\",\\\"ia\\\":true},{\\\"martId\\\":\\\"0\\\",\\\"ia\\\":true}],\\\"clt\\\":\\\"WoJ\\\"}\"}"}
{"id":"345CBEE7C78E4E829C6881FE45BB6A42","table":"killmonger_events_table","keyspace":"msku","timestamp":"2019-07-29T05:44:36.947Z","clusteringKeys":["2698","vbIdSellingIdInventoryUpdated/1","1564378909"],"changedColumns":["selling_id","fulfillment_node_id","event_type","update_at","stream_sequence_number","event_data"],"record":"{\"selling_id\":\"345CBEE7C78E4E829C6881FE45BB6A42\",\"fulfillment_node_id\":\"2698\",\"event_type\":\"vbIdSellingIdInventoryUpdated/1\",\"update_at\":1564378909,\"stream_sequence_number\":100,\"event_data\":\"{\\\"id\\\":\\\"be20753479994c0a845b04f4e69a315f\\\",\\\"vbId\\\":\\\"PantherMigrationVbId\\\",\\\"sellingId\\\":\\\"345CBEE7C78E4E829C6881FE45BB6A42\\\",\\\"merchantId\\\":\\\"9fc08905039048918982091f266c2a29\\\",\\\"skuId\\\":\\\"PantherMigrationSkuId\\\",\\\"f\\\":0,\\\"fnId\\\":\\\"2698\\\",\\\"by\\\":\\\"Killmonger.Migration.MapInWalmartInvUpdates\\\",\\\"at\\\":\\\"2019-07-29T05:41:49.001+00:00\\\",\\\"invUssn\\\":0,\\\"isInf\\\":false,\\\"ifa\\\":true,\\\"martAvail\\\":[{\\\"martId\\\":\\\"21\\\",\\\"ia\\\":true},{\\\"martId\\\":\\\"0\\\",\\\"ia\\\":true}],\\\"clt\\\":\\\"WoJ\\\"}\"}"}
{"id":"03FB550B0C34401AA4A15744FC3CB488","table":"killmonger_events_table","keyspace":"msku","timestamp":"2019-07-29T05:44:36.949Z","clusteringKeys":["10000002304","vbIdSellingIdInventoryUpdated/1","1564378230"],"changedColumns":["selling_id","fulfillment_node_id","event_type","update_at","stream_sequence_number","event_data"],"record":"{\"selling_id\":\"03FB550B0C34401AA4A15744FC3CB488\",\"fulfillment_node_id\":\"10000002304\",\"event_type\":\"vbIdSellingIdInventoryUpdated/1\",\"update_at\":1564378230,\"stream_sequence_number\":43,\"event_data\":\"{\\\"id\\\":\\\"d29fbdf7de08470bbdc5dd41e3a201f8\\\",\\\"vbId\\\":\\\"LVX-8428-57-2208\\\",\\\"sellingId\\\":\\\"03FB550B0C34401AA4A15744FC3CB488\\\",\\\"merchantId\\\":\\\"2208\\\",\\\"skuId\\\":\\\"LVX-8428-57\\\",\\\"f\\\":7,\\\"fnId\\\":\\\"10000002304\\\",\\\"fnType\\\":\\\"MARKETPLACE\\\",\\\"by\\\":\\\"Vibranium\\\",\\\"at\\\":\\\"2019-07-29T05:30:30+00:00\\\",\\\"invUssn\\\":36,\\\"catUssn\\\":0,\\\"isInf\\\":false,\\\"ifa\\\":true,\\\"martAvail\\\":[{\\\"martId\\\":\\\"0\\\",\\\"ia\\\":true}],\\\"clt\\\":\\\"WoW\\\"}\"}"}
{"id":"4004c9c7c7dc4d28862bfe33ea09ac5e","table":"killmonger_events_table","keyspace":"msku","timestamp":"2019-07-29T05:44:36.949Z","clusteringKeys":["3cbcc7e28aac4f6fb0a8cde4e85483c0","updateVbIdSellingIdInventorySkipped/1","1564378299"],"changedColumns":["selling_id","fulfillment_node_id","event_type","update_at","stream_sequence_number","event_data"],"record":"{\"selling_id\":\"4004c9c7c7dc4d28862bfe33ea09ac5e\",\"fulfillment_node_id\":\"3cbcc7e28aac4f6fb0a8cde4e85483c0\",\"event_type\":\"updateVbIdSellingIdInventorySkipped/1\",\"update_at\":1564378299,\"stream_sequence_number\":96,\"event_data\":\"{\\\"id\\\":\\\"6397cc3bdb124f2f96d9dfe4a442d16f\\\",\\\"vbId\\\":\\\"4004c9c7c7dc4d28862bfe33ea09ac5e\\\",\\\"sellingId\\\":\\\"4004c9c7c7dc4d28862bfe33ea09ac5e\\\",\\\"merchantId\\\":\\\"7eaf70709bf149f890dc3a845871dab4\\\",\\\"skuId\\\":\\\"4004c9c7c7dc4d28862bfe33ea09ac5e\\\",\\\"f\\\":559,\\\"fnId\\\":\\\"3cbcc7e28aac4f6fb0a8cde4e85483c0\\\",\\\"fnType\\\":\\\"wolverine\\\",\\\"by\\\":\\\"Vibranium\\\",\\\"at\\\":\\\"2019-07-29T05:31:39+00:00\\\",\\\"invUssn\\\":79,\\\"isInf\\\":false}\"}"}
{"id":"7481BE1527444404AD6FC81D167669E3","table":"killmonger_events_table","keyspace":"msku","timestamp":"2019-07-29T05:44:36.952Z","clusteringKeys":["8306","vbIdSellingIdInventoryUpdated/1","1564376137"],"changedColumns":["selling_id","fulfillment_node_id","event_type","update_at","stream_sequence_number","event_data"],"record":"{\"selling_id\":\"7481BE1527444404AD6FC81D167669E3\",\"fulfillment_node_id\":\"8306\",\"event_type\":\"vbIdSellingIdInventoryUpdated/1\",\"update_at\":1564376137,\"stream_sequence_number\":131,\"event_data\":\"{\\\"id\\\":\\\"a1914a72f54a4e029939c9688fff9f30\\\",\\\"vbId\\\":\\\"PantherMigrationVbId\\\",\\\"sellingId\\\":\\\"7481BE1527444404AD6FC81D167669E3\\\",\\\"merchantId\\\":\\\"9fc08905039048918982091f266c2a29\\\",\\\"skuId\\\":\\\"PantherMigrationSkuId\\\",\\\"f\\\":0,\\\"fnId\\\":\\\"8306\\\",\\\"by\\\":\\\"Killmonger.Migration.MapInWalmartInvUpdates\\\",\\\"at\\\":\\\"2019-07-29T04:55:37.482+00:00\\\",\\\"invUssn\\\":0,\\\"isInf\\\":false,\\\"ifa\\\":true,\\\"martAvail\\\":[{\\\"martId\\\":\\\"21\\\",\\\"ia\\\":true},{\\\"martId\\\":\\\"0\\\",\\\"ia\\\":true}],\\\"clt\\\":\\\"WoJ\\\"}\"}"}
{"id":"03FB550B0C34401AA4A15744FC3CB488","table":"killmonger_events_table","keyspace":"msku","timestamp":"2019-07-29T05:44:36.952Z","clusteringKeys":["10000002304","updateVbIdSellingIdInventorySkipped/1","1564378230"],"changedColumns":["selling_id","fulfillment_node_id","event_type","update_at","stream_sequence_number","event_data"],"record":"{\"selling_id\":\"03FB550B0C34401AA4A15744FC3CB488\",\"fulfillment_node_id\":\"10000002304\",\"event_type\":\"updateVbIdSellingIdInventorySkipped/1\",\"update_at\":1564378230,\"stream_sequence_number\":44,\"event_data\":\"{\\\"id\\\":\\\"d29fbdf7de08470bbdc5dd41e3a201f8\\\",\\\"vbId\\\":\\\"LVX-8428-57-2208\\\",\\\"sellingId\\\":\\\"03FB550B0C34401AA4A15744FC3CB488\\\",\\\"merchantId\\\":\\\"2208\\\",\\\"skuId\\\":\\\"LVX-8428-57\\\",\\\"f\\\":7,\\\"fnId\\\":\\\"10000002304\\\",\\\"fnType\\\":\\\"MARKETPLACE\\\",\\\"by\\\":\\\"Vibranium\\\",\\\"at\\\":\\\"2019-07-29T05:30:30+00:00\\\",\\\"invUssn\\\":36,\\\"catUssn\\\":0,\\\"isInf\\\":false}\"}"}
{"id":"03FB550B0C34401AA4A15744FC3CB488","table":"killmonger_events_table","keyspace":"msku","timestamp":"2019-07-29T05:44:36.952Z","clusteringKeys":["10000002304","updateVbIdSellingIdInventorySkipped/1","1564378230"],"changedColumns":["selling_id","fulfillment_node_id","event_type","update_at","stream_sequence_number","event_data"],"record":"{\"selling_id\":\"03FB550B0C34401AA4A15744FC3CB488\",\"fulfillment_node_id\":\"10000002304\",\"event_type\":\"updateVbIdSellingIdInventorySkipped/1\",\"update_at\":1564378230,\"stream_sequence_number\":45,\"event_data\":\"{\\\"id\\\":\\\"d29fbdf7de08470bbdc5dd41e3a201f8\\\",\\\"vbId\\\":\\\"LVX-8428-57-2208\\\",\\\"sellingId\\\":\\\"03FB550B0C34401AA4A15744FC3CB488\\\",\\\"merchantId\\\":\\\"2208\\\",\\\"skuId\\\":\\\"LVX-8428-57\\\",\\\"f\\\":7,\\\"fnId\\\":\\\"10000002304\\\",\\\"fnType\\\":\\\"MARKETPLACE\\\",\\\"by\\\":\\\"Vibranium\\\",\\\"at\\\":\\\"2019-07-29T05:30:30+00:00\\\",\\\"invUssn\\\":36,\\\"catUssn\\\":0,\\\"isInf\\\":false}\"}"}
{"id":"CED9762A918E419B9EFFC2A5C3A867E7","table":"killmonger_events_table","keyspace":"msku","timestamp":"2019-07-29T05:44:36.953Z","clusteringKeys":["2623","vbIdSellingIdInventoryUpdated/1","1564378911"],"changedColumns":["selling_id","fulfillment_node_id","event_type","update_at","stream_sequence_number","event_data"],"record":"{\"selling_id\":\"CED9762A918E419B9EFFC2A5C3A867E7\",\"fulfillment_node_id\":\"2623\",\"event_type\":\"vbIdSellingIdInventoryUpdated/1\",\"update_at\":1564378911,\"stream_sequence_number\":136,\"event_data\":\"{\\\"id\\\":\\\"c12d047afdc545da9765bd1ab3373559\\\",\\\"vbId\\\":\\\"PantherMigrationVbId\\\",\\\"sellingId\\\":\\\"CED9762A918E419B9EFFC2A5C3A867E7\\\",\\\"merchantId\\\":\\\"9fc08905039048918982091f266c2a29\\\",\\\"skuId\\\":\\\"PantherMigrationSkuId\\\",\\\"f\\\":0,\\\"fnId\\\":\\\"2623\\\",\\\"by\\\":\\\"Killmonger.Migration.MapInWalmartInvUpdates\\\",\\\"at\\\":\\\"2019-07-29T05:41:51.856+00:00\\\",\\\"invUssn\\\":0,\\\"isInf\\\":false,\\\"ifa\\\":true,\\\"martAvail\\\":[{\\\"martId\\\":\\\"21\\\",\\\"ia\\\":true},{\\\"martId\\\":\\\"0\\\",\\\"ia\\\":true}],\\\"clt\\\":\\\"WoJ\\\"}\"}"}
{"id":"b2db00e3912e4c0eb3f53726b0457dba","table":"killmonger_events_table","keyspace":"msku","timestamp":"2019-07-29T05:45:02.376Z","clusteringKeys":["2b8139331b8d4f0cbe92086b7bb94928","updateVbIdSellingIdInventorySkipped/1","1564378035"],"changedColumns":["selling_id","fulfillment_node_id","event_type","update_at","stream_sequence_number","event_data"],"record":"{\"selling_id\":\"b2db00e3912e4c0eb3f53726b0457dba\",\"fulfillment_node_id\":\"2b8139331b8d4f0cbe92086b7bb94928\",\"event_type\":\"updateVbIdSellingIdInventorySkipped/1\",\"update_at\":1564378035,\"stream_sequence_number\":376,\"event_data\":\"{\\\"id\\\":\\\"ac3ffead6c8440fb93a75cc988946c23\\\",\\\"vbId\\\":\\\"b2db00e3912e4c0eb3f53726b0457dba\\\",\\\"sellingId\\\":\\\"b2db00e3912e4c0eb3f53726b0457dba\\\",\\\"merchantId\\\":\\\"cb6c7ae5e97c4fac955c07296ff32dc7\\\",\\\"skuId\\\":\\\"b2db00e3912e4c0eb3f53726b0457dba\\\",\\\"f\\\":100,\\\"fnId\\\":\\\"2b8139331b8d4f0cbe92086b7bb94928\\\",\\\"fnType\\\":\\\"wolverine\\\",\\\"by\\\":\\\"Vibranium\\\",\\\"at\\\":\\\"2019-07-29T05:27:15+00:00\\\",\\\"invUssn\\\":428,\\\"isInf\\\":false}\"}"}
{"id":"D2C011164016475489312C99291012EC","table":"killmonger_events_table","keyspace":"msku","timestamp":"2019-07-29T05:45:02.419Z","clusteringKeys":["6284","vbIdSellingIdInventoryUpdated/1","1564378911"],"changedColumns":["selling_id","fulfillment_node_id","event_type","update_at","stream_sequence_number","event_data"],"record":"{\"selling_id\":\"D2C011164016475489312C99291012EC\",\"fulfillment_node_id\":\"6284\",\"event_type\":\"vbIdSellingIdInventoryUpdated/1\",\"update_at\":1564378911,\"stream_sequence_number\":277,\"event_data\":\"{\\\"id\\\":\\\"c3598d187d1c4706b1dc6306a9e79404\\\",\\\"vbId\\\":\\\"PantherMigrationVbId\\\",\\\"sellingId\\\":\\\"D2C011164016475489312C99291012EC\\\",\\\"merchantId\\\":\\\"9fc08905039048918982091f266c2a29\\\",\\\"skuId\\\":\\\"PantherMigrationSkuId\\\",\\\"f\\\":26,\\\"fnId\\\":\\\"6284\\\",\\\"by\\\":\\\"Killmonger.Migration.MapInWalmartInvUpdates\\\",\\\"at\\\":\\\"2019-07-29T05:41:51.434+00:00\\\",\\\"invUssn\\\":0,\\\"isInf\\\":false,\\\"ifa\\\":true,\\\"martAvail\\\":[{\\\"martId\\\":\\\"21\\\",\\\"ia\\\":true},{\\\"martId\\\":\\\"0\\\",\\\"ia\\\":true}],\\\"clt\\\":\\\"WoJ\\\"}\"}"}
{"id":"D2C011164016475489312C99291012EC","table":"killmonger_events_table","keyspace":"msku","timestamp":"2019-07-29T05:45:02.419Z","clusteringKeys":["6284","vbIdSellingIdInventoryUpdated/1","1564378911"],"changedColumns":["selling_id","fulfillment_node_id","event_type","update_at","stream_sequence_number","event_data"],"record":"{\"selling_id\":\"D2C011164016475489312C99291012EC\",\"fulfillment_node_id\":\"6284\",\"event_type\":\"vbIdSellingIdInventoryUpdated/1\",\"update_at\":1564378911,\"stream_sequence_number\":278,\"event_data\":\"{\\\"id\\\":\\\"c3598d187d1c4706b1dc6306a9e79404\\\",\\\"vbId\\\":\\\"PantherMigrationVbId\\\",\\\"sellingId\\\":\\\"D2C011164016475489312C99291012EC\\\",\\\"merchantId\\\":\\\"9fc08905039048918982091f266c2a29\\\",\\\"skuId\\\":\\\"PantherMigrationSkuId\\\",\\\"f\\\":26,\\\"fnId\\\":\\\"6284\\\",\\\"by\\\":\\\"Killmonger.Migration.MapInWalmartInvUpdates\\\",\\\"at\\\":\\\"2019-07-29T05:41:51.434+00:00\\\",\\\"invUssn\\\":0,\\\"isInf\\\":false,\\\"ifa\\\":true,\\\"martAvail\\\":[{\\\"martId\\\":\\\"21\\\",\\\"ia\\\":true},{\\\"martId\\\":\\\"0\\\",\\\"ia\\\":true}],\\\"clt\\\":\\\"WoJ\\\"}\"}"}
{"id":"d77bb551fa4444c9965c6c37bb86af65","table":"killmonger_events_table","keyspace":"msku","timestamp":"2019-07-29T05:44:37.001Z","clusteringKeys":["fb72b6f9c1e54625a551711f6ee72714","vbIdSellingIdInventoryUpdated/1","1564378075"],"changedColumns":["selling_id","fulfillment_node_id","event_type","update_at","stream_sequence_number","event_data"],"record":"{\"selling_id\":\"d77bb551fa4444c9965c6c37bb86af65\",\"fulfillment_node_id\":\"fb72b6f9c1e54625a551711f6ee72714\",\"event_type\":\"vbIdSellingIdInventoryUpdated/1\",\"update_at\":1564378075,\"stream_sequence_number\":41,\"event_data\":\"{\\\"id\\\":\\\"3ce21c43e0df4e0497fcf4fd0a624f03\\\",\\\"vbId\\\":\\\"d77bb551fa4444c9965c6c37bb86af65\\\",\\\"sellingId\\\":\\\"d77bb551fa4444c9965c6c37bb86af65\\\",\\\"merchantId\\\":\\\"e43cf7756d0b4ba8a4e9046774656ce8\\\",\\\"skuId\\\":\\\"d77bb551fa4444c9965c6c37bb86af65\\\",\\\"f\\\":53,\\\"fnId\\\":\\\"fb72b6f9c1e54625a551711f6ee72714\\\",\\\"fnType\\\":\\\"wolverine\\\",\\\"by\\\":\\\"Vibranium\\\",\\\"at\\\":\\\"2019-07-29T05:27:55+00:00\\\",\\\"invUssn\\\":50,\\\"isInf\\\":false,\\\"ifa\\\":true,\\\"martAvail\\\":[{\\\"martId\\\":\\\"21\\\",\\\"ia\\\":true}],\\\"clt\\\":\\\"JoJ\\\"}\"}"}
{"id":"9ea8c3645ff040e79eb0dcb6fe471f1a","table":"killmonger_events_table","keyspace":"msku","timestamp":"2019-07-29T05:44:37.001Z","clusteringKeys":["fb72b6f9c1e54625a551711f6ee72714","updateVbIdSellingIdInventorySkipped/1","1564375727"],"changedColumns":["selling_id","fulfillment_node_id","event_type","update_at","stream_sequence_number","event_data"],"record":"{\"selling_id\":\"9ea8c3645ff040e79eb0dcb6fe471f1a\",\"fulfillment_node_id\":\"fb72b6f9c1e54625a551711f6ee72714\",\"event_type\":\"updateVbIdSellingIdInventorySkipped/1\",\"update_at\":1564375727,\"stream_sequence_number\":40,\"event_data\":\"{\\\"id\\\":\\\"31833b1e343d4dfab6b21128fd0e0af9\\\",\\\"vbId\\\":\\\"9ea8c3645ff040e79eb0dcb6fe471f1a\\\",\\\"sellingId\\\":\\\"9ea8c3645ff040e79eb0dcb6fe471f1a\\\",\\\"merchantId\\\":\\\"e43cf7756d0b4ba8a4e9046774656ce8\\\",\\\"skuId\\\":\\\"9ea8c3645ff040e79eb0dcb6fe471f1a\\\",\\\"f\\\":60,\\\"fnId\\\":\\\"fb72b6f9c1e54625a551711f6ee72714\\\",\\\"fnType\\\":\\\"wolverine\\\",\\\"by\\\":\\\"Vibranium\\\",\\\"at\\\":\\\"2019-07-29T04:48:47+00:00\\\",\\\"invUssn\\\":48,\\\"isInf\\\":false}\"}"}
{"id":"2A18C48DED8F44B2978FCF3ABBAE936E","table":"killmonger_events_table","keyspace":"msku","timestamp":"2019-07-29T05:44:37.002Z","clusteringKeys":["2378","vbIdSellingIdInventoryUpdated/1","1564378907"],"changedColumns":["selling_id","fulfillment_node_id","event_type","update_at","stream_sequence_number","event_data"],"record":"{\"selling_id\":\"2A18C48DED8F44B2978FCF3ABBAE936E\",\"fulfillment_node_id\":\"2378\",\"event_type\":\"vbIdSellingIdInventoryUpdated/1\",\"update_at\":1564378907,\"stream_sequence_number\":96,\"event_data\":\"{\\\"id\\\":\\\"25e66ead333c48dca6fb152e6415a217\\\",\\\"vbId\\\":\\\"PantherMigrationVbId\\\",\\\"sellingId\\\":\\\"2A18C48DED8F44B2978FCF3ABBAE936E\\\",\\\"merchantId\\\":\\\"9fc08905039048918982091f266c2a29\\\",\\\"skuId\\\":\\\"PantherMigrationSkuId\\\",\\\"f\\\":0,\\\"fnId\\\":\\\"2378\\\",\\\"by\\\":\\\"Killmonger.Migration.MapInWalmartInvUpdates\\\",\\\"at\\\":\\\"2019-07-29T05:41:47.821+00:00\\\",\\\"invUssn\\\":0,\\\"isInf\\\":false,\\\"ifa\\\":true,\\\"martAvail\\\":[{\\\"martId\\\":\\\"21\\\",\\\"ia\\\":true},{\\\"martId\\\":\\\"0\\\",\\\"ia\\\":true}],\\\"clt\\\":\\\"WoJ\\\"}\"}"}
{"id":"2A18C48DED8F44B2978FCF3ABBAE936E","table":"killmonger_events_table","keyspace":"msku","timestamp":"2019-07-29T05:44:37.002Z","clusteringKeys":["2378","vbIdSellingIdInventoryUpdated/1","1564378907"],"changedColumns":["selling_id","fulfillment_node_id","event_type","update_at","stream_sequence_number","event_data"],"record":"{\"selling_id\":\"2A18C48DED8F44B2978FCF3ABBAE936E\",\"fulfillment_node_id\":\"2378\",\"event_type\":\"vbIdSellingIdInventoryUpdated/1\",\"update_at\":1564378907,\"stream_sequence_number\":97,\"event_data\":\"{\\\"id\\\":\\\"25e66ead333c48dca6fb152e6415a217\\\",\\\"vbId\\\":\\\"PantherMigrationVbId\\\",\\\"sellingId\\\":\\\"2A18C48DED8F44B2978FCF3ABBAE936E\\\",\\\"merchantId\\\":\\\"9fc08905039048918982091f266c2a29\\\",\\\"skuId\\\":\\\"PantherMigrationSkuId\\\",\\\"f\\\":0,\\\"fnId\\\":\\\"2378\\\",\\\"by\\\":\\\"Killmonger.Migration.MapInWalmartInvUpdates\\\",\\\"at\\\":\\\"2019-07-29T05:41:47.821+00:00\\\",\\\"invUssn\\\":0,\\\"isInf\\\":false,\\\"ifa\\\":true,\\\"martAvail\\\":[{\\\"martId\\\":\\\"21\\\",\\\"ia\\\":true},{\\\"martId\\\":\\\"0\\\",\\\"ia\\\":true}],\\\"clt\\\":\\\"WoJ\\\"}\"}"}
{"id":"85695D3A7D2D4DBB857FA23A396E9652","table":"killmonger_events_table","keyspace":"msku","timestamp":"2019-07-29T05:45:03.477Z","clusteringKeys":["10001023757","updateVbIdSellingIdInventorySkipped/1","1564375601"],"changedColumns":["selling_id","fulfillment_node_id","event_type","update_at","stream_sequence_number","event_data"],"record":"{\"selling_id\":\"85695D3A7D2D4DBB857FA23A396E9652\",\"fulfillment_node_id\":\"10001023757\",\"event_type\":\"updateVbIdSellingIdInventorySkipped/1\",\"update_at\":1564375601,\"stream_sequence_number\":552,\"event_data\":\"{\\\"id\\\":\\\"d368f0d4df5a484f9b2b266063ef712d\\\",\\\"vbId\\\":\\\"072244825053-101004387\\\",\\\"sellingId\\\":\\\"85695D3A7D2D4DBB857FA23A396E9652\\\",\\\"merchantId\\\":\\\"101004387\\\",\\\"skuId\\\":\\\"072244825053\\\",\\\"f\\\":10,\\\"fnId\\\":\\\"10001023757\\\",\\\"fnType\\\":\\\"MARKETPLACE\\\",\\\"by\\\":\\\"Vibranium\\\",\\\"at\\\":\\\"2019-07-29T04:46:41+00:00\\\",\\\"invUssn\\\":475,\\\"catUssn\\\":0,\\\"isInf\\\":false}\"}"}
{"id":"76a1658cea7d41dc80a5b0f35eee4a33","table":"killmonger_events_table","keyspace":"msku","timestamp":"2019-07-29T05:45:03.478Z","clusteringKeys":["fb72b6f9c1e54625a551711f6ee72714","vbIdSellingIdInventoryUpdated/1","1564378075"],"changedColumns":["selling_id","fulfillment_node_id","event_type","update_at","stream_sequence_number","event_data"],"record":"{\"selling_id\":\"76a1658cea7d41dc80a5b0f35eee4a33\",\"fulfillment_node_id\":\"fb72b6f9c1e54625a551711f6ee72714\",\"event_type\":\"vbIdSellingIdInventoryUpdated/1\",\"update_at\":1564378075,\"stream_sequence_number\":46,\"event_data\":\"{\\\"id\\\":\\\"ea7652f7826a4c42a2e7843e02124968\\\",\\\"vbId\\\":\\\"76a1658cea7d41dc80a5b0f35eee4a33\\\",\\\"sellingId\\\":\\\"76a1658cea7d41dc80a5b0f35eee4a33\\\",\\\"merchantId\\\":\\\"e43cf7756d0b4ba8a4e9046774656ce8\\\",\\\"skuId\\\":\\\"76a1658cea7d41dc80a5b0f35eee4a33\\\",\\\"f\\\":81,\\\"fnId\\\":\\\"fb72b6f9c1e54625a551711f6ee72714\\\",\\\"fnType\\\":\\\"wolverine\\\",\\\"by\\\":\\\"Vibranium\\\",\\\"at\\\":\\\"2019-07-29T05:27:55+00:00\\\",\\\"invUssn\\\":49,\\\"isInf\\\":false,\\\"ifa\\\":true,\\\"martAvail\\\":[{\\\"martId\\\":\\\"21\\\",\\\"ia\\\":true}],\\\"clt\\\":\\\"JoJ\\\"}\"}"}
{"id":"76a1658cea7d41dc80a5b0f35eee4a33","table":"killmonger_events_table","keyspace":"msku","timestamp":"2019-07-29T05:45:03.478Z","clusteringKeys":["fb72b6f9c1e54625a551711f6ee72714","updateVbIdSellingIdInventorySkipped/1","1564378075"],"changedColumns":["selling_id","fulfillment_node_id","event_type","update_at","stream_sequence_number","event_data"],"record":"{\"selling_id\":\"76a1658cea7d41dc80a5b0f35eee4a33\",\"fulfillment_node_id\":\"fb72b6f9c1e54625a551711f6ee72714\",\"event_type\":\"updateVbIdSellingIdInventorySkipped/1\",\"update_at\":1564378075,\"stream_sequence_number\":47,\"event_data\":\"{\\\"id\\\":\\\"ea7652f7826a4c42a2e7843e02124968\\\",\\\"vbId\\\":\\\"76a1658cea7d41dc80a5b0f35eee4a33\\\",\\\"sellingId\\\":\\\"76a1658cea7d41dc80a5b0f35eee4a33\\\",\\\"merchantId\\\":\\\"e43cf7756d0b4ba8a4e9046774656ce8\\\",\\\"skuId\\\":\\\"76a1658cea7d41dc80a5b0f35eee4a33\\\",\\\"f\\\":81,\\\"fnId\\\":\\\"fb72b6f9c1e54625a551711f6ee72714\\\",\\\"fnType\\\":\\\"wolverine\\\",\\\"by\\\":\\\"Vibranium\\\",\\\"at\\\":\\\"2019-07-29T05:27:55+00:00\\\",\\\"invUssn\\\":49,\\\"isInf\\\":false}\"}"}
{"id":"2ea45499eebc4e338b95e275c7282565","table":"killmonger_events_table","keyspace":"msku","timestamp":"2019-07-29T05:45:03.479Z","clusteringKeys":["161ef5d50fd64967b6867805ef1a285d","vbIdSellingIdInventoryUpdated/1","1564378195"],"changedColumns":["selling_id","fulfillment_node_id","event_type","update_at","stream_sequence_number","event_data"],"record":"{\"selling_id\":\"2ea45499eebc4e338b95e275c7282565\",\"fulfillment_node_id\":\"161ef5d50fd64967b6867805ef1a285d\",\"event_type\":\"vbIdSellingIdInventoryUpdated/1\",\"update_at\":1564378195,\"stream_sequence_number\":199,\"event_data\":\"{\\\"id\\\":\\\"0be531dcaf7b477ea8a3310f1d06c14a\\\",\\\"vbId\\\":\\\"2ea45499eebc4e338b95e275c7282565\\\",\\\"sellingId\\\":\\\"2ea45499eebc4e338b95e275c7282565\\\",\\\"merchantId\\\":\\\"11d010f610f348e38342912be02e1450\\\",\\\"skuId\\\":\\\"2ea45499eebc4e338b95e275c7282565\\\",\\\"f\\\":36,\\\"fnId\\\":\\\"161ef5d50fd64967b6867805ef1a285d\\\",\\\"fnType\\\":\\\"wolverine\\\",\\\"by\\\":\\\"Vibranium\\\",\\\"at\\\":\\\"2019-07-29T05:29:55+00:00\\\",\\\"invUssn\\\":233,\\\"isInf\\\":false,\\\"ifa\\\":true,\\\"martAvail\\\":[{\\\"martId\\\":\\\"21\\\",\\\"ia\\\":true}],\\\"clt\\\":\\\"JoJ\\\"}\"}"}
{"id":"825b1de3215845c4aa003c766104db60","table":"killmonger_events_table","keyspace":"msku","timestamp":"2019-07-29T05:40:44.669Z","clusteringKeys":["c2fc95801fc84662a915d9612884d299","vbIdSellingIdInventoryUpdated/1","1564375059"],"changedColumns":["selling_id","fulfillment_node_id","event_type","update_at","stream_sequence_number","event_data"],"record":"{\"selling_id\":\"825b1de3215845c4aa003c766104db60\",\"fulfillment_node_id\":\"c2fc95801fc84662a915d9612884d299\",\"event_type\":\"vbIdSellingIdInventoryUpdated/1\",\"update_at\":1564375059,\"stream_sequence_number\":282,\"event_data\":\"{\\\"id\\\":\\\"62285b422e494593b8ea9c22351e4abc\\\",\\\"vbId\\\":\\\"825b1de3215845c4aa003c766104db60\\\",\\\"sellingId\\\":\\\"825b1de3215845c4aa003c766104db60\\\",\\\"merchantId\\\":\\\"dbcb67f3f61f47c09b721a48bb1f9577\\\",\\\"skuId\\\":\\\"825b1de3215845c4aa003c766104db60\\\",\\\"f\\\":9999,\\\"fnId\\\":\\\"c2fc95801fc84662a915d9612884d299\\\",\\\"fnType\\\":\\\"wolverine\\\",\\\"by\\\":\\\"Vibranium\\\",\\\"at\\\":\\\"2019-07-29T04:37:39+00:00\\\",\\\"invUssn\\\":308,\\\"isInf\\\":false,\\\"ifa\\\":true,\\\"martAvail\\\":[{\\\"martId\\\":\\\"21\\\",\\\"ia\\\":true}],\\\"clt\\\":\\\"JoJ\\\"}\"}"}
{"id":"BA09C2AD7A434534B26A5F2B09581356","table":"killmonger_events_table","keyspace":"msku","timestamp":"2019-07-29T05:44:37.010Z","clusteringKeys":["10000010085","updateVbIdSellingIdInventorySkipped/1","1564375366"],"changedColumns":["selling_id","fulfillment_node_id","event_type","update_at","stream_sequence_number","event_data"],"record":"{\"selling_id\":\"BA09C2AD7A434534B26A5F2B09581356\",\"fulfillment_node_id\":\"10000010085\",\"event_type\":\"updateVbIdSellingIdInventorySkipped/1\",\"update_at\":1564375366,\"stream_sequence_number\":138,\"event_data\":\"{\\\"id\\\":\\\"e3b2f6eb305c4f939ccf914df5ad40ed\\\",\\\"vbId\\\":\\\"STY-UNIVP203WP-Org-50918-033-9779\\\",\\\"sellingId\\\":\\\"BA09C2AD7A434534B26A5F2B09581356\\\",\\\"merchantId\\\":\\\"9779\\\",\\\"skuId\\\":\\\"STY-UNIVP203WP-Org-50918-033\\\",\\\"f\\\":499,\\\"fnId\\\":\\\"10000010085\\\",\\\"fnType\\\":\\\"MARKETPLACE\\\",\\\"by\\\":\\\"Vibranium\\\",\\\"at\\\":\\\"2019-07-29T04:42:46+00:00\\\",\\\"invUssn\\\":103,\\\"catUssn\\\":0,\\\"isInf\\\":false}\"}"}
{"id":"BA09C2AD7A434534B26A5F2B09581356","table":"killmonger_events_table","keyspace":"msku","timestamp":"2019-07-29T05:44:37.010Z","clusteringKeys":["10000010085","updateVbIdSellingIdInventorySkipped/1","1564375366"],"changedColumns":["selling_id","fulfillment_node_id","event_type","update_at","stream_sequence_number","event_data"],"record":"{\"selling_id\":\"BA09C2AD7A434534B26A5F2B09581356\",\"fulfillment_node_id\":\"10000010085\",\"event_type\":\"updateVbIdSellingIdInventorySkipped/1\",\"update_at\":1564375366,\"stream_sequence_number\":139,\"event_data\":\"{\\\"id\\\":\\\"935d02fd7c524a10bffc9c817b4fd24a\\\",\\\"vbId\\\":\\\"STY-UNIVP203WP-Org-50918-033-9779\\\",\\\"sellingId\\\":\\\"BA09C2AD7A434534B26A5F2B09581356\\\",\\\"merchantId\\\":\\\"9779\\\",\\\"skuId\\\":\\\"STY-UNIVP203WP-Org-50918-033\\\",\\\"f\\\":499,\\\"fnId\\\":\\\"10000010085\\\",\\\"fnType\\\":\\\"MARKETPLACE\\\",\\\"by\\\":\\\"Vibranium\\\",\\\"at\\\":\\\"2019-07-29T04:42:46+00:00\\\",\\\"invUssn\\\":103,\\\"catUssn\\\":0,\\\"isInf\\\":false}\"}"}
{"id":"879221518AFF45C4B592375ABFB36306","table":"killmonger_events_table","keyspace":"msku","timestamp":"2019-07-29T05:40:44.671Z","clusteringKeys":["2381","vbIdSellingIdInventoryUpdated/1","1564378911"],"changedColumns":["selling_id","fulfillment_node_id","event_type","update_at","stream_sequence_number","event_data"],"record":"{\"selling_id\":\"879221518AFF45C4B592375ABFB36306\",\"fulfillment_node_id\":\"2381\",\"event_type\":\"vbIdSellingIdInventoryUpdated/1\",\"update_at\":1564378911,\"stream_sequence_number\":123,\"event_data\":\"{\\\"id\\\":\\\"9cb532fa9b6648c8b8fecc059d366faf\\\",\\\"vbId\\\":\\\"PantherMigrationVbId\\\",\\\"sellingId\\\":\\\"879221518AFF45C4B592375ABFB36306\\\",\\\"merchantId\\\":\\\"9fc08905039048918982091f266c2a29\\\",\\\"skuId\\\":\\\"PantherMigrationSkuId\\\",\\\"f\\\":0,\\\"fnId\\\":\\\"2381\\\",\\\"by\\\":\\\"Killmonger.Migration.MapInWalmartInvUpdates\\\",\\\"at\\\":\\\"2019-07-29T05:41:51.386+00:00\\\",\\\"invUssn\\\":0,\\\"isInf\\\":false,\\\"ifa\\\":true,\\\"martAvail\\\":[{\\\"martId\\\":\\\"21\\\",\\\"ia\\\":true},{\\\"martId\\\":\\\"0\\\",\\\"ia\\\":true}],\\\"clt\\\":\\\"WoJ\\\"}\"}"}
{"id":"082ee8d088b34e59922613b385ef9b7c","table":"killmonger_events_table","keyspace":"msku","timestamp":"2019-07-29T05:45:02.434Z","clusteringKeys":["d0ef4a62b8e2415d90b6d199de88b19e","vbIdSellingIdInventoryUpdated/1","1564378255"],"changedColumns":["selling_id","fulfillment_node_id","event_type","update_at","stream_sequence_number","event_data"],"record":"{\"selling_id\":\"082ee8d088b34e59922613b385ef9b7c\",\"fulfillment_node_id\":\"d0ef4a62b8e2415d90b6d199de88b19e\",\"event_type\":\"vbIdSellingIdInventoryUpdated/1\",\"update_at\":1564378255,\"stream_sequence_number\":192,\"event_data\":\"{\\\"id\\\":\\\"c98a1a5878d440329a288b20a0e620e7\\\",\\\"vbId\\\":\\\"082ee8d088b34e59922613b385ef9b7c\\\",\\\"sellingId\\\":\\\"082ee8d088b34e59922613b385ef9b7c\\\",\\\"merchantId\\\":\\\"3e501c03d2ff4810a391b9fd196d59f4\\\",\\\"skuId\\\":\\\"082ee8d088b34e59922613b385ef9b7c\\\",\\\"f\\\":25,\\\"fnId\\\":\\\"d0ef4a62b8e2415d90b6d199de88b19e\\\",\\\"fnType\\\":\\\"wolverine\\\",\\\"by\\\":\\\"Vibranium\\\",\\\"at\\\":\\\"2019-07-29T05:30:55+00:00\\\",\\\"invUssn\\\":199,\\\"isInf\\\":false,\\\"ifa\\\":true,\\\"martAvail\\\":[{\\\"martId\\\":\\\"21\\\",\\\"ia\\\":true}],\\\"clt\\\":\\\"JoJ\\\"}\"}"}
{"id":"6e5509c40fed48f3abc7f3f9979b62fb","table":"killmonger_events_table","keyspace":"msku","timestamp":"2019-07-29T05:40:44.672Z","clusteringKeys":["fb72b6f9c1e54625a551711f6ee72714","vbIdSellingIdInventoryUpdated/1","1564378075"],"changedColumns":["selling_id","fulfillment_node_id","event_type","update_at","stream_sequence_number","event_data"],"record":"{\"selling_id\":\"6e5509c40fed48f3abc7f3f9979b62fb\",\"fulfillment_node_id\":\"fb72b6f9c1e54625a551711f6ee72714\",\"event_type\":\"vbIdSellingIdInventoryUpdated/1\",\"update_at\":1564378075,\"stream_sequence_number\":36,\"event_data\":\"{\\\"id\\\":\\\"11954f1cf62b47ecae6f452c2b1f1370\\\",\\\"vbId\\\":\\\"6e5509c40fed48f3abc7f3f9979b62fb\\\",\\\"sellingId\\\":\\\"6e5509c40fed48f3abc7f3f9979b62fb\\\",\\\"merchantId\\\":\\\"e43cf7756d0b4ba8a4e9046774656ce8\\\",\\\"skuId\\\":\\\"6e5509c40fed48f3abc7f3f9979b62fb\\\",\\\"f\\\":63,\\\"fnId\\\":\\\"fb72b6f9c1e54625a551711f6ee72714\\\",\\\"fnType\\\":\\\"wolverine\\\",\\\"by\\\":\\\"Vibranium\\\",\\\"at\\\":\\\"2019-07-29T05:27:55+00:00\\\",\\\"invUssn\\\":46,\\\"isInf\\\":false,\\\"ifa\\\":true,\\\"martAvail\\\":[{\\\"martId\\\":\\\"21\\\",\\\"ia\\\":true}],\\\"clt\\\":\\\"JoJ\\\"}\"}"}
{"id":"3DA05A372D1747678C29DBFE221B05C8","table":"killmonger_events_table","keyspace":"msku","timestamp":"2019-07-29T05:40:44.673Z","clusteringKeys":["3559","vbIdSellingIdInventoryUpdated/1","1564378910"],"changedColumns":["selling_id","fulfillment_node_id","event_type","update_at","stream_sequence_number","event_data"],"record":"{\"selling_id\":\"3DA05A372D1747678C29DBFE221B05C8\",\"fulfillment_node_id\":\"3559\",\"event_type\":\"vbIdSellingIdInventoryUpdated/1\",\"update_at\":1564378910,\"stream_sequence_number\":135,\"event_data\":\"{\\\"id\\\":\\\"83409efae1bf444ea5ebc8cc965595e4\\\",\\\"vbId\\\":\\\"PantherMigrationVbId\\\",\\\"sellingId\\\":\\\"3DA05A372D1747678C29DBFE221B05C8\\\",\\\"merchantId\\\":\\\"9fc08905039048918982091f266c2a29\\\",\\\"skuId\\\":\\\"PantherMigrationSkuId\\\",\\\"f\\\":0,\\\"fnId\\\":\\\"3559\\\",\\\"by\\\":\\\"Killmonger.Migration.MapInWalmartInvUpdates\\\",\\\"at\\\":\\\"2019-07-29T05:41:50.023+00:00\\\",\\\"invUssn\\\":0,\\\"isInf\\\":false,\\\"ifa\\\":true,\\\"martAvail\\\":[{\\\"martId\\\":\\\"21\\\",\\\"ia\\\":true},{\\\"martId\\\":\\\"0\\\",\\\"ia\\\":true}],\\\"clt\\\":\\\"WoJ\\\"}\"}"}
{"id":"6e5509c40fed48f3abc7f3f9979b62fb","table":"killmonger_events_table","keyspace":"msku","timestamp":"2019-07-29T05:40:44.673Z","clusteringKeys":["fb72b6f9c1e54625a551711f6ee72714","updateVbIdSellingIdInventorySkipped/1","1564378075"],"changedColumns":["selling_id","fulfillment_node_id","event_type","update_at","stream_sequence_number","event_data"],"record":"{\"selling_id\":\"6e5509c40fed48f3abc7f3f9979b62fb\",\"fulfillment_node_id\":\"fb72b6f9c1e54625a551711f6ee72714\",\"event_type\":\"updateVbIdSellingIdInventorySkipped/1\",\"update_at\":1564378075,\"stream_sequence_number\":37,\"event_data\":\"{\\\"id\\\":\\\"11954f1cf62b47ecae6f452c2b1f1370\\\",\\\"vbId\\\":\\\"6e5509c40fed48f3abc7f3f9979b62fb\\\",\\\"sellingId\\\":\\\"6e5509c40fed48f3abc7f3f9979b62fb\\\",\\\"merchantId\\\":\\\"e43cf7756d0b4ba8a4e9046774656ce8\\\",\\\"skuId\\\":\\\"6e5509c40fed48f3abc7f3f9979b62fb\\\",\\\"f\\\":63,\\\"fnId\\\":\\\"fb72b6f9c1e54625a551711f6ee72714\\\",\\\"fnType\\\":\\\"wolverine\\\",\\\"by\\\":\\\"Vibranium\\\",\\\"at\\\":\\\"2019-07-29T05:27:55+00:00\\\",\\\"invUssn\\\":46,\\\"isInf\\\":false}\"}"}
{"id":"5A656FB8E1EA453093A186A9E6907D45","table":"killmonger_events_table","keyspace":"msku","timestamp":"2019-07-29T05:44:37.021Z","clusteringKeys":["821066","vbIdSellingIdInventoryUpdated/1","1564378908"],"changedColumns":["selling_id","fulfillment_node_id","event_type","update_at","stream_sequence_number","event_data"],"record":"{\"selling_id\":\"5A656FB8E1EA453093A186A9E6907D45\",\"fulfillment_node_id\":\"821066\",\"event_type\":\"vbIdSellingIdInventoryUpdated/1\",\"update_at\":1564378908,\"stream_sequence_number\":137,\"event_data\":\"{\\\"id\\\":\\\"6bfe591c31e04510aa4ccb09967430ce\\\",\\\"vbId\\\":\\\"PantherMigrationVbId\\\",\\\"sellingId\\\":\\\"5A656FB8E1EA453093A186A9E6907D45\\\",\\\"merchantId\\\":\\\"9fc08905039048918982091f266c2a29\\\",\\\"skuId\\\":\\\"PantherMigrationSkuId\\\",\\\"f\\\":0,\\\"fnId\\\":\\\"821066\\\",\\\"by\\\":\\\"Killmonger.Migration.MapInWalmartInvUpdates\\\",\\\"at\\\":\\\"2019-07-29T05:41:48.203+00:00\\\",\\\"invUssn\\\":0,\\\"isInf\\\":false,\\\"ifa\\\":true,\\\"martAvail\\\":[{\\\"martId\\\":\\\"21\\\",\\\"ia\\\":true},{\\\"martId\\\":\\\"0\\\",\\\"ia\\\":true}],\\\"clt\\\":\\\"WoJ\\\"}\"}"}
{"id":"B45B915810514DB2A65A5B8CAA8AE486","table":"killmonger_events_table","keyspace":"msku","timestamp":"2019-07-29T05:45:02.434Z","clusteringKeys":["8556","vbIdSellingIdInventoryUpdated/1","1564378911"],"changedColumns":["selling_id","fulfillment_node_id","event_type","update_at","stream_sequence_number","event_data"],"record":"{\"selling_id\":\"B45B915810514DB2A65A5B8CAA8AE486\",\"fulfillment_node_id\":\"8556\",\"event_type\":\"vbIdSellingIdInventoryUpdated/1\",\"update_at\":1564378911,\"stream_sequence_number\":130,\"event_data\":\"{\\\"id\\\":\\\"13ec0f594e9f4a03bcc39372df2c7194\\\",\\\"vbId\\\":\\\"PantherMigrationVbId\\\",\\\"sellingId\\\":\\\"B45B915810514DB2A65A5B8CAA8AE486\\\",\\\"merchantId\\\":\\\"9fc08905039048918982091f266c2a29\\\",\\\"skuId\\\":\\\"PantherMigrationSkuId\\\",\\\"f\\\":0,\\\"fnId\\\":\\\"8556\\\",\\\"by\\\":\\\"Killmonger.Migration.MapInWalmartInvUpdates\\\",\\\"at\\\":\\\"2019-07-29T05:41:51.148+00:00\\\",\\\"invUssn\\\":0,\\\"isInf\\\":false,\\\"ifa\\\":true,\\\"martAvail\\\":[{\\\"martId\\\":\\\"21\\\",\\\"ia\\\":true},{\\\"martId\\\":\\\"0\\\",\\\"ia\\\":true}],\\\"clt\\\":\\\"WoJ\\\"}\"}"}
{"id":"1606c2e3b4db49b4a014dab07461c0ae","table":"killmonger_events_table","keyspace":"msku","timestamp":"2019-07-29T05:40:44.677Z","clusteringKeys":["fb72b6f9c1e54625a551711f6ee72714","updateVbIdSellingIdInventorySkipped/1","1564378274"],"changedColumns":["selling_id","fulfillment_node_id","event_type","update_at","stream_sequence_number","event_data"],"record":"{\"selling_id\":\"1606c2e3b4db49b4a014dab07461c0ae\",\"fulfillment_node_id\":\"fb72b6f9c1e54625a551711f6ee72714\",\"event_type\":\"updateVbIdSellingIdInventorySkipped/1\",\"update_at\":1564378274,\"stream_sequence_number\":42,\"event_data\":\"{\\\"id\\\":\\\"4d500eef484b443197058278356cf99b\\\",\\\"vbId\\\":\\\"1606c2e3b4db49b4a014dab07461c0ae\\\",\\\"sellingId\\\":\\\"1606c2e3b4db49b4a014dab07461c0ae\\\",\\\"merchantId\\\":\\\"e43cf7756d0b4ba8a4e9046774656ce8\\\",\\\"skuId\\\":\\\"1606c2e3b4db49b4a014dab07461c0ae\\\",\\\"f\\\":81,\\\"fnId\\\":\\\"fb72b6f9c1e54625a551711f6ee72714\\\",\\\"fnType\\\":\\\"wolverine\\\",\\\"by\\\":\\\"Vibranium\\\",\\\"at\\\":\\\"2019-07-29T05:31:14+00:00\\\",\\\"invUssn\\\":47,\\\"isInf\\\":false}\"}"}
{"id":"af80d962638642208c6f76baff0600a9","table":"killmonger_events_table","keyspace":"msku","timestamp":"2019-07-29T05:45:02.443Z","clusteringKeys":["fb72b6f9c1e54625a551711f6ee72714","vbIdSellingIdInventoryUpdated/1","1564378075"],"changedColumns":["selling_id","fulfillment_node_id","event_type","update_at","stream_sequence_number","event_data"],"record":"{\"selling_id\":\"af80d962638642208c6f76baff0600a9\",\"fulfillment_node_id\":\"fb72b6f9c1e54625a551711f6ee72714\",\"event_type\":\"vbIdSellingIdInventoryUpdated/1\",\"update_at\":1564378075,\"stream_sequence_number\":39,\"event_data\":\"{\\\"id\\\":\\\"99cb699508e64b9c9d1f4bfd24704262\\\",\\\"vbId\\\":\\\"af80d962638642208c6f76baff0600a9\\\",\\\"sellingId\\\":\\\"af80d962638642208c6f76baff0600a9\\\",\\\"merchantId\\\":\\\"e43cf7756d0b4ba8a4e9046774656ce8\\\",\\\"skuId\\\":\\\"af80d962638642208c6f76baff0600a9\\\",\\\"f\\\":92,\\\"fnId\\\":\\\"fb72b6f9c1e54625a551711f6ee72714\\\",\\\"fnType\\\":\\\"wolverine\\\",\\\"by\\\":\\\"Vibranium\\\",\\\"at\\\":\\\"2019-07-29T05:27:55+00:00\\\",\\\"invUssn\\\":49,\\\"isInf\\\":false,\\\"ifa\\\":true,\\\"martAvail\\\":[{\\\"martId\\\":\\\"21\\\",\\\"ia\\\":true}],\\\"clt\\\":\\\"JoJ\\\"}\"}"}
{"id":"af80d962638642208c6f76baff0600a9","table":"killmonger_events_table","keyspace":"msku","timestamp":"2019-07-29T05:45:02.443Z","clusteringKeys":["fb72b6f9c1e54625a551711f6ee72714","vbIdSellingIdInventoryUpdated/1","1564378075"],"changedColumns":["selling_id","fulfillment_node_id","event_type","update_at","stream_sequence_number","event_data"],"record":"{\"selling_id\":\"af80d962638642208c6f76baff0600a9\",\"fulfillment_node_id\":\"fb72b6f9c1e54625a551711f6ee72714\",\"event_type\":\"vbIdSellingIdInventoryUpdated/1\",\"update_at\":1564378075,\"stream_sequence_number\":40,\"event_data\":\"{\\\"id\\\":\\\"cfbc749d831a4fdbb7847e5f5eb60077\\\",\\\"vbId\\\":\\\"af80d962638642208c6f76baff0600a9\\\",\\\"sellingId\\\":\\\"af80d962638642208c6f76baff0600a9\\\",\\\"merchantId\\\":\\\"e43cf7756d0b4ba8a4e9046774656ce8\\\",\\\"skuId\\\":\\\"af80d962638642208c6f76baff0600a9\\\",\\\"f\\\":92,\\\"fnId\\\":\\\"fb72b6f9c1e54625a551711f6ee72714\\\",\\\"fnType\\\":\\\"wolverine\\\",\\\"by\\\":\\\"Vibranium\\\",\\\"at\\\":\\\"2019-07-29T05:27:55+00:00\\\",\\\"invUssn\\\":50,\\\"isInf\\\":false,\\\"ifa\\\":true,\\\"martAvail\\\":[{\\\"martId\\\":\\\"21\\\",\\\"ia\\\":true}],\\\"clt\\\":\\\"JoJ\\\"}\"}"}
{"id":"7CD88E85ED5A43B2A5E032A76C101630","table":"killmonger_events_table","keyspace":"msku","timestamp":"2019-07-29T05:40:44.678Z","clusteringKeys":["4916","vbIdSellingIdInventoryUpdated/1","1564378911"],"changedColumns":["selling_id","fulfillment_node_id","event_type","update_at","stream_sequence_number","event_data"],"record":"{\"selling_id\":\"7CD88E85ED5A43B2A5E032A76C101630\",\"fulfillment_node_id\":\"4916\",\"event_type\":\"vbIdSellingIdInventoryUpdated/1\",\"update_at\":1564378911,\"stream_sequence_number\":128,\"event_data\":\"{\\\"id\\\":\\\"87897c21e1a04e0fa2e5c60a136f7d5d\\\",\\\"vbId\\\":\\\"PantherMigrationVbId\\\",\\\"sellingId\\\":\\\"7CD88E85ED5A43B2A5E032A76C101630\\\",\\\"merchantId\\\":\\\"9fc08905039048918982091f266c2a29\\\",\\\"skuId\\\":\\\"PantherMigrationSkuId\\\",\\\"f\\\":0,\\\"fnId\\\":\\\"4916\\\",\\\"by\\\":\\\"Killmonger.Migration.MapInWalmartInvUpdates\\\",\\\"at\\\":\\\"2019-07-29T05:41:51.8+00:00\\\",\\\"invUssn\\\":0,\\\"isInf\\\":false,\\\"ifa\\\":true,\\\"martAvail\\\":[{\\\"martId\\\":\\\"21\\\",\\\"ia\\\":true},{\\\"martId\\\":\\\"0\\\",\\\"ia\\\":true}],\\\"clt\\\":\\\"WoJ\\\"}\"}"}
{"id":"C4FE9DF57DEC442BB0F2A2CA7607C9B5","table":"killmonger_events_table","keyspace":"msku","timestamp":"2019-07-29T05:45:03.494Z","clusteringKeys":["6284","vbIdSellingIdInventoryUpdated/1","1564375899"],"changedColumns":["selling_id","fulfillment_node_id","event_type","update_at","stream_sequence_number","event_data"],"record":"{\"selling_id\":\"C4FE9DF57DEC442BB0F2A2CA7607C9B5\",\"fulfillment_node_id\":\"6284\",\"event_type\":\"vbIdSellingIdInventoryUpdated/1\",\"update_at\":1564375899,\"stream_sequence_number\":135,\"event_data\":\"{\\\"id\\\":\\\"f075c4336c82492fb68ad01d6d6799c1\\\",\\\"vbId\\\":\\\"PantherMigrationVbId\\\",\\\"sellingId\\\":\\\"C4FE9DF57DEC442BB0F2A2CA7607C9B5\\\",\\\"merchantId\\\":\\\"9fc08905039048918982091f266c2a29\\\",\\\"skuId\\\":\\\"PantherMigrationSkuId\\\",\\\"f\\\":0,\\\"fnId\\\":\\\"6284\\\",\\\"by\\\":\\\"Killmonger.Migration.MapInWalmartInvUpdates\\\",\\\"at\\\":\\\"2019-07-29T04:51:39.239+00:00\\\",\\\"invUssn\\\":0,\\\"isInf\\\":false,\\\"ifa\\\":true,\\\"martAvail\\\":[{\\\"martId\\\":\\\"21\\\",\\\"ia\\\":true},{\\\"martId\\\":\\\"0\\\",\\\"ia\\\":true}],\\\"clt\\\":\\\"WoJ\\\"}\"}"}
{"id":"98ba308e515346d19b179aa90f317e85","table":"killmonger_events_table","keyspace":"msku","timestamp":"2019-07-29T05:45:03.504Z","clusteringKeys":["fb72b6f9c1e54625a551711f6ee72714","updateVbIdSellingIdInventorySkipped/1","1564377874"],"changedColumns":["selling_id","fulfillment_node_id","event_type","update_at","stream_sequence_number","event_data"],"record":"{\"selling_id\":\"98ba308e515346d19b179aa90f317e85\",\"fulfillment_node_id\":\"fb72b6f9c1e54625a551711f6ee72714\",\"event_type\":\"updateVbIdSellingIdInventorySkipped/1\",\"update_at\":1564377874,\"stream_sequence_number\":42,\"event_data\":\"{\\\"id\\\":\\\"78f8039521d0425fb211e73556b8bf47\\\",\\\"vbId\\\":\\\"98ba308e515346d19b179aa90f317e85\\\",\\\"sellingId\\\":\\\"98ba308e515346d19b179aa90f317e85\\\",\\\"merchantId\\\":\\\"e43cf7756d0b4ba8a4e9046774656ce8\\\",\\\"skuId\\\":\\\"98ba308e515346d19b179aa90f317e85\\\",\\\"f\\\":97,\\\"fnId\\\":\\\"fb72b6f9c1e54625a551711f6ee72714\\\",\\\"fnType\\\":\\\"wolverine\\\",\\\"by\\\":\\\"Vibranium\\\",\\\"at\\\":\\\"2019-07-29T05:24:34+00:00\\\",\\\"invUssn\\\":50,\\\"isInf\\\":false}\"}"}
{"id":"98ba308e515346d19b179aa90f317e85","table":"killmonger_events_table","keyspace":"msku","timestamp":"2019-07-29T05:45:03.504Z","clusteringKeys":["fb72b6f9c1e54625a551711f6ee72714","updateVbIdSellingIdInventorySkipped/1","1564377874"],"changedColumns":["selling_id","fulfillment_node_id","event_type","update_at","stream_sequence_number","event_data"],"record":"{\"selling_id\":\"98ba308e515346d19b179aa90f317e85\",\"fulfillment_node_id\":\"fb72b6f9c1e54625a551711f6ee72714\",\"event_type\":\"updateVbIdSellingIdInventorySkipped/1\",\"update_at\":1564377874,\"stream_sequence_number\":43,\"event_data\":\"{\\\"id\\\":\\\"78f8039521d0425fb211e73556b8bf47\\\",\\\"vbId\\\":\\\"98ba308e515346d19b179aa90f317e85\\\",\\\"sellingId\\\":\\\"98ba308e515346d19b179aa90f317e85\\\",\\\"merchantId\\\":\\\"e43cf7756d0b4ba8a4e9046774656ce8\\\",\\\"skuId\\\":\\\"98ba308e515346d19b179aa90f317e85\\\",\\\"f\\\":97,\\\"fnId\\\":\\\"fb72b6f9c1e54625a551711f6ee72714\\\",\\\"fnType\\\":\\\"wolverine\\\",\\\"by\\\":\\\"Vibranium\\\",\\\"at\\\":\\\"2019-07-29T05:24:34+00:00\\\",\\\"invUssn\\\":50,\\\"isInf\\\":false}\"}"}
{"id":"1387129b2e15429eaafb4062a8a72129","table":"killmonger_events_table","keyspace":"msku","timestamp":"2019-07-29T05:45:03.505Z","clusteringKeys":["47b464b6053f42cf9b77ba217a04da2c","updateVbIdSellingIdInventorySkipped/1","1564375598"],"changedColumns":["selling_id","fulfillment_node_id","event_type","update_at","stream_sequence_number","event_data"],"record":"{\"selling_id\":\"1387129b2e15429eaafb4062a8a72129\",\"fulfillment_node_id\":\"47b464b6053f42cf9b77ba217a04da2c\",\"event_type\":\"updateVbIdSellingIdInventorySkipped/1\",\"update_at\":1564375598,\"stream_sequence_number\":15304,\"event_data\":\"{\\\"id\\\":\\\"14d68c32d51946d5a0823f6ba50e66f0\\\",\\\"vbId\\\":\\\"1387129b2e15429eaafb4062a8a72129\\\",\\\"sellingId\\\":\\\"1387129b2e15429eaafb4062a8a72129\\\",\\\"merchantId\\\":\\\"1a04b272fb7442f99cd04856c029a097\\\",\\\"skuId\\\":\\\"1387129b2e15429eaafb4062a8a72129\\\",\\\"f\\\":23,\\\"fnId\\\":\\\"47b464b6053f42cf9b77ba217a04da2c\\\",\\\"fnType\\\":\\\"wolverine\\\",\\\"by\\\":\\\"Vibranium\\\",\\\"at\\\":\\\"2019-07-29T04:46:38+00:00\\\",\\\"invUssn\\\":13043,\\\"isInf\\\":false}\"}"}
{"id":"2f148a67e2d748c2904e7ebd58fe768f","table":"killmonger_events_table","keyspace":"msku","timestamp":"2019-07-29T05:45:03.505Z","clusteringKeys":["7cde8dac2caf4417a5ee49b2a66f317b","updateVbIdSellingIdInventorySkipped/1","1564377932"],"changedColumns":["selling_id","fulfillment_node_id","event_type","update_at","stream_sequence_number","event_data"],"record":"{\"selling_id\":\"2f148a67e2d748c2904e7ebd58fe768f\",\"fulfillment_node_id\":\"7cde8dac2caf4417a5ee49b2a66f317b\",\"event_type\":\"updateVbIdSellingIdInventorySkipped/1\",\"update_at\":1564377932,\"stream_sequence_number\":191,\"event_data\":\"{\\\"id\\\":\\\"62e615b531a94827bc169b12e17d866a\\\",\\\"vbId\\\":\\\"2f148a67e2d748c2904e7ebd58fe768f\\\",\\\"sellingId\\\":\\\"2f148a67e2d748c2904e7ebd58fe768f\\\",\\\"merchantId\\\":\\\"14de3c53f945451c9b39010be7d18874\\\",\\\"skuId\\\":\\\"2f148a67e2d748c2904e7ebd58fe768f\\\",\\\"f\\\":1,\\\"fnId\\\":\\\"7cde8dac2caf4417a5ee49b2a66f317b\\\",\\\"fnType\\\":\\\"wolverine\\\",\\\"by\\\":\\\"Vibranium\\\",\\\"at\\\":\\\"2019-07-29T05:25:32+00:00\\\",\\\"invUssn\\\":220,\\\"isInf\\\":false}\"}"}
{"id":"37466829103c4db6ac9c5eb7866d0e1c","table":"killmonger_events_table","keyspace":"msku","timestamp":"2019-07-29T05:45:02.455Z","clusteringKeys":["0a633d9fe80f4a45b6fdf372a649be0c","vbIdSellingIdInventoryUpdated/1","1564378274"],"changedColumns":["selling_id","fulfillment_node_id","event_type","update_at","stream_sequence_number","event_data"],"record":"{\"selling_id\":\"37466829103c4db6ac9c5eb7866d0e1c\",\"fulfillment_node_id\":\"0a633d9fe80f4a45b6fdf372a649be0c\",\"event_type\":\"vbIdSellingIdInventoryUpdated/1\",\"update_at\":1564378274,\"stream_sequence_number\":41,\"event_data\":\"{\\\"id\\\":\\\"0f57263d724f42bbb0639823c9f0cd0c\\\",\\\"vbId\\\":\\\"37466829103c4db6ac9c5eb7866d0e1c\\\",\\\"sellingId\\\":\\\"37466829103c4db6ac9c5eb7866d0e1c\\\",\\\"merchantId\\\":\\\"e43cf7756d0b4ba8a4e9046774656ce8\\\",\\\"skuId\\\":\\\"37466829103c4db6ac9c5eb7866d0e1c\\\",\\\"f\\\":118,\\\"fnId\\\":\\\"0a633d9fe80f4a45b6fdf372a649be0c\\\",\\\"fnType\\\":\\\"wolverine\\\",\\\"by\\\":\\\"Vibranium\\\",\\\"at\\\":\\\"2019-07-29T05:31:14+00:00\\\",\\\"invUssn\\\":49,\\\"isInf\\\":false,\\\"ifa\\\":true,\\\"martAvail\\\":[{\\\"martId\\\":\\\"21\\\",\\\"ia\\\":true}],\\\"clt\\\":\\\"JoJ\\\"}\"}"}
{"id":"d980dd9b24e4473696394475cdcbdfec","table":"killmonger_events_table","keyspace":"msku","timestamp":"2019-07-29T05:45:03.506Z","clusteringKeys":["fb72b6f9c1e54625a551711f6ee72714","vbIdSellingIdInventoryUpdated/1","1564378274"],"changedColumns":["selling_id","fulfillment_node_id","event_type","update_at","stream_sequence_number","event_data"],"record":"{\"selling_id\":\"d980dd9b24e4473696394475cdcbdfec\",\"fulfillment_node_id\":\"fb72b6f9c1e54625a551711f6ee72714\",\"event_type\":\"vbIdSellingIdInventoryUpdated/1\",\"update_at\":1564378274,\"stream_sequence_number\":40,\"event_data\":\"{\\\"id\\\":\\\"05fd1b8839a642beb028adea2457ce36\\\",\\\"vbId\\\":\\\"d980dd9b24e4473696394475cdcbdfec\\\",\\\"sellingId\\\":\\\"d980dd9b24e4473696394475cdcbdfec\\\",\\\"merchantId\\\":\\\"e43cf7756d0b4ba8a4e9046774656ce8\\\",\\\"skuId\\\":\\\"d980dd9b24e4473696394475cdcbdfec\\\",\\\"f\\\":78,\\\"fnId\\\":\\\"fb72b6f9c1e54625a551711f6ee72714\\\",\\\"fnType\\\":\\\"wolverine\\\",\\\"by\\\":\\\"Vibranium\\\",\\\"at\\\":\\\"2019-07-29T05:31:14+00:00\\\",\\\"invUssn\\\":47,\\\"isInf\\\":false,\\\"ifa\\\":true,\\\"martAvail\\\":[{\\\"martId\\\":\\\"21\\\",\\\"ia\\\":true}],\\\"clt\\\":\\\"JoJ\\\"}\"}"}
{"id":"678F3A5A0591429D8FEDB8842DE1E9A0","table":"killmonger_events_table","keyspace":"msku","timestamp":"2019-07-29T05:45:03.507Z","clusteringKeys":["2378","vbIdSellingIdInventoryUpdated/1","1564378911"],"changedColumns":["selling_id","fulfillment_node_id","event_type","update_at","stream_sequence_number","event_data"],"record":"{\"selling_id\":\"678F3A5A0591429D8FEDB8842DE1E9A0\",\"fulfillment_node_id\":\"2378\",\"event_type\":\"vbIdSellingIdInventoryUpdated/1\",\"update_at\":1564378911,\"stream_sequence_number\":94,\"event_data\":\"{\\\"id\\\":\\\"2ccc972c0f2d42f2929c700fca8b68e0\\\",\\\"vbId\\\":\\\"PantherMigrationVbId\\\",\\\"sellingId\\\":\\\"678F3A5A0591429D8FEDB8842DE1E9A0\\\",\\\"merchantId\\\":\\\"9fc08905039048918982091f266c2a29\\\",\\\"skuId\\\":\\\"PantherMigrationSkuId\\\",\\\"f\\\":0,\\\"fnId\\\":\\\"2378\\\",\\\"by\\\":\\\"Killmonger.Migration.MapInWalmartInvUpdates\\\",\\\"at\\\":\\\"2019-07-29T05:41:51.175+00:00\\\",\\\"invUssn\\\":0,\\\"isInf\\\":false,\\\"ifa\\\":true,\\\"martAvail\\\":[{\\\"martId\\\":\\\"21\\\",\\\"ia\\\":true},{\\\"martId\\\":\\\"0\\\",\\\"ia\\\":true}],\\\"clt\\\":\\\"WoJ\\\"}\"}"}
{"id":"678F3A5A0591429D8FEDB8842DE1E9A0","table":"killmonger_events_table","keyspace":"msku","timestamp":"2019-07-29T05:45:03.507Z","clusteringKeys":["2378","vbIdSellingIdInventoryUpdated/1","1564378911"],"changedColumns":["selling_id","fulfillment_node_id","event_type","update_at","stream_sequence_number","event_data"],"record":"{\"selling_id\":\"678F3A5A0591429D8FEDB8842DE1E9A0\",\"fulfillment_node_id\":\"2378\",\"event_type\":\"vbIdSellingIdInventoryUpdated/1\",\"update_at\":1564378911,\"stream_sequence_number\":95,\"event_data\":\"{\\\"id\\\":\\\"2ccc972c0f2d42f2929c700fca8b68e0\\\",\\\"vbId\\\":\\\"PantherMigrationVbId\\\",\\\"sellingId\\\":\\\"678F3A5A0591429D8FEDB8842DE1E9A0\\\",\\\"merchantId\\\":\\\"9fc08905039048918982091f266c2a29\\\",\\\"skuId\\\":\\\"PantherMigrationSkuId\\\",\\\"f\\\":0,\\\"fnId\\\":\\\"2378\\\",\\\"by\\\":\\\"Killmonger.Migration.MapInWalmartInvUpdates\\\",\\\"at\\\":\\\"2019-07-29T05:41:51.175+00:00\\\",\\\"invUssn\\\":0,\\\"isInf\\\":false,\\\"ifa\\\":true,\\\"martAvail\\\":[{\\\"martId\\\":\\\"21\\\",\\\"ia\\\":true},{\\\"martId\\\":\\\"0\\\",\\\"ia\\\":true}],\\\"clt\\\":\\\"WoJ\\\"}\"}"}
{"id":"83f873c4e4d945c8aa83ed510897db4a","table":"killmonger_events_table","keyspace":"msku","timestamp":"2019-07-29T05:40:44.696Z","clusteringKeys":["fb72b6f9c1e54625a551711f6ee72714","updateVbIdSellingIdInventorySkipped/1","1564378274"],"changedColumns":["selling_id","fulfillment_node_id","event_type","update_at","stream_sequence_number","event_data"],"record":"{\"selling_id\":\"83f873c4e4d945c8aa83ed510897db4a\",\"fulfillment_node_id\":\"fb72b6f9c1e54625a551711f6ee72714\",\"event_type\":\"updateVbIdSellingIdInventorySkipped/1\",\"update_at\":1564378274,\"stream_sequence_number\":47,\"event_data\":\"{\\\"id\\\":\\\"74a7ee416ec74d95b02dd3176020e52f\\\",\\\"vbId\\\":\\\"83f873c4e4d945c8aa83ed510897db4a\\\",\\\"sellingId\\\":\\\"83f873c4e4d945c8aa83ed510897db4a\\\",\\\"merchantId\\\":\\\"e43cf7756d0b4ba8a4e9046774656ce8\\\",\\\"skuId\\\":\\\"83f873c4e4d945c8aa83ed510897db4a\\\",\\\"f\\\":53,\\\"fnId\\\":\\\"fb72b6f9c1e54625a551711f6ee72714\\\",\\\"fnType\\\":\\\"wolverine\\\",\\\"by\\\":\\\"Vibranium\\\",\\\"at\\\":\\\"2019-07-29T05:31:14+00:00\\\",\\\"invUssn\\\":52,\\\"isInf\\\":false}\"}"}
{"id":"979E07D3DBC3467BA3DE806950974757","table":"killmonger_events_table","keyspace":"msku","timestamp":"2019-07-29T05:40:44.696Z","clusteringKeys":["674385","vbIdSellingIdInventoryUpdated/1","1564378908"],"changedColumns":["selling_id","fulfillment_node_id","event_type","update_at","stream_sequence_number","event_data"],"record":"{\"selling_id\":\"979E07D3DBC3467BA3DE806950974757\",\"fulfillment_node_id\":\"674385\",\"event_type\":\"vbIdSellingIdInventoryUpdated/1\",\"update_at\":1564378908,\"stream_sequence_number\":164,\"event_data\":\"{\\\"id\\\":\\\"e115f7a526e5450e9a5ffd9864cd4894\\\",\\\"vbId\\\":\\\"PantherMigrationVbId\\\",\\\"sellingId\\\":\\\"979E07D3DBC3467BA3DE806950974757\\\",\\\"merchantId\\\":\\\"9fc08905039048918982091f266c2a29\\\",\\\"skuId\\\":\\\"PantherMigrationSkuId\\\",\\\"f\\\":0,\\\"fnId\\\":\\\"674385\\\",\\\"by\\\":\\\"Killmonger.Migration.MapInWalmartInvUpdates\\\",\\\"at\\\":\\\"2019-07-29T05:41:48.516+00:00\\\",\\\"invUssn\\\":0,\\\"isInf\\\":false,\\\"ifa\\\":true,\\\"martAvail\\\":[{\\\"martId\\\":\\\"21\\\",\\\"ia\\\":true},{\\\"martId\\\":\\\"0\\\",\\\"ia\\\":true}],\\\"clt\\\":\\\"WoJ\\\"}\"}"}
{"id":"979E07D3DBC3467BA3DE806950974757","table":"killmonger_events_table","keyspace":"msku","timestamp":"2019-07-29T05:40:44.697Z","clusteringKeys":["674385","vbIdSellingIdInventoryUpdated/1","1564378908"],"changedColumns":["selling_id","fulfillment_node_id","event_type","update_at","stream_sequence_number","event_data"],"record":"{\"selling_id\":\"979E07D3DBC3467BA3DE806950974757\",\"fulfillment_node_id\":\"674385\",\"event_type\":\"vbIdSellingIdInventoryUpdated/1\",\"update_at\":1564378908,\"stream_sequence_number\":165,\"event_data\":\"{\\\"id\\\":\\\"e115f7a526e5450e9a5ffd9864cd4894\\\",\\\"vbId\\\":\\\"PantherMigrationVbId\\\",\\\"sellingId\\\":\\\"979E07D3DBC3467BA3DE806950974757\\\",\\\"merchantId\\\":\\\"9fc08905039048918982091f266c2a29\\\",\\\"skuId\\\":\\\"PantherMigrationSkuId\\\",\\\"f\\\":0,\\\"fnId\\\":\\\"674385\\\",\\\"by\\\":\\\"Killmonger.Migration.MapInWalmartInvUpdates\\\",\\\"at\\\":\\\"2019-07-29T05:41:48.516+00:00\\\",\\\"invUssn\\\":0,\\\"isInf\\\":false,\\\"ifa\\\":true,\\\"martAvail\\\":[{\\\"martId\\\":\\\"21\\\",\\\"ia\\\":true},{\\\"martId\\\":\\\"0\\\",\\\"ia\\\":true}],\\\"clt\\\":\\\"WoJ\\\"}\"}"}
{"id":"a7eb331e83b3448f9f0ce32a9e55aea6","table":"killmonger_events_table","keyspace":"msku","timestamp":"2019-07-29T05:44:37.044Z","clusteringKeys":["f129342b97b34e20803f37842a98b08b","updateVbIdSellingIdInventorySkipped/1","1564375245"],"changedColumns":["selling_id","fulfillment_node_id","event_type","update_at","stream_sequence_number","event_data"],"record":"{\"selling_id\":\"a7eb331e83b3448f9f0ce32a9e55aea6\",\"fulfillment_node_id\":\"f129342b97b34e20803f37842a98b08b\",\"event_type\":\"updateVbIdSellingIdInventorySkipped/1\",\"update_at\":1564375245,\"stream_sequence_number\":3514,\"event_data\":\"{\\\"id\\\":\\\"b6662b1f2f064179b314d85250578697\\\",\\\"vbId\\\":\\\"a7eb331e83b3448f9f0ce32a9e55aea6\\\",\\\"sellingId\\\":\\\"a7eb331e83b3448f9f0ce32a9e55aea6\\\",\\\"merchantId\\\":\\\"4e24d93a43024b2a9d8d683a1b27017d\\\",\\\"skuId\\\":\\\"a7eb331e83b3448f9f0ce32a9e55aea6\\\",\\\"f\\\":75,\\\"fnId\\\":\\\"f129342b97b34e20803f37842a98b08b\\\",\\\"fnType\\\":\\\"wolverine\\\",\\\"by\\\":\\\"Vibranium\\\",\\\"at\\\":\\\"2019-07-29T04:40:45+00:00\\\",\\\"invUssn\\\":3963,\\\"isInf\\\":false}\"}"}
{"id":"5646A4FC8CD248CAA8C3696D3066D598","table":"killmonger_events_table","keyspace":"msku","timestamp":"2019-07-29T05:44:37.043Z","clusteringKeys":["5926","vbIdSellingIdInventoryUpdated/1","1564378909"],"changedColumns":["selling_id","fulfillment_node_id","event_type","update_at","stream_sequence_number","event_data"],"record":"{\"selling_id\":\"5646A4FC8CD248CAA8C3696D3066D598\",\"fulfillment_node_id\":\"5926\",\"event_type\":\"vbIdSellingIdInventoryUpdated/1\",\"update_at\":1564378909,\"stream_sequence_number\":150,\"event_data\":\"{\\\"id\\\":\\\"8e32f570d68c422cb731a673e91a1c16\\\",\\\"vbId\\\":\\\"PantherMigrationVbId\\\",\\\"sellingId\\\":\\\"5646A4FC8CD248CAA8C3696D3066D598\\\",\\\"merchantId\\\":\\\"9fc08905039048918982091f266c2a29\\\",\\\"skuId\\\":\\\"PantherMigrationSkuId\\\",\\\"f\\\":0,\\\"fnId\\\":\\\"5926\\\",\\\"by\\\":\\\"Killmonger.Migration.MapInWalmartInvUpdates\\\",\\\"at\\\":\\\"2019-07-29T05:41:49.777+00:00\\\",\\\"invUssn\\\":0,\\\"isInf\\\":false,\\\"ifa\\\":true,\\\"martAvail\\\":[{\\\"martId\\\":\\\"21\\\",\\\"ia\\\":true},{\\\"martId\\\":\\\"0\\\",\\\"ia\\\":true}],\\\"clt\\\":\\\"WoJ\\\"}\"}"}
{"id":"5646A4FC8CD248CAA8C3696D3066D598","table":"killmonger_events_table","keyspace":"msku","timestamp":"2019-07-29T05:44:37.044Z","clusteringKeys":["5926","vbIdSellingIdInventoryUpdated/1","1564378909"],"changedColumns":["selling_id","fulfillment_node_id","event_type","update_at","stream_sequence_number","event_data"],"record":"{\"selling_id\":\"5646A4FC8CD248CAA8C3696D3066D598\",\"fulfillment_node_id\":\"5926\",\"event_type\":\"vbIdSellingIdInventoryUpdated/1\",\"update_at\":1564378909,\"stream_sequence_number\":151,\"event_data\":\"{\\\"id\\\":\\\"8e32f570d68c422cb731a673e91a1c16\\\",\\\"vbId\\\":\\\"PantherMigrationVbId\\\",\\\"sellingId\\\":\\\"5646A4FC8CD248CAA8C3696D3066D598\\\",\\\"merchantId\\\":\\\"9fc08905039048918982091f266c2a29\\\",\\\"skuId\\\":\\\"PantherMigrationSkuId\\\",\\\"f\\\":0,\\\"fnId\\\":\\\"5926\\\",\\\"by\\\":\\\"Killmonger.Migration.MapInWalmartInvUpdates\\\",\\\"at\\\":\\\"2019-07-29T05:41:49.777+00:00\\\",\\\"invUssn\\\":0,\\\"isInf\\\":false,\\\"ifa\\\":true,\\\"martAvail\\\":[{\\\"martId\\\":\\\"21\\\",\\\"ia\\\":true},{\\\"martId\\\":\\\"0\\\",\\\"ia\\\":true}],\\\"clt\\\":\\\"WoJ\\\"}\"}"}
{"id":"5646A4FC8CD248CAA8C3696D3066D598","table":"killmonger_events_table","keyspace":"msku","timestamp":"2019-07-29T05:44:37.044Z","clusteringKeys":["5926","vbIdSellingIdInventoryUpdated/1","1564378909"],"changedColumns":["selling_id","fulfillment_node_id","event_type","update_at","stream_sequence_number","event_data"],"record":"{\"selling_id\":\"5646A4FC8CD248CAA8C3696D3066D598\",\"fulfillment_node_id\":\"5926\",\"event_type\":\"vbIdSellingIdInventoryUpdated/1\",\"update_at\":1564378909,\"stream_sequence_number\":152,\"event_data\":\"{\\\"id\\\":\\\"8e32f570d68c422cb731a673e91a1c16\\\",\\\"vbId\\\":\\\"PantherMigrationVbId\\\",\\\"sellingId\\\":\\\"5646A4FC8CD248CAA8C3696D3066D598\\\",\\\"merchantId\\\":\\\"9fc08905039048918982091f266c2a29\\\",\\\"skuId\\\":\\\"PantherMigrationSkuId\\\",\\\"f\\\":0,\\\"fnId\\\":\\\"5926\\\",\\\"by\\\":\\\"Killmonger.Migration.MapInWalmartInvUpdates\\\",\\\"at\\\":\\\"2019-07-29T05:41:49.777+00:00\\\",\\\"invUssn\\\":0,\\\"isInf\\\":false,\\\"ifa\\\":true,\\\"martAvail\\\":[{\\\"martId\\\":\\\"21\\\",\\\"ia\\\":true},{\\\"martId\\\":\\\"0\\\",\\\"ia\\\":true}],\\\"clt\\\":\\\"WoJ\\\"}\"}"}
{"id":"73e366671c4744bfbeb7a7bf76f29562","table":"killmonger_events_table","keyspace":"msku","timestamp":"2019-07-29T05:44:37.045Z","clusteringKeys":["fb72b6f9c1e54625a551711f6ee72714","vbIdSellingIdInventoryUpdated/1","1564378075"],"changedColumns":["selling_id","fulfillment_node_id","event_type","update_at","stream_sequence_number","event_data"],"record":"{\"selling_id\":\"73e366671c4744bfbeb7a7bf76f29562\",\"fulfillment_node_id\":\"fb72b6f9c1e54625a551711f6ee72714\",\"event_type\":\"vbIdSellingIdInventoryUpdated/1\",\"update_at\":1564378075,\"stream_sequence_number\":41,\"event_data\":\"{\\\"id\\\":\\\"8154517075dc488ea26ea06033c4f1d8\\\",\\\"vbId\\\":\\\"73e366671c4744bfbeb7a7bf76f29562\\\",\\\"sellingId\\\":\\\"73e366671c4744bfbeb7a7bf76f29562\\\",\\\"merchantId\\\":\\\"e43cf7756d0b4ba8a4e9046774656ce8\\\",\\\"skuId\\\":\\\"73e366671c4744bfbeb7a7bf76f29562\\\",\\\"f\\\":52,\\\"fnId\\\":\\\"fb72b6f9c1e54625a551711f6ee72714\\\",\\\"fnType\\\":\\\"wolverine\\\",\\\"by\\\":\\\"Vibranium\\\",\\\"at\\\":\\\"2019-07-29T05:27:55+00:00\\\",\\\"invUssn\\\":49,\\\"isInf\\\":false,\\\"ifa\\\":true,\\\"martAvail\\\":[{\\\"martId\\\":\\\"21\\\",\\\"ia\\\":true}],\\\"clt\\\":\\\"JoJ\\\"}\"}"}
{"id":"EA516DAD29584F00BD6C26EC551C289C","table":"killmonger_events_table","keyspace":"msku","timestamp":"2019-07-29T05:40:44.702Z","clusteringKeys":["10000004915","vbIdSellingIdInventoryUpdated/1","1564378186"],"changedColumns":["selling_id","fulfillment_node_id","event_type","update_at","stream_sequence_number","event_data"],"record":"{\"selling_id\":\"EA516DAD29584F00BD6C26EC551C289C\",\"fulfillment_node_id\":\"10000004915\",\"event_type\":\"vbIdSellingIdInventoryUpdated/1\",\"update_at\":1564378186,\"stream_sequence_number\":3368,\"event_data\":\"{\\\"id\\\":\\\"68d47f8f54694730ab5583a726f9f5e2\\\",\\\"vbId\\\":\\\"WALIZC2125E-4787\\\",\\\"sellingId\\\":\\\"EA516DAD29584F00BD6C26EC551C289C\\\",\\\"merchantId\\\":\\\"4787\\\",\\\"skuId\\\":\\\"WALIZC2125E\\\",\\\"f\\\":1,\\\"fnId\\\":\\\"10000004915\\\",\\\"fnType\\\":\\\"MARKETPLACE\\\",\\\"by\\\":\\\"Vibranium\\\",\\\"at\\\":\\\"2019-07-29T05:29:46+00:00\\\",\\\"invUssn\\\":2796,\\\"catUssn\\\":2,\\\"isInf\\\":false,\\\"ifa\\\":true,\\\"martAvail\\\":[{\\\"martId\\\":\\\"0\\\",\\\"ia\\\":true}],\\\"clt\\\":\\\"WoW\\\"}\"}"}
{"id":"BB77EFF089894E55A9AC62A4E6C25E60","table":"killmonger_events_table","keyspace":"msku","timestamp":"2019-07-29T05:40:44.703Z","clusteringKeys":["5926","vbIdSellingIdInventoryUpdated/1","1564378911"],"changedColumns":["selling_id","fulfillment_node_id","event_type","update_at","stream_sequence_number","event_data"],"record":"{\"selling_id\":\"BB77EFF089894E55A9AC62A4E6C25E60\",\"fulfillment_node_id\":\"5926\",\"event_type\":\"vbIdSellingIdInventoryUpdated/1\",\"update_at\":1564378911,\"stream_sequence_number\":142,\"event_data\":\"{\\\"id\\\":\\\"f7014bc974d14c64a9772e7c3dc856c1\\\",\\\"vbId\\\":\\\"PantherMigrationVbId\\\",\\\"sellingId\\\":\\\"BB77EFF089894E55A9AC62A4E6C25E60\\\",\\\"merchantId\\\":\\\"9fc08905039048918982091f266c2a29\\\",\\\"skuId\\\":\\\"PantherMigrationSkuId\\\",\\\"f\\\":0,\\\"fnId\\\":\\\"5926\\\",\\\"by\\\":\\\"Killmonger.Migration.MapInWalmartInvUpdates\\\",\\\"at\\\":\\\"2019-07-29T05:41:51.452+00:00\\\",\\\"invUssn\\\":0,\\\"isInf\\\":false,\\\"ifa\\\":true,\\\"martAvail\\\":[{\\\"martId\\\":\\\"21\\\",\\\"ia\\\":true},{\\\"martId\\\":\\\"0\\\",\\\"ia\\\":true}],\\\"clt\\\":\\\"WoJ\\\"}\"}"}
{"id":"159143B59045476281CF1F64EDEF5A85","table":"killmonger_events_table","keyspace":"msku","timestamp":"2019-07-29T05:45:03.520Z","clusteringKeys":["10001023198","updateVbIdSellingIdInventorySkipped/1","1564375890"],"changedColumns":["selling_id","fulfillment_node_id","event_type","update_at","stream_sequence_number","event_data"],"record":"{\"selling_id\":\"159143B59045476281CF1F64EDEF5A85\",\"fulfillment_node_id\":\"10001023198\",\"event_type\":\"updateVbIdSellingIdInventorySkipped/1\",\"update_at\":1564375890,\"stream_sequence_number\":6,\"event_data\":\"{\\\"id\\\":\\\"faba853018204f98a1e2a0a4d04e66c6\\\",\\\"vbId\\\":\\\"889359580919-101003828\\\",\\\"sellingId\\\":\\\"159143B59045476281CF1F64EDEF5A85\\\",\\\"merchantId\\\":\\\"101003828\\\",\\\"skuId\\\":\\\"889359580919\\\",\\\"f\\\":372,\\\"fnId\\\":\\\"10001023198\\\",\\\"fnType\\\":\\\"MARKETPLACE\\\",\\\"by\\\":\\\"Vibranium\\\",\\\"at\\\":\\\"2019-07-29T04:51:30+00:00\\\",\\\"invUssn\\\":3,\\\"catUssn\\\":0,\\\"isInf\\\":false}\"}"}
{"id":"C5547FB901E443C8BC537A1B07BC0029","table":"killmonger_events_table","keyspace":"msku","timestamp":"2019-07-29T05:44:37.055Z","clusteringKeys":["2379","vbIdSellingIdInventoryUpdated/1","1564378910"],"changedColumns":["selling_id","fulfillment_node_id","event_type","update_at","stream_sequence_number","event_data"],"record":"{\"selling_id\":\"C5547FB901E443C8BC537A1B07BC0029\",\"fulfillment_node_id\":\"2379\",\"event_type\":\"vbIdSellingIdInventoryUpdated/1\",\"update_at\":1564378910,\"stream_sequence_number\":125,\"event_data\":\"{\\\"id\\\":\\\"8f098c7f02624273bc52e198f372b666\\\",\\\"vbId\\\":\\\"PantherMigrationVbId\\\",\\\"sellingId\\\":\\\"C5547FB901E443C8BC537A1B07BC0029\\\",\\\"merchantId\\\":\\\"9fc08905039048918982091f266c2a29\\\",\\\"skuId\\\":\\\"PantherMigrationSkuId\\\",\\\"f\\\":0,\\\"fnId\\\":\\\"2379\\\",\\\"by\\\":\\\"Killmonger.Migration.MapInWalmartInvUpdates\\\",\\\"at\\\":\\\"2019-07-29T05:41:50.403+00:00\\\",\\\"invUssn\\\":0,\\\"isInf\\\":false,\\\"ifa\\\":true,\\\"martAvail\\\":[{\\\"martId\\\":\\\"21\\\",\\\"ia\\\":true},{\\\"martId\\\":\\\"0\\\",\\\"ia\\\":true}],\\\"clt\\\":\\\"WoJ\\\"}\"}"}
{"id":"C5547FB901E443C8BC537A1B07BC0029","table":"killmonger_events_table","keyspace":"msku","timestamp":"2019-07-29T05:44:37.055Z","clusteringKeys":["2379","vbIdSellingIdInventoryUpdated/1","1564378910"],"changedColumns":["selling_id","fulfillment_node_id","event_type","update_at","stream_sequence_number","event_data"],"record":"{\"selling_id\":\"C5547FB901E443C8BC537A1B07BC0029\",\"fulfillment_node_id\":\"2379\",\"event_type\":\"vbIdSellingIdInventoryUpdated/1\",\"update_at\":1564378910,\"stream_sequence_number\":126,\"event_data\":\"{\\\"id\\\":\\\"8f098c7f02624273bc52e198f372b666\\\",\\\"vbId\\\":\\\"PantherMigrationVbId\\\",\\\"sellingId\\\":\\\"C5547FB901E443C8BC537A1B07BC0029\\\",\\\"merchantId\\\":\\\"9fc08905039048918982091f266c2a29\\\",\\\"skuId\\\":\\\"PantherMigrationSkuId\\\",\\\"f\\\":0,\\\"fnId\\\":\\\"2379\\\",\\\"by\\\":\\\"Killmonger.Migration.MapInWalmartInvUpdates\\\",\\\"at\\\":\\\"2019-07-29T05:41:50.403+00:00\\\",\\\"invUssn\\\":0,\\\"isInf\\\":false,\\\"ifa\\\":true,\\\"martAvail\\\":[{\\\"martId\\\":\\\"21\\\",\\\"ia\\\":true},{\\\"martId\\\":\\\"0\\\",\\\"ia\\\":true}],\\\"clt\\\":\\\"WoJ\\\"}\"}"}
{"id":"17c700749c1048838f306259ad5bf660","table":"killmonger_events_table","keyspace":"msku","timestamp":"2019-07-29T05:44:37.055Z","clusteringKeys":["fb72b6f9c1e54625a551711f6ee72714","vbIdSellingIdInventoryUpdated/1","1564378274"],"changedColumns":["selling_id","fulfillment_node_id","event_type","update_at","stream_sequence_number","event_data"],"record":"{\"selling_id\":\"17c700749c1048838f306259ad5bf660\",\"fulfillment_node_id\":\"fb72b6f9c1e54625a551711f6ee72714\",\"event_type\":\"vbIdSellingIdInventoryUpdated/1\",\"update_at\":1564378274,\"stream_sequence_number\":37,\"event_data\":\"{\\\"id\\\":\\\"b48ec2056eef4e6295e603b2e0e33bad\\\",\\\"vbId\\\":\\\"17c700749c1048838f306259ad5bf660\\\",\\\"sellingId\\\":\\\"17c700749c1048838f306259ad5bf660\\\",\\\"merchantId\\\":\\\"e43cf7756d0b4ba8a4e9046774656ce8\\\",\\\"skuId\\\":\\\"17c700749c1048838f306259ad5bf660\\\",\\\"f\\\":52,\\\"fnId\\\":\\\"fb72b6f9c1e54625a551711f6ee72714\\\",\\\"fnType\\\":\\\"wolverine\\\",\\\"by\\\":\\\"Vibranium\\\",\\\"at\\\":\\\"2019-07-29T05:31:14+00:00\\\",\\\"invUssn\\\":48,\\\"isInf\\\":false,\\\"ifa\\\":true,\\\"martAvail\\\":[{\\\"martId\\\":\\\"21\\\",\\\"ia\\\":true}],\\\"clt\\\":\\\"JoJ\\\"}\"}"}
{"id":"17c700749c1048838f306259ad5bf660","table":"killmonger_events_table","keyspace":"msku","timestamp":"2019-07-29T05:44:37.055Z","clusteringKeys":["fb72b6f9c1e54625a551711f6ee72714","updateVbIdSellingIdInventorySkipped/1","1564378274"],"changedColumns":["selling_id","fulfillment_node_id","event_type","update_at","stream_sequence_number","event_data"],"record":"{\"selling_id\":\"17c700749c1048838f306259ad5bf660\",\"fulfillment_node_id\":\"fb72b6f9c1e54625a551711f6ee72714\",\"event_type\":\"updateVbIdSellingIdInventorySkipped/1\",\"update_at\":1564378274,\"stream_sequence_number\":38,\"event_data\":\"{\\\"id\\\":\\\"b48ec2056eef4e6295e603b2e0e33bad\\\",\\\"vbId\\\":\\\"17c700749c1048838f306259ad5bf660\\\",\\\"sellingId\\\":\\\"17c700749c1048838f306259ad5bf660\\\",\\\"merchantId\\\":\\\"e43cf7756d0b4ba8a4e9046774656ce8\\\",\\\"skuId\\\":\\\"17c700749c1048838f306259ad5bf660\\\",\\\"f\\\":52,\\\"fnId\\\":\\\"fb72b6f9c1e54625a551711f6ee72714\\\",\\\"fnType\\\":\\\"wolverine\\\",\\\"by\\\":\\\"Vibranium\\\",\\\"at\\\":\\\"2019-07-29T05:31:14+00:00\\\",\\\"invUssn\\\":48,\\\"isInf\\\":false}\"}"}
{"id":"74f4ae5901434260aea71063bd146b04","table":"killmonger_events_table","keyspace":"msku","timestamp":"2019-07-29T05:45:02.467Z","clusteringKeys":["6ccbd76c487c42e5b65dd274f51b72ea","vbIdSellingIdInventoryUpdated/1","1564378274"],"changedColumns":["selling_id","fulfillment_node_id","event_type","update_at","stream_sequence_number","event_data"],"record":"{\"selling_id\":\"74f4ae5901434260aea71063bd146b04\",\"fulfillment_node_id\":\"6ccbd76c487c42e5b65dd274f51b72ea\",\"event_type\":\"vbIdSellingIdInventoryUpdated/1\",\"update_at\":1564378274,\"stream_sequence_number\":49,\"event_data\":\"{\\\"id\\\":\\\"9d6a23e5b96a47889fa23c62af0a0c66\\\",\\\"vbId\\\":\\\"74f4ae5901434260aea71063bd146b04\\\",\\\"sellingId\\\":\\\"74f4ae5901434260aea71063bd146b04\\\",\\\"merchantId\\\":\\\"e43cf7756d0b4ba8a4e9046774656ce8\\\",\\\"skuId\\\":\\\"74f4ae5901434260aea71063bd146b04\\\",\\\"f\\\":82,\\\"fnId\\\":\\\"6ccbd76c487c42e5b65dd274f51b72ea\\\",\\\"fnType\\\":\\\"wolverine\\\",\\\"by\\\":\\\"Vibranium\\\",\\\"at\\\":\\\"2019-07-29T05:31:14+00:00\\\",\\\"invUssn\\\":47,\\\"isInf\\\":false,\\\"ifa\\\":true,\\\"martAvail\\\":[{\\\"martId\\\":\\\"21\\\",\\\"ia\\\":true}],\\\"clt\\\":\\\"JoJ\\\"}\"}"}
{"id":"a6b8e8d5406140f1892a2b649373794f","table":"killmonger_events_table","keyspace":"msku","timestamp":"2019-07-29T05:45:02.469Z","clusteringKeys":["fb72b6f9c1e54625a551711f6ee72714","vbIdSellingIdInventoryUpdated/1","1564378274"],"changedColumns":["selling_id","fulfillment_node_id","event_type","update_at","stream_sequence_number","event_data"],"record":"{\"selling_id\":\"a6b8e8d5406140f1892a2b649373794f\",\"fulfillment_node_id\":\"fb72b6f9c1e54625a551711f6ee72714\",\"event_type\":\"vbIdSellingIdInventoryUpdated/1\",\"update_at\":1564378274,\"stream_sequence_number\":47,\"event_data\":\"{\\\"id\\\":\\\"301d0c9112e049d2b14edac92505a817\\\",\\\"vbId\\\":\\\"a6b8e8d5406140f1892a2b649373794f\\\",\\\"sellingId\\\":\\\"a6b8e8d5406140f1892a2b649373794f\\\",\\\"merchantId\\\":\\\"e43cf7756d0b4ba8a4e9046774656ce8\\\",\\\"skuId\\\":\\\"a6b8e8d5406140f1892a2b649373794f\\\",\\\"f\\\":133,\\\"fnId\\\":\\\"fb72b6f9c1e54625a551711f6ee72714\\\",\\\"fnType\\\":\\\"wolverine\\\",\\\"by\\\":\\\"Vibranium\\\",\\\"at\\\":\\\"2019-07-29T05:31:14+00:00\\\",\\\"invUssn\\\":51,\\\"isInf\\\":false,\\\"ifa\\\":true,\\\"martAvail\\\":[{\\\"martId\\\":\\\"21\\\",\\\"ia\\\":true}],\\\"clt\\\":\\\"JoJ\\\"}\"}"}
{"id":"c010a8cb20e04b1c8bd99440b53e7ec3","table":"killmonger_events_table","keyspace":"msku","timestamp":"2019-07-29T05:45:02.470Z","clusteringKeys":["3cbcc7e28aac4f6fb0a8cde4e85483c0","vbIdSellingIdInventoryUpdated/1","1564378093"],"changedColumns":["selling_id","fulfillment_node_id","event_type","update_at","stream_sequence_number","event_data"],"record":"{\"selling_id\":\"c010a8cb20e04b1c8bd99440b53e7ec3\",\"fulfillment_node_id\":\"3cbcc7e28aac4f6fb0a8cde4e85483c0\",\"event_type\":\"vbIdSellingIdInventoryUpdated/1\",\"update_at\":1564378093,\"stream_sequence_number\":83,\"event_data\":\"{\\\"id\\\":\\\"c0b68fa551af4c29a8d6d83204296772\\\",\\\"vbId\\\":\\\"c010a8cb20e04b1c8bd99440b53e7ec3\\\",\\\"sellingId\\\":\\\"c010a8cb20e04b1c8bd99440b53e7ec3\\\",\\\"merchantId\\\":\\\"7eaf70709bf149f890dc3a845871dab4\\\",\\\"skuId\\\":\\\"c010a8cb20e04b1c8bd99440b53e7ec3\\\",\\\"f\\\":559,\\\"fnId\\\":\\\"3cbcc7e28aac4f6fb0a8cde4e85483c0\\\",\\\"fnType\\\":\\\"wolverine\\\",\\\"by\\\":\\\"Vibranium\\\",\\\"at\\\":\\\"2019-07-29T05:28:13+00:00\\\",\\\"invUssn\\\":75,\\\"isInf\\\":false,\\\"ifa\\\":true,\\\"martAvail\\\":[{\\\"martId\\\":\\\"21\\\",\\\"ia\\\":true}],\\\"clt\\\":\\\"JoJ\\\"}\"}"}
{"id":"c010a8cb20e04b1c8bd99440b53e7ec3","table":"killmonger_events_table","keyspace":"msku","timestamp":"2019-07-29T05:45:02.470Z","clusteringKeys":["3cbcc7e28aac4f6fb0a8cde4e85483c0","vbIdSellingIdInventoryUpdated/1","1564378093"],"changedColumns":["selling_id","fulfillment_node_id","event_type","update_at","stream_sequence_number","event_data"],"record":"{\"selling_id\":\"c010a8cb20e04b1c8bd99440b53e7ec3\",\"fulfillment_node_id\":\"3cbcc7e28aac4f6fb0a8cde4e85483c0\",\"event_type\":\"vbIdSellingIdInventoryUpdated/1\",\"update_at\":1564378093,\"stream_sequence_number\":84,\"event_data\":\"{\\\"id\\\":\\\"39846c3f5186435ab3449749ccd96766\\\",\\\"vbId\\\":\\\"c010a8cb20e04b1c8bd99440b53e7ec3\\\",\\\"sellingId\\\":\\\"c010a8cb20e04b1c8bd99440b53e7ec3\\\",\\\"merchantId\\\":\\\"7eaf70709bf149f890dc3a845871dab4\\\",\\\"skuId\\\":\\\"c010a8cb20e04b1c8bd99440b53e7ec3\\\",\\\"f\\\":559,\\\"fnId\\\":\\\"3cbcc7e28aac4f6fb0a8cde4e85483c0\\\",\\\"fnType\\\":\\\"wolverine\\\",\\\"by\\\":\\\"Vibranium\\\",\\\"at\\\":\\\"2019-07-29T05:28:13+00:00\\\",\\\"invUssn\\\":77,\\\"isInf\\\":false,\\\"ifa\\\":true,\\\"martAvail\\\":[{\\\"martId\\\":\\\"21\\\",\\\"ia\\\":true}],\\\"clt\\\":\\\"JoJ\\\"}\"}"}
{"id":"37FB083ED05243C6A8CBC15910283751","table":"killmonger_events_table","keyspace":"msku","timestamp":"2019-07-29T05:45:02.470Z","clusteringKeys":["8302","vbIdSellingIdInventoryUpdated/1","1564378911"],"changedColumns":["selling_id","fulfillment_node_id","event_type","update_at","stream_sequence_number","event_data"],"record":"{\"selling_id\":\"37FB083ED05243C6A8CBC15910283751\",\"fulfillment_node_id\":\"8302\",\"event_type\":\"vbIdSellingIdInventoryUpdated/1\",\"update_at\":1564378911,\"stream_sequence_number\":165,\"event_data\":\"{\\\"id\\\":\\\"6c8668d5e05246f686a3348194afb0ab\\\",\\\"vbId\\\":\\\"PantherMigrationVbId\\\",\\\"sellingId\\\":\\\"37FB083ED05243C6A8CBC15910283751\\\",\\\"merchantId\\\":\\\"9fc08905039048918982091f266c2a29\\\",\\\"skuId\\\":\\\"PantherMigrationSkuId\\\",\\\"f\\\":0,\\\"fnId\\\":\\\"8302\\\",\\\"by\\\":\\\"Killmonger.Migration.MapInWalmartInvUpdates\\\",\\\"at\\\":\\\"2019-07-29T05:41:51.366+00:00\\\",\\\"invUssn\\\":0,\\\"isInf\\\":false,\\\"ifa\\\":true,\\\"martAvail\\\":[{\\\"martId\\\":\\\"21\\\",\\\"ia\\\":true},{\\\"martId\\\":\\\"0\\\",\\\"ia\\\":true}],\\\"clt\\\":\\\"WoJ\\\"}\"}"}
{"id":"37FB083ED05243C6A8CBC15910283751","table":"killmonger_events_table","keyspace":"msku","timestamp":"2019-07-29T05:45:02.471Z","clusteringKeys":["8302","vbIdSellingIdInventoryUpdated/1","1564378911"],"changedColumns":["selling_id","fulfillment_node_id","event_type","update_at","stream_sequence_number","event_data"],"record":"{\"selling_id\":\"37FB083ED05243C6A8CBC15910283751\",\"fulfillment_node_id\":\"8302\",\"event_type\":\"vbIdSellingIdInventoryUpdated/1\",\"update_at\":1564378911,\"stream_sequence_number\":166,\"event_data\":\"{\\\"id\\\":\\\"6c8668d5e05246f686a3348194afb0ab\\\",\\\"vbId\\\":\\\"PantherMigrationVbId\\\",\\\"sellingId\\\":\\\"37FB083ED05243C6A8CBC15910283751\\\",\\\"merchantId\\\":\\\"9fc08905039048918982091f266c2a29\\\",\\\"skuId\\\":\\\"PantherMigrationSkuId\\\",\\\"f\\\":0,\\\"fnId\\\":\\\"8302\\\",\\\"by\\\":\\\"Killmonger.Migration.MapInWalmartInvUpdates\\\",\\\"at\\\":\\\"2019-07-29T05:41:51.366+00:00\\\",\\\"invUssn\\\":0,\\\"isInf\\\":false,\\\"ifa\\\":true,\\\"martAvail\\\":[{\\\"martId\\\":\\\"21\\\",\\\"ia\\\":true},{\\\"martId\\\":\\\"0\\\",\\\"ia\\\":true}],\\\"clt\\\":\\\"WoJ\\\"}\"}"}
{"id":"2310d173e6454df0b8c6daba8d68436c","table":"killmonger_events_table","keyspace":"msku","timestamp":"2019-07-29T05:45:03.529Z","clusteringKeys":["fb72b6f9c1e54625a551711f6ee72714","updateVbIdSellingIdInventorySkipped/1","1564375160"],"changedColumns":["selling_id","fulfillment_node_id","event_type","update_at","stream_sequence_number","event_data"],"record":"{\"selling_id\":\"2310d173e6454df0b8c6daba8d68436c\",\"fulfillment_node_id\":\"fb72b6f9c1e54625a551711f6ee72714\",\"event_type\":\"updateVbIdSellingIdInventorySkipped/1\",\"update_at\":1564375160,\"stream_sequence_number\":46,\"event_data\":\"{\\\"id\\\":\\\"57742e4411c44a20b5492669a50650ef\\\",\\\"vbId\\\":\\\"2310d173e6454df0b8c6daba8d68436c\\\",\\\"sellingId\\\":\\\"2310d173e6454df0b8c6daba8d68436c\\\",\\\"merchantId\\\":\\\"e43cf7756d0b4ba8a4e9046774656ce8\\\",\\\"skuId\\\":\\\"2310d173e6454df0b8c6daba8d68436c\\\",\\\"f\\\":146,\\\"fnId\\\":\\\"fb72b6f9c1e54625a551711f6ee72714\\\",\\\"fnType\\\":\\\"wolverine\\\",\\\"by\\\":\\\"Vibranium\\\",\\\"at\\\":\\\"2019-07-29T04:39:20+00:00\\\",\\\"invUssn\\\":49,\\\"isInf\\\":false}\"}"}
{"id":"2310d173e6454df0b8c6daba8d68436c","table":"killmonger_events_table","keyspace":"msku","timestamp":"2019-07-29T05:45:03.529Z","clusteringKeys":["fb72b6f9c1e54625a551711f6ee72714","updateVbIdSellingIdInventorySkipped/1","1564375160"],"changedColumns":["selling_id","fulfillment_node_id","event_type","update_at","stream_sequence_number","event_data"],"record":"{\"selling_id\":\"2310d173e6454df0b8c6daba8d68436c\",\"fulfillment_node_id\":\"fb72b6f9c1e54625a551711f6ee72714\",\"event_type\":\"updateVbIdSellingIdInventorySkipped/1\",\"update_at\":1564375160,\"stream_sequence_number\":47,\"event_data\":\"{\\\"id\\\":\\\"65e31a8684ec4428913066889480e7da\\\",\\\"vbId\\\":\\\"2310d173e6454df0b8c6daba8d68436c\\\",\\\"sellingId\\\":\\\"2310d173e6454df0b8c6daba8d68436c\\\",\\\"merchantId\\\":\\\"e43cf7756d0b4ba8a4e9046774656ce8\\\",\\\"skuId\\\":\\\"2310d173e6454df0b8c6daba8d68436c\\\",\\\"f\\\":146,\\\"fnId\\\":\\\"fb72b6f9c1e54625a551711f6ee72714\\\",\\\"fnType\\\":\\\"wolverine\\\",\\\"by\\\":\\\"Vibranium\\\",\\\"at\\\":\\\"2019-07-29T04:39:20+00:00\\\",\\\"invUssn\\\":49,\\\"isInf\\\":false}\"}"}
{"id":"F9A89AE5CAFB4716A2619A155E8E03D5","table":"killmonger_events_table","keyspace":"msku","timestamp":"2019-07-29T05:45:02.479Z","clusteringKeys":["2707","vbIdSellingIdInventoryUpdated/1","1564378909"],"changedColumns":["selling_id","fulfillment_node_id","event_type","update_at","stream_sequence_number","event_data"],"record":"{\"selling_id\":\"F9A89AE5CAFB4716A2619A155E8E03D5\",\"fulfillment_node_id\":\"2707\",\"event_type\":\"vbIdSellingIdInventoryUpdated/1\",\"update_at\":1564378909,\"stream_sequence_number\":96,\"event_data\":\"{\\\"id\\\":\\\"44cc71aa00024f17aaf970af1003f6f5\\\",\\\"vbId\\\":\\\"PantherMigrationVbId\\\",\\\"sellingId\\\":\\\"F9A89AE5CAFB4716A2619A155E8E03D5\\\",\\\"merchantId\\\":\\\"9fc08905039048918982091f266c2a29\\\",\\\"skuId\\\":\\\"PantherMigrationSkuId\\\",\\\"f\\\":0,\\\"fnId\\\":\\\"2707\\\",\\\"by\\\":\\\"Killmonger.Migration.MapInWalmartInvUpdates\\\",\\\"at\\\":\\\"2019-07-29T05:41:49.592+00:00\\\",\\\"invUssn\\\":0,\\\"isInf\\\":false,\\\"ifa\\\":true,\\\"martAvail\\\":[{\\\"martId\\\":\\\"21\\\",\\\"ia\\\":true},{\\\"martId\\\":\\\"0\\\",\\\"ia\\\":true}],\\\"clt\\\":\\\"WoJ\\\"}\"}"}
{"id":"ED8A15627BC445C6A87BF8834569B133","table":"killmonger_events_table","keyspace":"msku","timestamp":"2019-07-29T05:40:44.723Z","clusteringKeys":["2698","vbIdSellingIdInventoryUpdated/1","1564378910"],"changedColumns":["selling_id","fulfillment_node_id","event_type","update_at","stream_sequence_number","event_data"],"record":"{\"selling_id\":\"ED8A15627BC445C6A87BF8834569B133\",\"fulfillment_node_id\":\"2698\",\"event_type\":\"vbIdSellingIdInventoryUpdated/1\",\"update_at\":1564378910,\"stream_sequence_number\":89,\"event_data\":\"{\\\"id\\\":\\\"7354aa4e0c344a11bec5f300113dd55a\\\",\\\"vbId\\\":\\\"PantherMigrationVbId\\\",\\\"sellingId\\\":\\\"ED8A15627BC445C6A87BF8834569B133\\\",\\\"merchantId\\\":\\\"9fc08905039048918982091f266c2a29\\\",\\\"skuId\\\":\\\"PantherMigrationSkuId\\\",\\\"f\\\":0,\\\"fnId\\\":\\\"2698\\\",\\\"by\\\":\\\"Killmonger.Migration.MapInWalmartInvUpdates\\\",\\\"at\\\":\\\"2019-07-29T05:41:50.24+00:00\\\",\\\"invUssn\\\":0,\\\"isInf\\\":false,\\\"ifa\\\":true,\\\"martAvail\\\":[{\\\"martId\\\":\\\"21\\\",\\\"ia\\\":true},{\\\"martId\\\":\\\"0\\\",\\\"ia\\\":true}],\\\"clt\\\":\\\"WoJ\\\"}\"}"}
{"id":"ED8A15627BC445C6A87BF8834569B133","table":"killmonger_events_table","keyspace":"msku","timestamp":"2019-07-29T05:40:44.723Z","clusteringKeys":["2698","vbIdSellingIdInventoryUpdated/1","1564378910"],"changedColumns":["selling_id","fulfillment_node_id","event_type","update_at","stream_sequence_number","event_data"],"record":"{\"selling_id\":\"ED8A15627BC445C6A87BF8834569B133\",\"fulfillment_node_id\":\"2698\",\"event_type\":\"vbIdSellingIdInventoryUpdated/1\",\"update_at\":1564378910,\"stream_sequence_number\":90,\"event_data\":\"{\\\"id\\\":\\\"7354aa4e0c344a11bec5f300113dd55a\\\",\\\"vbId\\\":\\\"PantherMigrationVbId\\\",\\\"sellingId\\\":\\\"ED8A15627BC445C6A87BF8834569B133\\\",\\\"merchantId\\\":\\\"9fc08905039048918982091f266c2a29\\\",\\\"skuId\\\":\\\"PantherMigrationSkuId\\\",\\\"f\\\":0,\\\"fnId\\\":\\\"2698\\\",\\\"by\\\":\\\"Killmonger.Migration.MapInWalmartInvUpdates\\\",\\\"at\\\":\\\"2019-07-29T05:41:50.24+00:00\\\",\\\"invUssn\\\":0,\\\"isInf\\\":false,\\\"ifa\\\":true,\\\"martAvail\\\":[{\\\"martId\\\":\\\"21\\\",\\\"ia\\\":true},{\\\"martId\\\":\\\"0\\\",\\\"ia\\\":true}],\\\"clt\\\":\\\"WoJ\\\"}\"}"}
{"id":"b26c0c954d3a44749700686ec0636554","table":"killmonger_events_table","keyspace":"msku","timestamp":"2019-07-29T05:40:44.724Z","clusteringKeys":["3cbcc7e28aac4f6fb0a8cde4e85483c0","updateVbIdSellingIdInventorySkipped/1","1564377981"],"changedColumns":["selling_id","fulfillment_node_id","event_type","update_at","stream_sequence_number","event_data"],"record":"{\"selling_id\":\"b26c0c954d3a44749700686ec0636554\",\"fulfillment_node_id\":\"3cbcc7e28aac4f6fb0a8cde4e85483c0\",\"event_type\":\"updateVbIdSellingIdInventorySkipped/1\",\"update_at\":1564377981,\"stream_sequence_number\":95,\"event_data\":\"{\\\"id\\\":\\\"c5c4cddf66ac4fb89850838223ca5c6e\\\",\\\"vbId\\\":\\\"b26c0c954d3a44749700686ec0636554\\\",\\\"sellingId\\\":\\\"b26c0c954d3a44749700686ec0636554\\\",\\\"merchantId\\\":\\\"7eaf70709bf149f890dc3a845871dab4\\\",\\\"skuId\\\":\\\"b26c0c954d3a44749700686ec0636554\\\",\\\"f\\\":559,\\\"fnId\\\":\\\"3cbcc7e28aac4f6fb0a8cde4e85483c0\\\",\\\"fnType\\\":\\\"wolverine\\\",\\\"by\\\":\\\"Vibranium\\\",\\\"at\\\":\\\"2019-07-29T05:26:21+00:00\\\",\\\"invUssn\\\":79,\\\"isInf\\\":false}\"}"}
{"id":"5774E235B06C4008BAA304D21BD24E7C","table":"killmonger_events_table","keyspace":"msku","timestamp":"2019-07-29T05:45:03.532Z","clusteringKeys":["6284","vbIdSellingIdInventoryUpdated/1","1564378908"],"changedColumns":["selling_id","fulfillment_node_id","event_type","update_at","stream_sequence_number","event_data"],"record":"{\"selling_id\":\"5774E235B06C4008BAA304D21BD24E7C\",\"fulfillment_node_id\":\"6284\",\"event_type\":\"vbIdSellingIdInventoryUpdated/1\",\"update_at\":1564378908,\"stream_sequence_number\":129,\"event_data\":\"{\\\"id\\\":\\\"69c2cd9d6a0146e7af01270261f773e5\\\",\\\"vbId\\\":\\\"PantherMigrationVbId\\\",\\\"sellingId\\\":\\\"5774E235B06C4008BAA304D21BD24E7C\\\",\\\"merchantId\\\":\\\"9fc08905039048918982091f266c2a29\\\",\\\"skuId\\\":\\\"PantherMigrationSkuId\\\",\\\"f\\\":0,\\\"fnId\\\":\\\"6284\\\",\\\"by\\\":\\\"Killmonger.Migration.MapInWalmartInvUpdates\\\",\\\"at\\\":\\\"2019-07-29T05:41:48.028+00:00\\\",\\\"invUssn\\\":0,\\\"isInf\\\":false,\\\"ifa\\\":true,\\\"martAvail\\\":[{\\\"martId\\\":\\\"21\\\",\\\"ia\\\":true},{\\\"martId\\\":\\\"0\\\",\\\"ia\\\":true}],\\\"clt\\\":\\\"WoJ\\\"}\"}"}
{"id":"D68660E2E9F749D0AE81654D9F49C095","table":"killmonger_events_table","keyspace":"msku","timestamp":"2019-07-29T05:40:44.735Z","clusteringKeys":["3373","vbIdSellingIdInventoryUpdated/1","1564375904"],"changedColumns":["selling_id","fulfillment_node_id","event_type","update_at","stream_sequence_number","event_data"],"record":"{\"selling_id\":\"D68660E2E9F749D0AE81654D9F49C095\",\"fulfillment_node_id\":\"3373\",\"event_type\":\"vbIdSellingIdInventoryUpdated/1\",\"update_at\":1564375904,\"stream_sequence_number\":163,\"event_data\":\"{\\\"id\\\":\\\"a1fc37b930a1422ba281c75bf8bdf4b9\\\",\\\"vbId\\\":\\\"PantherMigrationVbId\\\",\\\"sellingId\\\":\\\"D68660E2E9F749D0AE81654D9F49C095\\\",\\\"merchantId\\\":\\\"9fc08905039048918982091f266c2a29\\\",\\\"skuId\\\":\\\"PantherMigrationSkuId\\\",\\\"f\\\":0,\\\"fnId\\\":\\\"3373\\\",\\\"by\\\":\\\"Killmonger.Migration.MapInWalmartInvUpdates\\\",\\\"at\\\":\\\"2019-07-29T04:51:44.948+00:00\\\",\\\"invUssn\\\":0,\\\"isInf\\\":false,\\\"ifa\\\":true,\\\"martAvail\\\":[{\\\"martId\\\":\\\"21\\\",\\\"ia\\\":true},{\\\"martId\\\":\\\"0\\\",\\\"ia\\\":true}],\\\"clt\\\":\\\"WoJ\\\"}\"}"}
{"id":"04fefa4b518745088b039e022b194140","table":"killmonger_events_table","keyspace":"msku","timestamp":"2019-07-29T05:45:02.497Z","clusteringKeys":["3b30b6e39c2c4a7fb040d405fdd6ba8b","updateVbIdSellingIdInventorySkipped/1","1564377905"],"changedColumns":["selling_id","fulfillment_node_id","event_type","update_at","stream_sequence_number","event_data"],"record":"{\"selling_id\":\"04fefa4b518745088b039e022b194140\",\"fulfillment_node_id\":\"3b30b6e39c2c4a7fb040d405fdd6ba8b\",\"event_type\":\"updateVbIdSellingIdInventorySkipped/1\",\"update_at\":1564377905,\"stream_sequence_number\":193,\"event_data\":\"{\\\"id\\\":\\\"0e8c40b354d84d2ba0d0e65a280ae7f0\\\",\\\"vbId\\\":\\\"04fefa4b518745088b039e022b194140\\\",\\\"sellingId\\\":\\\"04fefa4b518745088b039e022b194140\\\",\\\"merchantId\\\":\\\"c75fd12986e143928bef235bc9853a59\\\",\\\"skuId\\\":\\\"04fefa4b518745088b039e022b194140\\\",\\\"f\\\":21,\\\"fnId\\\":\\\"3b30b6e39c2c4a7fb040d405fdd6ba8b\\\",\\\"fnType\\\":\\\"wolverine\\\",\\\"by\\\":\\\"Vibranium\\\",\\\"at\\\":\\\"2019-07-29T05:25:05+00:00\\\",\\\"invUssn\\\":184,\\\"isInf\\\":false}\"}"}
{"id":"95D9F0E103764456BA1CDC1AA9D49A46","table":"killmonger_events_table","keyspace":"msku","timestamp":"2019-07-29T05:45:02.511Z","clusteringKeys":["8306","vbIdSellingIdInventoryUpdated/1","1564378909"],"changedColumns":["selling_id","fulfillment_node_id","event_type","update_at","stream_sequence_number","event_data"],"record":"{\"selling_id\":\"95D9F0E103764456BA1CDC1AA9D49A46\",\"fulfillment_node_id\":\"8306\",\"event_type\":\"vbIdSellingIdInventoryUpdated/1\",\"update_at\":1564378909,\"stream_sequence_number\":129,\"event_data\":\"{\\\"id\\\":\\\"004bb597ba5d4bf792b64551be6e1104\\\",\\\"vbId\\\":\\\"PantherMigrationVbId\\\",\\\"sellingId\\\":\\\"95D9F0E103764456BA1CDC1AA9D49A46\\\",\\\"merchantId\\\":\\\"9fc08905039048918982091f266c2a29\\\",\\\"skuId\\\":\\\"PantherMigrationSkuId\\\",\\\"f\\\":0,\\\"fnId\\\":\\\"8306\\\",\\\"by\\\":\\\"Killmonger.Migration.MapInWalmartInvUpdates\\\",\\\"at\\\":\\\"2019-07-29T05:41:49.922+00:00\\\",\\\"invUssn\\\":0,\\\"isInf\\\":false,\\\"ifa\\\":true,\\\"martAvail\\\":[{\\\"martId\\\":\\\"21\\\",\\\"ia\\\":true},{\\\"martId\\\":\\\"0\\\",\\\"ia\\\":true}],\\\"clt\\\":\\\"WoJ\\\"}\"}"}
{"id":"2f6faf806b2349b3850fd4079c7aadc8","table":"killmonger_events_table","keyspace":"msku","timestamp":"2019-07-29T05:45:02.512Z","clusteringKeys":["0a633d9fe80f4a45b6fdf372a649be0c","vbIdSellingIdInventoryUpdated/1","1564378274"],"changedColumns":["selling_id","fulfillment_node_id","event_type","update_at","stream_sequence_number","event_data"],"record":"{\"selling_id\":\"2f6faf806b2349b3850fd4079c7aadc8\",\"fulfillment_node_id\":\"0a633d9fe80f4a45b6fdf372a649be0c\",\"event_type\":\"vbIdSellingIdInventoryUpdated/1\",\"update_at\":1564378274,\"stream_sequence_number\":42,\"event_data\":\"{\\\"id\\\":\\\"edae340cc8fd4f8395711afe655e9b8c\\\",\\\"vbId\\\":\\\"2f6faf806b2349b3850fd4079c7aadc8\\\",\\\"sellingId\\\":\\\"2f6faf806b2349b3850fd4079c7aadc8\\\",\\\"merchantId\\\":\\\"e43cf7756d0b4ba8a4e9046774656ce8\\\",\\\"skuId\\\":\\\"2f6faf806b2349b3850fd4079c7aadc8\\\",\\\"f\\\":131,\\\"fnId\\\":\\\"0a633d9fe80f4a45b6fdf372a649be0c\\\",\\\"fnType\\\":\\\"wolverine\\\",\\\"by\\\":\\\"Vibranium\\\",\\\"at\\\":\\\"2019-07-29T05:31:14+00:00\\\",\\\"invUssn\\\":51,\\\"isInf\\\":false,\\\"ifa\\\":true,\\\"martAvail\\\":[{\\\"martId\\\":\\\"21\\\",\\\"ia\\\":true}],\\\"clt\\\":\\\"JoJ\\\"}\"}"}
{"id":"e03f83af9c36468fa55111d218a54a71","table":"killmonger_events_table","keyspace":"msku","timestamp":"2019-07-29T05:44:37.094Z","clusteringKeys":["3cbcc7e28aac4f6fb0a8cde4e85483c0","updateVbIdSellingIdInventorySkipped/1","1564378254"],"changedColumns":["selling_id","fulfillment_node_id","event_type","update_at","stream_sequence_number","event_data"],"record":"{\"selling_id\":\"e03f83af9c36468fa55111d218a54a71\",\"fulfillment_node_id\":\"3cbcc7e28aac4f6fb0a8cde4e85483c0\",\"event_type\":\"updateVbIdSellingIdInventorySkipped/1\",\"update_at\":1564378254,\"stream_sequence_number\":89,\"event_data\":\"{\\\"id\\\":\\\"65a7ea2b3bc74cd58b3c43e4beece0df\\\",\\\"vbId\\\":\\\"e03f83af9c36468fa55111d218a54a71\\\",\\\"sellingId\\\":\\\"e03f83af9c36468fa55111d218a54a71\\\",\\\"merchantId\\\":\\\"7eaf70709bf149f890dc3a845871dab4\\\",\\\"skuId\\\":\\\"e03f83af9c36468fa55111d218a54a71\\\",\\\"f\\\":559,\\\"fnId\\\":\\\"3cbcc7e28aac4f6fb0a8cde4e85483c0\\\",\\\"fnType\\\":\\\"wolverine\\\",\\\"by\\\":\\\"Vibranium\\\",\\\"at\\\":\\\"2019-07-29T05:30:54+00:00\\\",\\\"invUssn\\\":77,\\\"isInf\\\":false}\"}"}
{"id":"e03f83af9c36468fa55111d218a54a71","table":"killmonger_events_table","keyspace":"msku","timestamp":"2019-07-29T05:44:37.095Z","clusteringKeys":["3cbcc7e28aac4f6fb0a8cde4e85483c0","updateVbIdSellingIdInventorySkipped/1","1564378254"],"changedColumns":["selling_id","fulfillment_node_id","event_type","update_at","stream_sequence_number","event_data"],"record":"{\"selling_id\":\"e03f83af9c36468fa55111d218a54a71\",\"fulfillment_node_id\":\"3cbcc7e28aac4f6fb0a8cde4e85483c0\",\"event_type\":\"updateVbIdSellingIdInventorySkipped/1\",\"update_at\":1564378254,\"stream_sequence_number\":90,\"event_data\":\"{\\\"id\\\":\\\"65a7ea2b3bc74cd58b3c43e4beece0df\\\",\\\"vbId\\\":\\\"e03f83af9c36468fa55111d218a54a71\\\",\\\"sellingId\\\":\\\"e03f83af9c36468fa55111d218a54a71\\\",\\\"merchantId\\\":\\\"7eaf70709bf149f890dc3a845871dab4\\\",\\\"skuId\\\":\\\"e03f83af9c36468fa55111d218a54a71\\\",\\\"f\\\":559,\\\"fnId\\\":\\\"3cbcc7e28aac4f6fb0a8cde4e85483c0\\\",\\\"fnType\\\":\\\"wolverine\\\",\\\"by\\\":\\\"Vibranium\\\",\\\"at\\\":\\\"2019-07-29T05:30:54+00:00\\\",\\\"invUssn\\\":77,\\\"isInf\\\":false}\"}"}
{"id":"8be99627b7b649359871e007099e1eb2","table":"killmonger_events_table","keyspace":"msku","timestamp":"2019-07-29T05:44:37.095Z","clusteringKeys":["6ccbd76c487c42e5b65dd274f51b72ea","vbIdSellingIdInventoryUpdated/1","1564378274"],"changedColumns":["selling_id","fulfillment_node_id","event_type","update_at","stream_sequence_number","event_data"],"record":"{\"selling_id\":\"8be99627b7b649359871e007099e1eb2\",\"fulfillment_node_id\":\"6ccbd76c487c42e5b65dd274f51b72ea\",\"event_type\":\"vbIdSellingIdInventoryUpdated/1\",\"update_at\":1564378274,\"stream_sequence_number\":49,\"event_data\":\"{\\\"id\\\":\\\"531d5533572f4353bf01cb7b93954213\\\",\\\"vbId\\\":\\\"8be99627b7b649359871e007099e1eb2\\\",\\\"sellingId\\\":\\\"8be99627b7b649359871e007099e1eb2\\\",\\\"merchantId\\\":\\\"e43cf7756d0b4ba8a4e9046774656ce8\\\",\\\"skuId\\\":\\\"8be99627b7b649359871e007099e1eb2\\\",\\\"f\\\":131,\\\"fnId\\\":\\\"6ccbd76c487c42e5b65dd274f51b72ea\\\",\\\"fnType\\\":\\\"wolverine\\\",\\\"by\\\":\\\"Vibranium\\\",\\\"at\\\":\\\"2019-07-29T05:31:14+00:00\\\",\\\"invUssn\\\":52,\\\"isInf\\\":false,\\\"ifa\\\":true,\\\"martAvail\\\":[{\\\"martId\\\":\\\"21\\\",\\\"ia\\\":true}],\\\"clt\\\":\\\"JoJ\\\"}\"}"}
{"id":"E2530A938FBF48D19CBCD4D204680E4E","table":"killmonger_events_table","keyspace":"msku","timestamp":"2019-07-29T05:45:03.430Z","clusteringKeys":["10000000586","vbIdSellingIdInventoryUpdated/1","1564378366"],"changedColumns":["selling_id","fulfillment_node_id","event_type","update_at","stream_sequence_number","event_data"],"record":"{\"selling_id\":\"E2530A938FBF48D19CBCD4D204680E4E\",\"fulfillment_node_id\":\"10000000586\",\"event_type\":\"vbIdSellingIdInventoryUpdated/1\",\"update_at\":1564378366,\"stream_sequence_number\":52,\"event_data\":\"{\\\"id\\\":\\\"6e7a72a77634407997bb45543f92fa27\\\",\\\"vbId\\\":\\\"BBCG10530-560\\\",\\\"sellingId\\\":\\\"E2530A938FBF48D19CBCD4D204680E4E\\\",\\\"merchantId\\\":\\\"560\\\",\\\"skuId\\\":\\\"BBCG10530\\\",\\\"f\\\":86,\\\"fnId\\\":\\\"10000000586\\\",\\\"fnType\\\":\\\"MARKETPLACE\\\",\\\"by\\\":\\\"Vibranium\\\",\\\"at\\\":\\\"2019-07-29T05:32:46+00:00\\\",\\\"invUssn\\\":30,\\\"catUssn\\\":23,\\\"isInf\\\":false,\\\"ifa\\\":true,\\\"martAvail\\\":[{\\\"martId\\\":\\\"0\\\",\\\"ia\\\":true}],\\\"clt\\\":\\\"WoW\\\"}\"}"}
{"id":"4ee00b656f42407e9f8a56a4286ebb1e","table":"killmonger_events_table","keyspace":"msku","timestamp":"2019-07-29T05:45:02.376Z","clusteringKeys":["fb72b6f9c1e54625a551711f6ee72714","vbIdSellingIdInventoryUpdated/1","1564378075"],"changedColumns":["selling_id","fulfillment_node_id","event_type","update_at","stream_sequence_number","event_data"],"record":"{\"selling_id\":\"4ee00b656f42407e9f8a56a4286ebb1e\",\"fulfillment_node_id\":\"fb72b6f9c1e54625a551711f6ee72714\",\"event_type\":\"vbIdSellingIdInventoryUpdated/1\",\"update_at\":1564378075,\"stream_sequence_number\":44,\"event_data\":\"{\\\"id\\\":\\\"cb53e83b3a9a4f59b6cad0c8df50d730\\\",\\\"vbId\\\":\\\"4ee00b656f42407e9f8a56a4286ebb1e\\\",\\\"sellingId\\\":\\\"4ee00b656f42407e9f8a56a4286ebb1e\\\",\\\"merchantId\\\":\\\"e43cf7756d0b4ba8a4e9046774656ce8\\\",\\\"skuId\\\":\\\"4ee00b656f42407e9f8a56a4286ebb1e\\\",\\\"f\\\":125,\\\"fnId\\\":\\\"fb72b6f9c1e54625a551711f6ee72714\\\",\\\"fnType\\\":\\\"wolverine\\\",\\\"by\\\":\\\"Vibranium\\\",\\\"at\\\":\\\"2019-07-29T05:27:55+00:00\\\",\\\"invUssn\\\":53,\\\"isInf\\\":false,\\\"ifa\\\":true,\\\"martAvail\\\":[{\\\"martId\\\":\\\"21\\\",\\\"ia\\\":true}],\\\"clt\\\":\\\"JoJ\\\"}\"}"}
{"id":"4ee00b656f42407e9f8a56a4286ebb1e","table":"killmonger_events_table","keyspace":"msku","timestamp":"2019-07-29T05:45:02.376Z","clusteringKeys":["fb72b6f9c1e54625a551711f6ee72714","updateVbIdSellingIdInventorySkipped/1","1564378075"],"changedColumns":["selling_id","fulfillment_node_id","event_type","update_at","stream_sequence_number","event_data"],"record":"{\"selling_id\":\"4ee00b656f42407e9f8a56a4286ebb1e\",\"fulfillment_node_id\":\"fb72b6f9c1e54625a551711f6ee72714\",\"event_type\":\"updateVbIdSellingIdInventorySkipped/1\",\"update_at\":1564378075,\"stream_sequence_number\":45,\"event_data\":\"{\\\"id\\\":\\\"cb53e83b3a9a4f59b6cad0c8df50d730\\\",\\\"vbId\\\":\\\"4ee00b656f42407e9f8a56a4286ebb1e\\\",\\\"sellingId\\\":\\\"4ee00b656f42407e9f8a56a4286ebb1e\\\",\\\"merchantId\\\":\\\"e43cf7756d0b4ba8a4e9046774656ce8\\\",\\\"skuId\\\":\\\"4ee00b656f42407e9f8a56a4286ebb1e\\\",\\\"f\\\":125,\\\"fnId\\\":\\\"fb72b6f9c1e54625a551711f6ee72714\\\",\\\"fnType\\\":\\\"wolverine\\\",\\\"by\\\":\\\"Vibranium\\\",\\\"at\\\":\\\"2019-07-29T05:27:55+00:00\\\",\\\"invUssn\\\":53,\\\"isInf\\\":false}\"}"}
{"id":"E2530A938FBF48D19CBCD4D204680E4E","table":"killmonger_events_table","keyspace":"msku","timestamp":"2019-07-29T05:45:03.431Z","clusteringKeys":["10000000586","updateVbIdSellingIdInventorySkipped/1","1564378366"],"changedColumns":["selling_id","fulfillment_node_id","event_type","update_at","stream_sequence_number","event_data"],"record":"{\"selling_id\":\"E2530A938FBF48D19CBCD4D204680E4E\",\"fulfillment_node_id\":\"10000000586\",\"event_type\":\"updateVbIdSellingIdInventorySkipped/1\",\"update_at\":1564378366,\"stream_sequence_number\":53,\"event_data\":\"{\\\"id\\\":\\\"6e7a72a77634407997bb45543f92fa27\\\",\\\"vbId\\\":\\\"BBCG10530-560\\\",\\\"sellingId\\\":\\\"E2530A938FBF48D19CBCD4D204680E4E\\\",\\\"merchantId\\\":\\\"560\\\",\\\"skuId\\\":\\\"BBCG10530\\\",\\\"f\\\":86,\\\"fnId\\\":\\\"10000000586\\\",\\\"fnType\\\":\\\"MARKETPLACE\\\",\\\"by\\\":\\\"Vibranium\\\",\\\"at\\\":\\\"2019-07-29T05:32:46+00:00\\\",\\\"invUssn\\\":30,\\\"catUssn\\\":23,\\\"isInf\\\":false}\"}"}
{"id":"0693A2A8030B466E83CAAE7FD92C7B15","table":"killmonger_events_table","keyspace":"msku","timestamp":"2019-07-29T05:45:03.438Z","clusteringKeys":["6284","vbIdSellingIdInventoryUpdated/1","1564378909"],"changedColumns":["selling_id","fulfillment_node_id","event_type","update_at","stream_sequence_number","event_data"],"record":"{\"selling_id\":\"0693A2A8030B466E83CAAE7FD92C7B15\",\"fulfillment_node_id\":\"6284\",\"event_type\":\"vbIdSellingIdInventoryUpdated/1\",\"update_at\":1564378909,\"stream_sequence_number\":139,\"event_data\":\"{\\\"id\\\":\\\"44add03ff13645be94bfd4c719de9e1c\\\",\\\"vbId\\\":\\\"PantherMigrationVbId\\\",\\\"sellingId\\\":\\\"0693A2A8030B466E83CAAE7FD92C7B15\\\",\\\"merchantId\\\":\\\"9fc08905039048918982091f266c2a29\\\",\\\"skuId\\\":\\\"PantherMigrationSkuId\\\",\\\"f\\\":0,\\\"fnId\\\":\\\"6284\\\",\\\"by\\\":\\\"Killmonger.Migration.MapInWalmartInvUpdates\\\",\\\"at\\\":\\\"2019-07-29T05:41:49.255+00:00\\\",\\\"invUssn\\\":0,\\\"isInf\\\":false,\\\"ifa\\\":true,\\\"martAvail\\\":[{\\\"martId\\\":\\\"21\\\",\\\"ia\\\":true},{\\\"martId\\\":\\\"0\\\",\\\"ia\\\":true}],\\\"clt\\\":\\\"WoJ\\\"}\"}"}
{"id":"db35a67e8f5c4ea9934b78fca39aaa33","table":"killmonger_events_table","keyspace":"msku","timestamp":"2019-07-29T05:45:03.421Z","clusteringKeys":["fb72b6f9c1e54625a551711f6ee72714","vbIdSellingIdInventoryUpdated/1","1564378075"],"changedColumns":["selling_id","fulfillment_node_id","event_type","update_at","stream_sequence_number","event_data"],"record":"{\"selling_id\":\"db35a67e8f5c4ea9934b78fca39aaa33\",\"fulfillment_node_id\":\"fb72b6f9c1e54625a551711f6ee72714\",\"event_type\":\"vbIdSellingIdInventoryUpdated/1\",\"update_at\":1564378075,\"stream_sequence_number\":44,\"event_data\":\"{\\\"id\\\":\\\"916d628802b94695b0dac685ac7902bf\\\",\\\"vbId\\\":\\\"db35a67e8f5c4ea9934b78fca39aaa33\\\",\\\"sellingId\\\":\\\"db35a67e8f5c4ea9934b78fca39aaa33\\\",\\\"merchantId\\\":\\\"e43cf7756d0b4ba8a4e9046774656ce8\\\",\\\"skuId\\\":\\\"db35a67e8f5c4ea9934b78fca39aaa33\\\",\\\"f\\\":104,\\\"fnId\\\":\\\"fb72b6f9c1e54625a551711f6ee72714\\\",\\\"fnType\\\":\\\"wolverine\\\",\\\"by\\\":\\\"Vibranium\\\",\\\"at\\\":\\\"2019-07-29T05:27:55+00:00\\\",\\\"invUssn\\\":52,\\\"isInf\\\":false,\\\"ifa\\\":true,\\\"martAvail\\\":[{\\\"martId\\\":\\\"21\\\",\\\"ia\\\":true}],\\\"clt\\\":\\\"JoJ\\\"}\"}"}
{"id":"db35a67e8f5c4ea9934b78fca39aaa33","table":"killmonger_events_table","keyspace":"msku","timestamp":"2019-07-29T05:45:03.421Z","clusteringKeys":["fb72b6f9c1e54625a551711f6ee72714","updateVbIdSellingIdInventorySkipped/1","1564378075"],"changedColumns":["selling_id","fulfillment_node_id","event_type","update_at","stream_sequence_number","event_data"],"record":"{\"selling_id\":\"db35a67e8f5c4ea9934b78fca39aaa33\",\"fulfillment_node_id\":\"fb72b6f9c1e54625a551711f6ee72714\",\"event_type\":\"updateVbIdSellingIdInventorySkipped/1\",\"update_at\":1564378075,\"stream_sequence_number\":45,\"event_data\":\"{\\\"id\\\":\\\"916d628802b94695b0dac685ac7902bf\\\",\\\"vbId\\\":\\\"db35a67e8f5c4ea9934b78fca39aaa33\\\",\\\"sellingId\\\":\\\"db35a67e8f5c4ea9934b78fca39aaa33\\\",\\\"merchantId\\\":\\\"e43cf7756d0b4ba8a4e9046774656ce8\\\",\\\"skuId\\\":\\\"db35a67e8f5c4ea9934b78fca39aaa33\\\",\\\"f\\\":104,\\\"fnId\\\":\\\"fb72b6f9c1e54625a551711f6ee72714\\\",\\\"fnType\\\":\\\"wolverine\\\",\\\"by\\\":\\\"Vibranium\\\",\\\"at\\\":\\\"2019-07-29T05:27:55+00:00\\\",\\\"invUssn\\\":52,\\\"isInf\\\":false}\"}"}
{"id":"437D59754EEA4D66B9940F01DF105BF3","table":"killmonger_events_table","keyspace":"msku","timestamp":"2019-07-29T05:45:03.421Z","clusteringKeys":["3559","vbIdSellingIdInventoryUpdated/1","1564378912"],"changedColumns":["selling_id","fulfillment_node_id","event_type","update_at","stream_sequence_number","event_data"],"record":"{\"selling_id\":\"437D59754EEA4D66B9940F01DF105BF3\",\"fulfillment_node_id\":\"3559\",\"event_type\":\"vbIdSellingIdInventoryUpdated/1\",\"update_at\":1564378912,\"stream_sequence_number\":130,\"event_data\":\"{\\\"id\\\":\\\"77cc16f2780f4e80af0767137b96146d\\\",\\\"vbId\\\":\\\"PantherMigrationVbId\\\",\\\"sellingId\\\":\\\"437D59754EEA4D66B9940F01DF105BF3\\\",\\\"merchantId\\\":\\\"9fc08905039048918982091f266c2a29\\\",\\\"skuId\\\":\\\"PantherMigrationSkuId\\\",\\\"f\\\":0,\\\"fnId\\\":\\\"3559\\\",\\\"by\\\":\\\"Killmonger.Migration.MapInWalmartInvUpdates\\\",\\\"at\\\":\\\"2019-07-29T05:41:52.228+00:00\\\",\\\"invUssn\\\":0,\\\"isInf\\\":false,\\\"ifa\\\":true,\\\"martAvail\\\":[{\\\"martId\\\":\\\"21\\\",\\\"ia\\\":true},{\\\"martId\\\":\\\"0\\\",\\\"ia\\\":true}],\\\"clt\\\":\\\"WoJ\\\"}\"}"}
{"id":"d8569fd67abc4af2bfd950eb035838bb","table":"killmonger_events_table","keyspace":"msku","timestamp":"2019-07-29T05:45:03.426Z","clusteringKeys":["3cbcc7e28aac4f6fb0a8cde4e85483c0","vbIdSellingIdInventoryUpdated/1","1564378068"],"changedColumns":["selling_id","fulfillment_node_id","event_type","update_at","stream_sequence_number","event_data"],"record":"{\"selling_id\":\"d8569fd67abc4af2bfd950eb035838bb\",\"fulfillment_node_id\":\"3cbcc7e28aac4f6fb0a8cde4e85483c0\",\"event_type\":\"vbIdSellingIdInventoryUpdated/1\",\"update_at\":1564378068,\"stream_sequence_number\":92,\"event_data\":\"{\\\"id\\\":\\\"8210b881ddd94d8393a1a94e9788f027\\\",\\\"vbId\\\":\\\"d8569fd67abc4af2bfd950eb035838bb\\\",\\\"sellingId\\\":\\\"d8569fd67abc4af2bfd950eb035838bb\\\",\\\"merchantId\\\":\\\"7eaf70709bf149f890dc3a845871dab4\\\",\\\"skuId\\\":\\\"d8569fd67abc4af2bfd950eb035838bb\\\",\\\"f\\\":559,\\\"fnId\\\":\\\"3cbcc7e28aac4f6fb0a8cde4e85483c0\\\",\\\"fnType\\\":\\\"wolverine\\\",\\\"by\\\":\\\"Vibranium\\\",\\\"at\\\":\\\"2019-07-29T05:27:48+00:00\\\",\\\"invUssn\\\":76,\\\"isInf\\\":false,\\\"ifa\\\":true,\\\"martAvail\\\":[{\\\"martId\\\":\\\"21\\\",\\\"ia\\\":true}],\\\"clt\\\":\\\"JoJ\\\"}\"}"}
{"id":"1b3023f5b6224a2aaae26b222d3850cc","table":"killmonger_events_table","keyspace":"msku","timestamp":"2019-07-29T05:44:36.950Z","clusteringKeys":["fb72b6f9c1e54625a551711f6ee72714","vbIdSellingIdInventoryUpdated/1","1564378274"],"changedColumns":["selling_id","fulfillment_node_id","event_type","update_at","stream_sequence_number","event_data"],"record":"{\"selling_id\":\"1b3023f5b6224a2aaae26b222d3850cc\",\"fulfillment_node_id\":\"fb72b6f9c1e54625a551711f6ee72714\",\"event_type\":\"vbIdSellingIdInventoryUpdated/1\",\"update_at\":1564378274,\"stream_sequence_number\":36,\"event_data\":\"{\\\"id\\\":\\\"ebb9db9bdf824ee58d8c6cdbf4abffa2\\\",\\\"vbId\\\":\\\"1b3023f5b6224a2aaae26b222d3850cc\\\",\\\"sellingId\\\":\\\"1b3023f5b6224a2aaae26b222d3850cc\\\",\\\"merchantId\\\":\\\"e43cf7756d0b4ba8a4e9046774656ce8\\\",\\\"skuId\\\":\\\"1b3023f5b6224a2aaae26b222d3850cc\\\",\\\"f\\\":75,\\\"fnId\\\":\\\"fb72b6f9c1e54625a551711f6ee72714\\\",\\\"fnType\\\":\\\"wolverine\\\",\\\"by\\\":\\\"Vibranium\\\",\\\"at\\\":\\\"2019-07-29T05:31:14+00:00\\\",\\\"invUssn\\\":47,\\\"isInf\\\":false,\\\"ifa\\\":true,\\\"martAvail\\\":[{\\\"martId\\\":\\\"21\\\",\\\"ia\\\":true}],\\\"clt\\\":\\\"JoJ\\\"}\"}"}
{"id":"1b3023f5b6224a2aaae26b222d3850cc","table":"killmonger_events_table","keyspace":"msku","timestamp":"2019-07-29T05:44:36.951Z","clusteringKeys":["fb72b6f9c1e54625a551711f6ee72714","updateVbIdSellingIdInventorySkipped/1","1564378274"],"changedColumns":["selling_id","fulfillment_node_id","event_type","update_at","stream_sequence_number","event_data"],"record":"{\"selling_id\":\"1b3023f5b6224a2aaae26b222d3850cc\",\"fulfillment_node_id\":\"fb72b6f9c1e54625a551711f6ee72714\",\"event_type\":\"updateVbIdSellingIdInventorySkipped/1\",\"update_at\":1564378274,\"stream_sequence_number\":37,\"event_data\":\"{\\\"id\\\":\\\"ebb9db9bdf824ee58d8c6cdbf4abffa2\\\",\\\"vbId\\\":\\\"1b3023f5b6224a2aaae26b222d3850cc\\\",\\\"sellingId\\\":\\\"1b3023f5b6224a2aaae26b222d3850cc\\\",\\\"merchantId\\\":\\\"e43cf7756d0b4ba8a4e9046774656ce8\\\",\\\"skuId\\\":\\\"1b3023f5b6224a2aaae26b222d3850cc\\\",\\\"f\\\":75,\\\"fnId\\\":\\\"fb72b6f9c1e54625a551711f6ee72714\\\",\\\"fnType\\\":\\\"wolverine\\\",\\\"by\\\":\\\"Vibranium\\\",\\\"at\\\":\\\"2019-07-29T05:31:14+00:00\\\",\\\"invUssn\\\":47,\\\"isInf\\\":false}\"}"}
{"id":"601079C8A70C4319A5A4D98DE66B37D7","table":"killmonger_events_table","keyspace":"msku","timestamp":"2019-07-29T05:45:02.376Z","clusteringKeys":["6468","vbIdSellingIdInventoryUpdated/1","1564378913"],"changedColumns":["selling_id","fulfillment_node_id","event_type","update_at","stream_sequence_number","event_data"],"record":"{\"selling_id\":\"601079C8A70C4319A5A4D98DE66B37D7\",\"fulfillment_node_id\":\"6468\",\"event_type\":\"vbIdSellingIdInventoryUpdated/1\",\"update_at\":1564378913,\"stream_sequence_number\":128,\"event_data\":\"{\\\"id\\\":\\\"6d9fae0e3661417e9c9f9906dd938094\\\",\\\"vbId\\\":\\\"PantherMigrationVbId\\\",\\\"sellingId\\\":\\\"601079C8A70C4319A5A4D98DE66B37D7\\\",\\\"merchantId\\\":\\\"9fc08905039048918982091f266c2a29\\\",\\\"skuId\\\":\\\"PantherMigrationSkuId\\\",\\\"f\\\":0,\\\"fnId\\\":\\\"6468\\\",\\\"by\\\":\\\"Killmonger.Migration.MapInWalmartInvUpdates\\\",\\\"at\\\":\\\"2019-07-29T05:41:53.177+00:00\\\",\\\"invUssn\\\":0,\\\"isInf\\\":false,\\\"ifa\\\":true,\\\"martAvail\\\":[{\\\"martId\\\":\\\"21\\\",\\\"ia\\\":true},{\\\"martId\\\":\\\"0\\\",\\\"ia\\\":true}],\\\"clt\\\":\\\"WoJ\\\"}\"}"}
{"id":"0241DBC3272E46F59C8C223D13C6B721","table":"killmonger_events_table","keyspace":"msku","timestamp":"2019-07-29T05:45:03.430Z","clusteringKeys":["10000011598","vbIdSellingIdInventoryUpdated/1","1564378250"],"changedColumns":["selling_id","fulfillment_node_id","event_type","update_at","stream_sequence_number","event_data"],"record":"{\"selling_id\":\"0241DBC3272E46F59C8C223D13C6B721\",\"fulfillment_node_id\":\"10000011598\",\"event_type\":\"vbIdSellingIdInventoryUpdated/1\",\"update_at\":1564378250,\"stream_sequence_number\":29,\"event_data\":\"{\\\"id\\\":\\\"a011aee84dbf486eaf6f697eef793bb6\\\",\\\"vbId\\\":\\\"Watch W-338-BW-11223\\\",\\\"sellingId\\\":\\\"0241DBC3272E46F59C8C223D13C6B721\\\",\\\"merchantId\\\":\\\"11223\\\",\\\"skuId\\\":\\\"Watch W-338-BW\\\",\\\"f\\\":2,\\\"fnId\\\":\\\"10000011598\\\",\\\"fnType\\\":\\\"MARKETPLACE\\\",\\\"by\\\":\\\"Vibranium\\\",\\\"at\\\":\\\"2019-07-29T05:30:50+00:00\\\",\\\"invUssn\\\":21,\\\"catUssn\\\":1,\\\"isInf\\\":false,\\\"ifa\\\":true,\\\"martAvail\\\":[{\\\"martId\\\":\\\"0\\\",\\\"ia\\\":true}],\\\"clt\\\":\\\"WoW\\\"}\"}"}
{"id":"3b1592c114bc4e879cefbb351832ed09","table":"killmonger_events_table","keyspace":"msku","timestamp":"2019-07-29T05:45:02.376Z","clusteringKeys":["fb72b6f9c1e54625a551711f6ee72714","vbIdSellingIdInventoryUpdated/1","1564378075"],"changedColumns":["selling_id","fulfillment_node_id","event_type","update_at","stream_sequence_number","event_data"],"record":"{\"selling_id\":\"3b1592c114bc4e879cefbb351832ed09\",\"fulfillment_node_id\":\"fb72b6f9c1e54625a551711f6ee72714\",\"event_type\":\"vbIdSellingIdInventoryUpdated/1\",\"update_at\":1564378075,\"stream_sequence_number\":44,\"event_data\":\"{\\\"id\\\":\\\"b724b2fd07dd4aea83c66d3335271257\\\",\\\"vbId\\\":\\\"3b1592c114bc4e879cefbb351832ed09\\\",\\\"sellingId\\\":\\\"3b1592c114bc4e879cefbb351832ed09\\\",\\\"merchantId\\\":\\\"e43cf7756d0b4ba8a4e9046774656ce8\\\",\\\"skuId\\\":\\\"3b1592c114bc4e879cefbb351832ed09\\\",\\\"f\\\":118,\\\"fnId\\\":\\\"fb72b6f9c1e54625a551711f6ee72714\\\",\\\"fnType\\\":\\\"wolverine\\\",\\\"by\\\":\\\"Vibranium\\\",\\\"at\\\":\\\"2019-07-29T05:27:55+00:00\\\",\\\"invUssn\\\":49,\\\"isInf\\\":false,\\\"ifa\\\":true,\\\"martAvail\\\":[{\\\"martId\\\":\\\"21\\\",\\\"ia\\\":true}],\\\"clt\\\":\\\"JoJ\\\"}\"}"}
{"id":"3b1592c114bc4e879cefbb351832ed09","table":"killmonger_events_table","keyspace":"msku","timestamp":"2019-07-29T05:45:02.377Z","clusteringKeys":["fb72b6f9c1e54625a551711f6ee72714","updateVbIdSellingIdInventorySkipped/1","1564378075"],"changedColumns":["selling_id","fulfillment_node_id","event_type","update_at","stream_sequence_number","event_data"],"record":"{\"selling_id\":\"3b1592c114bc4e879cefbb351832ed09\",\"fulfillment_node_id\":\"fb72b6f9c1e54625a551711f6ee72714\",\"event_type\":\"updateVbIdSellingIdInventorySkipped/1\",\"update_at\":1564378075,\"stream_sequence_number\":45,\"event_data\":\"{\\\"id\\\":\\\"b724b2fd07dd4aea83c66d3335271257\\\",\\\"vbId\\\":\\\"3b1592c114bc4e879cefbb351832ed09\\\",\\\"sellingId\\\":\\\"3b1592c114bc4e879cefbb351832ed09\\\",\\\"merchantId\\\":\\\"e43cf7756d0b4ba8a4e9046774656ce8\\\",\\\"skuId\\\":\\\"3b1592c114bc4e879cefbb351832ed09\\\",\\\"f\\\":118,\\\"fnId\\\":\\\"fb72b6f9c1e54625a551711f6ee72714\\\",\\\"fnType\\\":\\\"wolverine\\\",\\\"by\\\":\\\"Vibranium\\\",\\\"at\\\":\\\"2019-07-29T05:27:55+00:00\\\",\\\"invUssn\\\":49,\\\"isInf\\\":false}\"}"}
{"id":"007f88c6c9784ebea0afd5c2ea45cbdd","table":"killmonger_events_table","keyspace":"msku","timestamp":"2019-07-29T05:45:02.377Z","clusteringKeys":["fb72b6f9c1e54625a551711f6ee72714","vbIdSellingIdInventoryUpdated/1","1564375344"],"changedColumns":["selling_id","fulfillment_node_id","event_type","update_at","stream_sequence_number","event_data"],"record":"{\"selling_id\":\"007f88c6c9784ebea0afd5c2ea45cbdd\",\"fulfillment_node_id\":\"fb72b6f9c1e54625a551711f6ee72714\",\"event_type\":\"vbIdSellingIdInventoryUpdated/1\",\"update_at\":1564375344,\"stream_sequence_number\":42,\"event_data\":\"{\\\"id\\\":\\\"f73dcad2bbf14a8b8e119ab5fc4548aa\\\",\\\"vbId\\\":\\\"007f88c6c9784ebea0afd5c2ea45cbdd\\\",\\\"sellingId\\\":\\\"007f88c6c9784ebea0afd5c2ea45cbdd\\\",\\\"merchantId\\\":\\\"e43cf7756d0b4ba8a4e9046774656ce8\\\",\\\"skuId\\\":\\\"007f88c6c9784ebea0afd5c2ea45cbdd\\\",\\\"f\\\":115,\\\"fnId\\\":\\\"fb72b6f9c1e54625a551711f6ee72714\\\",\\\"fnType\\\":\\\"wolverine\\\",\\\"by\\\":\\\"Vibranium\\\",\\\"at\\\":\\\"2019-07-29T04:42:24+00:00\\\",\\\"invUssn\\\":50,\\\"isInf\\\":false,\\\"ifa\\\":true,\\\"martAvail\\\":[{\\\"martId\\\":\\\"21\\\",\\\"ia\\\":true}],\\\"clt\\\":\\\"JoJ\\\"}\"}"}
{"id":"0241DBC3272E46F59C8C223D13C6B721","table":"killmonger_events_table","keyspace":"msku","timestamp":"2019-07-29T05:45:03.430Z","clusteringKeys":["10000011598","updateVbIdSellingIdInventorySkipped/1","1564378250"],"changedColumns":["selling_id","fulfillment_node_id","event_type","update_at","stream_sequence_number","event_data"],"record":"{\"selling_id\":\"0241DBC3272E46F59C8C223D13C6B721\",\"fulfillment_node_id\":\"10000011598\",\"event_type\":\"updateVbIdSellingIdInventorySkipped/1\",\"update_at\":1564378250,\"stream_sequence_number\":30,\"event_data\":\"{\\\"id\\\":\\\"a011aee84dbf486eaf6f697eef793bb6\\\",\\\"vbId\\\":\\\"Watch W-338-BW-11223\\\",\\\"sellingId\\\":\\\"0241DBC3272E46F59C8C223D13C6B721\\\",\\\"merchantId\\\":\\\"11223\\\",\\\"skuId\\\":\\\"Watch W-338-BW\\\",\\\"f\\\":2,\\\"fnId\\\":\\\"10000011598\\\",\\\"fnType\\\":\\\"MARKETPLACE\\\",\\\"by\\\":\\\"Vibranium\\\",\\\"at\\\":\\\"2019-07-29T05:30:50+00:00\\\",\\\"invUssn\\\":21,\\\"catUssn\\\":1,\\\"isInf\\\":false}\"}"}
{"id":"5980E7FEF9444FFCA10C523A05185C7A","table":"killmonger_events_table","keyspace":"msku","timestamp":"2019-07-29T05:40:44.625Z","clusteringKeys":["26512309","vbIdSellingIdInventoryUpdated/1","1564376015"],"changedColumns":["selling_id","fulfillment_node_id","event_type","update_at","stream_sequence_number","event_data"],"record":"{\"selling_id\":\"5980E7FEF9444FFCA10C523A05185C7A\",\"fulfillment_node_id\":\"26512309\",\"event_type\":\"vbIdSellingIdInventoryUpdated/1\",\"update_at\":1564376015,\"stream_sequence_number\":148,\"event_data\":\"{\\\"id\\\":\\\"071f49fa418f4e08adde22a5fdba9fda\\\",\\\"vbId\\\":\\\"PantherMigrationVbId\\\",\\\"sellingId\\\":\\\"5980E7FEF9444FFCA10C523A05185C7A\\\",\\\"merchantId\\\":\\\"9fc08905039048918982091f266c2a29\\\",\\\"skuId\\\":\\\"PantherMigrationSkuId\\\",\\\"f\\\":0,\\\"fnId\\\":\\\"26512309\\\",\\\"by\\\":\\\"Killmonger.Migration.MapInWalmartInvUpdates\\\",\\\"at\\\":\\\"2019-07-29T04:53:35.886+00:00\\\",\\\"invUssn\\\":0,\\\"isInf\\\":false,\\\"ifa\\\":true,\\\"martAvail\\\":[{\\\"martId\\\":\\\"21\\\",\\\"ia\\\":true},{\\\"martId\\\":\\\"0\\\",\\\"ia\\\":true}],\\\"clt\\\":\\\"WoJ\\\"}\"}"}
{"id":"0050593DF0B9451185F8F70427527BC4","table":"killmonger_events_table","keyspace":"msku","timestamp":"2019-07-29T05:45:03.439Z","clusteringKeys":["5926","vbIdSellingIdInventoryUpdated/1","1564378907"],"changedColumns":["selling_id","fulfillment_node_id","event_type","update_at","stream_sequence_number","event_data"],"record":"{\"selling_id\":\"0050593DF0B9451185F8F70427527BC4\",\"fulfillment_node_id\":\"5926\",\"event_type\":\"vbIdSellingIdInventoryUpdated/1\",\"update_at\":1564378907,\"stream_sequence_number\":138,\"event_data\":\"{\\\"id\\\":\\\"c01dbb92b5674e10aaa093bb2c404f4a\\\",\\\"vbId\\\":\\\"PantherMigrationVbId\\\",\\\"sellingId\\\":\\\"0050593DF0B9451185F8F70427527BC4\\\",\\\"merchantId\\\":\\\"9fc08905039048918982091f266c2a29\\\",\\\"skuId\\\":\\\"PantherMigrationSkuId\\\",\\\"f\\\":0,\\\"fnId\\\":\\\"5926\\\",\\\"by\\\":\\\"Killmonger.Migration.MapInWalmartInvUpdates\\\",\\\"at\\\":\\\"2019-07-29T05:41:47.948+00:00\\\",\\\"invUssn\\\":0,\\\"isInf\\\":false,\\\"ifa\\\":true,\\\"martAvail\\\":[{\\\"martId\\\":\\\"21\\\",\\\"ia\\\":true},{\\\"martId\\\":\\\"0\\\",\\\"ia\\\":true}],\\\"clt\\\":\\\"WoJ\\\"}\"}"}
{"id":"0050593DF0B9451185F8F70427527BC4","table":"killmonger_events_table","keyspace":"msku","timestamp":"2019-07-29T05:45:03.439Z","clusteringKeys":["5926","vbIdSellingIdInventoryUpdated/1","1564378907"],"changedColumns":["selling_id","fulfillment_node_id","event_type","update_at","stream_sequence_number","event_data"],"record":"{\"selling_id\":\"0050593DF0B9451185F8F70427527BC4\",\"fulfillment_node_id\":\"5926\",\"event_type\":\"vbIdSellingIdInventoryUpdated/1\",\"update_at\":1564378907,\"stream_sequence_number\":139,\"event_data\":\"{\\\"id\\\":\\\"c01dbb92b5674e10aaa093bb2c404f4a\\\",\\\"vbId\\\":\\\"PantherMigrationVbId\\\",\\\"sellingId\\\":\\\"0050593DF0B9451185F8F70427527BC4\\\",\\\"merchantId\\\":\\\"9fc08905039048918982091f266c2a29\\\",\\\"skuId\\\":\\\"PantherMigrationSkuId\\\",\\\"f\\\":0,\\\"fnId\\\":\\\"5926\\\",\\\"by\\\":\\\"Killmonger.Migration.MapInWalmartInvUpdates\\\",\\\"at\\\":\\\"2019-07-29T05:41:47.948+00:00\\\",\\\"invUssn\\\":0,\\\"isInf\\\":false,\\\"ifa\\\":true,\\\"martAvail\\\":[{\\\"martId\\\":\\\"21\\\",\\\"ia\\\":true},{\\\"martId\\\":\\\"0\\\",\\\"ia\\\":true}],\\\"clt\\\":\\\"WoJ\\\"}\"}"}
{"id":"be5c8591f2cf449084f165ceb06d52e6","table":"killmonger_events_table","keyspace":"msku","timestamp":"2019-07-29T05:44:36.969Z","clusteringKeys":["fb72b6f9c1e54625a551711f6ee72714","vbIdSellingIdInventoryUpdated/1","1564378274"],"changedColumns":["selling_id","fulfillment_node_id","event_type","update_at","stream_sequence_number","event_data"],"record":"{\"selling_id\":\"be5c8591f2cf449084f165ceb06d52e6\",\"fulfillment_node_id\":\"fb72b6f9c1e54625a551711f6ee72714\",\"event_type\":\"vbIdSellingIdInventoryUpdated/1\",\"update_at\":1564378274,\"stream_sequence_number\":44,\"event_data\":\"{\\\"id\\\":\\\"4b6ac0ac34eb4bcb92e394731da646ee\\\",\\\"vbId\\\":\\\"be5c8591f2cf449084f165ceb06d52e6\\\",\\\"sellingId\\\":\\\"be5c8591f2cf449084f165ceb06d52e6\\\",\\\"merchantId\\\":\\\"e43cf7756d0b4ba8a4e9046774656ce8\\\",\\\"skuId\\\":\\\"be5c8591f2cf449084f165ceb06d52e6\\\",\\\"f\\\":130,\\\"fnId\\\":\\\"fb72b6f9c1e54625a551711f6ee72714\\\",\\\"fnType\\\":\\\"wolverine\\\",\\\"by\\\":\\\"Vibranium\\\",\\\"at\\\":\\\"2019-07-29T05:31:14+00:00\\\",\\\"invUssn\\\":53,\\\"isInf\\\":false,\\\"ifa\\\":true,\\\"martAvail\\\":[{\\\"martId\\\":\\\"21\\\",\\\"ia\\\":true}],\\\"clt\\\":\\\"JoJ\\\"}\"}"}
{"id":"be5c8591f2cf449084f165ceb06d52e6","table":"killmonger_events_table","keyspace":"msku","timestamp":"2019-07-29T05:44:36.970Z","clusteringKeys":["fb72b6f9c1e54625a551711f6ee72714","updateVbIdSellingIdInventorySkipped/1","1564378274"],"changedColumns":["selling_id","fulfillment_node_id","event_type","update_at","stream_sequence_number","event_data"],"record":"{\"selling_id\":\"be5c8591f2cf449084f165ceb06d52e6\",\"fulfillment_node_id\":\"fb72b6f9c1e54625a551711f6ee72714\",\"event_type\":\"updateVbIdSellingIdInventorySkipped/1\",\"update_at\":1564378274,\"stream_sequence_number\":45,\"event_data\":\"{\\\"id\\\":\\\"4b6ac0ac34eb4bcb92e394731da646ee\\\",\\\"vbId\\\":\\\"be5c8591f2cf449084f165ceb06d52e6\\\",\\\"sellingId\\\":\\\"be5c8591f2cf449084f165ceb06d52e6\\\",\\\"merchantId\\\":\\\"e43cf7756d0b4ba8a4e9046774656ce8\\\",\\\"skuId\\\":\\\"be5c8591f2cf449084f165ceb06d52e6\\\",\\\"f\\\":130,\\\"fnId\\\":\\\"fb72b6f9c1e54625a551711f6ee72714\\\",\\\"fnType\\\":\\\"wolverine\\\",\\\"by\\\":\\\"Vibranium\\\",\\\"at\\\":\\\"2019-07-29T05:31:14+00:00\\\",\\\"invUssn\\\":53,\\\"isInf\\\":false}\"}"}
{"id":"b143800963e24a6d8758e26fca06e059","table":"killmonger_events_table","keyspace":"msku","timestamp":"2019-07-29T05:45:03.438Z","clusteringKeys":["433ec72b187447d0b143d59c798b4786","vbIdSellingIdInventoryUpdated/1","1564378286"],"changedColumns":["selling_id","fulfillment_node_id","event_type","update_at","stream_sequence_number","event_data"],"record":"{\"selling_id\":\"b143800963e24a6d8758e26fca06e059\",\"fulfillment_node_id\":\"433ec72b187447d0b143d59c798b4786\",\"event_type\":\"vbIdSellingIdInventoryUpdated/1\",\"update_at\":1564378286,\"stream_sequence_number\":223,\"event_data\":\"{\\\"id\\\":\\\"e3760170c94f4555b73d89340c70b943\\\",\\\"vbId\\\":\\\"b143800963e24a6d8758e26fca06e059\\\",\\\"sellingId\\\":\\\"b143800963e24a6d8758e26fca06e059\\\",\\\"merchantId\\\":\\\"a8550aa2c31442be9a7b8b2de5618401\\\",\\\"skuId\\\":\\\"b143800963e24a6d8758e26fca06e059\\\",\\\"f\\\":20,\\\"fnId\\\":\\\"433ec72b187447d0b143d59c798b4786\\\",\\\"fnType\\\":\\\"wolverine\\\",\\\"by\\\":\\\"Vibranium\\\",\\\"at\\\":\\\"2019-07-29T05:31:26+00:00\\\",\\\"invUssn\\\":202,\\\"isInf\\\":false,\\\"ifa\\\":true,\\\"martAvail\\\":[{\\\"martId\\\":\\\"21\\\",\\\"ia\\\":true}],\\\"clt\\\":\\\"JoJ\\\"}\"}"}
{"id":"06569CA4222648738A8BBDAFDC559B64","table":"killmonger_events_table","keyspace":"msku","timestamp":"2019-07-29T05:44:36.968Z","clusteringKeys":["6468","vbIdSellingIdInventoryUpdated/1","1564378910"],"changedColumns":["selling_id","fulfillment_node_id","event_type","update_at","stream_sequence_number","event_data"],"record":"{\"selling_id\":\"06569CA4222648738A8BBDAFDC559B64\",\"fulfillment_node_id\":\"6468\",\"event_type\":\"vbIdSellingIdInventoryUpdated/1\",\"update_at\":1564378910,\"stream_sequence_number\":125,\"event_data\":\"{\\\"id\\\":\\\"210eb0befbb141fc8149b4c769031da6\\\",\\\"vbId\\\":\\\"PantherMigrationVbId\\\",\\\"sellingId\\\":\\\"06569CA4222648738A8BBDAFDC559B64\\\",\\\"merchantId\\\":\\\"9fc08905039048918982091f266c2a29\\\",\\\"skuId\\\":\\\"PantherMigrationSkuId\\\",\\\"f\\\":0,\\\"fnId\\\":\\\"6468\\\",\\\"by\\\":\\\"Killmonger.Migration.MapInWalmartInvUpdates\\\",\\\"at\\\":\\\"2019-07-29T05:41:50.721+00:00\\\",\\\"invUssn\\\":0,\\\"isInf\\\":false,\\\"ifa\\\":true,\\\"martAvail\\\":[{\\\"martId\\\":\\\"21\\\",\\\"ia\\\":true},{\\\"martId\\\":\\\"0\\\",\\\"ia\\\":true}],\\\"clt\\\":\\\"WoJ\\\"}\"}"}
{"id":"932be74ccdfc4dc0b4a041fae1b8e909","table":"killmonger_events_table","keyspace":"msku","timestamp":"2019-07-29T05:40:44.628Z","clusteringKeys":["fb72b6f9c1e54625a551711f6ee72714","vbIdSellingIdInventoryUpdated/1","1564374967"],"changedColumns":["selling_id","fulfillment_node_id","event_type","update_at","stream_sequence_number","event_data"],"record":"{\"selling_id\":\"932be74ccdfc4dc0b4a041fae1b8e909\",\"fulfillment_node_id\":\"fb72b6f9c1e54625a551711f6ee72714\",\"event_type\":\"vbIdSellingIdInventoryUpdated/1\",\"update_at\":1564374967,\"stream_sequence_number\":52,\"event_data\":\"{\\\"id\\\":\\\"a5ab0be60396456a83538bbe43c03122\\\",\\\"vbId\\\":\\\"932be74ccdfc4dc0b4a041fae1b8e909\\\",\\\"sellingId\\\":\\\"932be74ccdfc4dc0b4a041fae1b8e909\\\",\\\"merchantId\\\":\\\"e43cf7756d0b4ba8a4e9046774656ce8\\\",\\\"skuId\\\":\\\"932be74ccdfc4dc0b4a041fae1b8e909\\\",\\\"f\\\":105,\\\"fnId\\\":\\\"fb72b6f9c1e54625a551711f6ee72714\\\",\\\"fnType\\\":\\\"wolverine\\\",\\\"by\\\":\\\"Vibranium\\\",\\\"at\\\":\\\"2019-07-29T04:36:07+00:00\\\",\\\"invUssn\\\":48,\\\"isInf\\\":false,\\\"ifa\\\":true,\\\"martAvail\\\":[{\\\"martId\\\":\\\"21\\\",\\\"ia\\\":true}],\\\"clt\\\":\\\"JoJ\\\"}\"}"}
{"id":"932be74ccdfc4dc0b4a041fae1b8e909","table":"killmonger_events_table","keyspace":"msku","timestamp":"2019-07-29T05:40:44.628Z","clusteringKeys":["fb72b6f9c1e54625a551711f6ee72714","updateVbIdSellingIdInventorySkipped/1","1564374967"],"changedColumns":["selling_id","fulfillment_node_id","event_type","update_at","stream_sequence_number","event_data"],"record":"{\"selling_id\":\"932be74ccdfc4dc0b4a041fae1b8e909\",\"fulfillment_node_id\":\"fb72b6f9c1e54625a551711f6ee72714\",\"event_type\":\"updateVbIdSellingIdInventorySkipped/1\",\"update_at\":1564374967,\"stream_sequence_number\":53,\"event_data\":\"{\\\"id\\\":\\\"13fb41c5886442598e534cc2a0debadc\\\",\\\"vbId\\\":\\\"932be74ccdfc4dc0b4a041fae1b8e909\\\",\\\"sellingId\\\":\\\"932be74ccdfc4dc0b4a041fae1b8e909\\\",\\\"merchantId\\\":\\\"e43cf7756d0b4ba8a4e9046774656ce8\\\",\\\"skuId\\\":\\\"932be74ccdfc4dc0b4a041fae1b8e909\\\",\\\"f\\\":105,\\\"fnId\\\":\\\"fb72b6f9c1e54625a551711f6ee72714\\\",\\\"fnType\\\":\\\"wolverine\\\",\\\"by\\\":\\\"Vibranium\\\",\\\"at\\\":\\\"2019-07-29T04:36:07+00:00\\\",\\\"invUssn\\\":48,\\\"isInf\\\":false}\"}"}
{"id":"A4964C054EF14274AD3970A294FEA253","table":"killmonger_events_table","keyspace":"msku","timestamp":"2019-07-29T05:40:44.629Z","clusteringKeys":["8089","vbIdSellingIdInventoryUpdated/1","1564375905"],"changedColumns":["selling_id","fulfillment_node_id","event_type","update_at","stream_sequence_number","event_data"],"record":"{\"selling_id\":\"A4964C054EF14274AD3970A294FEA253\",\"fulfillment_node_id\":\"8089\",\"event_type\":\"vbIdSellingIdInventoryUpdated/1\",\"update_at\":1564375905,\"stream_sequence_number\":135,\"event_data\":\"{\\\"id\\\":\\\"4516b63d44cb44b2a8e875755481dddc\\\",\\\"vbId\\\":\\\"PantherMigrationVbId\\\",\\\"sellingId\\\":\\\"A4964C054EF14274AD3970A294FEA253\\\",\\\"merchantId\\\":\\\"9fc08905039048918982091f266c2a29\\\",\\\"skuId\\\":\\\"PantherMigrationSkuId\\\",\\\"f\\\":0,\\\"fnId\\\":\\\"8089\\\",\\\"by\\\":\\\"Killmonger.Migration.MapInWalmartInvUpdates\\\",\\\"at\\\":\\\"2019-07-29T04:51:45.815+00:00\\\",\\\"invUssn\\\":0,\\\"isInf\\\":false,\\\"ifa\\\":true,\\\"martAvail\\\":[{\\\"martId\\\":\\\"21\\\",\\\"ia\\\":true},{\\\"martId\\\":\\\"0\\\",\\\"ia\\\":true}],\\\"clt\\\":\\\"WoJ\\\"}\"}"}
{"id":"c11f9e6140e44eb38c8b55db50f6bf30","table":"killmonger_events_table","keyspace":"msku","timestamp":"2019-07-29T05:40:44.629Z","clusteringKeys":["fb72b6f9c1e54625a551711f6ee72714","vbIdSellingIdInventoryUpdated/1","1564378274"],"changedColumns":["selling_id","fulfillment_node_id","event_type","update_at","stream_sequence_number","event_data"],"record":"{\"selling_id\":\"c11f9e6140e44eb38c8b55db50f6bf30\",\"fulfillment_node_id\":\"fb72b6f9c1e54625a551711f6ee72714\",\"event_type\":\"vbIdSellingIdInventoryUpdated/1\",\"update_at\":1564378274,\"stream_sequence_number\":40,\"event_data\":\"{\\\"id\\\":\\\"8fb79d9a47eb43b7a929ed33f43a51e0\\\",\\\"vbId\\\":\\\"c11f9e6140e44eb38c8b55db50f6bf30\\\",\\\"sellingId\\\":\\\"c11f9e6140e44eb38c8b55db50f6bf30\\\",\\\"merchantId\\\":\\\"e43cf7756d0b4ba8a4e9046774656ce8\\\",\\\"skuId\\\":\\\"c11f9e6140e44eb38c8b55db50f6bf30\\\",\\\"f\\\":64,\\\"fnId\\\":\\\"fb72b6f9c1e54625a551711f6ee72714\\\",\\\"fnType\\\":\\\"wolverine\\\",\\\"by\\\":\\\"Vibranium\\\",\\\"at\\\":\\\"2019-07-29T05:31:14+00:00\\\",\\\"invUssn\\\":50,\\\"isInf\\\":false,\\\"ifa\\\":true,\\\"martAvail\\\":[{\\\"martId\\\":\\\"21\\\",\\\"ia\\\":true}],\\\"clt\\\":\\\"JoJ\\\"}\"}"}
{"id":"c11f9e6140e44eb38c8b55db50f6bf30","table":"killmonger_events_table","keyspace":"msku","timestamp":"2019-07-29T05:40:44.629Z","clusteringKeys":["fb72b6f9c1e54625a551711f6ee72714","updateVbIdSellingIdInventorySkipped/1","1564378274"],"changedColumns":["selling_id","fulfillment_node_id","event_type","update_at","stream_sequence_number","event_data"],"record":"{\"selling_id\":\"c11f9e6140e44eb38c8b55db50f6bf30\",\"fulfillment_node_id\":\"fb72b6f9c1e54625a551711f6ee72714\",\"event_type\":\"updateVbIdSellingIdInventorySkipped/1\",\"update_at\":1564378274,\"stream_sequence_number\":41,\"event_data\":\"{\\\"id\\\":\\\"8fb79d9a47eb43b7a929ed33f43a51e0\\\",\\\"vbId\\\":\\\"c11f9e6140e44eb38c8b55db50f6bf30\\\",\\\"sellingId\\\":\\\"c11f9e6140e44eb38c8b55db50f6bf30\\\",\\\"merchantId\\\":\\\"e43cf7756d0b4ba8a4e9046774656ce8\\\",\\\"skuId\\\":\\\"c11f9e6140e44eb38c8b55db50f6bf30\\\",\\\"f\\\":64,\\\"fnId\\\":\\\"fb72b6f9c1e54625a551711f6ee72714\\\",\\\"fnType\\\":\\\"wolverine\\\",\\\"by\\\":\\\"Vibranium\\\",\\\"at\\\":\\\"2019-07-29T05:31:14+00:00\\\",\\\"invUssn\\\":50,\\\"isInf\\\":false}\"}"}
{"id":"c11f9e6140e44eb38c8b55db50f6bf30","table":"killmonger_events_table","keyspace":"msku","timestamp":"2019-07-29T05:40:44.630Z","clusteringKeys":["fb72b6f9c1e54625a551711f6ee72714","updateVbIdSellingIdInventorySkipped/1","1564378274"],"changedColumns":["selling_id","fulfillment_node_id","event_type","update_at","stream_sequence_number","event_data"],"record":"{\"selling_id\":\"c11f9e6140e44eb38c8b55db50f6bf30\",\"fulfillment_node_id\":\"fb72b6f9c1e54625a551711f6ee72714\",\"event_type\":\"updateVbIdSellingIdInventorySkipped/1\",\"update_at\":1564378274,\"stream_sequence_number\":42,\"event_data\":\"{\\\"id\\\":\\\"8fb79d9a47eb43b7a929ed33f43a51e0\\\",\\\"vbId\\\":\\\"c11f9e6140e44eb38c8b55db50f6bf30\\\",\\\"sellingId\\\":\\\"c11f9e6140e44eb38c8b55db50f6bf30\\\",\\\"merchantId\\\":\\\"e43cf7756d0b4ba8a4e9046774656ce8\\\",\\\"skuId\\\":\\\"c11f9e6140e44eb38c8b55db50f6bf30\\\",\\\"f\\\":64,\\\"fnId\\\":\\\"fb72b6f9c1e54625a551711f6ee72714\\\",\\\"fnType\\\":\\\"wolverine\\\",\\\"by\\\":\\\"Vibranium\\\",\\\"at\\\":\\\"2019-07-29T05:31:14+00:00\\\",\\\"invUssn\\\":50,\\\"isInf\\\":false}\"}"}
{"id":"69f852f63fbe4cfaa8fb0539502c92b1","table":"killmonger_events_table","keyspace":"msku","timestamp":"2019-07-29T05:44:36.971Z","clusteringKeys":["fb72b6f9c1e54625a551711f6ee72714","vbIdSellingIdInventoryUpdated/1","1564378274"],"changedColumns":["selling_id","fulfillment_node_id","event_type","update_at","stream_sequence_number","event_data"],"record":"{\"selling_id\":\"69f852f63fbe4cfaa8fb0539502c92b1\",\"fulfillment_node_id\":\"fb72b6f9c1e54625a551711f6ee72714\",\"event_type\":\"vbIdSellingIdInventoryUpdated/1\",\"update_at\":1564378274,\"stream_sequence_number\":44,\"event_data\":\"{\\\"id\\\":\\\"bb9c7ec33a794b2b862d09561c357989\\\",\\\"vbId\\\":\\\"69f852f63fbe4cfaa8fb0539502c92b1\\\",\\\"sellingId\\\":\\\"69f852f63fbe4cfaa8fb0539502c92b1\\\",\\\"merchantId\\\":\\\"e43cf7756d0b4ba8a4e9046774656ce8\\\",\\\"skuId\\\":\\\"69f852f63fbe4cfaa8fb0539502c92b1\\\",\\\"f\\\":98,\\\"fnId\\\":\\\"fb72b6f9c1e54625a551711f6ee72714\\\",\\\"fnType\\\":\\\"wolverine\\\",\\\"by\\\":\\\"Vibranium\\\",\\\"at\\\":\\\"2019-07-29T05:31:14+00:00\\\",\\\"invUssn\\\":49,\\\"isInf\\\":false,\\\"ifa\\\":true,\\\"martAvail\\\":[{\\\"martId\\\":\\\"21\\\",\\\"ia\\\":true}],\\\"clt\\\":\\\"JoJ\\\"}\"}"}
{"id":"5980E7FEF9444FFCA10C523A05185C7A","table":"killmonger_events_table","keyspace":"msku","timestamp":"2019-07-29T05:45:03.443Z","clusteringKeys":["525733","vbIdSellingIdInventoryUpdated/1","1564376015"],"changedColumns":["selling_id","fulfillment_node_id","event_type","update_at","stream_sequence_number","event_data"],"record":"{\"selling_id\":\"5980E7FEF9444FFCA10C523A05185C7A\",\"fulfillment_node_id\":\"525733\",\"event_type\":\"vbIdSellingIdInventoryUpdated/1\",\"update_at\":1564376015,\"stream_sequence_number\":120,\"event_data\":\"{\\\"id\\\":\\\"8c525ac12a904ff394756b71b56e91f0\\\",\\\"vbId\\\":\\\"PantherMigrationVbId\\\",\\\"sellingId\\\":\\\"5980E7FEF9444FFCA10C523A05185C7A\\\",\\\"merchantId\\\":\\\"9fc08905039048918982091f266c2a29\\\",\\\"skuId\\\":\\\"PantherMigrationSkuId\\\",\\\"f\\\":2,\\\"fnId\\\":\\\"525733\\\",\\\"by\\\":\\\"Killmonger.Migration.MapInWalmartInvUpdates\\\",\\\"at\\\":\\\"2019-07-29T04:53:35.886+00:00\\\",\\\"invUssn\\\":0,\\\"isInf\\\":false,\\\"ifa\\\":true,\\\"martAvail\\\":[{\\\"martId\\\":\\\"21\\\",\\\"ia\\\":true},{\\\"martId\\\":\\\"0\\\",\\\"ia\\\":true}],\\\"clt\\\":\\\"WoJ\\\"}\"}"}
{"id":"124e5c95d5e347cf985d022a5689f3eb","table":"killmonger_events_table","keyspace":"msku","timestamp":"2019-07-29T05:45:02.390Z","clusteringKeys":["3cbcc7e28aac4f6fb0a8cde4e85483c0","vbIdSellingIdInventoryUpdated/1","1564375445"],"changedColumns":["selling_id","fulfillment_node_id","event_type","update_at","stream_sequence_number","event_data"],"record":"{\"selling_id\":\"124e5c95d5e347cf985d022a5689f3eb\",\"fulfillment_node_id\":\"3cbcc7e28aac4f6fb0a8cde4e85483c0\",\"event_type\":\"vbIdSellingIdInventoryUpdated/1\",\"update_at\":1564375445,\"stream_sequence_number\":95,\"event_data\":\"{\\\"id\\\":\\\"13eb3253a1764c6bbfa7dce86f3c8b8e\\\",\\\"vbId\\\":\\\"124e5c95d5e347cf985d022a5689f3eb\\\",\\\"sellingId\\\":\\\"124e5c95d5e347cf985d022a5689f3eb\\\",\\\"merchantId\\\":\\\"7eaf70709bf149f890dc3a845871dab4\\\",\\\"skuId\\\":\\\"124e5c95d5e347cf985d022a5689f3eb\\\",\\\"f\\\":559,\\\"fnId\\\":\\\"3cbcc7e28aac4f6fb0a8cde4e85483c0\\\",\\\"fnType\\\":\\\"wolverine\\\",\\\"by\\\":\\\"Vibranium\\\",\\\"at\\\":\\\"2019-07-29T04:44:05+00:00\\\",\\\"invUssn\\\":74,\\\"isInf\\\":false,\\\"ifa\\\":true,\\\"martAvail\\\":[{\\\"martId\\\":\\\"21\\\",\\\"ia\\\":true}],\\\"clt\\\":\\\"JoJ\\\"}\"}"}
{"id":"124e5c95d5e347cf985d022a5689f3eb","table":"killmonger_events_table","keyspace":"msku","timestamp":"2019-07-29T05:45:02.390Z","clusteringKeys":["3cbcc7e28aac4f6fb0a8cde4e85483c0","updateVbIdSellingIdInventorySkipped/1","1564375445"],"changedColumns":["selling_id","fulfillment_node_id","event_type","update_at","stream_sequence_number","event_data"],"record":"{\"selling_id\":\"124e5c95d5e347cf985d022a5689f3eb\",\"fulfillment_node_id\":\"3cbcc7e28aac4f6fb0a8cde4e85483c0\",\"event_type\":\"updateVbIdSellingIdInventorySkipped/1\",\"update_at\":1564375445,\"stream_sequence_number\":96,\"event_data\":\"{\\\"id\\\":\\\"41083d329f0e4c17a722a347e22167a2\\\",\\\"vbId\\\":\\\"124e5c95d5e347cf985d022a5689f3eb\\\",\\\"sellingId\\\":\\\"124e5c95d5e347cf985d022a5689f3eb\\\",\\\"merchantId\\\":\\\"7eaf70709bf149f890dc3a845871dab4\\\",\\\"skuId\\\":\\\"124e5c95d5e347cf985d022a5689f3eb\\\",\\\"f\\\":559,\\\"fnId\\\":\\\"3cbcc7e28aac4f6fb0a8cde4e85483c0\\\",\\\"fnType\\\":\\\"wolverine\\\",\\\"by\\\":\\\"Vibranium\\\",\\\"at\\\":\\\"2019-07-29T04:44:05+00:00\\\",\\\"invUssn\\\":74,\\\"isInf\\\":false}\"}"}
{"id":"0E6DAFD8FAD14BEDBE9801D804A13318","table":"killmonger_events_table","keyspace":"msku","timestamp":"2019-07-29T05:45:03.448Z","clusteringKeys":["4401","vbIdSellingIdInventoryUpdated/1","1564378911"],"changedColumns":["selling_id","fulfillment_node_id","event_type","update_at","stream_sequence_number","event_data"],"record":"{\"selling_id\":\"0E6DAFD8FAD14BEDBE9801D804A13318\",\"fulfillment_node_id\":\"4401\",\"event_type\":\"vbIdSellingIdInventoryUpdated/1\",\"update_at\":1564378911,\"stream_sequence_number\":131,\"event_data\":\"{\\\"id\\\":\\\"dd8d098f64c24822b81fd34537d00135\\\",\\\"vbId\\\":\\\"PantherMigrationVbId\\\",\\\"sellingId\\\":\\\"0E6DAFD8FAD14BEDBE9801D804A13318\\\",\\\"merchantId\\\":\\\"9fc08905039048918982091f266c2a29\\\",\\\"skuId\\\":\\\"PantherMigrationSkuId\\\",\\\"f\\\":0,\\\"fnId\\\":\\\"4401\\\",\\\"by\\\":\\\"Killmonger.Migration.MapInWalmartInvUpdates\\\",\\\"at\\\":\\\"2019-07-29T05:41:51.232+00:00\\\",\\\"invUssn\\\":0,\\\"isInf\\\":false,\\\"ifa\\\":true,\\\"martAvail\\\":[{\\\"martId\\\":\\\"21\\\",\\\"ia\\\":true},{\\\"martId\\\":\\\"0\\\",\\\"ia\\\":true}],\\\"clt\\\":\\\"WoJ\\\"}\"}"}
{"id":"0E6DAFD8FAD14BEDBE9801D804A13318","table":"killmonger_events_table","keyspace":"msku","timestamp":"2019-07-29T05:45:03.448Z","clusteringKeys":["4401","vbIdSellingIdInventoryUpdated/1","1564378911"],"changedColumns":["selling_id","fulfillment_node_id","event_type","update_at","stream_sequence_number","event_data"],"record":"{\"selling_id\":\"0E6DAFD8FAD14BEDBE9801D804A13318\",\"fulfillment_node_id\":\"4401\",\"event_type\":\"vbIdSellingIdInventoryUpdated/1\",\"update_at\":1564378911,\"stream_sequence_number\":132,\"event_data\":\"{\\\"id\\\":\\\"dd8d098f64c24822b81fd34537d00135\\\",\\\"vbId\\\":\\\"PantherMigrationVbId\\\",\\\"sellingId\\\":\\\"0E6DAFD8FAD14BEDBE9801D804A13318\\\",\\\"merchantId\\\":\\\"9fc08905039048918982091f266c2a29\\\",\\\"skuId\\\":\\\"PantherMigrationSkuId\\\",\\\"f\\\":0,\\\"fnId\\\":\\\"4401\\\",\\\"by\\\":\\\"Killmonger.Migration.MapInWalmartInvUpdates\\\",\\\"at\\\":\\\"2019-07-29T05:41:51.232+00:00\\\",\\\"invUssn\\\":0,\\\"isInf\\\":false,\\\"ifa\\\":true,\\\"martAvail\\\":[{\\\"martId\\\":\\\"21\\\",\\\"ia\\\":true},{\\\"martId\\\":\\\"0\\\",\\\"ia\\\":true}],\\\"clt\\\":\\\"WoJ\\\"}\"}"}
{"id":"0E6DAFD8FAD14BEDBE9801D804A13318","table":"killmonger_events_table","keyspace":"msku","timestamp":"2019-07-29T05:45:03.448Z","clusteringKeys":["4401","vbIdSellingIdInventoryUpdated/1","1564378911"],"changedColumns":["selling_id","fulfillment_node_id","event_type","update_at","stream_sequence_number","event_data"],"record":"{\"selling_id\":\"0E6DAFD8FAD14BEDBE9801D804A13318\",\"fulfillment_node_id\":\"4401\",\"event_type\":\"vbIdSellingIdInventoryUpdated/1\",\"update_at\":1564378911,\"stream_sequence_number\":133,\"event_data\":\"{\\\"id\\\":\\\"dd8d098f64c24822b81fd34537d00135\\\",\\\"vbId\\\":\\\"PantherMigrationVbId\\\",\\\"sellingId\\\":\\\"0E6DAFD8FAD14BEDBE9801D804A13318\\\",\\\"merchantId\\\":\\\"9fc08905039048918982091f266c2a29\\\",\\\"skuId\\\":\\\"PantherMigrationSkuId\\\",\\\"f\\\":0,\\\"fnId\\\":\\\"4401\\\",\\\"by\\\":\\\"Killmonger.Migration.MapInWalmartInvUpdates\\\",\\\"at\\\":\\\"2019-07-29T05:41:51.232+00:00\\\",\\\"invUssn\\\":0,\\\"isInf\\\":false,\\\"ifa\\\":true,\\\"martAvail\\\":[{\\\"martId\\\":\\\"21\\\",\\\"ia\\\":true},{\\\"martId\\\":\\\"0\\\",\\\"ia\\\":true}],\\\"clt\\\":\\\"WoJ\\\"}\"}"}
{"id":"601079C8A70C4319A5A4D98DE66B37D7","table":"killmonger_events_table","keyspace":"msku","timestamp":"2019-07-29T05:45:03.451Z","clusteringKeys":["8089","vbIdSellingIdInventoryUpdated/1","1564378913"],"changedColumns":["selling_id","fulfillment_node_id","event_type","update_at","stream_sequence_number","event_data"],"record":"{\"selling_id\":\"601079C8A70C4319A5A4D98DE66B37D7\",\"fulfillment_node_id\":\"8089\",\"event_type\":\"vbIdSellingIdInventoryUpdated/1\",\"update_at\":1564378913,\"stream_sequence_number\":128,\"event_data\":\"{\\\"id\\\":\\\"daf429bce73f4216875ffdc0add63e67\\\",\\\"vbId\\\":\\\"PantherMigrationVbId\\\",\\\"sellingId\\\":\\\"601079C8A70C4319A5A4D98DE66B37D7\\\",\\\"merchantId\\\":\\\"9fc08905039048918982091f266c2a29\\\",\\\"skuId\\\":\\\"PantherMigrationSkuId\\\",\\\"f\\\":0,\\\"fnId\\\":\\\"8089\\\",\\\"by\\\":\\\"Killmonger.Migration.MapInWalmartInvUpdates\\\",\\\"at\\\":\\\"2019-07-29T05:41:53.177+00:00\\\",\\\"invUssn\\\":0,\\\"isInf\\\":false,\\\"ifa\\\":true,\\\"martAvail\\\":[{\\\"martId\\\":\\\"21\\\",\\\"ia\\\":true},{\\\"martId\\\":\\\"0\\\",\\\"ia\\\":true}],\\\"clt\\\":\\\"WoJ\\\"}\"}"}
{"id":"1685106f720740e487f79b2cec8d1075","table":"killmonger_events_table","keyspace":"msku","timestamp":"2019-07-29T05:40:44.645Z","clusteringKeys":["d8c82725c2f44901bbee8db463c10582","vbIdSellingIdInventoryUpdated/1","1564378250"],"changedColumns":["selling_id","fulfillment_node_id","event_type","update_at","stream_sequence_number","event_data"],"record":"{\"selling_id\":\"1685106f720740e487f79b2cec8d1075\",\"fulfillment_node_id\":\"d8c82725c2f44901bbee8db463c10582\",\"event_type\":\"vbIdSellingIdInventoryUpdated/1\",\"update_at\":1564378250,\"stream_sequence_number\":212,\"event_data\":\"{\\\"id\\\":\\\"096d95beb0854f21a2b3cefdb1cd692c\\\",\\\"vbId\\\":\\\"1685106f720740e487f79b2cec8d1075\\\",\\\"sellingId\\\":\\\"1685106f720740e487f79b2cec8d1075\\\",\\\"merchantId\\\":\\\"01133ed0b8d64d11b1766d2295fa867b\\\",\\\"skuId\\\":\\\"1685106f720740e487f79b2cec8d1075\\\",\\\"f\\\":347,\\\"fnId\\\":\\\"d8c82725c2f44901bbee8db463c10582\\\",\\\"fnType\\\":\\\"wolverine\\\",\\\"by\\\":\\\"Vibranium\\\",\\\"at\\\":\\\"2019-07-29T05:30:50+00:00\\\",\\\"invUssn\\\":252,\\\"isInf\\\":false,\\\"ifa\\\":true,\\\"martAvail\\\":[{\\\"martId\\\":\\\"21\\\",\\\"ia\\\":true}],\\\"clt\\\":\\\"JoJ\\\"}\"}"}
{"id":"b6203b0185bf456ca7a5301ce35f8b49","table":"killmonger_events_table","keyspace":"msku","timestamp":"2019-07-29T05:40:44.646Z","clusteringKeys":["c38cd80c37a94564b08588600519d28d","updateVbIdSellingIdInventorySkipped/1","1564375603"],"changedColumns":["selling_id","fulfillment_node_id","event_type","update_at","stream_sequence_number","event_data"],"record":"{\"selling_id\":\"b6203b0185bf456ca7a5301ce35f8b49\",\"fulfillment_node_id\":\"c38cd80c37a94564b08588600519d28d\",\"event_type\":\"updateVbIdSellingIdInventorySkipped/1\",\"update_at\":1564375603,\"stream_sequence_number\":865,\"event_data\":\"{\\\"id\\\":\\\"e3bd6eb81fc441c08ecb01a8fe1d0ccb\\\",\\\"vbId\\\":\\\"b6203b0185bf456ca7a5301ce35f8b49\\\",\\\"sellingId\\\":\\\"b6203b0185bf456ca7a5301ce35f8b49\\\",\\\"merchantId\\\":\\\"03c44faee9734a0ba12875e17034e3fe\\\",\\\"skuId\\\":\\\"b6203b0185bf456ca7a5301ce35f8b49\\\",\\\"f\\\":99,\\\"fnId\\\":\\\"c38cd80c37a94564b08588600519d28d\\\",\\\"fnType\\\":\\\"wolverine\\\",\\\"by\\\":\\\"Vibranium\\\",\\\"at\\\":\\\"2019-07-29T04:46:43+00:00\\\",\\\"invUssn\\\":953,\\\"isInf\\\":false}\"}"}
{"id":"aa0d103e4e074180ad6d2f710e72d142","table":"killmonger_events_table","keyspace":"msku","timestamp":"2019-07-29T05:45:03.460Z","clusteringKeys":["d907e6dfdf3d411d98e2aeae7e73e1ae","updateVbIdSellingIdInventorySkipped/1","1564377867"],"changedColumns":["selling_id","fulfillment_node_id","event_type","update_at","stream_sequence_number","event_data"],"record":"{\"selling_id\":\"aa0d103e4e074180ad6d2f710e72d142\",\"fulfillment_node_id\":\"d907e6dfdf3d411d98e2aeae7e73e1ae\",\"event_type\":\"updateVbIdSellingIdInventorySkipped/1\",\"update_at\":1564377867,\"stream_sequence_number\":219,\"event_data\":\"{\\\"id\\\":\\\"87701cf354e244e78ab8c0b97862033b\\\",\\\"vbId\\\":\\\"aa0d103e4e074180ad6d2f710e72d142\\\",\\\"sellingId\\\":\\\"aa0d103e4e074180ad6d2f710e72d142\\\",\\\"merchantId\\\":\\\"bf9078c421e242358ecaf838d145c500\\\",\\\"skuId\\\":\\\"aa0d103e4e074180ad6d2f710e72d142\\\",\\\"f\\\":10,\\\"fnId\\\":\\\"d907e6dfdf3d411d98e2aeae7e73e1ae\\\",\\\"fnType\\\":\\\"wolverine\\\",\\\"by\\\":\\\"Vibranium\\\",\\\"at\\\":\\\"2019-07-29T05:24:27+00:00\\\",\\\"invUssn\\\":249,\\\"isInf\\\":false}\"}"}
{"id":"ad1f6961d2a74cb393064a555e7578b3","table":"killmonger_events_table","keyspace":"msku","timestamp":"2019-07-29T05:45:03.467Z","clusteringKeys":["6ccbd76c487c42e5b65dd274f51b72ea","vbIdSellingIdInventoryUpdated/1","1564378274"],"changedColumns":["selling_id","fulfillment_node_id","event_type","update_at","stream_sequence_number","event_data"],"record":"{\"selling_id\":\"ad1f6961d2a74cb393064a555e7578b3\",\"fulfillment_node_id\":\"6ccbd76c487c42e5b65dd274f51b72ea\",\"event_type\":\"vbIdSellingIdInventoryUpdated/1\",\"update_at\":1564378274,\"stream_sequence_number\":44,\"event_data\":\"{\\\"id\\\":\\\"08802689a5b24c0fb86cc8f0e433160b\\\",\\\"vbId\\\":\\\"ad1f6961d2a74cb393064a555e7578b3\\\",\\\"sellingId\\\":\\\"ad1f6961d2a74cb393064a555e7578b3\\\",\\\"merchantId\\\":\\\"e43cf7756d0b4ba8a4e9046774656ce8\\\",\\\"skuId\\\":\\\"ad1f6961d2a74cb393064a555e7578b3\\\",\\\"f\\\":85,\\\"fnId\\\":\\\"6ccbd76c487c42e5b65dd274f51b72ea\\\",\\\"fnType\\\":\\\"wolverine\\\",\\\"by\\\":\\\"Vibranium\\\",\\\"at\\\":\\\"2019-07-29T05:31:14+00:00\\\",\\\"invUssn\\\":48,\\\"isInf\\\":false,\\\"ifa\\\":true,\\\"martAvail\\\":[{\\\"martId\\\":\\\"21\\\",\\\"ia\\\":true}],\\\"clt\\\":\\\"JoJ\\\"}\"}"}
{"id":"1b2175fa5ea24aef80f7df95996f1633","table":"killmonger_events_table","keyspace":"msku","timestamp":"2019-07-29T05:45:03.469Z","clusteringKeys":["6ccbd76c487c42e5b65dd274f51b72ea","vbIdSellingIdInventoryUpdated/1","1564378274"],"changedColumns":["selling_id","fulfillment_node_id","event_type","update_at","stream_sequence_number","event_data"],"record":"{\"selling_id\":\"1b2175fa5ea24aef80f7df95996f1633\",\"fulfillment_node_id\":\"6ccbd76c487c42e5b65dd274f51b72ea\",\"event_type\":\"vbIdSellingIdInventoryUpdated/1\",\"update_at\":1564378274,\"stream_sequence_number\":45,\"event_data\":\"{\\\"id\\\":\\\"38e135496330473ba112d30ffb044e86\\\",\\\"vbId\\\":\\\"1b2175fa5ea24aef80f7df95996f1633\\\",\\\"sellingId\\\":\\\"1b2175fa5ea24aef80f7df95996f1633\\\",\\\"merchantId\\\":\\\"e43cf7756d0b4ba8a4e9046774656ce8\\\",\\\"skuId\\\":\\\"1b2175fa5ea24aef80f7df95996f1633\\\",\\\"f\\\":137,\\\"fnId\\\":\\\"6ccbd76c487c42e5b65dd274f51b72ea\\\",\\\"fnType\\\":\\\"wolverine\\\",\\\"by\\\":\\\"Vibranium\\\",\\\"at\\\":\\\"2019-07-29T05:31:14+00:00\\\",\\\"invUssn\\\":52,\\\"isInf\\\":false,\\\"ifa\\\":true,\\\"martAvail\\\":[{\\\"martId\\\":\\\"21\\\",\\\"ia\\\":true}],\\\"clt\\\":\\\"JoJ\\\"}\"}"}
{"id":"a67f309f20034f1eb0f3c75d2fcfff17","table":"killmonger_events_table","keyspace":"msku","timestamp":"2019-07-29T05:44:37.002Z","clusteringKeys":["ea5c7b9ef5b9469e9bc8de6357b7a179","updateVbIdSellingIdInventorySkipped/1","1564378133"],"changedColumns":["selling_id","fulfillment_node_id","event_type","update_at","stream_sequence_number","event_data"],"record":"{\"selling_id\":\"a67f309f20034f1eb0f3c75d2fcfff17\",\"fulfillment_node_id\":\"ea5c7b9ef5b9469e9bc8de6357b7a179\",\"event_type\":\"updateVbIdSellingIdInventorySkipped/1\",\"update_at\":1564378133,\"stream_sequence_number\":335,\"event_data\":\"{\\\"id\\\":\\\"15ae2df45a9649649476dd4abbe333b9\\\",\\\"vbId\\\":\\\"a67f309f20034f1eb0f3c75d2fcfff17\\\",\\\"sellingId\\\":\\\"a67f309f20034f1eb0f3c75d2fcfff17\\\",\\\"merchantId\\\":\\\"1631f82f91774db4898f32e732470fcd\\\",\\\"skuId\\\":\\\"a67f309f20034f1eb0f3c75d2fcfff17\\\",\\\"f\\\":22,\\\"fnId\\\":\\\"ea5c7b9ef5b9469e9bc8de6357b7a179\\\",\\\"fnType\\\":\\\"wolverine\\\",\\\"by\\\":\\\"Vibranium\\\",\\\"at\\\":\\\"2019-07-29T05:28:53+00:00\\\",\\\"invUssn\\\":270,\\\"isInf\\\":false}\"}"}
{"id":"a67f309f20034f1eb0f3c75d2fcfff17","table":"killmonger_events_table","keyspace":"msku","timestamp":"2019-07-29T05:44:37.002Z","clusteringKeys":["ea5c7b9ef5b9469e9bc8de6357b7a179","updateVbIdSellingIdInventorySkipped/1","1564378133"],"changedColumns":["selling_id","fulfillment_node_id","event_type","update_at","stream_sequence_number","event_data"],"record":"{\"selling_id\":\"a67f309f20034f1eb0f3c75d2fcfff17\",\"fulfillment_node_id\":\"ea5c7b9ef5b9469e9bc8de6357b7a179\",\"event_type\":\"updateVbIdSellingIdInventorySkipped/1\",\"update_at\":1564378133,\"stream_sequence_number\":336,\"event_data\":\"{\\\"id\\\":\\\"15ae2df45a9649649476dd4abbe333b9\\\",\\\"vbId\\\":\\\"a67f309f20034f1eb0f3c75d2fcfff17\\\",\\\"sellingId\\\":\\\"a67f309f20034f1eb0f3c75d2fcfff17\\\",\\\"merchantId\\\":\\\"1631f82f91774db4898f32e732470fcd\\\",\\\"skuId\\\":\\\"a67f309f20034f1eb0f3c75d2fcfff17\\\",\\\"f\\\":22,\\\"fnId\\\":\\\"ea5c7b9ef5b9469e9bc8de6357b7a179\\\",\\\"fnType\\\":\\\"wolverine\\\",\\\"by\\\":\\\"Vibranium\\\",\\\"at\\\":\\\"2019-07-29T05:28:53+00:00\\\",\\\"invUssn\\\":270,\\\"isInf\\\":false}\"}"}
{"id":"0BC84C79FFF34D5DA41FC8E86CA81D30","table":"killmonger_events_table","keyspace":"msku","timestamp":"2019-07-29T05:40:44.659Z","clusteringKeys":["6284","vbIdSellingIdInventoryUpdated/1","1564378909"],"changedColumns":["selling_id","fulfillment_node_id","event_type","update_at","stream_sequence_number","event_data"],"record":"{\"selling_id\":\"0BC84C79FFF34D5DA41FC8E86CA81D30\",\"fulfillment_node_id\":\"6284\",\"event_type\":\"vbIdSellingIdInventoryUpdated/1\",\"update_at\":1564378909,\"stream_sequence_number\":118,\"event_data\":\"{\\\"id\\\":\\\"d19dd552f2e94009a3234df8fd1abea5\\\",\\\"vbId\\\":\\\"PantherMigrationVbId\\\",\\\"sellingId\\\":\\\"0BC84C79FFF34D5DA41FC8E86CA81D30\\\",\\\"merchantId\\\":\\\"9fc08905039048918982091f266c2a29\\\",\\\"skuId\\\":\\\"PantherMigrationSkuId\\\",\\\"f\\\":0,\\\"fnId\\\":\\\"6284\\\",\\\"by\\\":\\\"Killmonger.Migration.MapInWalmartInvUpdates\\\",\\\"at\\\":\\\"2019-07-29T05:41:49.935+00:00\\\",\\\"invUssn\\\":0,\\\"isInf\\\":false,\\\"ifa\\\":true,\\\"martAvail\\\":[{\\\"martId\\\":\\\"21\\\",\\\"ia\\\":true},{\\\"martId\\\":\\\"0\\\",\\\"ia\\\":true}],\\\"clt\\\":\\\"WoJ\\\"}\"}"}
{"id":"B50CE5C863774908A6AAC68C51066F3A","table":"killmonger_events_table","keyspace":"msku","timestamp":"2019-07-29T05:44:37.003Z","clusteringKeys":["2698","vbIdSellingIdInventoryUpdated/1","1564378912"],"changedColumns":["selling_id","fulfillment_node_id","event_type","update_at","stream_sequence_number","event_data"],"record":"{\"selling_id\":\"B50CE5C863774908A6AAC68C51066F3A\",\"fulfillment_node_id\":\"2698\",\"event_type\":\"vbIdSellingIdInventoryUpdated/1\",\"update_at\":1564378912,\"stream_sequence_number\":101,\"event_data\":\"{\\\"id\\\":\\\"7fe3c4a997154eecbb913c4b3f2d6d02\\\",\\\"vbId\\\":\\\"PantherMigrationVbId\\\",\\\"sellingId\\\":\\\"B50CE5C863774908A6AAC68C51066F3A\\\",\\\"merchantId\\\":\\\"9fc08905039048918982091f266c2a29\\\",\\\"skuId\\\":\\\"PantherMigrationSkuId\\\",\\\"f\\\":0,\\\"fnId\\\":\\\"2698\\\",\\\"by\\\":\\\"Killmonger.Migration.MapInWalmartInvUpdates\\\",\\\"at\\\":\\\"2019-07-29T05:41:52.823+00:00\\\",\\\"invUssn\\\":0,\\\"isInf\\\":false,\\\"ifa\\\":true,\\\"martAvail\\\":[{\\\"martId\\\":\\\"21\\\",\\\"ia\\\":true},{\\\"martId\\\":\\\"0\\\",\\\"ia\\\":true}],\\\"clt\\\":\\\"WoJ\\\"}\"}"}
{"id":"B50CE5C863774908A6AAC68C51066F3A","table":"killmonger_events_table","keyspace":"msku","timestamp":"2019-07-29T05:44:37.003Z","clusteringKeys":["2698","vbIdSellingIdInventoryUpdated/1","1564378912"],"changedColumns":["selling_id","fulfillment_node_id","event_type","update_at","stream_sequence_number","event_data"],"record":"{\"selling_id\":\"B50CE5C863774908A6AAC68C51066F3A\",\"fulfillment_node_id\":\"2698\",\"event_type\":\"vbIdSellingIdInventoryUpdated/1\",\"update_at\":1564378912,\"stream_sequence_number\":102,\"event_data\":\"{\\\"id\\\":\\\"7fe3c4a997154eecbb913c4b3f2d6d02\\\",\\\"vbId\\\":\\\"PantherMigrationVbId\\\",\\\"sellingId\\\":\\\"B50CE5C863774908A6AAC68C51066F3A\\\",\\\"merchantId\\\":\\\"9fc08905039048918982091f266c2a29\\\",\\\"skuId\\\":\\\"PantherMigrationSkuId\\\",\\\"f\\\":0,\\\"fnId\\\":\\\"2698\\\",\\\"by\\\":\\\"Killmonger.Migration.MapInWalmartInvUpdates\\\",\\\"at\\\":\\\"2019-07-29T05:41:52.823+00:00\\\",\\\"invUssn\\\":0,\\\"isInf\\\":false,\\\"ifa\\\":true,\\\"martAvail\\\":[{\\\"martId\\\":\\\"21\\\",\\\"ia\\\":true},{\\\"martId\\\":\\\"0\\\",\\\"ia\\\":true}],\\\"clt\\\":\\\"WoJ\\\"}\"}"}
{"id":"B50CE5C863774908A6AAC68C51066F3A","table":"killmonger_events_table","keyspace":"msku","timestamp":"2019-07-29T05:44:37.003Z","clusteringKeys":["2698","vbIdSellingIdInventoryUpdated/1","1564378912"],"changedColumns":["selling_id","fulfillment_node_id","event_type","update_at","stream_sequence_number","event_data"],"record":"{\"selling_id\":\"B50CE5C863774908A6AAC68C51066F3A\",\"fulfillment_node_id\":\"2698\",\"event_type\":\"vbIdSellingIdInventoryUpdated/1\",\"update_at\":1564378912,\"stream_sequence_number\":103,\"event_data\":\"{\\\"id\\\":\\\"7fe3c4a997154eecbb913c4b3f2d6d02\\\",\\\"vbId\\\":\\\"PantherMigrationVbId\\\",\\\"sellingId\\\":\\\"B50CE5C863774908A6AAC68C51066F3A\\\",\\\"merchantId\\\":\\\"9fc08905039048918982091f266c2a29\\\",\\\"skuId\\\":\\\"PantherMigrationSkuId\\\",\\\"f\\\":0,\\\"fnId\\\":\\\"2698\\\",\\\"by\\\":\\\"Killmonger.Migration.MapInWalmartInvUpdates\\\",\\\"at\\\":\\\"2019-07-29T05:41:52.823+00:00\\\",\\\"invUssn\\\":0,\\\"isInf\\\":false,\\\"ifa\\\":true,\\\"martAvail\\\":[{\\\"martId\\\":\\\"21\\\",\\\"ia\\\":true},{\\\"martId\\\":\\\"0\\\",\\\"ia\\\":true}],\\\"clt\\\":\\\"WoJ\\\"}\"}"}
{"id":"a07eaaf9f00e426caf8f379c68b73906","table":"killmonger_events_table","keyspace":"msku","timestamp":"2019-07-29T05:44:37.003Z","clusteringKeys":["19b90c32e7144ec0afb40241c34b23d5","orderCreated/1","1564375825"],"changedColumns":["selling_id","fulfillment_node_id","event_type","update_at","stream_sequence_number","event_data"],"record":"{\"selling_id\":\"a07eaaf9f00e426caf8f379c68b73906\",\"fulfillment_node_id\":\"19b90c32e7144ec0afb40241c34b23d5\",\"event_type\":\"orderCreated/1\",\"update_at\":1564375825,\"stream_sequence_number\":4631,\"event_data\":\"{\\\"id\\\":\\\"5cce13e0ad7b45c6b382d88492195963\\\",\\\"sellingId\\\":\\\"a07eaaf9f00e426caf8f379c68b73906\\\",\\\"fnId\\\":\\\"19b90c32e7144ec0afb40241c34b23d5\\\",\\\"origin\\\":\\\"Walmart\\\",\\\"coId\\\":\\\"4811970700361\\\",\\\"moId\\\":\\\"ca656aade2fb4786989ebfdbae3b369f\\\",\\\"clt\\\":\\\"JoW\\\",\\\"q\\\":1,\\\"by\\\":\\\"JokerPredealer\\\",\\\"at\\\":\\\"2019-07-29T04:50:25.4402836+00:00\\\"}\"}"}
{"id":"f1b25df2ee2b4ea4af8c8ee2962f1a33","table":"killmonger_events_table","keyspace":"msku","timestamp":"2019-07-29T05:44:37.003Z","clusteringKeys":["a98a402773024b00b8a41f26b00fdf6c","vbIdSellingIdInventoryUpdated/1","1564375454"],"changedColumns":["selling_id","fulfillment_node_id","event_type","update_at","stream_sequence_number","event_data"],"record":"{\"selling_id\":\"f1b25df2ee2b4ea4af8c8ee2962f1a33\",\"fulfillment_node_id\":\"a98a402773024b00b8a41f26b00fdf6c\",\"event_type\":\"vbIdSellingIdInventoryUpdated/1\",\"update_at\":1564375454,\"stream_sequence_number\":359,\"event_data\":\"{\\\"id\\\":\\\"864c0b41761e4bd2a7438f9b360741cd\\\",\\\"vbId\\\":\\\"f1b25df2ee2b4ea4af8c8ee2962f1a33\\\",\\\"sellingId\\\":\\\"f1b25df2ee2b4ea4af8c8ee2962f1a33\\\",\\\"merchantId\\\":\\\"c2cdeb42c60247399b1316ed4b780502\\\",\\\"skuId\\\":\\\"f1b25df2ee2b4ea4af8c8ee2962f1a33\\\",\\\"f\\\":98,\\\"fnId\\\":\\\"a98a402773024b00b8a41f26b00fdf6c\\\",\\\"fnType\\\":\\\"wolverine\\\",\\\"by\\\":\\\"Vibranium\\\",\\\"at\\\":\\\"2019-07-29T04:44:14+00:00\\\",\\\"invUssn\\\":403,\\\"isInf\\\":false,\\\"ifa\\\":true,\\\"martAvail\\\":[{\\\"martId\\\":\\\"21\\\",\\\"ia\\\":true}],\\\"clt\\\":\\\"JoJ\\\"}\"}"}
{"id":"D8B97BE383A44563B997C7BA9A17569E","table":"killmonger_events_table","keyspace":"msku","timestamp":"2019-07-29T05:44:37.004Z","clusteringKeys":["10000003310","vbIdSellingIdInventoryUpdated/1","1564375793"],"changedColumns":["selling_id","fulfillment_node_id","event_type","update_at","stream_sequence_number","event_data"],"record":"{\"selling_id\":\"D8B97BE383A44563B997C7BA9A17569E\",\"fulfillment_node_id\":\"10000003310\",\"event_type\":\"vbIdSellingIdInventoryUpdated/1\",\"update_at\":1564375793,\"stream_sequence_number\":3447,\"event_data\":\"{\\\"id\\\":\\\"9396cb0eef294368b3a7d899ad12364a\\\",\\\"vbId\\\":\\\"FA-0626B002-10-3363\\\",\\\"sellingId\\\":\\\"D8B97BE383A44563B997C7BA9A17569E\\\",\\\"merchantId\\\":\\\"3363\\\",\\\"skuId\\\":\\\"FA-0626B002-10\\\",\\\"f\\\":20,\\\"fnId\\\":\\\"10000003310\\\",\\\"fnType\\\":\\\"MARKETPLACE\\\",\\\"by\\\":\\\"Vibranium\\\",\\\"at\\\":\\\"2019-07-29T04:49:53+00:00\\\",\\\"invUssn\\\":2801,\\\"catUssn\\\":0,\\\"isInf\\\":false,\\\"ifa\\\":true,\\\"martAvail\\\":[{\\\"martId\\\":\\\"0\\\",\\\"ia\\\":true}],\\\"clt\\\":\\\"WoW\\\"}\"}"}
{"id":"9D5F408E6DC84DAD9961E4E0C87E6CFC","table":"killmonger_events_table","keyspace":"msku","timestamp":"2019-07-29T05:44:37.004Z","clusteringKeys":["2623","vbIdSellingIdInventoryUpdated/1","1564376311"],"changedColumns":["selling_id","fulfillment_node_id","event_type","update_at","stream_sequence_number","event_data"],"record":"{\"selling_id\":\"9D5F408E6DC84DAD9961E4E0C87E6CFC\",\"fulfillment_node_id\":\"2623\",\"event_type\":\"vbIdSellingIdInventoryUpdated/1\",\"update_at\":1564376311,\"stream_sequence_number\":124,\"event_data\":\"{\\\"id\\\":\\\"588bef3b929d43618aa3e92426f7c52d\\\",\\\"vbId\\\":\\\"PantherMigrationVbId\\\",\\\"sellingId\\\":\\\"9D5F408E6DC84DAD9961E4E0C87E6CFC\\\",\\\"merchantId\\\":\\\"9fc08905039048918982091f266c2a29\\\",\\\"skuId\\\":\\\"PantherMigrationSkuId\\\",\\\"f\\\":0,\\\"fnId\\\":\\\"2623\\\",\\\"by\\\":\\\"Killmonger.Migration.MapInWalmartInvUpdates\\\",\\\"at\\\":\\\"2019-07-29T04:58:31.169+00:00\\\",\\\"invUssn\\\":0,\\\"isInf\\\":false,\\\"ifa\\\":true,\\\"martAvail\\\":[{\\\"martId\\\":\\\"21\\\",\\\"ia\\\":true},{\\\"martId\\\":\\\"0\\\",\\\"ia\\\":true}],\\\"clt\\\":\\\"WoJ\\\"}\"}"}
{"id":"9784a9b9ccdb4784b75d503969282e75","table":"killmonger_events_table","keyspace":"msku","timestamp":"2019-07-29T05:44:37.004Z","clusteringKeys":["fb72b6f9c1e54625a551711f6ee72714","vbIdSellingIdInventoryUpdated/1","1564376117"],"changedColumns":["selling_id","fulfillment_node_id","event_type","update_at","stream_sequence_number","event_data"],"record":"{\"selling_id\":\"9784a9b9ccdb4784b75d503969282e75\",\"fulfillment_node_id\":\"fb72b6f9c1e54625a551711f6ee72714\",\"event_type\":\"vbIdSellingIdInventoryUpdated/1\",\"update_at\":1564376117,\"stream_sequence_number\":44,\"event_data\":\"{\\\"id\\\":\\\"712f946e074a4fd390b99be7087c713f\\\",\\\"vbId\\\":\\\"9784a9b9ccdb4784b75d503969282e75\\\",\\\"sellingId\\\":\\\"9784a9b9ccdb4784b75d503969282e75\\\",\\\"merchantId\\\":\\\"e43cf7756d0b4ba8a4e9046774656ce8\\\",\\\"skuId\\\":\\\"9784a9b9ccdb4784b75d503969282e75\\\",\\\"f\\\":51,\\\"fnId\\\":\\\"fb72b6f9c1e54625a551711f6ee72714\\\",\\\"fnType\\\":\\\"wolverine\\\",\\\"by\\\":\\\"Vibranium\\\",\\\"at\\\":\\\"2019-07-29T04:55:17+00:00\\\",\\\"invUssn\\\":47,\\\"isInf\\\":false,\\\"ifa\\\":true,\\\"martAvail\\\":[{\\\"martId\\\":\\\"21\\\",\\\"ia\\\":true}],\\\"clt\\\":\\\"JoJ\\\"}\"}"}
{"id":"30C0AF10E2F74238934F57CFD2A120EC","table":"killmonger_events_table","keyspace":"msku","timestamp":"2019-07-29T05:40:44.669Z","clusteringKeys":["10000004443","vbIdSellingIdInventoryUpdated/1","1564375238"],"changedColumns":["selling_id","fulfillment_node_id","event_type","update_at","stream_sequence_number","event_data"],"record":"{\"selling_id\":\"30C0AF10E2F74238934F57CFD2A120EC\",\"fulfillment_node_id\":\"10000004443\",\"event_type\":\"vbIdSellingIdInventoryUpdated/1\",\"update_at\":1564375238,\"stream_sequence_number\":443,\"event_data\":\"{\\\"id\\\":\\\"0c72b50765ba47a7bae0f6dd5e2a3e52\\\",\\\"vbId\\\":\\\"CRH07X99BT-4165\\\",\\\"sellingId\\\":\\\"30C0AF10E2F74238934F57CFD2A120EC\\\",\\\"merchantId\\\":\\\"4165\\\",\\\"skuId\\\":\\\"CRH07X99BT\\\",\\\"f\\\":775,\\\"fnId\\\":\\\"10000004443\\\",\\\"fnType\\\":\\\"MARKETPLACE\\\",\\\"by\\\":\\\"Vibranium\\\",\\\"at\\\":\\\"2019-07-29T04:40:38+00:00\\\",\\\"invUssn\\\":385,\\\"catUssn\\\":0,\\\"isInf\\\":false,\\\"ifa\\\":true,\\\"martAvail\\\":[{\\\"martId\\\":\\\"0\\\",\\\"ia\\\":true}],\\\"clt\\\":\\\"WoW\\\"}\"}"}
{"id":"4f82cc827b8c4d42ac2ebcb254110541","table":"killmonger_events_table","keyspace":"msku","timestamp":"2019-07-29T05:44:37.013Z","clusteringKeys":["fb72b6f9c1e54625a551711f6ee72714","vbIdSellingIdInventoryUpdated/1","1564378075"],"changedColumns":["selling_id","fulfillment_node_id","event_type","update_at","stream_sequence_number","event_data"],"record":"{\"selling_id\":\"4f82cc827b8c4d42ac2ebcb254110541\",\"fulfillment_node_id\":\"fb72b6f9c1e54625a551711f6ee72714\",\"event_type\":\"vbIdSellingIdInventoryUpdated/1\",\"update_at\":1564378075,\"stream_sequence_number\":39,\"event_data\":\"{\\\"id\\\":\\\"30cc9bb02bd74e09858365638c3f2f6a\\\",\\\"vbId\\\":\\\"4f82cc827b8c4d42ac2ebcb254110541\\\",\\\"sellingId\\\":\\\"4f82cc827b8c4d42ac2ebcb254110541\\\",\\\"merchantId\\\":\\\"e43cf7756d0b4ba8a4e9046774656ce8\\\",\\\"skuId\\\":\\\"4f82cc827b8c4d42ac2ebcb254110541\\\",\\\"f\\\":127,\\\"fnId\\\":\\\"fb72b6f9c1e54625a551711f6ee72714\\\",\\\"fnType\\\":\\\"wolverine\\\",\\\"by\\\":\\\"Vibranium\\\",\\\"at\\\":\\\"2019-07-29T05:27:55+00:00\\\",\\\"invUssn\\\":49,\\\"isInf\\\":false,\\\"ifa\\\":true,\\\"martAvail\\\":[{\\\"martId\\\":\\\"21\\\",\\\"ia\\\":true}],\\\"clt\\\":\\\"JoJ\\\"}\"}"}
{"id":"3c204bf183d34cde8931c95b4d64d174","table":"killmonger_events_table","keyspace":"msku","timestamp":"2019-07-29T05:45:03.477Z","clusteringKeys":["94a1566655374b93abfa0fa179a5f7e4","vbIdSellingIdInventoryUpdated/1","1564378133"],"changedColumns":["selling_id","fulfillment_node_id","event_type","update_at","stream_sequence_number","event_data"],"record":"{\"selling_id\":\"3c204bf183d34cde8931c95b4d64d174\",\"fulfillment_node_id\":\"94a1566655374b93abfa0fa179a5f7e4\",\"event_type\":\"vbIdSellingIdInventoryUpdated/1\",\"update_at\":1564378133,\"stream_sequence_number\":9,\"event_data\":\"{\\\"id\\\":\\\"c9bfeb0e22b84d9b901a70a7e5f9a4f8\\\",\\\"vbId\\\":\\\"3c204bf183d34cde8931c95b4d64d174\\\",\\\"sellingId\\\":\\\"3c204bf183d34cde8931c95b4d64d174\\\",\\\"merchantId\\\":\\\"760e7f8a239d4574a7e4c477c87fa0a8\\\",\\\"skuId\\\":\\\"3c204bf183d34cde8931c95b4d64d174\\\",\\\"f\\\":100,\\\"fnId\\\":\\\"94a1566655374b93abfa0fa179a5f7e4\\\",\\\"fnType\\\":\\\"wolverine\\\",\\\"by\\\":\\\"Vibranium\\\",\\\"at\\\":\\\"2019-07-29T05:28:53+00:00\\\",\\\"invUssn\\\":9,\\\"isInf\\\":false,\\\"ifa\\\":true,\\\"martAvail\\\":[{\\\"martId\\\":\\\"21\\\",\\\"ia\\\":true}],\\\"clt\\\":\\\"JoJ\\\"}\"}"}
{"id":"8549f17ccbb24ac98e51c59456c62802","table":"killmonger_events_table","keyspace":"msku","timestamp":"2019-07-29T05:45:03.479Z","clusteringKeys":["fb72b6f9c1e54625a551711f6ee72714","vbIdSellingIdInventoryUpdated/1","1564378274"],"changedColumns":["selling_id","fulfillment_node_id","event_type","update_at","stream_sequence_number","event_data"],"record":"{\"selling_id\":\"8549f17ccbb24ac98e51c59456c62802\",\"fulfillment_node_id\":\"fb72b6f9c1e54625a551711f6ee72714\",\"event_type\":\"vbIdSellingIdInventoryUpdated/1\",\"update_at\":1564378274,\"stream_sequence_number\":38,\"event_data\":\"{\\\"id\\\":\\\"5af807ff62454fe284319277b2e58245\\\",\\\"vbId\\\":\\\"8549f17ccbb24ac98e51c59456c62802\\\",\\\"sellingId\\\":\\\"8549f17ccbb24ac98e51c59456c62802\\\",\\\"merchantId\\\":\\\"e43cf7756d0b4ba8a4e9046774656ce8\\\",\\\"skuId\\\":\\\"8549f17ccbb24ac98e51c59456c62802\\\",\\\"f\\\":58,\\\"fnId\\\":\\\"fb72b6f9c1e54625a551711f6ee72714\\\",\\\"fnType\\\":\\\"wolverine\\\",\\\"by\\\":\\\"Vibranium\\\",\\\"at\\\":\\\"2019-07-29T05:31:14+00:00\\\",\\\"invUssn\\\":47,\\\"isInf\\\":false,\\\"ifa\\\":true,\\\"martAvail\\\":[{\\\"martId\\\":\\\"21\\\",\\\"ia\\\":true}],\\\"clt\\\":\\\"JoJ\\\"}\"}"}
{"id":"8549f17ccbb24ac98e51c59456c62802","table":"killmonger_events_table","keyspace":"msku","timestamp":"2019-07-29T05:45:03.479Z","clusteringKeys":["fb72b6f9c1e54625a551711f6ee72714","updateVbIdSellingIdInventorySkipped/1","1564378274"],"changedColumns":["selling_id","fulfillment_node_id","event_type","update_at","stream_sequence_number","event_data"],"record":"{\"selling_id\":\"8549f17ccbb24ac98e51c59456c62802\",\"fulfillment_node_id\":\"fb72b6f9c1e54625a551711f6ee72714\",\"event_type\":\"updateVbIdSellingIdInventorySkipped/1\",\"update_at\":1564378274,\"stream_sequence_number\":39,\"event_data\":\"{\\\"id\\\":\\\"5af807ff62454fe284319277b2e58245\\\",\\\"vbId\\\":\\\"8549f17ccbb24ac98e51c59456c62802\\\",\\\"sellingId\\\":\\\"8549f17ccbb24ac98e51c59456c62802\\\",\\\"merchantId\\\":\\\"e43cf7756d0b4ba8a4e9046774656ce8\\\",\\\"skuId\\\":\\\"8549f17ccbb24ac98e51c59456c62802\\\",\\\"f\\\":58,\\\"fnId\\\":\\\"fb72b6f9c1e54625a551711f6ee72714\\\",\\\"fnType\\\":\\\"wolverine\\\",\\\"by\\\":\\\"Vibranium\\\",\\\"at\\\":\\\"2019-07-29T05:31:14+00:00\\\",\\\"invUssn\\\":47,\\\"isInf\\\":false}\"}"}
{"id":"E0EC451A81AE447EA1C0F3F3D88835FD","table":"killmonger_events_table","keyspace":"msku","timestamp":"2019-07-29T05:45:03.479Z","clusteringKeys":["6284","vbIdSellingIdInventoryUpdated/1","1564378911"],"changedColumns":["selling_id","fulfillment_node_id","event_type","update_at","stream_sequence_number","event_data"],"record":"{\"selling_id\":\"E0EC451A81AE447EA1C0F3F3D88835FD\",\"fulfillment_node_id\":\"6284\",\"event_type\":\"vbIdSellingIdInventoryUpdated/1\",\"update_at\":1564378911,\"stream_sequence_number\":150,\"event_data\":\"{\\\"id\\\":\\\"eb1561688b184591bc12cfcd604c5cd6\\\",\\\"vbId\\\":\\\"PantherMigrationVbId\\\",\\\"sellingId\\\":\\\"E0EC451A81AE447EA1C0F3F3D88835FD\\\",\\\"merchantId\\\":\\\"9fc08905039048918982091f266c2a29\\\",\\\"skuId\\\":\\\"PantherMigrationSkuId\\\",\\\"f\\\":0,\\\"fnId\\\":\\\"6284\\\",\\\"by\\\":\\\"Killmonger.Migration.MapInWalmartInvUpdates\\\",\\\"at\\\":\\\"2019-07-29T05:41:51.271+00:00\\\",\\\"invUssn\\\":0,\\\"isInf\\\":false,\\\"ifa\\\":true,\\\"martAvail\\\":[{\\\"martId\\\":\\\"21\\\",\\\"ia\\\":true},{\\\"martId\\\":\\\"0\\\",\\\"ia\\\":true}],\\\"clt\\\":\\\"WoJ\\\"}\"}"}
{"id":"8bc719bc85e449428aac6d54fe69daf3","table":"killmonger_events_table","keyspace":"msku","timestamp":"2019-07-29T05:45:02.434Z","clusteringKeys":["fb72b6f9c1e54625a551711f6ee72714","vbIdSellingIdInventoryUpdated/1","1564378274"],"changedColumns":["selling_id","fulfillment_node_id","event_type","update_at","stream_sequence_number","event_data"],"record":"{\"selling_id\":\"8bc719bc85e449428aac6d54fe69daf3\",\"fulfillment_node_id\":\"fb72b6f9c1e54625a551711f6ee72714\",\"event_type\":\"vbIdSellingIdInventoryUpdated/1\",\"update_at\":1564378274,\"stream_sequence_number\":39,\"event_data\":\"{\\\"id\\\":\\\"4a64233a30b2485ab6f56db99556150b\\\",\\\"vbId\\\":\\\"8bc719bc85e449428aac6d54fe69daf3\\\",\\\"sellingId\\\":\\\"8bc719bc85e449428aac6d54fe69daf3\\\",\\\"merchantId\\\":\\\"e43cf7756d0b4ba8a4e9046774656ce8\\\",\\\"skuId\\\":\\\"8bc719bc85e449428aac6d54fe69daf3\\\",\\\"f\\\":67,\\\"fnId\\\":\\\"fb72b6f9c1e54625a551711f6ee72714\\\",\\\"fnType\\\":\\\"wolverine\\\",\\\"by\\\":\\\"Vibranium\\\",\\\"at\\\":\\\"2019-07-29T05:31:14+00:00\\\",\\\"invUssn\\\":47,\\\"isInf\\\":false,\\\"ifa\\\":true,\\\"martAvail\\\":[{\\\"martId\\\":\\\"21\\\",\\\"ia\\\":true}],\\\"clt\\\":\\\"JoJ\\\"}\"}"}
{"id":"2c7ff2f708054e048ff302c0852e3e3a","table":"killmonger_events_table","keyspace":"msku","timestamp":"2019-07-29T05:40:44.676Z","clusteringKeys":["7d029b0996bd4f16bbd74454bab3ab2e","updateVbIdSellingIdInventorySkipped/1","1564378274"],"changedColumns":["selling_id","fulfillment_node_id","event_type","update_at","stream_sequence_number","event_data"],"record":"{\"selling_id\":\"2c7ff2f708054e048ff302c0852e3e3a\",\"fulfillment_node_id\":\"7d029b0996bd4f16bbd74454bab3ab2e\",\"event_type\":\"updateVbIdSellingIdInventorySkipped/1\",\"update_at\":1564378274,\"stream_sequence_number\":37,\"event_data\":\"{\\\"id\\\":\\\"3ab03799136442d795a9dfe3cfa858ec\\\",\\\"vbId\\\":\\\"2c7ff2f708054e048ff302c0852e3e3a\\\",\\\"sellingId\\\":\\\"2c7ff2f708054e048ff302c0852e3e3a\\\",\\\"merchantId\\\":\\\"e43cf7756d0b4ba8a4e9046774656ce8\\\",\\\"skuId\\\":\\\"2c7ff2f708054e048ff302c0852e3e3a\\\",\\\"f\\\":60,\\\"fnId\\\":\\\"7d029b0996bd4f16bbd74454bab3ab2e\\\",\\\"fnType\\\":\\\"wolverine\\\",\\\"by\\\":\\\"Vibranium\\\",\\\"at\\\":\\\"2019-07-29T05:31:14+00:00\\\",\\\"invUssn\\\":49,\\\"isInf\\\":false}\"}"}
{"id":"71A2F2A7BB89492A9D413F350CA414B6","table":"killmonger_events_table","keyspace":"msku","timestamp":"2019-07-29T05:45:02.437Z","clusteringKeys":["10000018794","vbIdSellingIdInventoryUpdated/1","1564378253"],"changedColumns":["selling_id","fulfillment_node_id","event_type","update_at","stream_sequence_number","event_data"],"record":"{\"selling_id\":\"71A2F2A7BB89492A9D413F350CA414B6\",\"fulfillment_node_id\":\"10000018794\",\"event_type\":\"vbIdSellingIdInventoryUpdated/1\",\"update_at\":1564378253,\"stream_sequence_number\":3509,\"event_data\":\"{\\\"id\\\":\\\"729a035374ed414f9e8184595e68eb35\\\",\\\"vbId\\\":\\\"TS-LS-Comfort-M60-Violet-L-17872\\\",\\\"sellingId\\\":\\\"71A2F2A7BB89492A9D413F350CA414B6\\\",\\\"merchantId\\\":\\\"17872\\\",\\\"skuId\\\":\\\"TS-LS-Comfort-M60-Violet-L\\\",\\\"f\\\":14,\\\"fnId\\\":\\\"10000018794\\\",\\\"fnType\\\":\\\"MARKETPLACE\\\",\\\"by\\\":\\\"Vibranium\\\",\\\"at\\\":\\\"2019-07-29T05:30:53+00:00\\\",\\\"invUssn\\\":2829,\\\"catUssn\\\":1,\\\"isInf\\\":false,\\\"ifa\\\":true,\\\"martAvail\\\":[{\\\"martId\\\":\\\"0\\\",\\\"ia\\\":true}],\\\"clt\\\":\\\"WoW\\\"}\"}"}
{"id":"71A2F2A7BB89492A9D413F350CA414B6","table":"killmonger_events_table","keyspace":"msku","timestamp":"2019-07-29T05:45:02.437Z","clusteringKeys":["10000018794","vbIdSellingIdInventoryUpdated/1","1564378253"],"changedColumns":["selling_id","fulfillment_node_id","event_type","update_at","stream_sequence_number","event_data"],"record":"{\"selling_id\":\"71A2F2A7BB89492A9D413F350CA414B6\",\"fulfillment_node_id\":\"10000018794\",\"event_type\":\"vbIdSellingIdInventoryUpdated/1\",\"update_at\":1564378253,\"stream_sequence_number\":3510,\"event_data\":\"{\\\"id\\\":\\\"f8ab11af593b4a81bbeadae1bd9f299d\\\",\\\"vbId\\\":\\\"TS-LS-Comfort-M60-Violet-L-17872\\\",\\\"sellingId\\\":\\\"71A2F2A7BB89492A9D413F350CA414B6\\\",\\\"merchantId\\\":\\\"17872\\\",\\\"skuId\\\":\\\"TS-LS-Comfort-M60-Violet-L\\\",\\\"f\\\":14,\\\"fnId\\\":\\\"10000018794\\\",\\\"fnType\\\":\\\"MARKETPLACE\\\",\\\"by\\\":\\\"Vibranium\\\",\\\"at\\\":\\\"2019-07-29T05:30:53+00:00\\\",\\\"invUssn\\\":2831,\\\"catUssn\\\":1,\\\"isInf\\\":false,\\\"ifa\\\":true,\\\"martAvail\\\":[{\\\"martId\\\":\\\"0\\\",\\\"ia\\\":true}],\\\"clt\\\":\\\"WoW\\\"}\"}"}
{"id":"EB935CE3667B4DF1BFF13B63F355E4CE","table":"killmonger_events_table","keyspace":"msku","timestamp":"2019-07-29T05:45:03.494Z","clusteringKeys":["6559","vbIdSellingIdInventoryUpdated/1","1564375778"],"changedColumns":["selling_id","fulfillment_node_id","event_type","update_at","stream_sequence_number","event_data"],"record":"{\"selling_id\":\"EB935CE3667B4DF1BFF13B63F355E4CE\",\"fulfillment_node_id\":\"6559\",\"event_type\":\"vbIdSellingIdInventoryUpdated/1\",\"update_at\":1564375778,\"stream_sequence_number\":59,\"event_data\":\"{\\\"id\\\":\\\"60d4f18188c742b98b330390874dd168\\\",\\\"vbId\\\":\\\"PantherMigrationVbId\\\",\\\"sellingId\\\":\\\"EB935CE3667B4DF1BFF13B63F355E4CE\\\",\\\"merchantId\\\":\\\"9fc08905039048918982091f266c2a29\\\",\\\"skuId\\\":\\\"PantherMigrationSkuId\\\",\\\"f\\\":0,\\\"fnId\\\":\\\"6559\\\",\\\"by\\\":\\\"Killmonger.Migration.MapInWalmartInvUpdates\\\",\\\"at\\\":\\\"2019-07-29T04:49:38.173+00:00\\\",\\\"invUssn\\\":0,\\\"isInf\\\":false,\\\"ifa\\\":true,\\\"martAvail\\\":[{\\\"martId\\\":\\\"21\\\",\\\"ia\\\":true},{\\\"martId\\\":\\\"0\\\",\\\"ia\\\":true}],\\\"clt\\\":\\\"WoJ\\\"}\"}"}
{"id":"B19F4B900BD74733948D37317CF1A71F","table":"killmonger_events_table","keyspace":"msku","timestamp":"2019-07-29T05:44:37.021Z","clusteringKeys":["5926","vbIdSellingIdInventoryUpdated/1","1564375586"],"changedColumns":["selling_id","fulfillment_node_id","event_type","update_at","stream_sequence_number","event_data"],"record":"{\"selling_id\":\"B19F4B900BD74733948D37317CF1A71F\",\"fulfillment_node_id\":\"5926\",\"event_type\":\"vbIdSellingIdInventoryUpdated/1\",\"update_at\":1564375586,\"stream_sequence_number\":124,\"event_data\":\"{\\\"id\\\":\\\"93decd0da6ca46ad91e589518710266c\\\",\\\"vbId\\\":\\\"PantherMigrationVbId\\\",\\\"sellingId\\\":\\\"B19F4B900BD74733948D37317CF1A71F\\\",\\\"merchantId\\\":\\\"9fc08905039048918982091f266c2a29\\\",\\\"skuId\\\":\\\"PantherMigrationSkuId\\\",\\\"f\\\":0,\\\"fnId\\\":\\\"5926\\\",\\\"by\\\":\\\"Killmonger.Migration.MapInWalmartInvUpdates\\\",\\\"at\\\":\\\"2019-07-29T04:46:26.304+00:00\\\",\\\"invUssn\\\":0,\\\"isInf\\\":false,\\\"ifa\\\":true,\\\"martAvail\\\":[{\\\"martId\\\":\\\"21\\\",\\\"ia\\\":true},{\\\"martId\\\":\\\"0\\\",\\\"ia\\\":true}],\\\"clt\\\":\\\"WoJ\\\"}\"}"}
{"id":"0E6DAFD8FAD14BEDBE9801D804A13318","table":"killmonger_events_table","keyspace":"msku","timestamp":"2019-07-29T05:45:02.445Z","clusteringKeys":["8302","vbIdSellingIdInventoryUpdated/1","1564378911"],"changedColumns":["selling_id","fulfillment_node_id","event_type","update_at","stream_sequence_number","event_data"],"record":"{\"selling_id\":\"0E6DAFD8FAD14BEDBE9801D804A13318\",\"fulfillment_node_id\":\"8302\",\"event_type\":\"vbIdSellingIdInventoryUpdated/1\",\"update_at\":1564378911,\"stream_sequence_number\":131,\"event_data\":\"{\\\"id\\\":\\\"9c1538967c714436b38ae9654b4c6a0e\\\",\\\"vbId\\\":\\\"PantherMigrationVbId\\\",\\\"sellingId\\\":\\\"0E6DAFD8FAD14BEDBE9801D804A13318\\\",\\\"merchantId\\\":\\\"9fc08905039048918982091f266c2a29\\\",\\\"skuId\\\":\\\"PantherMigrationSkuId\\\",\\\"f\\\":0,\\\"fnId\\\":\\\"8302\\\",\\\"by\\\":\\\"Killmonger.Migration.MapInWalmartInvUpdates\\\",\\\"at\\\":\\\"2019-07-29T05:41:51.232+00:00\\\",\\\"invUssn\\\":0,\\\"isInf\\\":false,\\\"ifa\\\":true,\\\"martAvail\\\":[{\\\"martId\\\":\\\"21\\\",\\\"ia\\\":true},{\\\"martId\\\":\\\"0\\\",\\\"ia\\\":true}],\\\"clt\\\":\\\"WoJ\\\"}\"}"}
{"id":"0E6DAFD8FAD14BEDBE9801D804A13318","table":"killmonger_events_table","keyspace":"msku","timestamp":"2019-07-29T05:45:02.445Z","clusteringKeys":["8302","vbIdSellingIdInventoryUpdated/1","1564378911"],"changedColumns":["selling_id","fulfillment_node_id","event_type","update_at","stream_sequence_number","event_data"],"record":"{\"selling_id\":\"0E6DAFD8FAD14BEDBE9801D804A13318\",\"fulfillment_node_id\":\"8302\",\"event_type\":\"vbIdSellingIdInventoryUpdated/1\",\"update_at\":1564378911,\"stream_sequence_number\":132,\"event_data\":\"{\\\"id\\\":\\\"9c1538967c714436b38ae9654b4c6a0e\\\",\\\"vbId\\\":\\\"PantherMigrationVbId\\\",\\\"sellingId\\\":\\\"0E6DAFD8FAD14BEDBE9801D804A13318\\\",\\\"merchantId\\\":\\\"9fc08905039048918982091f266c2a29\\\",\\\"skuId\\\":\\\"PantherMigrationSkuId\\\",\\\"f\\\":0,\\\"fnId\\\":\\\"8302\\\",\\\"by\\\":\\\"Killmonger.Migration.MapInWalmartInvUpdates\\\",\\\"at\\\":\\\"2019-07-29T05:41:51.232+00:00\\\",\\\"invUssn\\\":0,\\\"isInf\\\":false,\\\"ifa\\\":true,\\\"martAvail\\\":[{\\\"martId\\\":\\\"21\\\",\\\"ia\\\":true},{\\\"martId\\\":\\\"0\\\",\\\"ia\\\":true}],\\\"clt\\\":\\\"WoJ\\\"}\"}"}
{"id":"c54e3fe6505348a1b606c85cbf003850","table":"killmonger_events_table","keyspace":"msku","timestamp":"2019-07-29T05:44:37.027Z","clusteringKeys":["46416d6d22354888916f28e838c4cc65","updateVbIdSellingIdInventorySkipped/1","1564375089"],"changedColumns":["selling_id","fulfillment_node_id","event_type","update_at","stream_sequence_number","event_data"],"record":"{\"selling_id\":\"c54e3fe6505348a1b606c85cbf003850\",\"fulfillment_node_id\":\"46416d6d22354888916f28e838c4cc65\",\"event_type\":\"updateVbIdSellingIdInventorySkipped/1\",\"update_at\":1564375089,\"stream_sequence_number\":204,\"event_data\":\"{\\\"id\\\":\\\"6a906bf8153c425992214fda8b3d47aa\\\",\\\"vbId\\\":\\\"c54e3fe6505348a1b606c85cbf003850\\\",\\\"sellingId\\\":\\\"c54e3fe6505348a1b606c85cbf003850\\\",\\\"merchantId\\\":\\\"a8550aa2c31442be9a7b8b2de5618401\\\",\\\"skuId\\\":\\\"c54e3fe6505348a1b606c85cbf003850\\\",\\\"f\\\":20,\\\"fnId\\\":\\\"46416d6d22354888916f28e838c4cc65\\\",\\\"fnType\\\":\\\"wolverine\\\",\\\"by\\\":\\\"Vibranium\\\",\\\"at\\\":\\\"2019-07-29T04:38:09+00:00\\\",\\\"invUssn\\\":186,\\\"isInf\\\":false}\"}"}
{"id":"c54e3fe6505348a1b606c85cbf003850","table":"killmonger_events_table","keyspace":"msku","timestamp":"2019-07-29T05:44:37.027Z","clusteringKeys":["46416d6d22354888916f28e838c4cc65","updateVbIdSellingIdInventorySkipped/1","1564375089"],"changedColumns":["selling_id","fulfillment_node_id","event_type","update_at","stream_sequence_number","event_data"],"record":"{\"selling_id\":\"c54e3fe6505348a1b606c85cbf003850\",\"fulfillment_node_id\":\"46416d6d22354888916f28e838c4cc65\",\"event_type\":\"updateVbIdSellingIdInventorySkipped/1\",\"update_at\":1564375089,\"stream_sequence_number\":205,\"event_data\":\"{\\\"id\\\":\\\"0acea09828aa452ea5de06bb1d05d531\\\",\\\"vbId\\\":\\\"c54e3fe6505348a1b606c85cbf003850\\\",\\\"sellingId\\\":\\\"c54e3fe6505348a1b606c85cbf003850\\\",\\\"merchantId\\\":\\\"a8550aa2c31442be9a7b8b2de5618401\\\",\\\"skuId\\\":\\\"c54e3fe6505348a1b606c85cbf003850\\\",\\\"f\\\":20,\\\"fnId\\\":\\\"46416d6d22354888916f28e838c4cc65\\\",\\\"fnType\\\":\\\"wolverine\\\",\\\"by\\\":\\\"Vibranium\\\",\\\"at\\\":\\\"2019-07-29T04:38:09+00:00\\\",\\\"invUssn\\\":186,\\\"isInf\\\":false}\"}"}
{"id":"c54e3fe6505348a1b606c85cbf003850","table":"killmonger_events_table","keyspace":"msku","timestamp":"2019-07-29T05:44:37.027Z","clusteringKeys":["46416d6d22354888916f28e838c4cc65","updateVbIdSellingIdInventorySkipped/1","1564375089"],"changedColumns":["selling_id","fulfillment_node_id","event_type","update_at","stream_sequence_number","event_data"],"record":"{\"selling_id\":\"c54e3fe6505348a1b606c85cbf003850\",\"fulfillment_node_id\":\"46416d6d22354888916f28e838c4cc65\",\"event_type\":\"updateVbIdSellingIdInventorySkipped/1\",\"update_at\":1564375089,\"stream_sequence_number\":206,\"event_data\":\"{\\\"id\\\":\\\"f1d69cfd915343da9f76f71c77942fc0\\\",\\\"vbId\\\":\\\"c54e3fe6505348a1b606c85cbf003850\\\",\\\"sellingId\\\":\\\"c54e3fe6505348a1b606c85cbf003850\\\",\\\"merchantId\\\":\\\"a8550aa2c31442be9a7b8b2de5618401\\\",\\\"skuId\\\":\\\"c54e3fe6505348a1b606c85cbf003850\\\",\\\"f\\\":20,\\\"fnId\\\":\\\"46416d6d22354888916f28e838c4cc65\\\",\\\"fnType\\\":\\\"wolverine\\\",\\\"by\\\":\\\"Vibranium\\\",\\\"at\\\":\\\"2019-07-29T04:38:09+00:00\\\",\\\"invUssn\\\":186,\\\"isInf\\\":false}\"}"}
{"id":"f91f4962e8864642bebec2110d8b4dff","table":"killmonger_events_table","keyspace":"msku","timestamp":"2019-07-29T05:45:03.505Z","clusteringKeys":["fb72b6f9c1e54625a551711f6ee72714","vbIdSellingIdInventoryUpdated/1","1564375160"],"changedColumns":["selling_id","fulfillment_node_id","event_type","update_at","stream_sequence_number","event_data"],"record":"{\"selling_id\":\"f91f4962e8864642bebec2110d8b4dff\",\"fulfillment_node_id\":\"fb72b6f9c1e54625a551711f6ee72714\",\"event_type\":\"vbIdSellingIdInventoryUpdated/1\",\"update_at\":1564375160,\"stream_sequence_number\":44,\"event_data\":\"{\\\"id\\\":\\\"e0255ea94106429a98a66ee90746b6b6\\\",\\\"vbId\\\":\\\"f91f4962e8864642bebec2110d8b4dff\\\",\\\"sellingId\\\":\\\"f91f4962e8864642bebec2110d8b4dff\\\",\\\"merchantId\\\":\\\"e43cf7756d0b4ba8a4e9046774656ce8\\\",\\\"skuId\\\":\\\"f91f4962e8864642bebec2110d8b4dff\\\",\\\"f\\\":70,\\\"fnId\\\":\\\"fb72b6f9c1e54625a551711f6ee72714\\\",\\\"fnType\\\":\\\"wolverine\\\",\\\"by\\\":\\\"Vibranium\\\",\\\"at\\\":\\\"2019-07-29T04:39:20+00:00\\\",\\\"invUssn\\\":50,\\\"isInf\\\":false,\\\"ifa\\\":true,\\\"martAvail\\\":[{\\\"martId\\\":\\\"21\\\",\\\"ia\\\":true}],\\\"clt\\\":\\\"JoJ\\\"}\"}"}
{"id":"8dff9d03b30541b78c795a68f49875df","table":"killmonger_events_table","keyspace":"msku","timestamp":"2019-07-29T05:45:03.505Z","clusteringKeys":["fb72b6f9c1e54625a551711f6ee72714","vbIdSellingIdInventoryUpdated/1","1564374967"],"changedColumns":["selling_id","fulfillment_node_id","event_type","update_at","stream_sequence_number","event_data"],"record":"{\"selling_id\":\"8dff9d03b30541b78c795a68f49875df\",\"fulfillment_node_id\":\"fb72b6f9c1e54625a551711f6ee72714\",\"event_type\":\"vbIdSellingIdInventoryUpdated/1\",\"update_at\":1564374967,\"stream_sequence_number\":41,\"event_data\":\"{\\\"id\\\":\\\"e48edca9b988429b8cab2dac8fbdba0b\\\",\\\"vbId\\\":\\\"8dff9d03b30541b78c795a68f49875df\\\",\\\"sellingId\\\":\\\"8dff9d03b30541b78c795a68f49875df\\\",\\\"merchantId\\\":\\\"e43cf7756d0b4ba8a4e9046774656ce8\\\",\\\"skuId\\\":\\\"8dff9d03b30541b78c795a68f49875df\\\",\\\"f\\\":66,\\\"fnId\\\":\\\"fb72b6f9c1e54625a551711f6ee72714\\\",\\\"fnType\\\":\\\"wolverine\\\",\\\"by\\\":\\\"Vibranium\\\",\\\"at\\\":\\\"2019-07-29T04:36:07+00:00\\\",\\\"invUssn\\\":48,\\\"isInf\\\":false,\\\"ifa\\\":true,\\\"martAvail\\\":[{\\\"martId\\\":\\\"21\\\",\\\"ia\\\":true}],\\\"clt\\\":\\\"JoJ\\\"}\"}"}
{"id":"d9e7d08da6da47de881b8e6c0949868b","table":"killmonger_events_table","keyspace":"msku","timestamp":"2019-07-29T05:44:37.031Z","clusteringKeys":["3cbcc7e28aac4f6fb0a8cde4e85483c0","updateVbIdSellingIdInventorySkipped/1","1564375720"],"changedColumns":["selling_id","fulfillment_node_id","event_type","update_at","stream_sequence_number","event_data"],"record":"{\"selling_id\":\"d9e7d08da6da47de881b8e6c0949868b\",\"fulfillment_node_id\":\"3cbcc7e28aac4f6fb0a8cde4e85483c0\",\"event_type\":\"updateVbIdSellingIdInventorySkipped/1\",\"update_at\":1564375720,\"stream_sequence_number\":96,\"event_data\":\"{\\\"id\\\":\\\"334d43815ae2484ca5cd18369d94339c\\\",\\\"vbId\\\":\\\"d9e7d08da6da47de881b8e6c0949868b\\\",\\\"sellingId\\\":\\\"d9e7d08da6da47de881b8e6c0949868b\\\",\\\"merchantId\\\":\\\"7eaf70709bf149f890dc3a845871dab4\\\",\\\"skuId\\\":\\\"d9e7d08da6da47de881b8e6c0949868b\\\",\\\"f\\\":559,\\\"fnId\\\":\\\"3cbcc7e28aac4f6fb0a8cde4e85483c0\\\",\\\"fnType\\\":\\\"wolverine\\\",\\\"by\\\":\\\"Vibranium\\\",\\\"at\\\":\\\"2019-07-29T04:48:40+00:00\\\",\\\"invUssn\\\":76,\\\"isInf\\\":false}\"}"}
{"id":"5dc2cbd22dd547e892baf7c3dd4ac3e0","table":"killmonger_events_table","keyspace":"msku","timestamp":"2019-07-29T05:45:02.451Z","clusteringKeys":["7d029b0996bd4f16bbd74454bab3ab2e","vbIdSellingIdInventoryUpdated/1","1564378479"],"changedColumns":["selling_id","fulfillment_node_id","event_type","update_at","stream_sequence_number","event_data"],"record":"{\"selling_id\":\"5dc2cbd22dd547e892baf7c3dd4ac3e0\",\"fulfillment_node_id\":\"7d029b0996bd4f16bbd74454bab3ab2e\",\"event_type\":\"vbIdSellingIdInventoryUpdated/1\",\"update_at\":1564378479,\"stream_sequence_number\":36,\"event_data\":\"{\\\"id\\\":\\\"5929a88c1acf4cfa93f8d1def38fa508\\\",\\\"vbId\\\":\\\"5dc2cbd22dd547e892baf7c3dd4ac3e0\\\",\\\"sellingId\\\":\\\"5dc2cbd22dd547e892baf7c3dd4ac3e0\\\",\\\"merchantId\\\":\\\"e43cf7756d0b4ba8a4e9046774656ce8\\\",\\\"skuId\\\":\\\"5dc2cbd22dd547e892baf7c3dd4ac3e0\\\",\\\"f\\\":64,\\\"fnId\\\":\\\"7d029b0996bd4f16bbd74454bab3ab2e\\\",\\\"fnType\\\":\\\"wolverine\\\",\\\"by\\\":\\\"Vibranium\\\",\\\"at\\\":\\\"2019-07-29T05:34:39+00:00\\\",\\\"invUssn\\\":49,\\\"isInf\\\":false,\\\"ifa\\\":true,\\\"martAvail\\\":[{\\\"martId\\\":\\\"21\\\",\\\"ia\\\":true}],\\\"clt\\\":\\\"JoJ\\\"}\"}"}
{"id":"39C88643F8EB44C2B6EC300349F2D6E0","table":"killmonger_events_table","keyspace":"msku","timestamp":"2019-07-29T05:45:02.452Z","clusteringKeys":["2698","vbIdSellingIdInventoryUpdated/1","1564378908"],"changedColumns":["selling_id","fulfillment_node_id","event_type","update_at","stream_sequence_number","event_data"],"record":"{\"selling_id\":\"39C88643F8EB44C2B6EC300349F2D6E0\",\"fulfillment_node_id\":\"2698\",\"event_type\":\"vbIdSellingIdInventoryUpdated/1\",\"update_at\":1564378908,\"stream_sequence_number\":101,\"event_data\":\"{\\\"id\\\":\\\"2019726c08eb4dbb9b78079c7bb5fc3c\\\",\\\"vbId\\\":\\\"PantherMigrationVbId\\\",\\\"sellingId\\\":\\\"39C88643F8EB44C2B6EC300349F2D6E0\\\",\\\"merchantId\\\":\\\"9fc08905039048918982091f266c2a29\\\",\\\"skuId\\\":\\\"PantherMigrationSkuId\\\",\\\"f\\\":0,\\\"fnId\\\":\\\"2698\\\",\\\"by\\\":\\\"Killmonger.Migration.MapInWalmartInvUpdates\\\",\\\"at\\\":\\\"2019-07-29T05:41:48.43+00:00\\\",\\\"invUssn\\\":0,\\\"isInf\\\":false,\\\"ifa\\\":true,\\\"martAvail\\\":[{\\\"martId\\\":\\\"21\\\",\\\"ia\\\":true},{\\\"martId\\\":\\\"0\\\",\\\"ia\\\":true}],\\\"clt\\\":\\\"WoJ\\\"}\"}"}
{"id":"4c09146ec0f4466d8dfe88ab4c7f73a6","table":"killmonger_events_table","keyspace":"msku","timestamp":"2019-07-29T05:44:37.031Z","clusteringKeys":["6ccbd76c487c42e5b65dd274f51b72ea","vbIdSellingIdInventoryUpdated/1","1564378274"],"changedColumns":["selling_id","fulfillment_node_id","event_type","update_at","stream_sequence_number","event_data"],"record":"{\"selling_id\":\"4c09146ec0f4466d8dfe88ab4c7f73a6\",\"fulfillment_node_id\":\"6ccbd76c487c42e5b65dd274f51b72ea\",\"event_type\":\"vbIdSellingIdInventoryUpdated/1\",\"update_at\":1564378274,\"stream_sequence_number\":37,\"event_data\":\"{\\\"id\\\":\\\"75203880804a4d198b2ba0a95b377ad6\\\",\\\"vbId\\\":\\\"4c09146ec0f4466d8dfe88ab4c7f73a6\\\",\\\"sellingId\\\":\\\"4c09146ec0f4466d8dfe88ab4c7f73a6\\\",\\\"merchantId\\\":\\\"e43cf7756d0b4ba8a4e9046774656ce8\\\",\\\"skuId\\\":\\\"4c09146ec0f4466d8dfe88ab4c7f73a6\\\",\\\"f\\\":88,\\\"fnId\\\":\\\"6ccbd76c487c42e5b65dd274f51b72ea\\\",\\\"fnType\\\":\\\"wolverine\\\",\\\"by\\\":\\\"Vibranium\\\",\\\"at\\\":\\\"2019-07-29T05:31:14+00:00\\\",\\\"invUssn\\\":48,\\\"isInf\\\":false,\\\"ifa\\\":true,\\\"martAvail\\\":[{\\\"martId\\\":\\\"21\\\",\\\"ia\\\":true}],\\\"clt\\\":\\\"JoJ\\\"}\"}"}
{"id":"4c09146ec0f4466d8dfe88ab4c7f73a6","table":"killmonger_events_table","keyspace":"msku","timestamp":"2019-07-29T05:44:37.031Z","clusteringKeys":["6ccbd76c487c42e5b65dd274f51b72ea","updateVbIdSellingIdInventorySkipped/1","1564378274"],"changedColumns":["selling_id","fulfillment_node_id","event_type","update_at","stream_sequence_number","event_data"],"record":"{\"selling_id\":\"4c09146ec0f4466d8dfe88ab4c7f73a6\",\"fulfillment_node_id\":\"6ccbd76c487c42e5b65dd274f51b72ea\",\"event_type\":\"updateVbIdSellingIdInventorySkipped/1\",\"update_at\":1564378274,\"stream_sequence_number\":38,\"event_data\":\"{\\\"id\\\":\\\"75203880804a4d198b2ba0a95b377ad6\\\",\\\"vbId\\\":\\\"4c09146ec0f4466d8dfe88ab4c7f73a6\\\",\\\"sellingId\\\":\\\"4c09146ec0f4466d8dfe88ab4c7f73a6\\\",\\\"merchantId\\\":\\\"e43cf7756d0b4ba8a4e9046774656ce8\\\",\\\"skuId\\\":\\\"4c09146ec0f4466d8dfe88ab4c7f73a6\\\",\\\"f\\\":88,\\\"fnId\\\":\\\"6ccbd76c487c42e5b65dd274f51b72ea\\\",\\\"fnType\\\":\\\"wolverine\\\",\\\"by\\\":\\\"Vibranium\\\",\\\"at\\\":\\\"2019-07-29T05:31:14+00:00\\\",\\\"invUssn\\\":48,\\\"isInf\\\":false}\"}"}
{"id":"4c09146ec0f4466d8dfe88ab4c7f73a6","table":"killmonger_events_table","keyspace":"msku","timestamp":"2019-07-29T05:44:37.031Z","clusteringKeys":["6ccbd76c487c42e5b65dd274f51b72ea","vbIdSellingIdInventoryUpdated/1","1564378274"],"changedColumns":["selling_id","fulfillment_node_id","event_type","update_at","stream_sequence_number","event_data"],"record":"{\"selling_id\":\"4c09146ec0f4466d8dfe88ab4c7f73a6\",\"fulfillment_node_id\":\"6ccbd76c487c42e5b65dd274f51b72ea\",\"event_type\":\"vbIdSellingIdInventoryUpdated/1\",\"update_at\":1564378274,\"stream_sequence_number\":39,\"event_data\":\"{\\\"id\\\":\\\"068b972e19e8484a956ac4bc36ede26f\\\",\\\"vbId\\\":\\\"4c09146ec0f4466d8dfe88ab4c7f73a6\\\",\\\"sellingId\\\":\\\"4c09146ec0f4466d8dfe88ab4c7f73a6\\\",\\\"merchantId\\\":\\\"e43cf7756d0b4ba8a4e9046774656ce8\\\",\\\"skuId\\\":\\\"4c09146ec0f4466d8dfe88ab4c7f73a6\\\",\\\"f\\\":88,\\\"fnId\\\":\\\"6ccbd76c487c42e5b65dd274f51b72ea\\\",\\\"fnType\\\":\\\"wolverine\\\",\\\"by\\\":\\\"Vibranium\\\",\\\"at\\\":\\\"2019-07-29T05:31:14+00:00\\\",\\\"invUssn\\\":49,\\\"isInf\\\":false,\\\"ifa\\\":true,\\\"martAvail\\\":[{\\\"martId\\\":\\\"21\\\",\\\"ia\\\":true}],\\\"clt\\\":\\\"JoJ\\\"}\"}"}
{"id":"4c09146ec0f4466d8dfe88ab4c7f73a6","table":"killmonger_events_table","keyspace":"msku","timestamp":"2019-07-29T05:44:37.032Z","clusteringKeys":["6ccbd76c487c42e5b65dd274f51b72ea","updateVbIdSellingIdInventorySkipped/1","1564378274"],"changedColumns":["selling_id","fulfillment_node_id","event_type","update_at","stream_sequence_number","event_data"],"record":"{\"selling_id\":\"4c09146ec0f4466d8dfe88ab4c7f73a6\",\"fulfillment_node_id\":\"6ccbd76c487c42e5b65dd274f51b72ea\",\"event_type\":\"updateVbIdSellingIdInventorySkipped/1\",\"update_at\":1564378274,\"stream_sequence_number\":40,\"event_data\":\"{\\\"id\\\":\\\"068b972e19e8484a956ac4bc36ede26f\\\",\\\"vbId\\\":\\\"4c09146ec0f4466d8dfe88ab4c7f73a6\\\",\\\"sellingId\\\":\\\"4c09146ec0f4466d8dfe88ab4c7f73a6\\\",\\\"merchantId\\\":\\\"e43cf7756d0b4ba8a4e9046774656ce8\\\",\\\"skuId\\\":\\\"4c09146ec0f4466d8dfe88ab4c7f73a6\\\",\\\"f\\\":88,\\\"fnId\\\":\\\"6ccbd76c487c42e5b65dd274f51b72ea\\\",\\\"fnType\\\":\\\"wolverine\\\",\\\"by\\\":\\\"Vibranium\\\",\\\"at\\\":\\\"2019-07-29T05:31:14+00:00\\\",\\\"invUssn\\\":49,\\\"isInf\\\":false}\"}"}
{"id":"4415b9fc834241ee93325eb364b1f69c","table":"killmonger_events_table","keyspace":"msku","timestamp":"2019-07-29T05:45:02.455Z","clusteringKeys":["f659882a542b4e7e88a3cb659484e1e0","vbIdSellingIdInventoryUpdated/1","1564378342"],"changedColumns":["selling_id","fulfillment_node_id","event_type","update_at","stream_sequence_number","event_data"],"record":"{\"selling_id\":\"4415b9fc834241ee93325eb364b1f69c\",\"fulfillment_node_id\":\"f659882a542b4e7e88a3cb659484e1e0\",\"event_type\":\"vbIdSellingIdInventoryUpdated/1\",\"update_at\":1564378342,\"stream_sequence_number\":16,\"event_data\":\"{\\\"id\\\":\\\"584511ce627b4f49afe4197adce0e146\\\",\\\"vbId\\\":\\\"4415b9fc834241ee93325eb364b1f69c\\\",\\\"sellingId\\\":\\\"4415b9fc834241ee93325eb364b1f69c\\\",\\\"merchantId\\\":\\\"189988e37579478080938782f0af5b48\\\",\\\"skuId\\\":\\\"4415b9fc834241ee93325eb364b1f69c\\\",\\\"f\\\":40,\\\"fnId\\\":\\\"f659882a542b4e7e88a3cb659484e1e0\\\",\\\"fnType\\\":\\\"wolverine\\\",\\\"by\\\":\\\"Vibranium\\\",\\\"at\\\":\\\"2019-07-29T05:32:22+00:00\\\",\\\"invUssn\\\":15,\\\"isInf\\\":false,\\\"ifa\\\":true,\\\"martAvail\\\":[{\\\"martId\\\":\\\"21\\\",\\\"ia\\\":true}],\\\"clt\\\":\\\"JoJ\\\"}\"}"}
{"id":"b9920a4b7dc74d1a97f2a94b33350a08","table":"killmonger_events_table","keyspace":"msku","timestamp":"2019-07-29T05:44:37.034Z","clusteringKeys":["fb72b6f9c1e54625a551711f6ee72714","updateVbIdSellingIdInventorySkipped/1","1564375344"],"changedColumns":["selling_id","fulfillment_node_id","event_type","update_at","stream_sequence_number","event_data"],"record":"{\"selling_id\":\"b9920a4b7dc74d1a97f2a94b33350a08\",\"fulfillment_node_id\":\"fb72b6f9c1e54625a551711f6ee72714\",\"event_type\":\"updateVbIdSellingIdInventorySkipped/1\",\"update_at\":1564375344,\"stream_sequence_number\":41,\"event_data\":\"{\\\"id\\\":\\\"3f28d9501a8a4a9983f44e56c476707e\\\",\\\"vbId\\\":\\\"b9920a4b7dc74d1a97f2a94b33350a08\\\",\\\"sellingId\\\":\\\"b9920a4b7dc74d1a97f2a94b33350a08\\\",\\\"merchantId\\\":\\\"e43cf7756d0b4ba8a4e9046774656ce8\\\",\\\"skuId\\\":\\\"b9920a4b7dc74d1a97f2a94b33350a08\\\",\\\"f\\\":115,\\\"fnId\\\":\\\"fb72b6f9c1e54625a551711f6ee72714\\\",\\\"fnType\\\":\\\"wolverine\\\",\\\"by\\\":\\\"Vibranium\\\",\\\"at\\\":\\\"2019-07-29T04:42:24+00:00\\\",\\\"invUssn\\\":49,\\\"isInf\\\":false}\"}"}
{"id":"b9716f9e8cd74e4fb701167f90eff275","table":"killmonger_events_table","keyspace":"msku","timestamp":"2019-07-29T05:40:44.697Z","clusteringKeys":["d8c82725c2f44901bbee8db463c10582","updateVbIdSellingIdInventorySkipped/1","1564378329"],"changedColumns":["selling_id","fulfillment_node_id","event_type","update_at","stream_sequence_number","event_data"],"record":"{\"selling_id\":\"b9716f9e8cd74e4fb701167f90eff275\",\"fulfillment_node_id\":\"d8c82725c2f44901bbee8db463c10582\",\"event_type\":\"updateVbIdSellingIdInventorySkipped/1\",\"update_at\":1564378329,\"stream_sequence_number\":208,\"event_data\":\"{\\\"id\\\":\\\"f76d6e0e3e5241788b1e8034aaa3f922\\\",\\\"vbId\\\":\\\"b9716f9e8cd74e4fb701167f90eff275\\\",\\\"sellingId\\\":\\\"b9716f9e8cd74e4fb701167f90eff275\\\",\\\"merchantId\\\":\\\"01133ed0b8d64d11b1766d2295fa867b\\\",\\\"skuId\\\":\\\"b9716f9e8cd74e4fb701167f90eff275\\\",\\\"f\\\":10,\\\"fnId\\\":\\\"d8c82725c2f44901bbee8db463c10582\\\",\\\"fnType\\\":\\\"wolverine\\\",\\\"by\\\":\\\"Vibranium\\\",\\\"at\\\":\\\"2019-07-29T05:32:09+00:00\\\",\\\"invUssn\\\":245,\\\"isInf\\\":false}\"}"}
{"id":"d540649a7f594328af11bb0b90e2b4ef","table":"killmonger_events_table","keyspace":"msku","timestamp":"2019-07-29T05:40:44.698Z","clusteringKeys":["fb72b6f9c1e54625a551711f6ee72714","updateVbIdSellingIdInventorySkipped/1","1564375526"],"changedColumns":["selling_id","fulfillment_node_id","event_type","update_at","stream_sequence_number","event_data"],"record":"{\"selling_id\":\"d540649a7f594328af11bb0b90e2b4ef\",\"fulfillment_node_id\":\"fb72b6f9c1e54625a551711f6ee72714\",\"event_type\":\"updateVbIdSellingIdInventorySkipped/1\",\"update_at\":1564375526,\"stream_sequence_number\":38,\"event_data\":\"{\\\"id\\\":\\\"47014e56ef154516acf04fc2bfbcbd76\\\",\\\"vbId\\\":\\\"d540649a7f594328af11bb0b90e2b4ef\\\",\\\"sellingId\\\":\\\"d540649a7f594328af11bb0b90e2b4ef\\\",\\\"merchantId\\\":\\\"e43cf7756d0b4ba8a4e9046774656ce8\\\",\\\"skuId\\\":\\\"d540649a7f594328af11bb0b90e2b4ef\\\",\\\"f\\\":69,\\\"fnId\\\":\\\"fb72b6f9c1e54625a551711f6ee72714\\\",\\\"fnType\\\":\\\"wolverine\\\",\\\"by\\\":\\\"Vibranium\\\",\\\"at\\\":\\\"2019-07-29T04:45:26+00:00\\\",\\\"invUssn\\\":49,\\\"isInf\\\":false}\"}"}
{"id":"B50CE5C863774908A6AAC68C51066F3A","table":"killmonger_events_table","keyspace":"msku","timestamp":"2019-07-29T05:44:37.044Z","clusteringKeys":["6559","vbIdSellingIdInventoryUpdated/1","1564378912"],"changedColumns":["selling_id","fulfillment_node_id","event_type","update_at","stream_sequence_number","event_data"],"record":"{\"selling_id\":\"B50CE5C863774908A6AAC68C51066F3A\",\"fulfillment_node_id\":\"6559\",\"event_type\":\"vbIdSellingIdInventoryUpdated/1\",\"update_at\":1564378912,\"stream_sequence_number\":145,\"event_data\":\"{\\\"id\\\":\\\"48afb20d09bb4f21ab737a142b6de0e8\\\",\\\"vbId\\\":\\\"PantherMigrationVbId\\\",\\\"sellingId\\\":\\\"B50CE5C863774908A6AAC68C51066F3A\\\",\\\"merchantId\\\":\\\"9fc08905039048918982091f266c2a29\\\",\\\"skuId\\\":\\\"PantherMigrationSkuId\\\",\\\"f\\\":3,\\\"fnId\\\":\\\"6559\\\",\\\"by\\\":\\\"Killmonger.Migration.MapInWalmartInvUpdates\\\",\\\"at\\\":\\\"2019-07-29T05:41:52.823+00:00\\\",\\\"invUssn\\\":0,\\\"isInf\\\":false,\\\"ifa\\\":true,\\\"martAvail\\\":[{\\\"martId\\\":\\\"21\\\",\\\"ia\\\":true},{\\\"martId\\\":\\\"0\\\",\\\"ia\\\":true}],\\\"clt\\\":\\\"WoJ\\\"}\"}"}
{"id":"B50CE5C863774908A6AAC68C51066F3A","table":"killmonger_events_table","keyspace":"msku","timestamp":"2019-07-29T05:44:37.045Z","clusteringKeys":["6559","vbIdSellingIdInventoryUpdated/1","1564378912"],"changedColumns":["selling_id","fulfillment_node_id","event_type","update_at","stream_sequence_number","event_data"],"record":"{\"selling_id\":\"B50CE5C863774908A6AAC68C51066F3A\",\"fulfillment_node_id\":\"6559\",\"event_type\":\"vbIdSellingIdInventoryUpdated/1\",\"update_at\":1564378912,\"stream_sequence_number\":146,\"event_data\":\"{\\\"id\\\":\\\"48afb20d09bb4f21ab737a142b6de0e8\\\",\\\"vbId\\\":\\\"PantherMigrationVbId\\\",\\\"sellingId\\\":\\\"B50CE5C863774908A6AAC68C51066F3A\\\",\\\"merchantId\\\":\\\"9fc08905039048918982091f266c2a29\\\",\\\"skuId\\\":\\\"PantherMigrationSkuId\\\",\\\"f\\\":3,\\\"fnId\\\":\\\"6559\\\",\\\"by\\\":\\\"Killmonger.Migration.MapInWalmartInvUpdates\\\",\\\"at\\\":\\\"2019-07-29T05:41:52.823+00:00\\\",\\\"invUssn\\\":0,\\\"isInf\\\":false,\\\"ifa\\\":true,\\\"martAvail\\\":[{\\\"martId\\\":\\\"21\\\",\\\"ia\\\":true},{\\\"martId\\\":\\\"0\\\",\\\"ia\\\":true}],\\\"clt\\\":\\\"WoJ\\\"}\"}"}
{"id":"B50CE5C863774908A6AAC68C51066F3A","table":"killmonger_events_table","keyspace":"msku","timestamp":"2019-07-29T05:44:37.045Z","clusteringKeys":["6559","vbIdSellingIdInventoryUpdated/1","1564378912"],"changedColumns":["selling_id","fulfillment_node_id","event_type","update_at","stream_sequence_number","event_data"],"record":"{\"selling_id\":\"B50CE5C863774908A6AAC68C51066F3A\",\"fulfillment_node_id\":\"6559\",\"event_type\":\"vbIdSellingIdInventoryUpdated/1\",\"update_at\":1564378912,\"stream_sequence_number\":147,\"event_data\":\"{\\\"id\\\":\\\"48afb20d09bb4f21ab737a142b6de0e8\\\",\\\"vbId\\\":\\\"PantherMigrationVbId\\\",\\\"sellingId\\\":\\\"B50CE5C863774908A6AAC68C51066F3A\\\",\\\"merchantId\\\":\\\"9fc08905039048918982091f266c2a29\\\",\\\"skuId\\\":\\\"PantherMigrationSkuId\\\",\\\"f\\\":3,\\\"fnId\\\":\\\"6559\\\",\\\"by\\\":\\\"Killmonger.Migration.MapInWalmartInvUpdates\\\",\\\"at\\\":\\\"2019-07-29T05:41:52.823+00:00\\\",\\\"invUssn\\\":0,\\\"isInf\\\":false,\\\"ifa\\\":true,\\\"martAvail\\\":[{\\\"martId\\\":\\\"21\\\",\\\"ia\\\":true},{\\\"martId\\\":\\\"0\\\",\\\"ia\\\":true}],\\\"clt\\\":\\\"WoJ\\\"}\"}"}
{"id":"0427AA744CA943D5A9EDA0CE9D97C860","table":"killmonger_events_table","keyspace":"msku","timestamp":"2019-07-29T05:45:02.468Z","clusteringKeys":["4916","vbIdSellingIdInventoryUpdated/1","1564378912"],"changedColumns":["selling_id","fulfillment_node_id","event_type","update_at","stream_sequence_number","event_data"],"record":"{\"selling_id\":\"0427AA744CA943D5A9EDA0CE9D97C860\",\"fulfillment_node_id\":\"4916\",\"event_type\":\"vbIdSellingIdInventoryUpdated/1\",\"update_at\":1564378912,\"stream_sequence_number\":123,\"event_data\":\"{\\\"id\\\":\\\"3dce57ab63ff469b9b66e801ee8269f5\\\",\\\"vbId\\\":\\\"PantherMigrationVbId\\\",\\\"sellingId\\\":\\\"0427AA744CA943D5A9EDA0CE9D97C860\\\",\\\"merchantId\\\":\\\"9fc08905039048918982091f266c2a29\\\",\\\"skuId\\\":\\\"PantherMigrationSkuId\\\",\\\"f\\\":0,\\\"fnId\\\":\\\"4916\\\",\\\"by\\\":\\\"Killmonger.Migration.MapInWalmartInvUpdates\\\",\\\"at\\\":\\\"2019-07-29T05:41:52.061+00:00\\\",\\\"invUssn\\\":0,\\\"isInf\\\":false,\\\"ifa\\\":true,\\\"martAvail\\\":[{\\\"martId\\\":\\\"21\\\",\\\"ia\\\":true},{\\\"martId\\\":\\\"0\\\",\\\"ia\\\":true}],\\\"clt\\\":\\\"WoJ\\\"}\"}"}
{"id":"EF5AB80FF4784A1CA95DFC5A1A5A2481","table":"killmonger_events_table","keyspace":"msku","timestamp":"2019-07-29T05:45:03.520Z","clusteringKeys":["10000010085","vbIdSellingIdInventoryUpdated/1","1564375351"],"changedColumns":["selling_id","fulfillment_node_id","event_type","update_at","stream_sequence_number","event_data"],"record":"{\"selling_id\":\"EF5AB80FF4784A1CA95DFC5A1A5A2481\",\"fulfillment_node_id\":\"10000010085\",\"event_type\":\"vbIdSellingIdInventoryUpdated/1\",\"update_at\":1564375351,\"stream_sequence_number\":119,\"event_data\":\"{\\\"id\\\":\\\"8c5ab63afd034feca8e73f31274c5c73\\\",\\\"vbId\\\":\\\"STY-BT-EVE033-BL-022319-004-9779\\\",\\\"sellingId\\\":\\\"EF5AB80FF4784A1CA95DFC5A1A5A2481\\\",\\\"merchantId\\\":\\\"9779\\\",\\\"skuId\\\":\\\"STY-BT-EVE033-BL-022319-004\\\",\\\"f\\\":499,\\\"fnId\\\":\\\"10000010085\\\",\\\"fnType\\\":\\\"MARKETPLACE\\\",\\\"by\\\":\\\"Vibranium\\\",\\\"at\\\":\\\"2019-07-29T04:42:31+00:00\\\",\\\"invUssn\\\":101,\\\"catUssn\\\":0,\\\"isInf\\\":false,\\\"ifa\\\":true,\\\"martAvail\\\":[{\\\"martId\\\":\\\"0\\\",\\\"ia\\\":true}],\\\"clt\\\":\\\"WoW\\\"}\"}"}
{"id":"257EA14055324795843DCAAFB2AE83A7","table":"killmonger_events_table","keyspace":"msku","timestamp":"2019-07-29T05:40:44.709Z","clusteringKeys":["10000010346","vbIdSellingIdInventoryUpdated/1","1564375654"],"changedColumns":["selling_id","fulfillment_node_id","event_type","update_at","stream_sequence_number","event_data"],"record":"{\"selling_id\":\"257EA14055324795843DCAAFB2AE83A7\",\"fulfillment_node_id\":\"10000010346\",\"event_type\":\"vbIdSellingIdInventoryUpdated/1\",\"update_at\":1564375654,\"stream_sequence_number\":3613,\"event_data\":\"{\\\"id\\\":\\\"6a07ee5956684a6ea40cd7b36de26253\\\",\\\"vbId\\\":\\\"WAL-BER4-M-15-34/35-9994\\\",\\\"sellingId\\\":\\\"257EA14055324795843DCAAFB2AE83A7\\\",\\\"merchantId\\\":\\\"9994\\\",\\\"skuId\\\":\\\"WAL-BER4-M-15-34/35\\\",\\\"f\\\":10000,\\\"fnId\\\":\\\"10000010346\\\",\\\"fnType\\\":\\\"MARKETPLACE\\\",\\\"by\\\":\\\"Vibranium\\\",\\\"at\\\":\\\"2019-07-29T04:47:34+00:00\\\",\\\"invUssn\\\":3021,\\\"catUssn\\\":0,\\\"isInf\\\":false,\\\"ifa\\\":true,\\\"martAvail\\\":[{\\\"martId\\\":\\\"0\\\",\\\"ia\\\":true}],\\\"clt\\\":\\\"WoW\\\"}\"}"}
{"id":"b7547a959a20401bba246dd807469b51","table":"killmonger_events_table","keyspace":"msku","timestamp":"2019-07-29T05:45:03.521Z","clusteringKeys":["fb72b6f9c1e54625a551711f6ee72714","updateVbIdSellingIdInventorySkipped/1","1564375160"],"changedColumns":["selling_id","fulfillment_node_id","event_type","update_at","stream_sequence_number","event_data"],"record":"{\"selling_id\":\"b7547a959a20401bba246dd807469b51\",\"fulfillment_node_id\":\"fb72b6f9c1e54625a551711f6ee72714\",\"event_type\":\"updateVbIdSellingIdInventorySkipped/1\",\"update_at\":1564375160,\"stream_sequence_number\":55,\"event_data\":\"{\\\"id\\\":\\\"e973022b0e4944d798317fbe9d92514a\\\",\\\"vbId\\\":\\\"b7547a959a20401bba246dd807469b51\\\",\\\"sellingId\\\":\\\"b7547a959a20401bba246dd807469b51\\\",\\\"merchantId\\\":\\\"e43cf7756d0b4ba8a4e9046774656ce8\\\",\\\"skuId\\\":\\\"b7547a959a20401bba246dd807469b51\\\",\\\"f\\\":149,\\\"fnId\\\":\\\"fb72b6f9c1e54625a551711f6ee72714\\\",\\\"fnType\\\":\\\"wolverine\\\",\\\"by\\\":\\\"Vibranium\\\",\\\"at\\\":\\\"2019-07-29T04:39:20+00:00\\\",\\\"invUssn\\\":47,\\\"isInf\\\":false}\"}"}
{"id":"9435230C0F974B27936F0932329819B9","table":"killmonger_events_table","keyspace":"msku","timestamp":"2019-07-29T05:45:02.468Z","clusteringKeys":["2707","vbIdSellingIdInventoryUpdated/1","1564378910"],"changedColumns":["selling_id","fulfillment_node_id","event_type","update_at","stream_sequence_number","event_data"],"record":"{\"selling_id\":\"9435230C0F974B27936F0932329819B9\",\"fulfillment_node_id\":\"2707\",\"event_type\":\"vbIdSellingIdInventoryUpdated/1\",\"update_at\":1564378910,\"stream_sequence_number\":100,\"event_data\":\"{\\\"id\\\":\\\"8836485f2b6f4de8a8db6e09f9cc3388\\\",\\\"vbId\\\":\\\"PantherMigrationVbId\\\",\\\"sellingId\\\":\\\"9435230C0F974B27936F0932329819B9\\\",\\\"merchantId\\\":\\\"9fc08905039048918982091f266c2a29\\\",\\\"skuId\\\":\\\"PantherMigrationSkuId\\\",\\\"f\\\":0,\\\"fnId\\\":\\\"2707\\\",\\\"by\\\":\\\"Killmonger.Migration.MapInWalmartInvUpdates\\\",\\\"at\\\":\\\"2019-07-29T05:41:50.356+00:00\\\",\\\"invUssn\\\":0,\\\"isInf\\\":false,\\\"ifa\\\":true,\\\"martAvail\\\":[{\\\"martId\\\":\\\"21\\\",\\\"ia\\\":true},{\\\"martId\\\":\\\"0\\\",\\\"ia\\\":true}],\\\"clt\\\":\\\"WoJ\\\"}\"}"}
{"id":"F9CB32A4DDD842E894AA174FC936B38D","table":"killmonger_events_table","keyspace":"msku","timestamp":"2019-07-29T05:45:03.528Z","clusteringKeys":["77628","vbIdSellingIdInventoryUpdated/1","1564378907"],"changedColumns":["selling_id","fulfillment_node_id","event_type","update_at","stream_sequence_number","event_data"],"record":"{\"selling_id\":\"F9CB32A4DDD842E894AA174FC936B38D\",\"fulfillment_node_id\":\"77628\",\"event_type\":\"vbIdSellingIdInventoryUpdated/1\",\"update_at\":1564378907,\"stream_sequence_number\":132,\"event_data\":\"{\\\"id\\\":\\\"b1c1c335e0f24d678d49a59b416d42ed\\\",\\\"vbId\\\":\\\"PantherMigrationVbId\\\",\\\"sellingId\\\":\\\"F9CB32A4DDD842E894AA174FC936B38D\\\",\\\"merchantId\\\":\\\"9fc08905039048918982091f266c2a29\\\",\\\"skuId\\\":\\\"PantherMigrationSkuId\\\",\\\"f\\\":0,\\\"fnId\\\":\\\"77628\\\",\\\"by\\\":\\\"Killmonger.Migration.MapInWalmartInvUpdates\\\",\\\"at\\\":\\\"2019-07-29T05:41:47.982+00:00\\\",\\\"invUssn\\\":0,\\\"isInf\\\":false,\\\"ifa\\\":true,\\\"martAvail\\\":[{\\\"martId\\\":\\\"21\\\",\\\"ia\\\":true},{\\\"martId\\\":\\\"0\\\",\\\"ia\\\":true}],\\\"clt\\\":\\\"WoJ\\\"}\"}"}
{"id":"F9CB32A4DDD842E894AA174FC936B38D","table":"killmonger_events_table","keyspace":"msku","timestamp":"2019-07-29T05:45:03.528Z","clusteringKeys":["77628","vbIdSellingIdInventoryUpdated/1","1564378907"],"changedColumns":["selling_id","fulfillment_node_id","event_type","update_at","stream_sequence_number","event_data"],"record":"{\"selling_id\":\"F9CB32A4DDD842E894AA174FC936B38D\",\"fulfillment_node_id\":\"77628\",\"event_type\":\"vbIdSellingIdInventoryUpdated/1\",\"update_at\":1564378907,\"stream_sequence_number\":133,\"event_data\":\"{\\\"id\\\":\\\"b1c1c335e0f24d678d49a59b416d42ed\\\",\\\"vbId\\\":\\\"PantherMigrationVbId\\\",\\\"sellingId\\\":\\\"F9CB32A4DDD842E894AA174FC936B38D\\\",\\\"merchantId\\\":\\\"9fc08905039048918982091f266c2a29\\\",\\\"skuId\\\":\\\"PantherMigrationSkuId\\\",\\\"f\\\":0,\\\"fnId\\\":\\\"77628\\\",\\\"by\\\":\\\"Killmonger.Migration.MapInWalmartInvUpdates\\\",\\\"at\\\":\\\"2019-07-29T05:41:47.982+00:00\\\",\\\"invUssn\\\":0,\\\"isInf\\\":false,\\\"ifa\\\":true,\\\"martAvail\\\":[{\\\"martId\\\":\\\"21\\\",\\\"ia\\\":true},{\\\"martId\\\":\\\"0\\\",\\\"ia\\\":true}],\\\"clt\\\":\\\"WoJ\\\"}\"}"}
{"id":"320fac875ed349d892df89e8392a5592","table":"killmonger_events_table","keyspace":"msku","timestamp":"2019-07-29T05:45:03.528Z","clusteringKeys":["2bbd06e336eb4c8bbd8cbd7cdcb7c7f5","vbIdSellingIdInventoryUpdated/1","1564378321"],"changedColumns":["selling_id","fulfillment_node_id","event_type","update_at","stream_sequence_number","event_data"],"record":"{\"selling_id\":\"320fac875ed349d892df89e8392a5592\",\"fulfillment_node_id\":\"2bbd06e336eb4c8bbd8cbd7cdcb7c7f5\",\"event_type\":\"vbIdSellingIdInventoryUpdated/1\",\"update_at\":1564378321,\"stream_sequence_number\":5188,\"event_data\":\"{\\\"id\\\":\\\"3d1c96bbaa804a29805f52e0dc63f563\\\",\\\"vbId\\\":\\\"320fac875ed349d892df89e8392a5592\\\",\\\"sellingId\\\":\\\"320fac875ed349d892df89e8392a5592\\\",\\\"merchantId\\\":\\\"64aa889d8b2e4d5badef4d548cafc124\\\",\\\"skuId\\\":\\\"320fac875ed349d892df89e8392a5592\\\",\\\"f\\\":25,\\\"fnId\\\":\\\"2bbd06e336eb4c8bbd8cbd7cdcb7c7f5\\\",\\\"fnType\\\":\\\"wolverine\\\",\\\"by\\\":\\\"Vibranium\\\",\\\"at\\\":\\\"2019-07-29T05:32:01+00:00\\\",\\\"invUssn\\\":5970,\\\"isInf\\\":false,\\\"ifa\\\":true,\\\"martAvail\\\":[{\\\"martId\\\":\\\"21\\\",\\\"ia\\\":true}],\\\"clt\\\":\\\"JoJ\\\"}\"}"}
{"id":"80D937DB7BDA48FE8B60F3B7BAF51205","table":"killmonger_events_table","keyspace":"msku","timestamp":"2019-07-29T05:45:03.528Z","clusteringKeys":["10000002097","vbIdSellingIdInventoryUpdated/1","1564378298"],"changedColumns":["selling_id","fulfillment_node_id","event_type","update_at","stream_sequence_number","event_data"],"record":"{\"selling_id\":\"80D937DB7BDA48FE8B60F3B7BAF51205\",\"fulfillment_node_id\":\"10000002097\",\"event_type\":\"vbIdSellingIdInventoryUpdated/1\",\"update_at\":1564378298,\"stream_sequence_number\":11038,\"event_data\":\"{\\\"id\\\":\\\"4d0ed0a06f78407eb24a2aa45bfde3ea\\\",\\\"vbId\\\":\\\"KBSV-023 CAM-2016\\\",\\\"sellingId\\\":\\\"80D937DB7BDA48FE8B60F3B7BAF51205\\\",\\\"merchantId\\\":\\\"2016\\\",\\\"skuId\\\":\\\"KBSV-023 CAM\\\",\\\"f\\\":37,\\\"fnId\\\":\\\"10000002097\\\",\\\"fnType\\\":\\\"MARKETPLACE\\\",\\\"by\\\":\\\"Vibranium\\\",\\\"at\\\":\\\"2019-07-29T05:31:38+00:00\\\",\\\"invUssn\\\":9207,\\\"catUssn\\\":0,\\\"isInf\\\":false,\\\"ifa\\\":true,\\\"martAvail\\\":[{\\\"martId\\\":\\\"0\\\",\\\"ia\\\":true}],\\\"clt\\\":\\\"WoW\\\"}\"}"}
{"id":"7eacd35b80ee48cc9894ea16b290d77c","table":"killmonger_events_table","keyspace":"msku","timestamp":"2019-07-29T05:45:03.541Z","clusteringKeys":["fb72b6f9c1e54625a551711f6ee72714","vbIdSellingIdInventoryUpdated/1","1564378274"],"changedColumns":["selling_id","fulfillment_node_id","event_type","update_at","stream_sequence_number","event_data"],"record":"{\"selling_id\":\"7eacd35b80ee48cc9894ea16b290d77c\",\"fulfillment_node_id\":\"fb72b6f9c1e54625a551711f6ee72714\",\"event_type\":\"vbIdSellingIdInventoryUpdated/1\",\"update_at\":1564378274,\"stream_sequence_number\":41,\"event_data\":\"{\\\"id\\\":\\\"c0b8ef93de3b44e5a58f8d83b5b8d648\\\",\\\"vbId\\\":\\\"7eacd35b80ee48cc9894ea16b290d77c\\\",\\\"sellingId\\\":\\\"7eacd35b80ee48cc9894ea16b290d77c\\\",\\\"merchantId\\\":\\\"e43cf7756d0b4ba8a4e9046774656ce8\\\",\\\"skuId\\\":\\\"7eacd35b80ee48cc9894ea16b290d77c\\\",\\\"f\\\":70,\\\"fnId\\\":\\\"fb72b6f9c1e54625a551711f6ee72714\\\",\\\"fnType\\\":\\\"wolverine\\\",\\\"by\\\":\\\"Vibranium\\\",\\\"at\\\":\\\"2019-07-29T05:31:14+00:00\\\",\\\"invUssn\\\":50,\\\"isInf\\\":false,\\\"ifa\\\":true,\\\"martAvail\\\":[{\\\"martId\\\":\\\"21\\\",\\\"ia\\\":true}],\\\"clt\\\":\\\"JoJ\\\"}\"}"}
{"id":"7eacd35b80ee48cc9894ea16b290d77c","table":"killmonger_events_table","keyspace":"msku","timestamp":"2019-07-29T05:45:03.541Z","clusteringKeys":["fb72b6f9c1e54625a551711f6ee72714","updateVbIdSellingIdInventorySkipped/1","1564378274"],"changedColumns":["selling_id","fulfillment_node_id","event_type","update_at","stream_sequence_number","event_data"],"record":"{\"selling_id\":\"7eacd35b80ee48cc9894ea16b290d77c\",\"fulfillment_node_id\":\"fb72b6f9c1e54625a551711f6ee72714\",\"event_type\":\"updateVbIdSellingIdInventorySkipped/1\",\"update_at\":1564378274,\"stream_sequence_number\":42,\"event_data\":\"{\\\"id\\\":\\\"c0b8ef93de3b44e5a58f8d83b5b8d648\\\",\\\"vbId\\\":\\\"7eacd35b80ee48cc9894ea16b290d77c\\\",\\\"sellingId\\\":\\\"7eacd35b80ee48cc9894ea16b290d77c\\\",\\\"merchantId\\\":\\\"e43cf7756d0b4ba8a4e9046774656ce8\\\",\\\"skuId\\\":\\\"7eacd35b80ee48cc9894ea16b290d77c\\\",\\\"f\\\":70,\\\"fnId\\\":\\\"fb72b6f9c1e54625a551711f6ee72714\\\",\\\"fnType\\\":\\\"wolverine\\\",\\\"by\\\":\\\"Vibranium\\\",\\\"at\\\":\\\"2019-07-29T05:31:14+00:00\\\",\\\"invUssn\\\":50,\\\"isInf\\\":false}\"}"}
{"id":"503CEC31150C4FCFB57C89BAC1053F86","table":"killmonger_events_table","keyspace":"msku","timestamp":"2019-07-29T05:45:02.479Z","clusteringKeys":["6468","vbIdSellingIdInventoryUpdated/1","1564378913"],"changedColumns":["selling_id","fulfillment_node_id","event_type","update_at","stream_sequence_number","event_data"],"record":"{\"selling_id\":\"503CEC31150C4FCFB57C89BAC1053F86\",\"fulfillment_node_id\":\"6468\",\"event_type\":\"vbIdSellingIdInventoryUpdated/1\",\"update_at\":1564378913,\"stream_sequence_number\":137,\"event_data\":\"{\\\"id\\\":\\\"7891b208562741a3ac6390e3e395dcc2\\\",\\\"vbId\\\":\\\"PantherMigrationVbId\\\",\\\"sellingId\\\":\\\"503CEC31150C4FCFB57C89BAC1053F86\\\",\\\"merchantId\\\":\\\"9fc08905039048918982091f266c2a29\\\",\\\"skuId\\\":\\\"PantherMigrationSkuId\\\",\\\"f\\\":0,\\\"fnId\\\":\\\"6468\\\",\\\"by\\\":\\\"Killmonger.Migration.MapInWalmartInvUpdates\\\",\\\"at\\\":\\\"2019-07-29T05:41:53.551+00:00\\\",\\\"invUssn\\\":0,\\\"isInf\\\":false,\\\"ifa\\\":true,\\\"martAvail\\\":[{\\\"martId\\\":\\\"21\\\",\\\"ia\\\":true},{\\\"martId\\\":\\\"0\\\",\\\"ia\\\":true}],\\\"clt\\\":\\\"WoJ\\\"}\"}"}
{"id":"503CEC31150C4FCFB57C89BAC1053F86","table":"killmonger_events_table","keyspace":"msku","timestamp":"2019-07-29T05:45:02.480Z","clusteringKeys":["6468","vbIdSellingIdInventoryUpdated/1","1564378913"],"changedColumns":["selling_id","fulfillment_node_id","event_type","update_at","stream_sequence_number","event_data"],"record":"{\"selling_id\":\"503CEC31150C4FCFB57C89BAC1053F86\",\"fulfillment_node_id\":\"6468\",\"event_type\":\"vbIdSellingIdInventoryUpdated/1\",\"update_at\":1564378913,\"stream_sequence_number\":138,\"event_data\":\"{\\\"id\\\":\\\"7891b208562741a3ac6390e3e395dcc2\\\",\\\"vbId\\\":\\\"PantherMigrationVbId\\\",\\\"sellingId\\\":\\\"503CEC31150C4FCFB57C89BAC1053F86\\\",\\\"merchantId\\\":\\\"9fc08905039048918982091f266c2a29\\\",\\\"skuId\\\":\\\"PantherMigrationSkuId\\\",\\\"f\\\":0,\\\"fnId\\\":\\\"6468\\\",\\\"by\\\":\\\"Killmonger.Migration.MapInWalmartInvUpdates\\\",\\\"at\\\":\\\"2019-07-29T05:41:53.551+00:00\\\",\\\"invUssn\\\":0,\\\"isInf\\\":false,\\\"ifa\\\":true,\\\"martAvail\\\":[{\\\"martId\\\":\\\"21\\\",\\\"ia\\\":true},{\\\"martId\\\":\\\"0\\\",\\\"ia\\\":true}],\\\"clt\\\":\\\"WoJ\\\"}\"}"}
{"id":"b1dff067466d43cfbc62dfc53790c612","table":"killmonger_events_table","keyspace":"msku","timestamp":"2019-07-29T05:44:37.077Z","clusteringKeys":["f3d4b8ceabb74b178a7d2120deff996d","vbIdSellingIdInventoryUpdated/1","1564378185"],"changedColumns":["selling_id","fulfillment_node_id","event_type","update_at","stream_sequence_number","event_data"],"record":"{\"selling_id\":\"b1dff067466d43cfbc62dfc53790c612\",\"fulfillment_node_id\":\"f3d4b8ceabb74b178a7d2120deff996d\",\"event_type\":\"vbIdSellingIdInventoryUpdated/1\",\"update_at\":1564378185,\"stream_sequence_number\":239,\"event_data\":\"{\\\"id\\\":\\\"2d1c8810243c439babd45cc3647b593a\\\",\\\"vbId\\\":\\\"b1dff067466d43cfbc62dfc53790c612\\\",\\\"sellingId\\\":\\\"b1dff067466d43cfbc62dfc53790c612\\\",\\\"merchantId\\\":\\\"1b52e9263d164760a27ad9f07fec8abb\\\",\\\"skuId\\\":\\\"b1dff067466d43cfbc62dfc53790c612\\\",\\\"f\\\":5,\\\"fnId\\\":\\\"f3d4b8ceabb74b178a7d2120deff996d\\\",\\\"fnType\\\":\\\"wolverine\\\",\\\"by\\\":\\\"Vibranium\\\",\\\"at\\\":\\\"2019-07-29T05:29:45+00:00\\\",\\\"invUssn\\\":258,\\\"isInf\\\":false,\\\"ifa\\\":true,\\\"martAvail\\\":[{\\\"martId\\\":\\\"21\\\",\\\"ia\\\":true}],\\\"clt\\\":\\\"JoJ\\\"}\"}"}
{"id":"f79b911ca84e41819319748a235fca36","table":"killmonger_events_table","keyspace":"msku","timestamp":"2019-07-29T05:44:37.078Z","clusteringKeys":["6ccbd76c487c42e5b65dd274f51b72ea","vbIdSellingIdInventoryUpdated/1","1564378274"],"changedColumns":["selling_id","fulfillment_node_id","event_type","update_at","stream_sequence_number","event_data"],"record":"{\"selling_id\":\"f79b911ca84e41819319748a235fca36\",\"fulfillment_node_id\":\"6ccbd76c487c42e5b65dd274f51b72ea\",\"event_type\":\"vbIdSellingIdInventoryUpdated/1\",\"update_at\":1564378274,\"stream_sequence_number\":36,\"event_data\":\"{\\\"id\\\":\\\"b5e385e3dd4546e29fe105fbc7017e8f\\\",\\\"vbId\\\":\\\"f79b911ca84e41819319748a235fca36\\\",\\\"sellingId\\\":\\\"f79b911ca84e41819319748a235fca36\\\",\\\"merchantId\\\":\\\"e43cf7756d0b4ba8a4e9046774656ce8\\\",\\\"skuId\\\":\\\"f79b911ca84e41819319748a235fca36\\\",\\\"f\\\":118,\\\"fnId\\\":\\\"6ccbd76c487c42e5b65dd274f51b72ea\\\",\\\"fnType\\\":\\\"wolverine\\\",\\\"by\\\":\\\"Vibranium\\\",\\\"at\\\":\\\"2019-07-29T05:31:14+00:00\\\",\\\"invUssn\\\":50,\\\"isInf\\\":false,\\\"ifa\\\":true,\\\"martAvail\\\":[{\\\"martId\\\":\\\"21\\\",\\\"ia\\\":true}],\\\"clt\\\":\\\"JoJ\\\"}\"}"}
{"id":"f79b911ca84e41819319748a235fca36","table":"killmonger_events_table","keyspace":"msku","timestamp":"2019-07-29T05:44:37.078Z","clusteringKeys":["6ccbd76c487c42e5b65dd274f51b72ea","updateVbIdSellingIdInventorySkipped/1","1564378274"],"changedColumns":["selling_id","fulfillment_node_id","event_type","update_at","stream_sequence_number","event_data"],"record":"{\"selling_id\":\"f79b911ca84e41819319748a235fca36\",\"fulfillment_node_id\":\"6ccbd76c487c42e5b65dd274f51b72ea\",\"event_type\":\"updateVbIdSellingIdInventorySkipped/1\",\"update_at\":1564378274,\"stream_sequence_number\":37,\"event_data\":\"{\\\"id\\\":\\\"b5e385e3dd4546e29fe105fbc7017e8f\\\",\\\"vbId\\\":\\\"f79b911ca84e41819319748a235fca36\\\",\\\"sellingId\\\":\\\"f79b911ca84e41819319748a235fca36\\\",\\\"merchantId\\\":\\\"e43cf7756d0b4ba8a4e9046774656ce8\\\",\\\"skuId\\\":\\\"f79b911ca84e41819319748a235fca36\\\",\\\"f\\\":118,\\\"fnId\\\":\\\"6ccbd76c487c42e5b65dd274f51b72ea\\\",\\\"fnType\\\":\\\"wolverine\\\",\\\"by\\\":\\\"Vibranium\\\",\\\"at\\\":\\\"2019-07-29T05:31:14+00:00\\\",\\\"invUssn\\\":50,\\\"isInf\\\":false}\"}"}
{"id":"9A6375DF14F845FFACC8A5587901B732","table":"killmonger_events_table","keyspace":"msku","timestamp":"2019-07-29T05:44:37.079Z","clusteringKeys":["2698","vbIdSellingIdInventoryUpdated/1","1564378909"],"changedColumns":["selling_id","fulfillment_node_id","event_type","update_at","stream_sequence_number","event_data"],"record":"{\"selling_id\":\"9A6375DF14F845FFACC8A5587901B732\",\"fulfillment_node_id\":\"2698\",\"event_type\":\"vbIdSellingIdInventoryUpdated/1\",\"update_at\":1564378909,\"stream_sequence_number\":92,\"event_data\":\"{\\\"id\\\":\\\"5175e871aebd43dea14e13e43b5ea308\\\",\\\"vbId\\\":\\\"PantherMigrationVbId\\\",\\\"sellingId\\\":\\\"9A6375DF14F845FFACC8A5587901B732\\\",\\\"merchantId\\\":\\\"9fc08905039048918982091f266c2a29\\\",\\\"skuId\\\":\\\"PantherMigrationSkuId\\\",\\\"f\\\":0,\\\"fnId\\\":\\\"2698\\\",\\\"by\\\":\\\"Killmonger.Migration.MapInWalmartInvUpdates\\\",\\\"at\\\":\\\"2019-07-29T05:41:49.957+00:00\\\",\\\"invUssn\\\":0,\\\"isInf\\\":false,\\\"ifa\\\":true,\\\"martAvail\\\":[{\\\"martId\\\":\\\"21\\\",\\\"ia\\\":true},{\\\"martId\\\":\\\"0\\\",\\\"ia\\\":true}],\\\"clt\\\":\\\"WoJ\\\"}\"}"}
{"id":"9A6375DF14F845FFACC8A5587901B732","table":"killmonger_events_table","keyspace":"msku","timestamp":"2019-07-29T05:44:37.079Z","clusteringKeys":["2698","vbIdSellingIdInventoryUpdated/1","1564378909"],"changedColumns":["selling_id","fulfillment_node_id","event_type","update_at","stream_sequence_number","event_data"],"record":"{\"selling_id\":\"9A6375DF14F845FFACC8A5587901B732\",\"fulfillment_node_id\":\"2698\",\"event_type\":\"vbIdSellingIdInventoryUpdated/1\",\"update_at\":1564378909,\"stream_sequence_number\":93,\"event_data\":\"{\\\"id\\\":\\\"5175e871aebd43dea14e13e43b5ea308\\\",\\\"vbId\\\":\\\"PantherMigrationVbId\\\",\\\"sellingId\\\":\\\"9A6375DF14F845FFACC8A5587901B732\\\",\\\"merchantId\\\":\\\"9fc08905039048918982091f266c2a29\\\",\\\"skuId\\\":\\\"PantherMigrationSkuId\\\",\\\"f\\\":0,\\\"fnId\\\":\\\"2698\\\",\\\"by\\\":\\\"Killmonger.Migration.MapInWalmartInvUpdates\\\",\\\"at\\\":\\\"2019-07-29T05:41:49.957+00:00\\\",\\\"invUssn\\\":0,\\\"isInf\\\":false,\\\"ifa\\\":true,\\\"martAvail\\\":[{\\\"martId\\\":\\\"21\\\",\\\"ia\\\":true},{\\\"martId\\\":\\\"0\\\",\\\"ia\\\":true}],\\\"clt\\\":\\\"WoJ\\\"}\"}"}
{"id":"589D0A7FE20B40EABC6CE125C522518D","table":"killmonger_events_table","keyspace":"msku","timestamp":"2019-07-29T05:45:02.512Z","clusteringKeys":["10000000513","updateVbIdSellingIdInventorySkipped/1","1564375655"],"changedColumns":["selling_id","fulfillment_node_id","event_type","update_at","stream_sequence_number","event_data"],"record":"{\"selling_id\":\"589D0A7FE20B40EABC6CE125C522518D\",\"fulfillment_node_id\":\"10000000513\",\"event_type\":\"updateVbIdSellingIdInventorySkipped/1\",\"update_at\":1564375655,\"stream_sequence_number\":647,\"event_data\":\"{\\\"id\\\":\\\"45e04f969a2244108edad60240b09fec\\\",\\\"vbId\\\":\\\"KNIK5018GK2-596\\\",\\\"sellingId\\\":\\\"589D0A7FE20B40EABC6CE125C522518D\\\",\\\"merchantId\\\":\\\"596\\\",\\\"skuId\\\":\\\"KNIK5018GK2\\\",\\\"f\\\":1,\\\"fnId\\\":\\\"10000000513\\\",\\\"fnType\\\":\\\"MARKETPLACE\\\",\\\"by\\\":\\\"Vibranium\\\",\\\"at\\\":\\\"2019-07-29T04:47:35+00:00\\\",\\\"invUssn\\\":537,\\\"catUssn\\\":0,\\\"isInf\\\":false}\"}"}
{"id":"0050593DF0B9451185F8F70427527BC4","table":"killmonger_events_table","keyspace":"msku","timestamp":"2019-07-29T05:45:02.512Z","clusteringKeys":["4401","vbIdSellingIdInventoryUpdated/1","1564378907"],"changedColumns":["selling_id","fulfillment_node_id","event_type","update_at","stream_sequence_number","event_data"],"record":"{\"selling_id\":\"0050593DF0B9451185F8F70427527BC4\",\"fulfillment_node_id\":\"4401\",\"event_type\":\"vbIdSellingIdInventoryUpdated/1\",\"update_at\":1564378907,\"stream_sequence_number\":138,\"event_data\":\"{\\\"id\\\":\\\"ae0ac40a9ce9405b9e14f8639157a749\\\",\\\"vbId\\\":\\\"PantherMigrationVbId\\\",\\\"sellingId\\\":\\\"0050593DF0B9451185F8F70427527BC4\\\",\\\"merchantId\\\":\\\"9fc08905039048918982091f266c2a29\\\",\\\"skuId\\\":\\\"PantherMigrationSkuId\\\",\\\"f\\\":0,\\\"fnId\\\":\\\"4401\\\",\\\"by\\\":\\\"Killmonger.Migration.MapInWalmartInvUpdates\\\",\\\"at\\\":\\\"2019-07-29T05:41:47.948+00:00\\\",\\\"invUssn\\\":0,\\\"isInf\\\":false,\\\"ifa\\\":true,\\\"martAvail\\\":[{\\\"martId\\\":\\\"21\\\",\\\"ia\\\":true},{\\\"martId\\\":\\\"0\\\",\\\"ia\\\":true}],\\\"clt\\\":\\\"WoJ\\\"}\"}"}
{"id":"0050593DF0B9451185F8F70427527BC4","table":"killmonger_events_table","keyspace":"msku","timestamp":"2019-07-29T05:45:02.513Z","clusteringKeys":["4401","vbIdSellingIdInventoryUpdated/1","1564378907"],"changedColumns":["selling_id","fulfillment_node_id","event_type","update_at","stream_sequence_number","event_data"],"record":"{\"selling_id\":\"0050593DF0B9451185F8F70427527BC4\",\"fulfillment_node_id\":\"4401\",\"event_type\":\"vbIdSellingIdInventoryUpdated/1\",\"update_at\":1564378907,\"stream_sequence_number\":139,\"event_data\":\"{\\\"id\\\":\\\"ae0ac40a9ce9405b9e14f8639157a749\\\",\\\"vbId\\\":\\\"PantherMigrationVbId\\\",\\\"sellingId\\\":\\\"0050593DF0B9451185F8F70427527BC4\\\",\\\"merchantId\\\":\\\"9fc08905039048918982091f266c2a29\\\",\\\"skuId\\\":\\\"PantherMigrationSkuId\\\",\\\"f\\\":0,\\\"fnId\\\":\\\"4401\\\",\\\"by\\\":\\\"Killmonger.Migration.MapInWalmartInvUpdates\\\",\\\"at\\\":\\\"2019-07-29T05:41:47.948+00:00\\\",\\\"invUssn\\\":0,\\\"isInf\\\":false,\\\"ifa\\\":true,\\\"martAvail\\\":[{\\\"martId\\\":\\\"21\\\",\\\"ia\\\":true},{\\\"martId\\\":\\\"0\\\",\\\"ia\\\":true}],\\\"clt\\\":\\\"WoJ\\\"}\"}"}
{"id":"5B50B5319D024423BB6806854ED73722","table":"killmonger_events_table","keyspace":"msku","timestamp":"2019-07-29T05:44:37.096Z","clusteringKeys":["8302","vbIdSellingIdInventoryUpdated/1","1564378913"],"changedColumns":["selling_id","fulfillment_node_id","event_type","update_at","stream_sequence_number","event_data"],"record":"{\"selling_id\":\"5B50B5319D024423BB6806854ED73722\",\"fulfillment_node_id\":\"8302\",\"event_type\":\"vbIdSellingIdInventoryUpdated/1\",\"update_at\":1564378913,\"stream_sequence_number\":127,\"event_data\":\"{\\\"id\\\":\\\"80f2f7805316478c91c53d1431bfc7d0\\\",\\\"vbId\\\":\\\"PantherMigrationVbId\\\",\\\"sellingId\\\":\\\"5B50B5319D024423BB6806854ED73722\\\",\\\"merchantId\\\":\\\"9fc08905039048918982091f266c2a29\\\",\\\"skuId\\\":\\\"PantherMigrationSkuId\\\",\\\"f\\\":0,\\\"fnId\\\":\\\"8302\\\",\\\"by\\\":\\\"Killmonger.Migration.MapInWalmartInvUpdates\\\",\\\"at\\\":\\\"2019-07-29T05:41:53.463+00:00\\\",\\\"invUssn\\\":0,\\\"isInf\\\":false,\\\"ifa\\\":true,\\\"martAvail\\\":[{\\\"martId\\\":\\\"21\\\",\\\"ia\\\":true},{\\\"martId\\\":\\\"0\\\",\\\"ia\\\":true}],\\\"clt\\\":\\\"WoJ\\\"}\"}"}
{"id":"5B50B5319D024423BB6806854ED73722","table":"killmonger_events_table","keyspace":"msku","timestamp":"2019-07-29T05:44:37.096Z","clusteringKeys":["8302","vbIdSellingIdInventoryUpdated/1","1564378913"],"changedColumns":["selling_id","fulfillment_node_id","event_type","update_at","stream_sequence_number","event_data"],"record":"{\"selling_id\":\"5B50B5319D024423BB6806854ED73722\",\"fulfillment_node_id\":\"8302\",\"event_type\":\"vbIdSellingIdInventoryUpdated/1\",\"update_at\":1564378913,\"stream_sequence_number\":128,\"event_data\":\"{\\\"id\\\":\\\"80f2f7805316478c91c53d1431bfc7d0\\\",\\\"vbId\\\":\\\"PantherMigrationVbId\\\",\\\"sellingId\\\":\\\"5B50B5319D024423BB6806854ED73722\\\",\\\"merchantId\\\":\\\"9fc08905039048918982091f266c2a29\\\",\\\"skuId\\\":\\\"PantherMigrationSkuId\\\",\\\"f\\\":0,\\\"fnId\\\":\\\"8302\\\",\\\"by\\\":\\\"Killmonger.Migration.MapInWalmartInvUpdates\\\",\\\"at\\\":\\\"2019-07-29T05:41:53.463+00:00\\\",\\\"invUssn\\\":0,\\\"isInf\\\":false,\\\"ifa\\\":true,\\\"martAvail\\\":[{\\\"martId\\\":\\\"21\\\",\\\"ia\\\":true},{\\\"martId\\\":\\\"0\\\",\\\"ia\\\":true}],\\\"clt\\\":\\\"WoJ\\\"}\"}"}
{"id":"83A587838AFA4A5D95969059420FE4A4","table":"killmonger_events_table","keyspace":"msku","timestamp":"2019-07-29T05:40:44.609Z","clusteringKeys":["10000010085","vbIdSellingIdInventoryUpdated/1","1564375354"],"changedColumns":["selling_id","fulfillment_node_id","event_type","update_at","stream_sequence_number","event_data"],"record":"{\"selling_id\":\"83A587838AFA4A5D95969059420FE4A4\",\"fulfillment_node_id\":\"10000010085\",\"event_type\":\"vbIdSellingIdInventoryUpdated/1\",\"update_at\":1564375354,\"stream_sequence_number\":16,\"event_data\":\"{\\\"id\\\":\\\"a7be54f533ee48a28b1b3cc9d3671e65\\\",\\\"vbId\\\":\\\"STY-HF-M16-RD-101418-005-9779\\\",\\\"sellingId\\\":\\\"83A587838AFA4A5D95969059420FE4A4\\\",\\\"merchantId\\\":\\\"9779\\\",\\\"skuId\\\":\\\"STY-HF-M16-RD-101418-005\\\",\\\"f\\\":499,\\\"fnId\\\":\\\"10000010085\\\",\\\"fnType\\\":\\\"MARKETPLACE\\\",\\\"by\\\":\\\"Vibranium\\\",\\\"at\\\":\\\"2019-07-29T04:42:34+00:00\\\",\\\"invUssn\\\":11,\\\"catUssn\\\":0,\\\"isInf\\\":false,\\\"ifa\\\":true,\\\"martAvail\\\":[{\\\"martId\\\":\\\"0\\\",\\\"ia\\\":true}],\\\"clt\\\":\\\"WoW\\\"}\"}"}
{"id":"92c4709a33034e0981e5f9656522fb63","table":"killmonger_events_table","keyspace":"msku","timestamp":"2019-07-29T05:44:36.949Z","clusteringKeys":["d8c82725c2f44901bbee8db463c10582","vbIdSellingIdInventoryUpdated/1","1564378232"],"changedColumns":["selling_id","fulfillment_node_id","event_type","update_at","stream_sequence_number","event_data"],"record":"{\"selling_id\":\"92c4709a33034e0981e5f9656522fb63\",\"fulfillment_node_id\":\"d8c82725c2f44901bbee8db463c10582\",\"event_type\":\"vbIdSellingIdInventoryUpdated/1\",\"update_at\":1564378232,\"stream_sequence_number\":297,\"event_data\":\"{\\\"id\\\":\\\"6a74e457737442c788166272913b468b\\\",\\\"vbId\\\":\\\"92c4709a33034e0981e5f9656522fb63\\\",\\\"sellingId\\\":\\\"92c4709a33034e0981e5f9656522fb63\\\",\\\"merchantId\\\":\\\"01133ed0b8d64d11b1766d2295fa867b\\\",\\\"skuId\\\":\\\"92c4709a33034e0981e5f9656522fb63\\\",\\\"f\\\":23,\\\"fnId\\\":\\\"d8c82725c2f44901bbee8db463c10582\\\",\\\"fnType\\\":\\\"wolverine\\\",\\\"by\\\":\\\"Vibranium\\\",\\\"at\\\":\\\"2019-07-29T05:30:32+00:00\\\",\\\"invUssn\\\":340,\\\"isInf\\\":false,\\\"ifa\\\":true,\\\"martAvail\\\":[{\\\"martId\\\":\\\"21\\\",\\\"ia\\\":true}],\\\"clt\\\":\\\"JoJ\\\"}\"}"}
{"id":"92c4709a33034e0981e5f9656522fb63","table":"killmonger_events_table","keyspace":"msku","timestamp":"2019-07-29T05:44:36.949Z","clusteringKeys":["d8c82725c2f44901bbee8db463c10582","updateVbIdSellingIdInventorySkipped/1","1564378232"],"changedColumns":["selling_id","fulfillment_node_id","event_type","update_at","stream_sequence_number","event_data"],"record":"{\"selling_id\":\"92c4709a33034e0981e5f9656522fb63\",\"fulfillment_node_id\":\"d8c82725c2f44901bbee8db463c10582\",\"event_type\":\"updateVbIdSellingIdInventorySkipped/1\",\"update_at\":1564378232,\"stream_sequence_number\":298,\"event_data\":\"{\\\"id\\\":\\\"6a74e457737442c788166272913b468b\\\",\\\"vbId\\\":\\\"92c4709a33034e0981e5f9656522fb63\\\",\\\"sellingId\\\":\\\"92c4709a33034e0981e5f9656522fb63\\\",\\\"merchantId\\\":\\\"01133ed0b8d64d11b1766d2295fa867b\\\",\\\"skuId\\\":\\\"92c4709a33034e0981e5f9656522fb63\\\",\\\"f\\\":23,\\\"fnId\\\":\\\"d8c82725c2f44901bbee8db463c10582\\\",\\\"fnType\\\":\\\"wolverine\\\",\\\"by\\\":\\\"Vibranium\\\",\\\"at\\\":\\\"2019-07-29T05:30:32+00:00\\\",\\\"invUssn\\\":340,\\\"isInf\\\":false}\"}"}
{"id":"92c4709a33034e0981e5f9656522fb63","table":"killmonger_events_table","keyspace":"msku","timestamp":"2019-07-29T05:44:36.949Z","clusteringKeys":["d8c82725c2f44901bbee8db463c10582","updateVbIdSellingIdInventorySkipped/1","1564378232"],"changedColumns":["selling_id","fulfillment_node_id","event_type","update_at","stream_sequence_number","event_data"],"record":"{\"selling_id\":\"92c4709a33034e0981e5f9656522fb63\",\"fulfillment_node_id\":\"d8c82725c2f44901bbee8db463c10582\",\"event_type\":\"updateVbIdSellingIdInventorySkipped/1\",\"update_at\":1564378232,\"stream_sequence_number\":299,\"event_data\":\"{\\\"id\\\":\\\"6a74e457737442c788166272913b468b\\\",\\\"vbId\\\":\\\"92c4709a33034e0981e5f9656522fb63\\\",\\\"sellingId\\\":\\\"92c4709a33034e0981e5f9656522fb63\\\",\\\"merchantId\\\":\\\"01133ed0b8d64d11b1766d2295fa867b\\\",\\\"skuId\\\":\\\"92c4709a33034e0981e5f9656522fb63\\\",\\\"f\\\":23,\\\"fnId\\\":\\\"d8c82725c2f44901bbee8db463c10582\\\",\\\"fnType\\\":\\\"wolverine\\\",\\\"by\\\":\\\"Vibranium\\\",\\\"at\\\":\\\"2019-07-29T05:30:32+00:00\\\",\\\"invUssn\\\":340,\\\"isInf\\\":false}\"}"}
{"id":"53C82A7251384917AB4F5482878C2EAA","table":"killmonger_events_table","keyspace":"msku","timestamp":"2019-07-29T05:45:03.426Z","clusteringKeys":["77628","vbIdSellingIdInventoryUpdated/1","1564378907"],"changedColumns":["selling_id","fulfillment_node_id","event_type","update_at","stream_sequence_number","event_data"],"record":"{\"selling_id\":\"53C82A7251384917AB4F5482878C2EAA\",\"fulfillment_node_id\":\"77628\",\"event_type\":\"vbIdSellingIdInventoryUpdated/1\",\"update_at\":1564378907,\"stream_sequence_number\":134,\"event_data\":\"{\\\"id\\\":\\\"fb11c549c2d143ce9581916c8c15015d\\\",\\\"vbId\\\":\\\"PantherMigrationVbId\\\",\\\"sellingId\\\":\\\"53C82A7251384917AB4F5482878C2EAA\\\",\\\"merchantId\\\":\\\"9fc08905039048918982091f266c2a29\\\",\\\"skuId\\\":\\\"PantherMigrationSkuId\\\",\\\"f\\\":0,\\\"fnId\\\":\\\"77628\\\",\\\"by\\\":\\\"Killmonger.Migration.MapInWalmartInvUpdates\\\",\\\"at\\\":\\\"2019-07-29T05:41:47.726+00:00\\\",\\\"invUssn\\\":0,\\\"isInf\\\":false,\\\"ifa\\\":true,\\\"martAvail\\\":[{\\\"martId\\\":\\\"21\\\",\\\"ia\\\":true},{\\\"martId\\\":\\\"0\\\",\\\"ia\\\":true}],\\\"clt\\\":\\\"WoJ\\\"}\"}"}
{"id":"C27B9F0DAE8647E5929A7A68C8F2E2CF","table":"killmonger_events_table","keyspace":"msku","timestamp":"2019-07-29T05:45:02.365Z","clusteringKeys":["10000005151","vbIdSellingIdInventoryUpdated/1","1564378297"],"changedColumns":["selling_id","fulfillment_node_id","event_type","update_at","stream_sequence_number","event_data"],"record":"{\"selling_id\":\"C27B9F0DAE8647E5929A7A68C8F2E2CF\",\"fulfillment_node_id\":\"10000005151\",\"event_type\":\"vbIdSellingIdInventoryUpdated/1\",\"update_at\":1564378297,\"stream_sequence_number\":6143,\"event_data\":\"{\\\"id\\\":\\\"8f9a8b63282842438a599ee66fd50cdf\\\",\\\"vbId\\\":\\\"8152210210150-4891\\\",\\\"sellingId\\\":\\\"C27B9F0DAE8647E5929A7A68C8F2E2CF\\\",\\\"merchantId\\\":\\\"4891\\\",\\\"skuId\\\":\\\"8152210210150\\\",\\\"f\\\":3,\\\"fnId\\\":\\\"10000005151\\\",\\\"fnType\\\":\\\"MARKETPLACE\\\",\\\"by\\\":\\\"Vibranium\\\",\\\"at\\\":\\\"2019-07-29T05:31:37+00:00\\\",\\\"invUssn\\\":5022,\\\"catUssn\\\":1,\\\"isInf\\\":false,\\\"ifa\\\":true,\\\"martAvail\\\":[{\\\"martId\\\":\\\"0\\\",\\\"ia\\\":true}],\\\"clt\\\":\\\"WoW\\\"}\"}"}
{"id":"C27B9F0DAE8647E5929A7A68C8F2E2CF","table":"killmonger_events_table","keyspace":"msku","timestamp":"2019-07-29T05:45:02.366Z","clusteringKeys":["10000005151","updateVbIdSellingIdInventorySkipped/1","1564378297"],"changedColumns":["selling_id","fulfillment_node_id","event_type","update_at","stream_sequence_number","event_data"],"record":"{\"selling_id\":\"C27B9F0DAE8647E5929A7A68C8F2E2CF\",\"fulfillment_node_id\":\"10000005151\",\"event_type\":\"updateVbIdSellingIdInventorySkipped/1\",\"update_at\":1564378297,\"stream_sequence_number\":6144,\"event_data\":\"{\\\"id\\\":\\\"8f9a8b63282842438a599ee66fd50cdf\\\",\\\"vbId\\\":\\\"8152210210150-4891\\\",\\\"sellingId\\\":\\\"C27B9F0DAE8647E5929A7A68C8F2E2CF\\\",\\\"merchantId\\\":\\\"4891\\\",\\\"skuId\\\":\\\"8152210210150\\\",\\\"f\\\":3,\\\"fnId\\\":\\\"10000005151\\\",\\\"fnType\\\":\\\"MARKETPLACE\\\",\\\"by\\\":\\\"Vibranium\\\",\\\"at\\\":\\\"2019-07-29T05:31:37+00:00\\\",\\\"invUssn\\\":5022,\\\"catUssn\\\":1,\\\"isInf\\\":false}\"}"}
{"id":"69e06494735d45669b118260f54285cc","table":"killmonger_events_table","keyspace":"msku","timestamp":"2019-07-29T05:45:02.365Z","clusteringKeys":["fb72b6f9c1e54625a551711f6ee72714","vbIdSellingIdInventoryUpdated/1","1564374967"],"changedColumns":["selling_id","fulfillment_node_id","event_type","update_at","stream_sequence_number","event_data"],"record":"{\"selling_id\":\"69e06494735d45669b118260f54285cc\",\"fulfillment_node_id\":\"fb72b6f9c1e54625a551711f6ee72714\",\"event_type\":\"vbIdSellingIdInventoryUpdated/1\",\"update_at\":1564374967,\"stream_sequence_number\":41,\"event_data\":\"{\\\"id\\\":\\\"df7313a0db9c41df84a7fc70ea3cecb2\\\",\\\"vbId\\\":\\\"69e06494735d45669b118260f54285cc\\\",\\\"sellingId\\\":\\\"69e06494735d45669b118260f54285cc\\\",\\\"merchantId\\\":\\\"e43cf7756d0b4ba8a4e9046774656ce8\\\",\\\"skuId\\\":\\\"69e06494735d45669b118260f54285cc\\\",\\\"f\\\":76,\\\"fnId\\\":\\\"fb72b6f9c1e54625a551711f6ee72714\\\",\\\"fnType\\\":\\\"wolverine\\\",\\\"by\\\":\\\"Vibranium\\\",\\\"at\\\":\\\"2019-07-29T04:36:07+00:00\\\",\\\"invUssn\\\":50,\\\"isInf\\\":false,\\\"ifa\\\":true,\\\"martAvail\\\":[{\\\"martId\\\":\\\"21\\\",\\\"ia\\\":true}],\\\"clt\\\":\\\"JoJ\\\"}\"}"}
{"id":"fba0ddaf26824e3eb4135749dc525153","table":"killmonger_events_table","keyspace":"msku","timestamp":"2019-07-29T05:45:02.366Z","clusteringKeys":["fb72b6f9c1e54625a551711f6ee72714","updateVbIdSellingIdInventorySkipped/1","1564375160"],"changedColumns":["selling_id","fulfillment_node_id","event_type","update_at","stream_sequence_number","event_data"],"record":"{\"selling_id\":\"fba0ddaf26824e3eb4135749dc525153\",\"fulfillment_node_id\":\"fb72b6f9c1e54625a551711f6ee72714\",\"event_type\":\"updateVbIdSellingIdInventorySkipped/1\",\"update_at\":1564375160,\"stream_sequence_number\":42,\"event_data\":\"{\\\"id\\\":\\\"b42cdc49cc95452681d059dc6f33327b\\\",\\\"vbId\\\":\\\"fba0ddaf26824e3eb4135749dc525153\\\",\\\"sellingId\\\":\\\"fba0ddaf26824e3eb4135749dc525153\\\",\\\"merchantId\\\":\\\"e43cf7756d0b4ba8a4e9046774656ce8\\\",\\\"skuId\\\":\\\"fba0ddaf26824e3eb4135749dc525153\\\",\\\"f\\\":70,\\\"fnId\\\":\\\"fb72b6f9c1e54625a551711f6ee72714\\\",\\\"fnType\\\":\\\"wolverine\\\",\\\"by\\\":\\\"Vibranium\\\",\\\"at\\\":\\\"2019-07-29T04:39:20+00:00\\\",\\\"invUssn\\\":49,\\\"isInf\\\":false}\"}"}
{"id":"69e06494735d45669b118260f54285cc","table":"killmonger_events_table","keyspace":"msku","timestamp":"2019-07-29T05:45:02.366Z","clusteringKeys":["fb72b6f9c1e54625a551711f6ee72714","updateVbIdSellingIdInventorySkipped/1","1564374967"],"changedColumns":["selling_id","fulfillment_node_id","event_type","update_at","stream_sequence_number","event_data"],"record":"{\"selling_id\":\"69e06494735d45669b118260f54285cc\",\"fulfillment_node_id\":\"fb72b6f9c1e54625a551711f6ee72714\",\"event_type\":\"updateVbIdSellingIdInventorySkipped/1\",\"update_at\":1564374967,\"stream_sequence_number\":42,\"event_data\":\"{\\\"id\\\":\\\"e5db7de0b0844acc86313bcf24c252f4\\\",\\\"vbId\\\":\\\"69e06494735d45669b118260f54285cc\\\",\\\"sellingId\\\":\\\"69e06494735d45669b118260f54285cc\\\",\\\"merchantId\\\":\\\"e43cf7756d0b4ba8a4e9046774656ce8\\\",\\\"skuId\\\":\\\"69e06494735d45669b118260f54285cc\\\",\\\"f\\\":76,\\\"fnId\\\":\\\"fb72b6f9c1e54625a551711f6ee72714\\\",\\\"fnType\\\":\\\"wolverine\\\",\\\"by\\\":\\\"Vibranium\\\",\\\"at\\\":\\\"2019-07-29T04:36:07+00:00\\\",\\\"invUssn\\\":50,\\\"isInf\\\":false}\"}"}
{"id":"fba0ddaf26824e3eb4135749dc525153","table":"killmonger_events_table","keyspace":"msku","timestamp":"2019-07-29T05:45:02.367Z","clusteringKeys":["fb72b6f9c1e54625a551711f6ee72714","updateVbIdSellingIdInventorySkipped/1","1564375160"],"changedColumns":["selling_id","fulfillment_node_id","event_type","update_at","stream_sequence_number","event_data"],"record":"{\"selling_id\":\"fba0ddaf26824e3eb4135749dc525153\",\"fulfillment_node_id\":\"fb72b6f9c1e54625a551711f6ee72714\",\"event_type\":\"updateVbIdSellingIdInventorySkipped/1\",\"update_at\":1564375160,\"stream_sequence_number\":43,\"event_data\":\"{\\\"id\\\":\\\"8aed4f05e6c44e5db3fb8d88b7e5e878\\\",\\\"vbId\\\":\\\"fba0ddaf26824e3eb4135749dc525153\\\",\\\"sellingId\\\":\\\"fba0ddaf26824e3eb4135749dc525153\\\",\\\"merchantId\\\":\\\"e43cf7756d0b4ba8a4e9046774656ce8\\\",\\\"skuId\\\":\\\"fba0ddaf26824e3eb4135749dc525153\\\",\\\"f\\\":70,\\\"fnId\\\":\\\"fb72b6f9c1e54625a551711f6ee72714\\\",\\\"fnType\\\":\\\"wolverine\\\",\\\"by\\\":\\\"Vibranium\\\",\\\"at\\\":\\\"2019-07-29T04:39:20+00:00\\\",\\\"invUssn\\\":49,\\\"isInf\\\":false}\"}"}
{"id":"9A6FABE73A52483E81B9B7FFFE242EE9","table":"killmonger_events_table","keyspace":"msku","timestamp":"2019-07-29T05:45:02.368Z","clusteringKeys":["2738","vbIdSellingIdInventoryUpdated/1","1564375900"],"changedColumns":["selling_id","fulfillment_node_id","event_type","update_at","stream_sequence_number","event_data"],"record":"{\"selling_id\":\"9A6FABE73A52483E81B9B7FFFE242EE9\",\"fulfillment_node_id\":\"2738\",\"event_type\":\"vbIdSellingIdInventoryUpdated/1\",\"update_at\":1564375900,\"stream_sequence_number\":136,\"event_data\":\"{\\\"id\\\":\\\"6a910d9ebeef4a0ab6d9d20462124ef1\\\",\\\"vbId\\\":\\\"PantherMigrationVbId\\\",\\\"sellingId\\\":\\\"9A6FABE73A52483E81B9B7FFFE242EE9\\\",\\\"merchantId\\\":\\\"9fc08905039048918982091f266c2a29\\\",\\\"skuId\\\":\\\"PantherMigrationSkuId\\\",\\\"f\\\":0,\\\"fnId\\\":\\\"2738\\\",\\\"by\\\":\\\"Killmonger.Migration.MapInWalmartInvUpdates\\\",\\\"at\\\":\\\"2019-07-29T04:51:40.161+00:00\\\",\\\"invUssn\\\":0,\\\"isInf\\\":false,\\\"ifa\\\":true,\\\"martAvail\\\":[{\\\"martId\\\":\\\"21\\\",\\\"ia\\\":true},{\\\"martId\\\":\\\"0\\\",\\\"ia\\\":true}],\\\"clt\\\":\\\"WoJ\\\"}\"}"}
{"id":"ebeb2b9c25a24d1483388846afb30396","table":"killmonger_events_table","keyspace":"msku","timestamp":"2019-07-29T05:45:02.369Z","clusteringKeys":["fb72b6f9c1e54625a551711f6ee72714","vbIdSellingIdInventoryUpdated/1","1564378075"],"changedColumns":["selling_id","fulfillment_node_id","event_type","update_at","stream_sequence_number","event_data"],"record":"{\"selling_id\":\"ebeb2b9c25a24d1483388846afb30396\",\"fulfillment_node_id\":\"fb72b6f9c1e54625a551711f6ee72714\",\"event_type\":\"vbIdSellingIdInventoryUpdated/1\",\"update_at\":1564378075,\"stream_sequence_number\":42,\"event_data\":\"{\\\"id\\\":\\\"409f187ec2d04d3eb4cdf98808b00c6c\\\",\\\"vbId\\\":\\\"ebeb2b9c25a24d1483388846afb30396\\\",\\\"sellingId\\\":\\\"ebeb2b9c25a24d1483388846afb30396\\\",\\\"merchantId\\\":\\\"e43cf7756d0b4ba8a4e9046774656ce8\\\",\\\"skuId\\\":\\\"ebeb2b9c25a24d1483388846afb30396\\\",\\\"f\\\":102,\\\"fnId\\\":\\\"fb72b6f9c1e54625a551711f6ee72714\\\",\\\"fnType\\\":\\\"wolverine\\\",\\\"by\\\":\\\"Vibranium\\\",\\\"at\\\":\\\"2019-07-29T05:27:55+00:00\\\",\\\"invUssn\\\":50,\\\"isInf\\\":false,\\\"ifa\\\":true,\\\"martAvail\\\":[{\\\"martId\\\":\\\"21\\\",\\\"ia\\\":true}],\\\"clt\\\":\\\"JoJ\\\"}\"}"}
{"id":"E97917925D19452187418EA321D92AF2","table":"killmonger_events_table","keyspace":"msku","timestamp":"2019-07-29T05:45:03.431Z","clusteringKeys":["77628","vbIdSellingIdInventoryUpdated/1","1564375585"],"changedColumns":["selling_id","fulfillment_node_id","event_type","update_at","stream_sequence_number","event_data"],"record":"{\"selling_id\":\"E97917925D19452187418EA321D92AF2\",\"fulfillment_node_id\":\"77628\",\"event_type\":\"vbIdSellingIdInventoryUpdated/1\",\"update_at\":1564375585,\"stream_sequence_number\":181,\"event_data\":\"{\\\"id\\\":\\\"146514f40b7b4bd098a64d91fa9ccac5\\\",\\\"vbId\\\":\\\"PantherMigrationVbId\\\",\\\"sellingId\\\":\\\"E97917925D19452187418EA321D92AF2\\\",\\\"merchantId\\\":\\\"9fc08905039048918982091f266c2a29\\\",\\\"skuId\\\":\\\"PantherMigrationSkuId\\\",\\\"f\\\":0,\\\"fnId\\\":\\\"77628\\\",\\\"by\\\":\\\"Killmonger.Migration.MapInWalmartInvUpdates\\\",\\\"at\\\":\\\"2019-07-29T04:46:25.496+00:00\\\",\\\"invUssn\\\":0,\\\"isInf\\\":false,\\\"ifa\\\":true,\\\"martAvail\\\":[{\\\"martId\\\":\\\"21\\\",\\\"ia\\\":true},{\\\"martId\\\":\\\"0\\\",\\\"ia\\\":true}],\\\"clt\\\":\\\"WoJ\\\"}\"}"}
{"id":"0E6F789A947E478EA218F963430908FC","table":"killmonger_events_table","keyspace":"msku","timestamp":"2019-07-29T05:45:02.374Z","clusteringKeys":["8556","vbIdSellingIdInventoryUpdated/1","1564378912"],"changedColumns":["selling_id","fulfillment_node_id","event_type","update_at","stream_sequence_number","event_data"],"record":"{\"selling_id\":\"0E6F789A947E478EA218F963430908FC\",\"fulfillment_node_id\":\"8556\",\"event_type\":\"vbIdSellingIdInventoryUpdated/1\",\"update_at\":1564378912,\"stream_sequence_number\":124,\"event_data\":\"{\\\"id\\\":\\\"5e21563ab1864f21ad67100e7409fc54\\\",\\\"vbId\\\":\\\"PantherMigrationVbId\\\",\\\"sellingId\\\":\\\"0E6F789A947E478EA218F963430908FC\\\",\\\"merchantId\\\":\\\"9fc08905039048918982091f266c2a29\\\",\\\"skuId\\\":\\\"PantherMigrationSkuId\\\",\\\"f\\\":0,\\\"fnId\\\":\\\"8556\\\",\\\"by\\\":\\\"Killmonger.Migration.MapInWalmartInvUpdates\\\",\\\"at\\\":\\\"2019-07-29T05:41:52.203+00:00\\\",\\\"invUssn\\\":0,\\\"isInf\\\":false,\\\"ifa\\\":true,\\\"martAvail\\\":[{\\\"martId\\\":\\\"21\\\",\\\"ia\\\":true},{\\\"martId\\\":\\\"0\\\",\\\"ia\\\":true}],\\\"clt\\\":\\\"WoJ\\\"}\"}"}
{"id":"84fdcee40517497a97afca2ce05bad99","table":"killmonger_events_table","keyspace":"msku","timestamp":"2019-07-29T05:44:36.970Z","clusteringKeys":["6ccbd76c487c42e5b65dd274f51b72ea","vbIdSellingIdInventoryUpdated/1","1564378274"],"changedColumns":["selling_id","fulfillment_node_id","event_type","update_at","stream_sequence_number","event_data"],"record":"{\"selling_id\":\"84fdcee40517497a97afca2ce05bad99\",\"fulfillment_node_id\":\"6ccbd76c487c42e5b65dd274f51b72ea\",\"event_type\":\"vbIdSellingIdInventoryUpdated/1\",\"update_at\":1564378274,\"stream_sequence_number\":60,\"event_data\":\"{\\\"id\\\":\\\"1285549f6c3148929750a18d4bb8e4fb\\\",\\\"vbId\\\":\\\"84fdcee40517497a97afca2ce05bad99\\\",\\\"sellingId\\\":\\\"84fdcee40517497a97afca2ce05bad99\\\",\\\"merchantId\\\":\\\"e43cf7756d0b4ba8a4e9046774656ce8\\\",\\\"skuId\\\":\\\"84fdcee40517497a97afca2ce05bad99\\\",\\\"f\\\":72,\\\"fnId\\\":\\\"6ccbd76c487c42e5b65dd274f51b72ea\\\",\\\"fnType\\\":\\\"wolverine\\\",\\\"by\\\":\\\"Vibranium\\\",\\\"at\\\":\\\"2019-07-29T05:31:14+00:00\\\",\\\"invUssn\\\":53,\\\"isInf\\\":false,\\\"ifa\\\":true,\\\"martAvail\\\":[{\\\"martId\\\":\\\"21\\\",\\\"ia\\\":true}],\\\"clt\\\":\\\"JoJ\\\"}\"}"}
{"id":"0F1FCE6E55194CA0A16D4DD1E08B3ED3","table":"killmonger_events_table","keyspace":"msku","timestamp":"2019-07-29T05:44:36.970Z","clusteringKeys":["8089","vbIdSellingIdInventoryUpdated/1","1564378913"],"changedColumns":["selling_id","fulfillment_node_id","event_type","update_at","stream_sequence_number","event_data"],"record":"{\"selling_id\":\"0F1FCE6E55194CA0A16D4DD1E08B3ED3\",\"fulfillment_node_id\":\"8089\",\"event_type\":\"vbIdSellingIdInventoryUpdated/1\",\"update_at\":1564378913,\"stream_sequence_number\":135,\"event_data\":\"{\\\"id\\\":\\\"2f67d638f06645758f1b46d4ee213ba2\\\",\\\"vbId\\\":\\\"PantherMigrationVbId\\\",\\\"sellingId\\\":\\\"0F1FCE6E55194CA0A16D4DD1E08B3ED3\\\",\\\"merchantId\\\":\\\"9fc08905039048918982091f266c2a29\\\",\\\"skuId\\\":\\\"PantherMigrationSkuId\\\",\\\"f\\\":0,\\\"fnId\\\":\\\"8089\\\",\\\"by\\\":\\\"Killmonger.Migration.MapInWalmartInvUpdates\\\",\\\"at\\\":\\\"2019-07-29T05:41:53.266+00:00\\\",\\\"invUssn\\\":0,\\\"isInf\\\":false,\\\"ifa\\\":true,\\\"martAvail\\\":[{\\\"martId\\\":\\\"21\\\",\\\"ia\\\":true},{\\\"martId\\\":\\\"0\\\",\\\"ia\\\":true}],\\\"clt\\\":\\\"WoJ\\\"}\"}"}
{"id":"34d854f8ec194b01992261cf89cc4bb2","table":"killmonger_events_table","keyspace":"msku","timestamp":"2019-07-29T05:45:03.438Z","clusteringKeys":["1ad6147479b841849d63874b2a9e6552","updateVbIdSellingIdInventorySkipped/1","1564378021"],"changedColumns":["selling_id","fulfillment_node_id","event_type","update_at","stream_sequence_number","event_data"],"record":"{\"selling_id\":\"34d854f8ec194b01992261cf89cc4bb2\",\"fulfillment_node_id\":\"1ad6147479b841849d63874b2a9e6552\",\"event_type\":\"updateVbIdSellingIdInventorySkipped/1\",\"update_at\":1564378021,\"stream_sequence_number\":4356,\"event_data\":\"{\\\"id\\\":\\\"1438690fad2d41bd898702b02b3b52b1\\\",\\\"vbId\\\":\\\"34d854f8ec194b01992261cf89cc4bb2\\\",\\\"sellingId\\\":\\\"34d854f8ec194b01992261cf89cc4bb2\\\",\\\"merchantId\\\":\\\"a1cd8976329a41ae85739f65376fc756\\\",\\\"skuId\\\":\\\"34d854f8ec194b01992261cf89cc4bb2\\\",\\\"f\\\":88,\\\"fnId\\\":\\\"1ad6147479b841849d63874b2a9e6552\\\",\\\"fnType\\\":\\\"wolverine\\\",\\\"by\\\":\\\"Vibranium\\\",\\\"at\\\":\\\"2019-07-29T05:27:01+00:00\\\",\\\"invUssn\\\":5437,\\\"isInf\\\":false}\"}"}
{"id":"bc5f0be32ba64b49b22189a9177c5975","table":"killmonger_events_table","keyspace":"msku","timestamp":"2019-07-29T05:45:02.389Z","clusteringKeys":["3cbcc7e28aac4f6fb0a8cde4e85483c0","updateVbIdSellingIdInventorySkipped/1","1564375774"],"changedColumns":["selling_id","fulfillment_node_id","event_type","update_at","stream_sequence_number","event_data"],"record":"{\"selling_id\":\"bc5f0be32ba64b49b22189a9177c5975\",\"fulfillment_node_id\":\"3cbcc7e28aac4f6fb0a8cde4e85483c0\",\"event_type\":\"updateVbIdSellingIdInventorySkipped/1\",\"update_at\":1564375774,\"stream_sequence_number\":92,\"event_data\":\"{\\\"id\\\":\\\"819573d51e4041139e3ebb6a6355adef\\\",\\\"vbId\\\":\\\"bc5f0be32ba64b49b22189a9177c5975\\\",\\\"sellingId\\\":\\\"bc5f0be32ba64b49b22189a9177c5975\\\",\\\"merchantId\\\":\\\"7eaf70709bf149f890dc3a845871dab4\\\",\\\"skuId\\\":\\\"bc5f0be32ba64b49b22189a9177c5975\\\",\\\"f\\\":559,\\\"fnId\\\":\\\"3cbcc7e28aac4f6fb0a8cde4e85483c0\\\",\\\"fnType\\\":\\\"wolverine\\\",\\\"by\\\":\\\"Vibranium\\\",\\\"at\\\":\\\"2019-07-29T04:49:34+00:00\\\",\\\"invUssn\\\":73,\\\"isInf\\\":false}\"}"}
{"id":"8B58D86466924CBCB707B33698B69322","table":"killmonger_events_table","keyspace":"msku","timestamp":"2019-07-29T05:40:44.628Z","clusteringKeys":["10000004443","updateVbIdSellingIdInventorySkipped/1","1564375177"],"changedColumns":["selling_id","fulfillment_node_id","event_type","update_at","stream_sequence_number","event_data"],"record":"{\"selling_id\":\"8B58D86466924CBCB707B33698B69322\",\"fulfillment_node_id\":\"10000004443\",\"event_type\":\"updateVbIdSellingIdInventorySkipped/1\",\"update_at\":1564375177,\"stream_sequence_number\":441,\"event_data\":\"{\\\"id\\\":\\\"df264d09561a41898dcecc16889150ab\\\",\\\"vbId\\\":\\\"BKT04X32X36FST04RWR-4165\\\",\\\"sellingId\\\":\\\"8B58D86466924CBCB707B33698B69322\\\",\\\"merchantId\\\":\\\"4165\\\",\\\"skuId\\\":\\\"BKT04X32X36FST04RWR\\\",\\\"f\\\":9999,\\\"fnId\\\":\\\"10000004443\\\",\\\"fnType\\\":\\\"MARKETPLACE\\\",\\\"by\\\":\\\"Vibranium\\\",\\\"at\\\":\\\"2019-07-29T04:39:37+00:00\\\",\\\"invUssn\\\":385,\\\"catUssn\\\":0,\\\"isInf\\\":false}\"}"}
{"id":"A2BAB190B1194DF794D37FDD67FA059B","table":"killmonger_events_table","keyspace":"msku","timestamp":"2019-07-29T05:45:02.389Z","clusteringKeys":["5926","vbIdSellingIdInventoryUpdated/1","1564378908"],"changedColumns":["selling_id","fulfillment_node_id","event_type","update_at","stream_sequence_number","event_data"],"record":"{\"selling_id\":\"A2BAB190B1194DF794D37FDD67FA059B\",\"fulfillment_node_id\":\"5926\",\"event_type\":\"vbIdSellingIdInventoryUpdated/1\",\"update_at\":1564378908,\"stream_sequence_number\":123,\"event_data\":\"{\\\"id\\\":\\\"0c99b99483e641b39513982b634d1d5b\\\",\\\"vbId\\\":\\\"PantherMigrationVbId\\\",\\\"sellingId\\\":\\\"A2BAB190B1194DF794D37FDD67FA059B\\\",\\\"merchantId\\\":\\\"9fc08905039048918982091f266c2a29\\\",\\\"skuId\\\":\\\"PantherMigrationSkuId\\\",\\\"f\\\":0,\\\"fnId\\\":\\\"5926\\\",\\\"by\\\":\\\"Killmonger.Migration.MapInWalmartInvUpdates\\\",\\\"at\\\":\\\"2019-07-29T05:41:48.534+00:00\\\",\\\"invUssn\\\":0,\\\"isInf\\\":false,\\\"ifa\\\":true,\\\"martAvail\\\":[{\\\"martId\\\":\\\"21\\\",\\\"ia\\\":true},{\\\"martId\\\":\\\"0\\\",\\\"ia\\\":true}],\\\"clt\\\":\\\"WoJ\\\"}\"}"}
{"id":"81860fb721514454be3211d7d7403010","table":"killmonger_events_table","keyspace":"msku","timestamp":"2019-07-29T05:45:03.449Z","clusteringKeys":["fb72b6f9c1e54625a551711f6ee72714","vbIdSellingIdInventoryUpdated/1","1564378274"],"changedColumns":["selling_id","fulfillment_node_id","event_type","update_at","stream_sequence_number","event_data"],"record":"{\"selling_id\":\"81860fb721514454be3211d7d7403010\",\"fulfillment_node_id\":\"fb72b6f9c1e54625a551711f6ee72714\",\"event_type\":\"vbIdSellingIdInventoryUpdated/1\",\"update_at\":1564378274,\"stream_sequence_number\":39,\"event_data\":\"{\\\"id\\\":\\\"26502388a3d8482a87613e296f4e5d85\\\",\\\"vbId\\\":\\\"81860fb721514454be3211d7d7403010\\\",\\\"sellingId\\\":\\\"81860fb721514454be3211d7d7403010\\\",\\\"merchantId\\\":\\\"e43cf7756d0b4ba8a4e9046774656ce8\\\",\\\"skuId\\\":\\\"81860fb721514454be3211d7d7403010\\\",\\\"f\\\":102,\\\"fnId\\\":\\\"fb72b6f9c1e54625a551711f6ee72714\\\",\\\"fnType\\\":\\\"wolverine\\\",\\\"by\\\":\\\"Vibranium\\\",\\\"at\\\":\\\"2019-07-29T05:31:14+00:00\\\",\\\"invUssn\\\":51,\\\"isInf\\\":false,\\\"ifa\\\":true,\\\"martAvail\\\":[{\\\"martId\\\":\\\"21\\\",\\\"ia\\\":true}],\\\"clt\\\":\\\"JoJ\\\"}\"}"}
{"id":"81860fb721514454be3211d7d7403010","table":"killmonger_events_table","keyspace":"msku","timestamp":"2019-07-29T05:45:03.449Z","clusteringKeys":["fb72b6f9c1e54625a551711f6ee72714","updateVbIdSellingIdInventorySkipped/1","1564378274"],"changedColumns":["selling_id","fulfillment_node_id","event_type","update_at","stream_sequence_number","event_data"],"record":"{\"selling_id\":\"81860fb721514454be3211d7d7403010\",\"fulfillment_node_id\":\"fb72b6f9c1e54625a551711f6ee72714\",\"event_type\":\"updateVbIdSellingIdInventorySkipped/1\",\"update_at\":1564378274,\"stream_sequence_number\":40,\"event_data\":\"{\\\"id\\\":\\\"26502388a3d8482a87613e296f4e5d85\\\",\\\"vbId\\\":\\\"81860fb721514454be3211d7d7403010\\\",\\\"sellingId\\\":\\\"81860fb721514454be3211d7d7403010\\\",\\\"merchantId\\\":\\\"e43cf7756d0b4ba8a4e9046774656ce8\\\",\\\"skuId\\\":\\\"81860fb721514454be3211d7d7403010\\\",\\\"f\\\":102,\\\"fnId\\\":\\\"fb72b6f9c1e54625a551711f6ee72714\\\",\\\"fnType\\\":\\\"wolverine\\\",\\\"by\\\":\\\"Vibranium\\\",\\\"at\\\":\\\"2019-07-29T05:31:14+00:00\\\",\\\"invUssn\\\":51,\\\"isInf\\\":false}\"}"}
{"id":"1F04CBF7C5C04ADC9322FF5A335A16DA","table":"killmonger_events_table","keyspace":"msku","timestamp":"2019-07-29T05:44:36.980Z","clusteringKeys":["8302","vbIdSellingIdInventoryUpdated/1","1564378912"],"changedColumns":["selling_id","fulfillment_node_id","event_type","update_at","stream_sequence_number","event_data"],"record":"{\"selling_id\":\"1F04CBF7C5C04ADC9322FF5A335A16DA\",\"fulfillment_node_id\":\"8302\",\"event_type\":\"vbIdSellingIdInventoryUpdated/1\",\"update_at\":1564378912,\"stream_sequence_number\":132,\"event_data\":\"{\\\"id\\\":\\\"fa7a29d7730b4436a262ecf1372676da\\\",\\\"vbId\\\":\\\"PantherMigrationVbId\\\",\\\"sellingId\\\":\\\"1F04CBF7C5C04ADC9322FF5A335A16DA\\\",\\\"merchantId\\\":\\\"9fc08905039048918982091f266c2a29\\\",\\\"skuId\\\":\\\"PantherMigrationSkuId\\\",\\\"f\\\":0,\\\"fnId\\\":\\\"8302\\\",\\\"by\\\":\\\"Killmonger.Migration.MapInWalmartInvUpdates\\\",\\\"at\\\":\\\"2019-07-29T05:41:52.67+00:00\\\",\\\"invUssn\\\":0,\\\"isInf\\\":false,\\\"ifa\\\":true,\\\"martAvail\\\":[{\\\"martId\\\":\\\"21\\\",\\\"ia\\\":true},{\\\"martId\\\":\\\"0\\\",\\\"ia\\\":true}],\\\"clt\\\":\\\"WoJ\\\"}\"}"}
{"id":"1F04CBF7C5C04ADC9322FF5A335A16DA","table":"killmonger_events_table","keyspace":"msku","timestamp":"2019-07-29T05:44:36.980Z","clusteringKeys":["8302","vbIdSellingIdInventoryUpdated/1","1564378912"],"changedColumns":["selling_id","fulfillment_node_id","event_type","update_at","stream_sequence_number","event_data"],"record":"{\"selling_id\":\"1F04CBF7C5C04ADC9322FF5A335A16DA\",\"fulfillment_node_id\":\"8302\",\"event_type\":\"vbIdSellingIdInventoryUpdated/1\",\"update_at\":1564378912,\"stream_sequence_number\":133,\"event_data\":\"{\\\"id\\\":\\\"fa7a29d7730b4436a262ecf1372676da\\\",\\\"vbId\\\":\\\"PantherMigrationVbId\\\",\\\"sellingId\\\":\\\"1F04CBF7C5C04ADC9322FF5A335A16DA\\\",\\\"merchantId\\\":\\\"9fc08905039048918982091f266c2a29\\\",\\\"skuId\\\":\\\"PantherMigrationSkuId\\\",\\\"f\\\":0,\\\"fnId\\\":\\\"8302\\\",\\\"by\\\":\\\"Killmonger.Migration.MapInWalmartInvUpdates\\\",\\\"at\\\":\\\"2019-07-29T05:41:52.67+00:00\\\",\\\"invUssn\\\":0,\\\"isInf\\\":false,\\\"ifa\\\":true,\\\"martAvail\\\":[{\\\"martId\\\":\\\"21\\\",\\\"ia\\\":true},{\\\"martId\\\":\\\"0\\\",\\\"ia\\\":true}],\\\"clt\\\":\\\"WoJ\\\"}\"}"}
{"id":"88ac9eaa47114ffca79ed63ff588518a","table":"killmonger_events_table","keyspace":"msku","timestamp":"2019-07-29T05:45:02.397Z","clusteringKeys":["d8c82725c2f44901bbee8db463c10582","vbIdSellingIdInventoryUpdated/1","1564378132"],"changedColumns":["selling_id","fulfillment_node_id","event_type","update_at","stream_sequence_number","event_data"],"record":"{\"selling_id\":\"88ac9eaa47114ffca79ed63ff588518a\",\"fulfillment_node_id\":\"d8c82725c2f44901bbee8db463c10582\",\"event_type\":\"vbIdSellingIdInventoryUpdated/1\",\"update_at\":1564378132,\"stream_sequence_number\":222,\"event_data\":\"{\\\"id\\\":\\\"a66185b075154559ad2613c43de433ec\\\",\\\"vbId\\\":\\\"88ac9eaa47114ffca79ed63ff588518a\\\",\\\"sellingId\\\":\\\"88ac9eaa47114ffca79ed63ff588518a\\\",\\\"merchantId\\\":\\\"01133ed0b8d64d11b1766d2295fa867b\\\",\\\"skuId\\\":\\\"88ac9eaa47114ffca79ed63ff588518a\\\",\\\"f\\\":495,\\\"fnId\\\":\\\"d8c82725c2f44901bbee8db463c10582\\\",\\\"fnType\\\":\\\"wolverine\\\",\\\"by\\\":\\\"Vibranium\\\",\\\"at\\\":\\\"2019-07-29T05:28:52+00:00\\\",\\\"invUssn\\\":246,\\\"isInf\\\":false,\\\"ifa\\\":true,\\\"martAvail\\\":[{\\\"martId\\\":\\\"21\\\",\\\"ia\\\":true}],\\\"clt\\\":\\\"JoJ\\\"}\"}"}
{"id":"bac42fa3a9fa4d308344f8b1d4faee79","table":"killmonger_events_table","keyspace":"msku","timestamp":"2019-07-29T05:40:44.642Z","clusteringKeys":["0a633d9fe80f4a45b6fdf372a649be0c","vbIdSellingIdInventoryUpdated/1","1564378274"],"changedColumns":["selling_id","fulfillment_node_id","event_type","update_at","stream_sequence_number","event_data"],"record":"{\"selling_id\":\"bac42fa3a9fa4d308344f8b1d4faee79\",\"fulfillment_node_id\":\"0a633d9fe80f4a45b6fdf372a649be0c\",\"event_type\":\"vbIdSellingIdInventoryUpdated/1\",\"update_at\":1564378274,\"stream_sequence_number\":44,\"event_data\":\"{\\\"id\\\":\\\"0f17b4ffa6e14fd996020dd365835614\\\",\\\"vbId\\\":\\\"bac42fa3a9fa4d308344f8b1d4faee79\\\",\\\"sellingId\\\":\\\"bac42fa3a9fa4d308344f8b1d4faee79\\\",\\\"merchantId\\\":\\\"e43cf7756d0b4ba8a4e9046774656ce8\\\",\\\"skuId\\\":\\\"bac42fa3a9fa4d308344f8b1d4faee79\\\",\\\"f\\\":79,\\\"fnId\\\":\\\"0a633d9fe80f4a45b6fdf372a649be0c\\\",\\\"fnType\\\":\\\"wolverine\\\",\\\"by\\\":\\\"Vibranium\\\",\\\"at\\\":\\\"2019-07-29T05:31:14+00:00\\\",\\\"invUssn\\\":52,\\\"isInf\\\":false,\\\"ifa\\\":true,\\\"martAvail\\\":[{\\\"martId\\\":\\\"21\\\",\\\"ia\\\":true}],\\\"clt\\\":\\\"JoJ\\\"}\"}"}
{"id":"6388d107edd7494f9c4c0d6f944397a4","table":"killmonger_events_table","keyspace":"msku","timestamp":"2019-07-29T05:45:02.403Z","clusteringKeys":["6ccbd76c487c42e5b65dd274f51b72ea","vbIdSellingIdInventoryUpdated/1","1564378479"],"changedColumns":["selling_id","fulfillment_node_id","event_type","update_at","stream_sequence_number","event_data"],"record":"{\"selling_id\":\"6388d107edd7494f9c4c0d6f944397a4\",\"fulfillment_node_id\":\"6ccbd76c487c42e5b65dd274f51b72ea\",\"event_type\":\"vbIdSellingIdInventoryUpdated/1\",\"update_at\":1564378479,\"stream_sequence_number\":48,\"event_data\":\"{\\\"id\\\":\\\"857eccd6d37e4ffdbf1e093fea1b3ec2\\\",\\\"vbId\\\":\\\"6388d107edd7494f9c4c0d6f944397a4\\\",\\\"sellingId\\\":\\\"6388d107edd7494f9c4c0d6f944397a4\\\",\\\"merchantId\\\":\\\"e43cf7756d0b4ba8a4e9046774656ce8\\\",\\\"skuId\\\":\\\"6388d107edd7494f9c4c0d6f944397a4\\\",\\\"f\\\":106,\\\"fnId\\\":\\\"6ccbd76c487c42e5b65dd274f51b72ea\\\",\\\"fnType\\\":\\\"wolverine\\\",\\\"by\\\":\\\"Vibranium\\\",\\\"at\\\":\\\"2019-07-29T05:34:39+00:00\\\",\\\"invUssn\\\":49,\\\"isInf\\\":false,\\\"ifa\\\":true,\\\"martAvail\\\":[{\\\"martId\\\":\\\"21\\\",\\\"ia\\\":true}],\\\"clt\\\":\\\"JoJ\\\"}\"}"}
{"id":"D099B3CA28EE4A6594688458084B8475","table":"killmonger_events_table","keyspace":"msku","timestamp":"2019-07-29T05:45:03.459Z","clusteringKeys":["2750","vbIdSellingIdInventoryUpdated/1","1564378910"],"changedColumns":["selling_id","fulfillment_node_id","event_type","update_at","stream_sequence_number","event_data"],"record":"{\"selling_id\":\"D099B3CA28EE4A6594688458084B8475\",\"fulfillment_node_id\":\"2750\",\"event_type\":\"vbIdSellingIdInventoryUpdated/1\",\"update_at\":1564378910,\"stream_sequence_number\":97,\"event_data\":\"{\\\"id\\\":\\\"868bdc7f626f48839a791161093f17e7\\\",\\\"vbId\\\":\\\"PantherMigrationVbId\\\",\\\"sellingId\\\":\\\"D099B3CA28EE4A6594688458084B8475\\\",\\\"merchantId\\\":\\\"9fc08905039048918982091f266c2a29\\\",\\\"skuId\\\":\\\"PantherMigrationSkuId\\\",\\\"f\\\":0,\\\"fnId\\\":\\\"2750\\\",\\\"by\\\":\\\"Killmonger.Migration.MapInWalmartInvUpdates\\\",\\\"at\\\":\\\"2019-07-29T05:41:50.949+00:00\\\",\\\"invUssn\\\":0,\\\"isInf\\\":false,\\\"ifa\\\":true,\\\"martAvail\\\":[{\\\"martId\\\":\\\"21\\\",\\\"ia\\\":true},{\\\"martId\\\":\\\"0\\\",\\\"ia\\\":true}],\\\"clt\\\":\\\"WoJ\\\"}\"}"}
{"id":"D099B3CA28EE4A6594688458084B8475","table":"killmonger_events_table","keyspace":"msku","timestamp":"2019-07-29T05:45:03.460Z","clusteringKeys":["2750","vbIdSellingIdInventoryUpdated/1","1564378910"],"changedColumns":["selling_id","fulfillment_node_id","event_type","update_at","stream_sequence_number","event_data"],"record":"{\"selling_id\":\"D099B3CA28EE4A6594688458084B8475\",\"fulfillment_node_id\":\"2750\",\"event_type\":\"vbIdSellingIdInventoryUpdated/1\",\"update_at\":1564378910,\"stream_sequence_number\":98,\"event_data\":\"{\\\"id\\\":\\\"868bdc7f626f48839a791161093f17e7\\\",\\\"vbId\\\":\\\"PantherMigrationVbId\\\",\\\"sellingId\\\":\\\"D099B3CA28EE4A6594688458084B8475\\\",\\\"merchantId\\\":\\\"9fc08905039048918982091f266c2a29\\\",\\\"skuId\\\":\\\"PantherMigrationSkuId\\\",\\\"f\\\":0,\\\"fnId\\\":\\\"2750\\\",\\\"by\\\":\\\"Killmonger.Migration.MapInWalmartInvUpdates\\\",\\\"at\\\":\\\"2019-07-29T05:41:50.949+00:00\\\",\\\"invUssn\\\":0,\\\"isInf\\\":false,\\\"ifa\\\":true,\\\"martAvail\\\":[{\\\"martId\\\":\\\"21\\\",\\\"ia\\\":true},{\\\"martId\\\":\\\"0\\\",\\\"ia\\\":true}],\\\"clt\\\":\\\"WoJ\\\"}\"}"}
{"id":"937ad8c174a54ee2be0554cd352e0562","table":"killmonger_events_table","keyspace":"msku","timestamp":"2019-07-29T05:40:44.648Z","clusteringKeys":["fb72b6f9c1e54625a551711f6ee72714","vbIdSellingIdInventoryUpdated/1","1564378075"],"changedColumns":["selling_id","fulfillment_node_id","event_type","update_at","stream_sequence_number","event_data"],"record":"{\"selling_id\":\"937ad8c174a54ee2be0554cd352e0562\",\"fulfillment_node_id\":\"fb72b6f9c1e54625a551711f6ee72714\",\"event_type\":\"vbIdSellingIdInventoryUpdated/1\",\"update_at\":1564378075,\"stream_sequence_number\":36,\"event_data\":\"{\\\"id\\\":\\\"b26cda752deb42ba883ed368d0cffde7\\\",\\\"vbId\\\":\\\"937ad8c174a54ee2be0554cd352e0562\\\",\\\"sellingId\\\":\\\"937ad8c174a54ee2be0554cd352e0562\\\",\\\"merchantId\\\":\\\"e43cf7756d0b4ba8a4e9046774656ce8\\\",\\\"skuId\\\":\\\"937ad8c174a54ee2be0554cd352e0562\\\",\\\"f\\\":87,\\\"fnId\\\":\\\"fb72b6f9c1e54625a551711f6ee72714\\\",\\\"fnType\\\":\\\"wolverine\\\",\\\"by\\\":\\\"Vibranium\\\",\\\"at\\\":\\\"2019-07-29T05:27:55+00:00\\\",\\\"invUssn\\\":47,\\\"isInf\\\":false,\\\"ifa\\\":true,\\\"martAvail\\\":[{\\\"martId\\\":\\\"21\\\",\\\"ia\\\":true}],\\\"clt\\\":\\\"JoJ\\\"}\"}"}
{"id":"937ad8c174a54ee2be0554cd352e0562","table":"killmonger_events_table","keyspace":"msku","timestamp":"2019-07-29T05:40:44.648Z","clusteringKeys":["fb72b6f9c1e54625a551711f6ee72714","updateVbIdSellingIdInventorySkipped/1","1564378075"],"changedColumns":["selling_id","fulfillment_node_id","event_type","update_at","stream_sequence_number","event_data"],"record":"{\"selling_id\":\"937ad8c174a54ee2be0554cd352e0562\",\"fulfillment_node_id\":\"fb72b6f9c1e54625a551711f6ee72714\",\"event_type\":\"updateVbIdSellingIdInventorySkipped/1\",\"update_at\":1564378075,\"stream_sequence_number\":37,\"event_data\":\"{\\\"id\\\":\\\"b26cda752deb42ba883ed368d0cffde7\\\",\\\"vbId\\\":\\\"937ad8c174a54ee2be0554cd352e0562\\\",\\\"sellingId\\\":\\\"937ad8c174a54ee2be0554cd352e0562\\\",\\\"merchantId\\\":\\\"e43cf7756d0b4ba8a4e9046774656ce8\\\",\\\"skuId\\\":\\\"937ad8c174a54ee2be0554cd352e0562\\\",\\\"f\\\":87,\\\"fnId\\\":\\\"fb72b6f9c1e54625a551711f6ee72714\\\",\\\"fnType\\\":\\\"wolverine\\\",\\\"by\\\":\\\"Vibranium\\\",\\\"at\\\":\\\"2019-07-29T05:27:55+00:00\\\",\\\"invUssn\\\":47,\\\"isInf\\\":false}\"}"}
{"id":"5067bd6ce62444d6842a58ddd153a281","table":"killmonger_events_table","keyspace":"msku","timestamp":"2019-07-29T05:45:02.409Z","clusteringKeys":["fb72b6f9c1e54625a551711f6ee72714","vbIdSellingIdInventoryUpdated/1","1564378274"],"changedColumns":["selling_id","fulfillment_node_id","event_type","update_at","stream_sequence_number","event_data"],"record":"{\"selling_id\":\"5067bd6ce62444d6842a58ddd153a281\",\"fulfillment_node_id\":\"fb72b6f9c1e54625a551711f6ee72714\",\"event_type\":\"vbIdSellingIdInventoryUpdated/1\",\"update_at\":1564378274,\"stream_sequence_number\":39,\"event_data\":\"{\\\"id\\\":\\\"e76f2cf6ddc049309e36339d77e413fe\\\",\\\"vbId\\\":\\\"5067bd6ce62444d6842a58ddd153a281\\\",\\\"sellingId\\\":\\\"5067bd6ce62444d6842a58ddd153a281\\\",\\\"merchantId\\\":\\\"e43cf7756d0b4ba8a4e9046774656ce8\\\",\\\"skuId\\\":\\\"5067bd6ce62444d6842a58ddd153a281\\\",\\\"f\\\":97,\\\"fnId\\\":\\\"fb72b6f9c1e54625a551711f6ee72714\\\",\\\"fnType\\\":\\\"wolverine\\\",\\\"by\\\":\\\"Vibranium\\\",\\\"at\\\":\\\"2019-07-29T05:31:14+00:00\\\",\\\"invUssn\\\":50,\\\"isInf\\\":false,\\\"ifa\\\":true,\\\"martAvail\\\":[{\\\"martId\\\":\\\"21\\\",\\\"ia\\\":true}],\\\"clt\\\":\\\"JoJ\\\"}\"}"}
{"id":"5067bd6ce62444d6842a58ddd153a281","table":"killmonger_events_table","keyspace":"msku","timestamp":"2019-07-29T05:45:02.409Z","clusteringKeys":["fb72b6f9c1e54625a551711f6ee72714","updateVbIdSellingIdInventorySkipped/1","1564378274"],"changedColumns":["selling_id","fulfillment_node_id","event_type","update_at","stream_sequence_number","event_data"],"record":"{\"selling_id\":\"5067bd6ce62444d6842a58ddd153a281\",\"fulfillment_node_id\":\"fb72b6f9c1e54625a551711f6ee72714\",\"event_type\":\"updateVbIdSellingIdInventorySkipped/1\",\"update_at\":1564378274,\"stream_sequence_number\":40,\"event_data\":\"{\\\"id\\\":\\\"e76f2cf6ddc049309e36339d77e413fe\\\",\\\"vbId\\\":\\\"5067bd6ce62444d6842a58ddd153a281\\\",\\\"sellingId\\\":\\\"5067bd6ce62444d6842a58ddd153a281\\\",\\\"merchantId\\\":\\\"e43cf7756d0b4ba8a4e9046774656ce8\\\",\\\"skuId\\\":\\\"5067bd6ce62444d6842a58ddd153a281\\\",\\\"f\\\":97,\\\"fnId\\\":\\\"fb72b6f9c1e54625a551711f6ee72714\\\",\\\"fnType\\\":\\\"wolverine\\\",\\\"by\\\":\\\"Vibranium\\\",\\\"at\\\":\\\"2019-07-29T05:31:14+00:00\\\",\\\"invUssn\\\":50,\\\"isInf\\\":false}\"}"}
{"id":"95212a7e04c440ae8240fab714c41622","table":"killmonger_events_table","keyspace":"msku","timestamp":"2019-07-29T05:45:03.463Z","clusteringKeys":["7cde8dac2caf4417a5ee49b2a66f317b","updateVbIdSellingIdInventorySkipped/1","1564378015"],"changedColumns":["selling_id","fulfillment_node_id","event_type","update_at","stream_sequence_number","event_data"],"record":"{\"selling_id\":\"95212a7e04c440ae8240fab714c41622\",\"fulfillment_node_id\":\"7cde8dac2caf4417a5ee49b2a66f317b\",\"event_type\":\"updateVbIdSellingIdInventorySkipped/1\",\"update_at\":1564378015,\"stream_sequence_number\":190,\"event_data\":\"{\\\"id\\\":\\\"53982b8bad04481ca2225f71606f12a3\\\",\\\"vbId\\\":\\\"95212a7e04c440ae8240fab714c41622\\\",\\\"sellingId\\\":\\\"95212a7e04c440ae8240fab714c41622\\\",\\\"merchantId\\\":\\\"14de3c53f945451c9b39010be7d18874\\\",\\\"skuId\\\":\\\"95212a7e04c440ae8240fab714c41622\\\",\\\"f\\\":1,\\\"fnId\\\":\\\"7cde8dac2caf4417a5ee49b2a66f317b\\\",\\\"fnType\\\":\\\"wolverine\\\",\\\"by\\\":\\\"Vibranium\\\",\\\"at\\\":\\\"2019-07-29T05:26:55+00:00\\\",\\\"invUssn\\\":218,\\\"isInf\\\":false}\"}"}
{"id":"FFFF70F794354630AC67EF64C36A5ACD","table":"killmonger_events_table","keyspace":"msku","timestamp":"2019-07-29T05:44:36.992Z","clusteringKeys":["10000018794","updateVbIdSellingIdInventorySkipped/1","1564378252"],"changedColumns":["selling_id","fulfillment_node_id","event_type","update_at","stream_sequence_number","event_data"],"record":"{\"selling_id\":\"FFFF70F794354630AC67EF64C36A5ACD\",\"fulfillment_node_id\":\"10000018794\",\"event_type\":\"updateVbIdSellingIdInventorySkipped/1\",\"update_at\":1564378252,\"stream_sequence_number\":1747,\"event_data\":\"{\\\"id\\\":\\\"f16401c0f1974fab8c5b54cde8a9038b\\\",\\\"vbId\\\":\\\"9100-PACIFIC-BLACK-L-17872\\\",\\\"sellingId\\\":\\\"FFFF70F794354630AC67EF64C36A5ACD\\\",\\\"merchantId\\\":\\\"17872\\\",\\\"skuId\\\":\\\"9100-PACIFIC-BLACK-L\\\",\\\"f\\\":24,\\\"fnId\\\":\\\"10000018794\\\",\\\"fnType\\\":\\\"MARKETPLACE\\\",\\\"by\\\":\\\"Vibranium\\\",\\\"at\\\":\\\"2019-07-29T05:30:52+00:00\\\",\\\"invUssn\\\":1501,\\\"catUssn\\\":1,\\\"isInf\\\":false}\"}"}
{"id":"FFFF70F794354630AC67EF64C36A5ACD","table":"killmonger_events_table","keyspace":"msku","timestamp":"2019-07-29T05:44:36.992Z","clusteringKeys":["10000018794","updateVbIdSellingIdInventorySkipped/1","1564378252"],"changedColumns":["selling_id","fulfillment_node_id","event_type","update_at","stream_sequence_number","event_data"],"record":"{\"selling_id\":\"FFFF70F794354630AC67EF64C36A5ACD\",\"fulfillment_node_id\":\"10000018794\",\"event_type\":\"updateVbIdSellingIdInventorySkipped/1\",\"update_at\":1564378252,\"stream_sequence_number\":1748,\"event_data\":\"{\\\"id\\\":\\\"f16401c0f1974fab8c5b54cde8a9038b\\\",\\\"vbId\\\":\\\"9100-PACIFIC-BLACK-L-17872\\\",\\\"sellingId\\\":\\\"FFFF70F794354630AC67EF64C36A5ACD\\\",\\\"merchantId\\\":\\\"17872\\\",\\\"skuId\\\":\\\"9100-PACIFIC-BLACK-L\\\",\\\"f\\\":24,\\\"fnId\\\":\\\"10000018794\\\",\\\"fnType\\\":\\\"MARKETPLACE\\\",\\\"by\\\":\\\"Vibranium\\\",\\\"at\\\":\\\"2019-07-29T05:30:52+00:00\\\",\\\"invUssn\\\":1501,\\\"catUssn\\\":1,\\\"isInf\\\":false}\"}"}
{"id":"34ba43bbb6a54a0e92e631884ab30724","table":"killmonger_events_table","keyspace":"msku","timestamp":"2019-07-29T05:40:44.649Z","clusteringKeys":["6ccbd76c487c42e5b65dd274f51b72ea","vbIdSellingIdInventoryUpdated/1","1564378274"],"changedColumns":["selling_id","fulfillment_node_id","event_type","update_at","stream_sequence_number","event_data"],"record":"{\"selling_id\":\"34ba43bbb6a54a0e92e631884ab30724\",\"fulfillment_node_id\":\"6ccbd76c487c42e5b65dd274f51b72ea\",\"event_type\":\"vbIdSellingIdInventoryUpdated/1\",\"update_at\":1564378274,\"stream_sequence_number\":41,\"event_data\":\"{\\\"id\\\":\\\"49959b2de52647619cd6bb473e9a712e\\\",\\\"vbId\\\":\\\"34ba43bbb6a54a0e92e631884ab30724\\\",\\\"sellingId\\\":\\\"34ba43bbb6a54a0e92e631884ab30724\\\",\\\"merchantId\\\":\\\"e43cf7756d0b4ba8a4e9046774656ce8\\\",\\\"skuId\\\":\\\"34ba43bbb6a54a0e92e631884ab30724\\\",\\\"f\\\":123,\\\"fnId\\\":\\\"6ccbd76c487c42e5b65dd274f51b72ea\\\",\\\"fnType\\\":\\\"wolverine\\\",\\\"by\\\":\\\"Vibranium\\\",\\\"at\\\":\\\"2019-07-29T05:31:14+00:00\\\",\\\"invUssn\\\":49,\\\"isInf\\\":false,\\\"ifa\\\":true,\\\"martAvail\\\":[{\\\"martId\\\":\\\"21\\\",\\\"ia\\\":true}],\\\"clt\\\":\\\"JoJ\\\"}\"}"}
{"id":"C270F6152B834517AC2A5A27DA5424D9","table":"killmonger_events_table","keyspace":"msku","timestamp":"2019-07-29T05:40:44.652Z","clusteringKeys":["2378","vbIdSellingIdInventoryUpdated/1","1564378909"],"changedColumns":["selling_id","fulfillment_node_id","event_type","update_at","stream_sequence_number","event_data"],"record":"{\"selling_id\":\"C270F6152B834517AC2A5A27DA5424D9\",\"fulfillment_node_id\":\"2378\",\"event_type\":\"vbIdSellingIdInventoryUpdated/1\",\"update_at\":1564378909,\"stream_sequence_number\":93,\"event_data\":\"{\\\"id\\\":\\\"9f88bcf3b02d4d149fd1da4831d4de14\\\",\\\"vbId\\\":\\\"PantherMigrationVbId\\\",\\\"sellingId\\\":\\\"C270F6152B834517AC2A5A27DA5424D9\\\",\\\"merchantId\\\":\\\"9fc08905039048918982091f266c2a29\\\",\\\"skuId\\\":\\\"PantherMigrationSkuId\\\",\\\"f\\\":0,\\\"fnId\\\":\\\"2378\\\",\\\"by\\\":\\\"Killmonger.Migration.MapInWalmartInvUpdates\\\",\\\"at\\\":\\\"2019-07-29T05:41:49.324+00:00\\\",\\\"invUssn\\\":0,\\\"isInf\\\":false,\\\"ifa\\\":true,\\\"martAvail\\\":[{\\\"martId\\\":\\\"21\\\",\\\"ia\\\":true},{\\\"martId\\\":\\\"0\\\",\\\"ia\\\":true}],\\\"clt\\\":\\\"WoJ\\\"}\"}"}
{"id":"6afaa5d80c3e4af19666b2b25ae19a6d","table":"killmonger_events_table","keyspace":"msku","timestamp":"2019-07-29T05:44:36.994Z","clusteringKeys":["0a633d9fe80f4a45b6fdf372a649be0c","vbIdSellingIdInventoryUpdated/1","1564378274"],"changedColumns":["selling_id","fulfillment_node_id","event_type","update_at","stream_sequence_number","event_data"],"record":"{\"selling_id\":\"6afaa5d80c3e4af19666b2b25ae19a6d\",\"fulfillment_node_id\":\"0a633d9fe80f4a45b6fdf372a649be0c\",\"event_type\":\"vbIdSellingIdInventoryUpdated/1\",\"update_at\":1564378274,\"stream_sequence_number\":42,\"event_data\":\"{\\\"id\\\":\\\"7b77c2b216fc443ba559a0066dc43fa1\\\",\\\"vbId\\\":\\\"6afaa5d80c3e4af19666b2b25ae19a6d\\\",\\\"sellingId\\\":\\\"6afaa5d80c3e4af19666b2b25ae19a6d\\\",\\\"merchantId\\\":\\\"e43cf7756d0b4ba8a4e9046774656ce8\\\",\\\"skuId\\\":\\\"6afaa5d80c3e4af19666b2b25ae19a6d\\\",\\\"f\\\":129,\\\"fnId\\\":\\\"0a633d9fe80f4a45b6fdf372a649be0c\\\",\\\"fnType\\\":\\\"wolverine\\\",\\\"by\\\":\\\"Vibranium\\\",\\\"at\\\":\\\"2019-07-29T05:31:14+00:00\\\",\\\"invUssn\\\":55,\\\"isInf\\\":false,\\\"ifa\\\":true,\\\"martAvail\\\":[{\\\"martId\\\":\\\"21\\\",\\\"ia\\\":true}],\\\"clt\\\":\\\"JoJ\\\"}\"}"}
{"id":"d05e2e99eb5948b4bed80f619ff40bc7","table":"killmonger_events_table","keyspace":"msku","timestamp":"2019-07-29T05:44:36.994Z","clusteringKeys":["fb72b6f9c1e54625a551711f6ee72714","vbIdSellingIdInventoryUpdated/1","1564377684"],"changedColumns":["selling_id","fulfillment_node_id","event_type","update_at","stream_sequence_number","event_data"],"record":"{\"selling_id\":\"d05e2e99eb5948b4bed80f619ff40bc7\",\"fulfillment_node_id\":\"fb72b6f9c1e54625a551711f6ee72714\",\"event_type\":\"vbIdSellingIdInventoryUpdated/1\",\"update_at\":1564377684,\"stream_sequence_number\":36,\"event_data\":\"{\\\"id\\\":\\\"d4f908b987144f9993e57090d34fc54c\\\",\\\"vbId\\\":\\\"d05e2e99eb5948b4bed80f619ff40bc7\\\",\\\"sellingId\\\":\\\"d05e2e99eb5948b4bed80f619ff40bc7\\\",\\\"merchantId\\\":\\\"e43cf7756d0b4ba8a4e9046774656ce8\\\",\\\"skuId\\\":\\\"d05e2e99eb5948b4bed80f619ff40bc7\\\",\\\"f\\\":112,\\\"fnId\\\":\\\"fb72b6f9c1e54625a551711f6ee72714\\\",\\\"fnType\\\":\\\"wolverine\\\",\\\"by\\\":\\\"Vibranium\\\",\\\"at\\\":\\\"2019-07-29T05:21:24+00:00\\\",\\\"invUssn\\\":50,\\\"isInf\\\":false,\\\"ifa\\\":true,\\\"martAvail\\\":[{\\\"martId\\\":\\\"21\\\",\\\"ia\\\":true}],\\\"clt\\\":\\\"JoJ\\\"}\"}"}
{"id":"5e1a31141382461f8c4b4d9d8bcfbefe","table":"killmonger_events_table","keyspace":"msku","timestamp":"2019-07-29T05:44:36.994Z","clusteringKeys":["fb72b6f9c1e54625a551711f6ee72714","vbIdSellingIdInventoryUpdated/1","1564377874"],"changedColumns":["selling_id","fulfillment_node_id","event_type","update_at","stream_sequence_number","event_data"],"record":"{\"selling_id\":\"5e1a31141382461f8c4b4d9d8bcfbefe\",\"fulfillment_node_id\":\"fb72b6f9c1e54625a551711f6ee72714\",\"event_type\":\"vbIdSellingIdInventoryUpdated/1\",\"update_at\":1564377874,\"stream_sequence_number\":39,\"event_data\":\"{\\\"id\\\":\\\"3b497fd8bb7548239f04a0c5f79dc97b\\\",\\\"vbId\\\":\\\"5e1a31141382461f8c4b4d9d8bcfbefe\\\",\\\"sellingId\\\":\\\"5e1a31141382461f8c4b4d9d8bcfbefe\\\",\\\"merchantId\\\":\\\"e43cf7756d0b4ba8a4e9046774656ce8\\\",\\\"skuId\\\":\\\"5e1a31141382461f8c4b4d9d8bcfbefe\\\",\\\"f\\\":72,\\\"fnId\\\":\\\"fb72b6f9c1e54625a551711f6ee72714\\\",\\\"fnType\\\":\\\"wolverine\\\",\\\"by\\\":\\\"Vibranium\\\",\\\"at\\\":\\\"2019-07-29T05:24:34+00:00\\\",\\\"invUssn\\\":46,\\\"isInf\\\":false,\\\"ifa\\\":true,\\\"martAvail\\\":[{\\\"martId\\\":\\\"21\\\",\\\"ia\\\":true}],\\\"clt\\\":\\\"JoJ\\\"}\"}"}
{"id":"34CA2161133E4B1683A4A92E18ABB863","table":"killmonger_events_table","keyspace":"msku","timestamp":"2019-07-29T05:44:36.995Z","clusteringKeys":["10001021868","vbIdSellingIdInventoryUpdated/1","1564378231"],"changedColumns":["selling_id","fulfillment_node_id","event_type","update_at","stream_sequence_number","event_data"],"record":"{\"selling_id\":\"34CA2161133E4B1683A4A92E18ABB863\",\"fulfillment_node_id\":\"10001021868\",\"event_type\":\"vbIdSellingIdInventoryUpdated/1\",\"update_at\":1564378231,\"stream_sequence_number\":651,\"event_data\":\"{\\\"id\\\":\\\"a78fc5f1f0d443aca1924429897562de\\\",\\\"vbId\\\":\\\"WBBSSC2125EMP-101002498\\\",\\\"sellingId\\\":\\\"34CA2161133E4B1683A4A92E18ABB863\\\",\\\"merchantId\\\":\\\"101002498\\\",\\\"skuId\\\":\\\"WBBSSC2125EMP\\\",\\\"f\\\":1,\\\"fnId\\\":\\\"10001021868\\\",\\\"fnType\\\":\\\"MARKETPLACE\\\",\\\"by\\\":\\\"Vibranium\\\",\\\"at\\\":\\\"2019-07-29T05:30:31+00:00\\\",\\\"invUssn\\\":534,\\\"catUssn\\\":2,\\\"isInf\\\":false,\\\"ifa\\\":true,\\\"martAvail\\\":[{\\\"martId\\\":\\\"0\\\",\\\"ia\\\":true}],\\\"clt\\\":\\\"WoW\\\"}\"}"}
{"id":"850dc1ff6ea245d0ad12c7b4d98dde7b","table":"killmonger_events_table","keyspace":"msku","timestamp":"2019-07-29T05:40:44.658Z","clusteringKeys":["fb72b6f9c1e54625a551711f6ee72714","vbIdSellingIdInventoryUpdated/1","1564378075"],"changedColumns":["selling_id","fulfillment_node_id","event_type","update_at","stream_sequence_number","event_data"],"record":"{\"selling_id\":\"850dc1ff6ea245d0ad12c7b4d98dde7b\",\"fulfillment_node_id\":\"fb72b6f9c1e54625a551711f6ee72714\",\"event_type\":\"vbIdSellingIdInventoryUpdated/1\",\"update_at\":1564378075,\"stream_sequence_number\":36,\"event_data\":\"{\\\"id\\\":\\\"9b681fa777e043d691839837d0e2b44e\\\",\\\"vbId\\\":\\\"850dc1ff6ea245d0ad12c7b4d98dde7b\\\",\\\"sellingId\\\":\\\"850dc1ff6ea245d0ad12c7b4d98dde7b\\\",\\\"merchantId\\\":\\\"e43cf7756d0b4ba8a4e9046774656ce8\\\",\\\"skuId\\\":\\\"850dc1ff6ea245d0ad12c7b4d98dde7b\\\",\\\"f\\\":147,\\\"fnId\\\":\\\"fb72b6f9c1e54625a551711f6ee72714\\\",\\\"fnType\\\":\\\"wolverine\\\",\\\"by\\\":\\\"Vibranium\\\",\\\"at\\\":\\\"2019-07-29T05:27:55+00:00\\\",\\\"invUssn\\\":47,\\\"isInf\\\":false,\\\"ifa\\\":true,\\\"martAvail\\\":[{\\\"martId\\\":\\\"21\\\",\\\"ia\\\":true}],\\\"clt\\\":\\\"JoJ\\\"}\"}"}
{"id":"2e4308ec8b7348ee97254bc5716ff793","table":"killmonger_events_table","keyspace":"msku","timestamp":"2019-07-29T05:45:03.469Z","clusteringKeys":["fb72b6f9c1e54625a551711f6ee72714","vbIdSellingIdInventoryUpdated/1","1564378274"],"changedColumns":["selling_id","fulfillment_node_id","event_type","update_at","stream_sequence_number","event_data"],"record":"{\"selling_id\":\"2e4308ec8b7348ee97254bc5716ff793\",\"fulfillment_node_id\":\"fb72b6f9c1e54625a551711f6ee72714\",\"event_type\":\"vbIdSellingIdInventoryUpdated/1\",\"update_at\":1564378274,\"stream_sequence_number\":47,\"event_data\":\"{\\\"id\\\":\\\"cb971df2b8f14bab97c23a445db73b7f\\\",\\\"vbId\\\":\\\"2e4308ec8b7348ee97254bc5716ff793\\\",\\\"sellingId\\\":\\\"2e4308ec8b7348ee97254bc5716ff793\\\",\\\"merchantId\\\":\\\"e43cf7756d0b4ba8a4e9046774656ce8\\\",\\\"skuId\\\":\\\"2e4308ec8b7348ee97254bc5716ff793\\\",\\\"f\\\":89,\\\"fnId\\\":\\\"fb72b6f9c1e54625a551711f6ee72714\\\",\\\"fnType\\\":\\\"wolverine\\\",\\\"by\\\":\\\"Vibranium\\\",\\\"at\\\":\\\"2019-07-29T05:31:14+00:00\\\",\\\"invUssn\\\":51,\\\"isInf\\\":false,\\\"ifa\\\":true,\\\"martAvail\\\":[{\\\"martId\\\":\\\"21\\\",\\\"ia\\\":true}],\\\"clt\\\":\\\"JoJ\\\"}\"}"}
{"id":"2e4308ec8b7348ee97254bc5716ff793","table":"killmonger_events_table","keyspace":"msku","timestamp":"2019-07-29T05:45:03.469Z","clusteringKeys":["fb72b6f9c1e54625a551711f6ee72714","updateVbIdSellingIdInventorySkipped/1","1564378274"],"changedColumns":["selling_id","fulfillment_node_id","event_type","update_at","stream_sequence_number","event_data"],"record":"{\"selling_id\":\"2e4308ec8b7348ee97254bc5716ff793\",\"fulfillment_node_id\":\"fb72b6f9c1e54625a551711f6ee72714\",\"event_type\":\"updateVbIdSellingIdInventorySkipped/1\",\"update_at\":1564378274,\"stream_sequence_number\":48,\"event_data\":\"{\\\"id\\\":\\\"cb971df2b8f14bab97c23a445db73b7f\\\",\\\"vbId\\\":\\\"2e4308ec8b7348ee97254bc5716ff793\\\",\\\"sellingId\\\":\\\"2e4308ec8b7348ee97254bc5716ff793\\\",\\\"merchantId\\\":\\\"e43cf7756d0b4ba8a4e9046774656ce8\\\",\\\"skuId\\\":\\\"2e4308ec8b7348ee97254bc5716ff793\\\",\\\"f\\\":89,\\\"fnId\\\":\\\"fb72b6f9c1e54625a551711f6ee72714\\\",\\\"fnType\\\":\\\"wolverine\\\",\\\"by\\\":\\\"Vibranium\\\",\\\"at\\\":\\\"2019-07-29T05:31:14+00:00\\\",\\\"invUssn\\\":51,\\\"isInf\\\":false}\"}"}
{"id":"6E7A7FDBF4EF40F3ACBCBDE7DCF6AB3B","table":"killmonger_events_table","keyspace":"msku","timestamp":"2019-07-29T05:45:03.471Z","clusteringKeys":["5868","vbIdSellingIdInventoryUpdated/1","1564378911"],"changedColumns":["selling_id","fulfillment_node_id","event_type","update_at","stream_sequence_number","event_data"],"record":"{\"selling_id\":\"6E7A7FDBF4EF40F3ACBCBDE7DCF6AB3B\",\"fulfillment_node_id\":\"5868\",\"event_type\":\"vbIdSellingIdInventoryUpdated/1\",\"update_at\":1564378911,\"stream_sequence_number\":129,\"event_data\":\"{\\\"id\\\":\\\"43f7fd58a7534d61a69b1a2aca4aac6c\\\",\\\"vbId\\\":\\\"PantherMigrationVbId\\\",\\\"sellingId\\\":\\\"6E7A7FDBF4EF40F3ACBCBDE7DCF6AB3B\\\",\\\"merchantId\\\":\\\"9fc08905039048918982091f266c2a29\\\",\\\"skuId\\\":\\\"PantherMigrationSkuId\\\",\\\"f\\\":0,\\\"fnId\\\":\\\"5868\\\",\\\"by\\\":\\\"Killmonger.Migration.MapInWalmartInvUpdates\\\",\\\"at\\\":\\\"2019-07-29T05:41:51.652+00:00\\\",\\\"invUssn\\\":0,\\\"isInf\\\":false,\\\"ifa\\\":true,\\\"martAvail\\\":[{\\\"martId\\\":\\\"21\\\",\\\"ia\\\":true},{\\\"martId\\\":\\\"0\\\",\\\"ia\\\":true}],\\\"clt\\\":\\\"WoJ\\\"}\"}"}
{"id":"761165bca7dd43648bbd75e3070e86e8","table":"killmonger_events_table","keyspace":"msku","timestamp":"2019-07-29T05:45:02.418Z","clusteringKeys":["fb72b6f9c1e54625a551711f6ee72714","updateVbIdSellingIdInventorySkipped/1","1564378274"],"changedColumns":["selling_id","fulfillment_node_id","event_type","update_at","stream_sequence_number","event_data"],"record":"{\"selling_id\":\"761165bca7dd43648bbd75e3070e86e8\",\"fulfillment_node_id\":\"fb72b6f9c1e54625a551711f6ee72714\",\"event_type\":\"updateVbIdSellingIdInventorySkipped/1\",\"update_at\":1564378274,\"stream_sequence_number\":41,\"event_data\":\"{\\\"id\\\":\\\"ae0806478963483a9f4672796767a79a\\\",\\\"vbId\\\":\\\"761165bca7dd43648bbd75e3070e86e8\\\",\\\"sellingId\\\":\\\"761165bca7dd43648bbd75e3070e86e8\\\",\\\"merchantId\\\":\\\"e43cf7756d0b4ba8a4e9046774656ce8\\\",\\\"skuId\\\":\\\"761165bca7dd43648bbd75e3070e86e8\\\",\\\"f\\\":137,\\\"fnId\\\":\\\"fb72b6f9c1e54625a551711f6ee72714\\\",\\\"fnType\\\":\\\"wolverine\\\",\\\"by\\\":\\\"Vibranium\\\",\\\"at\\\":\\\"2019-07-29T05:31:14+00:00\\\",\\\"invUssn\\\":51,\\\"isInf\\\":false}\"}"}
{"id":"3e419bec59874d468336a075ee02da69","table":"killmonger_events_table","keyspace":"msku","timestamp":"2019-07-29T05:45:02.419Z","clusteringKeys":["6ccbd76c487c42e5b65dd274f51b72ea","vbIdSellingIdInventoryUpdated/1","1564378274"],"changedColumns":["selling_id","fulfillment_node_id","event_type","update_at","stream_sequence_number","event_data"],"record":"{\"selling_id\":\"3e419bec59874d468336a075ee02da69\",\"fulfillment_node_id\":\"6ccbd76c487c42e5b65dd274f51b72ea\",\"event_type\":\"vbIdSellingIdInventoryUpdated/1\",\"update_at\":1564378274,\"stream_sequence_number\":39,\"event_data\":\"{\\\"id\\\":\\\"e759a50e97054ffb979c14109959fd9e\\\",\\\"vbId\\\":\\\"3e419bec59874d468336a075ee02da69\\\",\\\"sellingId\\\":\\\"3e419bec59874d468336a075ee02da69\\\",\\\"merchantId\\\":\\\"e43cf7756d0b4ba8a4e9046774656ce8\\\",\\\"skuId\\\":\\\"3e419bec59874d468336a075ee02da69\\\",\\\"f\\\":106,\\\"fnId\\\":\\\"6ccbd76c487c42e5b65dd274f51b72ea\\\",\\\"fnType\\\":\\\"wolverine\\\",\\\"by\\\":\\\"Vibranium\\\",\\\"at\\\":\\\"2019-07-29T05:31:14+00:00\\\",\\\"invUssn\\\":49,\\\"isInf\\\":false,\\\"ifa\\\":true,\\\"martAvail\\\":[{\\\"martId\\\":\\\"21\\\",\\\"ia\\\":true}],\\\"clt\\\":\\\"JoJ\\\"}\"}"}
{"id":"3F271DC3A62C45328552EEBD1C73267B","table":"killmonger_events_table","keyspace":"msku","timestamp":"2019-07-29T05:45:02.419Z","clusteringKeys":["8306","vbIdSellingIdInventoryUpdated/1","1564378908"],"changedColumns":["selling_id","fulfillment_node_id","event_type","update_at","stream_sequence_number","event_data"],"record":"{\"selling_id\":\"3F271DC3A62C45328552EEBD1C73267B\",\"fulfillment_node_id\":\"8306\",\"event_type\":\"vbIdSellingIdInventoryUpdated/1\",\"update_at\":1564378908,\"stream_sequence_number\":150,\"event_data\":\"{\\\"id\\\":\\\"eadd216de3204c60b68a233b6f8b3d54\\\",\\\"vbId\\\":\\\"PantherMigrationVbId\\\",\\\"sellingId\\\":\\\"3F271DC3A62C45328552EEBD1C73267B\\\",\\\"merchantId\\\":\\\"9fc08905039048918982091f266c2a29\\\",\\\"skuId\\\":\\\"PantherMigrationSkuId\\\",\\\"f\\\":0,\\\"fnId\\\":\\\"8306\\\",\\\"by\\\":\\\"Killmonger.Migration.MapInWalmartInvUpdates\\\",\\\"at\\\":\\\"2019-07-29T05:41:48.069+00:00\\\",\\\"invUssn\\\":0,\\\"isInf\\\":false,\\\"ifa\\\":true,\\\"martAvail\\\":[{\\\"martId\\\":\\\"21\\\",\\\"ia\\\":true},{\\\"martId\\\":\\\"0\\\",\\\"ia\\\":true}],\\\"clt\\\":\\\"WoJ\\\"}\"}"}
{"id":"3e419bec59874d468336a075ee02da69","table":"killmonger_events_table","keyspace":"msku","timestamp":"2019-07-29T05:45:02.420Z","clusteringKeys":["6ccbd76c487c42e5b65dd274f51b72ea","updateVbIdSellingIdInventorySkipped/1","1564378274"],"changedColumns":["selling_id","fulfillment_node_id","event_type","update_at","stream_sequence_number","event_data"],"record":"{\"selling_id\":\"3e419bec59874d468336a075ee02da69\",\"fulfillment_node_id\":\"6ccbd76c487c42e5b65dd274f51b72ea\",\"event_type\":\"updateVbIdSellingIdInventorySkipped/1\",\"update_at\":1564378274,\"stream_sequence_number\":40,\"event_data\":\"{\\\"id\\\":\\\"e759a50e97054ffb979c14109959fd9e\\\",\\\"vbId\\\":\\\"3e419bec59874d468336a075ee02da69\\\",\\\"sellingId\\\":\\\"3e419bec59874d468336a075ee02da69\\\",\\\"merchantId\\\":\\\"e43cf7756d0b4ba8a4e9046774656ce8\\\",\\\"skuId\\\":\\\"3e419bec59874d468336a075ee02da69\\\",\\\"f\\\":106,\\\"fnId\\\":\\\"6ccbd76c487c42e5b65dd274f51b72ea\\\",\\\"fnType\\\":\\\"wolverine\\\",\\\"by\\\":\\\"Vibranium\\\",\\\"at\\\":\\\"2019-07-29T05:31:14+00:00\\\",\\\"invUssn\\\":49,\\\"isInf\\\":false}\"}"}
{"id":"3F271DC3A62C45328552EEBD1C73267B","table":"killmonger_events_table","keyspace":"msku","timestamp":"2019-07-29T05:45:02.420Z","clusteringKeys":["8306","vbIdSellingIdInventoryUpdated/1","1564378908"],"changedColumns":["selling_id","fulfillment_node_id","event_type","update_at","stream_sequence_number","event_data"],"record":"{\"selling_id\":\"3F271DC3A62C45328552EEBD1C73267B\",\"fulfillment_node_id\":\"8306\",\"event_type\":\"vbIdSellingIdInventoryUpdated/1\",\"update_at\":1564378908,\"stream_sequence_number\":151,\"event_data\":\"{\\\"id\\\":\\\"eadd216de3204c60b68a233b6f8b3d54\\\",\\\"vbId\\\":\\\"PantherMigrationVbId\\\",\\\"sellingId\\\":\\\"3F271DC3A62C45328552EEBD1C73267B\\\",\\\"merchantId\\\":\\\"9fc08905039048918982091f266c2a29\\\",\\\"skuId\\\":\\\"PantherMigrationSkuId\\\",\\\"f\\\":0,\\\"fnId\\\":\\\"8306\\\",\\\"by\\\":\\\"Killmonger.Migration.MapInWalmartInvUpdates\\\",\\\"at\\\":\\\"2019-07-29T05:41:48.069+00:00\\\",\\\"invUssn\\\":0,\\\"isInf\\\":false,\\\"ifa\\\":true,\\\"martAvail\\\":[{\\\"martId\\\":\\\"21\\\",\\\"ia\\\":true},{\\\"martId\\\":\\\"0\\\",\\\"ia\\\":true}],\\\"clt\\\":\\\"WoJ\\\"}\"}"}
{"id":"e9c06cbf5c5c4f39a651559b336ce8c1","table":"killmonger_events_table","keyspace":"msku","timestamp":"2019-07-29T05:45:02.422Z","clusteringKeys":["fb72b6f9c1e54625a551711f6ee72714","updateVbIdSellingIdInventorySkipped/1","1564378274"],"changedColumns":["selling_id","fulfillment_node_id","event_type","update_at","stream_sequence_number","event_data"],"record":"{\"selling_id\":\"e9c06cbf5c5c4f39a651559b336ce8c1\",\"fulfillment_node_id\":\"fb72b6f9c1e54625a551711f6ee72714\",\"event_type\":\"updateVbIdSellingIdInventorySkipped/1\",\"update_at\":1564378274,\"stream_sequence_number\":42,\"event_data\":\"{\\\"id\\\":\\\"7cdffec507df446eb7d904c8320d215e\\\",\\\"vbId\\\":\\\"e9c06cbf5c5c4f39a651559b336ce8c1\\\",\\\"sellingId\\\":\\\"e9c06cbf5c5c4f39a651559b336ce8c1\\\",\\\"merchantId\\\":\\\"e43cf7756d0b4ba8a4e9046774656ce8\\\",\\\"skuId\\\":\\\"e9c06cbf5c5c4f39a651559b336ce8c1\\\",\\\"f\\\":106,\\\"fnId\\\":\\\"fb72b6f9c1e54625a551711f6ee72714\\\",\\\"fnType\\\":\\\"wolverine\\\",\\\"by\\\":\\\"Vibranium\\\",\\\"at\\\":\\\"2019-07-29T05:31:14+00:00\\\",\\\"invUssn\\\":49,\\\"isInf\\\":false}\"}"}
{"id":"071193142f854717a35e968428383c1b","table":"killmonger_events_table","keyspace":"msku","timestamp":"2019-07-29T05:44:37.004Z","clusteringKeys":["fb72b6f9c1e54625a551711f6ee72714","vbIdSellingIdInventoryUpdated/1","1564375935"],"changedColumns":["selling_id","fulfillment_node_id","event_type","update_at","stream_sequence_number","event_data"],"record":"{\"selling_id\":\"071193142f854717a35e968428383c1b\",\"fulfillment_node_id\":\"fb72b6f9c1e54625a551711f6ee72714\",\"event_type\":\"vbIdSellingIdInventoryUpdated/1\",\"update_at\":1564375935,\"stream_sequence_number\":47,\"event_data\":\"{\\\"id\\\":\\\"888ce94c871f4ef987b2212c4197670b\\\",\\\"vbId\\\":\\\"071193142f854717a35e968428383c1b\\\",\\\"sellingId\\\":\\\"071193142f854717a35e968428383c1b\\\",\\\"merchantId\\\":\\\"e43cf7756d0b4ba8a4e9046774656ce8\\\",\\\"skuId\\\":\\\"071193142f854717a35e968428383c1b\\\",\\\"f\\\":86,\\\"fnId\\\":\\\"fb72b6f9c1e54625a551711f6ee72714\\\",\\\"fnType\\\":\\\"wolverine\\\",\\\"by\\\":\\\"Vibranium\\\",\\\"at\\\":\\\"2019-07-29T04:52:15+00:00\\\",\\\"invUssn\\\":49,\\\"isInf\\\":false,\\\"ifa\\\":true,\\\"martAvail\\\":[{\\\"martId\\\":\\\"21\\\",\\\"ia\\\":true}],\\\"clt\\\":\\\"JoJ\\\"}\"}"}
{"id":"c3295241572e4d8aa24ff0cedc5f1459","table":"killmonger_events_table","keyspace":"msku","timestamp":"2019-07-29T05:45:02.423Z","clusteringKeys":["fb72b6f9c1e54625a551711f6ee72714","vbIdSellingIdInventoryUpdated/1","1564378479"],"changedColumns":["selling_id","fulfillment_node_id","event_type","update_at","stream_sequence_number","event_data"],"record":"{\"selling_id\":\"c3295241572e4d8aa24ff0cedc5f1459\",\"fulfillment_node_id\":\"fb72b6f9c1e54625a551711f6ee72714\",\"event_type\":\"vbIdSellingIdInventoryUpdated/1\",\"update_at\":1564378479,\"stream_sequence_number\":42,\"event_data\":\"{\\\"id\\\":\\\"d8917d82f7be4ee4bc3d7d28da0276ea\\\",\\\"vbId\\\":\\\"c3295241572e4d8aa24ff0cedc5f1459\\\",\\\"sellingId\\\":\\\"c3295241572e4d8aa24ff0cedc5f1459\\\",\\\"merchantId\\\":\\\"e43cf7756d0b4ba8a4e9046774656ce8\\\",\\\"skuId\\\":\\\"c3295241572e4d8aa24ff0cedc5f1459\\\",\\\"f\\\":69,\\\"fnId\\\":\\\"fb72b6f9c1e54625a551711f6ee72714\\\",\\\"fnType\\\":\\\"wolverine\\\",\\\"by\\\":\\\"Vibranium\\\",\\\"at\\\":\\\"2019-07-29T05:34:39+00:00\\\",\\\"invUssn\\\":52,\\\"isInf\\\":false,\\\"ifa\\\":true,\\\"martAvail\\\":[{\\\"martId\\\":\\\"21\\\",\\\"ia\\\":true}],\\\"clt\\\":\\\"JoJ\\\"}\"}"}
{"id":"c3295241572e4d8aa24ff0cedc5f1459","table":"killmonger_events_table","keyspace":"msku","timestamp":"2019-07-29T05:45:02.423Z","clusteringKeys":["fb72b6f9c1e54625a551711f6ee72714","updateVbIdSellingIdInventorySkipped/1","1564378479"],"changedColumns":["selling_id","fulfillment_node_id","event_type","update_at","stream_sequence_number","event_data"],"record":"{\"selling_id\":\"c3295241572e4d8aa24ff0cedc5f1459\",\"fulfillment_node_id\":\"fb72b6f9c1e54625a551711f6ee72714\",\"event_type\":\"updateVbIdSellingIdInventorySkipped/1\",\"update_at\":1564378479,\"stream_sequence_number\":43,\"event_data\":\"{\\\"id\\\":\\\"d8917d82f7be4ee4bc3d7d28da0276ea\\\",\\\"vbId\\\":\\\"c3295241572e4d8aa24ff0cedc5f1459\\\",\\\"sellingId\\\":\\\"c3295241572e4d8aa24ff0cedc5f1459\\\",\\\"merchantId\\\":\\\"e43cf7756d0b4ba8a4e9046774656ce8\\\",\\\"skuId\\\":\\\"c3295241572e4d8aa24ff0cedc5f1459\\\",\\\"f\\\":69,\\\"fnId\\\":\\\"fb72b6f9c1e54625a551711f6ee72714\\\",\\\"fnType\\\":\\\"wolverine\\\",\\\"by\\\":\\\"Vibranium\\\",\\\"at\\\":\\\"2019-07-29T05:34:39+00:00\\\",\\\"invUssn\\\":52,\\\"isInf\\\":false}\"}"}
{"id":"fcf19935e8774e89ab9d143988f802c9","table":"killmonger_events_table","keyspace":"msku","timestamp":"2019-07-29T05:40:44.670Z","clusteringKeys":["ce4dd86743fd4a3f960bfb78a1c5c50b","vbIdSellingIdInventoryUpdated/1","1564375029"],"changedColumns":["selling_id","fulfillment_node_id","event_type","update_at","stream_sequence_number","event_data"],"record":"{\"selling_id\":\"fcf19935e8774e89ab9d143988f802c9\",\"fulfillment_node_id\":\"ce4dd86743fd4a3f960bfb78a1c5c50b\",\"event_type\":\"vbIdSellingIdInventoryUpdated/1\",\"update_at\":1564375029,\"stream_sequence_number\":210,\"event_data\":\"{\\\"id\\\":\\\"ea0b233a7a104fe89aea079d6b38f03f\\\",\\\"vbId\\\":\\\"fcf19935e8774e89ab9d143988f802c9\\\",\\\"sellingId\\\":\\\"fcf19935e8774e89ab9d143988f802c9\\\",\\\"merchantId\\\":\\\"d8a71b916cf34aa895091e31804ec8f9\\\",\\\"skuId\\\":\\\"fcf19935e8774e89ab9d143988f802c9\\\",\\\"f\\\":30,\\\"fnId\\\":\\\"ce4dd86743fd4a3f960bfb78a1c5c50b\\\",\\\"fnType\\\":\\\"wolverine\\\",\\\"by\\\":\\\"Vibranium\\\",\\\"at\\\":\\\"2019-07-29T04:37:09+00:00\\\",\\\"invUssn\\\":233,\\\"isInf\\\":false,\\\"ifa\\\":true,\\\"martAvail\\\":[{\\\"martId\\\":\\\"21\\\",\\\"ia\\\":true}],\\\"clt\\\":\\\"JoJ\\\"}\"}"}
{"id":"fcf19935e8774e89ab9d143988f802c9","table":"killmonger_events_table","keyspace":"msku","timestamp":"2019-07-29T05:40:44.670Z","clusteringKeys":["ce4dd86743fd4a3f960bfb78a1c5c50b","updateVbIdSellingIdInventorySkipped/1","1564375029"],"changedColumns":["selling_id","fulfillment_node_id","event_type","update_at","stream_sequence_number","event_data"],"record":"{\"selling_id\":\"fcf19935e8774e89ab9d143988f802c9\",\"fulfillment_node_id\":\"ce4dd86743fd4a3f960bfb78a1c5c50b\",\"event_type\":\"updateVbIdSellingIdInventorySkipped/1\",\"update_at\":1564375029,\"stream_sequence_number\":211,\"event_data\":\"{\\\"id\\\":\\\"a562bcbc902847638b01ee53065008be\\\",\\\"vbId\\\":\\\"fcf19935e8774e89ab9d143988f802c9\\\",\\\"sellingId\\\":\\\"fcf19935e8774e89ab9d143988f802c9\\\",\\\"merchantId\\\":\\\"d8a71b916cf34aa895091e31804ec8f9\\\",\\\"skuId\\\":\\\"fcf19935e8774e89ab9d143988f802c9\\\",\\\"f\\\":30,\\\"fnId\\\":\\\"ce4dd86743fd4a3f960bfb78a1c5c50b\\\",\\\"fnType\\\":\\\"wolverine\\\",\\\"by\\\":\\\"Vibranium\\\",\\\"at\\\":\\\"2019-07-29T04:37:09+00:00\\\",\\\"invUssn\\\":233,\\\"isInf\\\":false}\"}"}
{"id":"D992F23A897E44359C0E141E91E5EE2C","table":"killmonger_events_table","keyspace":"msku","timestamp":"2019-07-29T05:44:37.009Z","clusteringKeys":["10000004864","updateVbIdSellingIdInventorySkipped/1","1564378411"],"changedColumns":["selling_id","fulfillment_node_id","event_type","update_at","stream_sequence_number","event_data"],"record":"{\"selling_id\":\"D992F23A897E44359C0E141E91E5EE2C\",\"fulfillment_node_id\":\"10000004864\",\"event_type\":\"updateVbIdSellingIdInventorySkipped/1\",\"update_at\":1564378411,\"stream_sequence_number\":2581,\"event_data\":\"{\\\"id\\\":\\\"382992deee56459f915089e1153bc197\\\",\\\"vbId\\\":\\\"CAN KS718 12x16 GW-7410\\\",\\\"sellingId\\\":\\\"D992F23A897E44359C0E141E91E5EE2C\\\",\\\"merchantId\\\":\\\"7410\\\",\\\"skuId\\\":\\\"CAN KS718 12x16 GW\\\",\\\"f\\\":50,\\\"fnId\\\":\\\"10000004864\\\",\\\"fnType\\\":\\\"MARKETPLACE\\\",\\\"by\\\":\\\"Vibranium\\\",\\\"at\\\":\\\"2019-07-29T05:33:31+00:00\\\",\\\"invUssn\\\":2181,\\\"catUssn\\\":1,\\\"isInf\\\":false}\"}"}
{"id":"DE683518FDEC4687891456C9DE1DDDEB","table":"killmonger_events_table","keyspace":"msku","timestamp":"2019-07-29T05:44:37.010Z","clusteringKeys":["5926","vbIdSellingIdInventoryUpdated/1","1564378910"],"changedColumns":["selling_id","fulfillment_node_id","event_type","update_at","stream_sequence_number","event_data"],"record":"{\"selling_id\":\"DE683518FDEC4687891456C9DE1DDDEB\",\"fulfillment_node_id\":\"5926\",\"event_type\":\"vbIdSellingIdInventoryUpdated/1\",\"update_at\":1564378910,\"stream_sequence_number\":127,\"event_data\":\"{\\\"id\\\":\\\"325a498af8734442aa83b41f76f420e6\\\",\\\"vbId\\\":\\\"PantherMigrationVbId\\\",\\\"sellingId\\\":\\\"DE683518FDEC4687891456C9DE1DDDEB\\\",\\\"merchantId\\\":\\\"9fc08905039048918982091f266c2a29\\\",\\\"skuId\\\":\\\"PantherMigrationSkuId\\\",\\\"f\\\":0,\\\"fnId\\\":\\\"5926\\\",\\\"by\\\":\\\"Killmonger.Migration.MapInWalmartInvUpdates\\\",\\\"at\\\":\\\"2019-07-29T05:41:50.042+00:00\\\",\\\"invUssn\\\":0,\\\"isInf\\\":false,\\\"ifa\\\":true,\\\"martAvail\\\":[{\\\"martId\\\":\\\"21\\\",\\\"ia\\\":true},{\\\"martId\\\":\\\"0\\\",\\\"ia\\\":true}],\\\"clt\\\":\\\"WoJ\\\"}\"}"}
{"id":"eb92c19311bb48d7ab09fcda349d8d05","table":"killmonger_events_table","keyspace":"msku","timestamp":"2019-07-29T05:45:02.429Z","clusteringKeys":["fb72b6f9c1e54625a551711f6ee72714","vbIdSellingIdInventoryUpdated/1","1564378075"],"changedColumns":["selling_id","fulfillment_node_id","event_type","update_at","stream_sequence_number","event_data"],"record":"{\"selling_id\":\"eb92c19311bb48d7ab09fcda349d8d05\",\"fulfillment_node_id\":\"fb72b6f9c1e54625a551711f6ee72714\",\"event_type\":\"vbIdSellingIdInventoryUpdated/1\",\"update_at\":1564378075,\"stream_sequence_number\":39,\"event_data\":\"{\\\"id\\\":\\\"899c716298024b7790a802a7abc3314e\\\",\\\"vbId\\\":\\\"eb92c19311bb48d7ab09fcda349d8d05\\\",\\\"sellingId\\\":\\\"eb92c19311bb48d7ab09fcda349d8d05\\\",\\\"merchantId\\\":\\\"e43cf7756d0b4ba8a4e9046774656ce8\\\",\\\"skuId\\\":\\\"eb92c19311bb48d7ab09fcda349d8d05\\\",\\\"f\\\":96,\\\"fnId\\\":\\\"fb72b6f9c1e54625a551711f6ee72714\\\",\\\"fnType\\\":\\\"wolverine\\\",\\\"by\\\":\\\"Vibranium\\\",\\\"at\\\":\\\"2019-07-29T05:27:55+00:00\\\",\\\"invUssn\\\":48,\\\"isInf\\\":false,\\\"ifa\\\":true,\\\"martAvail\\\":[{\\\"martId\\\":\\\"21\\\",\\\"ia\\\":true}],\\\"clt\\\":\\\"JoJ\\\"}\"}"}
{"id":"eb92c19311bb48d7ab09fcda349d8d05","table":"killmonger_events_table","keyspace":"msku","timestamp":"2019-07-29T05:45:02.430Z","clusteringKeys":["fb72b6f9c1e54625a551711f6ee72714","updateVbIdSellingIdInventorySkipped/1","1564378075"],"changedColumns":["selling_id","fulfillment_node_id","event_type","update_at","stream_sequence_number","event_data"],"record":"{\"selling_id\":\"eb92c19311bb48d7ab09fcda349d8d05\",\"fulfillment_node_id\":\"fb72b6f9c1e54625a551711f6ee72714\",\"event_type\":\"updateVbIdSellingIdInventorySkipped/1\",\"update_at\":1564378075,\"stream_sequence_number\":40,\"event_data\":\"{\\\"id\\\":\\\"899c716298024b7790a802a7abc3314e\\\",\\\"vbId\\\":\\\"eb92c19311bb48d7ab09fcda349d8d05\\\",\\\"sellingId\\\":\\\"eb92c19311bb48d7ab09fcda349d8d05\\\",\\\"merchantId\\\":\\\"e43cf7756d0b4ba8a4e9046774656ce8\\\",\\\"skuId\\\":\\\"eb92c19311bb48d7ab09fcda349d8d05\\\",\\\"f\\\":96,\\\"fnId\\\":\\\"fb72b6f9c1e54625a551711f6ee72714\\\",\\\"fnType\\\":\\\"wolverine\\\",\\\"by\\\":\\\"Vibranium\\\",\\\"at\\\":\\\"2019-07-29T05:27:55+00:00\\\",\\\"invUssn\\\":48,\\\"isInf\\\":false}\"}"}
{"id":"0522233b21a44a6e970fbcc46f467fd7","table":"killmonger_events_table","keyspace":"msku","timestamp":"2019-07-29T05:40:44.674Z","clusteringKeys":["fb72b6f9c1e54625a551711f6ee72714","vbIdSellingIdInventoryUpdated/1","1564378075"],"changedColumns":["selling_id","fulfillment_node_id","event_type","update_at","stream_sequence_number","event_data"],"record":"{\"selling_id\":\"0522233b21a44a6e970fbcc46f467fd7\",\"fulfillment_node_id\":\"fb72b6f9c1e54625a551711f6ee72714\",\"event_type\":\"vbIdSellingIdInventoryUpdated/1\",\"update_at\":1564378075,\"stream_sequence_number\":36,\"event_data\":\"{\\\"id\\\":\\\"7a38551d8434484b83621ad5b7767738\\\",\\\"vbId\\\":\\\"0522233b21a44a6e970fbcc46f467fd7\\\",\\\"sellingId\\\":\\\"0522233b21a44a6e970fbcc46f467fd7\\\",\\\"merchantId\\\":\\\"e43cf7756d0b4ba8a4e9046774656ce8\\\",\\\"skuId\\\":\\\"0522233b21a44a6e970fbcc46f467fd7\\\",\\\"f\\\":122,\\\"fnId\\\":\\\"fb72b6f9c1e54625a551711f6ee72714\\\",\\\"fnType\\\":\\\"wolverine\\\",\\\"by\\\":\\\"Vibranium\\\",\\\"at\\\":\\\"2019-07-29T05:27:55+00:00\\\",\\\"invUssn\\\":48,\\\"isInf\\\":false,\\\"ifa\\\":true,\\\"martAvail\\\":[{\\\"martId\\\":\\\"21\\\",\\\"ia\\\":true}],\\\"clt\\\":\\\"JoJ\\\"}\"}"}
{"id":"E0747D3B17B14C1C92D0AFC4F072F4C4","table":"killmonger_events_table","keyspace":"msku","timestamp":"2019-07-29T05:44:37.021Z","clusteringKeys":["6284","vbIdSellingIdInventoryUpdated/1","1564378911"],"changedColumns":["selling_id","fulfillment_node_id","event_type","update_at","stream_sequence_number","event_data"],"record":"{\"selling_id\":\"E0747D3B17B14C1C92D0AFC4F072F4C4\",\"fulfillment_node_id\":\"6284\",\"event_type\":\"vbIdSellingIdInventoryUpdated/1\",\"update_at\":1564378911,\"stream_sequence_number\":122,\"event_data\":\"{\\\"id\\\":\\\"b38adf15315845c9afada4e6780edd5f\\\",\\\"vbId\\\":\\\"PantherMigrationVbId\\\",\\\"sellingId\\\":\\\"E0747D3B17B14C1C92D0AFC4F072F4C4\\\",\\\"merchantId\\\":\\\"9fc08905039048918982091f266c2a29\\\",\\\"skuId\\\":\\\"PantherMigrationSkuId\\\",\\\"f\\\":0,\\\"fnId\\\":\\\"6284\\\",\\\"by\\\":\\\"Killmonger.Migration.MapInWalmartInvUpdates\\\",\\\"at\\\":\\\"2019-07-29T05:41:51.522+00:00\\\",\\\"invUssn\\\":0,\\\"isInf\\\":false,\\\"ifa\\\":true,\\\"martAvail\\\":[{\\\"martId\\\":\\\"21\\\",\\\"ia\\\":true},{\\\"martId\\\":\\\"0\\\",\\\"ia\\\":true}],\\\"clt\\\":\\\"WoJ\\\"}\"}"}
{"id":"A75EDC9EDC974231A831856A8227F51B","table":"killmonger_events_table","keyspace":"msku","timestamp":"2019-07-29T05:40:44.674Z","clusteringKeys":["3373","vbIdSellingIdInventoryUpdated/1","1564378910"],"changedColumns":["selling_id","fulfillment_node_id","event_type","update_at","stream_sequence_number","event_data"],"record":"{\"selling_id\":\"A75EDC9EDC974231A831856A8227F51B\",\"fulfillment_node_id\":\"3373\",\"event_type\":\"vbIdSellingIdInventoryUpdated/1\",\"update_at\":1564378910,\"stream_sequence_number\":174,\"event_data\":\"{\\\"id\\\":\\\"04ae327b032748e5866c27737620392c\\\",\\\"vbId\\\":\\\"PantherMigrationVbId\\\",\\\"sellingId\\\":\\\"A75EDC9EDC974231A831856A8227F51B\\\",\\\"merchantId\\\":\\\"9fc08905039048918982091f266c2a29\\\",\\\"skuId\\\":\\\"PantherMigrationSkuId\\\",\\\"f\\\":0,\\\"fnId\\\":\\\"3373\\\",\\\"by\\\":\\\"Killmonger.Migration.MapInWalmartInvUpdates\\\",\\\"at\\\":\\\"2019-07-29T05:41:50.721+00:00\\\",\\\"invUssn\\\":0,\\\"isInf\\\":false,\\\"ifa\\\":true,\\\"martAvail\\\":[{\\\"martId\\\":\\\"21\\\",\\\"ia\\\":true},{\\\"martId\\\":\\\"0\\\",\\\"ia\\\":true}],\\\"clt\\\":\\\"WoJ\\\"}\"}"}
{"id":"A75EDC9EDC974231A831856A8227F51B","table":"killmonger_events_table","keyspace":"msku","timestamp":"2019-07-29T05:40:44.674Z","clusteringKeys":["3373","vbIdSellingIdInventoryUpdated/1","1564378910"],"changedColumns":["selling_id","fulfillment_node_id","event_type","update_at","stream_sequence_number","event_data"],"record":"{\"selling_id\":\"A75EDC9EDC974231A831856A8227F51B\",\"fulfillment_node_id\":\"3373\",\"event_type\":\"vbIdSellingIdInventoryUpdated/1\",\"update_at\":1564378910,\"stream_sequence_number\":175,\"event_data\":\"{\\\"id\\\":\\\"04ae327b032748e5866c27737620392c\\\",\\\"vbId\\\":\\\"PantherMigrationVbId\\\",\\\"sellingId\\\":\\\"A75EDC9EDC974231A831856A8227F51B\\\",\\\"merchantId\\\":\\\"9fc08905039048918982091f266c2a29\\\",\\\"skuId\\\":\\\"PantherMigrationSkuId\\\",\\\"f\\\":0,\\\"fnId\\\":\\\"3373\\\",\\\"by\\\":\\\"Killmonger.Migration.MapInWalmartInvUpdates\\\",\\\"at\\\":\\\"2019-07-29T05:41:50.721+00:00\\\",\\\"invUssn\\\":0,\\\"isInf\\\":false,\\\"ifa\\\":true,\\\"martAvail\\\":[{\\\"martId\\\":\\\"21\\\",\\\"ia\\\":true},{\\\"martId\\\":\\\"0\\\",\\\"ia\\\":true}],\\\"clt\\\":\\\"WoJ\\\"}\"}"}
{"id":"0522233b21a44a6e970fbcc46f467fd7","table":"killmonger_events_table","keyspace":"msku","timestamp":"2019-07-29T05:40:44.674Z","clusteringKeys":["fb72b6f9c1e54625a551711f6ee72714","updateVbIdSellingIdInventorySkipped/1","1564378075"],"changedColumns":["selling_id","fulfillment_node_id","event_type","update_at","stream_sequence_number","event_data"],"record":"{\"selling_id\":\"0522233b21a44a6e970fbcc46f467fd7\",\"fulfillment_node_id\":\"fb72b6f9c1e54625a551711f6ee72714\",\"event_type\":\"updateVbIdSellingIdInventorySkipped/1\",\"update_at\":1564378075,\"stream_sequence_number\":37,\"event_data\":\"{\\\"id\\\":\\\"7a38551d8434484b83621ad5b7767738\\\",\\\"vbId\\\":\\\"0522233b21a44a6e970fbcc46f467fd7\\\",\\\"sellingId\\\":\\\"0522233b21a44a6e970fbcc46f467fd7\\\",\\\"merchantId\\\":\\\"e43cf7756d0b4ba8a4e9046774656ce8\\\",\\\"skuId\\\":\\\"0522233b21a44a6e970fbcc46f467fd7\\\",\\\"f\\\":122,\\\"fnId\\\":\\\"fb72b6f9c1e54625a551711f6ee72714\\\",\\\"fnType\\\":\\\"wolverine\\\",\\\"by\\\":\\\"Vibranium\\\",\\\"at\\\":\\\"2019-07-29T05:27:55+00:00\\\",\\\"invUssn\\\":48,\\\"isInf\\\":false}\"}"}
{"id":"D6F5BB1945254EA79D7B9F7B9E24DB2B","table":"killmonger_events_table","keyspace":"msku","timestamp":"2019-07-29T05:45:02.437Z","clusteringKeys":["5868","vbIdSellingIdInventoryUpdated/1","1564378911"],"changedColumns":["selling_id","fulfillment_node_id","event_type","update_at","stream_sequence_number","event_data"],"record":"{\"selling_id\":\"D6F5BB1945254EA79D7B9F7B9E24DB2B\",\"fulfillment_node_id\":\"5868\",\"event_type\":\"vbIdSellingIdInventoryUpdated/1\",\"update_at\":1564378911,\"stream_sequence_number\":141,\"event_data\":\"{\\\"id\\\":\\\"60be73c8e3ff4a5e97a0d29d6545af0b\\\",\\\"vbId\\\":\\\"PantherMigrationVbId\\\",\\\"sellingId\\\":\\\"D6F5BB1945254EA79D7B9F7B9E24DB2B\\\",\\\"merchantId\\\":\\\"9fc08905039048918982091f266c2a29\\\",\\\"skuId\\\":\\\"PantherMigrationSkuId\\\",\\\"f\\\":0,\\\"fnId\\\":\\\"5868\\\",\\\"by\\\":\\\"Killmonger.Migration.MapInWalmartInvUpdates\\\",\\\"at\\\":\\\"2019-07-29T05:41:51.454+00:00\\\",\\\"invUssn\\\":0,\\\"isInf\\\":false,\\\"ifa\\\":true,\\\"martAvail\\\":[{\\\"martId\\\":\\\"21\\\",\\\"ia\\\":true},{\\\"martId\\\":\\\"0\\\",\\\"ia\\\":true}],\\\"clt\\\":\\\"WoJ\\\"}\"}"}
{"id":"D6F5BB1945254EA79D7B9F7B9E24DB2B","table":"killmonger_events_table","keyspace":"msku","timestamp":"2019-07-29T05:45:02.437Z","clusteringKeys":["5868","vbIdSellingIdInventoryUpdated/1","1564378911"],"changedColumns":["selling_id","fulfillment_node_id","event_type","update_at","stream_sequence_number","event_data"],"record":"{\"selling_id\":\"D6F5BB1945254EA79D7B9F7B9E24DB2B\",\"fulfillment_node_id\":\"5868\",\"event_type\":\"vbIdSellingIdInventoryUpdated/1\",\"update_at\":1564378911,\"stream_sequence_number\":142,\"event_data\":\"{\\\"id\\\":\\\"60be73c8e3ff4a5e97a0d29d6545af0b\\\",\\\"vbId\\\":\\\"PantherMigrationVbId\\\",\\\"sellingId\\\":\\\"D6F5BB1945254EA79D7B9F7B9E24DB2B\\\",\\\"merchantId\\\":\\\"9fc08905039048918982091f266c2a29\\\",\\\"skuId\\\":\\\"PantherMigrationSkuId\\\",\\\"f\\\":0,\\\"fnId\\\":\\\"5868\\\",\\\"by\\\":\\\"Killmonger.Migration.MapInWalmartInvUpdates\\\",\\\"at\\\":\\\"2019-07-29T05:41:51.454+00:00\\\",\\\"invUssn\\\":0,\\\"isInf\\\":false,\\\"ifa\\\":true,\\\"martAvail\\\":[{\\\"martId\\\":\\\"21\\\",\\\"ia\\\":true},{\\\"martId\\\":\\\"0\\\",\\\"ia\\\":true}],\\\"clt\\\":\\\"WoJ\\\"}\"}"}
{"id":"6a09ec2570954e5ebfadcdd1c6cd03b9","table":"killmonger_events_table","keyspace":"msku","timestamp":"2019-07-29T05:45:02.437Z","clusteringKeys":["7805712544f24c3e8a77aa3edfbafb44","vbIdSellingIdInventoryUpdated/1","1564378203"],"changedColumns":["selling_id","fulfillment_node_id","event_type","update_at","stream_sequence_number","event_data"],"record":"{\"selling_id\":\"6a09ec2570954e5ebfadcdd1c6cd03b9\",\"fulfillment_node_id\":\"7805712544f24c3e8a77aa3edfbafb44\",\"event_type\":\"vbIdSellingIdInventoryUpdated/1\",\"update_at\":1564378203,\"stream_sequence_number\":4818,\"event_data\":\"{\\\"id\\\":\\\"ca22aac770674beb82b7add11434c367\\\",\\\"vbId\\\":\\\"6a09ec2570954e5ebfadcdd1c6cd03b9\\\",\\\"sellingId\\\":\\\"6a09ec2570954e5ebfadcdd1c6cd03b9\\\",\\\"merchantId\\\":\\\"3cf95c5eee51409bb6c7faab7f9198ad\\\",\\\"skuId\\\":\\\"6a09ec2570954e5ebfadcdd1c6cd03b9\\\",\\\"f\\\":43,\\\"fnId\\\":\\\"7805712544f24c3e8a77aa3edfbafb44\\\",\\\"fnType\\\":\\\"wolverine\\\",\\\"by\\\":\\\"Vibranium\\\",\\\"at\\\":\\\"2019-07-29T05:30:03+00:00\\\",\\\"invUssn\\\":4163,\\\"isInf\\\":false,\\\"ifa\\\":true,\\\"martAvail\\\":[{\\\"martId\\\":\\\"21\\\",\\\"ia\\\":true}],\\\"clt\\\":\\\"JoJ\\\"}\"}"}
{"id":"7843cfe5a73c4e14bfde5fdcfa1d09fb","table":"killmonger_events_table","keyspace":"msku","timestamp":"2019-07-29T05:40:44.677Z","clusteringKeys":["fb72b6f9c1e54625a551711f6ee72714","updateVbIdSellingIdInventorySkipped/1","1564378274"],"changedColumns":["selling_id","fulfillment_node_id","event_type","update_at","stream_sequence_number","event_data"],"record":"{\"selling_id\":\"7843cfe5a73c4e14bfde5fdcfa1d09fb\",\"fulfillment_node_id\":\"fb72b6f9c1e54625a551711f6ee72714\",\"event_type\":\"updateVbIdSellingIdInventorySkipped/1\",\"update_at\":1564378274,\"stream_sequence_number\":41,\"event_data\":\"{\\\"id\\\":\\\"2026c40ee6ec486f9f9c1361ee225566\\\",\\\"vbId\\\":\\\"7843cfe5a73c4e14bfde5fdcfa1d09fb\\\",\\\"sellingId\\\":\\\"7843cfe5a73c4e14bfde5fdcfa1d09fb\\\",\\\"merchantId\\\":\\\"e43cf7756d0b4ba8a4e9046774656ce8\\\",\\\"skuId\\\":\\\"7843cfe5a73c4e14bfde5fdcfa1d09fb\\\",\\\"f\\\":106,\\\"fnId\\\":\\\"fb72b6f9c1e54625a551711f6ee72714\\\",\\\"fnType\\\":\\\"wolverine\\\",\\\"by\\\":\\\"Vibranium\\\",\\\"at\\\":\\\"2019-07-29T05:31:14+00:00\\\",\\\"invUssn\\\":48,\\\"isInf\\\":false}\"}"}
{"id":"7843cfe5a73c4e14bfde5fdcfa1d09fb","table":"killmonger_events_table","keyspace":"msku","timestamp":"2019-07-29T05:40:44.678Z","clusteringKeys":["fb72b6f9c1e54625a551711f6ee72714","updateVbIdSellingIdInventorySkipped/1","1564378274"],"changedColumns":["selling_id","fulfillment_node_id","event_type","update_at","stream_sequence_number","event_data"],"record":"{\"selling_id\":\"7843cfe5a73c4e14bfde5fdcfa1d09fb\",\"fulfillment_node_id\":\"fb72b6f9c1e54625a551711f6ee72714\",\"event_type\":\"updateVbIdSellingIdInventorySkipped/1\",\"update_at\":1564378274,\"stream_sequence_number\":42,\"event_data\":\"{\\\"id\\\":\\\"2026c40ee6ec486f9f9c1361ee225566\\\",\\\"vbId\\\":\\\"7843cfe5a73c4e14bfde5fdcfa1d09fb\\\",\\\"sellingId\\\":\\\"7843cfe5a73c4e14bfde5fdcfa1d09fb\\\",\\\"merchantId\\\":\\\"e43cf7756d0b4ba8a4e9046774656ce8\\\",\\\"skuId\\\":\\\"7843cfe5a73c4e14bfde5fdcfa1d09fb\\\",\\\"f\\\":106,\\\"fnId\\\":\\\"fb72b6f9c1e54625a551711f6ee72714\\\",\\\"fnType\\\":\\\"wolverine\\\",\\\"by\\\":\\\"Vibranium\\\",\\\"at\\\":\\\"2019-07-29T05:31:14+00:00\\\",\\\"invUssn\\\":48,\\\"isInf\\\":false}\"}"}
{"id":"AF2126CAB31D4F6D98DA9686289BC33A","table":"killmonger_events_table","keyspace":"msku","timestamp":"2019-07-29T05:40:44.682Z","clusteringKeys":["3559","vbIdSellingIdInventoryUpdated/1","1564378912"],"changedColumns":["selling_id","fulfillment_node_id","event_type","update_at","stream_sequence_number","event_data"],"record":"{\"selling_id\":\"AF2126CAB31D4F6D98DA9686289BC33A\",\"fulfillment_node_id\":\"3559\",\"event_type\":\"vbIdSellingIdInventoryUpdated/1\",\"update_at\":1564378912,\"stream_sequence_number\":132,\"event_data\":\"{\\\"id\\\":\\\"d65a786b29c94cc3b17844462f31ec37\\\",\\\"vbId\\\":\\\"PantherMigrationVbId\\\",\\\"sellingId\\\":\\\"AF2126CAB31D4F6D98DA9686289BC33A\\\",\\\"merchantId\\\":\\\"9fc08905039048918982091f266c2a29\\\",\\\"skuId\\\":\\\"PantherMigrationSkuId\\\",\\\"f\\\":0,\\\"fnId\\\":\\\"3559\\\",\\\"by\\\":\\\"Killmonger.Migration.MapInWalmartInvUpdates\\\",\\\"at\\\":\\\"2019-07-29T05:41:52.911+00:00\\\",\\\"invUssn\\\":0,\\\"isInf\\\":false,\\\"ifa\\\":true,\\\"martAvail\\\":[{\\\"martId\\\":\\\"21\\\",\\\"ia\\\":true},{\\\"martId\\\":\\\"0\\\",\\\"ia\\\":true}],\\\"clt\\\":\\\"WoJ\\\"}\"}"}
{"id":"7588471e3f6a4b149123077864473b98","table":"killmonger_events_table","keyspace":"msku","timestamp":"2019-07-29T05:44:37.027Z","clusteringKeys":["fb72b6f9c1e54625a551711f6ee72714","updateVbIdSellingIdInventorySkipped/1","1564374967"],"changedColumns":["selling_id","fulfillment_node_id","event_type","update_at","stream_sequence_number","event_data"],"record":"{\"selling_id\":\"7588471e3f6a4b149123077864473b98\",\"fulfillment_node_id\":\"fb72b6f9c1e54625a551711f6ee72714\",\"event_type\":\"updateVbIdSellingIdInventorySkipped/1\",\"update_at\":1564374967,\"stream_sequence_number\":40,\"event_data\":\"{\\\"id\\\":\\\"5dc6ee6442ea47b68bf232b91f2384e2\\\",\\\"vbId\\\":\\\"7588471e3f6a4b149123077864473b98\\\",\\\"sellingId\\\":\\\"7588471e3f6a4b149123077864473b98\\\",\\\"merchantId\\\":\\\"e43cf7756d0b4ba8a4e9046774656ce8\\\",\\\"skuId\\\":\\\"7588471e3f6a4b149123077864473b98\\\",\\\"f\\\":111,\\\"fnId\\\":\\\"fb72b6f9c1e54625a551711f6ee72714\\\",\\\"fnType\\\":\\\"wolverine\\\",\\\"by\\\":\\\"Vibranium\\\",\\\"at\\\":\\\"2019-07-29T04:36:07+00:00\\\",\\\"invUssn\\\":48,\\\"isInf\\\":false}\"}"}
{"id":"f2f1d7bb389842d998f61575ad35b10f","table":"killmonger_events_table","keyspace":"msku","timestamp":"2019-07-29T05:45:02.445Z","clusteringKeys":["161ef5d50fd64967b6867805ef1a285d","vbIdSellingIdInventoryUpdated/1","1564378195"],"changedColumns":["selling_id","fulfillment_node_id","event_type","update_at","stream_sequence_number","event_data"],"record":"{\"selling_id\":\"f2f1d7bb389842d998f61575ad35b10f\",\"fulfillment_node_id\":\"161ef5d50fd64967b6867805ef1a285d\",\"event_type\":\"vbIdSellingIdInventoryUpdated/1\",\"update_at\":1564378195,\"stream_sequence_number\":176,\"event_data\":\"{\\\"id\\\":\\\"4e370e8cdc174833ab59d261252cced6\\\",\\\"vbId\\\":\\\"f2f1d7bb389842d998f61575ad35b10f\\\",\\\"sellingId\\\":\\\"f2f1d7bb389842d998f61575ad35b10f\\\",\\\"merchantId\\\":\\\"11d010f610f348e38342912be02e1450\\\",\\\"skuId\\\":\\\"f2f1d7bb389842d998f61575ad35b10f\\\",\\\"f\\\":36,\\\"fnId\\\":\\\"161ef5d50fd64967b6867805ef1a285d\\\",\\\"fnType\\\":\\\"wolverine\\\",\\\"by\\\":\\\"Vibranium\\\",\\\"at\\\":\\\"2019-07-29T05:29:55+00:00\\\",\\\"invUssn\\\":189,\\\"isInf\\\":false,\\\"ifa\\\":true,\\\"martAvail\\\":[{\\\"martId\\\":\\\"21\\\",\\\"ia\\\":true}],\\\"clt\\\":\\\"JoJ\\\"}\"}"}
{"id":"C835A360A9434C369A8DD16DFD4295A6","table":"killmonger_events_table","keyspace":"msku","timestamp":"2019-07-29T05:45:02.445Z","clusteringKeys":["10000012970","vbIdSellingIdInventoryUpdated/1","1564375532"],"changedColumns":["selling_id","fulfillment_node_id","event_type","update_at","stream_sequence_number","event_data"],"record":"{\"selling_id\":\"C835A360A9434C369A8DD16DFD4295A6\",\"fulfillment_node_id\":\"10000012970\",\"event_type\":\"vbIdSellingIdInventoryUpdated/1\",\"update_at\":1564375532,\"stream_sequence_number\":3399,\"event_data\":\"{\\\"id\\\":\\\"2d4b1c5741c84500bd7ea7d87116fa7a\\\",\\\"vbId\\\":\\\"4710944225075-12863\\\",\\\"sellingId\\\":\\\"C835A360A9434C369A8DD16DFD4295A6\\\",\\\"merchantId\\\":\\\"12863\\\",\\\"skuId\\\":\\\"4710944225075\\\",\\\"f\\\":2,\\\"fnId\\\":\\\"10000012970\\\",\\\"fnType\\\":\\\"MARKETPLACE\\\",\\\"by\\\":\\\"Vibranium\\\",\\\"at\\\":\\\"2019-07-29T04:45:32+00:00\\\",\\\"invUssn\\\":2856,\\\"catUssn\\\":2,\\\"isInf\\\":false,\\\"ifa\\\":true,\\\"martAvail\\\":[{\\\"martId\\\":\\\"0\\\",\\\"ia\\\":true}],\\\"clt\\\":\\\"WoW\\\"}\"}"}
{"id":"030758aa13254c47aa99d80c00a154fb","table":"killmonger_events_table","keyspace":"msku","timestamp":"2019-07-29T05:45:02.446Z","clusteringKeys":["161ef5d50fd64967b6867805ef1a285d","vbIdSellingIdInventoryUpdated/1","1564378195"],"changedColumns":["selling_id","fulfillment_node_id","event_type","update_at","stream_sequence_number","event_data"],"record":"{\"selling_id\":\"030758aa13254c47aa99d80c00a154fb\",\"fulfillment_node_id\":\"161ef5d50fd64967b6867805ef1a285d\",\"event_type\":\"vbIdSellingIdInventoryUpdated/1\",\"update_at\":1564378195,\"stream_sequence_number\":170,\"event_data\":\"{\\\"id\\\":\\\"c9a39b9da99146b5abeb3c8efb83da96\\\",\\\"vbId\\\":\\\"030758aa13254c47aa99d80c00a154fb\\\",\\\"sellingId\\\":\\\"030758aa13254c47aa99d80c00a154fb\\\",\\\"merchantId\\\":\\\"11d010f610f348e38342912be02e1450\\\",\\\"skuId\\\":\\\"030758aa13254c47aa99d80c00a154fb\\\",\\\"f\\\":36,\\\"fnId\\\":\\\"161ef5d50fd64967b6867805ef1a285d\\\",\\\"fnType\\\":\\\"wolverine\\\",\\\"by\\\":\\\"Vibranium\\\",\\\"at\\\":\\\"2019-07-29T05:29:55+00:00\\\",\\\"invUssn\\\":189,\\\"isInf\\\":false,\\\"ifa\\\":true,\\\"martAvail\\\":[{\\\"martId\\\":\\\"21\\\",\\\"ia\\\":true}],\\\"clt\\\":\\\"JoJ\\\"}\"}"}
{"id":"4D3C21535F3E4DC287C1FA31B14B2DA6","table":"killmonger_events_table","keyspace":"msku","timestamp":"2019-07-29T05:44:37.031Z","clusteringKeys":["3373","vbIdSellingIdInventoryUpdated/1","1564378910"],"changedColumns":["selling_id","fulfillment_node_id","event_type","update_at","stream_sequence_number","event_data"],"record":"{\"selling_id\":\"4D3C21535F3E4DC287C1FA31B14B2DA6\",\"fulfillment_node_id\":\"3373\",\"event_type\":\"vbIdSellingIdInventoryUpdated/1\",\"update_at\":1564378910,\"stream_sequence_number\":148,\"event_data\":\"{\\\"id\\\":\\\"0efc6c9ab3d94d868163d55e81a1332b\\\",\\\"vbId\\\":\\\"PantherMigrationVbId\\\",\\\"sellingId\\\":\\\"4D3C21535F3E4DC287C1FA31B14B2DA6\\\",\\\"merchantId\\\":\\\"9fc08905039048918982091f266c2a29\\\",\\\"skuId\\\":\\\"PantherMigrationSkuId\\\",\\\"f\\\":0,\\\"fnId\\\":\\\"3373\\\",\\\"by\\\":\\\"Killmonger.Migration.MapInWalmartInvUpdates\\\",\\\"at\\\":\\\"2019-07-29T05:41:50.126+00:00\\\",\\\"invUssn\\\":0,\\\"isInf\\\":false,\\\"ifa\\\":true,\\\"martAvail\\\":[{\\\"martId\\\":\\\"21\\\",\\\"ia\\\":true},{\\\"martId\\\":\\\"0\\\",\\\"ia\\\":true}],\\\"clt\\\":\\\"WoJ\\\"}\"}"}
{"id":"4D3C21535F3E4DC287C1FA31B14B2DA6","table":"killmonger_events_table","keyspace":"msku","timestamp":"2019-07-29T05:44:37.031Z","clusteringKeys":["3373","vbIdSellingIdInventoryUpdated/1","1564378910"],"changedColumns":["selling_id","fulfillment_node_id","event_type","update_at","stream_sequence_number","event_data"],"record":"{\"selling_id\":\"4D3C21535F3E4DC287C1FA31B14B2DA6\",\"fulfillment_node_id\":\"3373\",\"event_type\":\"vbIdSellingIdInventoryUpdated/1\",\"update_at\":1564378910,\"stream_sequence_number\":149,\"event_data\":\"{\\\"id\\\":\\\"0efc6c9ab3d94d868163d55e81a1332b\\\",\\\"vbId\\\":\\\"PantherMigrationVbId\\\",\\\"sellingId\\\":\\\"4D3C21535F3E4DC287C1FA31B14B2DA6\\\",\\\"merchantId\\\":\\\"9fc08905039048918982091f266c2a29\\\",\\\"skuId\\\":\\\"PantherMigrationSkuId\\\",\\\"f\\\":0,\\\"fnId\\\":\\\"3373\\\",\\\"by\\\":\\\"Killmonger.Migration.MapInWalmartInvUpdates\\\",\\\"at\\\":\\\"2019-07-29T05:41:50.126+00:00\\\",\\\"invUssn\\\":0,\\\"isInf\\\":false,\\\"ifa\\\":true,\\\"martAvail\\\":[{\\\"martId\\\":\\\"21\\\",\\\"ia\\\":true},{\\\"martId\\\":\\\"0\\\",\\\"ia\\\":true}],\\\"clt\\\":\\\"WoJ\\\"}\"}"}
{"id":"6a526942104b4187a2d8c1a091b734f2","table":"killmonger_events_table","keyspace":"msku","timestamp":"2019-07-29T05:44:37.032Z","clusteringKeys":["1ad6147479b841849d63874b2a9e6552","updateVbIdSellingIdInventorySkipped/1","1564378021"],"changedColumns":["selling_id","fulfillment_node_id","event_type","update_at","stream_sequence_number","event_data"],"record":"{\"selling_id\":\"6a526942104b4187a2d8c1a091b734f2\",\"fulfillment_node_id\":\"1ad6147479b841849d63874b2a9e6552\",\"event_type\":\"updateVbIdSellingIdInventorySkipped/1\",\"update_at\":1564378021,\"stream_sequence_number\":4015,\"event_data\":\"{\\\"id\\\":\\\"cee1ae544d9a40838c55bd76b4ec5c06\\\",\\\"vbId\\\":\\\"6a526942104b4187a2d8c1a091b734f2\\\",\\\"sellingId\\\":\\\"6a526942104b4187a2d8c1a091b734f2\\\",\\\"merchantId\\\":\\\"a1cd8976329a41ae85739f65376fc756\\\",\\\"skuId\\\":\\\"6a526942104b4187a2d8c1a091b734f2\\\",\\\"f\\\":4,\\\"fnId\\\":\\\"1ad6147479b841849d63874b2a9e6552\\\",\\\"fnType\\\":\\\"wolverine\\\",\\\"by\\\":\\\"Vibranium\\\",\\\"at\\\":\\\"2019-07-29T05:27:01+00:00\\\",\\\"invUssn\\\":5149,\\\"isInf\\\":false}\"}"}
{"id":"6a526942104b4187a2d8c1a091b734f2","table":"killmonger_events_table","keyspace":"msku","timestamp":"2019-07-29T05:44:37.032Z","clusteringKeys":["1ad6147479b841849d63874b2a9e6552","updateVbIdSellingIdInventorySkipped/1","1564378021"],"changedColumns":["selling_id","fulfillment_node_id","event_type","update_at","stream_sequence_number","event_data"],"record":"{\"selling_id\":\"6a526942104b4187a2d8c1a091b734f2\",\"fulfillment_node_id\":\"1ad6147479b841849d63874b2a9e6552\",\"event_type\":\"updateVbIdSellingIdInventorySkipped/1\",\"update_at\":1564378021,\"stream_sequence_number\":4016,\"event_data\":\"{\\\"id\\\":\\\"cee1ae544d9a40838c55bd76b4ec5c06\\\",\\\"vbId\\\":\\\"6a526942104b4187a2d8c1a091b734f2\\\",\\\"sellingId\\\":\\\"6a526942104b4187a2d8c1a091b734f2\\\",\\\"merchantId\\\":\\\"a1cd8976329a41ae85739f65376fc756\\\",\\\"skuId\\\":\\\"6a526942104b4187a2d8c1a091b734f2\\\",\\\"f\\\":4,\\\"fnId\\\":\\\"1ad6147479b841849d63874b2a9e6552\\\",\\\"fnType\\\":\\\"wolverine\\\",\\\"by\\\":\\\"Vibranium\\\",\\\"at\\\":\\\"2019-07-29T05:27:01+00:00\\\",\\\"invUssn\\\":5149,\\\"isInf\\\":false}\"}"}
{"id":"705EA908A2A746239D1033EFD79E485D","table":"killmonger_events_table","keyspace":"msku","timestamp":"2019-07-29T05:40:44.686Z","clusteringKeys":["2379","vbIdSellingIdInventoryUpdated/1","1564378910"],"changedColumns":["selling_id","fulfillment_node_id","event_type","update_at","stream_sequence_number","event_data"],"record":"{\"selling_id\":\"705EA908A2A746239D1033EFD79E485D\",\"fulfillment_node_id\":\"2379\",\"event_type\":\"vbIdSellingIdInventoryUpdated/1\",\"update_at\":1564378910,\"stream_sequence_number\":146,\"event_data\":\"{\\\"id\\\":\\\"2c7412af11dc45438c285d1a040bf864\\\",\\\"vbId\\\":\\\"PantherMigrationVbId\\\",\\\"sellingId\\\":\\\"705EA908A2A746239D1033EFD79E485D\\\",\\\"merchantId\\\":\\\"9fc08905039048918982091f266c2a29\\\",\\\"skuId\\\":\\\"PantherMigrationSkuId\\\",\\\"f\\\":0,\\\"fnId\\\":\\\"2379\\\",\\\"by\\\":\\\"Killmonger.Migration.MapInWalmartInvUpdates\\\",\\\"at\\\":\\\"2019-07-29T05:41:50.834+00:00\\\",\\\"invUssn\\\":0,\\\"isInf\\\":false,\\\"ifa\\\":true,\\\"martAvail\\\":[{\\\"martId\\\":\\\"21\\\",\\\"ia\\\":true},{\\\"martId\\\":\\\"0\\\",\\\"ia\\\":true}],\\\"clt\\\":\\\"WoJ\\\"}\"}"}
{"id":"705EA908A2A746239D1033EFD79E485D","table":"killmonger_events_table","keyspace":"msku","timestamp":"2019-07-29T05:40:44.686Z","clusteringKeys":["2379","vbIdSellingIdInventoryUpdated/1","1564378910"],"changedColumns":["selling_id","fulfillment_node_id","event_type","update_at","stream_sequence_number","event_data"],"record":"{\"selling_id\":\"705EA908A2A746239D1033EFD79E485D\",\"fulfillment_node_id\":\"2379\",\"event_type\":\"vbIdSellingIdInventoryUpdated/1\",\"update_at\":1564378910,\"stream_sequence_number\":147,\"event_data\":\"{\\\"id\\\":\\\"2c7412af11dc45438c285d1a040bf864\\\",\\\"vbId\\\":\\\"PantherMigrationVbId\\\",\\\"sellingId\\\":\\\"705EA908A2A746239D1033EFD79E485D\\\",\\\"merchantId\\\":\\\"9fc08905039048918982091f266c2a29\\\",\\\"skuId\\\":\\\"PantherMigrationSkuId\\\",\\\"f\\\":0,\\\"fnId\\\":\\\"2379\\\",\\\"by\\\":\\\"Killmonger.Migration.MapInWalmartInvUpdates\\\",\\\"at\\\":\\\"2019-07-29T05:41:50.834+00:00\\\",\\\"invUssn\\\":0,\\\"isInf\\\":false,\\\"ifa\\\":true,\\\"martAvail\\\":[{\\\"martId\\\":\\\"21\\\",\\\"ia\\\":true},{\\\"martId\\\":\\\"0\\\",\\\"ia\\\":true}],\\\"clt\\\":\\\"WoJ\\\"}\"}"}
{"id":"da5728c66d454a13893d567eced2a737","table":"killmonger_events_table","keyspace":"msku","timestamp":"2019-07-29T05:45:02.451Z","clusteringKeys":["7d029b0996bd4f16bbd74454bab3ab2e","vbIdSellingIdInventoryUpdated/1","1564378274"],"changedColumns":["selling_id","fulfillment_node_id","event_type","update_at","stream_sequence_number","event_data"],"record":"{\"selling_id\":\"da5728c66d454a13893d567eced2a737\",\"fulfillment_node_id\":\"7d029b0996bd4f16bbd74454bab3ab2e\",\"event_type\":\"vbIdSellingIdInventoryUpdated/1\",\"update_at\":1564378274,\"stream_sequence_number\":48,\"event_data\":\"{\\\"id\\\":\\\"6d0a4d3da13c4732a0d3411098e04061\\\",\\\"vbId\\\":\\\"da5728c66d454a13893d567eced2a737\\\",\\\"sellingId\\\":\\\"da5728c66d454a13893d567eced2a737\\\",\\\"merchantId\\\":\\\"e43cf7756d0b4ba8a4e9046774656ce8\\\",\\\"skuId\\\":\\\"da5728c66d454a13893d567eced2a737\\\",\\\"f\\\":120,\\\"fnId\\\":\\\"7d029b0996bd4f16bbd74454bab3ab2e\\\",\\\"fnType\\\":\\\"wolverine\\\",\\\"by\\\":\\\"Vibranium\\\",\\\"at\\\":\\\"2019-07-29T05:31:14+00:00\\\",\\\"invUssn\\\":49,\\\"isInf\\\":false,\\\"ifa\\\":true,\\\"martAvail\\\":[{\\\"martId\\\":\\\"21\\\",\\\"ia\\\":true}],\\\"clt\\\":\\\"JoJ\\\"}\"}"}
{"id":"da5728c66d454a13893d567eced2a737","table":"killmonger_events_table","keyspace":"msku","timestamp":"2019-07-29T05:45:02.452Z","clusteringKeys":["7d029b0996bd4f16bbd74454bab3ab2e","updateVbIdSellingIdInventorySkipped/1","1564378274"],"changedColumns":["selling_id","fulfillment_node_id","event_type","update_at","stream_sequence_number","event_data"],"record":"{\"selling_id\":\"da5728c66d454a13893d567eced2a737\",\"fulfillment_node_id\":\"7d029b0996bd4f16bbd74454bab3ab2e\",\"event_type\":\"updateVbIdSellingIdInventorySkipped/1\",\"update_at\":1564378274,\"stream_sequence_number\":49,\"event_data\":\"{\\\"id\\\":\\\"6d0a4d3da13c4732a0d3411098e04061\\\",\\\"vbId\\\":\\\"da5728c66d454a13893d567eced2a737\\\",\\\"sellingId\\\":\\\"da5728c66d454a13893d567eced2a737\\\",\\\"merchantId\\\":\\\"e43cf7756d0b4ba8a4e9046774656ce8\\\",\\\"skuId\\\":\\\"da5728c66d454a13893d567eced2a737\\\",\\\"f\\\":120,\\\"fnId\\\":\\\"7d029b0996bd4f16bbd74454bab3ab2e\\\",\\\"fnType\\\":\\\"wolverine\\\",\\\"by\\\":\\\"Vibranium\\\",\\\"at\\\":\\\"2019-07-29T05:31:14+00:00\\\",\\\"invUssn\\\":49,\\\"isInf\\\":false}\"}"}
{"id":"3F271DC3A62C45328552EEBD1C73267B","table":"killmonger_events_table","keyspace":"msku","timestamp":"2019-07-29T05:45:03.505Z","clusteringKeys":["2381","vbIdSellingIdInventoryUpdated/1","1564378908"],"changedColumns":["selling_id","fulfillment_node_id","event_type","update_at","stream_sequence_number","event_data"],"record":"{\"selling_id\":\"3F271DC3A62C45328552EEBD1C73267B\",\"fulfillment_node_id\":\"2381\",\"event_type\":\"vbIdSellingIdInventoryUpdated/1\",\"update_at\":1564378908,\"stream_sequence_number\":150,\"event_data\":\"{\\\"id\\\":\\\"7c433e3ed4c6436eb0029fb9bc7720fd\\\",\\\"vbId\\\":\\\"PantherMigrationVbId\\\",\\\"sellingId\\\":\\\"3F271DC3A62C45328552EEBD1C73267B\\\",\\\"merchantId\\\":\\\"9fc08905039048918982091f266c2a29\\\",\\\"skuId\\\":\\\"PantherMigrationSkuId\\\",\\\"f\\\":0,\\\"fnId\\\":\\\"2381\\\",\\\"by\\\":\\\"Killmonger.Migration.MapInWalmartInvUpdates\\\",\\\"at\\\":\\\"2019-07-29T05:41:48.069+00:00\\\",\\\"invUssn\\\":0,\\\"isInf\\\":false,\\\"ifa\\\":true,\\\"martAvail\\\":[{\\\"martId\\\":\\\"21\\\",\\\"ia\\\":true},{\\\"martId\\\":\\\"0\\\",\\\"ia\\\":true}],\\\"clt\\\":\\\"WoJ\\\"}\"}"}
{"id":"3F271DC3A62C45328552EEBD1C73267B","table":"killmonger_events_table","keyspace":"msku","timestamp":"2019-07-29T05:45:03.505Z","clusteringKeys":["2381","vbIdSellingIdInventoryUpdated/1","1564378908"],"changedColumns":["selling_id","fulfillment_node_id","event_type","update_at","stream_sequence_number","event_data"],"record":"{\"selling_id\":\"3F271DC3A62C45328552EEBD1C73267B\",\"fulfillment_node_id\":\"2381\",\"event_type\":\"vbIdSellingIdInventoryUpdated/1\",\"update_at\":1564378908,\"stream_sequence_number\":151,\"event_data\":\"{\\\"id\\\":\\\"7c433e3ed4c6436eb0029fb9bc7720fd\\\",\\\"vbId\\\":\\\"PantherMigrationVbId\\\",\\\"sellingId\\\":\\\"3F271DC3A62C45328552EEBD1C73267B\\\",\\\"merchantId\\\":\\\"9fc08905039048918982091f266c2a29\\\",\\\"skuId\\\":\\\"PantherMigrationSkuId\\\",\\\"f\\\":0,\\\"fnId\\\":\\\"2381\\\",\\\"by\\\":\\\"Killmonger.Migration.MapInWalmartInvUpdates\\\",\\\"at\\\":\\\"2019-07-29T05:41:48.069+00:00\\\",\\\"invUssn\\\":0,\\\"isInf\\\":false,\\\"ifa\\\":true,\\\"martAvail\\\":[{\\\"martId\\\":\\\"21\\\",\\\"ia\\\":true},{\\\"martId\\\":\\\"0\\\",\\\"ia\\\":true}],\\\"clt\\\":\\\"WoJ\\\"}\"}"}
{"id":"da5728c66d454a13893d567eced2a737","table":"killmonger_events_table","keyspace":"msku","timestamp":"2019-07-29T05:45:02.452Z","clusteringKeys":["7d029b0996bd4f16bbd74454bab3ab2e","updateVbIdSellingIdInventorySkipped/1","1564378274"],"changedColumns":["selling_id","fulfillment_node_id","event_type","update_at","stream_sequence_number","event_data"],"record":"{\"selling_id\":\"da5728c66d454a13893d567eced2a737\",\"fulfillment_node_id\":\"7d029b0996bd4f16bbd74454bab3ab2e\",\"event_type\":\"updateVbIdSellingIdInventorySkipped/1\",\"update_at\":1564378274,\"stream_sequence_number\":50,\"event_data\":\"{\\\"id\\\":\\\"6d0a4d3da13c4732a0d3411098e04061\\\",\\\"vbId\\\":\\\"da5728c66d454a13893d567eced2a737\\\",\\\"sellingId\\\":\\\"da5728c66d454a13893d567eced2a737\\\",\\\"merchantId\\\":\\\"e43cf7756d0b4ba8a4e9046774656ce8\\\",\\\"skuId\\\":\\\"da5728c66d454a13893d567eced2a737\\\",\\\"f\\\":120,\\\"fnId\\\":\\\"7d029b0996bd4f16bbd74454bab3ab2e\\\",\\\"fnType\\\":\\\"wolverine\\\",\\\"by\\\":\\\"Vibranium\\\",\\\"at\\\":\\\"2019-07-29T05:31:14+00:00\\\",\\\"invUssn\\\":49,\\\"isInf\\\":false}\"}"}
{"id":"0b0815d6c35841bba4aa05a001260f5f","table":"killmonger_events_table","keyspace":"msku","timestamp":"2019-07-29T05:40:44.695Z","clusteringKeys":["0a633d9fe80f4a45b6fdf372a649be0c","updateVbIdSellingIdInventorySkipped/1","1564378274"],"changedColumns":["selling_id","fulfillment_node_id","event_type","update_at","stream_sequence_number","event_data"],"record":"{\"selling_id\":\"0b0815d6c35841bba4aa05a001260f5f\",\"fulfillment_node_id\":\"0a633d9fe80f4a45b6fdf372a649be0c\",\"event_type\":\"updateVbIdSellingIdInventorySkipped/1\",\"update_at\":1564378274,\"stream_sequence_number\":42,\"event_data\":\"{\\\"id\\\":\\\"d8c75d533ca8498393f9c4316968ea47\\\",\\\"vbId\\\":\\\"0b0815d6c35841bba4aa05a001260f5f\\\",\\\"sellingId\\\":\\\"0b0815d6c35841bba4aa05a001260f5f\\\",\\\"merchantId\\\":\\\"e43cf7756d0b4ba8a4e9046774656ce8\\\",\\\"skuId\\\":\\\"0b0815d6c35841bba4aa05a001260f5f\\\",\\\"f\\\":131,\\\"fnId\\\":\\\"0a633d9fe80f4a45b6fdf372a649be0c\\\",\\\"fnType\\\":\\\"wolverine\\\",\\\"by\\\":\\\"Vibranium\\\",\\\"at\\\":\\\"2019-07-29T05:31:14+00:00\\\",\\\"invUssn\\\":50,\\\"isInf\\\":false}\"}"}
{"id":"0b0815d6c35841bba4aa05a001260f5f","table":"killmonger_events_table","keyspace":"msku","timestamp":"2019-07-29T05:40:44.695Z","clusteringKeys":["0a633d9fe80f4a45b6fdf372a649be0c","updateVbIdSellingIdInventorySkipped/1","1564378274"],"changedColumns":["selling_id","fulfillment_node_id","event_type","update_at","stream_sequence_number","event_data"],"record":"{\"selling_id\":\"0b0815d6c35841bba4aa05a001260f5f\",\"fulfillment_node_id\":\"0a633d9fe80f4a45b6fdf372a649be0c\",\"event_type\":\"updateVbIdSellingIdInventorySkipped/1\",\"update_at\":1564378274,\"stream_sequence_number\":43,\"event_data\":\"{\\\"id\\\":\\\"d8c75d533ca8498393f9c4316968ea47\\\",\\\"vbId\\\":\\\"0b0815d6c35841bba4aa05a001260f5f\\\",\\\"sellingId\\\":\\\"0b0815d6c35841bba4aa05a001260f5f\\\",\\\"merchantId\\\":\\\"e43cf7756d0b4ba8a4e9046774656ce8\\\",\\\"skuId\\\":\\\"0b0815d6c35841bba4aa05a001260f5f\\\",\\\"f\\\":131,\\\"fnId\\\":\\\"0a633d9fe80f4a45b6fdf372a649be0c\\\",\\\"fnType\\\":\\\"wolverine\\\",\\\"by\\\":\\\"Vibranium\\\",\\\"at\\\":\\\"2019-07-29T05:31:14+00:00\\\",\\\"invUssn\\\":50,\\\"isInf\\\":false}\"}"}
{"id":"37B9F716800E4A92A7BC2395EE2912B5","table":"killmonger_events_table","keyspace":"msku","timestamp":"2019-07-29T05:45:02.457Z","clusteringKeys":["10000001408","vbIdSellingIdInventoryUpdated/1","1564375411"],"changedColumns":["selling_id","fulfillment_node_id","event_type","update_at","stream_sequence_number","event_data"],"record":"{\"selling_id\":\"37B9F716800E4A92A7BC2395EE2912B5\",\"fulfillment_node_id\":\"10000001408\",\"event_type\":\"vbIdSellingIdInventoryUpdated/1\",\"update_at\":1564375411,\"stream_sequence_number\":5960,\"event_data\":\"{\\\"id\\\":\\\"1f8408da9c5d41f191090394d516cdec\\\",\\\"vbId\\\":\\\"G304SDL9-1357\\\",\\\"sellingId\\\":\\\"37B9F716800E4A92A7BC2395EE2912B5\\\",\\\"merchantId\\\":\\\"1357\\\",\\\"skuId\\\":\\\"G304SDL9\\\",\\\"f\\\":4,\\\"fnId\\\":\\\"10000001408\\\",\\\"fnType\\\":\\\"MARKETPLACE\\\",\\\"by\\\":\\\"Vibranium\\\",\\\"at\\\":\\\"2019-07-29T04:43:31+00:00\\\",\\\"invUssn\\\":4938,\\\"catUssn\\\":0,\\\"isInf\\\":false,\\\"ifa\\\":true,\\\"martAvail\\\":[{\\\"martId\\\":\\\"0\\\",\\\"ia\\\":true}],\\\"clt\\\":\\\"WoW\\\"}\"}"}
{"id":"002FDB747F9F45A1AEFB009EC7CC853A","table":"killmonger_events_table","keyspace":"msku","timestamp":"2019-07-29T05:40:44.697Z","clusteringKeys":["6284","vbIdSellingIdInventoryUpdated/1","1564378910"],"changedColumns":["selling_id","fulfillment_node_id","event_type","update_at","stream_sequence_number","event_data"],"record":"{\"selling_id\":\"002FDB747F9F45A1AEFB009EC7CC853A\",\"fulfillment_node_id\":\"6284\",\"event_type\":\"vbIdSellingIdInventoryUpdated/1\",\"update_at\":1564378910,\"stream_sequence_number\":685,\"event_data\":\"{\\\"id\\\":\\\"20055943d6f1448cba99cb2adb941890\\\",\\\"vbId\\\":\\\"PantherMigrationVbId\\\",\\\"sellingId\\\":\\\"002FDB747F9F45A1AEFB009EC7CC853A\\\",\\\"merchantId\\\":\\\"9fc08905039048918982091f266c2a29\\\",\\\"skuId\\\":\\\"PantherMigrationSkuId\\\",\\\"f\\\":66,\\\"fnId\\\":\\\"6284\\\",\\\"by\\\":\\\"Killmonger.Migration.MapInWalmartInvUpdates\\\",\\\"at\\\":\\\"2019-07-29T05:41:50.905+00:00\\\",\\\"invUssn\\\":0,\\\"isInf\\\":false,\\\"ifa\\\":true,\\\"martAvail\\\":[{\\\"martId\\\":\\\"21\\\",\\\"ia\\\":true},{\\\"martId\\\":\\\"0\\\",\\\"ia\\\":true}],\\\"clt\\\":\\\"WoJ\\\"}\"}"}
{"id":"002FDB747F9F45A1AEFB009EC7CC853A","table":"killmonger_events_table","keyspace":"msku","timestamp":"2019-07-29T05:40:44.697Z","clusteringKeys":["6284","vbIdSellingIdInventoryUpdated/1","1564378910"],"changedColumns":["selling_id","fulfillment_node_id","event_type","update_at","stream_sequence_number","event_data"],"record":"{\"selling_id\":\"002FDB747F9F45A1AEFB009EC7CC853A\",\"fulfillment_node_id\":\"6284\",\"event_type\":\"vbIdSellingIdInventoryUpdated/1\",\"update_at\":1564378910,\"stream_sequence_number\":686,\"event_data\":\"{\\\"id\\\":\\\"20055943d6f1448cba99cb2adb941890\\\",\\\"vbId\\\":\\\"PantherMigrationVbId\\\",\\\"sellingId\\\":\\\"002FDB747F9F45A1AEFB009EC7CC853A\\\",\\\"merchantId\\\":\\\"9fc08905039048918982091f266c2a29\\\",\\\"skuId\\\":\\\"PantherMigrationSkuId\\\",\\\"f\\\":66,\\\"fnId\\\":\\\"6284\\\",\\\"by\\\":\\\"Killmonger.Migration.MapInWalmartInvUpdates\\\",\\\"at\\\":\\\"2019-07-29T05:41:50.905+00:00\\\",\\\"invUssn\\\":0,\\\"isInf\\\":false,\\\"ifa\\\":true,\\\"martAvail\\\":[{\\\"martId\\\":\\\"21\\\",\\\"ia\\\":true},{\\\"martId\\\":\\\"0\\\",\\\"ia\\\":true}],\\\"clt\\\":\\\"WoJ\\\"}\"}"}
{"id":"229b49a59d474e4893e5255d004a2abf","table":"killmonger_events_table","keyspace":"msku","timestamp":"2019-07-29T05:40:44.697Z","clusteringKeys":["0a633d9fe80f4a45b6fdf372a649be0c","vbIdSellingIdInventoryUpdated/1","1564378274"],"changedColumns":["selling_id","fulfillment_node_id","event_type","update_at","stream_sequence_number","event_data"],"record":"{\"selling_id\":\"229b49a59d474e4893e5255d004a2abf\",\"fulfillment_node_id\":\"0a633d9fe80f4a45b6fdf372a649be0c\",\"event_type\":\"vbIdSellingIdInventoryUpdated/1\",\"update_at\":1564378274,\"stream_sequence_number\":38,\"event_data\":\"{\\\"id\\\":\\\"6e01fdef6e38474199b00d5836323af0\\\",\\\"vbId\\\":\\\"229b49a59d474e4893e5255d004a2abf\\\",\\\"sellingId\\\":\\\"229b49a59d474e4893e5255d004a2abf\\\",\\\"merchantId\\\":\\\"e43cf7756d0b4ba8a4e9046774656ce8\\\",\\\"skuId\\\":\\\"229b49a59d474e4893e5255d004a2abf\\\",\\\"f\\\":75,\\\"fnId\\\":\\\"0a633d9fe80f4a45b6fdf372a649be0c\\\",\\\"fnType\\\":\\\"wolverine\\\",\\\"by\\\":\\\"Vibranium\\\",\\\"at\\\":\\\"2019-07-29T05:31:14+00:00\\\",\\\"invUssn\\\":48,\\\"isInf\\\":false,\\\"ifa\\\":true,\\\"martAvail\\\":[{\\\"martId\\\":\\\"21\\\",\\\"ia\\\":true}],\\\"clt\\\":\\\"JoJ\\\"}\"}"}
{"id":"229b49a59d474e4893e5255d004a2abf","table":"killmonger_events_table","keyspace":"msku","timestamp":"2019-07-29T05:40:44.697Z","clusteringKeys":["0a633d9fe80f4a45b6fdf372a649be0c","updateVbIdSellingIdInventorySkipped/1","1564378274"],"changedColumns":["selling_id","fulfillment_node_id","event_type","update_at","stream_sequence_number","event_data"],"record":"{\"selling_id\":\"229b49a59d474e4893e5255d004a2abf\",\"fulfillment_node_id\":\"0a633d9fe80f4a45b6fdf372a649be0c\",\"event_type\":\"updateVbIdSellingIdInventorySkipped/1\",\"update_at\":1564378274,\"stream_sequence_number\":39,\"event_data\":\"{\\\"id\\\":\\\"6e01fdef6e38474199b00d5836323af0\\\",\\\"vbId\\\":\\\"229b49a59d474e4893e5255d004a2abf\\\",\\\"sellingId\\\":\\\"229b49a59d474e4893e5255d004a2abf\\\",\\\"merchantId\\\":\\\"e43cf7756d0b4ba8a4e9046774656ce8\\\",\\\"skuId\\\":\\\"229b49a59d474e4893e5255d004a2abf\\\",\\\"f\\\":75,\\\"fnId\\\":\\\"0a633d9fe80f4a45b6fdf372a649be0c\\\",\\\"fnType\\\":\\\"wolverine\\\",\\\"by\\\":\\\"Vibranium\\\",\\\"at\\\":\\\"2019-07-29T05:31:14+00:00\\\",\\\"invUssn\\\":48,\\\"isInf\\\":false}\"}"}
{"id":"42EDDEFE1BEC49E7A5E9AE441BFBDCA0","table":"killmonger_events_table","keyspace":"msku","timestamp":"2019-07-29T05:44:37.044Z","clusteringKeys":["2381","vbIdSellingIdInventoryUpdated/1","1564378911"],"changedColumns":["selling_id","fulfillment_node_id","event_type","update_at","stream_sequence_number","event_data"],"record":"{\"selling_id\":\"42EDDEFE1BEC49E7A5E9AE441BFBDCA0\",\"fulfillment_node_id\":\"2381\",\"event_type\":\"vbIdSellingIdInventoryUpdated/1\",\"update_at\":1564378911,\"stream_sequence_number\":194,\"event_data\":\"{\\\"id\\\":\\\"3c18a640f1c7473cbc3b84d571305bc5\\\",\\\"vbId\\\":\\\"PantherMigrationVbId\\\",\\\"sellingId\\\":\\\"42EDDEFE1BEC49E7A5E9AE441BFBDCA0\\\",\\\"merchantId\\\":\\\"9fc08905039048918982091f266c2a29\\\",\\\"skuId\\\":\\\"PantherMigrationSkuId\\\",\\\"f\\\":0,\\\"fnId\\\":\\\"2381\\\",\\\"by\\\":\\\"Killmonger.Migration.MapInWalmartInvUpdates\\\",\\\"at\\\":\\\"2019-07-29T05:41:51.211+00:00\\\",\\\"invUssn\\\":0,\\\"isInf\\\":false,\\\"ifa\\\":true,\\\"martAvail\\\":[{\\\"martId\\\":\\\"21\\\",\\\"ia\\\":true},{\\\"martId\\\":\\\"0\\\",\\\"ia\\\":true}],\\\"clt\\\":\\\"WoJ\\\"}\"}"}
{"id":"087ed8fac6f041e1af91aa4d3ba0105a","table":"killmonger_events_table","keyspace":"msku","timestamp":"2019-07-29T05:44:37.044Z","clusteringKeys":["d0ef4a62b8e2415d90b6d199de88b19e","vbIdSellingIdInventoryUpdated/1","1564378235"],"changedColumns":["selling_id","fulfillment_node_id","event_type","update_at","stream_sequence_number","event_data"],"record":"{\"selling_id\":\"087ed8fac6f041e1af91aa4d3ba0105a\",\"fulfillment_node_id\":\"d0ef4a62b8e2415d90b6d199de88b19e\",\"event_type\":\"vbIdSellingIdInventoryUpdated/1\",\"update_at\":1564378235,\"stream_sequence_number\":177,\"event_data\":\"{\\\"id\\\":\\\"07d1cb6630e14e19819a08917df58825\\\",\\\"vbId\\\":\\\"087ed8fac6f041e1af91aa4d3ba0105a\\\",\\\"sellingId\\\":\\\"087ed8fac6f041e1af91aa4d3ba0105a\\\",\\\"merchantId\\\":\\\"3e501c03d2ff4810a391b9fd196d59f4\\\",\\\"skuId\\\":\\\"087ed8fac6f041e1af91aa4d3ba0105a\\\",\\\"f\\\":25,\\\"fnId\\\":\\\"d0ef4a62b8e2415d90b6d199de88b19e\\\",\\\"fnType\\\":\\\"wolverine\\\",\\\"by\\\":\\\"Vibranium\\\",\\\"at\\\":\\\"2019-07-29T05:30:35+00:00\\\",\\\"invUssn\\\":211,\\\"isInf\\\":false,\\\"ifa\\\":true,\\\"martAvail\\\":[{\\\"martId\\\":\\\"21\\\",\\\"ia\\\":true}],\\\"clt\\\":\\\"JoJ\\\"}\"}"}
{"id":"3F271DC3A62C45328552EEBD1C73267B","table":"killmonger_events_table","keyspace":"msku","timestamp":"2019-07-29T05:40:44.703Z","clusteringKeys":["2379","vbIdSellingIdInventoryUpdated/1","1564378908"],"changedColumns":["selling_id","fulfillment_node_id","event_type","update_at","stream_sequence_number","event_data"],"record":"{\"selling_id\":\"3F271DC3A62C45328552EEBD1C73267B\",\"fulfillment_node_id\":\"2379\",\"event_type\":\"vbIdSellingIdInventoryUpdated/1\",\"update_at\":1564378908,\"stream_sequence_number\":149,\"event_data\":\"{\\\"id\\\":\\\"f7309359da91438b8394d27727ad2790\\\",\\\"vbId\\\":\\\"PantherMigrationVbId\\\",\\\"sellingId\\\":\\\"3F271DC3A62C45328552EEBD1C73267B\\\",\\\"merchantId\\\":\\\"9fc08905039048918982091f266c2a29\\\",\\\"skuId\\\":\\\"PantherMigrationSkuId\\\",\\\"f\\\":0,\\\"fnId\\\":\\\"2379\\\",\\\"by\\\":\\\"Killmonger.Migration.MapInWalmartInvUpdates\\\",\\\"at\\\":\\\"2019-07-29T05:41:48.069+00:00\\\",\\\"invUssn\\\":0,\\\"isInf\\\":false,\\\"ifa\\\":true,\\\"martAvail\\\":[{\\\"martId\\\":\\\"21\\\",\\\"ia\\\":true},{\\\"martId\\\":\\\"0\\\",\\\"ia\\\":true}],\\\"clt\\\":\\\"WoJ\\\"}\"}"}
{"id":"3F271DC3A62C45328552EEBD1C73267B","table":"killmonger_events_table","keyspace":"msku","timestamp":"2019-07-29T05:40:44.704Z","clusteringKeys":["2379","vbIdSellingIdInventoryUpdated/1","1564378908"],"changedColumns":["selling_id","fulfillment_node_id","event_type","update_at","stream_sequence_number","event_data"],"record":"{\"selling_id\":\"3F271DC3A62C45328552EEBD1C73267B\",\"fulfillment_node_id\":\"2379\",\"event_type\":\"vbIdSellingIdInventoryUpdated/1\",\"update_at\":1564378908,\"stream_sequence_number\":150,\"event_data\":\"{\\\"id\\\":\\\"f7309359da91438b8394d27727ad2790\\\",\\\"vbId\\\":\\\"PantherMigrationVbId\\\",\\\"sellingId\\\":\\\"3F271DC3A62C45328552EEBD1C73267B\\\",\\\"merchantId\\\":\\\"9fc08905039048918982091f266c2a29\\\",\\\"skuId\\\":\\\"PantherMigrationSkuId\\\",\\\"f\\\":0,\\\"fnId\\\":\\\"2379\\\",\\\"by\\\":\\\"Killmonger.Migration.MapInWalmartInvUpdates\\\",\\\"at\\\":\\\"2019-07-29T05:41:48.069+00:00\\\",\\\"invUssn\\\":0,\\\"isInf\\\":false,\\\"ifa\\\":true,\\\"martAvail\\\":[{\\\"martId\\\":\\\"21\\\",\\\"ia\\\":true},{\\\"martId\\\":\\\"0\\\",\\\"ia\\\":true}],\\\"clt\\\":\\\"WoJ\\\"}\"}"}
{"id":"5C63E6181A514164A3312429659CC691","table":"killmonger_events_table","keyspace":"msku","timestamp":"2019-07-29T05:45:03.519Z","clusteringKeys":["2707","vbIdSellingIdInventoryUpdated/1","1564378911"],"changedColumns":["selling_id","fulfillment_node_id","event_type","update_at","stream_sequence_number","event_data"],"record":"{\"selling_id\":\"5C63E6181A514164A3312429659CC691\",\"fulfillment_node_id\":\"2707\",\"event_type\":\"vbIdSellingIdInventoryUpdated/1\",\"update_at\":1564378911,\"stream_sequence_number\":94,\"event_data\":\"{\\\"id\\\":\\\"f9d766c7646341278054821c454e81c0\\\",\\\"vbId\\\":\\\"PantherMigrationVbId\\\",\\\"sellingId\\\":\\\"5C63E6181A514164A3312429659CC691\\\",\\\"merchantId\\\":\\\"9fc08905039048918982091f266c2a29\\\",\\\"skuId\\\":\\\"PantherMigrationSkuId\\\",\\\"f\\\":0,\\\"fnId\\\":\\\"2707\\\",\\\"by\\\":\\\"Killmonger.Migration.MapInWalmartInvUpdates\\\",\\\"at\\\":\\\"2019-07-29T05:41:51.445+00:00\\\",\\\"invUssn\\\":0,\\\"isInf\\\":false,\\\"ifa\\\":true,\\\"martAvail\\\":[{\\\"martId\\\":\\\"21\\\",\\\"ia\\\":true},{\\\"martId\\\":\\\"0\\\",\\\"ia\\\":true}],\\\"clt\\\":\\\"WoJ\\\"}\"}"}
{"id":"042C14CB90D3438FAD319E41BD3BC7E1","table":"killmonger_events_table","keyspace":"msku","timestamp":"2019-07-29T05:45:03.519Z","clusteringKeys":["10000002416","vbIdSellingIdInventoryUpdated/1","1564378233"],"changedColumns":["selling_id","fulfillment_node_id","event_type","update_at","stream_sequence_number","event_data"],"record":"{\"selling_id\":\"042C14CB90D3438FAD319E41BD3BC7E1\",\"fulfillment_node_id\":\"10000002416\",\"event_type\":\"vbIdSellingIdInventoryUpdated/1\",\"update_at\":1564378233,\"stream_sequence_number\":904,\"event_data\":\"{\\\"id\\\":\\\"aa6096cf895b4372a123723d61d7347b\\\",\\\"vbId\\\":\\\"PM-1033-2408\\\",\\\"sellingId\\\":\\\"042C14CB90D3438FAD319E41BD3BC7E1\\\",\\\"merchantId\\\":\\\"2408\\\",\\\"skuId\\\":\\\"PM-1033\\\",\\\"f\\\":3,\\\"fnId\\\":\\\"10000002416\\\",\\\"fnType\\\":\\\"MARKETPLACE\\\",\\\"by\\\":\\\"Vibranium\\\",\\\"at\\\":\\\"2019-07-29T05:30:33+00:00\\\",\\\"invUssn\\\":766,\\\"catUssn\\\":0,\\\"isInf\\\":false,\\\"ifa\\\":true,\\\"martAvail\\\":[{\\\"martId\\\":\\\"0\\\",\\\"ia\\\":true}],\\\"clt\\\":\\\"WoW\\\"}\"}"}
{"id":"77714C6CE7DD4369912EC3D8BA2B9FBA","table":"killmonger_events_table","keyspace":"msku","timestamp":"2019-07-29T05:40:44.708Z","clusteringKeys":["10000018794","vbIdSellingIdInventoryUpdated/1","1564378253"],"changedColumns":["selling_id","fulfillment_node_id","event_type","update_at","stream_sequence_number","event_data"],"record":"{\"selling_id\":\"77714C6CE7DD4369912EC3D8BA2B9FBA\",\"fulfillment_node_id\":\"10000018794\",\"event_type\":\"vbIdSellingIdInventoryUpdated/1\",\"update_at\":1564378253,\"stream_sequence_number\":2719,\"event_data\":\"{\\\"id\\\":\\\"4feed4593d6d4a3b8ad7b5484cbbda06\\\",\\\"vbId\\\":\\\"SO-Paolo-Trouser-888-Dk Grey-6PK-17872\\\",\\\"sellingId\\\":\\\"77714C6CE7DD4369912EC3D8BA2B9FBA\\\",\\\"merchantId\\\":\\\"17872\\\",\\\"skuId\\\":\\\"SO-Paolo-Trouser-888-Dk Grey-6PK\\\",\\\"f\\\":428,\\\"fnId\\\":\\\"10000018794\\\",\\\"fnType\\\":\\\"MARKETPLACE\\\",\\\"by\\\":\\\"Vibranium\\\",\\\"at\\\":\\\"2019-07-29T05:30:53+00:00\\\",\\\"invUssn\\\":2250,\\\"catUssn\\\":2,\\\"isInf\\\":false,\\\"ifa\\\":true,\\\"martAvail\\\":[{\\\"martId\\\":\\\"0\\\",\\\"ia\\\":true}],\\\"clt\\\":\\\"WoW\\\"}\"}"}
{"id":"dd052a27617e4e2abb9dd33d0540f04a","table":"killmonger_events_table","keyspace":"msku","timestamp":"2019-07-29T05:40:44.709Z","clusteringKeys":["6ccbd76c487c42e5b65dd274f51b72ea","vbIdSellingIdInventoryUpdated/1","1564378274"],"changedColumns":["selling_id","fulfillment_node_id","event_type","update_at","stream_sequence_number","event_data"],"record":"{\"selling_id\":\"dd052a27617e4e2abb9dd33d0540f04a\",\"fulfillment_node_id\":\"6ccbd76c487c42e5b65dd274f51b72ea\",\"event_type\":\"vbIdSellingIdInventoryUpdated/1\",\"update_at\":1564378274,\"stream_sequence_number\":38,\"event_data\":\"{\\\"id\\\":\\\"d35511fa796b42d69cd64fc31269f641\\\",\\\"vbId\\\":\\\"dd052a27617e4e2abb9dd33d0540f04a\\\",\\\"sellingId\\\":\\\"dd052a27617e4e2abb9dd33d0540f04a\\\",\\\"merchantId\\\":\\\"e43cf7756d0b4ba8a4e9046774656ce8\\\",\\\"skuId\\\":\\\"dd052a27617e4e2abb9dd33d0540f04a\\\",\\\"f\\\":93,\\\"fnId\\\":\\\"6ccbd76c487c42e5b65dd274f51b72ea\\\",\\\"fnType\\\":\\\"wolverine\\\",\\\"by\\\":\\\"Vibranium\\\",\\\"at\\\":\\\"2019-07-29T05:31:14+00:00\\\",\\\"invUssn\\\":49,\\\"isInf\\\":false,\\\"ifa\\\":true,\\\"martAvail\\\":[{\\\"martId\\\":\\\"21\\\",\\\"ia\\\":true}],\\\"clt\\\":\\\"JoJ\\\"}\"}"}
{"id":"666BEC979D24477D82ABA97B0D911DB8","table":"killmonger_events_table","keyspace":"msku","timestamp":"2019-07-29T05:45:03.521Z","clusteringKeys":["6284","vbIdSellingIdInventoryUpdated/1","1564378923"],"changedColumns":["selling_id","fulfillment_node_id","event_type","update_at","stream_sequence_number","event_data"],"record":"{\"selling_id\":\"666BEC979D24477D82ABA97B0D911DB8\",\"fulfillment_node_id\":\"6284\",\"event_type\":\"vbIdSellingIdInventoryUpdated/1\",\"update_at\":1564378923,\"stream_sequence_number\":2379,\"event_data\":\"{\\\"id\\\":\\\"77f08ec3331e43d38ae0fc850b7228b1\\\",\\\"vbId\\\":\\\"PantherMigrationVbId\\\",\\\"sellingId\\\":\\\"666BEC979D24477D82ABA97B0D911DB8\\\",\\\"merchantId\\\":\\\"9fc08905039048918982091f266c2a29\\\",\\\"skuId\\\":\\\"PantherMigrationSkuId\\\",\\\"f\\\":960,\\\"fnId\\\":\\\"6284\\\",\\\"by\\\":\\\"Killmonger.Migration.MapInWalmartInvUpdates\\\",\\\"at\\\":\\\"2019-07-29T05:42:03.092+00:00\\\",\\\"invUssn\\\":0,\\\"isInf\\\":false,\\\"ifa\\\":true,\\\"martAvail\\\":[{\\\"martId\\\":\\\"21\\\",\\\"ia\\\":true},{\\\"martId\\\":\\\"0\\\",\\\"ia\\\":true}],\\\"clt\\\":\\\"WoJ\\\"}\"}"}
{"id":"4EE1209F368B42E0BE6A7DC464DE1784","table":"killmonger_events_table","keyspace":"msku","timestamp":"2019-07-29T05:44:37.055Z","clusteringKeys":["10000010346","vbIdSellingIdInventoryUpdated/1","1564378244"],"changedColumns":["selling_id","fulfillment_node_id","event_type","update_at","stream_sequence_number","event_data"],"record":"{\"selling_id\":\"4EE1209F368B42E0BE6A7DC464DE1784\",\"fulfillment_node_id\":\"10000010346\",\"event_type\":\"vbIdSellingIdInventoryUpdated/1\",\"update_at\":1564378244,\"stream_sequence_number\":3618,\"event_data\":\"{\\\"id\\\":\\\"b2da4cf2f4294ba3ba8afca5a2af059e\\\",\\\"vbId\\\":\\\"124-Lime/S-9994\\\",\\\"sellingId\\\":\\\"4EE1209F368B42E0BE6A7DC464DE1784\\\",\\\"merchantId\\\":\\\"9994\\\",\\\"skuId\\\":\\\"124-Lime/S\\\",\\\"f\\\":20,\\\"fnId\\\":\\\"10000010346\\\",\\\"fnType\\\":\\\"MARKETPLACE\\\",\\\"by\\\":\\\"Vibranium\\\",\\\"at\\\":\\\"2019-07-29T05:30:44+00:00\\\",\\\"invUssn\\\":3015,\\\"catUssn\\\":0,\\\"isInf\\\":false,\\\"ifa\\\":true,\\\"martAvail\\\":[{\\\"martId\\\":\\\"0\\\",\\\"ia\\\":true}],\\\"clt\\\":\\\"WoW\\\"}\"}"}
{"id":"4EE1209F368B42E0BE6A7DC464DE1784","table":"killmonger_events_table","keyspace":"msku","timestamp":"2019-07-29T05:44:37.055Z","clusteringKeys":["10000010346","updateVbIdSellingIdInventorySkipped/1","1564378244"],"changedColumns":["selling_id","fulfillment_node_id","event_type","update_at","stream_sequence_number","event_data"],"record":"{\"selling_id\":\"4EE1209F368B42E0BE6A7DC464DE1784\",\"fulfillment_node_id\":\"10000010346\",\"event_type\":\"updateVbIdSellingIdInventorySkipped/1\",\"update_at\":1564378244,\"stream_sequence_number\":3619,\"event_data\":\"{\\\"id\\\":\\\"b2da4cf2f4294ba3ba8afca5a2af059e\\\",\\\"vbId\\\":\\\"124-Lime/S-9994\\\",\\\"sellingId\\\":\\\"4EE1209F368B42E0BE6A7DC464DE1784\\\",\\\"merchantId\\\":\\\"9994\\\",\\\"skuId\\\":\\\"124-Lime/S\\\",\\\"f\\\":20,\\\"fnId\\\":\\\"10000010346\\\",\\\"fnType\\\":\\\"MARKETPLACE\\\",\\\"by\\\":\\\"Vibranium\\\",\\\"at\\\":\\\"2019-07-29T05:30:44+00:00\\\",\\\"invUssn\\\":3015,\\\"catUssn\\\":0,\\\"isInf\\\":false}\"}"}
{"id":"C42C78EE0387487A9D5E94E9866E28F5","table":"killmonger_events_table","keyspace":"msku","timestamp":"2019-07-29T05:45:02.467Z","clusteringKeys":["6559","vbIdSellingIdInventoryUpdated/1","1564378912"],"changedColumns":["selling_id","fulfillment_node_id","event_type","update_at","stream_sequence_number","event_data"],"record":"{\"selling_id\":\"C42C78EE0387487A9D5E94E9866E28F5\",\"fulfillment_node_id\":\"6559\",\"event_type\":\"vbIdSellingIdInventoryUpdated/1\",\"update_at\":1564378912,\"stream_sequence_number\":150,\"event_data\":\"{\\\"id\\\":\\\"2988d926ab8a45649c95d78a6831301a\\\",\\\"vbId\\\":\\\"PantherMigrationVbId\\\",\\\"sellingId\\\":\\\"C42C78EE0387487A9D5E94E9866E28F5\\\",\\\"merchantId\\\":\\\"9fc08905039048918982091f266c2a29\\\",\\\"skuId\\\":\\\"PantherMigrationSkuId\\\",\\\"f\\\":25,\\\"fnId\\\":\\\"6559\\\",\\\"by\\\":\\\"Killmonger.Migration.MapInWalmartInvUpdates\\\",\\\"at\\\":\\\"2019-07-29T05:41:52.522+00:00\\\",\\\"invUssn\\\":0,\\\"isInf\\\":false,\\\"ifa\\\":true,\\\"martAvail\\\":[{\\\"martId\\\":\\\"21\\\",\\\"ia\\\":true},{\\\"martId\\\":\\\"0\\\",\\\"ia\\\":true}],\\\"clt\\\":\\\"WoJ\\\"}\"}"}
{"id":"C42C78EE0387487A9D5E94E9866E28F5","table":"killmonger_events_table","keyspace":"msku","timestamp":"2019-07-29T05:45:02.467Z","clusteringKeys":["6559","vbIdSellingIdInventoryUpdated/1","1564378912"],"changedColumns":["selling_id","fulfillment_node_id","event_type","update_at","stream_sequence_number","event_data"],"record":"{\"selling_id\":\"C42C78EE0387487A9D5E94E9866E28F5\",\"fulfillment_node_id\":\"6559\",\"event_type\":\"vbIdSellingIdInventoryUpdated/1\",\"update_at\":1564378912,\"stream_sequence_number\":151,\"event_data\":\"{\\\"id\\\":\\\"2988d926ab8a45649c95d78a6831301a\\\",\\\"vbId\\\":\\\"PantherMigrationVbId\\\",\\\"sellingId\\\":\\\"C42C78EE0387487A9D5E94E9866E28F5\\\",\\\"merchantId\\\":\\\"9fc08905039048918982091f266c2a29\\\",\\\"skuId\\\":\\\"PantherMigrationSkuId\\\",\\\"f\\\":25,\\\"fnId\\\":\\\"6559\\\",\\\"by\\\":\\\"Killmonger.Migration.MapInWalmartInvUpdates\\\",\\\"at\\\":\\\"2019-07-29T05:41:52.522+00:00\\\",\\\"invUssn\\\":0,\\\"isInf\\\":false,\\\"ifa\\\":true,\\\"martAvail\\\":[{\\\"martId\\\":\\\"21\\\",\\\"ia\\\":true},{\\\"martId\\\":\\\"0\\\",\\\"ia\\\":true}],\\\"clt\\\":\\\"WoJ\\\"}\"}"}
{"id":"4EE1209F368B42E0BE6A7DC464DE1784","table":"killmonger_events_table","keyspace":"msku","timestamp":"2019-07-29T05:44:37.056Z","clusteringKeys":["10000010346","updateVbIdSellingIdInventorySkipped/1","1564378244"],"changedColumns":["selling_id","fulfillment_node_id","event_type","update_at","stream_sequence_number","event_data"],"record":"{\"selling_id\":\"4EE1209F368B42E0BE6A7DC464DE1784\",\"fulfillment_node_id\":\"10000010346\",\"event_type\":\"updateVbIdSellingIdInventorySkipped/1\",\"update_at\":1564378244,\"stream_sequence_number\":3620,\"event_data\":\"{\\\"id\\\":\\\"b2da4cf2f4294ba3ba8afca5a2af059e\\\",\\\"vbId\\\":\\\"124-Lime/S-9994\\\",\\\"sellingId\\\":\\\"4EE1209F368B42E0BE6A7DC464DE1784\\\",\\\"merchantId\\\":\\\"9994\\\",\\\"skuId\\\":\\\"124-Lime/S\\\",\\\"f\\\":20,\\\"fnId\\\":\\\"10000010346\\\",\\\"fnType\\\":\\\"MARKETPLACE\\\",\\\"by\\\":\\\"Vibranium\\\",\\\"at\\\":\\\"2019-07-29T05:30:44+00:00\\\",\\\"invUssn\\\":3015,\\\"catUssn\\\":0,\\\"isInf\\\":false}\"}"}
{"id":"dc883a558aed4f2fb83aa365bb17547d","table":"killmonger_events_table","keyspace":"msku","timestamp":"2019-07-29T05:45:02.470Z","clusteringKeys":["42c86f166857408dadca79a5f0766738","vbIdSellingIdInventoryUpdated/1","1564378150"],"changedColumns":["selling_id","fulfillment_node_id","event_type","update_at","stream_sequence_number","event_data"],"record":"{\"selling_id\":\"dc883a558aed4f2fb83aa365bb17547d\",\"fulfillment_node_id\":\"42c86f166857408dadca79a5f0766738\",\"event_type\":\"vbIdSellingIdInventoryUpdated/1\",\"update_at\":1564378150,\"stream_sequence_number\":63,\"event_data\":\"{\\\"id\\\":\\\"9cb0bb577153413fa6f465e1eb2345b6\\\",\\\"vbId\\\":\\\"dc883a558aed4f2fb83aa365bb17547d\\\",\\\"sellingId\\\":\\\"dc883a558aed4f2fb83aa365bb17547d\\\",\\\"merchantId\\\":\\\"d1e151d0c15e4034958fa7221d0ea30b\\\",\\\"skuId\\\":\\\"dc883a558aed4f2fb83aa365bb17547d\\\",\\\"f\\\":10,\\\"fnId\\\":\\\"42c86f166857408dadca79a5f0766738\\\",\\\"fnType\\\":\\\"wolverine\\\",\\\"by\\\":\\\"Vibranium\\\",\\\"at\\\":\\\"2019-07-29T05:29:10+00:00\\\",\\\"invUssn\\\":52,\\\"isInf\\\":false,\\\"ifa\\\":true,\\\"martAvail\\\":[{\\\"martId\\\":\\\"21\\\",\\\"ia\\\":true}],\\\"clt\\\":\\\"JoJ\\\"}\"}"}
{"id":"824d26b726d84f4cb2e3aa38018dfb00","table":"killmonger_events_table","keyspace":"msku","timestamp":"2019-07-29T05:40:44.724Z","clusteringKeys":["fb72b6f9c1e54625a551711f6ee72714","updateVbIdSellingIdInventorySkipped/1","1564377874"],"changedColumns":["selling_id","fulfillment_node_id","event_type","update_at","stream_sequence_number","event_data"],"record":"{\"selling_id\":\"824d26b726d84f4cb2e3aa38018dfb00\",\"fulfillment_node_id\":\"fb72b6f9c1e54625a551711f6ee72714\",\"event_type\":\"updateVbIdSellingIdInventorySkipped/1\",\"update_at\":1564377874,\"stream_sequence_number\":45,\"event_data\":\"{\\\"id\\\":\\\"becb14e8de3b4ae9b6237be1d41afd40\\\",\\\"vbId\\\":\\\"824d26b726d84f4cb2e3aa38018dfb00\\\",\\\"sellingId\\\":\\\"824d26b726d84f4cb2e3aa38018dfb00\\\",\\\"merchantId\\\":\\\"e43cf7756d0b4ba8a4e9046774656ce8\\\",\\\"skuId\\\":\\\"824d26b726d84f4cb2e3aa38018dfb00\\\",\\\"f\\\":96,\\\"fnId\\\":\\\"fb72b6f9c1e54625a551711f6ee72714\\\",\\\"fnType\\\":\\\"wolverine\\\",\\\"by\\\":\\\"Vibranium\\\",\\\"at\\\":\\\"2019-07-29T05:24:34+00:00\\\",\\\"invUssn\\\":48,\\\"isInf\\\":false}\"}"}
{"id":"FA457B4CB2364B03AD47BB2876598C2F","table":"killmonger_events_table","keyspace":"msku","timestamp":"2019-07-29T05:45:03.528Z","clusteringKeys":["10000010808","vbIdSellingIdInventoryUpdated/1","1564378300"],"changedColumns":["selling_id","fulfillment_node_id","event_type","update_at","stream_sequence_number","event_data"],"record":"{\"selling_id\":\"FA457B4CB2364B03AD47BB2876598C2F\",\"fulfillment_node_id\":\"10000010808\",\"event_type\":\"vbIdSellingIdInventoryUpdated/1\",\"update_at\":1564378300,\"stream_sequence_number\":16466,\"event_data\":\"{\\\"id\\\":\\\"954c84390e2b4855a40a850934d3dab3\\\",\\\"vbId\\\":\\\"WPL2149540-10331\\\",\\\"sellingId\\\":\\\"FA457B4CB2364B03AD47BB2876598C2F\\\",\\\"merchantId\\\":\\\"10331\\\",\\\"skuId\\\":\\\"WPL2149540\\\",\\\"f\\\":1,\\\"fnId\\\":\\\"10000010808\\\",\\\"fnType\\\":\\\"MARKETPLACE\\\",\\\"by\\\":\\\"Vibranium\\\",\\\"at\\\":\\\"2019-07-29T05:31:40+00:00\\\",\\\"invUssn\\\":13628,\\\"catUssn\\\":49,\\\"isInf\\\":false,\\\"ifa\\\":true,\\\"martAvail\\\":[{\\\"martId\\\":\\\"0\\\",\\\"ia\\\":true}],\\\"clt\\\":\\\"WoW\\\"}\"}"}
{"id":"bea225a2d8fe4eac9fa3bf364cc3f443","table":"killmonger_events_table","keyspace":"msku","timestamp":"2019-07-29T05:45:03.531Z","clusteringKeys":["fb72b6f9c1e54625a551711f6ee72714","updateVbIdSellingIdInventorySkipped/1","1564378075"],"changedColumns":["selling_id","fulfillment_node_id","event_type","update_at","stream_sequence_number","event_data"],"record":"{\"selling_id\":\"bea225a2d8fe4eac9fa3bf364cc3f443\",\"fulfillment_node_id\":\"fb72b6f9c1e54625a551711f6ee72714\",\"event_type\":\"updateVbIdSellingIdInventorySkipped/1\",\"update_at\":1564378075,\"stream_sequence_number\":47,\"event_data\":\"{\\\"id\\\":\\\"0fce2ade37a8441d9a2a6e3ed9a64efa\\\",\\\"vbId\\\":\\\"bea225a2d8fe4eac9fa3bf364cc3f443\\\",\\\"sellingId\\\":\\\"bea225a2d8fe4eac9fa3bf364cc3f443\\\",\\\"merchantId\\\":\\\"e43cf7756d0b4ba8a4e9046774656ce8\\\",\\\"skuId\\\":\\\"bea225a2d8fe4eac9fa3bf364cc3f443\\\",\\\"f\\\":138,\\\"fnId\\\":\\\"fb72b6f9c1e54625a551711f6ee72714\\\",\\\"fnType\\\":\\\"wolverine\\\",\\\"by\\\":\\\"Vibranium\\\",\\\"at\\\":\\\"2019-07-29T05:27:55+00:00\\\",\\\"invUssn\\\":48,\\\"isInf\\\":false}\"}"}
{"id":"bea225a2d8fe4eac9fa3bf364cc3f443","table":"killmonger_events_table","keyspace":"msku","timestamp":"2019-07-29T05:45:03.532Z","clusteringKeys":["fb72b6f9c1e54625a551711f6ee72714","updateVbIdSellingIdInventorySkipped/1","1564378075"],"changedColumns":["selling_id","fulfillment_node_id","event_type","update_at","stream_sequence_number","event_data"],"record":"{\"selling_id\":\"bea225a2d8fe4eac9fa3bf364cc3f443\",\"fulfillment_node_id\":\"fb72b6f9c1e54625a551711f6ee72714\",\"event_type\":\"updateVbIdSellingIdInventorySkipped/1\",\"update_at\":1564378075,\"stream_sequence_number\":48,\"event_data\":\"{\\\"id\\\":\\\"0fce2ade37a8441d9a2a6e3ed9a64efa\\\",\\\"vbId\\\":\\\"bea225a2d8fe4eac9fa3bf364cc3f443\\\",\\\"sellingId\\\":\\\"bea225a2d8fe4eac9fa3bf364cc3f443\\\",\\\"merchantId\\\":\\\"e43cf7756d0b4ba8a4e9046774656ce8\\\",\\\"skuId\\\":\\\"bea225a2d8fe4eac9fa3bf364cc3f443\\\",\\\"f\\\":138,\\\"fnId\\\":\\\"fb72b6f9c1e54625a551711f6ee72714\\\",\\\"fnType\\\":\\\"wolverine\\\",\\\"by\\\":\\\"Vibranium\\\",\\\"at\\\":\\\"2019-07-29T05:27:55+00:00\\\",\\\"invUssn\\\":48,\\\"isInf\\\":false}\"}"}
{"id":"7B31ECE011EB48D19BF6FA2C25E31527","table":"killmonger_events_table","keyspace":"msku","timestamp":"2019-07-29T05:40:44.735Z","clusteringKeys":["3373","vbIdSellingIdInventoryUpdated/1","1564375899"],"changedColumns":["selling_id","fulfillment_node_id","event_type","update_at","stream_sequence_number","event_data"],"record":"{\"selling_id\":\"7B31ECE011EB48D19BF6FA2C25E31527\",\"fulfillment_node_id\":\"3373\",\"event_type\":\"vbIdSellingIdInventoryUpdated/1\",\"update_at\":1564375899,\"stream_sequence_number\":138,\"event_data\":\"{\\\"id\\\":\\\"e23ce5b511cb4b2d92010237d7cda57a\\\",\\\"vbId\\\":\\\"PantherMigrationVbId\\\",\\\"sellingId\\\":\\\"7B31ECE011EB48D19BF6FA2C25E31527\\\",\\\"merchantId\\\":\\\"9fc08905039048918982091f266c2a29\\\",\\\"skuId\\\":\\\"PantherMigrationSkuId\\\",\\\"f\\\":0,\\\"fnId\\\":\\\"3373\\\",\\\"by\\\":\\\"Killmonger.Migration.MapInWalmartInvUpdates\\\",\\\"at\\\":\\\"2019-07-29T04:51:39.761+00:00\\\",\\\"invUssn\\\":0,\\\"isInf\\\":false,\\\"ifa\\\":true,\\\"martAvail\\\":[{\\\"martId\\\":\\\"21\\\",\\\"ia\\\":true},{\\\"martId\\\":\\\"0\\\",\\\"ia\\\":true}],\\\"clt\\\":\\\"WoJ\\\"}\"}"}
{"id":"ebc566b182e74275a5ef61b77ffbd6bf","table":"killmonger_events_table","keyspace":"msku","timestamp":"2019-07-29T05:44:37.077Z","clusteringKeys":["fb72b6f9c1e54625a551711f6ee72714","vbIdSellingIdInventoryUpdated/1","1564378075"],"changedColumns":["selling_id","fulfillment_node_id","event_type","update_at","stream_sequence_number","event_data"],"record":"{\"selling_id\":\"ebc566b182e74275a5ef61b77ffbd6bf\",\"fulfillment_node_id\":\"fb72b6f9c1e54625a551711f6ee72714\",\"event_type\":\"vbIdSellingIdInventoryUpdated/1\",\"update_at\":1564378075,\"stream_sequence_number\":45,\"event_data\":\"{\\\"id\\\":\\\"d2792caf32a84d6ca1b228dbfb4dae30\\\",\\\"vbId\\\":\\\"ebc566b182e74275a5ef61b77ffbd6bf\\\",\\\"sellingId\\\":\\\"ebc566b182e74275a5ef61b77ffbd6bf\\\",\\\"merchantId\\\":\\\"e43cf7756d0b4ba8a4e9046774656ce8\\\",\\\"skuId\\\":\\\"ebc566b182e74275a5ef61b77ffbd6bf\\\",\\\"f\\\":63,\\\"fnId\\\":\\\"fb72b6f9c1e54625a551711f6ee72714\\\",\\\"fnType\\\":\\\"wolverine\\\",\\\"by\\\":\\\"Vibranium\\\",\\\"at\\\":\\\"2019-07-29T05:27:55+00:00\\\",\\\"invUssn\\\":51,\\\"isInf\\\":false,\\\"ifa\\\":true,\\\"martAvail\\\":[{\\\"martId\\\":\\\"21\\\",\\\"ia\\\":true}],\\\"clt\\\":\\\"JoJ\\\"}\"}"}
{"id":"ebc566b182e74275a5ef61b77ffbd6bf","table":"killmonger_events_table","keyspace":"msku","timestamp":"2019-07-29T05:44:37.077Z","clusteringKeys":["fb72b6f9c1e54625a551711f6ee72714","updateVbIdSellingIdInventorySkipped/1","1564378075"],"changedColumns":["selling_id","fulfillment_node_id","event_type","update_at","stream_sequence_number","event_data"],"record":"{\"selling_id\":\"ebc566b182e74275a5ef61b77ffbd6bf\",\"fulfillment_node_id\":\"fb72b6f9c1e54625a551711f6ee72714\",\"event_type\":\"updateVbIdSellingIdInventorySkipped/1\",\"update_at\":1564378075,\"stream_sequence_number\":46,\"event_data\":\"{\\\"id\\\":\\\"d2792caf32a84d6ca1b228dbfb4dae30\\\",\\\"vbId\\\":\\\"ebc566b182e74275a5ef61b77ffbd6bf\\\",\\\"sellingId\\\":\\\"ebc566b182e74275a5ef61b77ffbd6bf\\\",\\\"merchantId\\\":\\\"e43cf7756d0b4ba8a4e9046774656ce8\\\",\\\"skuId\\\":\\\"ebc566b182e74275a5ef61b77ffbd6bf\\\",\\\"f\\\":63,\\\"fnId\\\":\\\"fb72b6f9c1e54625a551711f6ee72714\\\",\\\"fnType\\\":\\\"wolverine\\\",\\\"by\\\":\\\"Vibranium\\\",\\\"at\\\":\\\"2019-07-29T05:27:55+00:00\\\",\\\"invUssn\\\":51,\\\"isInf\\\":false}\"}"}
{"id":"DF8EDD4D80ED419B97B9FED7514F6C2D","table":"killmonger_events_table","keyspace":"msku","timestamp":"2019-07-29T05:44:37.078Z","clusteringKeys":["6468","vbIdSellingIdInventoryUpdated/1","1564378912"],"changedColumns":["selling_id","fulfillment_node_id","event_type","update_at","stream_sequence_number","event_data"],"record":"{\"selling_id\":\"DF8EDD4D80ED419B97B9FED7514F6C2D\",\"fulfillment_node_id\":\"6468\",\"event_type\":\"vbIdSellingIdInventoryUpdated/1\",\"update_at\":1564378912,\"stream_sequence_number\":128,\"event_data\":\"{\\\"id\\\":\\\"485cb833c76a4d37adbc92ace8402f80\\\",\\\"vbId\\\":\\\"PantherMigrationVbId\\\",\\\"sellingId\\\":\\\"DF8EDD4D80ED419B97B9FED7514F6C2D\\\",\\\"merchantId\\\":\\\"9fc08905039048918982091f266c2a29\\\",\\\"skuId\\\":\\\"PantherMigrationSkuId\\\",\\\"f\\\":0,\\\"fnId\\\":\\\"6468\\\",\\\"by\\\":\\\"Killmonger.Migration.MapInWalmartInvUpdates\\\",\\\"at\\\":\\\"2019-07-29T05:41:52.196+00:00\\\",\\\"invUssn\\\":0,\\\"isInf\\\":false,\\\"ifa\\\":true,\\\"martAvail\\\":[{\\\"martId\\\":\\\"21\\\",\\\"ia\\\":true},{\\\"martId\\\":\\\"0\\\",\\\"ia\\\":true}],\\\"clt\\\":\\\"WoJ\\\"}\"}"}
{"id":"235B447B2EDC4CFD80903876CF5861FB","table":"killmonger_events_table","keyspace":"msku","timestamp":"2019-07-29T05:44:37.086Z","clusteringKeys":["3559","vbIdSellingIdInventoryUpdated/1","1564376014"],"changedColumns":["selling_id","fulfillment_node_id","event_type","update_at","stream_sequence_number","event_data"],"record":"{\"selling_id\":\"235B447B2EDC4CFD80903876CF5861FB\",\"fulfillment_node_id\":\"3559\",\"event_type\":\"vbIdSellingIdInventoryUpdated/1\",\"update_at\":1564376014,\"stream_sequence_number\":129,\"event_data\":\"{\\\"id\\\":\\\"4e0625dbdbca427da146db812c00f04f\\\",\\\"vbId\\\":\\\"PantherMigrationVbId\\\",\\\"sellingId\\\":\\\"235B447B2EDC4CFD80903876CF5861FB\\\",\\\"merchantId\\\":\\\"9fc08905039048918982091f266c2a29\\\",\\\"skuId\\\":\\\"PantherMigrationSkuId\\\",\\\"f\\\":0,\\\"fnId\\\":\\\"3559\\\",\\\"by\\\":\\\"Killmonger.Migration.MapInWalmartInvUpdates\\\",\\\"at\\\":\\\"2019-07-29T04:53:34.541+00:00\\\",\\\"invUssn\\\":0,\\\"isInf\\\":false,\\\"ifa\\\":true,\\\"martAvail\\\":[{\\\"martId\\\":\\\"21\\\",\\\"ia\\\":true},{\\\"martId\\\":\\\"0\\\",\\\"ia\\\":true}],\\\"clt\\\":\\\"WoJ\\\"}\"}"}
{"id":"7bd9dac43cd143da8e475551bda68cb1","table":"killmonger_events_table","keyspace":"msku","timestamp":"2019-07-29T05:44:37.094Z","clusteringKeys":["a98a402773024b00b8a41f26b00fdf6c","updateVbIdSellingIdInventorySkipped/1","1564375454"],"changedColumns":["selling_id","fulfillment_node_id","event_type","update_at","stream_sequence_number","event_data"],"record":"{\"selling_id\":\"7bd9dac43cd143da8e475551bda68cb1\",\"fulfillment_node_id\":\"a98a402773024b00b8a41f26b00fdf6c\",\"event_type\":\"updateVbIdSellingIdInventorySkipped/1\",\"update_at\":1564375454,\"stream_sequence_number\":348,\"event_data\":\"{\\\"id\\\":\\\"a5963ae0a367489ea444c11fbedacdd3\\\",\\\"vbId\\\":\\\"7bd9dac43cd143da8e475551bda68cb1\\\",\\\"sellingId\\\":\\\"7bd9dac43cd143da8e475551bda68cb1\\\",\\\"merchantId\\\":\\\"c2cdeb42c60247399b1316ed4b780502\\\",\\\"skuId\\\":\\\"7bd9dac43cd143da8e475551bda68cb1\\\",\\\"f\\\":41,\\\"fnId\\\":\\\"a98a402773024b00b8a41f26b00fdf6c\\\",\\\"fnType\\\":\\\"wolverine\\\",\\\"by\\\":\\\"Vibranium\\\",\\\"at\\\":\\\"2019-07-29T04:44:14+00:00\\\",\\\"invUssn\\\":409,\\\"isInf\\\":false}\"}"}
{"id":"5876BF5ADC9640EC828E5354C54AAD06","table":"killmonger_events_table","keyspace":"msku","timestamp":"2019-07-29T05:44:37.094Z","clusteringKeys":["10000002795","vbIdSellingIdInventoryUpdated/1","1564377932"],"changedColumns":["selling_id","fulfillment_node_id","event_type","update_at","stream_sequence_number","event_data"],"record":"{\"selling_id\":\"5876BF5ADC9640EC828E5354C54AAD06\",\"fulfillment_node_id\":\"10000002795\",\"event_type\":\"vbIdSellingIdInventoryUpdated/1\",\"update_at\":1564377932,\"stream_sequence_number\":233,\"event_data\":\"{\\\"id\\\":\\\"1ac94a01362b4e75aeb2d3839746ad88\\\",\\\"vbId\\\":\\\"AJC-D7.5S-J-4-111335-2642\\\",\\\"sellingId\\\":\\\"5876BF5ADC9640EC828E5354C54AAD06\\\",\\\"merchantId\\\":\\\"2642\\\",\\\"skuId\\\":\\\"AJC-D7.5S-J-4-111335\\\",\\\"f\\\":5088,\\\"fnId\\\":\\\"10000002795\\\",\\\"fnType\\\":\\\"MARKETPLACE\\\",\\\"by\\\":\\\"Vibranium\\\",\\\"at\\\":\\\"2019-07-29T05:25:32+00:00\\\",\\\"invUssn\\\":187,\\\"catUssn\\\":0,\\\"isInf\\\":false,\\\"ifa\\\":true,\\\"martAvail\\\":[{\\\"martId\\\":\\\"0\\\",\\\"ia\\\":true}],\\\"clt\\\":\\\"WoW\\\"}\"}"}
{"id":"0945F0C571FA41899F4BFE7A8FFEB8B5","table":"killmonger_events_table","keyspace":"msku","timestamp":"2019-07-29T05:45:03.426Z","clusteringKeys":["2698","vbIdSellingIdInventoryUpdated/1","1564378908"],"changedColumns":["selling_id","fulfillment_node_id","event_type","update_at","stream_sequence_number","event_data"],"record":"{\"selling_id\":\"0945F0C571FA41899F4BFE7A8FFEB8B5\",\"fulfillment_node_id\":\"2698\",\"event_type\":\"vbIdSellingIdInventoryUpdated/1\",\"update_at\":1564378908,\"stream_sequence_number\":87,\"event_data\":\"{\\\"id\\\":\\\"2b2fe136309748f38e85a4ac553c4867\\\",\\\"vbId\\\":\\\"PantherMigrationVbId\\\",\\\"sellingId\\\":\\\"0945F0C571FA41899F4BFE7A8FFEB8B5\\\",\\\"merchantId\\\":\\\"9fc08905039048918982091f266c2a29\\\",\\\"skuId\\\":\\\"PantherMigrationSkuId\\\",\\\"f\\\":0,\\\"fnId\\\":\\\"2698\\\",\\\"by\\\":\\\"Killmonger.Migration.MapInWalmartInvUpdates\\\",\\\"at\\\":\\\"2019-07-29T05:41:48.598+00:00\\\",\\\"invUssn\\\":0,\\\"isInf\\\":false,\\\"ifa\\\":true,\\\"martAvail\\\":[{\\\"martId\\\":\\\"21\\\",\\\"ia\\\":true},{\\\"martId\\\":\\\"0\\\",\\\"ia\\\":true}],\\\"clt\\\":\\\"WoJ\\\"}\"}"}
{"id":"F4F2C47B175346EEAB6DA491807E572F","table":"killmonger_events_table","keyspace":"msku","timestamp":"2019-07-29T05:44:36.950Z","clusteringKeys":["8306","vbIdSellingIdInventoryUpdated/1","1564378908"],"changedColumns":["selling_id","fulfillment_node_id","event_type","update_at","stream_sequence_number","event_data"],"record":"{\"selling_id\":\"F4F2C47B175346EEAB6DA491807E572F\",\"fulfillment_node_id\":\"8306\",\"event_type\":\"vbIdSellingIdInventoryUpdated/1\",\"update_at\":1564378908,\"stream_sequence_number\":144,\"event_data\":\"{\\\"id\\\":\\\"7c75fb70756c4766a14fdaeeeca57357\\\",\\\"vbId\\\":\\\"PantherMigrationVbId\\\",\\\"sellingId\\\":\\\"F4F2C47B175346EEAB6DA491807E572F\\\",\\\"merchantId\\\":\\\"9fc08905039048918982091f266c2a29\\\",\\\"skuId\\\":\\\"PantherMigrationSkuId\\\",\\\"f\\\":0,\\\"fnId\\\":\\\"8306\\\",\\\"by\\\":\\\"Killmonger.Migration.MapInWalmartInvUpdates\\\",\\\"at\\\":\\\"2019-07-29T05:41:48.981+00:00\\\",\\\"invUssn\\\":0,\\\"isInf\\\":false,\\\"ifa\\\":true,\\\"martAvail\\\":[{\\\"martId\\\":\\\"21\\\",\\\"ia\\\":true},{\\\"martId\\\":\\\"0\\\",\\\"ia\\\":true}],\\\"clt\\\":\\\"WoJ\\\"}\"}"}
{"id":"F4F2C47B175346EEAB6DA491807E572F","table":"killmonger_events_table","keyspace":"msku","timestamp":"2019-07-29T05:44:36.951Z","clusteringKeys":["8306","vbIdSellingIdInventoryUpdated/1","1564378908"],"changedColumns":["selling_id","fulfillment_node_id","event_type","update_at","stream_sequence_number","event_data"],"record":"{\"selling_id\":\"F4F2C47B175346EEAB6DA491807E572F\",\"fulfillment_node_id\":\"8306\",\"event_type\":\"vbIdSellingIdInventoryUpdated/1\",\"update_at\":1564378908,\"stream_sequence_number\":145,\"event_data\":\"{\\\"id\\\":\\\"7c75fb70756c4766a14fdaeeeca57357\\\",\\\"vbId\\\":\\\"PantherMigrationVbId\\\",\\\"sellingId\\\":\\\"F4F2C47B175346EEAB6DA491807E572F\\\",\\\"merchantId\\\":\\\"9fc08905039048918982091f266c2a29\\\",\\\"skuId\\\":\\\"PantherMigrationSkuId\\\",\\\"f\\\":0,\\\"fnId\\\":\\\"8306\\\",\\\"by\\\":\\\"Killmonger.Migration.MapInWalmartInvUpdates\\\",\\\"at\\\":\\\"2019-07-29T05:41:48.981+00:00\\\",\\\"invUssn\\\":0,\\\"isInf\\\":false,\\\"ifa\\\":true,\\\"martAvail\\\":[{\\\"martId\\\":\\\"21\\\",\\\"ia\\\":true},{\\\"martId\\\":\\\"0\\\",\\\"ia\\\":true}],\\\"clt\\\":\\\"WoJ\\\"}\"}"}
{"id":"1907e331993e44ecb03d1b75dcdc2518","table":"killmonger_events_table","keyspace":"msku","timestamp":"2019-07-29T05:44:36.951Z","clusteringKeys":["fb72b6f9c1e54625a551711f6ee72714","vbIdSellingIdInventoryUpdated/1","1564378274"],"changedColumns":["selling_id","fulfillment_node_id","event_type","update_at","stream_sequence_number","event_data"],"record":"{\"selling_id\":\"1907e331993e44ecb03d1b75dcdc2518\",\"fulfillment_node_id\":\"fb72b6f9c1e54625a551711f6ee72714\",\"event_type\":\"vbIdSellingIdInventoryUpdated/1\",\"update_at\":1564378274,\"stream_sequence_number\":36,\"event_data\":\"{\\\"id\\\":\\\"0ec72d92f1c9406e8344d2718ce2bb6a\\\",\\\"vbId\\\":\\\"1907e331993e44ecb03d1b75dcdc2518\\\",\\\"sellingId\\\":\\\"1907e331993e44ecb03d1b75dcdc2518\\\",\\\"merchantId\\\":\\\"e43cf7756d0b4ba8a4e9046774656ce8\\\",\\\"skuId\\\":\\\"1907e331993e44ecb03d1b75dcdc2518\\\",\\\"f\\\":83,\\\"fnId\\\":\\\"fb72b6f9c1e54625a551711f6ee72714\\\",\\\"fnType\\\":\\\"wolverine\\\",\\\"by\\\":\\\"Vibranium\\\",\\\"at\\\":\\\"2019-07-29T05:31:14+00:00\\\",\\\"invUssn\\\":47,\\\"isInf\\\":false,\\\"ifa\\\":true,\\\"martAvail\\\":[{\\\"martId\\\":\\\"21\\\",\\\"ia\\\":true}],\\\"clt\\\":\\\"JoJ\\\"}\"}"}
{"id":"c57d3f023a7a41b6a7a938601307fb24","table":"killmonger_events_table","keyspace":"msku","timestamp":"2019-07-29T05:40:44.615Z","clusteringKeys":["fb72b6f9c1e54625a551711f6ee72714","vbIdSellingIdInventoryUpdated/1","1564375727"],"changedColumns":["selling_id","fulfillment_node_id","event_type","update_at","stream_sequence_number","event_data"],"record":"{\"selling_id\":\"c57d3f023a7a41b6a7a938601307fb24\",\"fulfillment_node_id\":\"fb72b6f9c1e54625a551711f6ee72714\",\"event_type\":\"vbIdSellingIdInventoryUpdated/1\",\"update_at\":1564375727,\"stream_sequence_number\":38,\"event_data\":\"{\\\"id\\\":\\\"681029e9e9a34b71b8040173f9c5122e\\\",\\\"vbId\\\":\\\"c57d3f023a7a41b6a7a938601307fb24\\\",\\\"sellingId\\\":\\\"c57d3f023a7a41b6a7a938601307fb24\\\",\\\"merchantId\\\":\\\"e43cf7756d0b4ba8a4e9046774656ce8\\\",\\\"skuId\\\":\\\"c57d3f023a7a41b6a7a938601307fb24\\\",\\\"f\\\":85,\\\"fnId\\\":\\\"fb72b6f9c1e54625a551711f6ee72714\\\",\\\"fnType\\\":\\\"wolverine\\\",\\\"by\\\":\\\"Vibranium\\\",\\\"at\\\":\\\"2019-07-29T04:48:47+00:00\\\",\\\"invUssn\\\":47,\\\"isInf\\\":false,\\\"ifa\\\":true,\\\"martAvail\\\":[{\\\"martId\\\":\\\"21\\\",\\\"ia\\\":true}],\\\"clt\\\":\\\"JoJ\\\"}\"}"}
{"id":"B86BA7D07ED2482CB5DF6BB7FAB79C0D","table":"killmonger_events_table","keyspace":"msku","timestamp":"2019-07-29T05:45:02.374Z","clusteringKeys":["4916","vbIdSellingIdInventoryUpdated/1","1564378909"],"changedColumns":["selling_id","fulfillment_node_id","event_type","update_at","stream_sequence_number","event_data"],"record":"{\"selling_id\":\"B86BA7D07ED2482CB5DF6BB7FAB79C0D\",\"fulfillment_node_id\":\"4916\",\"event_type\":\"vbIdSellingIdInventoryUpdated/1\",\"update_at\":1564378909,\"stream_sequence_number\":133,\"event_data\":\"{\\\"id\\\":\\\"e60b491e2d0a4e749a453f7d16c944cc\\\",\\\"vbId\\\":\\\"PantherMigrationVbId\\\",\\\"sellingId\\\":\\\"B86BA7D07ED2482CB5DF6BB7FAB79C0D\\\",\\\"merchantId\\\":\\\"9fc08905039048918982091f266c2a29\\\",\\\"skuId\\\":\\\"PantherMigrationSkuId\\\",\\\"f\\\":0,\\\"fnId\\\":\\\"4916\\\",\\\"by\\\":\\\"Killmonger.Migration.MapInWalmartInvUpdates\\\",\\\"at\\\":\\\"2019-07-29T05:41:49.186+00:00\\\",\\\"invUssn\\\":0,\\\"isInf\\\":false,\\\"ifa\\\":true,\\\"martAvail\\\":[{\\\"martId\\\":\\\"21\\\",\\\"ia\\\":true},{\\\"martId\\\":\\\"0\\\",\\\"ia\\\":true}],\\\"clt\\\":\\\"WoJ\\\"}\"}"}
{"id":"fe9e2f299f654fa9a460bd243f886367","table":"killmonger_events_table","keyspace":"msku","timestamp":"2019-07-29T05:45:02.374Z","clusteringKeys":["3cbcc7e28aac4f6fb0a8cde4e85483c0","vbIdSellingIdInventoryUpdated/1","1564378105"],"changedColumns":["selling_id","fulfillment_node_id","event_type","update_at","stream_sequence_number","event_data"],"record":"{\"selling_id\":\"fe9e2f299f654fa9a460bd243f886367\",\"fulfillment_node_id\":\"3cbcc7e28aac4f6fb0a8cde4e85483c0\",\"event_type\":\"vbIdSellingIdInventoryUpdated/1\",\"update_at\":1564378105,\"stream_sequence_number\":91,\"event_data\":\"{\\\"id\\\":\\\"9ad73dba1c32439aae5d71ac9e56ed55\\\",\\\"vbId\\\":\\\"fe9e2f299f654fa9a460bd243f886367\\\",\\\"sellingId\\\":\\\"fe9e2f299f654fa9a460bd243f886367\\\",\\\"merchantId\\\":\\\"7eaf70709bf149f890dc3a845871dab4\\\",\\\"skuId\\\":\\\"fe9e2f299f654fa9a460bd243f886367\\\",\\\"f\\\":559,\\\"fnId\\\":\\\"3cbcc7e28aac4f6fb0a8cde4e85483c0\\\",\\\"fnType\\\":\\\"wolverine\\\",\\\"by\\\":\\\"Vibranium\\\",\\\"at\\\":\\\"2019-07-29T05:28:25+00:00\\\",\\\"invUssn\\\":76,\\\"isInf\\\":false,\\\"ifa\\\":true,\\\"martAvail\\\":[{\\\"martId\\\":\\\"21\\\",\\\"ia\\\":true}],\\\"clt\\\":\\\"JoJ\\\"}\"}"}
{"id":"0593F545113E4F0FBBDD5AA24E01F5E9","table":"killmonger_events_table","keyspace":"msku","timestamp":"2019-07-29T05:45:02.375Z","clusteringKeys":["2738","vbIdSellingIdInventoryUpdated/1","1564378907"],"changedColumns":["selling_id","fulfillment_node_id","event_type","update_at","stream_sequence_number","event_data"],"record":"{\"selling_id\":\"0593F545113E4F0FBBDD5AA24E01F5E9\",\"fulfillment_node_id\":\"2738\",\"event_type\":\"vbIdSellingIdInventoryUpdated/1\",\"update_at\":1564378907,\"stream_sequence_number\":130,\"event_data\":\"{\\\"id\\\":\\\"b0be2b15b3bb47ef9e93445f68ef5767\\\",\\\"vbId\\\":\\\"PantherMigrationVbId\\\",\\\"sellingId\\\":\\\"0593F545113E4F0FBBDD5AA24E01F5E9\\\",\\\"merchantId\\\":\\\"9fc08905039048918982091f266c2a29\\\",\\\"skuId\\\":\\\"PantherMigrationSkuId\\\",\\\"f\\\":0,\\\"fnId\\\":\\\"2738\\\",\\\"by\\\":\\\"Killmonger.Migration.MapInWalmartInvUpdates\\\",\\\"at\\\":\\\"2019-07-29T05:41:47.846+00:00\\\",\\\"invUssn\\\":0,\\\"isInf\\\":false,\\\"ifa\\\":true,\\\"martAvail\\\":[{\\\"martId\\\":\\\"21\\\",\\\"ia\\\":true},{\\\"martId\\\":\\\"0\\\",\\\"ia\\\":true}],\\\"clt\\\":\\\"WoJ\\\"}\"}"}
{"id":"0593F545113E4F0FBBDD5AA24E01F5E9","table":"killmonger_events_table","keyspace":"msku","timestamp":"2019-07-29T05:45:02.375Z","clusteringKeys":["2738","vbIdSellingIdInventoryUpdated/1","1564378907"],"changedColumns":["selling_id","fulfillment_node_id","event_type","update_at","stream_sequence_number","event_data"],"record":"{\"selling_id\":\"0593F545113E4F0FBBDD5AA24E01F5E9\",\"fulfillment_node_id\":\"2738\",\"event_type\":\"vbIdSellingIdInventoryUpdated/1\",\"update_at\":1564378907,\"stream_sequence_number\":131,\"event_data\":\"{\\\"id\\\":\\\"b0be2b15b3bb47ef9e93445f68ef5767\\\",\\\"vbId\\\":\\\"PantherMigrationVbId\\\",\\\"sellingId\\\":\\\"0593F545113E4F0FBBDD5AA24E01F5E9\\\",\\\"merchantId\\\":\\\"9fc08905039048918982091f266c2a29\\\",\\\"skuId\\\":\\\"PantherMigrationSkuId\\\",\\\"f\\\":0,\\\"fnId\\\":\\\"2738\\\",\\\"by\\\":\\\"Killmonger.Migration.MapInWalmartInvUpdates\\\",\\\"at\\\":\\\"2019-07-29T05:41:47.846+00:00\\\",\\\"invUssn\\\":0,\\\"isInf\\\":false,\\\"ifa\\\":true,\\\"martAvail\\\":[{\\\"martId\\\":\\\"21\\\",\\\"ia\\\":true},{\\\"martId\\\":\\\"0\\\",\\\"ia\\\":true}],\\\"clt\\\":\\\"WoJ\\\"}\"}"}
{"id":"29fec464e83746a7af81b34aa237944c","table":"killmonger_events_table","keyspace":"msku","timestamp":"2019-07-29T05:44:36.970Z","clusteringKeys":["fb72b6f9c1e54625a551711f6ee72714","vbIdSellingIdInventoryUpdated/1","1564375526"],"changedColumns":["selling_id","fulfillment_node_id","event_type","update_at","stream_sequence_number","event_data"],"record":"{\"selling_id\":\"29fec464e83746a7af81b34aa237944c\",\"fulfillment_node_id\":\"fb72b6f9c1e54625a551711f6ee72714\",\"event_type\":\"vbIdSellingIdInventoryUpdated/1\",\"update_at\":1564375526,\"stream_sequence_number\":50,\"event_data\":\"{\\\"id\\\":\\\"ad9993dfab284fd4815fa713ec1a9bab\\\",\\\"vbId\\\":\\\"29fec464e83746a7af81b34aa237944c\\\",\\\"sellingId\\\":\\\"29fec464e83746a7af81b34aa237944c\\\",\\\"merchantId\\\":\\\"e43cf7756d0b4ba8a4e9046774656ce8\\\",\\\"skuId\\\":\\\"29fec464e83746a7af81b34aa237944c\\\",\\\"f\\\":125,\\\"fnId\\\":\\\"fb72b6f9c1e54625a551711f6ee72714\\\",\\\"fnType\\\":\\\"wolverine\\\",\\\"by\\\":\\\"Vibranium\\\",\\\"at\\\":\\\"2019-07-29T04:45:26+00:00\\\",\\\"invUssn\\\":47,\\\"isInf\\\":false,\\\"ifa\\\":true,\\\"martAvail\\\":[{\\\"martId\\\":\\\"21\\\",\\\"ia\\\":true}],\\\"clt\\\":\\\"JoJ\\\"}\"}"}
{"id":"0a79e86a40594cafa2cd22ddc87b580a","table":"killmonger_events_table","keyspace":"msku","timestamp":"2019-07-29T05:44:36.968Z","clusteringKeys":["433ec72b187447d0b143d59c798b4786","vbIdSellingIdInventoryUpdated/1","1564378286"],"changedColumns":["selling_id","fulfillment_node_id","event_type","update_at","stream_sequence_number","event_data"],"record":"{\"selling_id\":\"0a79e86a40594cafa2cd22ddc87b580a\",\"fulfillment_node_id\":\"433ec72b187447d0b143d59c798b4786\",\"event_type\":\"vbIdSellingIdInventoryUpdated/1\",\"update_at\":1564378286,\"stream_sequence_number\":218,\"event_data\":\"{\\\"id\\\":\\\"8dfc84f635a74ca78ee399f61a84d3dc\\\",\\\"vbId\\\":\\\"0a79e86a40594cafa2cd22ddc87b580a\\\",\\\"sellingId\\\":\\\"0a79e86a40594cafa2cd22ddc87b580a\\\",\\\"merchantId\\\":\\\"a8550aa2c31442be9a7b8b2de5618401\\\",\\\"skuId\\\":\\\"0a79e86a40594cafa2cd22ddc87b580a\\\",\\\"f\\\":20,\\\"fnId\\\":\\\"433ec72b187447d0b143d59c798b4786\\\",\\\"fnType\\\":\\\"wolverine\\\",\\\"by\\\":\\\"Vibranium\\\",\\\"at\\\":\\\"2019-07-29T05:31:26+00:00\\\",\\\"invUssn\\\":241,\\\"isInf\\\":false,\\\"ifa\\\":true,\\\"martAvail\\\":[{\\\"martId\\\":\\\"21\\\",\\\"ia\\\":true}],\\\"clt\\\":\\\"JoJ\\\"}\"}"}
{"id":"0a79e86a40594cafa2cd22ddc87b580a","table":"killmonger_events_table","keyspace":"msku","timestamp":"2019-07-29T05:44:36.968Z","clusteringKeys":["433ec72b187447d0b143d59c798b4786","updateVbIdSellingIdInventorySkipped/1","1564378286"],"changedColumns":["selling_id","fulfillment_node_id","event_type","update_at","stream_sequence_number","event_data"],"record":"{\"selling_id\":\"0a79e86a40594cafa2cd22ddc87b580a\",\"fulfillment_node_id\":\"433ec72b187447d0b143d59c798b4786\",\"event_type\":\"updateVbIdSellingIdInventorySkipped/1\",\"update_at\":1564378286,\"stream_sequence_number\":219,\"event_data\":\"{\\\"id\\\":\\\"8dfc84f635a74ca78ee399f61a84d3dc\\\",\\\"vbId\\\":\\\"0a79e86a40594cafa2cd22ddc87b580a\\\",\\\"sellingId\\\":\\\"0a79e86a40594cafa2cd22ddc87b580a\\\",\\\"merchantId\\\":\\\"a8550aa2c31442be9a7b8b2de5618401\\\",\\\"skuId\\\":\\\"0a79e86a40594cafa2cd22ddc87b580a\\\",\\\"f\\\":20,\\\"fnId\\\":\\\"433ec72b187447d0b143d59c798b4786\\\",\\\"fnType\\\":\\\"wolverine\\\",\\\"by\\\":\\\"Vibranium\\\",\\\"at\\\":\\\"2019-07-29T05:31:26+00:00\\\",\\\"invUssn\\\":241,\\\"isInf\\\":false}\"}"}
{"id":"c36cdc9271534f4db8d6b7252a24f9bb","table":"killmonger_events_table","keyspace":"msku","timestamp":"2019-07-29T05:44:36.970Z","clusteringKeys":["a841c1d980fb4da8ac68cd08fad363f6","vbIdSellingIdInventoryUpdated/1","1564378204"],"changedColumns":["selling_id","fulfillment_node_id","event_type","update_at","stream_sequence_number","event_data"],"record":"{\"selling_id\":\"c36cdc9271534f4db8d6b7252a24f9bb\",\"fulfillment_node_id\":\"a841c1d980fb4da8ac68cd08fad363f6\",\"event_type\":\"vbIdSellingIdInventoryUpdated/1\",\"update_at\":1564378204,\"stream_sequence_number\":50,\"event_data\":\"{\\\"id\\\":\\\"83aa6cfff10f4fc894ec626287b7e15c\\\",\\\"vbId\\\":\\\"c36cdc9271534f4db8d6b7252a24f9bb\\\",\\\"sellingId\\\":\\\"c36cdc9271534f4db8d6b7252a24f9bb\\\",\\\"merchantId\\\":\\\"8561aecb54ca4e339af961f7fa5fd27b\\\",\\\"skuId\\\":\\\"c36cdc9271534f4db8d6b7252a24f9bb\\\",\\\"f\\\":41,\\\"fnId\\\":\\\"a841c1d980fb4da8ac68cd08fad363f6\\\",\\\"fnType\\\":\\\"wolverine\\\",\\\"by\\\":\\\"Vibranium\\\",\\\"at\\\":\\\"2019-07-29T05:30:04+00:00\\\",\\\"invUssn\\\":40,\\\"isInf\\\":false,\\\"ifa\\\":true,\\\"martAvail\\\":[{\\\"martId\\\":\\\"21\\\",\\\"ia\\\":true}],\\\"clt\\\":\\\"JoJ\\\"}\"}"}
{"id":"23ed8788eb7a486e9fbadc671d344f38","table":"killmonger_events_table","keyspace":"msku","timestamp":"2019-07-29T05:44:36.970Z","clusteringKeys":["7d029b0996bd4f16bbd74454bab3ab2e","vbIdSellingIdInventoryUpdated/1","1564378274"],"changedColumns":["selling_id","fulfillment_node_id","event_type","update_at","stream_sequence_number","event_data"],"record":"{\"selling_id\":\"23ed8788eb7a486e9fbadc671d344f38\",\"fulfillment_node_id\":\"7d029b0996bd4f16bbd74454bab3ab2e\",\"event_type\":\"vbIdSellingIdInventoryUpdated/1\",\"update_at\":1564378274,\"stream_sequence_number\":51,\"event_data\":\"{\\\"id\\\":\\\"27f9033571cf49ba9b8c8363c78d0cae\\\",\\\"vbId\\\":\\\"23ed8788eb7a486e9fbadc671d344f38\\\",\\\"sellingId\\\":\\\"23ed8788eb7a486e9fbadc671d344f38\\\",\\\"merchantId\\\":\\\"e43cf7756d0b4ba8a4e9046774656ce8\\\",\\\"skuId\\\":\\\"23ed8788eb7a486e9fbadc671d344f38\\\",\\\"f\\\":119,\\\"fnId\\\":\\\"7d029b0996bd4f16bbd74454bab3ab2e\\\",\\\"fnType\\\":\\\"wolverine\\\",\\\"by\\\":\\\"Vibranium\\\",\\\"at\\\":\\\"2019-07-29T05:31:14+00:00\\\",\\\"invUssn\\\":52,\\\"isInf\\\":false,\\\"ifa\\\":true,\\\"martAvail\\\":[{\\\"martId\\\":\\\"21\\\",\\\"ia\\\":true}],\\\"clt\\\":\\\"JoJ\\\"}\"}"}
{"id":"0e5594ad3f634320971ab437ddc31b29","table":"killmonger_events_table","keyspace":"msku","timestamp":"2019-07-29T05:45:03.441Z","clusteringKeys":["c7e42bbec71748469f3409fac72e56f2","vbIdSellingIdInventoryUpdated/1","1564378259"],"changedColumns":["selling_id","fulfillment_node_id","event_type","update_at","stream_sequence_number","event_data"],"record":"{\"selling_id\":\"0e5594ad3f634320971ab437ddc31b29\",\"fulfillment_node_id\":\"c7e42bbec71748469f3409fac72e56f2\",\"event_type\":\"vbIdSellingIdInventoryUpdated/1\",\"update_at\":1564378259,\"stream_sequence_number\":185,\"event_data\":\"{\\\"id\\\":\\\"715a55ac13be4270abc3e951fbe24416\\\",\\\"vbId\\\":\\\"0e5594ad3f634320971ab437ddc31b29\\\",\\\"sellingId\\\":\\\"0e5594ad3f634320971ab437ddc31b29\\\",\\\"merchantId\\\":\\\"551717ddd0054aa088ac5aa2e3f5e824\\\",\\\"skuId\\\":\\\"0e5594ad3f634320971ab437ddc31b29\\\",\\\"f\\\":8888,\\\"fnId\\\":\\\"c7e42bbec71748469f3409fac72e56f2\\\",\\\"fnType\\\":\\\"wolverine\\\",\\\"by\\\":\\\"Vibranium\\\",\\\"at\\\":\\\"2019-07-29T05:30:59+00:00\\\",\\\"invUssn\\\":222,\\\"isInf\\\":false,\\\"ifa\\\":true,\\\"martAvail\\\":[{\\\"martId\\\":\\\"21\\\",\\\"ia\\\":true}],\\\"clt\\\":\\\"JoJ\\\"}\"}"}
{"id":"0e5594ad3f634320971ab437ddc31b29","table":"killmonger_events_table","keyspace":"msku","timestamp":"2019-07-29T05:45:03.441Z","clusteringKeys":["c7e42bbec71748469f3409fac72e56f2","updateVbIdSellingIdInventorySkipped/1","1564378259"],"changedColumns":["selling_id","fulfillment_node_id","event_type","update_at","stream_sequence_number","event_data"],"record":"{\"selling_id\":\"0e5594ad3f634320971ab437ddc31b29\",\"fulfillment_node_id\":\"c7e42bbec71748469f3409fac72e56f2\",\"event_type\":\"updateVbIdSellingIdInventorySkipped/1\",\"update_at\":1564378259,\"stream_sequence_number\":186,\"event_data\":\"{\\\"id\\\":\\\"715a55ac13be4270abc3e951fbe24416\\\",\\\"vbId\\\":\\\"0e5594ad3f634320971ab437ddc31b29\\\",\\\"sellingId\\\":\\\"0e5594ad3f634320971ab437ddc31b29\\\",\\\"merchantId\\\":\\\"551717ddd0054aa088ac5aa2e3f5e824\\\",\\\"skuId\\\":\\\"0e5594ad3f634320971ab437ddc31b29\\\",\\\"f\\\":8888,\\\"fnId\\\":\\\"c7e42bbec71748469f3409fac72e56f2\\\",\\\"fnType\\\":\\\"wolverine\\\",\\\"by\\\":\\\"Vibranium\\\",\\\"at\\\":\\\"2019-07-29T05:30:59+00:00\\\",\\\"invUssn\\\":222,\\\"isInf\\\":false}\"}"}
{"id":"0993e70e60a948d1872e489296ecfe83","table":"killmonger_events_table","keyspace":"msku","timestamp":"2019-07-29T05:40:44.629Z","clusteringKeys":["7d029b0996bd4f16bbd74454bab3ab2e","vbIdSellingIdInventoryUpdated/1","1564378274"],"changedColumns":["selling_id","fulfillment_node_id","event_type","update_at","stream_sequence_number","event_data"],"record":"{\"selling_id\":\"0993e70e60a948d1872e489296ecfe83\",\"fulfillment_node_id\":\"7d029b0996bd4f16bbd74454bab3ab2e\",\"event_type\":\"vbIdSellingIdInventoryUpdated/1\",\"update_at\":1564378274,\"stream_sequence_number\":46,\"event_data\":\"{\\\"id\\\":\\\"1c8a20870bac40a584f94a3f06c2f344\\\",\\\"vbId\\\":\\\"0993e70e60a948d1872e489296ecfe83\\\",\\\"sellingId\\\":\\\"0993e70e60a948d1872e489296ecfe83\\\",\\\"merchantId\\\":\\\"e43cf7756d0b4ba8a4e9046774656ce8\\\",\\\"skuId\\\":\\\"0993e70e60a948d1872e489296ecfe83\\\",\\\"f\\\":136,\\\"fnId\\\":\\\"7d029b0996bd4f16bbd74454bab3ab2e\\\",\\\"fnType\\\":\\\"wolverine\\\",\\\"by\\\":\\\"Vibranium\\\",\\\"at\\\":\\\"2019-07-29T05:31:14+00:00\\\",\\\"invUssn\\\":57,\\\"isInf\\\":false,\\\"ifa\\\":true,\\\"martAvail\\\":[{\\\"martId\\\":\\\"21\\\",\\\"ia\\\":true}],\\\"clt\\\":\\\"JoJ\\\"}\"}"}
{"id":"9883568DB98743729F9A09DBC1DDB869","table":"killmonger_events_table","keyspace":"msku","timestamp":"2019-07-29T05:45:03.443Z","clusteringKeys":["10000007863","updateVbIdSellingIdInventorySkipped/1","1564374988"],"changedColumns":["selling_id","fulfillment_node_id","event_type","update_at","stream_sequence_number","event_data"],"record":"{\"selling_id\":\"9883568DB98743729F9A09DBC1DDB869\",\"fulfillment_node_id\":\"10000007863\",\"event_type\":\"updateVbIdSellingIdInventorySkipped/1\",\"update_at\":1564374988,\"stream_sequence_number\":1967,\"event_data\":\"{\\\"id\\\":\\\"babdbe27216e4d70940a621e0367f74a\\\",\\\"vbId\\\":\\\"01-w-ts-twolf-betalpom-2xl-7740\\\",\\\"sellingId\\\":\\\"9883568DB98743729F9A09DBC1DDB869\\\",\\\"merchantId\\\":\\\"7740\\\",\\\"skuId\\\":\\\"01-w-ts-twolf-betalpom-2xl\\\",\\\"f\\\":2,\\\"fnId\\\":\\\"10000007863\\\",\\\"fnType\\\":\\\"MARKETPLACE\\\",\\\"by\\\":\\\"Vibranium\\\",\\\"at\\\":\\\"2019-07-29T04:36:28+00:00\\\",\\\"invUssn\\\":1408,\\\"catUssn\\\":354,\\\"isInf\\\":false}\"}"}
{"id":"ef6b335fbf56468b8379d8146f6bb9a8","table":"killmonger_events_table","keyspace":"msku","timestamp":"2019-07-29T05:44:36.980Z","clusteringKeys":["161ef5d50fd64967b6867805ef1a285d","vbIdSellingIdInventoryUpdated/1","1564378195"],"changedColumns":["selling_id","fulfillment_node_id","event_type","update_at","stream_sequence_number","event_data"],"record":"{\"selling_id\":\"ef6b335fbf56468b8379d8146f6bb9a8\",\"fulfillment_node_id\":\"161ef5d50fd64967b6867805ef1a285d\",\"event_type\":\"vbIdSellingIdInventoryUpdated/1\",\"update_at\":1564378195,\"stream_sequence_number\":183,\"event_data\":\"{\\\"id\\\":\\\"1e58c28c63204d0ea4724f0ae8c01711\\\",\\\"vbId\\\":\\\"ef6b335fbf56468b8379d8146f6bb9a8\\\",\\\"sellingId\\\":\\\"ef6b335fbf56468b8379d8146f6bb9a8\\\",\\\"merchantId\\\":\\\"11d010f610f348e38342912be02e1450\\\",\\\"skuId\\\":\\\"ef6b335fbf56468b8379d8146f6bb9a8\\\",\\\"f\\\":8,\\\"fnId\\\":\\\"161ef5d50fd64967b6867805ef1a285d\\\",\\\"fnType\\\":\\\"wolverine\\\",\\\"by\\\":\\\"Vibranium\\\",\\\"at\\\":\\\"2019-07-29T05:29:55+00:00\\\",\\\"invUssn\\\":193,\\\"isInf\\\":false,\\\"ifa\\\":true,\\\"martAvail\\\":[{\\\"martId\\\":\\\"21\\\",\\\"ia\\\":true}],\\\"clt\\\":\\\"JoJ\\\"}\"}"}
{"id":"B16C2E19AC254BB2B9EC697D0722A906","table":"killmonger_events_table","keyspace":"msku","timestamp":"2019-07-29T05:45:02.396Z","clusteringKeys":["2381","vbIdSellingIdInventoryUpdated/1","1564378907"],"changedColumns":["selling_id","fulfillment_node_id","event_type","update_at","stream_sequence_number","event_data"],"record":"{\"selling_id\":\"B16C2E19AC254BB2B9EC697D0722A906\",\"fulfillment_node_id\":\"2381\",\"event_type\":\"vbIdSellingIdInventoryUpdated/1\",\"update_at\":1564378907,\"stream_sequence_number\":130,\"event_data\":\"{\\\"id\\\":\\\"3c67b8c9c5ca4d30a016aa1351e86727\\\",\\\"vbId\\\":\\\"PantherMigrationVbId\\\",\\\"sellingId\\\":\\\"B16C2E19AC254BB2B9EC697D0722A906\\\",\\\"merchantId\\\":\\\"9fc08905039048918982091f266c2a29\\\",\\\"skuId\\\":\\\"PantherMigrationSkuId\\\",\\\"f\\\":0,\\\"fnId\\\":\\\"2381\\\",\\\"by\\\":\\\"Killmonger.Migration.MapInWalmartInvUpdates\\\",\\\"at\\\":\\\"2019-07-29T05:41:47.311+00:00\\\",\\\"invUssn\\\":0,\\\"isInf\\\":false,\\\"ifa\\\":true,\\\"martAvail\\\":[{\\\"martId\\\":\\\"21\\\",\\\"ia\\\":true},{\\\"martId\\\":\\\"0\\\",\\\"ia\\\":true}],\\\"clt\\\":\\\"WoJ\\\"}\"}"}
{"id":"D5BDD95D0CEB4E31896BB6DA3BC19516","table":"killmonger_events_table","keyspace":"msku","timestamp":"2019-07-29T05:45:03.452Z","clusteringKeys":["10000006515","updateVbIdSellingIdInventorySkipped/1","1564375292"],"changedColumns":["selling_id","fulfillment_node_id","event_type","update_at","stream_sequence_number","event_data"],"record":"{\"selling_id\":\"D5BDD95D0CEB4E31896BB6DA3BC19516\",\"fulfillment_node_id\":\"10000006515\",\"event_type\":\"updateVbIdSellingIdInventorySkipped/1\",\"update_at\":1564375292,\"stream_sequence_number\":27,\"event_data\":\"{\\\"id\\\":\\\"ebbfdb7f75f64543be4677c5dcfd5e73\\\",\\\"vbId\\\":\\\"DEI 91566F-6361\\\",\\\"sellingId\\\":\\\"D5BDD95D0CEB4E31896BB6DA3BC19516\\\",\\\"merchantId\\\":\\\"6361\\\",\\\"skuId\\\":\\\"DEI 91566F\\\",\\\"f\\\":309,\\\"fnId\\\":\\\"10000006515\\\",\\\"fnType\\\":\\\"MARKETPLACE\\\",\\\"by\\\":\\\"Vibranium\\\",\\\"at\\\":\\\"2019-07-29T04:41:32+00:00\\\",\\\"invUssn\\\":23,\\\"catUssn\\\":0,\\\"isInf\\\":false}\"}"}
{"id":"bf991b63a03e4832b9af209211040e2a","table":"killmonger_events_table","keyspace":"msku","timestamp":"2019-07-29T05:45:03.452Z","clusteringKeys":["fb72b6f9c1e54625a551711f6ee72714","vbIdSellingIdInventoryUpdated/1","1564376117"],"changedColumns":["selling_id","fulfillment_node_id","event_type","update_at","stream_sequence_number","event_data"],"record":"{\"selling_id\":\"bf991b63a03e4832b9af209211040e2a\",\"fulfillment_node_id\":\"fb72b6f9c1e54625a551711f6ee72714\",\"event_type\":\"vbIdSellingIdInventoryUpdated/1\",\"update_at\":1564376117,\"stream_sequence_number\":38,\"event_data\":\"{\\\"id\\\":\\\"628850f54ca643a2854973dd870a6044\\\",\\\"vbId\\\":\\\"bf991b63a03e4832b9af209211040e2a\\\",\\\"sellingId\\\":\\\"bf991b63a03e4832b9af209211040e2a\\\",\\\"merchantId\\\":\\\"e43cf7756d0b4ba8a4e9046774656ce8\\\",\\\"skuId\\\":\\\"bf991b63a03e4832b9af209211040e2a\\\",\\\"f\\\":79,\\\"fnId\\\":\\\"fb72b6f9c1e54625a551711f6ee72714\\\",\\\"fnType\\\":\\\"wolverine\\\",\\\"by\\\":\\\"Vibranium\\\",\\\"at\\\":\\\"2019-07-29T04:55:17+00:00\\\",\\\"invUssn\\\":47,\\\"isInf\\\":false,\\\"ifa\\\":true,\\\"martAvail\\\":[{\\\"martId\\\":\\\"21\\\",\\\"ia\\\":true}],\\\"clt\\\":\\\"JoJ\\\"}\"}"}
{"id":"B16C2E19AC254BB2B9EC697D0722A906","table":"killmonger_events_table","keyspace":"msku","timestamp":"2019-07-29T05:45:02.396Z","clusteringKeys":["2381","vbIdSellingIdInventoryUpdated/1","1564378907"],"changedColumns":["selling_id","fulfillment_node_id","event_type","update_at","stream_sequence_number","event_data"],"record":"{\"selling_id\":\"B16C2E19AC254BB2B9EC697D0722A906\",\"fulfillment_node_id\":\"2381\",\"event_type\":\"vbIdSellingIdInventoryUpdated/1\",\"update_at\":1564378907,\"stream_sequence_number\":131,\"event_data\":\"{\\\"id\\\":\\\"3c67b8c9c5ca4d30a016aa1351e86727\\\",\\\"vbId\\\":\\\"PantherMigrationVbId\\\",\\\"sellingId\\\":\\\"B16C2E19AC254BB2B9EC697D0722A906\\\",\\\"merchantId\\\":\\\"9fc08905039048918982091f266c2a29\\\",\\\"skuId\\\":\\\"PantherMigrationSkuId\\\",\\\"f\\\":0,\\\"fnId\\\":\\\"2381\\\",\\\"by\\\":\\\"Killmonger.Migration.MapInWalmartInvUpdates\\\",\\\"at\\\":\\\"2019-07-29T05:41:47.311+00:00\\\",\\\"invUssn\\\":0,\\\"isInf\\\":false,\\\"ifa\\\":true,\\\"martAvail\\\":[{\\\"martId\\\":\\\"21\\\",\\\"ia\\\":true},{\\\"martId\\\":\\\"0\\\",\\\"ia\\\":true}],\\\"clt\\\":\\\"WoJ\\\"}\"}"}
{"id":"B16C2E19AC254BB2B9EC697D0722A906","table":"killmonger_events_table","keyspace":"msku","timestamp":"2019-07-29T05:45:02.396Z","clusteringKeys":["2381","vbIdSellingIdInventoryUpdated/1","1564378907"],"changedColumns":["selling_id","fulfillment_node_id","event_type","update_at","stream_sequence_number","event_data"],"record":"{\"selling_id\":\"B16C2E19AC254BB2B9EC697D0722A906\",\"fulfillment_node_id\":\"2381\",\"event_type\":\"vbIdSellingIdInventoryUpdated/1\",\"update_at\":1564378907,\"stream_sequence_number\":132,\"event_data\":\"{\\\"id\\\":\\\"3c67b8c9c5ca4d30a016aa1351e86727\\\",\\\"vbId\\\":\\\"PantherMigrationVbId\\\",\\\"sellingId\\\":\\\"B16C2E19AC254BB2B9EC697D0722A906\\\",\\\"merchantId\\\":\\\"9fc08905039048918982091f266c2a29\\\",\\\"skuId\\\":\\\"PantherMigrationSkuId\\\",\\\"f\\\":0,\\\"fnId\\\":\\\"2381\\\",\\\"by\\\":\\\"Killmonger.Migration.MapInWalmartInvUpdates\\\",\\\"at\\\":\\\"2019-07-29T05:41:47.311+00:00\\\",\\\"invUssn\\\":0,\\\"isInf\\\":false,\\\"ifa\\\":true,\\\"martAvail\\\":[{\\\"martId\\\":\\\"21\\\",\\\"ia\\\":true},{\\\"martId\\\":\\\"0\\\",\\\"ia\\\":true}],\\\"clt\\\":\\\"WoJ\\\"}\"}"}
{"id":"f39f6127d71d4dd3bedcf35d4fc57c16","table":"killmonger_events_table","keyspace":"msku","timestamp":"2019-07-29T05:40:44.643Z","clusteringKeys":["7d029b0996bd4f16bbd74454bab3ab2e","vbIdSellingIdInventoryUpdated/1","1564378274"],"changedColumns":["selling_id","fulfillment_node_id","event_type","update_at","stream_sequence_number","event_data"],"record":"{\"selling_id\":\"f39f6127d71d4dd3bedcf35d4fc57c16\",\"fulfillment_node_id\":\"7d029b0996bd4f16bbd74454bab3ab2e\",\"event_type\":\"vbIdSellingIdInventoryUpdated/1\",\"update_at\":1564378274,\"stream_sequence_number\":41,\"event_data\":\"{\\\"id\\\":\\\"0d125e30570d48e890ffbf7ca1b7b48c\\\",\\\"vbId\\\":\\\"f39f6127d71d4dd3bedcf35d4fc57c16\\\",\\\"sellingId\\\":\\\"f39f6127d71d4dd3bedcf35d4fc57c16\\\",\\\"merchantId\\\":\\\"e43cf7756d0b4ba8a4e9046774656ce8\\\",\\\"skuId\\\":\\\"f39f6127d71d4dd3bedcf35d4fc57c16\\\",\\\"f\\\":116,\\\"fnId\\\":\\\"7d029b0996bd4f16bbd74454bab3ab2e\\\",\\\"fnType\\\":\\\"wolverine\\\",\\\"by\\\":\\\"Vibranium\\\",\\\"at\\\":\\\"2019-07-29T05:31:14+00:00\\\",\\\"invUssn\\\":52,\\\"isInf\\\":false,\\\"ifa\\\":true,\\\"martAvail\\\":[{\\\"martId\\\":\\\"21\\\",\\\"ia\\\":true}],\\\"clt\\\":\\\"JoJ\\\"}\"}"}
{"id":"7C8740D1C6084DC5B47EF444F5E15951","table":"killmonger_events_table","keyspace":"msku","timestamp":"2019-07-29T05:40:44.643Z","clusteringKeys":["10000004915","vbIdSellingIdInventoryUpdated/1","1564378188"],"changedColumns":["selling_id","fulfillment_node_id","event_type","update_at","stream_sequence_number","event_data"],"record":"{\"selling_id\":\"7C8740D1C6084DC5B47EF444F5E15951\",\"fulfillment_node_id\":\"10000004915\",\"event_type\":\"vbIdSellingIdInventoryUpdated/1\",\"update_at\":1564378188,\"stream_sequence_number\":2652,\"event_data\":\"{\\\"id\\\":\\\"5e1d2a549c9d4d6d8d1149f49266b40f\\\",\\\"vbId\\\":\\\"WALIZX815Z-4787\\\",\\\"sellingId\\\":\\\"7C8740D1C6084DC5B47EF444F5E15951\\\",\\\"merchantId\\\":\\\"4787\\\",\\\"skuId\\\":\\\"WALIZX815Z\\\",\\\"f\\\":1,\\\"fnId\\\":\\\"10000004915\\\",\\\"fnType\\\":\\\"MARKETPLACE\\\",\\\"by\\\":\\\"Vibranium\\\",\\\"at\\\":\\\"2019-07-29T05:29:48+00:00\\\",\\\"invUssn\\\":2201,\\\"catUssn\\\":1,\\\"isInf\\\":false,\\\"ifa\\\":true,\\\"martAvail\\\":[{\\\"martId\\\":\\\"0\\\",\\\"ia\\\":true}],\\\"clt\\\":\\\"WoW\\\"}\"}"}
{"id":"fd4bc66e91b74adc9a5dbf33b7eba365","table":"killmonger_events_table","keyspace":"msku","timestamp":"2019-07-29T05:45:02.403Z","clusteringKeys":["3cbcc7e28aac4f6fb0a8cde4e85483c0","vbIdSellingIdInventoryUpdated/1","1564378345"],"changedColumns":["selling_id","fulfillment_node_id","event_type","update_at","stream_sequence_number","event_data"],"record":"{\"selling_id\":\"fd4bc66e91b74adc9a5dbf33b7eba365\",\"fulfillment_node_id\":\"3cbcc7e28aac4f6fb0a8cde4e85483c0\",\"event_type\":\"vbIdSellingIdInventoryUpdated/1\",\"update_at\":1564378345,\"stream_sequence_number\":94,\"event_data\":\"{\\\"id\\\":\\\"7f339604daf24fe6b1fe8f3e26905e08\\\",\\\"vbId\\\":\\\"fd4bc66e91b74adc9a5dbf33b7eba365\\\",\\\"sellingId\\\":\\\"fd4bc66e91b74adc9a5dbf33b7eba365\\\",\\\"merchantId\\\":\\\"7eaf70709bf149f890dc3a845871dab4\\\",\\\"skuId\\\":\\\"fd4bc66e91b74adc9a5dbf33b7eba365\\\",\\\"f\\\":559,\\\"fnId\\\":\\\"3cbcc7e28aac4f6fb0a8cde4e85483c0\\\",\\\"fnType\\\":\\\"wolverine\\\",\\\"by\\\":\\\"Vibranium\\\",\\\"at\\\":\\\"2019-07-29T05:32:25+00:00\\\",\\\"invUssn\\\":79,\\\"isInf\\\":false,\\\"ifa\\\":true,\\\"martAvail\\\":[{\\\"martId\\\":\\\"21\\\",\\\"ia\\\":true}],\\\"clt\\\":\\\"JoJ\\\"}\"}"}
{"id":"13C2F10E260C4AD4BB738CC521174651","table":"killmonger_events_table","keyspace":"msku","timestamp":"2019-07-29T05:40:44.645Z","clusteringKeys":["8556","vbIdSellingIdInventoryUpdated/1","1564378910"],"changedColumns":["selling_id","fulfillment_node_id","event_type","update_at","stream_sequence_number","event_data"],"record":"{\"selling_id\":\"13C2F10E260C4AD4BB738CC521174651\",\"fulfillment_node_id\":\"8556\",\"event_type\":\"vbIdSellingIdInventoryUpdated/1\",\"update_at\":1564378910,\"stream_sequence_number\":183,\"event_data\":\"{\\\"id\\\":\\\"c72b83bf2b0b415ab27dee36924abaf7\\\",\\\"vbId\\\":\\\"PantherMigrationVbId\\\",\\\"sellingId\\\":\\\"13C2F10E260C4AD4BB738CC521174651\\\",\\\"merchantId\\\":\\\"9fc08905039048918982091f266c2a29\\\",\\\"skuId\\\":\\\"PantherMigrationSkuId\\\",\\\"f\\\":0,\\\"fnId\\\":\\\"8556\\\",\\\"by\\\":\\\"Killmonger.Migration.MapInWalmartInvUpdates\\\",\\\"at\\\":\\\"2019-07-29T05:41:50.329+00:00\\\",\\\"invUssn\\\":0,\\\"isInf\\\":false,\\\"ifa\\\":true,\\\"martAvail\\\":[{\\\"martId\\\":\\\"21\\\",\\\"ia\\\":true},{\\\"martId\\\":\\\"0\\\",\\\"ia\\\":true}],\\\"clt\\\":\\\"WoJ\\\"}\"}"}
{"id":"13C2F10E260C4AD4BB738CC521174651","table":"killmonger_events_table","keyspace":"msku","timestamp":"2019-07-29T05:40:44.645Z","clusteringKeys":["8556","vbIdSellingIdInventoryUpdated/1","1564378910"],"changedColumns":["selling_id","fulfillment_node_id","event_type","update_at","stream_sequence_number","event_data"],"record":"{\"selling_id\":\"13C2F10E260C4AD4BB738CC521174651\",\"fulfillment_node_id\":\"8556\",\"event_type\":\"vbIdSellingIdInventoryUpdated/1\",\"update_at\":1564378910,\"stream_sequence_number\":184,\"event_data\":\"{\\\"id\\\":\\\"c72b83bf2b0b415ab27dee36924abaf7\\\",\\\"vbId\\\":\\\"PantherMigrationVbId\\\",\\\"sellingId\\\":\\\"13C2F10E260C4AD4BB738CC521174651\\\",\\\"merchantId\\\":\\\"9fc08905039048918982091f266c2a29\\\",\\\"skuId\\\":\\\"PantherMigrationSkuId\\\",\\\"f\\\":0,\\\"fnId\\\":\\\"8556\\\",\\\"by\\\":\\\"Killmonger.Migration.MapInWalmartInvUpdates\\\",\\\"at\\\":\\\"2019-07-29T05:41:50.329+00:00\\\",\\\"invUssn\\\":0,\\\"isInf\\\":false,\\\"ifa\\\":true,\\\"martAvail\\\":[{\\\"martId\\\":\\\"21\\\",\\\"ia\\\":true},{\\\"martId\\\":\\\"0\\\",\\\"ia\\\":true}],\\\"clt\\\":\\\"WoJ\\\"}\"}"}
{"id":"dca46a19228c4708bb1f60e9e977aaea","table":"killmonger_events_table","keyspace":"msku","timestamp":"2019-07-29T05:40:44.646Z","clusteringKeys":["eceec39427d3436481d1bd8491b36ff3","updateVbIdSellingIdInventorySkipped/1","1564375692"],"changedColumns":["selling_id","fulfillment_node_id","event_type","update_at","stream_sequence_number","event_data"],"record":"{\"selling_id\":\"dca46a19228c4708bb1f60e9e977aaea\",\"fulfillment_node_id\":\"eceec39427d3436481d1bd8491b36ff3\",\"event_type\":\"updateVbIdSellingIdInventorySkipped/1\",\"update_at\":1564375692,\"stream_sequence_number\":305,\"event_data\":\"{\\\"id\\\":\\\"66ac48905f8d4d39922c8313d53e130e\\\",\\\"vbId\\\":\\\"dca46a19228c4708bb1f60e9e977aaea\\\",\\\"sellingId\\\":\\\"dca46a19228c4708bb1f60e9e977aaea\\\",\\\"merchantId\\\":\\\"b070136ebd3f461b99e87552ab5ed5b6\\\",\\\"skuId\\\":\\\"dca46a19228c4708bb1f60e9e977aaea\\\",\\\"f\\\":225,\\\"fnId\\\":\\\"eceec39427d3436481d1bd8491b36ff3\\\",\\\"fnType\\\":\\\"wolverine\\\",\\\"by\\\":\\\"Vibranium\\\",\\\"at\\\":\\\"2019-07-29T04:48:12+00:00\\\",\\\"invUssn\\\":264,\\\"isInf\\\":false}\"}"}
{"id":"1BFACF21332A4E699A54500665F37AF9","table":"killmonger_events_table","keyspace":"msku","timestamp":"2019-07-29T05:44:36.993Z","clusteringKeys":["6284","vbIdSellingIdInventoryUpdated/1","1564375903"],"changedColumns":["selling_id","fulfillment_node_id","event_type","update_at","stream_sequence_number","event_data"],"record":"{\"selling_id\":\"1BFACF21332A4E699A54500665F37AF9\",\"fulfillment_node_id\":\"6284\",\"event_type\":\"vbIdSellingIdInventoryUpdated/1\",\"update_at\":1564375903,\"stream_sequence_number\":124,\"event_data\":\"{\\\"id\\\":\\\"12fe5018f2864c70a2ac1dba1ac2e420\\\",\\\"vbId\\\":\\\"PantherMigrationVbId\\\",\\\"sellingId\\\":\\\"1BFACF21332A4E699A54500665F37AF9\\\",\\\"merchantId\\\":\\\"9fc08905039048918982091f266c2a29\\\",\\\"skuId\\\":\\\"PantherMigrationSkuId\\\",\\\"f\\\":0,\\\"fnId\\\":\\\"6284\\\",\\\"by\\\":\\\"Killmonger.Migration.MapInWalmartInvUpdates\\\",\\\"at\\\":\\\"2019-07-29T04:51:43.061+00:00\\\",\\\"invUssn\\\":0,\\\"isInf\\\":false,\\\"ifa\\\":true,\\\"martAvail\\\":[{\\\"martId\\\":\\\"21\\\",\\\"ia\\\":true},{\\\"martId\\\":\\\"0\\\",\\\"ia\\\":true}],\\\"clt\\\":\\\"WoJ\\\"}\"}"}
{"id":"7ea8b7a034da4e8cb9c176e23ed18dad","table":"killmonger_events_table","keyspace":"msku","timestamp":"2019-07-29T05:45:03.464Z","clusteringKeys":["3cbcc7e28aac4f6fb0a8cde4e85483c0","updateVbIdSellingIdInventorySkipped/1","1564378036"],"changedColumns":["selling_id","fulfillment_node_id","event_type","update_at","stream_sequence_number","event_data"],"record":"{\"selling_id\":\"7ea8b7a034da4e8cb9c176e23ed18dad\",\"fulfillment_node_id\":\"3cbcc7e28aac4f6fb0a8cde4e85483c0\",\"event_type\":\"updateVbIdSellingIdInventorySkipped/1\",\"update_at\":1564378036,\"stream_sequence_number\":103,\"event_data\":\"{\\\"id\\\":\\\"612e923a9c104e5490ff05db8ab44a6a\\\",\\\"vbId\\\":\\\"7ea8b7a034da4e8cb9c176e23ed18dad\\\",\\\"sellingId\\\":\\\"7ea8b7a034da4e8cb9c176e23ed18dad\\\",\\\"merchantId\\\":\\\"7eaf70709bf149f890dc3a845871dab4\\\",\\\"skuId\\\":\\\"7ea8b7a034da4e8cb9c176e23ed18dad\\\",\\\"f\\\":559,\\\"fnId\\\":\\\"3cbcc7e28aac4f6fb0a8cde4e85483c0\\\",\\\"fnType\\\":\\\"wolverine\\\",\\\"by\\\":\\\"Vibranium\\\",\\\"at\\\":\\\"2019-07-29T05:27:16+00:00\\\",\\\"invUssn\\\":83,\\\"isInf\\\":false}\"}"}
{"id":"0309dd4d311044ab9907440059b6f946","table":"killmonger_events_table","keyspace":"msku","timestamp":"2019-07-29T05:44:36.994Z","clusteringKeys":["42c86f166857408dadca79a5f0766738","vbIdSellingIdInventoryUpdated/1","1564378166"],"changedColumns":["selling_id","fulfillment_node_id","event_type","update_at","stream_sequence_number","event_data"],"record":"{\"selling_id\":\"0309dd4d311044ab9907440059b6f946\",\"fulfillment_node_id\":\"42c86f166857408dadca79a5f0766738\",\"event_type\":\"vbIdSellingIdInventoryUpdated/1\",\"update_at\":1564378166,\"stream_sequence_number\":189,\"event_data\":\"{\\\"id\\\":\\\"b1b7bf65b068477ca276845d6eaa6f3e\\\",\\\"vbId\\\":\\\"0309dd4d311044ab9907440059b6f946\\\",\\\"sellingId\\\":\\\"0309dd4d311044ab9907440059b6f946\\\",\\\"merchantId\\\":\\\"d1e151d0c15e4034958fa7221d0ea30b\\\",\\\"skuId\\\":\\\"0309dd4d311044ab9907440059b6f946\\\",\\\"f\\\":10,\\\"fnId\\\":\\\"42c86f166857408dadca79a5f0766738\\\",\\\"fnType\\\":\\\"wolverine\\\",\\\"by\\\":\\\"Vibranium\\\",\\\"at\\\":\\\"2019-07-29T05:29:26+00:00\\\",\\\"invUssn\\\":203,\\\"isInf\\\":false,\\\"ifa\\\":true,\\\"martAvail\\\":[{\\\"martId\\\":\\\"21\\\",\\\"ia\\\":true}],\\\"clt\\\":\\\"JoJ\\\"}\"}"}
{"id":"0309dd4d311044ab9907440059b6f946","table":"killmonger_events_table","keyspace":"msku","timestamp":"2019-07-29T05:44:36.994Z","clusteringKeys":["42c86f166857408dadca79a5f0766738","vbIdSellingIdInventoryUpdated/1","1564378166"],"changedColumns":["selling_id","fulfillment_node_id","event_type","update_at","stream_sequence_number","event_data"],"record":"{\"selling_id\":\"0309dd4d311044ab9907440059b6f946\",\"fulfillment_node_id\":\"42c86f166857408dadca79a5f0766738\",\"event_type\":\"vbIdSellingIdInventoryUpdated/1\",\"update_at\":1564378166,\"stream_sequence_number\":190,\"event_data\":\"{\\\"id\\\":\\\"d62f7e26140f4e95bd2af484d649b99d\\\",\\\"vbId\\\":\\\"0309dd4d311044ab9907440059b6f946\\\",\\\"sellingId\\\":\\\"0309dd4d311044ab9907440059b6f946\\\",\\\"merchantId\\\":\\\"d1e151d0c15e4034958fa7221d0ea30b\\\",\\\"skuId\\\":\\\"0309dd4d311044ab9907440059b6f946\\\",\\\"f\\\":10,\\\"fnId\\\":\\\"42c86f166857408dadca79a5f0766738\\\",\\\"fnType\\\":\\\"wolverine\\\",\\\"by\\\":\\\"Vibranium\\\",\\\"at\\\":\\\"2019-07-29T05:29:26+00:00\\\",\\\"invUssn\\\":204,\\\"isInf\\\":false,\\\"ifa\\\":true,\\\"martAvail\\\":[{\\\"martId\\\":\\\"21\\\",\\\"ia\\\":true}],\\\"clt\\\":\\\"JoJ\\\"}\"}"}
{"id":"CB884588FD514B348B52AD2B629AA4C6","table":"killmonger_events_table","keyspace":"msku","timestamp":"2019-07-29T05:40:44.652Z","clusteringKeys":["6284","vbIdSellingIdInventoryUpdated/1","1564378912"],"changedColumns":["selling_id","fulfillment_node_id","event_type","update_at","stream_sequence_number","event_data"],"record":"{\"selling_id\":\"CB884588FD514B348B52AD2B629AA4C6\",\"fulfillment_node_id\":\"6284\",\"event_type\":\"vbIdSellingIdInventoryUpdated/1\",\"update_at\":1564378912,\"stream_sequence_number\":158,\"event_data\":\"{\\\"id\\\":\\\"419e3026d6e04a319d196c52ba473131\\\",\\\"vbId\\\":\\\"PantherMigrationVbId\\\",\\\"sellingId\\\":\\\"CB884588FD514B348B52AD2B629AA4C6\\\",\\\"merchantId\\\":\\\"9fc08905039048918982091f266c2a29\\\",\\\"skuId\\\":\\\"PantherMigrationSkuId\\\",\\\"f\\\":6,\\\"fnId\\\":\\\"6284\\\",\\\"by\\\":\\\"Killmonger.Migration.MapInWalmartInvUpdates\\\",\\\"at\\\":\\\"2019-07-29T05:41:52.024+00:00\\\",\\\"invUssn\\\":0,\\\"isInf\\\":false,\\\"ifa\\\":true,\\\"martAvail\\\":[{\\\"martId\\\":\\\"21\\\",\\\"ia\\\":true},{\\\"martId\\\":\\\"0\\\",\\\"ia\\\":true}],\\\"clt\\\":\\\"WoJ\\\"}\"}"}
{"id":"CB884588FD514B348B52AD2B629AA4C6","table":"killmonger_events_table","keyspace":"msku","timestamp":"2019-07-29T05:40:44.652Z","clusteringKeys":["6284","vbIdSellingIdInventoryUpdated/1","1564378912"],"changedColumns":["selling_id","fulfillment_node_id","event_type","update_at","stream_sequence_number","event_data"],"record":"{\"selling_id\":\"CB884588FD514B348B52AD2B629AA4C6\",\"fulfillment_node_id\":\"6284\",\"event_type\":\"vbIdSellingIdInventoryUpdated/1\",\"update_at\":1564378912,\"stream_sequence_number\":159,\"event_data\":\"{\\\"id\\\":\\\"419e3026d6e04a319d196c52ba473131\\\",\\\"vbId\\\":\\\"PantherMigrationVbId\\\",\\\"sellingId\\\":\\\"CB884588FD514B348B52AD2B629AA4C6\\\",\\\"merchantId\\\":\\\"9fc08905039048918982091f266c2a29\\\",\\\"skuId\\\":\\\"PantherMigrationSkuId\\\",\\\"f\\\":6,\\\"fnId\\\":\\\"6284\\\",\\\"by\\\":\\\"Killmonger.Migration.MapInWalmartInvUpdates\\\",\\\"at\\\":\\\"2019-07-29T05:41:52.024+00:00\\\",\\\"invUssn\\\":0,\\\"isInf\\\":false,\\\"ifa\\\":true,\\\"martAvail\\\":[{\\\"martId\\\":\\\"21\\\",\\\"ia\\\":true},{\\\"martId\\\":\\\"0\\\",\\\"ia\\\":true}],\\\"clt\\\":\\\"WoJ\\\"}\"}"}
{"id":"E4FD2705EF414F31AD25E74A267F7962","table":"killmonger_events_table","keyspace":"msku","timestamp":"2019-07-29T05:40:44.653Z","clusteringKeys":["77628","vbIdSellingIdInventoryUpdated/1","1564378909"],"changedColumns":["selling_id","fulfillment_node_id","event_type","update_at","stream_sequence_number","event_data"],"record":"{\"selling_id\":\"E4FD2705EF414F31AD25E74A267F7962\",\"fulfillment_node_id\":\"77628\",\"event_type\":\"vbIdSellingIdInventoryUpdated/1\",\"update_at\":1564378909,\"stream_sequence_number\":139,\"event_data\":\"{\\\"id\\\":\\\"fd980e0685694fe9926fc033ba1ef354\\\",\\\"vbId\\\":\\\"PantherMigrationVbId\\\",\\\"sellingId\\\":\\\"E4FD2705EF414F31AD25E74A267F7962\\\",\\\"merchantId\\\":\\\"9fc08905039048918982091f266c2a29\\\",\\\"skuId\\\":\\\"PantherMigrationSkuId\\\",\\\"f\\\":0,\\\"fnId\\\":\\\"77628\\\",\\\"by\\\":\\\"Killmonger.Migration.MapInWalmartInvUpdates\\\",\\\"at\\\":\\\"2019-07-29T05:41:49.458+00:00\\\",\\\"invUssn\\\":0,\\\"isInf\\\":false,\\\"ifa\\\":true,\\\"martAvail\\\":[{\\\"martId\\\":\\\"21\\\",\\\"ia\\\":true},{\\\"martId\\\":\\\"0\\\",\\\"ia\\\":true}],\\\"clt\\\":\\\"WoJ\\\"}\"}"}
{"id":"71c0d7d34d484373a8e7e3c7df1aa908","table":"killmonger_events_table","keyspace":"msku","timestamp":"2019-07-29T05:45:03.466Z","clusteringKeys":["fb72b6f9c1e54625a551711f6ee72714","vbIdSellingIdInventoryUpdated/1","1564378075"],"changedColumns":["selling_id","fulfillment_node_id","event_type","update_at","stream_sequence_number","event_data"],"record":"{\"selling_id\":\"71c0d7d34d484373a8e7e3c7df1aa908\",\"fulfillment_node_id\":\"fb72b6f9c1e54625a551711f6ee72714\",\"event_type\":\"vbIdSellingIdInventoryUpdated/1\",\"update_at\":1564378075,\"stream_sequence_number\":41,\"event_data\":\"{\\\"id\\\":\\\"14d32cee774743caab0f87d09ea06153\\\",\\\"vbId\\\":\\\"71c0d7d34d484373a8e7e3c7df1aa908\\\",\\\"sellingId\\\":\\\"71c0d7d34d484373a8e7e3c7df1aa908\\\",\\\"merchantId\\\":\\\"e43cf7756d0b4ba8a4e9046774656ce8\\\",\\\"skuId\\\":\\\"71c0d7d34d484373a8e7e3c7df1aa908\\\",\\\"f\\\":58,\\\"fnId\\\":\\\"fb72b6f9c1e54625a551711f6ee72714\\\",\\\"fnType\\\":\\\"wolverine\\\",\\\"by\\\":\\\"Vibranium\\\",\\\"at\\\":\\\"2019-07-29T05:27:55+00:00\\\",\\\"invUssn\\\":50,\\\"isInf\\\":false,\\\"ifa\\\":true,\\\"martAvail\\\":[{\\\"martId\\\":\\\"21\\\",\\\"ia\\\":true}],\\\"clt\\\":\\\"JoJ\\\"}\"}"}
{"id":"71c0d7d34d484373a8e7e3c7df1aa908","table":"killmonger_events_table","keyspace":"msku","timestamp":"2019-07-29T05:45:03.466Z","clusteringKeys":["fb72b6f9c1e54625a551711f6ee72714","updateVbIdSellingIdInventorySkipped/1","1564378075"],"changedColumns":["selling_id","fulfillment_node_id","event_type","update_at","stream_sequence_number","event_data"],"record":"{\"selling_id\":\"71c0d7d34d484373a8e7e3c7df1aa908\",\"fulfillment_node_id\":\"fb72b6f9c1e54625a551711f6ee72714\",\"event_type\":\"updateVbIdSellingIdInventorySkipped/1\",\"update_at\":1564378075,\"stream_sequence_number\":42,\"event_data\":\"{\\\"id\\\":\\\"14d32cee774743caab0f87d09ea06153\\\",\\\"vbId\\\":\\\"71c0d7d34d484373a8e7e3c7df1aa908\\\",\\\"sellingId\\\":\\\"71c0d7d34d484373a8e7e3c7df1aa908\\\",\\\"merchantId\\\":\\\"e43cf7756d0b4ba8a4e9046774656ce8\\\",\\\"skuId\\\":\\\"71c0d7d34d484373a8e7e3c7df1aa908\\\",\\\"f\\\":58,\\\"fnId\\\":\\\"fb72b6f9c1e54625a551711f6ee72714\\\",\\\"fnType\\\":\\\"wolverine\\\",\\\"by\\\":\\\"Vibranium\\\",\\\"at\\\":\\\"2019-07-29T05:27:55+00:00\\\",\\\"invUssn\\\":50,\\\"isInf\\\":false}\"}"}
{"id":"5230c2c4003b4a7293c4f01e2037ae4e","table":"killmonger_events_table","keyspace":"msku","timestamp":"2019-07-29T05:45:02.407Z","clusteringKeys":["1ad6147479b841849d63874b2a9e6552","updateVbIdSellingIdInventorySkipped/1","1564378021"],"changedColumns":["selling_id","fulfillment_node_id","event_type","update_at","stream_sequence_number","event_data"],"record":"{\"selling_id\":\"5230c2c4003b4a7293c4f01e2037ae4e\",\"fulfillment_node_id\":\"1ad6147479b841849d63874b2a9e6552\",\"event_type\":\"updateVbIdSellingIdInventorySkipped/1\",\"update_at\":1564378021,\"stream_sequence_number\":3471,\"event_data\":\"{\\\"id\\\":\\\"c4a4f0c766c64aa3858fcd006950281b\\\",\\\"vbId\\\":\\\"5230c2c4003b4a7293c4f01e2037ae4e\\\",\\\"sellingId\\\":\\\"5230c2c4003b4a7293c4f01e2037ae4e\\\",\\\"merchantId\\\":\\\"a1cd8976329a41ae85739f65376fc756\\\",\\\"skuId\\\":\\\"5230c2c4003b4a7293c4f01e2037ae4e\\\",\\\"f\\\":155,\\\"fnId\\\":\\\"1ad6147479b841849d63874b2a9e6552\\\",\\\"fnType\\\":\\\"wolverine\\\",\\\"by\\\":\\\"Vibranium\\\",\\\"at\\\":\\\"2019-07-29T05:27:01+00:00\\\",\\\"invUssn\\\":3095,\\\"isInf\\\":false}\"}"}
{"id":"5a90de4479754713ad1e566665c25112","table":"killmonger_events_table","keyspace":"msku","timestamp":"2019-07-29T05:44:37.002Z","clusteringKeys":["fb72b6f9c1e54625a551711f6ee72714","vbIdSellingIdInventoryUpdated/1","1564375727"],"changedColumns":["selling_id","fulfillment_node_id","event_type","update_at","stream_sequence_number","event_data"],"record":"{\"selling_id\":\"5a90de4479754713ad1e566665c25112\",\"fulfillment_node_id\":\"fb72b6f9c1e54625a551711f6ee72714\",\"event_type\":\"vbIdSellingIdInventoryUpdated/1\",\"update_at\":1564375727,\"stream_sequence_number\":37,\"event_data\":\"{\\\"id\\\":\\\"a14bf55800f14791a7ab8489755075ec\\\",\\\"vbId\\\":\\\"5a90de4479754713ad1e566665c25112\\\",\\\"sellingId\\\":\\\"5a90de4479754713ad1e566665c25112\\\",\\\"merchantId\\\":\\\"e43cf7756d0b4ba8a4e9046774656ce8\\\",\\\"skuId\\\":\\\"5a90de4479754713ad1e566665c25112\\\",\\\"f\\\":75,\\\"fnId\\\":\\\"fb72b6f9c1e54625a551711f6ee72714\\\",\\\"fnType\\\":\\\"wolverine\\\",\\\"by\\\":\\\"Vibranium\\\",\\\"at\\\":\\\"2019-07-29T04:48:47+00:00\\\",\\\"invUssn\\\":49,\\\"isInf\\\":false,\\\"ifa\\\":true,\\\"martAvail\\\":[{\\\"martId\\\":\\\"21\\\",\\\"ia\\\":true}],\\\"clt\\\":\\\"JoJ\\\"}\"}"}
{"id":"7e03544048a44fe1a01c86e6c3e9d242","table":"killmonger_events_table","keyspace":"msku","timestamp":"2019-07-29T05:40:44.659Z","clusteringKeys":["fb72b6f9c1e54625a551711f6ee72714","vbIdSellingIdInventoryUpdated/1","1564378075"],"changedColumns":["selling_id","fulfillment_node_id","event_type","update_at","stream_sequence_number","event_data"],"record":"{\"selling_id\":\"7e03544048a44fe1a01c86e6c3e9d242\",\"fulfillment_node_id\":\"fb72b6f9c1e54625a551711f6ee72714\",\"event_type\":\"vbIdSellingIdInventoryUpdated/1\",\"update_at\":1564378075,\"stream_sequence_number\":36,\"event_data\":\"{\\\"id\\\":\\\"bdd70d12ed1948e18f408ef2a64b3eba\\\",\\\"vbId\\\":\\\"7e03544048a44fe1a01c86e6c3e9d242\\\",\\\"sellingId\\\":\\\"7e03544048a44fe1a01c86e6c3e9d242\\\",\\\"merchantId\\\":\\\"e43cf7756d0b4ba8a4e9046774656ce8\\\",\\\"skuId\\\":\\\"7e03544048a44fe1a01c86e6c3e9d242\\\",\\\"f\\\":142,\\\"fnId\\\":\\\"fb72b6f9c1e54625a551711f6ee72714\\\",\\\"fnType\\\":\\\"wolverine\\\",\\\"by\\\":\\\"Vibranium\\\",\\\"at\\\":\\\"2019-07-29T05:27:55+00:00\\\",\\\"invUssn\\\":49,\\\"isInf\\\":false,\\\"ifa\\\":true,\\\"martAvail\\\":[{\\\"martId\\\":\\\"21\\\",\\\"ia\\\":true}],\\\"clt\\\":\\\"JoJ\\\"}\"}"}
{"id":"1C84DF2B1A5D4DD9858ADAC6C6544CC7","table":"killmonger_events_table","keyspace":"msku","timestamp":"2019-07-29T05:40:44.663Z","clusteringKeys":["8306","vbIdSellingIdInventoryUpdated/1","1564375730"],"changedColumns":["selling_id","fulfillment_node_id","event_type","update_at","stream_sequence_number","event_data"],"record":"{\"selling_id\":\"1C84DF2B1A5D4DD9858ADAC6C6544CC7\",\"fulfillment_node_id\":\"8306\",\"event_type\":\"vbIdSellingIdInventoryUpdated/1\",\"update_at\":1564375730,\"stream_sequence_number\":136,\"event_data\":\"{\\\"id\\\":\\\"198a915b88f746e8ab6ed666912dae9a\\\",\\\"vbId\\\":\\\"PantherMigrationVbId\\\",\\\"sellingId\\\":\\\"1C84DF2B1A5D4DD9858ADAC6C6544CC7\\\",\\\"merchantId\\\":\\\"9fc08905039048918982091f266c2a29\\\",\\\"skuId\\\":\\\"PantherMigrationSkuId\\\",\\\"f\\\":0,\\\"fnId\\\":\\\"8306\\\",\\\"by\\\":\\\"Killmonger.Migration.MapInWalmartInvUpdates\\\",\\\"at\\\":\\\"2019-07-29T04:48:50.256+00:00\\\",\\\"invUssn\\\":0,\\\"isInf\\\":false,\\\"ifa\\\":true,\\\"martAvail\\\":[{\\\"martId\\\":\\\"21\\\",\\\"ia\\\":true},{\\\"martId\\\":\\\"0\\\",\\\"ia\\\":true}],\\\"clt\\\":\\\"WoJ\\\"}\"}"}
{"id":"A3111DB1C457491D84CD7ED35EFF9509","table":"killmonger_events_table","keyspace":"msku","timestamp":"2019-07-29T05:44:37.003Z","clusteringKeys":["8306","vbIdSellingIdInventoryUpdated/1","1564376136"],"changedColumns":["selling_id","fulfillment_node_id","event_type","update_at","stream_sequence_number","event_data"],"record":"{\"selling_id\":\"A3111DB1C457491D84CD7ED35EFF9509\",\"fulfillment_node_id\":\"8306\",\"event_type\":\"vbIdSellingIdInventoryUpdated/1\",\"update_at\":1564376136,\"stream_sequence_number\":142,\"event_data\":\"{\\\"id\\\":\\\"b29e4f9306824bb998e3aefca0f2ef62\\\",\\\"vbId\\\":\\\"PantherMigrationVbId\\\",\\\"sellingId\\\":\\\"A3111DB1C457491D84CD7ED35EFF9509\\\",\\\"merchantId\\\":\\\"9fc08905039048918982091f266c2a29\\\",\\\"skuId\\\":\\\"PantherMigrationSkuId\\\",\\\"f\\\":0,\\\"fnId\\\":\\\"8306\\\",\\\"by\\\":\\\"Killmonger.Migration.MapInWalmartInvUpdates\\\",\\\"at\\\":\\\"2019-07-29T04:55:36.162+00:00\\\",\\\"invUssn\\\":0,\\\"isInf\\\":false,\\\"ifa\\\":true,\\\"martAvail\\\":[{\\\"martId\\\":\\\"21\\\",\\\"ia\\\":true},{\\\"martId\\\":\\\"0\\\",\\\"ia\\\":true}],\\\"clt\\\":\\\"WoJ\\\"}\"}"}
{"id":"9084C6ECBD0440E6923A763EE4BD94B9","table":"killmonger_events_table","keyspace":"msku","timestamp":"2019-07-29T05:44:37.004Z","clusteringKeys":["2378","vbIdSellingIdInventoryUpdated/1","1564376136"],"changedColumns":["selling_id","fulfillment_node_id","event_type","update_at","stream_sequence_number","event_data"],"record":"{\"selling_id\":\"9084C6ECBD0440E6923A763EE4BD94B9\",\"fulfillment_node_id\":\"2378\",\"event_type\":\"vbIdSellingIdInventoryUpdated/1\",\"update_at\":1564376136,\"stream_sequence_number\":89,\"event_data\":\"{\\\"id\\\":\\\"35148f795fc34471993981b5a5018c83\\\",\\\"vbId\\\":\\\"PantherMigrationVbId\\\",\\\"sellingId\\\":\\\"9084C6ECBD0440E6923A763EE4BD94B9\\\",\\\"merchantId\\\":\\\"9fc08905039048918982091f266c2a29\\\",\\\"skuId\\\":\\\"PantherMigrationSkuId\\\",\\\"f\\\":0,\\\"fnId\\\":\\\"2378\\\",\\\"by\\\":\\\"Killmonger.Migration.MapInWalmartInvUpdates\\\",\\\"at\\\":\\\"2019-07-29T04:55:36.472+00:00\\\",\\\"invUssn\\\":0,\\\"isInf\\\":false,\\\"ifa\\\":true,\\\"martAvail\\\":[{\\\"martId\\\":\\\"21\\\",\\\"ia\\\":true},{\\\"martId\\\":\\\"0\\\",\\\"ia\\\":true}],\\\"clt\\\":\\\"WoJ\\\"}\"}"}
{"id":"3A39D90AAFB24636ACF74D6F3D8B4599","table":"killmonger_events_table","keyspace":"msku","timestamp":"2019-07-29T05:40:44.664Z","clusteringKeys":["10000020732","vbIdSellingIdInventoryUpdated/1","1564375056"],"changedColumns":["selling_id","fulfillment_node_id","event_type","update_at","stream_sequence_number","event_data"],"record":"{\"selling_id\":\"3A39D90AAFB24636ACF74D6F3D8B4599\",\"fulfillment_node_id\":\"10000020732\",\"event_type\":\"vbIdSellingIdInventoryUpdated/1\",\"update_at\":1564375056,\"stream_sequence_number\":67,\"event_data\":\"{\\\"id\\\":\\\"7ea68ad42cd64aed82971707d5c1ced1\\\",\\\"vbId\\\":\\\"24602435-100001361\\\",\\\"sellingId\\\":\\\"3A39D90AAFB24636ACF74D6F3D8B4599\\\",\\\"merchantId\\\":\\\"100001361\\\",\\\"skuId\\\":\\\"24602435\\\",\\\"f\\\":69,\\\"fnId\\\":\\\"10000020732\\\",\\\"fnType\\\":\\\"MARKETPLACE\\\",\\\"by\\\":\\\"Vibranium\\\",\\\"at\\\":\\\"2019-07-29T04:37:36+00:00\\\",\\\"invUssn\\\":56,\\\"catUssn\\\":0,\\\"isInf\\\":false,\\\"ifa\\\":true,\\\"martAvail\\\":[{\\\"martId\\\":\\\"0\\\",\\\"ia\\\":true}],\\\"clt\\\":\\\"WoW\\\"}\"}"}
{"id":"2f96cd63837a4eb9ae95f2a5290b500b","table":"killmonger_events_table","keyspace":"msku","timestamp":"2019-07-29T05:45:03.477Z","clusteringKeys":["fb72b6f9c1e54625a551711f6ee72714","updateVbIdSellingIdInventorySkipped/1","1564378075"],"changedColumns":["selling_id","fulfillment_node_id","event_type","update_at","stream_sequence_number","event_data"],"record":"{\"selling_id\":\"2f96cd63837a4eb9ae95f2a5290b500b\",\"fulfillment_node_id\":\"fb72b6f9c1e54625a551711f6ee72714\",\"event_type\":\"updateVbIdSellingIdInventorySkipped/1\",\"update_at\":1564378075,\"stream_sequence_number\":41,\"event_data\":\"{\\\"id\\\":\\\"96cb58e4a8c74235a08593d6f2de5a5c\\\",\\\"vbId\\\":\\\"2f96cd63837a4eb9ae95f2a5290b500b\\\",\\\"sellingId\\\":\\\"2f96cd63837a4eb9ae95f2a5290b500b\\\",\\\"merchantId\\\":\\\"e43cf7756d0b4ba8a4e9046774656ce8\\\",\\\"skuId\\\":\\\"2f96cd63837a4eb9ae95f2a5290b500b\\\",\\\"f\\\":95,\\\"fnId\\\":\\\"fb72b6f9c1e54625a551711f6ee72714\\\",\\\"fnType\\\":\\\"wolverine\\\",\\\"by\\\":\\\"Vibranium\\\",\\\"at\\\":\\\"2019-07-29T05:27:55+00:00\\\",\\\"invUssn\\\":49,\\\"isInf\\\":false}\"}"}
{"id":"11f4c7d60738458e84fbc40183d3abd0","table":"killmonger_events_table","keyspace":"msku","timestamp":"2019-07-29T05:45:02.434Z","clusteringKeys":["f659882a542b4e7e88a3cb659484e1e0","vbIdSellingIdInventoryUpdated/1","1564378251"],"changedColumns":["selling_id","fulfillment_node_id","event_type","update_at","stream_sequence_number","event_data"],"record":"{\"selling_id\":\"11f4c7d60738458e84fbc40183d3abd0\",\"fulfillment_node_id\":\"f659882a542b4e7e88a3cb659484e1e0\",\"event_type\":\"vbIdSellingIdInventoryUpdated/1\",\"update_at\":1564378251,\"stream_sequence_number\":25,\"event_data\":\"{\\\"id\\\":\\\"764887d55eeb400c9122c44d0a077c7e\\\",\\\"vbId\\\":\\\"11f4c7d60738458e84fbc40183d3abd0\\\",\\\"sellingId\\\":\\\"11f4c7d60738458e84fbc40183d3abd0\\\",\\\"merchantId\\\":\\\"189988e37579478080938782f0af5b48\\\",\\\"skuId\\\":\\\"11f4c7d60738458e84fbc40183d3abd0\\\",\\\"f\\\":9,\\\"fnId\\\":\\\"f659882a542b4e7e88a3cb659484e1e0\\\",\\\"fnType\\\":\\\"wolverine\\\",\\\"by\\\":\\\"Vibranium\\\",\\\"at\\\":\\\"2019-07-29T05:30:51+00:00\\\",\\\"invUssn\\\":20,\\\"isInf\\\":false,\\\"ifa\\\":true,\\\"martAvail\\\":[{\\\"martId\\\":\\\"21\\\",\\\"ia\\\":true}],\\\"clt\\\":\\\"JoJ\\\"}\"}"}
{"id":"AF5FB8265AB441078C853E0D3772434B","table":"killmonger_events_table","keyspace":"msku","timestamp":"2019-07-29T05:45:02.437Z","clusteringKeys":["3559","vbIdSellingIdInventoryUpdated/1","1564378913"],"changedColumns":["selling_id","fulfillment_node_id","event_type","update_at","stream_sequence_number","event_data"],"record":"{\"selling_id\":\"AF5FB8265AB441078C853E0D3772434B\",\"fulfillment_node_id\":\"3559\",\"event_type\":\"vbIdSellingIdInventoryUpdated/1\",\"update_at\":1564378913,\"stream_sequence_number\":133,\"event_data\":\"{\\\"id\\\":\\\"8787eb31406745f8bdd667a529e291b8\\\",\\\"vbId\\\":\\\"PantherMigrationVbId\\\",\\\"sellingId\\\":\\\"AF5FB8265AB441078C853E0D3772434B\\\",\\\"merchantId\\\":\\\"9fc08905039048918982091f266c2a29\\\",\\\"skuId\\\":\\\"PantherMigrationSkuId\\\",\\\"f\\\":0,\\\"fnId\\\":\\\"3559\\\",\\\"by\\\":\\\"Killmonger.Migration.MapInWalmartInvUpdates\\\",\\\"at\\\":\\\"2019-07-29T05:41:53.598+00:00\\\",\\\"invUssn\\\":0,\\\"isInf\\\":false,\\\"ifa\\\":true,\\\"martAvail\\\":[{\\\"martId\\\":\\\"21\\\",\\\"ia\\\":true},{\\\"martId\\\":\\\"0\\\",\\\"ia\\\":true}],\\\"clt\\\":\\\"WoJ\\\"}\"}"}
{"id":"c649825a88a341459e7482fd4a498f3f","table":"killmonger_events_table","keyspace":"msku","timestamp":"2019-07-29T05:45:02.438Z","clusteringKeys":["6d352b8576a04fee8ade8b604e53bb0c","vbIdSellingIdInventoryUpdated/1","1564378205"],"changedColumns":["selling_id","fulfillment_node_id","event_type","update_at","stream_sequence_number","event_data"],"record":"{\"selling_id\":\"c649825a88a341459e7482fd4a498f3f\",\"fulfillment_node_id\":\"6d352b8576a04fee8ade8b604e53bb0c\",\"event_type\":\"vbIdSellingIdInventoryUpdated/1\",\"update_at\":1564378205,\"stream_sequence_number\":390,\"event_data\":\"{\\\"id\\\":\\\"7ed02df5747b4fc8b3432e4a76115a83\\\",\\\"vbId\\\":\\\"c649825a88a341459e7482fd4a498f3f\\\",\\\"sellingId\\\":\\\"c649825a88a341459e7482fd4a498f3f\\\",\\\"merchantId\\\":\\\"0debc6a9521740399b28cb5c3fe815bc\\\",\\\"skuId\\\":\\\"c649825a88a341459e7482fd4a498f3f\\\",\\\"f\\\":4,\\\"fnId\\\":\\\"6d352b8576a04fee8ade8b604e53bb0c\\\",\\\"fnType\\\":\\\"wolverine\\\",\\\"by\\\":\\\"Vibranium\\\",\\\"at\\\":\\\"2019-07-29T05:30:05+00:00\\\",\\\"invUssn\\\":336,\\\"isInf\\\":false,\\\"ifa\\\":true,\\\"martAvail\\\":[{\\\"martId\\\":\\\"21\\\",\\\"ia\\\":true}],\\\"clt\\\":\\\"JoJ\\\"}\"}"}
{"id":"c649825a88a341459e7482fd4a498f3f","table":"killmonger_events_table","keyspace":"msku","timestamp":"2019-07-29T05:45:02.438Z","clusteringKeys":["6d352b8576a04fee8ade8b604e53bb0c","updateVbIdSellingIdInventorySkipped/1","1564378205"],"changedColumns":["selling_id","fulfillment_node_id","event_type","update_at","stream_sequence_number","event_data"],"record":"{\"selling_id\":\"c649825a88a341459e7482fd4a498f3f\",\"fulfillment_node_id\":\"6d352b8576a04fee8ade8b604e53bb0c\",\"event_type\":\"updateVbIdSellingIdInventorySkipped/1\",\"update_at\":1564378205,\"stream_sequence_number\":391,\"event_data\":\"{\\\"id\\\":\\\"7ed02df5747b4fc8b3432e4a76115a83\\\",\\\"vbId\\\":\\\"c649825a88a341459e7482fd4a498f3f\\\",\\\"sellingId\\\":\\\"c649825a88a341459e7482fd4a498f3f\\\",\\\"merchantId\\\":\\\"0debc6a9521740399b28cb5c3fe815bc\\\",\\\"skuId\\\":\\\"c649825a88a341459e7482fd4a498f3f\\\",\\\"f\\\":4,\\\"fnId\\\":\\\"6d352b8576a04fee8ade8b604e53bb0c\\\",\\\"fnType\\\":\\\"wolverine\\\",\\\"by\\\":\\\"Vibranium\\\",\\\"at\\\":\\\"2019-07-29T05:30:05+00:00\\\",\\\"invUssn\\\":336,\\\"isInf\\\":false}\"}"}
{"id":"8CAFE425BF0543F3831BBB3E5AF0A815","table":"killmonger_events_table","keyspace":"msku","timestamp":"2019-07-29T05:45:02.442Z","clusteringKeys":["10000010404","updateVbIdSellingIdInventorySkipped/1","1564375499"],"changedColumns":["selling_id","fulfillment_node_id","event_type","update_at","stream_sequence_number","event_data"],"record":"{\"selling_id\":\"8CAFE425BF0543F3831BBB3E5AF0A815\",\"fulfillment_node_id\":\"10000010404\",\"event_type\":\"updateVbIdSellingIdInventorySkipped/1\",\"update_at\":1564375499,\"stream_sequence_number\":1712,\"event_data\":\"{\\\"id\\\":\\\"e719bc36b3ea4e5087b03f772227c596\\\",\\\"vbId\\\":\\\"SC-4354-0585199-10393\\\",\\\"sellingId\\\":\\\"8CAFE425BF0543F3831BBB3E5AF0A815\\\",\\\"merchantId\\\":\\\"10393\\\",\\\"skuId\\\":\\\"SC-4354-0585199\\\",\\\"f\\\":1,\\\"fnId\\\":\\\"10000010404\\\",\\\"fnType\\\":\\\"MARKETPLACE\\\",\\\"by\\\":\\\"Vibranium\\\",\\\"at\\\":\\\"2019-07-29T04:44:59+00:00\\\",\\\"invUssn\\\":1485,\\\"catUssn\\\":0,\\\"isInf\\\":false}\"}"}
{"id":"380ae213279346ab9aa1fef693cdc003","table":"killmonger_events_table","keyspace":"msku","timestamp":"2019-07-29T05:45:02.443Z","clusteringKeys":["fb72b6f9c1e54625a551711f6ee72714","vbIdSellingIdInventoryUpdated/1","1564378075"],"changedColumns":["selling_id","fulfillment_node_id","event_type","update_at","stream_sequence_number","event_data"],"record":"{\"selling_id\":\"380ae213279346ab9aa1fef693cdc003\",\"fulfillment_node_id\":\"fb72b6f9c1e54625a551711f6ee72714\",\"event_type\":\"vbIdSellingIdInventoryUpdated/1\",\"update_at\":1564378075,\"stream_sequence_number\":38,\"event_data\":\"{\\\"id\\\":\\\"fbbc4ce3467947bb827dd71e85757343\\\",\\\"vbId\\\":\\\"380ae213279346ab9aa1fef693cdc003\\\",\\\"sellingId\\\":\\\"380ae213279346ab9aa1fef693cdc003\\\",\\\"merchantId\\\":\\\"e43cf7756d0b4ba8a4e9046774656ce8\\\",\\\"skuId\\\":\\\"380ae213279346ab9aa1fef693cdc003\\\",\\\"f\\\":96,\\\"fnId\\\":\\\"fb72b6f9c1e54625a551711f6ee72714\\\",\\\"fnType\\\":\\\"wolverine\\\",\\\"by\\\":\\\"Vibranium\\\",\\\"at\\\":\\\"2019-07-29T05:27:55+00:00\\\",\\\"invUssn\\\":46,\\\"isInf\\\":false,\\\"ifa\\\":true,\\\"martAvail\\\":[{\\\"martId\\\":\\\"21\\\",\\\"ia\\\":true}],\\\"clt\\\":\\\"JoJ\\\"}\"}"}
{"id":"059caa0850ee463e90f32aecbcbb9486","table":"killmonger_events_table","keyspace":"msku","timestamp":"2019-07-29T05:40:44.682Z","clusteringKeys":["4d35701cfe1746a69fe029a56640d328","vbIdSellingIdInventoryUpdated/1","1564377881"],"changedColumns":["selling_id","fulfillment_node_id","event_type","update_at","stream_sequence_number","event_data"],"record":"{\"selling_id\":\"059caa0850ee463e90f32aecbcbb9486\",\"fulfillment_node_id\":\"4d35701cfe1746a69fe029a56640d328\",\"event_type\":\"vbIdSellingIdInventoryUpdated/1\",\"update_at\":1564377881,\"stream_sequence_number\":211,\"event_data\":\"{\\\"id\\\":\\\"49b32797a08a48ce99a44b97ead9b98a\\\",\\\"vbId\\\":\\\"059caa0850ee463e90f32aecbcbb9486\\\",\\\"sellingId\\\":\\\"059caa0850ee463e90f32aecbcbb9486\\\",\\\"merchantId\\\":\\\"1c235c2364694a66b41edbcf3ef2f73b\\\",\\\"skuId\\\":\\\"059caa0850ee463e90f32aecbcbb9486\\\",\\\"f\\\":499,\\\"fnId\\\":\\\"4d35701cfe1746a69fe029a56640d328\\\",\\\"fnType\\\":\\\"wolverine\\\",\\\"by\\\":\\\"Vibranium\\\",\\\"at\\\":\\\"2019-07-29T05:24:41+00:00\\\",\\\"invUssn\\\":189,\\\"isInf\\\":false,\\\"ifa\\\":true,\\\"martAvail\\\":[{\\\"martId\\\":\\\"21\\\",\\\"ia\\\":true}],\\\"clt\\\":\\\"JoJ\\\"}\"}"}
{"id":"059caa0850ee463e90f32aecbcbb9486","table":"killmonger_events_table","keyspace":"msku","timestamp":"2019-07-29T05:40:44.682Z","clusteringKeys":["4d35701cfe1746a69fe029a56640d328","updateVbIdSellingIdInventorySkipped/1","1564377881"],"changedColumns":["selling_id","fulfillment_node_id","event_type","update_at","stream_sequence_number","event_data"],"record":"{\"selling_id\":\"059caa0850ee463e90f32aecbcbb9486\",\"fulfillment_node_id\":\"4d35701cfe1746a69fe029a56640d328\",\"event_type\":\"updateVbIdSellingIdInventorySkipped/1\",\"update_at\":1564377881,\"stream_sequence_number\":212,\"event_data\":\"{\\\"id\\\":\\\"49b32797a08a48ce99a44b97ead9b98a\\\",\\\"vbId\\\":\\\"059caa0850ee463e90f32aecbcbb9486\\\",\\\"sellingId\\\":\\\"059caa0850ee463e90f32aecbcbb9486\\\",\\\"merchantId\\\":\\\"1c235c2364694a66b41edbcf3ef2f73b\\\",\\\"skuId\\\":\\\"059caa0850ee463e90f32aecbcbb9486\\\",\\\"f\\\":499,\\\"fnId\\\":\\\"4d35701cfe1746a69fe029a56640d328\\\",\\\"fnType\\\":\\\"wolverine\\\",\\\"by\\\":\\\"Vibranium\\\",\\\"at\\\":\\\"2019-07-29T05:24:41+00:00\\\",\\\"invUssn\\\":189,\\\"isInf\\\":false}\"}"}
{"id":"74f13ba59b5b4107806cdc27a816f97a","table":"killmonger_events_table","keyspace":"msku","timestamp":"2019-07-29T05:40:44.686Z","clusteringKeys":["fb72b6f9c1e54625a551711f6ee72714","vbIdSellingIdInventoryUpdated/1","1564378274"],"changedColumns":["selling_id","fulfillment_node_id","event_type","update_at","stream_sequence_number","event_data"],"record":"{\"selling_id\":\"74f13ba59b5b4107806cdc27a816f97a\",\"fulfillment_node_id\":\"fb72b6f9c1e54625a551711f6ee72714\",\"event_type\":\"vbIdSellingIdInventoryUpdated/1\",\"update_at\":1564378274,\"stream_sequence_number\":46,\"event_data\":\"{\\\"id\\\":\\\"035e84ff13034154a54db9731a1790f0\\\",\\\"vbId\\\":\\\"74f13ba59b5b4107806cdc27a816f97a\\\",\\\"sellingId\\\":\\\"74f13ba59b5b4107806cdc27a816f97a\\\",\\\"merchantId\\\":\\\"e43cf7756d0b4ba8a4e9046774656ce8\\\",\\\"skuId\\\":\\\"74f13ba59b5b4107806cdc27a816f97a\\\",\\\"f\\\":65,\\\"fnId\\\":\\\"fb72b6f9c1e54625a551711f6ee72714\\\",\\\"fnType\\\":\\\"wolverine\\\",\\\"by\\\":\\\"Vibranium\\\",\\\"at\\\":\\\"2019-07-29T05:31:14+00:00\\\",\\\"invUssn\\\":47,\\\"isInf\\\":false,\\\"ifa\\\":true,\\\"martAvail\\\":[{\\\"martId\\\":\\\"21\\\",\\\"ia\\\":true}],\\\"clt\\\":\\\"JoJ\\\"}\"}"}
{"id":"9d0bac11a2ad429ea8313b4b88af7f64","table":"killmonger_events_table","keyspace":"msku","timestamp":"2019-07-29T05:44:37.028Z","clusteringKeys":["fb72b6f9c1e54625a551711f6ee72714","vbIdSellingIdInventoryUpdated/1","1564378479"],"changedColumns":["selling_id","fulfillment_node_id","event_type","update_at","stream_sequence_number","event_data"],"record":"{\"selling_id\":\"9d0bac11a2ad429ea8313b4b88af7f64\",\"fulfillment_node_id\":\"fb72b6f9c1e54625a551711f6ee72714\",\"event_type\":\"vbIdSellingIdInventoryUpdated/1\",\"update_at\":1564378479,\"stream_sequence_number\":41,\"event_data\":\"{\\\"id\\\":\\\"61f6eb5e36294fa180fe53966aeeca6f\\\",\\\"vbId\\\":\\\"9d0bac11a2ad429ea8313b4b88af7f64\\\",\\\"sellingId\\\":\\\"9d0bac11a2ad429ea8313b4b88af7f64\\\",\\\"merchantId\\\":\\\"e43cf7756d0b4ba8a4e9046774656ce8\\\",\\\"skuId\\\":\\\"9d0bac11a2ad429ea8313b4b88af7f64\\\",\\\"f\\\":83,\\\"fnId\\\":\\\"fb72b6f9c1e54625a551711f6ee72714\\\",\\\"fnType\\\":\\\"wolverine\\\",\\\"by\\\":\\\"Vibranium\\\",\\\"at\\\":\\\"2019-07-29T05:34:39+00:00\\\",\\\"invUssn\\\":47,\\\"isInf\\\":false,\\\"ifa\\\":true,\\\"martAvail\\\":[{\\\"martId\\\":\\\"21\\\",\\\"ia\\\":true}],\\\"clt\\\":\\\"JoJ\\\"}\"}"}
{"id":"5673c4f3a77144bfbb0d7a630170eed3","table":"killmonger_events_table","keyspace":"msku","timestamp":"2019-07-29T05:45:02.450Z","clusteringKeys":["3cbcc7e28aac4f6fb0a8cde4e85483c0","vbIdSellingIdInventoryUpdated/1","1564375107"],"changedColumns":["selling_id","fulfillment_node_id","event_type","update_at","stream_sequence_number","event_data"],"record":"{\"selling_id\":\"5673c4f3a77144bfbb0d7a630170eed3\",\"fulfillment_node_id\":\"3cbcc7e28aac4f6fb0a8cde4e85483c0\",\"event_type\":\"vbIdSellingIdInventoryUpdated/1\",\"update_at\":1564375107,\"stream_sequence_number\":86,\"event_data\":\"{\\\"id\\\":\\\"c45af559d4264ab4bacab25ed7a4e87c\\\",\\\"vbId\\\":\\\"5673c4f3a77144bfbb0d7a630170eed3\\\",\\\"sellingId\\\":\\\"5673c4f3a77144bfbb0d7a630170eed3\\\",\\\"merchantId\\\":\\\"7eaf70709bf149f890dc3a845871dab4\\\",\\\"skuId\\\":\\\"5673c4f3a77144bfbb0d7a630170eed3\\\",\\\"f\\\":559,\\\"fnId\\\":\\\"3cbcc7e28aac4f6fb0a8cde4e85483c0\\\",\\\"fnType\\\":\\\"wolverine\\\",\\\"by\\\":\\\"Vibranium\\\",\\\"at\\\":\\\"2019-07-29T04:38:27+00:00\\\",\\\"invUssn\\\":75,\\\"isInf\\\":false,\\\"ifa\\\":true,\\\"martAvail\\\":[{\\\"martId\\\":\\\"21\\\",\\\"ia\\\":true}],\\\"clt\\\":\\\"JoJ\\\"}\"}"}
{"id":"03712EC9DDBE48F7B077D30BC15A0D8D","table":"killmonger_events_table","keyspace":"msku","timestamp":"2019-07-29T05:44:37.034Z","clusteringKeys":["2707","vbIdSellingIdInventoryUpdated/1","1564376014"],"changedColumns":["selling_id","fulfillment_node_id","event_type","update_at","stream_sequence_number","event_data"],"record":"{\"selling_id\":\"03712EC9DDBE48F7B077D30BC15A0D8D\",\"fulfillment_node_id\":\"2707\",\"event_type\":\"vbIdSellingIdInventoryUpdated/1\",\"update_at\":1564376014,\"stream_sequence_number\":102,\"event_data\":\"{\\\"id\\\":\\\"be607487a89548a39302c49090d31b9f\\\",\\\"vbId\\\":\\\"PantherMigrationVbId\\\",\\\"sellingId\\\":\\\"03712EC9DDBE48F7B077D30BC15A0D8D\\\",\\\"merchantId\\\":\\\"9fc08905039048918982091f266c2a29\\\",\\\"skuId\\\":\\\"PantherMigrationSkuId\\\",\\\"f\\\":0,\\\"fnId\\\":\\\"2707\\\",\\\"by\\\":\\\"Killmonger.Migration.MapInWalmartInvUpdates\\\",\\\"at\\\":\\\"2019-07-29T04:53:34.67+00:00\\\",\\\"invUssn\\\":0,\\\"isInf\\\":false,\\\"ifa\\\":true,\\\"martAvail\\\":[{\\\"martId\\\":\\\"21\\\",\\\"ia\\\":true},{\\\"martId\\\":\\\"0\\\",\\\"ia\\\":true}],\\\"clt\\\":\\\"WoJ\\\"}\"}"}
{"id":"E93B87260F5A435EA1B70B5E501297A0","table":"killmonger_events_table","keyspace":"msku","timestamp":"2019-07-29T05:45:03.504Z","clusteringKeys":["2750","vbIdSellingIdInventoryUpdated/1","1564376134"],"changedColumns":["selling_id","fulfillment_node_id","event_type","update_at","stream_sequence_number","event_data"],"record":"{\"selling_id\":\"E93B87260F5A435EA1B70B5E501297A0\",\"fulfillment_node_id\":\"2750\",\"event_type\":\"vbIdSellingIdInventoryUpdated/1\",\"update_at\":1564376134,\"stream_sequence_number\":98,\"event_data\":\"{\\\"id\\\":\\\"204a235e84544b66b1a11d31b5060760\\\",\\\"vbId\\\":\\\"PantherMigrationVbId\\\",\\\"sellingId\\\":\\\"E93B87260F5A435EA1B70B5E501297A0\\\",\\\"merchantId\\\":\\\"9fc08905039048918982091f266c2a29\\\",\\\"skuId\\\":\\\"PantherMigrationSkuId\\\",\\\"f\\\":0,\\\"fnId\\\":\\\"2750\\\",\\\"by\\\":\\\"Killmonger.Migration.MapInWalmartInvUpdates\\\",\\\"at\\\":\\\"2019-07-29T04:55:34.806+00:00\\\",\\\"invUssn\\\":0,\\\"isInf\\\":false,\\\"ifa\\\":true,\\\"martAvail\\\":[{\\\"martId\\\":\\\"21\\\",\\\"ia\\\":true},{\\\"martId\\\":\\\"0\\\",\\\"ia\\\":true}],\\\"clt\\\":\\\"WoJ\\\"}\"}"}
{"id":"512fd9ba96a342f38a6177607baabc95","table":"killmonger_events_table","keyspace":"msku","timestamp":"2019-07-29T05:45:03.508Z","clusteringKeys":["ce4dd86743fd4a3f960bfb78a1c5c50b","updateVbIdSellingIdInventorySkipped/1","1564375637"],"changedColumns":["selling_id","fulfillment_node_id","event_type","update_at","stream_sequence_number","event_data"],"record":"{\"selling_id\":\"512fd9ba96a342f38a6177607baabc95\",\"fulfillment_node_id\":\"ce4dd86743fd4a3f960bfb78a1c5c50b\",\"event_type\":\"updateVbIdSellingIdInventorySkipped/1\",\"update_at\":1564375637,\"stream_sequence_number\":46,\"event_data\":\"{\\\"id\\\":\\\"56c23c68fed64d75ab40fe87f5c787ac\\\",\\\"vbId\\\":\\\"512fd9ba96a342f38a6177607baabc95\\\",\\\"sellingId\\\":\\\"512fd9ba96a342f38a6177607baabc95\\\",\\\"merchantId\\\":\\\"d8a71b916cf34aa895091e31804ec8f9\\\",\\\"skuId\\\":\\\"512fd9ba96a342f38a6177607baabc95\\\",\\\"f\\\":1,\\\"fnId\\\":\\\"ce4dd86743fd4a3f960bfb78a1c5c50b\\\",\\\"fnType\\\":\\\"wolverine\\\",\\\"by\\\":\\\"Vibranium\\\",\\\"at\\\":\\\"2019-07-29T04:47:17+00:00\\\",\\\"invUssn\\\":39,\\\"isInf\\\":false}\"}"}
{"id":"308501C2FD734EC99C255C7F79A9CC21","table":"killmonger_events_table","keyspace":"msku","timestamp":"2019-07-29T05:45:03.509Z","clusteringKeys":["10000006435","updateVbIdSellingIdInventorySkipped/1","1564375536"],"changedColumns":["selling_id","fulfillment_node_id","event_type","update_at","stream_sequence_number","event_data"],"record":"{\"selling_id\":\"308501C2FD734EC99C255C7F79A9CC21\",\"fulfillment_node_id\":\"10000006435\",\"event_type\":\"updateVbIdSellingIdInventorySkipped/1\",\"update_at\":1564375536,\"stream_sequence_number\":900,\"event_data\":\"{\\\"id\\\":\\\"335b548c1aea4976828d26fe05b78d1d\\\",\\\"vbId\\\":\\\"358851_bf_EM-CPH-515J-6261\\\",\\\"sellingId\\\":\\\"308501C2FD734EC99C255C7F79A9CC21\\\",\\\"merchantId\\\":\\\"6261\\\",\\\"skuId\\\":\\\"358851_bf_EM-CPH-515J\\\",\\\"f\\\":129,\\\"fnId\\\":\\\"10000006435\\\",\\\"fnType\\\":\\\"MARKETPLACE\\\",\\\"by\\\":\\\"Vibranium\\\",\\\"at\\\":\\\"2019-07-29T04:45:36+00:00\\\",\\\"invUssn\\\":775,\\\"catUssn\\\":0,\\\"isInf\\\":false}\"}"}
{"id":"712efc3e9168423f90ee66c311725247","table":"killmonger_events_table","keyspace":"msku","timestamp":"2019-07-29T05:45:02.462Z","clusteringKeys":["fb72b6f9c1e54625a551711f6ee72714","vbIdSellingIdInventoryUpdated/1","1564375344"],"changedColumns":["selling_id","fulfillment_node_id","event_type","update_at","stream_sequence_number","event_data"],"record":"{\"selling_id\":\"712efc3e9168423f90ee66c311725247\",\"fulfillment_node_id\":\"fb72b6f9c1e54625a551711f6ee72714\",\"event_type\":\"vbIdSellingIdInventoryUpdated/1\",\"update_at\":1564375344,\"stream_sequence_number\":50,\"event_data\":\"{\\\"id\\\":\\\"499aa9d4717840b9a7fe86b90617bca7\\\",\\\"vbId\\\":\\\"712efc3e9168423f90ee66c311725247\\\",\\\"sellingId\\\":\\\"712efc3e9168423f90ee66c311725247\\\",\\\"merchantId\\\":\\\"e43cf7756d0b4ba8a4e9046774656ce8\\\",\\\"skuId\\\":\\\"712efc3e9168423f90ee66c311725247\\\",\\\"f\\\":77,\\\"fnId\\\":\\\"fb72b6f9c1e54625a551711f6ee72714\\\",\\\"fnType\\\":\\\"wolverine\\\",\\\"by\\\":\\\"Vibranium\\\",\\\"at\\\":\\\"2019-07-29T04:42:24+00:00\\\",\\\"invUssn\\\":54,\\\"isInf\\\":false,\\\"ifa\\\":true,\\\"martAvail\\\":[{\\\"martId\\\":\\\"21\\\",\\\"ia\\\":true}],\\\"clt\\\":\\\"JoJ\\\"}\"}"}
{"id":"85efb90410f54603bf05f734a08cd1d5","table":"killmonger_events_table","keyspace":"msku","timestamp":"2019-07-29T05:44:37.044Z","clusteringKeys":["3cbcc7e28aac4f6fb0a8cde4e85483c0","vbIdSellingIdInventoryUpdated/1","1564378234"],"changedColumns":["selling_id","fulfillment_node_id","event_type","update_at","stream_sequence_number","event_data"],"record":"{\"selling_id\":\"85efb90410f54603bf05f734a08cd1d5\",\"fulfillment_node_id\":\"3cbcc7e28aac4f6fb0a8cde4e85483c0\",\"event_type\":\"vbIdSellingIdInventoryUpdated/1\",\"update_at\":1564378234,\"stream_sequence_number\":79,\"event_data\":\"{\\\"id\\\":\\\"814f2dd148e0483384968d8431f1c0cd\\\",\\\"vbId\\\":\\\"85efb90410f54603bf05f734a08cd1d5\\\",\\\"sellingId\\\":\\\"85efb90410f54603bf05f734a08cd1d5\\\",\\\"merchantId\\\":\\\"7eaf70709bf149f890dc3a845871dab4\\\",\\\"skuId\\\":\\\"85efb90410f54603bf05f734a08cd1d5\\\",\\\"f\\\":559,\\\"fnId\\\":\\\"3cbcc7e28aac4f6fb0a8cde4e85483c0\\\",\\\"fnType\\\":\\\"wolverine\\\",\\\"by\\\":\\\"Vibranium\\\",\\\"at\\\":\\\"2019-07-29T05:30:34+00:00\\\",\\\"invUssn\\\":67,\\\"isInf\\\":false,\\\"ifa\\\":true,\\\"martAvail\\\":[{\\\"martId\\\":\\\"21\\\",\\\"ia\\\":true}],\\\"clt\\\":\\\"JoJ\\\"}\"}"}
{"id":"85efb90410f54603bf05f734a08cd1d5","table":"killmonger_events_table","keyspace":"msku","timestamp":"2019-07-29T05:44:37.044Z","clusteringKeys":["3cbcc7e28aac4f6fb0a8cde4e85483c0","updateVbIdSellingIdInventorySkipped/1","1564378234"],"changedColumns":["selling_id","fulfillment_node_id","event_type","update_at","stream_sequence_number","event_data"],"record":"{\"selling_id\":\"85efb90410f54603bf05f734a08cd1d5\",\"fulfillment_node_id\":\"3cbcc7e28aac4f6fb0a8cde4e85483c0\",\"event_type\":\"updateVbIdSellingIdInventorySkipped/1\",\"update_at\":1564378234,\"stream_sequence_number\":80,\"event_data\":\"{\\\"id\\\":\\\"814f2dd148e0483384968d8431f1c0cd\\\",\\\"vbId\\\":\\\"85efb90410f54603bf05f734a08cd1d5\\\",\\\"sellingId\\\":\\\"85efb90410f54603bf05f734a08cd1d5\\\",\\\"merchantId\\\":\\\"7eaf70709bf149f890dc3a845871dab4\\\",\\\"skuId\\\":\\\"85efb90410f54603bf05f734a08cd1d5\\\",\\\"f\\\":559,\\\"fnId\\\":\\\"3cbcc7e28aac4f6fb0a8cde4e85483c0\\\",\\\"fnType\\\":\\\"wolverine\\\",\\\"by\\\":\\\"Vibranium\\\",\\\"at\\\":\\\"2019-07-29T05:30:34+00:00\\\",\\\"invUssn\\\":67,\\\"isInf\\\":false}\"}"}
{"id":"B16C2E19AC254BB2B9EC697D0722A906","table":"killmonger_events_table","keyspace":"msku","timestamp":"2019-07-29T05:40:44.702Z","clusteringKeys":["5868","vbIdSellingIdInventoryUpdated/1","1564378907"],"changedColumns":["selling_id","fulfillment_node_id","event_type","update_at","stream_sequence_number","event_data"],"record":"{\"selling_id\":\"B16C2E19AC254BB2B9EC697D0722A906\",\"fulfillment_node_id\":\"5868\",\"event_type\":\"vbIdSellingIdInventoryUpdated/1\",\"update_at\":1564378907,\"stream_sequence_number\":131,\"event_data\":\"{\\\"id\\\":\\\"a211553b536f411fa9407d3fb0e8f4b0\\\",\\\"vbId\\\":\\\"PantherMigrationVbId\\\",\\\"sellingId\\\":\\\"B16C2E19AC254BB2B9EC697D0722A906\\\",\\\"merchantId\\\":\\\"9fc08905039048918982091f266c2a29\\\",\\\"skuId\\\":\\\"PantherMigrationSkuId\\\",\\\"f\\\":0,\\\"fnId\\\":\\\"5868\\\",\\\"by\\\":\\\"Killmonger.Migration.MapInWalmartInvUpdates\\\",\\\"at\\\":\\\"2019-07-29T05:41:47.311+00:00\\\",\\\"invUssn\\\":0,\\\"isInf\\\":false,\\\"ifa\\\":true,\\\"martAvail\\\":[{\\\"martId\\\":\\\"21\\\",\\\"ia\\\":true},{\\\"martId\\\":\\\"0\\\",\\\"ia\\\":true}],\\\"clt\\\":\\\"WoJ\\\"}\"}"}
{"id":"A5B504380EAD414294E0188939F5F311","table":"killmonger_events_table","keyspace":"msku","timestamp":"2019-07-29T05:40:44.702Z","clusteringKeys":["54886003","vbIdSellingIdInventoryUpdated/1","1564378911"],"changedColumns":["selling_id","fulfillment_node_id","event_type","update_at","stream_sequence_number","event_data"],"record":"{\"selling_id\":\"A5B504380EAD414294E0188939F5F311\",\"fulfillment_node_id\":\"54886003\",\"event_type\":\"vbIdSellingIdInventoryUpdated/1\",\"update_at\":1564378911,\"stream_sequence_number\":137,\"event_data\":\"{\\\"id\\\":\\\"9343c5a2e29b4a65b288f459085cafc0\\\",\\\"vbId\\\":\\\"PantherMigrationVbId\\\",\\\"sellingId\\\":\\\"A5B504380EAD414294E0188939F5F311\\\",\\\"merchantId\\\":\\\"9fc08905039048918982091f266c2a29\\\",\\\"skuId\\\":\\\"PantherMigrationSkuId\\\",\\\"f\\\":0,\\\"fnId\\\":\\\"54886003\\\",\\\"by\\\":\\\"Killmonger.Migration.MapInWalmartInvUpdates\\\",\\\"at\\\":\\\"2019-07-29T05:41:51.158+00:00\\\",\\\"invUssn\\\":0,\\\"isInf\\\":false,\\\"ifa\\\":true,\\\"martAvail\\\":[{\\\"martId\\\":\\\"21\\\",\\\"ia\\\":true},{\\\"martId\\\":\\\"0\\\",\\\"ia\\\":true}],\\\"clt\\\":\\\"WoJ\\\"}\"}"}
{"id":"90D2D4792D72442593DA3E66565FD68C","table":"killmonger_events_table","keyspace":"msku","timestamp":"2019-07-29T05:40:44.703Z","clusteringKeys":["6284","vbIdSellingIdInventoryUpdated/1","1564378911"],"changedColumns":["selling_id","fulfillment_node_id","event_type","update_at","stream_sequence_number","event_data"],"record":"{\"selling_id\":\"90D2D4792D72442593DA3E66565FD68C\",\"fulfillment_node_id\":\"6284\",\"event_type\":\"vbIdSellingIdInventoryUpdated/1\",\"update_at\":1564378911,\"stream_sequence_number\":317,\"event_data\":\"{\\\"id\\\":\\\"8d855ea068d8432b9ac4d80cc22723a0\\\",\\\"vbId\\\":\\\"PantherMigrationVbId\\\",\\\"sellingId\\\":\\\"90D2D4792D72442593DA3E66565FD68C\\\",\\\"merchantId\\\":\\\"9fc08905039048918982091f266c2a29\\\",\\\"skuId\\\":\\\"PantherMigrationSkuId\\\",\\\"f\\\":18,\\\"fnId\\\":\\\"6284\\\",\\\"by\\\":\\\"Killmonger.Migration.MapInWalmartInvUpdates\\\",\\\"at\\\":\\\"2019-07-29T05:41:51.241+00:00\\\",\\\"invUssn\\\":0,\\\"isInf\\\":false,\\\"ifa\\\":true,\\\"martAvail\\\":[{\\\"martId\\\":\\\"21\\\",\\\"ia\\\":true},{\\\"martId\\\":\\\"0\\\",\\\"ia\\\":true}],\\\"clt\\\":\\\"WoJ\\\"}\"}"}
{"id":"d8e4f7e3768348d19fb911ea23bddbfc","table":"killmonger_events_table","keyspace":"msku","timestamp":"2019-07-29T05:40:44.703Z","clusteringKeys":["fb72b6f9c1e54625a551711f6ee72714","vbIdSellingIdInventoryUpdated/1","1564378274"],"changedColumns":["selling_id","fulfillment_node_id","event_type","update_at","stream_sequence_number","event_data"],"record":"{\"selling_id\":\"d8e4f7e3768348d19fb911ea23bddbfc\",\"fulfillment_node_id\":\"fb72b6f9c1e54625a551711f6ee72714\",\"event_type\":\"vbIdSellingIdInventoryUpdated/1\",\"update_at\":1564378274,\"stream_sequence_number\":35,\"event_data\":\"{\\\"id\\\":\\\"7801b094709a4ba18bd05cd81b22445e\\\",\\\"vbId\\\":\\\"d8e4f7e3768348d19fb911ea23bddbfc\\\",\\\"sellingId\\\":\\\"d8e4f7e3768348d19fb911ea23bddbfc\\\",\\\"merchantId\\\":\\\"e43cf7756d0b4ba8a4e9046774656ce8\\\",\\\"skuId\\\":\\\"d8e4f7e3768348d19fb911ea23bddbfc\\\",\\\"f\\\":123,\\\"fnId\\\":\\\"fb72b6f9c1e54625a551711f6ee72714\\\",\\\"fnType\\\":\\\"wolverine\\\",\\\"by\\\":\\\"Vibranium\\\",\\\"at\\\":\\\"2019-07-29T05:31:14+00:00\\\",\\\"invUssn\\\":46,\\\"isInf\\\":false,\\\"ifa\\\":true,\\\"martAvail\\\":[{\\\"martId\\\":\\\"21\\\",\\\"ia\\\":true}],\\\"clt\\\":\\\"JoJ\\\"}\"}"}
{"id":"d8e4f7e3768348d19fb911ea23bddbfc","table":"killmonger_events_table","keyspace":"msku","timestamp":"2019-07-29T05:40:44.704Z","clusteringKeys":["fb72b6f9c1e54625a551711f6ee72714","updateVbIdSellingIdInventorySkipped/1","1564378274"],"changedColumns":["selling_id","fulfillment_node_id","event_type","update_at","stream_sequence_number","event_data"],"record":"{\"selling_id\":\"d8e4f7e3768348d19fb911ea23bddbfc\",\"fulfillment_node_id\":\"fb72b6f9c1e54625a551711f6ee72714\",\"event_type\":\"updateVbIdSellingIdInventorySkipped/1\",\"update_at\":1564378274,\"stream_sequence_number\":36,\"event_data\":\"{\\\"id\\\":\\\"7801b094709a4ba18bd05cd81b22445e\\\",\\\"vbId\\\":\\\"d8e4f7e3768348d19fb911ea23bddbfc\\\",\\\"sellingId\\\":\\\"d8e4f7e3768348d19fb911ea23bddbfc\\\",\\\"merchantId\\\":\\\"e43cf7756d0b4ba8a4e9046774656ce8\\\",\\\"skuId\\\":\\\"d8e4f7e3768348d19fb911ea23bddbfc\\\",\\\"f\\\":123,\\\"fnId\\\":\\\"fb72b6f9c1e54625a551711f6ee72714\\\",\\\"fnType\\\":\\\"wolverine\\\",\\\"by\\\":\\\"Vibranium\\\",\\\"at\\\":\\\"2019-07-29T05:31:14+00:00\\\",\\\"invUssn\\\":46,\\\"isInf\\\":false}\"}"}
{"id":"0DE209C2CA9E49E8AE4559E3D029A6DB","table":"killmonger_events_table","keyspace":"msku","timestamp":"2019-07-29T05:45:03.518Z","clusteringKeys":["4364","vbIdSellingIdInventoryUpdated/1","1564376137"],"changedColumns":["selling_id","fulfillment_node_id","event_type","update_at","stream_sequence_number","event_data"],"record":"{\"selling_id\":\"0DE209C2CA9E49E8AE4559E3D029A6DB\",\"fulfillment_node_id\":\"4364\",\"event_type\":\"vbIdSellingIdInventoryUpdated/1\",\"update_at\":1564376137,\"stream_sequence_number\":127,\"event_data\":\"{\\\"id\\\":\\\"1f3d3017f8614288a2253254ec62bcfc\\\",\\\"vbId\\\":\\\"PantherMigrationVbId\\\",\\\"sellingId\\\":\\\"0DE209C2CA9E49E8AE4559E3D029A6DB\\\",\\\"merchantId\\\":\\\"9fc08905039048918982091f266c2a29\\\",\\\"skuId\\\":\\\"PantherMigrationSkuId\\\",\\\"f\\\":0,\\\"fnId\\\":\\\"4364\\\",\\\"by\\\":\\\"Killmonger.Migration.MapInWalmartInvUpdates\\\",\\\"at\\\":\\\"2019-07-29T04:55:37.88+00:00\\\",\\\"invUssn\\\":0,\\\"isInf\\\":false,\\\"ifa\\\":true,\\\"martAvail\\\":[{\\\"martId\\\":\\\"21\\\",\\\"ia\\\":true},{\\\"martId\\\":\\\"0\\\",\\\"ia\\\":true}],\\\"clt\\\":\\\"WoJ\\\"}\"}"}
{"id":"7DC4794D5EDE4CB09AE6517381C53C48","table":"killmonger_events_table","keyspace":"msku","timestamp":"2019-07-29T05:40:44.708Z","clusteringKeys":["5926","vbIdSellingIdInventoryUpdated/1","1564378913"],"changedColumns":["selling_id","fulfillment_node_id","event_type","update_at","stream_sequence_number","event_data"],"record":"{\"selling_id\":\"7DC4794D5EDE4CB09AE6517381C53C48\",\"fulfillment_node_id\":\"5926\",\"event_type\":\"vbIdSellingIdInventoryUpdated/1\",\"update_at\":1564378913,\"stream_sequence_number\":143,\"event_data\":\"{\\\"id\\\":\\\"1ff57567b086444080be36bec61b8ddf\\\",\\\"vbId\\\":\\\"PantherMigrationVbId\\\",\\\"sellingId\\\":\\\"7DC4794D5EDE4CB09AE6517381C53C48\\\",\\\"merchantId\\\":\\\"9fc08905039048918982091f266c2a29\\\",\\\"skuId\\\":\\\"PantherMigrationSkuId\\\",\\\"f\\\":0,\\\"fnId\\\":\\\"5926\\\",\\\"by\\\":\\\"Killmonger.Migration.MapInWalmartInvUpdates\\\",\\\"at\\\":\\\"2019-07-29T05:41:53.217+00:00\\\",\\\"invUssn\\\":0,\\\"isInf\\\":false,\\\"ifa\\\":true,\\\"martAvail\\\":[{\\\"martId\\\":\\\"21\\\",\\\"ia\\\":true},{\\\"martId\\\":\\\"0\\\",\\\"ia\\\":true}],\\\"clt\\\":\\\"WoJ\\\"}\"}"}
{"id":"8946141E7BEA467C894A9936AA44CC31","table":"killmonger_events_table","keyspace":"msku","timestamp":"2019-07-29T05:45:03.520Z","clusteringKeys":["2381","vbIdSellingIdInventoryUpdated/1","1564375585"],"changedColumns":["selling_id","fulfillment_node_id","event_type","update_at","stream_sequence_number","event_data"],"record":"{\"selling_id\":\"8946141E7BEA467C894A9936AA44CC31\",\"fulfillment_node_id\":\"2381\",\"event_type\":\"vbIdSellingIdInventoryUpdated/1\",\"update_at\":1564375585,\"stream_sequence_number\":152,\"event_data\":\"{\\\"id\\\":\\\"38ce606c727f4959acd99ef8a00a39df\\\",\\\"vbId\\\":\\\"PantherMigrationVbId\\\",\\\"sellingId\\\":\\\"8946141E7BEA467C894A9936AA44CC31\\\",\\\"merchantId\\\":\\\"9fc08905039048918982091f266c2a29\\\",\\\"skuId\\\":\\\"PantherMigrationSkuId\\\",\\\"f\\\":0,\\\"fnId\\\":\\\"2381\\\",\\\"by\\\":\\\"Killmonger.Migration.MapInWalmartInvUpdates\\\",\\\"at\\\":\\\"2019-07-29T04:46:25.713+00:00\\\",\\\"invUssn\\\":0,\\\"isInf\\\":false,\\\"ifa\\\":true,\\\"martAvail\\\":[{\\\"martId\\\":\\\"21\\\",\\\"ia\\\":true},{\\\"martId\\\":\\\"0\\\",\\\"ia\\\":true}],\\\"clt\\\":\\\"WoJ\\\"}\"}"}
{"id":"aa07245f50f0406a8662e892b5db44b4","table":"killmonger_events_table","keyspace":"msku","timestamp":"2019-07-29T05:45:03.520Z","clusteringKeys":["fb72b6f9c1e54625a551711f6ee72714","vbIdSellingIdInventoryUpdated/1","1564375727"],"changedColumns":["selling_id","fulfillment_node_id","event_type","update_at","stream_sequence_number","event_data"],"record":"{\"selling_id\":\"aa07245f50f0406a8662e892b5db44b4\",\"fulfillment_node_id\":\"fb72b6f9c1e54625a551711f6ee72714\",\"event_type\":\"vbIdSellingIdInventoryUpdated/1\",\"update_at\":1564375727,\"stream_sequence_number\":48,\"event_data\":\"{\\\"id\\\":\\\"2fcd2ee4e3e34143b20ed85617f7874d\\\",\\\"vbId\\\":\\\"aa07245f50f0406a8662e892b5db44b4\\\",\\\"sellingId\\\":\\\"aa07245f50f0406a8662e892b5db44b4\\\",\\\"merchantId\\\":\\\"e43cf7756d0b4ba8a4e9046774656ce8\\\",\\\"skuId\\\":\\\"aa07245f50f0406a8662e892b5db44b4\\\",\\\"f\\\":107,\\\"fnId\\\":\\\"fb72b6f9c1e54625a551711f6ee72714\\\",\\\"fnType\\\":\\\"wolverine\\\",\\\"by\\\":\\\"Vibranium\\\",\\\"at\\\":\\\"2019-07-29T04:48:47+00:00\\\",\\\"invUssn\\\":50,\\\"isInf\\\":false,\\\"ifa\\\":true,\\\"martAvail\\\":[{\\\"martId\\\":\\\"21\\\",\\\"ia\\\":true}],\\\"clt\\\":\\\"JoJ\\\"}\"}"}
{"id":"79d3ed79563f432192bb2c803ac90821","table":"killmonger_events_table","keyspace":"msku","timestamp":"2019-07-29T05:45:03.521Z","clusteringKeys":["3cbcc7e28aac4f6fb0a8cde4e85483c0","updateVbIdSellingIdInventorySkipped/1","1564375151"],"changedColumns":["selling_id","fulfillment_node_id","event_type","update_at","stream_sequence_number","event_data"],"record":"{\"selling_id\":\"79d3ed79563f432192bb2c803ac90821\",\"fulfillment_node_id\":\"3cbcc7e28aac4f6fb0a8cde4e85483c0\",\"event_type\":\"updateVbIdSellingIdInventorySkipped/1\",\"update_at\":1564375151,\"stream_sequence_number\":101,\"event_data\":\"{\\\"id\\\":\\\"ad84dcd447c94e88be819f4898201e42\\\",\\\"vbId\\\":\\\"79d3ed79563f432192bb2c803ac90821\\\",\\\"sellingId\\\":\\\"79d3ed79563f432192bb2c803ac90821\\\",\\\"merchantId\\\":\\\"7eaf70709bf149f890dc3a845871dab4\\\",\\\"skuId\\\":\\\"79d3ed79563f432192bb2c803ac90821\\\",\\\"f\\\":559,\\\"fnId\\\":\\\"3cbcc7e28aac4f6fb0a8cde4e85483c0\\\",\\\"fnType\\\":\\\"wolverine\\\",\\\"by\\\":\\\"Vibranium\\\",\\\"at\\\":\\\"2019-07-29T04:39:11+00:00\\\",\\\"invUssn\\\":72,\\\"isInf\\\":false}\"}"}
{"id":"79d3ed79563f432192bb2c803ac90821","table":"killmonger_events_table","keyspace":"msku","timestamp":"2019-07-29T05:45:03.521Z","clusteringKeys":["3cbcc7e28aac4f6fb0a8cde4e85483c0","updateVbIdSellingIdInventorySkipped/1","1564375151"],"changedColumns":["selling_id","fulfillment_node_id","event_type","update_at","stream_sequence_number","event_data"],"record":"{\"selling_id\":\"79d3ed79563f432192bb2c803ac90821\",\"fulfillment_node_id\":\"3cbcc7e28aac4f6fb0a8cde4e85483c0\",\"event_type\":\"updateVbIdSellingIdInventorySkipped/1\",\"update_at\":1564375151,\"stream_sequence_number\":102,\"event_data\":\"{\\\"id\\\":\\\"27dd0c35f41d4a6296a458121ca00a04\\\",\\\"vbId\\\":\\\"79d3ed79563f432192bb2c803ac90821\\\",\\\"sellingId\\\":\\\"79d3ed79563f432192bb2c803ac90821\\\",\\\"merchantId\\\":\\\"7eaf70709bf149f890dc3a845871dab4\\\",\\\"skuId\\\":\\\"79d3ed79563f432192bb2c803ac90821\\\",\\\"f\\\":559,\\\"fnId\\\":\\\"3cbcc7e28aac4f6fb0a8cde4e85483c0\\\",\\\"fnType\\\":\\\"wolverine\\\",\\\"by\\\":\\\"Vibranium\\\",\\\"at\\\":\\\"2019-07-29T04:39:11+00:00\\\",\\\"invUssn\\\":72,\\\"isInf\\\":false}\"}"}
{"id":"79d3ed79563f432192bb2c803ac90821","table":"killmonger_events_table","keyspace":"msku","timestamp":"2019-07-29T05:45:03.521Z","clusteringKeys":["3cbcc7e28aac4f6fb0a8cde4e85483c0","updateVbIdSellingIdInventorySkipped/1","1564375151"],"changedColumns":["selling_id","fulfillment_node_id","event_type","update_at","stream_sequence_number","event_data"],"record":"{\"selling_id\":\"79d3ed79563f432192bb2c803ac90821\",\"fulfillment_node_id\":\"3cbcc7e28aac4f6fb0a8cde4e85483c0\",\"event_type\":\"updateVbIdSellingIdInventorySkipped/1\",\"update_at\":1564375151,\"stream_sequence_number\":103,\"event_data\":\"{\\\"id\\\":\\\"665eb6eb4574408481c0f53a8d5dcba3\\\",\\\"vbId\\\":\\\"79d3ed79563f432192bb2c803ac90821\\\",\\\"sellingId\\\":\\\"79d3ed79563f432192bb2c803ac90821\\\",\\\"merchantId\\\":\\\"7eaf70709bf149f890dc3a845871dab4\\\",\\\"skuId\\\":\\\"79d3ed79563f432192bb2c803ac90821\\\",\\\"f\\\":559,\\\"fnId\\\":\\\"3cbcc7e28aac4f6fb0a8cde4e85483c0\\\",\\\"fnType\\\":\\\"wolverine\\\",\\\"by\\\":\\\"Vibranium\\\",\\\"at\\\":\\\"2019-07-29T04:39:11+00:00\\\",\\\"invUssn\\\":72,\\\"isInf\\\":false}\"}"}
{"id":"2F8019C802DD4C34B9B854C02AC8978D","table":"killmonger_events_table","keyspace":"msku","timestamp":"2019-07-29T05:40:44.709Z","clusteringKeys":["2379","vbIdSellingIdInventoryUpdated/1","1564378913"],"changedColumns":["selling_id","fulfillment_node_id","event_type","update_at","stream_sequence_number","event_data"],"record":"{\"selling_id\":\"2F8019C802DD4C34B9B854C02AC8978D\",\"fulfillment_node_id\":\"2379\",\"event_type\":\"vbIdSellingIdInventoryUpdated/1\",\"update_at\":1564378913,\"stream_sequence_number\":129,\"event_data\":\"{\\\"id\\\":\\\"357994efdf97453bb445793acebf7e6c\\\",\\\"vbId\\\":\\\"PantherMigrationVbId\\\",\\\"sellingId\\\":\\\"2F8019C802DD4C34B9B854C02AC8978D\\\",\\\"merchantId\\\":\\\"9fc08905039048918982091f266c2a29\\\",\\\"skuId\\\":\\\"PantherMigrationSkuId\\\",\\\"f\\\":0,\\\"fnId\\\":\\\"2379\\\",\\\"by\\\":\\\"Killmonger.Migration.MapInWalmartInvUpdates\\\",\\\"at\\\":\\\"2019-07-29T05:41:53.36+00:00\\\",\\\"invUssn\\\":0,\\\"isInf\\\":false,\\\"ifa\\\":true,\\\"martAvail\\\":[{\\\"martId\\\":\\\"21\\\",\\\"ia\\\":true},{\\\"martId\\\":\\\"0\\\",\\\"ia\\\":true}],\\\"clt\\\":\\\"WoJ\\\"}\"}"}
{"id":"2F8019C802DD4C34B9B854C02AC8978D","table":"killmonger_events_table","keyspace":"msku","timestamp":"2019-07-29T05:40:44.709Z","clusteringKeys":["2379","vbIdSellingIdInventoryUpdated/1","1564378913"],"changedColumns":["selling_id","fulfillment_node_id","event_type","update_at","stream_sequence_number","event_data"],"record":"{\"selling_id\":\"2F8019C802DD4C34B9B854C02AC8978D\",\"fulfillment_node_id\":\"2379\",\"event_type\":\"vbIdSellingIdInventoryUpdated/1\",\"update_at\":1564378913,\"stream_sequence_number\":130,\"event_data\":\"{\\\"id\\\":\\\"357994efdf97453bb445793acebf7e6c\\\",\\\"vbId\\\":\\\"PantherMigrationVbId\\\",\\\"sellingId\\\":\\\"2F8019C802DD4C34B9B854C02AC8978D\\\",\\\"merchantId\\\":\\\"9fc08905039048918982091f266c2a29\\\",\\\"skuId\\\":\\\"PantherMigrationSkuId\\\",\\\"f\\\":0,\\\"fnId\\\":\\\"2379\\\",\\\"by\\\":\\\"Killmonger.Migration.MapInWalmartInvUpdates\\\",\\\"at\\\":\\\"2019-07-29T05:41:53.36+00:00\\\",\\\"invUssn\\\":0,\\\"isInf\\\":false,\\\"ifa\\\":true,\\\"martAvail\\\":[{\\\"martId\\\":\\\"21\\\",\\\"ia\\\":true},{\\\"martId\\\":\\\"0\\\",\\\"ia\\\":true}],\\\"clt\\\":\\\"WoJ\\\"}\"}"}
{"id":"9297c2773c224c78884d261b209b60dc","table":"killmonger_events_table","keyspace":"msku","timestamp":"2019-07-29T05:45:02.469Z","clusteringKeys":["fb72b6f9c1e54625a551711f6ee72714","vbIdSellingIdInventoryUpdated/1","1564378274"],"changedColumns":["selling_id","fulfillment_node_id","event_type","update_at","stream_sequence_number","event_data"],"record":"{\"selling_id\":\"9297c2773c224c78884d261b209b60dc\",\"fulfillment_node_id\":\"fb72b6f9c1e54625a551711f6ee72714\",\"event_type\":\"vbIdSellingIdInventoryUpdated/1\",\"update_at\":1564378274,\"stream_sequence_number\":38,\"event_data\":\"{\\\"id\\\":\\\"aa2ce36f8a0343a39dd69c8a0a4e3a6f\\\",\\\"vbId\\\":\\\"9297c2773c224c78884d261b209b60dc\\\",\\\"sellingId\\\":\\\"9297c2773c224c78884d261b209b60dc\\\",\\\"merchantId\\\":\\\"e43cf7756d0b4ba8a4e9046774656ce8\\\",\\\"skuId\\\":\\\"9297c2773c224c78884d261b209b60dc\\\",\\\"f\\\":139,\\\"fnId\\\":\\\"fb72b6f9c1e54625a551711f6ee72714\\\",\\\"fnType\\\":\\\"wolverine\\\",\\\"by\\\":\\\"Vibranium\\\",\\\"at\\\":\\\"2019-07-29T05:31:14+00:00\\\",\\\"invUssn\\\":48,\\\"isInf\\\":false,\\\"ifa\\\":true,\\\"martAvail\\\":[{\\\"martId\\\":\\\"21\\\",\\\"ia\\\":true}],\\\"clt\\\":\\\"JoJ\\\"}\"}"}
{"id":"33901001bef144eda96bb183383dedd3","table":"killmonger_events_table","keyspace":"msku","timestamp":"2019-07-29T05:45:03.526Z","clusteringKeys":["229e99565c004ca29a58f2d35d2e9127","vbIdSellingIdInventoryUpdated/1","1564375734"],"changedColumns":["selling_id","fulfillment_node_id","event_type","update_at","stream_sequence_number","event_data"],"record":"{\"selling_id\":\"33901001bef144eda96bb183383dedd3\",\"fulfillment_node_id\":\"229e99565c004ca29a58f2d35d2e9127\",\"event_type\":\"vbIdSellingIdInventoryUpdated/1\",\"update_at\":1564375734,\"stream_sequence_number\":1176,\"event_data\":\"{\\\"id\\\":\\\"76d2027f4f774defa610d41c6968b10e\\\",\\\"vbId\\\":\\\"33901001bef144eda96bb183383dedd3\\\",\\\"sellingId\\\":\\\"33901001bef144eda96bb183383dedd3\\\",\\\"merchantId\\\":\\\"b1258a698bb14f409722b7bdbfde991d\\\",\\\"skuId\\\":\\\"33901001bef144eda96bb183383dedd3\\\",\\\"f\\\":183,\\\"fnId\\\":\\\"229e99565c004ca29a58f2d35d2e9127\\\",\\\"fnType\\\":\\\"wolverine\\\",\\\"by\\\":\\\"Vibranium\\\",\\\"at\\\":\\\"2019-07-29T04:48:54+00:00\\\",\\\"invUssn\\\":988,\\\"isInf\\\":false,\\\"ifa\\\":true,\\\"martAvail\\\":[{\\\"martId\\\":\\\"21\\\",\\\"ia\\\":true}],\\\"clt\\\":\\\"JoJ\\\"}\"}"}
{"id":"4dbbaa5511de4f08adeab98038008c6d","table":"killmonger_events_table","keyspace":"msku","timestamp":"2019-07-29T05:45:03.529Z","clusteringKeys":["c7e42bbec71748469f3409fac72e56f2","vbIdSellingIdInventoryUpdated/1","1564375222"],"changedColumns":["selling_id","fulfillment_node_id","event_type","update_at","stream_sequence_number","event_data"],"record":"{\"selling_id\":\"4dbbaa5511de4f08adeab98038008c6d\",\"fulfillment_node_id\":\"c7e42bbec71748469f3409fac72e56f2\",\"event_type\":\"vbIdSellingIdInventoryUpdated/1\",\"update_at\":1564375222,\"stream_sequence_number\":186,\"event_data\":\"{\\\"id\\\":\\\"81236ad2a50747b18e1156d8308734a2\\\",\\\"vbId\\\":\\\"4dbbaa5511de4f08adeab98038008c6d\\\",\\\"sellingId\\\":\\\"4dbbaa5511de4f08adeab98038008c6d\\\",\\\"merchantId\\\":\\\"551717ddd0054aa088ac5aa2e3f5e824\\\",\\\"skuId\\\":\\\"4dbbaa5511de4f08adeab98038008c6d\\\",\\\"f\\\":8888,\\\"fnId\\\":\\\"c7e42bbec71748469f3409fac72e56f2\\\",\\\"fnType\\\":\\\"wolverine\\\",\\\"by\\\":\\\"Vibranium\\\",\\\"at\\\":\\\"2019-07-29T04:40:22+00:00\\\",\\\"invUssn\\\":233,\\\"isInf\\\":false,\\\"ifa\\\":true,\\\"martAvail\\\":[{\\\"martId\\\":\\\"21\\\",\\\"ia\\\":true}],\\\"clt\\\":\\\"JoJ\\\"}\"}"}
{"id":"0FAF90478601412D9BA07A94C52C7D2D","table":"killmonger_events_table","keyspace":"msku","timestamp":"2019-07-29T05:45:03.529Z","clusteringKeys":["10000012970","vbIdSellingIdInventoryUpdated/1","1564375530"],"changedColumns":["selling_id","fulfillment_node_id","event_type","update_at","stream_sequence_number","event_data"],"record":"{\"selling_id\":\"0FAF90478601412D9BA07A94C52C7D2D\",\"fulfillment_node_id\":\"10000012970\",\"event_type\":\"vbIdSellingIdInventoryUpdated/1\",\"update_at\":1564375530,\"stream_sequence_number\":118,\"event_data\":\"{\\\"id\\\":\\\"fe5a33c444cc4f87b5db457c83e1ddd0\\\",\\\"vbId\\\":\\\"812719027038-12863\\\",\\\"sellingId\\\":\\\"0FAF90478601412D9BA07A94C52C7D2D\\\",\\\"merchantId\\\":\\\"12863\\\",\\\"skuId\\\":\\\"812719027038\\\",\\\"f\\\":8,\\\"fnId\\\":\\\"10000012970\\\",\\\"fnType\\\":\\\"MARKETPLACE\\\",\\\"by\\\":\\\"Vibranium\\\",\\\"at\\\":\\\"2019-07-29T04:45:30+00:00\\\",\\\"invUssn\\\":111,\\\"catUssn\\\":0,\\\"isInf\\\":false,\\\"ifa\\\":true,\\\"martAvail\\\":[{\\\"martId\\\":\\\"0\\\",\\\"ia\\\":true}],\\\"clt\\\":\\\"WoW\\\"}\"}"}
{"id":"2c6d9707075d4e69a3661b28d2d721ab","table":"killmonger_events_table","keyspace":"msku","timestamp":"2019-07-29T05:45:02.479Z","clusteringKeys":["fb72b6f9c1e54625a551711f6ee72714","updateVbIdSellingIdInventorySkipped/1","1564378274"],"changedColumns":["selling_id","fulfillment_node_id","event_type","update_at","stream_sequence_number","event_data"],"record":"{\"selling_id\":\"2c6d9707075d4e69a3661b28d2d721ab\",\"fulfillment_node_id\":\"fb72b6f9c1e54625a551711f6ee72714\",\"event_type\":\"updateVbIdSellingIdInventorySkipped/1\",\"update_at\":1564378274,\"stream_sequence_number\":43,\"event_data\":\"{\\\"id\\\":\\\"6d917d5b3c59412da053a6c450536d0d\\\",\\\"vbId\\\":\\\"2c6d9707075d4e69a3661b28d2d721ab\\\",\\\"sellingId\\\":\\\"2c6d9707075d4e69a3661b28d2d721ab\\\",\\\"merchantId\\\":\\\"e43cf7756d0b4ba8a4e9046774656ce8\\\",\\\"skuId\\\":\\\"2c6d9707075d4e69a3661b28d2d721ab\\\",\\\"f\\\":67,\\\"fnId\\\":\\\"fb72b6f9c1e54625a551711f6ee72714\\\",\\\"fnType\\\":\\\"wolverine\\\",\\\"by\\\":\\\"Vibranium\\\",\\\"at\\\":\\\"2019-07-29T05:31:14+00:00\\\",\\\"invUssn\\\":48,\\\"isInf\\\":false}\"}"}
{"id":"a68610f81de944d2986681ca8fb286e4","table":"killmonger_events_table","keyspace":"msku","timestamp":"2019-07-29T05:45:03.530Z","clusteringKeys":["fb72b6f9c1e54625a551711f6ee72714","vbIdSellingIdInventoryUpdated/1","1564378274"],"changedColumns":["selling_id","fulfillment_node_id","event_type","update_at","stream_sequence_number","event_data"],"record":"{\"selling_id\":\"a68610f81de944d2986681ca8fb286e4\",\"fulfillment_node_id\":\"fb72b6f9c1e54625a551711f6ee72714\",\"event_type\":\"vbIdSellingIdInventoryUpdated/1\",\"update_at\":1564378274,\"stream_sequence_number\":38,\"event_data\":\"{\\\"id\\\":\\\"5d3ed41067a841639265068b83ca36e6\\\",\\\"vbId\\\":\\\"a68610f81de944d2986681ca8fb286e4\\\",\\\"sellingId\\\":\\\"a68610f81de944d2986681ca8fb286e4\\\",\\\"merchantId\\\":\\\"e43cf7756d0b4ba8a4e9046774656ce8\\\",\\\"skuId\\\":\\\"a68610f81de944d2986681ca8fb286e4\\\",\\\"f\\\":146,\\\"fnId\\\":\\\"fb72b6f9c1e54625a551711f6ee72714\\\",\\\"fnType\\\":\\\"wolverine\\\",\\\"by\\\":\\\"Vibranium\\\",\\\"at\\\":\\\"2019-07-29T05:31:14+00:00\\\",\\\"invUssn\\\":48,\\\"isInf\\\":false,\\\"ifa\\\":true,\\\"martAvail\\\":[{\\\"martId\\\":\\\"21\\\",\\\"ia\\\":true}],\\\"clt\\\":\\\"JoJ\\\"}\"}"}
{"id":"a68610f81de944d2986681ca8fb286e4","table":"killmonger_events_table","keyspace":"msku","timestamp":"2019-07-29T05:45:03.530Z","clusteringKeys":["fb72b6f9c1e54625a551711f6ee72714","vbIdSellingIdInventoryUpdated/1","1564378274"],"changedColumns":["selling_id","fulfillment_node_id","event_type","update_at","stream_sequence_number","event_data"],"record":"{\"selling_id\":\"a68610f81de944d2986681ca8fb286e4\",\"fulfillment_node_id\":\"fb72b6f9c1e54625a551711f6ee72714\",\"event_type\":\"vbIdSellingIdInventoryUpdated/1\",\"update_at\":1564378274,\"stream_sequence_number\":39,\"event_data\":\"{\\\"id\\\":\\\"ccd42d2686154fd8a247ffd3ebdca02a\\\",\\\"vbId\\\":\\\"a68610f81de944d2986681ca8fb286e4\\\",\\\"sellingId\\\":\\\"a68610f81de944d2986681ca8fb286e4\\\",\\\"merchantId\\\":\\\"e43cf7756d0b4ba8a4e9046774656ce8\\\",\\\"skuId\\\":\\\"a68610f81de944d2986681ca8fb286e4\\\",\\\"f\\\":146,\\\"fnId\\\":\\\"fb72b6f9c1e54625a551711f6ee72714\\\",\\\"fnType\\\":\\\"wolverine\\\",\\\"by\\\":\\\"Vibranium\\\",\\\"at\\\":\\\"2019-07-29T05:31:14+00:00\\\",\\\"invUssn\\\":49,\\\"isInf\\\":false,\\\"ifa\\\":true,\\\"martAvail\\\":[{\\\"martId\\\":\\\"21\\\",\\\"ia\\\":true}],\\\"clt\\\":\\\"JoJ\\\"}\"}"}
{"id":"a68610f81de944d2986681ca8fb286e4","table":"killmonger_events_table","keyspace":"msku","timestamp":"2019-07-29T05:45:03.530Z","clusteringKeys":["fb72b6f9c1e54625a551711f6ee72714","updateVbIdSellingIdInventorySkipped/1","1564378274"],"changedColumns":["selling_id","fulfillment_node_id","event_type","update_at","stream_sequence_number","event_data"],"record":"{\"selling_id\":\"a68610f81de944d2986681ca8fb286e4\",\"fulfillment_node_id\":\"fb72b6f9c1e54625a551711f6ee72714\",\"event_type\":\"updateVbIdSellingIdInventorySkipped/1\",\"update_at\":1564378274,\"stream_sequence_number\":40,\"event_data\":\"{\\\"id\\\":\\\"5d3ed41067a841639265068b83ca36e6\\\",\\\"vbId\\\":\\\"a68610f81de944d2986681ca8fb286e4\\\",\\\"sellingId\\\":\\\"a68610f81de944d2986681ca8fb286e4\\\",\\\"merchantId\\\":\\\"e43cf7756d0b4ba8a4e9046774656ce8\\\",\\\"skuId\\\":\\\"a68610f81de944d2986681ca8fb286e4\\\",\\\"f\\\":146,\\\"fnId\\\":\\\"fb72b6f9c1e54625a551711f6ee72714\\\",\\\"fnType\\\":\\\"wolverine\\\",\\\"by\\\":\\\"Vibranium\\\",\\\"at\\\":\\\"2019-07-29T05:31:14+00:00\\\",\\\"invUssn\\\":48,\\\"isInf\\\":false}\"}"}
{"id":"DFA5704259784D61BF4D5DD5AAE64EC0","table":"killmonger_events_table","keyspace":"msku","timestamp":"2019-07-29T05:40:44.724Z","clusteringKeys":["77628","vbIdSellingIdInventoryUpdated/1","1564378907"],"changedColumns":["selling_id","fulfillment_node_id","event_type","update_at","stream_sequence_number","event_data"],"record":"{\"selling_id\":\"DFA5704259784D61BF4D5DD5AAE64EC0\",\"fulfillment_node_id\":\"77628\",\"event_type\":\"vbIdSellingIdInventoryUpdated/1\",\"update_at\":1564378907,\"stream_sequence_number\":126,\"event_data\":\"{\\\"id\\\":\\\"f947a10941e14d62ba5f0b0798000c08\\\",\\\"vbId\\\":\\\"PantherMigrationVbId\\\",\\\"sellingId\\\":\\\"DFA5704259784D61BF4D5DD5AAE64EC0\\\",\\\"merchantId\\\":\\\"9fc08905039048918982091f266c2a29\\\",\\\"skuId\\\":\\\"PantherMigrationSkuId\\\",\\\"f\\\":0,\\\"fnId\\\":\\\"77628\\\",\\\"by\\\":\\\"Killmonger.Migration.MapInWalmartInvUpdates\\\",\\\"at\\\":\\\"2019-07-29T05:41:47.239+00:00\\\",\\\"invUssn\\\":0,\\\"isInf\\\":false,\\\"ifa\\\":true,\\\"martAvail\\\":[{\\\"martId\\\":\\\"21\\\",\\\"ia\\\":true},{\\\"martId\\\":\\\"0\\\",\\\"ia\\\":true}],\\\"clt\\\":\\\"WoJ\\\"}\"}"}
{"id":"DFA5704259784D61BF4D5DD5AAE64EC0","table":"killmonger_events_table","keyspace":"msku","timestamp":"2019-07-29T05:40:44.724Z","clusteringKeys":["77628","vbIdSellingIdInventoryUpdated/1","1564378907"],"changedColumns":["selling_id","fulfillment_node_id","event_type","update_at","stream_sequence_number","event_data"],"record":"{\"selling_id\":\"DFA5704259784D61BF4D5DD5AAE64EC0\",\"fulfillment_node_id\":\"77628\",\"event_type\":\"vbIdSellingIdInventoryUpdated/1\",\"update_at\":1564378907,\"stream_sequence_number\":127,\"event_data\":\"{\\\"id\\\":\\\"f947a10941e14d62ba5f0b0798000c08\\\",\\\"vbId\\\":\\\"PantherMigrationVbId\\\",\\\"sellingId\\\":\\\"DFA5704259784D61BF4D5DD5AAE64EC0\\\",\\\"merchantId\\\":\\\"9fc08905039048918982091f266c2a29\\\",\\\"skuId\\\":\\\"PantherMigrationSkuId\\\",\\\"f\\\":0,\\\"fnId\\\":\\\"77628\\\",\\\"by\\\":\\\"Killmonger.Migration.MapInWalmartInvUpdates\\\",\\\"at\\\":\\\"2019-07-29T05:41:47.239+00:00\\\",\\\"invUssn\\\":0,\\\"isInf\\\":false,\\\"ifa\\\":true,\\\"martAvail\\\":[{\\\"martId\\\":\\\"21\\\",\\\"ia\\\":true},{\\\"martId\\\":\\\"0\\\",\\\"ia\\\":true}],\\\"clt\\\":\\\"WoJ\\\"}\"}"}
{"id":"fb320061318a42e5948e3ab7f77fbcdf","table":"killmonger_events_table","keyspace":"msku","timestamp":"2019-07-29T05:44:37.077Z","clusteringKeys":["d8c82725c2f44901bbee8db463c10582","vbIdSellingIdInventoryUpdated/1","1564378285"],"changedColumns":["selling_id","fulfillment_node_id","event_type","update_at","stream_sequence_number","event_data"],"record":"{\"selling_id\":\"fb320061318a42e5948e3ab7f77fbcdf\",\"fulfillment_node_id\":\"d8c82725c2f44901bbee8db463c10582\",\"event_type\":\"vbIdSellingIdInventoryUpdated/1\",\"update_at\":1564378285,\"stream_sequence_number\":134,\"event_data\":\"{\\\"id\\\":\\\"ab0547c70c6b494e99c7361101f158aa\\\",\\\"vbId\\\":\\\"fb320061318a42e5948e3ab7f77fbcdf\\\",\\\"sellingId\\\":\\\"fb320061318a42e5948e3ab7f77fbcdf\\\",\\\"merchantId\\\":\\\"01133ed0b8d64d11b1766d2295fa867b\\\",\\\"skuId\\\":\\\"fb320061318a42e5948e3ab7f77fbcdf\\\",\\\"f\\\":497,\\\"fnId\\\":\\\"d8c82725c2f44901bbee8db463c10582\\\",\\\"fnType\\\":\\\"wolverine\\\",\\\"by\\\":\\\"Vibranium\\\",\\\"at\\\":\\\"2019-07-29T05:31:25+00:00\\\",\\\"invUssn\\\":110,\\\"isInf\\\":false,\\\"ifa\\\":true,\\\"martAvail\\\":[{\\\"martId\\\":\\\"21\\\",\\\"ia\\\":true}],\\\"clt\\\":\\\"JoJ\\\"}\"}"}
{"id":"d3ebb66b2ddb4c1dadef277bf428af88","table":"killmonger_events_table","keyspace":"msku","timestamp":"2019-07-29T05:45:02.496Z","clusteringKeys":["cca07691e5cc471e86053cf60539b6a0","vbIdSellingIdInventoryUpdated/1","1564377915"],"changedColumns":["selling_id","fulfillment_node_id","event_type","update_at","stream_sequence_number","event_data"],"record":"{\"selling_id\":\"d3ebb66b2ddb4c1dadef277bf428af88\",\"fulfillment_node_id\":\"cca07691e5cc471e86053cf60539b6a0\",\"event_type\":\"vbIdSellingIdInventoryUpdated/1\",\"update_at\":1564377915,\"stream_sequence_number\":617,\"event_data\":\"{\\\"id\\\":\\\"9824ec2b22944de381e50f54f1202373\\\",\\\"vbId\\\":\\\"d3ebb66b2ddb4c1dadef277bf428af88\\\",\\\"sellingId\\\":\\\"d3ebb66b2ddb4c1dadef277bf428af88\\\",\\\"merchantId\\\":\\\"f4007b05c019431590f62537fb49a6d0\\\",\\\"skuId\\\":\\\"d3ebb66b2ddb4c1dadef277bf428af88\\\",\\\"f\\\":99,\\\"fnId\\\":\\\"cca07691e5cc471e86053cf60539b6a0\\\",\\\"fnType\\\":\\\"wolverine\\\",\\\"by\\\":\\\"Vibranium\\\",\\\"at\\\":\\\"2019-07-29T05:25:15+00:00\\\",\\\"invUssn\\\":689,\\\"isInf\\\":false,\\\"ifa\\\":true,\\\"martAvail\\\":[{\\\"martId\\\":\\\"21\\\",\\\"ia\\\":true}],\\\"clt\\\":\\\"JoJ\\\"}\"}"}
{"id":"d3ebb66b2ddb4c1dadef277bf428af88","table":"killmonger_events_table","keyspace":"msku","timestamp":"2019-07-29T05:45:02.496Z","clusteringKeys":["cca07691e5cc471e86053cf60539b6a0","updateVbIdSellingIdInventorySkipped/1","1564377915"],"changedColumns":["selling_id","fulfillment_node_id","event_type","update_at","stream_sequence_number","event_data"],"record":"{\"selling_id\":\"d3ebb66b2ddb4c1dadef277bf428af88\",\"fulfillment_node_id\":\"cca07691e5cc471e86053cf60539b6a0\",\"event_type\":\"updateVbIdSellingIdInventorySkipped/1\",\"update_at\":1564377915,\"stream_sequence_number\":618,\"event_data\":\"{\\\"id\\\":\\\"7e0dd1bcd80346388cedbf466930aa2a\\\",\\\"vbId\\\":\\\"d3ebb66b2ddb4c1dadef277bf428af88\\\",\\\"sellingId\\\":\\\"d3ebb66b2ddb4c1dadef277bf428af88\\\",\\\"merchantId\\\":\\\"f4007b05c019431590f62537fb49a6d0\\\",\\\"skuId\\\":\\\"d3ebb66b2ddb4c1dadef277bf428af88\\\",\\\"f\\\":99,\\\"fnId\\\":\\\"cca07691e5cc471e86053cf60539b6a0\\\",\\\"fnType\\\":\\\"wolverine\\\",\\\"by\\\":\\\"Vibranium\\\",\\\"at\\\":\\\"2019-07-29T05:25:15+00:00\\\",\\\"invUssn\\\":689,\\\"isInf\\\":false}\"}"}
{"id":"385878f2f6ff40b887ce53353ba99308","table":"killmonger_events_table","keyspace":"msku","timestamp":"2019-07-29T05:44:37.087Z","clusteringKeys":["fb72b6f9c1e54625a551711f6ee72714","vbIdSellingIdInventoryUpdated/1","1564375526"],"changedColumns":["selling_id","fulfillment_node_id","event_type","update_at","stream_sequence_number","event_data"],"record":"{\"selling_id\":\"385878f2f6ff40b887ce53353ba99308\",\"fulfillment_node_id\":\"fb72b6f9c1e54625a551711f6ee72714\",\"event_type\":\"vbIdSellingIdInventoryUpdated/1\",\"update_at\":1564375526,\"stream_sequence_number\":49,\"event_data\":\"{\\\"id\\\":\\\"45fd01b9a37a467cad0e16e745b1e062\\\",\\\"vbId\\\":\\\"385878f2f6ff40b887ce53353ba99308\\\",\\\"sellingId\\\":\\\"385878f2f6ff40b887ce53353ba99308\\\",\\\"merchantId\\\":\\\"e43cf7756d0b4ba8a4e9046774656ce8\\\",\\\"skuId\\\":\\\"385878f2f6ff40b887ce53353ba99308\\\",\\\"f\\\":52,\\\"fnId\\\":\\\"fb72b6f9c1e54625a551711f6ee72714\\\",\\\"fnType\\\":\\\"wolverine\\\",\\\"by\\\":\\\"Vibranium\\\",\\\"at\\\":\\\"2019-07-29T04:45:26+00:00\\\",\\\"invUssn\\\":51,\\\"isInf\\\":false,\\\"ifa\\\":true,\\\"martAvail\\\":[{\\\"martId\\\":\\\"21\\\",\\\"ia\\\":true}],\\\"clt\\\":\\\"JoJ\\\"}\"}"}
{"id":"97BCC89A26234408982105C47A95ECCD","table":"killmonger_events_table","keyspace":"msku","timestamp":"2019-07-29T05:45:02.512Z","clusteringKeys":["2698","vbIdSellingIdInventoryUpdated/1","1564378907"],"changedColumns":["selling_id","fulfillment_node_id","event_type","update_at","stream_sequence_number","event_data"],"record":"{\"selling_id\":\"97BCC89A26234408982105C47A95ECCD\",\"fulfillment_node_id\":\"2698\",\"event_type\":\"vbIdSellingIdInventoryUpdated/1\",\"update_at\":1564378907,\"stream_sequence_number\":98,\"event_data\":\"{\\\"id\\\":\\\"37d37f5a14c24fefad346bd0abbe14b4\\\",\\\"vbId\\\":\\\"PantherMigrationVbId\\\",\\\"sellingId\\\":\\\"97BCC89A26234408982105C47A95ECCD\\\",\\\"merchantId\\\":\\\"9fc08905039048918982091f266c2a29\\\",\\\"skuId\\\":\\\"PantherMigrationSkuId\\\",\\\"f\\\":0,\\\"fnId\\\":\\\"2698\\\",\\\"by\\\":\\\"Killmonger.Migration.MapInWalmartInvUpdates\\\",\\\"at\\\":\\\"2019-07-29T05:41:47.606+00:00\\\",\\\"invUssn\\\":0,\\\"isInf\\\":false,\\\"ifa\\\":true,\\\"martAvail\\\":[{\\\"martId\\\":\\\"21\\\",\\\"ia\\\":true},{\\\"martId\\\":\\\"0\\\",\\\"ia\\\":true}],\\\"clt\\\":\\\"WoJ\\\"}\"}"}
{"id":"97BCC89A26234408982105C47A95ECCD","table":"killmonger_events_table","keyspace":"msku","timestamp":"2019-07-29T05:45:02.513Z","clusteringKeys":["2698","vbIdSellingIdInventoryUpdated/1","1564378907"],"changedColumns":["selling_id","fulfillment_node_id","event_type","update_at","stream_sequence_number","event_data"],"record":"{\"selling_id\":\"97BCC89A26234408982105C47A95ECCD\",\"fulfillment_node_id\":\"2698\",\"event_type\":\"vbIdSellingIdInventoryUpdated/1\",\"update_at\":1564378907,\"stream_sequence_number\":99,\"event_data\":\"{\\\"id\\\":\\\"37d37f5a14c24fefad346bd0abbe14b4\\\",\\\"vbId\\\":\\\"PantherMigrationVbId\\\",\\\"sellingId\\\":\\\"97BCC89A26234408982105C47A95ECCD\\\",\\\"merchantId\\\":\\\"9fc08905039048918982091f266c2a29\\\",\\\"skuId\\\":\\\"PantherMigrationSkuId\\\",\\\"f\\\":0,\\\"fnId\\\":\\\"2698\\\",\\\"by\\\":\\\"Killmonger.Migration.MapInWalmartInvUpdates\\\",\\\"at\\\":\\\"2019-07-29T05:41:47.606+00:00\\\",\\\"invUssn\\\":0,\\\"isInf\\\":false,\\\"ifa\\\":true,\\\"martAvail\\\":[{\\\"martId\\\":\\\"21\\\",\\\"ia\\\":true},{\\\"martId\\\":\\\"0\\\",\\\"ia\\\":true}],\\\"clt\\\":\\\"WoJ\\\"}\"}"}
{"id":"042f362d4b7e46eaa84093dd28f8fca7","table":"killmonger_events_table","keyspace":"msku","timestamp":"2019-07-29T05:44:36.958Z","clusteringKeys":["fb72b6f9c1e54625a551711f6ee72714","vbIdSellingIdInventoryUpdated/1","1564378274"],"changedColumns":["selling_id","fulfillment_node_id","event_type","update_at","stream_sequence_number","event_data"],"record":"{\"selling_id\":\"042f362d4b7e46eaa84093dd28f8fca7\",\"fulfillment_node_id\":\"fb72b6f9c1e54625a551711f6ee72714\",\"event_type\":\"vbIdSellingIdInventoryUpdated/1\",\"update_at\":1564378274,\"stream_sequence_number\":46,\"event_data\":\"{\\\"id\\\":\\\"1cad7a4d1b6e42f4959bf77a03b5fc3a\\\",\\\"vbId\\\":\\\"042f362d4b7e46eaa84093dd28f8fca7\\\",\\\"sellingId\\\":\\\"042f362d4b7e46eaa84093dd28f8fca7\\\",\\\"merchantId\\\":\\\"e43cf7756d0b4ba8a4e9046774656ce8\\\",\\\"skuId\\\":\\\"042f362d4b7e46eaa84093dd28f8fca7\\\",\\\"f\\\":96,\\\"fnId\\\":\\\"fb72b6f9c1e54625a551711f6ee72714\\\",\\\"fnType\\\":\\\"wolverine\\\",\\\"by\\\":\\\"Vibranium\\\",\\\"at\\\":\\\"2019-07-29T05:31:14+00:00\\\",\\\"invUssn\\\":51,\\\"isInf\\\":false,\\\"ifa\\\":true,\\\"martAvail\\\":[{\\\"martId\\\":\\\"21\\\",\\\"ia\\\":true}],\\\"clt\\\":\\\"JoJ\\\"}\"}"}
{"id":"1ed05ef5d9bd42fe8b66aaad5139818d","table":"killmonger_events_table","keyspace":"msku","timestamp":"2019-07-29T05:40:44.626Z","clusteringKeys":["a25256dd00fd4e9d98532fe987049a06","vbIdSellingIdInventoryUpdated/1","1564375471"],"changedColumns":["selling_id","fulfillment_node_id","event_type","update_at","stream_sequence_number","event_data"],"record":"{\"selling_id\":\"1ed05ef5d9bd42fe8b66aaad5139818d\",\"fulfillment_node_id\":\"a25256dd00fd4e9d98532fe987049a06\",\"event_type\":\"vbIdSellingIdInventoryUpdated/1\",\"update_at\":1564375471,\"stream_sequence_number\":205,\"event_data\":\"{\\\"id\\\":\\\"97546fda83f44aaeb0ac77e8572dab72\\\",\\\"vbId\\\":\\\"1ed05ef5d9bd42fe8b66aaad5139818d\\\",\\\"sellingId\\\":\\\"1ed05ef5d9bd42fe8b66aaad5139818d\\\",\\\"merchantId\\\":\\\"ce4df556e87948cdb6c5f4359831d81e\\\",\\\"skuId\\\":\\\"1ed05ef5d9bd42fe8b66aaad5139818d\\\",\\\"f\\\":98,\\\"fnId\\\":\\\"a25256dd00fd4e9d98532fe987049a06\\\",\\\"fnType\\\":\\\"wolverine\\\",\\\"by\\\":\\\"Vibranium\\\",\\\"at\\\":\\\"2019-07-29T04:44:31+00:00\\\",\\\"invUssn\\\":225,\\\"isInf\\\":false,\\\"ifa\\\":true,\\\"martAvail\\\":[{\\\"martId\\\":\\\"21\\\",\\\"ia\\\":true}],\\\"clt\\\":\\\"JoJ\\\"}\"}"}
{"id":"ab16bbf3427941fba85a4bc2427ea009","table":"killmonger_events_table","keyspace":"msku","timestamp":"2019-07-29T05:40:44.629Z","clusteringKeys":["fb72b6f9c1e54625a551711f6ee72714","vbIdSellingIdInventoryUpdated/1","1564378479"],"changedColumns":["selling_id","fulfillment_node_id","event_type","update_at","stream_sequence_number","event_data"],"record":"{\"selling_id\":\"ab16bbf3427941fba85a4bc2427ea009\",\"fulfillment_node_id\":\"fb72b6f9c1e54625a551711f6ee72714\",\"event_type\":\"vbIdSellingIdInventoryUpdated/1\",\"update_at\":1564378479,\"stream_sequence_number\":43,\"event_data\":\"{\\\"id\\\":\\\"988b23caa2cc48a684ed215a3610cc38\\\",\\\"vbId\\\":\\\"ab16bbf3427941fba85a4bc2427ea009\\\",\\\"sellingId\\\":\\\"ab16bbf3427941fba85a4bc2427ea009\\\",\\\"merchantId\\\":\\\"e43cf7756d0b4ba8a4e9046774656ce8\\\",\\\"skuId\\\":\\\"ab16bbf3427941fba85a4bc2427ea009\\\",\\\"f\\\":71,\\\"fnId\\\":\\\"fb72b6f9c1e54625a551711f6ee72714\\\",\\\"fnType\\\":\\\"wolverine\\\",\\\"by\\\":\\\"Vibranium\\\",\\\"at\\\":\\\"2019-07-29T05:34:39+00:00\\\",\\\"invUssn\\\":52,\\\"isInf\\\":false,\\\"ifa\\\":true,\\\"martAvail\\\":[{\\\"martId\\\":\\\"21\\\",\\\"ia\\\":true}],\\\"clt\\\":\\\"JoJ\\\"}\"}"}
{"id":"cae30b015815402cbc2505e046c38cba","table":"killmonger_events_table","keyspace":"msku","timestamp":"2019-07-29T05:45:03.440Z","clusteringKeys":["3cbcc7e28aac4f6fb0a8cde4e85483c0","vbIdSellingIdInventoryUpdated/1","1564375419"],"changedColumns":["selling_id","fulfillment_node_id","event_type","update_at","stream_sequence_number","event_data"],"record":"{\"selling_id\":\"cae30b015815402cbc2505e046c38cba\",\"fulfillment_node_id\":\"3cbcc7e28aac4f6fb0a8cde4e85483c0\",\"event_type\":\"vbIdSellingIdInventoryUpdated/1\",\"update_at\":1564375419,\"stream_sequence_number\":53,\"event_data\":\"{\\\"id\\\":\\\"b87c0a0b2e304f85a4a37c6ed58f6a9f\\\",\\\"vbId\\\":\\\"cae30b015815402cbc2505e046c38cba\\\",\\\"sellingId\\\":\\\"cae30b015815402cbc2505e046c38cba\\\",\\\"merchantId\\\":\\\"7eaf70709bf149f890dc3a845871dab4\\\",\\\"skuId\\\":\\\"cae30b015815402cbc2505e046c38cba\\\",\\\"f\\\":559,\\\"fnId\\\":\\\"3cbcc7e28aac4f6fb0a8cde4e85483c0\\\",\\\"fnType\\\":\\\"wolverine\\\",\\\"by\\\":\\\"Vibranium\\\",\\\"at\\\":\\\"2019-07-29T04:43:39+00:00\\\",\\\"invUssn\\\":47,\\\"isInf\\\":false,\\\"ifa\\\":true,\\\"martAvail\\\":[{\\\"martId\\\":\\\"21\\\",\\\"ia\\\":true}],\\\"clt\\\":\\\"JoJ\\\"}\"}"}
{"id":"db33235f16e0474595814d78c8813bfb","table":"killmonger_events_table","keyspace":"msku","timestamp":"2019-07-29T05:40:44.627Z","clusteringKeys":["fb72b6f9c1e54625a551711f6ee72714","updateVbIdSellingIdInventorySkipped/1","1564375160"],"changedColumns":["selling_id","fulfillment_node_id","event_type","update_at","stream_sequence_number","event_data"],"record":"{\"selling_id\":\"db33235f16e0474595814d78c8813bfb\",\"fulfillment_node_id\":\"fb72b6f9c1e54625a551711f6ee72714\",\"event_type\":\"updateVbIdSellingIdInventorySkipped/1\",\"update_at\":1564375160,\"stream_sequence_number\":43,\"event_data\":\"{\\\"id\\\":\\\"ecf0be35401245b9a39391d65f9549f3\\\",\\\"vbId\\\":\\\"db33235f16e0474595814d78c8813bfb\\\",\\\"sellingId\\\":\\\"db33235f16e0474595814d78c8813bfb\\\",\\\"merchantId\\\":\\\"e43cf7756d0b4ba8a4e9046774656ce8\\\",\\\"skuId\\\":\\\"db33235f16e0474595814d78c8813bfb\\\",\\\"f\\\":62,\\\"fnId\\\":\\\"fb72b6f9c1e54625a551711f6ee72714\\\",\\\"fnType\\\":\\\"wolverine\\\",\\\"by\\\":\\\"Vibranium\\\",\\\"at\\\":\\\"2019-07-29T04:39:20+00:00\\\",\\\"invUssn\\\":48,\\\"isInf\\\":false}\"}"}
{"id":"db33235f16e0474595814d78c8813bfb","table":"killmonger_events_table","keyspace":"msku","timestamp":"2019-07-29T05:40:44.628Z","clusteringKeys":["fb72b6f9c1e54625a551711f6ee72714","updateVbIdSellingIdInventorySkipped/1","1564375160"],"changedColumns":["selling_id","fulfillment_node_id","event_type","update_at","stream_sequence_number","event_data"],"record":"{\"selling_id\":\"db33235f16e0474595814d78c8813bfb\",\"fulfillment_node_id\":\"fb72b6f9c1e54625a551711f6ee72714\",\"event_type\":\"updateVbIdSellingIdInventorySkipped/1\",\"update_at\":1564375160,\"stream_sequence_number\":44,\"event_data\":\"{\\\"id\\\":\\\"1889c13bbb3c4af79a458917dcf083e1\\\",\\\"vbId\\\":\\\"db33235f16e0474595814d78c8813bfb\\\",\\\"sellingId\\\":\\\"db33235f16e0474595814d78c8813bfb\\\",\\\"merchantId\\\":\\\"e43cf7756d0b4ba8a4e9046774656ce8\\\",\\\"skuId\\\":\\\"db33235f16e0474595814d78c8813bfb\\\",\\\"f\\\":62,\\\"fnId\\\":\\\"fb72b6f9c1e54625a551711f6ee72714\\\",\\\"fnType\\\":\\\"wolverine\\\",\\\"by\\\":\\\"Vibranium\\\",\\\"at\\\":\\\"2019-07-29T04:39:20+00:00\\\",\\\"invUssn\\\":48,\\\"isInf\\\":false}\"}"}
{"id":"db33235f16e0474595814d78c8813bfb","table":"killmonger_events_table","keyspace":"msku","timestamp":"2019-07-29T05:40:44.628Z","clusteringKeys":["fb72b6f9c1e54625a551711f6ee72714","updateVbIdSellingIdInventorySkipped/1","1564375160"],"changedColumns":["selling_id","fulfillment_node_id","event_type","update_at","stream_sequence_number","event_data"],"record":"{\"selling_id\":\"db33235f16e0474595814d78c8813bfb\",\"fulfillment_node_id\":\"fb72b6f9c1e54625a551711f6ee72714\",\"event_type\":\"updateVbIdSellingIdInventorySkipped/1\",\"update_at\":1564375160,\"stream_sequence_number\":45,\"event_data\":\"{\\\"id\\\":\\\"4905726367b046689549718dba51ea18\\\",\\\"vbId\\\":\\\"db33235f16e0474595814d78c8813bfb\\\",\\\"sellingId\\\":\\\"db33235f16e0474595814d78c8813bfb\\\",\\\"merchantId\\\":\\\"e43cf7756d0b4ba8a4e9046774656ce8\\\",\\\"skuId\\\":\\\"db33235f16e0474595814d78c8813bfb\\\",\\\"f\\\":62,\\\"fnId\\\":\\\"fb72b6f9c1e54625a551711f6ee72714\\\",\\\"fnType\\\":\\\"wolverine\\\",\\\"by\\\":\\\"Vibranium\\\",\\\"at\\\":\\\"2019-07-29T04:39:20+00:00\\\",\\\"invUssn\\\":48,\\\"isInf\\\":false}\"}"}
{"id":"949ffae3553741b18578f3c581bd0a2d","table":"killmonger_events_table","keyspace":"msku","timestamp":"2019-07-29T05:45:02.389Z","clusteringKeys":["fb72b6f9c1e54625a551711f6ee72714","updateVbIdSellingIdInventorySkipped/1","1564375727"],"changedColumns":["selling_id","fulfillment_node_id","event_type","update_at","stream_sequence_number","event_data"],"record":"{\"selling_id\":\"949ffae3553741b18578f3c581bd0a2d\",\"fulfillment_node_id\":\"fb72b6f9c1e54625a551711f6ee72714\",\"event_type\":\"updateVbIdSellingIdInventorySkipped/1\",\"update_at\":1564375727,\"stream_sequence_number\":38,\"event_data\":\"{\\\"id\\\":\\\"178e82dde5714ea1b9eb9d95ed0e713b\\\",\\\"vbId\\\":\\\"949ffae3553741b18578f3c581bd0a2d\\\",\\\"sellingId\\\":\\\"949ffae3553741b18578f3c581bd0a2d\\\",\\\"merchantId\\\":\\\"e43cf7756d0b4ba8a4e9046774656ce8\\\",\\\"skuId\\\":\\\"949ffae3553741b18578f3c581bd0a2d\\\",\\\"f\\\":117,\\\"fnId\\\":\\\"fb72b6f9c1e54625a551711f6ee72714\\\",\\\"fnType\\\":\\\"wolverine\\\",\\\"by\\\":\\\"Vibranium\\\",\\\"at\\\":\\\"2019-07-29T04:48:47+00:00\\\",\\\"invUssn\\\":47,\\\"isInf\\\":false}\"}"}
{"id":"33FB9E3204734AE492E521D812B20C39","table":"killmonger_events_table","keyspace":"msku","timestamp":"2019-07-29T05:45:02.389Z","clusteringKeys":["8556","vbIdSellingIdInventoryUpdated/1","1564378910"],"changedColumns":["selling_id","fulfillment_node_id","event_type","update_at","stream_sequence_number","event_data"],"record":"{\"selling_id\":\"33FB9E3204734AE492E521D812B20C39\",\"fulfillment_node_id\":\"8556\",\"event_type\":\"vbIdSellingIdInventoryUpdated/1\",\"update_at\":1564378910,\"stream_sequence_number\":146,\"event_data\":\"{\\\"id\\\":\\\"455724a9d13a47c5af9dc2514f9aeec7\\\",\\\"vbId\\\":\\\"PantherMigrationVbId\\\",\\\"sellingId\\\":\\\"33FB9E3204734AE492E521D812B20C39\\\",\\\"merchantId\\\":\\\"9fc08905039048918982091f266c2a29\\\",\\\"skuId\\\":\\\"PantherMigrationSkuId\\\",\\\"f\\\":0,\\\"fnId\\\":\\\"8556\\\",\\\"by\\\":\\\"Killmonger.Migration.MapInWalmartInvUpdates\\\",\\\"at\\\":\\\"2019-07-29T05:41:50.255+00:00\\\",\\\"invUssn\\\":0,\\\"isInf\\\":false,\\\"ifa\\\":true,\\\"martAvail\\\":[{\\\"martId\\\":\\\"21\\\",\\\"ia\\\":true},{\\\"martId\\\":\\\"0\\\",\\\"ia\\\":true}],\\\"clt\\\":\\\"WoJ\\\"}\"}"}
{"id":"ECB1D75EFACB422E93E63D9EEA15C4B8","table":"killmonger_events_table","keyspace":"msku","timestamp":"2019-07-29T05:45:03.449Z","clusteringKeys":["8556","vbIdSellingIdInventoryUpdated/1","1564378913"],"changedColumns":["selling_id","fulfillment_node_id","event_type","update_at","stream_sequence_number","event_data"],"record":"{\"selling_id\":\"ECB1D75EFACB422E93E63D9EEA15C4B8\",\"fulfillment_node_id\":\"8556\",\"event_type\":\"vbIdSellingIdInventoryUpdated/1\",\"update_at\":1564378913,\"stream_sequence_number\":119,\"event_data\":\"{\\\"id\\\":\\\"c5b9ad5202d140d0a6d5d9fb851d9098\\\",\\\"vbId\\\":\\\"PantherMigrationVbId\\\",\\\"sellingId\\\":\\\"ECB1D75EFACB422E93E63D9EEA15C4B8\\\",\\\"merchantId\\\":\\\"9fc08905039048918982091f266c2a29\\\",\\\"skuId\\\":\\\"PantherMigrationSkuId\\\",\\\"f\\\":0,\\\"fnId\\\":\\\"8556\\\",\\\"by\\\":\\\"Killmonger.Migration.MapInWalmartInvUpdates\\\",\\\"at\\\":\\\"2019-07-29T05:41:53.034+00:00\\\",\\\"invUssn\\\":0,\\\"isInf\\\":false,\\\"ifa\\\":true,\\\"martAvail\\\":[{\\\"martId\\\":\\\"21\\\",\\\"ia\\\":true},{\\\"martId\\\":\\\"0\\\",\\\"ia\\\":true}],\\\"clt\\\":\\\"WoJ\\\"}\"}"}
{"id":"1206F4F5DA654C67A9A06D1118266845","table":"killmonger_events_table","keyspace":"msku","timestamp":"2019-07-29T05:45:03.451Z","clusteringKeys":["2957909","vbIdSellingIdInventoryUpdated/1","1564378910"],"changedColumns":["selling_id","fulfillment_node_id","event_type","update_at","stream_sequence_number","event_data"],"record":"{\"selling_id\":\"1206F4F5DA654C67A9A06D1118266845\",\"fulfillment_node_id\":\"2957909\",\"event_type\":\"vbIdSellingIdInventoryUpdated/1\",\"update_at\":1564378910,\"stream_sequence_number\":174,\"event_data\":\"{\\\"id\\\":\\\"b0a4658aa35442d38e93db5b549bdd0e\\\",\\\"vbId\\\":\\\"PantherMigrationVbId\\\",\\\"sellingId\\\":\\\"1206F4F5DA654C67A9A06D1118266845\\\",\\\"merchantId\\\":\\\"9fc08905039048918982091f266c2a29\\\",\\\"skuId\\\":\\\"PantherMigrationSkuId\\\",\\\"f\\\":0,\\\"fnId\\\":\\\"2957909\\\",\\\"by\\\":\\\"Killmonger.Migration.MapInWalmartInvUpdates\\\",\\\"at\\\":\\\"2019-07-29T05:41:50.751+00:00\\\",\\\"invUssn\\\":0,\\\"isInf\\\":false,\\\"ifa\\\":true,\\\"martAvail\\\":[{\\\"martId\\\":\\\"21\\\",\\\"ia\\\":true},{\\\"martId\\\":\\\"0\\\",\\\"ia\\\":true}],\\\"clt\\\":\\\"WoJ\\\"}\"}"}
{"id":"1206F4F5DA654C67A9A06D1118266845","table":"killmonger_events_table","keyspace":"msku","timestamp":"2019-07-29T05:45:03.451Z","clusteringKeys":["2957909","vbIdSellingIdInventoryUpdated/1","1564378910"],"changedColumns":["selling_id","fulfillment_node_id","event_type","update_at","stream_sequence_number","event_data"],"record":"{\"selling_id\":\"1206F4F5DA654C67A9A06D1118266845\",\"fulfillment_node_id\":\"2957909\",\"event_type\":\"vbIdSellingIdInventoryUpdated/1\",\"update_at\":1564378910,\"stream_sequence_number\":175,\"event_data\":\"{\\\"id\\\":\\\"b0a4658aa35442d38e93db5b549bdd0e\\\",\\\"vbId\\\":\\\"PantherMigrationVbId\\\",\\\"sellingId\\\":\\\"1206F4F5DA654C67A9A06D1118266845\\\",\\\"merchantId\\\":\\\"9fc08905039048918982091f266c2a29\\\",\\\"skuId\\\":\\\"PantherMigrationSkuId\\\",\\\"f\\\":0,\\\"fnId\\\":\\\"2957909\\\",\\\"by\\\":\\\"Killmonger.Migration.MapInWalmartInvUpdates\\\",\\\"at\\\":\\\"2019-07-29T05:41:50.751+00:00\\\",\\\"invUssn\\\":0,\\\"isInf\\\":false,\\\"ifa\\\":true,\\\"martAvail\\\":[{\\\"martId\\\":\\\"21\\\",\\\"ia\\\":true},{\\\"martId\\\":\\\"0\\\",\\\"ia\\\":true}],\\\"clt\\\":\\\"WoJ\\\"}\"}"}
{"id":"1206F4F5DA654C67A9A06D1118266845","table":"killmonger_events_table","keyspace":"msku","timestamp":"2019-07-29T05:45:03.452Z","clusteringKeys":["2957909","vbIdSellingIdInventoryUpdated/1","1564378910"],"changedColumns":["selling_id","fulfillment_node_id","event_type","update_at","stream_sequence_number","event_data"],"record":"{\"selling_id\":\"1206F4F5DA654C67A9A06D1118266845\",\"fulfillment_node_id\":\"2957909\",\"event_type\":\"vbIdSellingIdInventoryUpdated/1\",\"update_at\":1564378910,\"stream_sequence_number\":176,\"event_data\":\"{\\\"id\\\":\\\"b0a4658aa35442d38e93db5b549bdd0e\\\",\\\"vbId\\\":\\\"PantherMigrationVbId\\\",\\\"sellingId\\\":\\\"1206F4F5DA654C67A9A06D1118266845\\\",\\\"merchantId\\\":\\\"9fc08905039048918982091f266c2a29\\\",\\\"skuId\\\":\\\"PantherMigrationSkuId\\\",\\\"f\\\":0,\\\"fnId\\\":\\\"2957909\\\",\\\"by\\\":\\\"Killmonger.Migration.MapInWalmartInvUpdates\\\",\\\"at\\\":\\\"2019-07-29T05:41:50.751+00:00\\\",\\\"invUssn\\\":0,\\\"isInf\\\":false,\\\"ifa\\\":true,\\\"martAvail\\\":[{\\\"martId\\\":\\\"21\\\",\\\"ia\\\":true},{\\\"martId\\\":\\\"0\\\",\\\"ia\\\":true}],\\\"clt\\\":\\\"WoJ\\\"}\"}"}
{"id":"be3e840852af46a7bbd1a96d23baf302","table":"killmonger_events_table","keyspace":"msku","timestamp":"2019-07-29T05:45:02.397Z","clusteringKeys":["2b8139331b8d4f0cbe92086b7bb94928","vbIdSellingIdInventoryUpdated/1","1564378246"],"changedColumns":["selling_id","fulfillment_node_id","event_type","update_at","stream_sequence_number","event_data"],"record":"{\"selling_id\":\"be3e840852af46a7bbd1a96d23baf302\",\"fulfillment_node_id\":\"2b8139331b8d4f0cbe92086b7bb94928\",\"event_type\":\"vbIdSellingIdInventoryUpdated/1\",\"update_at\":1564378246,\"stream_sequence_number\":336,\"event_data\":\"{\\\"id\\\":\\\"a637af1d0ae046d6baee8f0863c622c7\\\",\\\"vbId\\\":\\\"be3e840852af46a7bbd1a96d23baf302\\\",\\\"sellingId\\\":\\\"be3e840852af46a7bbd1a96d23baf302\\\",\\\"merchantId\\\":\\\"cb6c7ae5e97c4fac955c07296ff32dc7\\\",\\\"skuId\\\":\\\"be3e840852af46a7bbd1a96d23baf302\\\",\\\"f\\\":100,\\\"fnId\\\":\\\"2b8139331b8d4f0cbe92086b7bb94928\\\",\\\"fnType\\\":\\\"wolverine\\\",\\\"by\\\":\\\"Vibranium\\\",\\\"at\\\":\\\"2019-07-29T05:30:46+00:00\\\",\\\"invUssn\\\":392,\\\"isInf\\\":false,\\\"ifa\\\":true,\\\"martAvail\\\":[{\\\"martId\\\":\\\"21\\\",\\\"ia\\\":true}],\\\"clt\\\":\\\"JoJ\\\"}\"}"}
{"id":"3E070E0E480244B4B23EEF4327E35F5B","table":"killmonger_events_table","keyspace":"msku","timestamp":"2019-07-29T05:45:02.397Z","clusteringKeys":["10000009321","updateVbIdSellingIdInventorySkipped/1","1564375717"],"changedColumns":["selling_id","fulfillment_node_id","event_type","update_at","stream_sequence_number","event_data"],"record":"{\"selling_id\":\"3E070E0E480244B4B23EEF4327E35F5B\",\"fulfillment_node_id\":\"10000009321\",\"event_type\":\"updateVbIdSellingIdInventorySkipped/1\",\"update_at\":1564375717,\"stream_sequence_number\":3497,\"event_data\":\"{\\\"id\\\":\\\"8e37ffa402f549059a7642481a082dc5\\\",\\\"vbId\\\":\\\"W-CVT-187961-BX-8943\\\",\\\"sellingId\\\":\\\"3E070E0E480244B4B23EEF4327E35F5B\\\",\\\"merchantId\\\":\\\"8943\\\",\\\"skuId\\\":\\\"W-CVT-187961-BX\\\",\\\"f\\\":3,\\\"fnId\\\":\\\"10000009321\\\",\\\"fnType\\\":\\\"MARKETPLACE\\\",\\\"by\\\":\\\"Vibranium\\\",\\\"at\\\":\\\"2019-07-29T04:48:37+00:00\\\",\\\"invUssn\\\":3080,\\\"catUssn\\\":0,\\\"isInf\\\":false}\"}"}
{"id":"8b718a17a770496fb6e0b5250af29a23","table":"killmonger_events_table","keyspace":"msku","timestamp":"2019-07-29T05:45:02.398Z","clusteringKeys":["fb72b6f9c1e54625a551711f6ee72714","vbIdSellingIdInventoryUpdated/1","1564378274"],"changedColumns":["selling_id","fulfillment_node_id","event_type","update_at","stream_sequence_number","event_data"],"record":"{\"selling_id\":\"8b718a17a770496fb6e0b5250af29a23\",\"fulfillment_node_id\":\"fb72b6f9c1e54625a551711f6ee72714\",\"event_type\":\"vbIdSellingIdInventoryUpdated/1\",\"update_at\":1564378274,\"stream_sequence_number\":42,\"event_data\":\"{\\\"id\\\":\\\"874129ff8d784303ad30d5addae2272f\\\",\\\"vbId\\\":\\\"8b718a17a770496fb6e0b5250af29a23\\\",\\\"sellingId\\\":\\\"8b718a17a770496fb6e0b5250af29a23\\\",\\\"merchantId\\\":\\\"e43cf7756d0b4ba8a4e9046774656ce8\\\",\\\"skuId\\\":\\\"8b718a17a770496fb6e0b5250af29a23\\\",\\\"f\\\":77,\\\"fnId\\\":\\\"fb72b6f9c1e54625a551711f6ee72714\\\",\\\"fnType\\\":\\\"wolverine\\\",\\\"by\\\":\\\"Vibranium\\\",\\\"at\\\":\\\"2019-07-29T05:31:14+00:00\\\",\\\"invUssn\\\":47,\\\"isInf\\\":false,\\\"ifa\\\":true,\\\"martAvail\\\":[{\\\"martId\\\":\\\"21\\\",\\\"ia\\\":true}],\\\"clt\\\":\\\"JoJ\\\"}\"}"}
{"id":"8b718a17a770496fb6e0b5250af29a23","table":"killmonger_events_table","keyspace":"msku","timestamp":"2019-07-29T05:45:02.398Z","clusteringKeys":["fb72b6f9c1e54625a551711f6ee72714","updateVbIdSellingIdInventorySkipped/1","1564378274"],"changedColumns":["selling_id","fulfillment_node_id","event_type","update_at","stream_sequence_number","event_data"],"record":"{\"selling_id\":\"8b718a17a770496fb6e0b5250af29a23\",\"fulfillment_node_id\":\"fb72b6f9c1e54625a551711f6ee72714\",\"event_type\":\"updateVbIdSellingIdInventorySkipped/1\",\"update_at\":1564378274,\"stream_sequence_number\":43,\"event_data\":\"{\\\"id\\\":\\\"874129ff8d784303ad30d5addae2272f\\\",\\\"vbId\\\":\\\"8b718a17a770496fb6e0b5250af29a23\\\",\\\"sellingId\\\":\\\"8b718a17a770496fb6e0b5250af29a23\\\",\\\"merchantId\\\":\\\"e43cf7756d0b4ba8a4e9046774656ce8\\\",\\\"skuId\\\":\\\"8b718a17a770496fb6e0b5250af29a23\\\",\\\"f\\\":77,\\\"fnId\\\":\\\"fb72b6f9c1e54625a551711f6ee72714\\\",\\\"fnType\\\":\\\"wolverine\\\",\\\"by\\\":\\\"Vibranium\\\",\\\"at\\\":\\\"2019-07-29T05:31:14+00:00\\\",\\\"invUssn\\\":47,\\\"isInf\\\":false}\"}"}
{"id":"2f7a221090af4c8fa43852ab128dfebf","table":"killmonger_events_table","keyspace":"msku","timestamp":"2019-07-29T05:40:44.643Z","clusteringKeys":["fb72b6f9c1e54625a551711f6ee72714","updateVbIdSellingIdInventorySkipped/1","1564378075"],"changedColumns":["selling_id","fulfillment_node_id","event_type","update_at","stream_sequence_number","event_data"],"record":"{\"selling_id\":\"2f7a221090af4c8fa43852ab128dfebf\",\"fulfillment_node_id\":\"fb72b6f9c1e54625a551711f6ee72714\",\"event_type\":\"updateVbIdSellingIdInventorySkipped/1\",\"update_at\":1564378075,\"stream_sequence_number\":43,\"event_data\":\"{\\\"id\\\":\\\"53e548d79a074dc888d7dbe8134d8ab1\\\",\\\"vbId\\\":\\\"2f7a221090af4c8fa43852ab128dfebf\\\",\\\"sellingId\\\":\\\"2f7a221090af4c8fa43852ab128dfebf\\\",\\\"merchantId\\\":\\\"e43cf7756d0b4ba8a4e9046774656ce8\\\",\\\"skuId\\\":\\\"2f7a221090af4c8fa43852ab128dfebf\\\",\\\"f\\\":79,\\\"fnId\\\":\\\"fb72b6f9c1e54625a551711f6ee72714\\\",\\\"fnType\\\":\\\"wolverine\\\",\\\"by\\\":\\\"Vibranium\\\",\\\"at\\\":\\\"2019-07-29T05:27:55+00:00\\\",\\\"invUssn\\\":49,\\\"isInf\\\":false}\"}"}
{"id":"DE07AED559A04AB89F15C46E4A6019D9","table":"killmonger_events_table","keyspace":"msku","timestamp":"2019-07-29T05:45:03.459Z","clusteringKeys":["4401","vbIdSellingIdInventoryUpdated/1","1564378913"],"changedColumns":["selling_id","fulfillment_node_id","event_type","update_at","stream_sequence_number","event_data"],"record":"{\"selling_id\":\"DE07AED559A04AB89F15C46E4A6019D9\",\"fulfillment_node_id\":\"4401\",\"event_type\":\"vbIdSellingIdInventoryUpdated/1\",\"update_at\":1564378913,\"stream_sequence_number\":239,\"event_data\":\"{\\\"id\\\":\\\"7ee071b1a6d2469699990ff8e90020fa\\\",\\\"vbId\\\":\\\"PantherMigrationVbId\\\",\\\"sellingId\\\":\\\"DE07AED559A04AB89F15C46E4A6019D9\\\",\\\"merchantId\\\":\\\"9fc08905039048918982091f266c2a29\\\",\\\"skuId\\\":\\\"PantherMigrationSkuId\\\",\\\"f\\\":111,\\\"fnId\\\":\\\"4401\\\",\\\"by\\\":\\\"Killmonger.Migration.MapInWalmartInvUpdates\\\",\\\"at\\\":\\\"2019-07-29T05:41:53.063+00:00\\\",\\\"invUssn\\\":0,\\\"isInf\\\":false,\\\"ifa\\\":true,\\\"martAvail\\\":[{\\\"martId\\\":\\\"21\\\",\\\"ia\\\":true},{\\\"martId\\\":\\\"0\\\",\\\"ia\\\":true}],\\\"clt\\\":\\\"WoJ\\\"}\"}"}
{"id":"34c75479bdfb4ce4aa6eaac37b35b466","table":"killmonger_events_table","keyspace":"msku","timestamp":"2019-07-29T05:45:02.402Z","clusteringKeys":["fb72b6f9c1e54625a551711f6ee72714","vbIdSellingIdInventoryUpdated/1","1564378479"],"changedColumns":["selling_id","fulfillment_node_id","event_type","update_at","stream_sequence_number","event_data"],"record":"{\"selling_id\":\"34c75479bdfb4ce4aa6eaac37b35b466\",\"fulfillment_node_id\":\"fb72b6f9c1e54625a551711f6ee72714\",\"event_type\":\"vbIdSellingIdInventoryUpdated/1\",\"update_at\":1564378479,\"stream_sequence_number\":43,\"event_data\":\"{\\\"id\\\":\\\"0a08faa3540b4a4abfe8145ca12dd783\\\",\\\"vbId\\\":\\\"34c75479bdfb4ce4aa6eaac37b35b466\\\",\\\"sellingId\\\":\\\"34c75479bdfb4ce4aa6eaac37b35b466\\\",\\\"merchantId\\\":\\\"e43cf7756d0b4ba8a4e9046774656ce8\\\",\\\"skuId\\\":\\\"34c75479bdfb4ce4aa6eaac37b35b466\\\",\\\"f\\\":70,\\\"fnId\\\":\\\"fb72b6f9c1e54625a551711f6ee72714\\\",\\\"fnType\\\":\\\"wolverine\\\",\\\"by\\\":\\\"Vibranium\\\",\\\"at\\\":\\\"2019-07-29T05:34:39+00:00\\\",\\\"invUssn\\\":53,\\\"isInf\\\":false,\\\"ifa\\\":true,\\\"martAvail\\\":[{\\\"martId\\\":\\\"21\\\",\\\"ia\\\":true}],\\\"clt\\\":\\\"JoJ\\\"}\"}"}
{"id":"34c75479bdfb4ce4aa6eaac37b35b466","table":"killmonger_events_table","keyspace":"msku","timestamp":"2019-07-29T05:45:02.402Z","clusteringKeys":["fb72b6f9c1e54625a551711f6ee72714","updateVbIdSellingIdInventorySkipped/1","1564378479"],"changedColumns":["selling_id","fulfillment_node_id","event_type","update_at","stream_sequence_number","event_data"],"record":"{\"selling_id\":\"34c75479bdfb4ce4aa6eaac37b35b466\",\"fulfillment_node_id\":\"fb72b6f9c1e54625a551711f6ee72714\",\"event_type\":\"updateVbIdSellingIdInventorySkipped/1\",\"update_at\":1564378479,\"stream_sequence_number\":44,\"event_data\":\"{\\\"id\\\":\\\"0a08faa3540b4a4abfe8145ca12dd783\\\",\\\"vbId\\\":\\\"34c75479bdfb4ce4aa6eaac37b35b466\\\",\\\"sellingId\\\":\\\"34c75479bdfb4ce4aa6eaac37b35b466\\\",\\\"merchantId\\\":\\\"e43cf7756d0b4ba8a4e9046774656ce8\\\",\\\"skuId\\\":\\\"34c75479bdfb4ce4aa6eaac37b35b466\\\",\\\"f\\\":70,\\\"fnId\\\":\\\"fb72b6f9c1e54625a551711f6ee72714\\\",\\\"fnType\\\":\\\"wolverine\\\",\\\"by\\\":\\\"Vibranium\\\",\\\"at\\\":\\\"2019-07-29T05:34:39+00:00\\\",\\\"invUssn\\\":53,\\\"isInf\\\":false}\"}"}
{"id":"34c75479bdfb4ce4aa6eaac37b35b466","table":"killmonger_events_table","keyspace":"msku","timestamp":"2019-07-29T05:45:02.402Z","clusteringKeys":["fb72b6f9c1e54625a551711f6ee72714","updateVbIdSellingIdInventorySkipped/1","1564378479"],"changedColumns":["selling_id","fulfillment_node_id","event_type","update_at","stream_sequence_number","event_data"],"record":"{\"selling_id\":\"34c75479bdfb4ce4aa6eaac37b35b466\",\"fulfillment_node_id\":\"fb72b6f9c1e54625a551711f6ee72714\",\"event_type\":\"updateVbIdSellingIdInventorySkipped/1\",\"update_at\":1564378479,\"stream_sequence_number\":45,\"event_data\":\"{\\\"id\\\":\\\"0a08faa3540b4a4abfe8145ca12dd783\\\",\\\"vbId\\\":\\\"34c75479bdfb4ce4aa6eaac37b35b466\\\",\\\"sellingId\\\":\\\"34c75479bdfb4ce4aa6eaac37b35b466\\\",\\\"merchantId\\\":\\\"e43cf7756d0b4ba8a4e9046774656ce8\\\",\\\"skuId\\\":\\\"34c75479bdfb4ce4aa6eaac37b35b466\\\",\\\"f\\\":70,\\\"fnId\\\":\\\"fb72b6f9c1e54625a551711f6ee72714\\\",\\\"fnType\\\":\\\"wolverine\\\",\\\"by\\\":\\\"Vibranium\\\",\\\"at\\\":\\\"2019-07-29T05:34:39+00:00\\\",\\\"invUssn\\\":53,\\\"isInf\\\":false}\"}"}
{"id":"413626F6718A4D0CB5B3BDF65AE09A87","table":"killmonger_events_table","keyspace":"msku","timestamp":"2019-07-29T05:45:02.402Z","clusteringKeys":["2378","vbIdSellingIdInventoryUpdated/1","1564378909"],"changedColumns":["selling_id","fulfillment_node_id","event_type","update_at","stream_sequence_number","event_data"],"record":"{\"selling_id\":\"413626F6718A4D0CB5B3BDF65AE09A87\",\"fulfillment_node_id\":\"2378\",\"event_type\":\"vbIdSellingIdInventoryUpdated/1\",\"update_at\":1564378909,\"stream_sequence_number\":93,\"event_data\":\"{\\\"id\\\":\\\"61efd543f2924c798fc9240a4291e3ff\\\",\\\"vbId\\\":\\\"PantherMigrationVbId\\\",\\\"sellingId\\\":\\\"413626F6718A4D0CB5B3BDF65AE09A87\\\",\\\"merchantId\\\":\\\"9fc08905039048918982091f266c2a29\\\",\\\"skuId\\\":\\\"PantherMigrationSkuId\\\",\\\"f\\\":0,\\\"fnId\\\":\\\"2378\\\",\\\"by\\\":\\\"Killmonger.Migration.MapInWalmartInvUpdates\\\",\\\"at\\\":\\\"2019-07-29T05:41:49.303+00:00\\\",\\\"invUssn\\\":0,\\\"isInf\\\":false,\\\"ifa\\\":true,\\\"martAvail\\\":[{\\\"martId\\\":\\\"21\\\",\\\"ia\\\":true},{\\\"martId\\\":\\\"0\\\",\\\"ia\\\":true}],\\\"clt\\\":\\\"WoJ\\\"}\"}"}
{"id":"413626F6718A4D0CB5B3BDF65AE09A87","table":"killmonger_events_table","keyspace":"msku","timestamp":"2019-07-29T05:45:02.402Z","clusteringKeys":["2378","vbIdSellingIdInventoryUpdated/1","1564378909"],"changedColumns":["selling_id","fulfillment_node_id","event_type","update_at","stream_sequence_number","event_data"],"record":"{\"selling_id\":\"413626F6718A4D0CB5B3BDF65AE09A87\",\"fulfillment_node_id\":\"2378\",\"event_type\":\"vbIdSellingIdInventoryUpdated/1\",\"update_at\":1564378909,\"stream_sequence_number\":94,\"event_data\":\"{\\\"id\\\":\\\"61efd543f2924c798fc9240a4291e3ff\\\",\\\"vbId\\\":\\\"PantherMigrationVbId\\\",\\\"sellingId\\\":\\\"413626F6718A4D0CB5B3BDF65AE09A87\\\",\\\"merchantId\\\":\\\"9fc08905039048918982091f266c2a29\\\",\\\"skuId\\\":\\\"PantherMigrationSkuId\\\",\\\"f\\\":0,\\\"fnId\\\":\\\"2378\\\",\\\"by\\\":\\\"Killmonger.Migration.MapInWalmartInvUpdates\\\",\\\"at\\\":\\\"2019-07-29T05:41:49.303+00:00\\\",\\\"invUssn\\\":0,\\\"isInf\\\":false,\\\"ifa\\\":true,\\\"martAvail\\\":[{\\\"martId\\\":\\\"21\\\",\\\"ia\\\":true},{\\\"martId\\\":\\\"0\\\",\\\"ia\\\":true}],\\\"clt\\\":\\\"WoJ\\\"}\"}"}
{"id":"413626F6718A4D0CB5B3BDF65AE09A87","table":"killmonger_events_table","keyspace":"msku","timestamp":"2019-07-29T05:45:02.402Z","clusteringKeys":["2378","vbIdSellingIdInventoryUpdated/1","1564378909"],"changedColumns":["selling_id","fulfillment_node_id","event_type","update_at","stream_sequence_number","event_data"],"record":"{\"selling_id\":\"413626F6718A4D0CB5B3BDF65AE09A87\",\"fulfillment_node_id\":\"2378\",\"event_type\":\"vbIdSellingIdInventoryUpdated/1\",\"update_at\":1564378909,\"stream_sequence_number\":95,\"event_data\":\"{\\\"id\\\":\\\"61efd543f2924c798fc9240a4291e3ff\\\",\\\"vbId\\\":\\\"PantherMigrationVbId\\\",\\\"sellingId\\\":\\\"413626F6718A4D0CB5B3BDF65AE09A87\\\",\\\"merchantId\\\":\\\"9fc08905039048918982091f266c2a29\\\",\\\"skuId\\\":\\\"PantherMigrationSkuId\\\",\\\"f\\\":0,\\\"fnId\\\":\\\"2378\\\",\\\"by\\\":\\\"Killmonger.Migration.MapInWalmartInvUpdates\\\",\\\"at\\\":\\\"2019-07-29T05:41:49.303+00:00\\\",\\\"invUssn\\\":0,\\\"isInf\\\":false,\\\"ifa\\\":true,\\\"martAvail\\\":[{\\\"martId\\\":\\\"21\\\",\\\"ia\\\":true},{\\\"martId\\\":\\\"0\\\",\\\"ia\\\":true}],\\\"clt\\\":\\\"WoJ\\\"}\"}"}
{"id":"65dd6f3de7cb44a58c0a46682e7979f9","table":"killmonger_events_table","keyspace":"msku","timestamp":"2019-07-29T05:40:44.645Z","clusteringKeys":["fb72b6f9c1e54625a551711f6ee72714","vbIdSellingIdInventoryUpdated/1","1564378479"],"changedColumns":["selling_id","fulfillment_node_id","event_type","update_at","stream_sequence_number","event_data"],"record":"{\"selling_id\":\"65dd6f3de7cb44a58c0a46682e7979f9\",\"fulfillment_node_id\":\"fb72b6f9c1e54625a551711f6ee72714\",\"event_type\":\"vbIdSellingIdInventoryUpdated/1\",\"update_at\":1564378479,\"stream_sequence_number\":43,\"event_data\":\"{\\\"id\\\":\\\"387215868f114fb0a4aac5fd551eea94\\\",\\\"vbId\\\":\\\"65dd6f3de7cb44a58c0a46682e7979f9\\\",\\\"sellingId\\\":\\\"65dd6f3de7cb44a58c0a46682e7979f9\\\",\\\"merchantId\\\":\\\"e43cf7756d0b4ba8a4e9046774656ce8\\\",\\\"skuId\\\":\\\"65dd6f3de7cb44a58c0a46682e7979f9\\\",\\\"f\\\":134,\\\"fnId\\\":\\\"fb72b6f9c1e54625a551711f6ee72714\\\",\\\"fnType\\\":\\\"wolverine\\\",\\\"by\\\":\\\"Vibranium\\\",\\\"at\\\":\\\"2019-07-29T05:34:39+00:00\\\",\\\"invUssn\\\":52,\\\"isInf\\\":false,\\\"ifa\\\":true,\\\"martAvail\\\":[{\\\"martId\\\":\\\"21\\\",\\\"ia\\\":true}],\\\"clt\\\":\\\"JoJ\\\"}\"}"}
{"id":"aefffbecd6d045f5973c16e809d35da2","table":"killmonger_events_table","keyspace":"msku","timestamp":"2019-07-29T05:40:44.649Z","clusteringKeys":["813719c5698f4d7a961f4493bc38cbe4","vbIdSellingIdInventoryUpdated/1","1564378208"],"changedColumns":["selling_id","fulfillment_node_id","event_type","update_at","stream_sequence_number","event_data"],"record":"{\"selling_id\":\"aefffbecd6d045f5973c16e809d35da2\",\"fulfillment_node_id\":\"813719c5698f4d7a961f4493bc38cbe4\",\"event_type\":\"vbIdSellingIdInventoryUpdated/1\",\"update_at\":1564378208,\"stream_sequence_number\":218,\"event_data\":\"{\\\"id\\\":\\\"66be215fce514ea7ace736324c8ae123\\\",\\\"vbId\\\":\\\"aefffbecd6d045f5973c16e809d35da2\\\",\\\"sellingId\\\":\\\"aefffbecd6d045f5973c16e809d35da2\\\",\\\"merchantId\\\":\\\"1d6997521c224a54847df89ddf329c17\\\",\\\"skuId\\\":\\\"aefffbecd6d045f5973c16e809d35da2\\\",\\\"f\\\":5,\\\"fnId\\\":\\\"813719c5698f4d7a961f4493bc38cbe4\\\",\\\"fnType\\\":\\\"wolverine\\\",\\\"by\\\":\\\"Vibranium\\\",\\\"at\\\":\\\"2019-07-29T05:30:08+00:00\\\",\\\"invUssn\\\":259,\\\"isInf\\\":false,\\\"ifa\\\":true,\\\"martAvail\\\":[{\\\"martId\\\":\\\"21\\\",\\\"ia\\\":true}],\\\"clt\\\":\\\"JoJ\\\"}\"}"}
{"id":"DE07AED559A04AB89F15C46E4A6019D9","table":"killmonger_events_table","keyspace":"msku","timestamp":"2019-07-29T05:45:03.459Z","clusteringKeys":["4401","vbIdSellingIdInventoryUpdated/1","1564378913"],"changedColumns":["selling_id","fulfillment_node_id","event_type","update_at","stream_sequence_number","event_data"],"record":"{\"selling_id\":\"DE07AED559A04AB89F15C46E4A6019D9\",\"fulfillment_node_id\":\"4401\",\"event_type\":\"vbIdSellingIdInventoryUpdated/1\",\"update_at\":1564378913,\"stream_sequence_number\":240,\"event_data\":\"{\\\"id\\\":\\\"7ee071b1a6d2469699990ff8e90020fa\\\",\\\"vbId\\\":\\\"PantherMigrationVbId\\\",\\\"sellingId\\\":\\\"DE07AED559A04AB89F15C46E4A6019D9\\\",\\\"merchantId\\\":\\\"9fc08905039048918982091f266c2a29\\\",\\\"skuId\\\":\\\"PantherMigrationSkuId\\\",\\\"f\\\":111,\\\"fnId\\\":\\\"4401\\\",\\\"by\\\":\\\"Killmonger.Migration.MapInWalmartInvUpdates\\\",\\\"at\\\":\\\"2019-07-29T05:41:53.063+00:00\\\",\\\"invUssn\\\":0,\\\"isInf\\\":false,\\\"ifa\\\":true,\\\"martAvail\\\":[{\\\"martId\\\":\\\"21\\\",\\\"ia\\\":true},{\\\"martId\\\":\\\"0\\\",\\\"ia\\\":true}],\\\"clt\\\":\\\"WoJ\\\"}\"}"}
{"id":"30A5EEA8EA8546A89F87B270CCA3E8DD","table":"killmonger_events_table","keyspace":"msku","timestamp":"2019-07-29T05:44:36.993Z","clusteringKeys":["3373","vbIdSellingIdInventoryUpdated/1","1564375778"],"changedColumns":["selling_id","fulfillment_node_id","event_type","update_at","stream_sequence_number","event_data"],"record":"{\"selling_id\":\"30A5EEA8EA8546A89F87B270CCA3E8DD\",\"fulfillment_node_id\":\"3373\",\"event_type\":\"vbIdSellingIdInventoryUpdated/1\",\"update_at\":1564375778,\"stream_sequence_number\":60,\"event_data\":\"{\\\"id\\\":\\\"3b2024818565491c873726ebd3f64eac\\\",\\\"vbId\\\":\\\"PantherMigrationVbId\\\",\\\"sellingId\\\":\\\"30A5EEA8EA8546A89F87B270CCA3E8DD\\\",\\\"merchantId\\\":\\\"9fc08905039048918982091f266c2a29\\\",\\\"skuId\\\":\\\"PantherMigrationSkuId\\\",\\\"f\\\":0,\\\"fnId\\\":\\\"3373\\\",\\\"by\\\":\\\"Killmonger.Migration.MapInWalmartInvUpdates\\\",\\\"at\\\":\\\"2019-07-29T04:49:38.079+00:00\\\",\\\"invUssn\\\":0,\\\"isInf\\\":false,\\\"ifa\\\":true,\\\"martAvail\\\":[{\\\"martId\\\":\\\"21\\\",\\\"ia\\\":true},{\\\"martId\\\":\\\"0\\\",\\\"ia\\\":true}],\\\"clt\\\":\\\"WoJ\\\"}\"}"}
{"id":"b28927ca5dda429ba7ceb5e9183d67d8","table":"killmonger_events_table","keyspace":"msku","timestamp":"2019-07-29T05:44:36.993Z","clusteringKeys":["fb72b6f9c1e54625a551711f6ee72714","updateVbIdSellingIdInventorySkipped/1","1564375526"],"changedColumns":["selling_id","fulfillment_node_id","event_type","update_at","stream_sequence_number","event_data"],"record":"{\"selling_id\":\"b28927ca5dda429ba7ceb5e9183d67d8\",\"fulfillment_node_id\":\"fb72b6f9c1e54625a551711f6ee72714\",\"event_type\":\"updateVbIdSellingIdInventorySkipped/1\",\"update_at\":1564375526,\"stream_sequence_number\":41,\"event_data\":\"{\\\"id\\\":\\\"ffa039222b3848a288241b075cba7a83\\\",\\\"vbId\\\":\\\"b28927ca5dda429ba7ceb5e9183d67d8\\\",\\\"sellingId\\\":\\\"b28927ca5dda429ba7ceb5e9183d67d8\\\",\\\"merchantId\\\":\\\"e43cf7756d0b4ba8a4e9046774656ce8\\\",\\\"skuId\\\":\\\"b28927ca5dda429ba7ceb5e9183d67d8\\\",\\\"f\\\":101,\\\"fnId\\\":\\\"fb72b6f9c1e54625a551711f6ee72714\\\",\\\"fnType\\\":\\\"wolverine\\\",\\\"by\\\":\\\"Vibranium\\\",\\\"at\\\":\\\"2019-07-29T04:45:26+00:00\\\",\\\"invUssn\\\":49,\\\"isInf\\\":false}\"}"}
{"id":"9ba52e0055264ee7a5653a890721a18b","table":"killmonger_events_table","keyspace":"msku","timestamp":"2019-07-29T05:45:02.406Z","clusteringKeys":["fb72b6f9c1e54625a551711f6ee72714","updateVbIdSellingIdInventorySkipped/1","1564375526"],"changedColumns":["selling_id","fulfillment_node_id","event_type","update_at","stream_sequence_number","event_data"],"record":"{\"selling_id\":\"9ba52e0055264ee7a5653a890721a18b\",\"fulfillment_node_id\":\"fb72b6f9c1e54625a551711f6ee72714\",\"event_type\":\"updateVbIdSellingIdInventorySkipped/1\",\"update_at\":1564375526,\"stream_sequence_number\":57,\"event_data\":\"{\\\"id\\\":\\\"3d07a288e669455f947b5e18526e9e8b\\\",\\\"vbId\\\":\\\"9ba52e0055264ee7a5653a890721a18b\\\",\\\"sellingId\\\":\\\"9ba52e0055264ee7a5653a890721a18b\\\",\\\"merchantId\\\":\\\"e43cf7756d0b4ba8a4e9046774656ce8\\\",\\\"skuId\\\":\\\"9ba52e0055264ee7a5653a890721a18b\\\",\\\"f\\\":75,\\\"fnId\\\":\\\"fb72b6f9c1e54625a551711f6ee72714\\\",\\\"fnType\\\":\\\"wolverine\\\",\\\"by\\\":\\\"Vibranium\\\",\\\"at\\\":\\\"2019-07-29T04:45:26+00:00\\\",\\\"invUssn\\\":49,\\\"isInf\\\":false}\"}"}
{"id":"038ECB41803D4FD5806739856ABC3F75","table":"killmonger_events_table","keyspace":"msku","timestamp":"2019-07-29T05:44:36.994Z","clusteringKeys":["5926","vbIdSellingIdInventoryUpdated/1","1564378911"],"changedColumns":["selling_id","fulfillment_node_id","event_type","update_at","stream_sequence_number","event_data"],"record":"{\"selling_id\":\"038ECB41803D4FD5806739856ABC3F75\",\"fulfillment_node_id\":\"5926\",\"event_type\":\"vbIdSellingIdInventoryUpdated/1\",\"update_at\":1564378911,\"stream_sequence_number\":154,\"event_data\":\"{\\\"id\\\":\\\"b7a6db0157274444895e626a57a0516d\\\",\\\"vbId\\\":\\\"PantherMigrationVbId\\\",\\\"sellingId\\\":\\\"038ECB41803D4FD5806739856ABC3F75\\\",\\\"merchantId\\\":\\\"9fc08905039048918982091f266c2a29\\\",\\\"skuId\\\":\\\"PantherMigrationSkuId\\\",\\\"f\\\":0,\\\"fnId\\\":\\\"5926\\\",\\\"by\\\":\\\"Killmonger.Migration.MapInWalmartInvUpdates\\\",\\\"at\\\":\\\"2019-07-29T05:41:51.086+00:00\\\",\\\"invUssn\\\":0,\\\"isInf\\\":false,\\\"ifa\\\":true,\\\"martAvail\\\":[{\\\"martId\\\":\\\"21\\\",\\\"ia\\\":true},{\\\"martId\\\":\\\"0\\\",\\\"ia\\\":true}],\\\"clt\\\":\\\"WoJ\\\"}\"}"}
{"id":"c1bf03b0c3a9454e9dbf6e0c06552a07","table":"killmonger_events_table","keyspace":"msku","timestamp":"2019-07-29T05:45:02.407Z","clusteringKeys":["9b6aa4f1c023477482fa52f2c09d47ad","vbIdSellingIdInventoryUpdated/1","1564378154"],"changedColumns":["selling_id","fulfillment_node_id","event_type","update_at","stream_sequence_number","event_data"],"record":"{\"selling_id\":\"c1bf03b0c3a9454e9dbf6e0c06552a07\",\"fulfillment_node_id\":\"9b6aa4f1c023477482fa52f2c09d47ad\",\"event_type\":\"vbIdSellingIdInventoryUpdated/1\",\"update_at\":1564378154,\"stream_sequence_number\":215,\"event_data\":\"{\\\"id\\\":\\\"773821cbff82443893c6ceb797f95457\\\",\\\"vbId\\\":\\\"c1bf03b0c3a9454e9dbf6e0c06552a07\\\",\\\"sellingId\\\":\\\"c1bf03b0c3a9454e9dbf6e0c06552a07\\\",\\\"merchantId\\\":\\\"b69f703200ac46a683759dd9f1a3ab92\\\",\\\"skuId\\\":\\\"c1bf03b0c3a9454e9dbf6e0c06552a07\\\",\\\"f\\\":949,\\\"fnId\\\":\\\"9b6aa4f1c023477482fa52f2c09d47ad\\\",\\\"fnType\\\":\\\"wolverine\\\",\\\"by\\\":\\\"Vibranium\\\",\\\"at\\\":\\\"2019-07-29T05:29:14+00:00\\\",\\\"invUssn\\\":206,\\\"isInf\\\":false,\\\"ifa\\\":true,\\\"martAvail\\\":[{\\\"martId\\\":\\\"21\\\",\\\"ia\\\":true}],\\\"clt\\\":\\\"JoJ\\\"}\"}"}
{"id":"85c0fbaae84f46a7a8e735fa6710ff81","table":"killmonger_events_table","keyspace":"msku","timestamp":"2019-07-29T05:45:03.471Z","clusteringKeys":["fb72b6f9c1e54625a551711f6ee72714","updateVbIdSellingIdInventorySkipped/1","1564374967"],"changedColumns":["selling_id","fulfillment_node_id","event_type","update_at","stream_sequence_number","event_data"],"record":"{\"selling_id\":\"85c0fbaae84f46a7a8e735fa6710ff81\",\"fulfillment_node_id\":\"fb72b6f9c1e54625a551711f6ee72714\",\"event_type\":\"updateVbIdSellingIdInventorySkipped/1\",\"update_at\":1564374967,\"stream_sequence_number\":42,\"event_data\":\"{\\\"id\\\":\\\"12ba983b534740a6bace4f61d8495ea9\\\",\\\"vbId\\\":\\\"85c0fbaae84f46a7a8e735fa6710ff81\\\",\\\"sellingId\\\":\\\"85c0fbaae84f46a7a8e735fa6710ff81\\\",\\\"merchantId\\\":\\\"e43cf7756d0b4ba8a4e9046774656ce8\\\",\\\"skuId\\\":\\\"85c0fbaae84f46a7a8e735fa6710ff81\\\",\\\"f\\\":129,\\\"fnId\\\":\\\"fb72b6f9c1e54625a551711f6ee72714\\\",\\\"fnType\\\":\\\"wolverine\\\",\\\"by\\\":\\\"Vibranium\\\",\\\"at\\\":\\\"2019-07-29T04:36:07+00:00\\\",\\\"invUssn\\\":48,\\\"isInf\\\":false}\"}"}
{"id":"85c0fbaae84f46a7a8e735fa6710ff81","table":"killmonger_events_table","keyspace":"msku","timestamp":"2019-07-29T05:45:03.471Z","clusteringKeys":["fb72b6f9c1e54625a551711f6ee72714","updateVbIdSellingIdInventorySkipped/1","1564374967"],"changedColumns":["selling_id","fulfillment_node_id","event_type","update_at","stream_sequence_number","event_data"],"record":"{\"selling_id\":\"85c0fbaae84f46a7a8e735fa6710ff81\",\"fulfillment_node_id\":\"fb72b6f9c1e54625a551711f6ee72714\",\"event_type\":\"updateVbIdSellingIdInventorySkipped/1\",\"update_at\":1564374967,\"stream_sequence_number\":43,\"event_data\":\"{\\\"id\\\":\\\"beafd2c785114ab1b549342003f9f5b5\\\",\\\"vbId\\\":\\\"85c0fbaae84f46a7a8e735fa6710ff81\\\",\\\"sellingId\\\":\\\"85c0fbaae84f46a7a8e735fa6710ff81\\\",\\\"merchantId\\\":\\\"e43cf7756d0b4ba8a4e9046774656ce8\\\",\\\"skuId\\\":\\\"85c0fbaae84f46a7a8e735fa6710ff81\\\",\\\"f\\\":129,\\\"fnId\\\":\\\"fb72b6f9c1e54625a551711f6ee72714\\\",\\\"fnType\\\":\\\"wolverine\\\",\\\"by\\\":\\\"Vibranium\\\",\\\"at\\\":\\\"2019-07-29T04:36:07+00:00\\\",\\\"invUssn\\\":48,\\\"isInf\\\":false}\"}"}
{"id":"25714e5ce64147519d97ff30c9df4cf0","table":"killmonger_events_table","keyspace":"msku","timestamp":"2019-07-29T05:44:37.009Z","clusteringKeys":["fb72b6f9c1e54625a551711f6ee72714","updateVbIdSellingIdInventorySkipped/1","1564375727"],"changedColumns":["selling_id","fulfillment_node_id","event_type","update_at","stream_sequence_number","event_data"],"record":"{\"selling_id\":\"25714e5ce64147519d97ff30c9df4cf0\",\"fulfillment_node_id\":\"fb72b6f9c1e54625a551711f6ee72714\",\"event_type\":\"updateVbIdSellingIdInventorySkipped/1\",\"update_at\":1564375727,\"stream_sequence_number\":43,\"event_data\":\"{\\\"id\\\":\\\"6728711945ae40e6b1772c33fca32136\\\",\\\"vbId\\\":\\\"25714e5ce64147519d97ff30c9df4cf0\\\",\\\"sellingId\\\":\\\"25714e5ce64147519d97ff30c9df4cf0\\\",\\\"merchantId\\\":\\\"e43cf7756d0b4ba8a4e9046774656ce8\\\",\\\"skuId\\\":\\\"25714e5ce64147519d97ff30c9df4cf0\\\",\\\"f\\\":119,\\\"fnId\\\":\\\"fb72b6f9c1e54625a551711f6ee72714\\\",\\\"fnType\\\":\\\"wolverine\\\",\\\"by\\\":\\\"Vibranium\\\",\\\"at\\\":\\\"2019-07-29T04:48:47+00:00\\\",\\\"invUssn\\\":48,\\\"isInf\\\":false}\"}"}
{"id":"33FB9E3204734AE492E521D812B20C39","table":"killmonger_events_table","keyspace":"msku","timestamp":"2019-07-29T05:45:02.423Z","clusteringKeys":["6468","vbIdSellingIdInventoryUpdated/1","1564378910"],"changedColumns":["selling_id","fulfillment_node_id","event_type","update_at","stream_sequence_number","event_data"],"record":"{\"selling_id\":\"33FB9E3204734AE492E521D812B20C39\",\"fulfillment_node_id\":\"6468\",\"event_type\":\"vbIdSellingIdInventoryUpdated/1\",\"update_at\":1564378910,\"stream_sequence_number\":146,\"event_data\":\"{\\\"id\\\":\\\"62446435e06246179507423b90f0daa1\\\",\\\"vbId\\\":\\\"PantherMigrationVbId\\\",\\\"sellingId\\\":\\\"33FB9E3204734AE492E521D812B20C39\\\",\\\"merchantId\\\":\\\"9fc08905039048918982091f266c2a29\\\",\\\"skuId\\\":\\\"PantherMigrationSkuId\\\",\\\"f\\\":0,\\\"fnId\\\":\\\"6468\\\",\\\"by\\\":\\\"Killmonger.Migration.MapInWalmartInvUpdates\\\",\\\"at\\\":\\\"2019-07-29T05:41:50.255+00:00\\\",\\\"invUssn\\\":0,\\\"isInf\\\":false,\\\"ifa\\\":true,\\\"martAvail\\\":[{\\\"martId\\\":\\\"21\\\",\\\"ia\\\":true},{\\\"martId\\\":\\\"0\\\",\\\"ia\\\":true}],\\\"clt\\\":\\\"WoJ\\\"}\"}"}
{"id":"896FFCD6594D4CD29D92C9BB665ED587","table":"killmonger_events_table","keyspace":"msku","timestamp":"2019-07-29T05:40:44.669Z","clusteringKeys":["8302","vbIdSellingIdInventoryUpdated/1","1564378909"],"changedColumns":["selling_id","fulfillment_node_id","event_type","update_at","stream_sequence_number","event_data"],"record":"{\"selling_id\":\"896FFCD6594D4CD29D92C9BB665ED587\",\"fulfillment_node_id\":\"8302\",\"event_type\":\"vbIdSellingIdInventoryUpdated/1\",\"update_at\":1564378909,\"stream_sequence_number\":105,\"event_data\":\"{\\\"id\\\":\\\"d119560a5cb74f4f8038ba6c0a136848\\\",\\\"vbId\\\":\\\"PantherMigrationVbId\\\",\\\"sellingId\\\":\\\"896FFCD6594D4CD29D92C9BB665ED587\\\",\\\"merchantId\\\":\\\"9fc08905039048918982091f266c2a29\\\",\\\"skuId\\\":\\\"PantherMigrationSkuId\\\",\\\"f\\\":0,\\\"fnId\\\":\\\"8302\\\",\\\"by\\\":\\\"Killmonger.Migration.MapInWalmartInvUpdates\\\",\\\"at\\\":\\\"2019-07-29T05:41:49.295+00:00\\\",\\\"invUssn\\\":0,\\\"isInf\\\":false,\\\"ifa\\\":true,\\\"martAvail\\\":[{\\\"martId\\\":\\\"21\\\",\\\"ia\\\":true},{\\\"martId\\\":\\\"0\\\",\\\"ia\\\":true}],\\\"clt\\\":\\\"WoJ\\\"}\"}"}
{"id":"e92d2d4393a040f49b54914dfc7dcf82","table":"killmonger_events_table","keyspace":"msku","timestamp":"2019-07-29T05:44:37.013Z","clusteringKeys":["fb72b6f9c1e54625a551711f6ee72714","vbIdSellingIdInventoryUpdated/1","1564378075"],"changedColumns":["selling_id","fulfillment_node_id","event_type","update_at","stream_sequence_number","event_data"],"record":"{\"selling_id\":\"e92d2d4393a040f49b54914dfc7dcf82\",\"fulfillment_node_id\":\"fb72b6f9c1e54625a551711f6ee72714\",\"event_type\":\"vbIdSellingIdInventoryUpdated/1\",\"update_at\":1564378075,\"stream_sequence_number\":46,\"event_data\":\"{\\\"id\\\":\\\"6620cfe54b774caba113da69b0fd13a9\\\",\\\"vbId\\\":\\\"e92d2d4393a040f49b54914dfc7dcf82\\\",\\\"sellingId\\\":\\\"e92d2d4393a040f49b54914dfc7dcf82\\\",\\\"merchantId\\\":\\\"e43cf7756d0b4ba8a4e9046774656ce8\\\",\\\"skuId\\\":\\\"e92d2d4393a040f49b54914dfc7dcf82\\\",\\\"f\\\":74,\\\"fnId\\\":\\\"fb72b6f9c1e54625a551711f6ee72714\\\",\\\"fnType\\\":\\\"wolverine\\\",\\\"by\\\":\\\"Vibranium\\\",\\\"at\\\":\\\"2019-07-29T05:27:55+00:00\\\",\\\"invUssn\\\":47,\\\"isInf\\\":false,\\\"ifa\\\":true,\\\"martAvail\\\":[{\\\"martId\\\":\\\"21\\\",\\\"ia\\\":true}],\\\"clt\\\":\\\"JoJ\\\"}\"}"}
{"id":"2D19B2B5F2C34BDDBE1B2FD78C8E758C","table":"killmonger_events_table","keyspace":"msku","timestamp":"2019-07-29T05:40:44.672Z","clusteringKeys":["10000013268","updateVbIdSellingIdInventorySkipped/1","1564375359"],"changedColumns":["selling_id","fulfillment_node_id","event_type","update_at","stream_sequence_number","event_data"],"record":"{\"selling_id\":\"2D19B2B5F2C34BDDBE1B2FD78C8E758C\",\"fulfillment_node_id\":\"10000013268\",\"event_type\":\"updateVbIdSellingIdInventorySkipped/1\",\"update_at\":1564375359,\"stream_sequence_number\":132,\"event_data\":\"{\\\"id\\\":\\\"5d6288232b98436390f9bd5f9e12d159\\\",\\\"vbId\\\":\\\"A_33223738_5pc_BY0585_BROWN_Hat_501_Silvr_M-12825\\\",\\\"sellingId\\\":\\\"2D19B2B5F2C34BDDBE1B2FD78C8E758C\\\",\\\"merchantId\\\":\\\"12825\\\",\\\"skuId\\\":\\\"A_33223738_5pc_BY0585_BROWN_Hat_501_Silvr_M\\\",\\\"f\\\":99,\\\"fnId\\\":\\\"10000013268\\\",\\\"fnType\\\":\\\"MARKETPLACE\\\",\\\"by\\\":\\\"Vibranium\\\",\\\"at\\\":\\\"2019-07-29T04:42:39+00:00\\\",\\\"invUssn\\\":107,\\\"catUssn\\\":0,\\\"isInf\\\":false}\"}"}
{"id":"896FFCD6594D4CD29D92C9BB665ED587","table":"killmonger_events_table","keyspace":"msku","timestamp":"2019-07-29T05:45:03.477Z","clusteringKeys":["8306","vbIdSellingIdInventoryUpdated/1","1564378909"],"changedColumns":["selling_id","fulfillment_node_id","event_type","update_at","stream_sequence_number","event_data"],"record":"{\"selling_id\":\"896FFCD6594D4CD29D92C9BB665ED587\",\"fulfillment_node_id\":\"8306\",\"event_type\":\"vbIdSellingIdInventoryUpdated/1\",\"update_at\":1564378909,\"stream_sequence_number\":105,\"event_data\":\"{\\\"id\\\":\\\"5476dfc787f14bf2a9d5548f0da41d63\\\",\\\"vbId\\\":\\\"PantherMigrationVbId\\\",\\\"sellingId\\\":\\\"896FFCD6594D4CD29D92C9BB665ED587\\\",\\\"merchantId\\\":\\\"9fc08905039048918982091f266c2a29\\\",\\\"skuId\\\":\\\"PantherMigrationSkuId\\\",\\\"f\\\":0,\\\"fnId\\\":\\\"8306\\\",\\\"by\\\":\\\"Killmonger.Migration.MapInWalmartInvUpdates\\\",\\\"at\\\":\\\"2019-07-29T05:41:49.295+00:00\\\",\\\"invUssn\\\":0,\\\"isInf\\\":false,\\\"ifa\\\":true,\\\"martAvail\\\":[{\\\"martId\\\":\\\"21\\\",\\\"ia\\\":true},{\\\"martId\\\":\\\"0\\\",\\\"ia\\\":true}],\\\"clt\\\":\\\"WoJ\\\"}\"}"}
{"id":"8BF1CD32D6C24059BD7FAC42B43B237E","table":"killmonger_events_table","keyspace":"msku","timestamp":"2019-07-29T05:45:02.432Z","clusteringKeys":["8306","vbIdSellingIdInventoryUpdated/1","1564378911"],"changedColumns":["selling_id","fulfillment_node_id","event_type","update_at","stream_sequence_number","event_data"],"record":"{\"selling_id\":\"8BF1CD32D6C24059BD7FAC42B43B237E\",\"fulfillment_node_id\":\"8306\",\"event_type\":\"vbIdSellingIdInventoryUpdated/1\",\"update_at\":1564378911,\"stream_sequence_number\":141,\"event_data\":\"{\\\"id\\\":\\\"b88655b6c54d4047b21c22b57b89fa50\\\",\\\"vbId\\\":\\\"PantherMigrationVbId\\\",\\\"sellingId\\\":\\\"8BF1CD32D6C24059BD7FAC42B43B237E\\\",\\\"merchantId\\\":\\\"9fc08905039048918982091f266c2a29\\\",\\\"skuId\\\":\\\"PantherMigrationSkuId\\\",\\\"f\\\":0,\\\"fnId\\\":\\\"8306\\\",\\\"by\\\":\\\"Killmonger.Migration.MapInWalmartInvUpdates\\\",\\\"at\\\":\\\"2019-07-29T05:41:51.009+00:00\\\",\\\"invUssn\\\":0,\\\"isInf\\\":false,\\\"ifa\\\":true,\\\"martAvail\\\":[{\\\"martId\\\":\\\"21\\\",\\\"ia\\\":true},{\\\"martId\\\":\\\"0\\\",\\\"ia\\\":true}],\\\"clt\\\":\\\"WoJ\\\"}\"}"}
{"id":"8BF1CD32D6C24059BD7FAC42B43B237E","table":"killmonger_events_table","keyspace":"msku","timestamp":"2019-07-29T05:45:02.432Z","clusteringKeys":["8306","vbIdSellingIdInventoryUpdated/1","1564378911"],"changedColumns":["selling_id","fulfillment_node_id","event_type","update_at","stream_sequence_number","event_data"],"record":"{\"selling_id\":\"8BF1CD32D6C24059BD7FAC42B43B237E\",\"fulfillment_node_id\":\"8306\",\"event_type\":\"vbIdSellingIdInventoryUpdated/1\",\"update_at\":1564378911,\"stream_sequence_number\":142,\"event_data\":\"{\\\"id\\\":\\\"b88655b6c54d4047b21c22b57b89fa50\\\",\\\"vbId\\\":\\\"PantherMigrationVbId\\\",\\\"sellingId\\\":\\\"8BF1CD32D6C24059BD7FAC42B43B237E\\\",\\\"merchantId\\\":\\\"9fc08905039048918982091f266c2a29\\\",\\\"skuId\\\":\\\"PantherMigrationSkuId\\\",\\\"f\\\":0,\\\"fnId\\\":\\\"8306\\\",\\\"by\\\":\\\"Killmonger.Migration.MapInWalmartInvUpdates\\\",\\\"at\\\":\\\"2019-07-29T05:41:51.009+00:00\\\",\\\"invUssn\\\":0,\\\"isInf\\\":false,\\\"ifa\\\":true,\\\"martAvail\\\":[{\\\"martId\\\":\\\"21\\\",\\\"ia\\\":true},{\\\"martId\\\":\\\"0\\\",\\\"ia\\\":true}],\\\"clt\\\":\\\"WoJ\\\"}\"}"}
{"id":"c572983ad5ad4e7dba4a70fa7107ffb7","table":"killmonger_events_table","keyspace":"msku","timestamp":"2019-07-29T05:45:03.478Z","clusteringKeys":["fb72b6f9c1e54625a551711f6ee72714","vbIdSellingIdInventoryUpdated/1","1564375526"],"changedColumns":["selling_id","fulfillment_node_id","event_type","update_at","stream_sequence_number","event_data"],"record":"{\"selling_id\":\"c572983ad5ad4e7dba4a70fa7107ffb7\",\"fulfillment_node_id\":\"fb72b6f9c1e54625a551711f6ee72714\",\"event_type\":\"vbIdSellingIdInventoryUpdated/1\",\"update_at\":1564375526,\"stream_sequence_number\":41,\"event_data\":\"{\\\"id\\\":\\\"e2ce287d9e7c4cb6832c9daa7bf07362\\\",\\\"vbId\\\":\\\"c572983ad5ad4e7dba4a70fa7107ffb7\\\",\\\"sellingId\\\":\\\"c572983ad5ad4e7dba4a70fa7107ffb7\\\",\\\"merchantId\\\":\\\"e43cf7756d0b4ba8a4e9046774656ce8\\\",\\\"skuId\\\":\\\"c572983ad5ad4e7dba4a70fa7107ffb7\\\",\\\"f\\\":111,\\\"fnId\\\":\\\"fb72b6f9c1e54625a551711f6ee72714\\\",\\\"fnType\\\":\\\"wolverine\\\",\\\"by\\\":\\\"Vibranium\\\",\\\"at\\\":\\\"2019-07-29T04:45:26+00:00\\\",\\\"invUssn\\\":48,\\\"isInf\\\":false,\\\"ifa\\\":true,\\\"martAvail\\\":[{\\\"martId\\\":\\\"21\\\",\\\"ia\\\":true}],\\\"clt\\\":\\\"JoJ\\\"}\"}"}
{"id":"bf97da2199934daca03c9252a5a40ed5","table":"killmonger_events_table","keyspace":"msku","timestamp":"2019-07-29T05:45:03.485Z","clusteringKeys":["fb72b6f9c1e54625a551711f6ee72714","updateVbIdSellingIdInventorySkipped/1","1564374773"],"changedColumns":["selling_id","fulfillment_node_id","event_type","update_at","stream_sequence_number","event_data"],"record":"{\"selling_id\":\"bf97da2199934daca03c9252a5a40ed5\",\"fulfillment_node_id\":\"fb72b6f9c1e54625a551711f6ee72714\",\"event_type\":\"updateVbIdSellingIdInventorySkipped/1\",\"update_at\":1564374773,\"stream_sequence_number\":51,\"event_data\":\"{\\\"id\\\":\\\"150a4dffa33a45ddb35752962411054f\\\",\\\"vbId\\\":\\\"bf97da2199934daca03c9252a5a40ed5\\\",\\\"sellingId\\\":\\\"bf97da2199934daca03c9252a5a40ed5\\\",\\\"merchantId\\\":\\\"e43cf7756d0b4ba8a4e9046774656ce8\\\",\\\"skuId\\\":\\\"bf97da2199934daca03c9252a5a40ed5\\\",\\\"f\\\":54,\\\"fnId\\\":\\\"fb72b6f9c1e54625a551711f6ee72714\\\",\\\"fnType\\\":\\\"wolverine\\\",\\\"by\\\":\\\"Vibranium\\\",\\\"at\\\":\\\"2019-07-29T04:32:53+00:00\\\",\\\"invUssn\\\":49,\\\"isInf\\\":false}\"}"}
{"id":"98B2D5EB24A7484D8DAE812D9974E22A","table":"killmonger_events_table","keyspace":"msku","timestamp":"2019-07-29T05:45:02.436Z","clusteringKeys":["6284","vbIdSellingIdInventoryUpdated/1","1564378909"],"changedColumns":["selling_id","fulfillment_node_id","event_type","update_at","stream_sequence_number","event_data"],"record":"{\"selling_id\":\"98B2D5EB24A7484D8DAE812D9974E22A\",\"fulfillment_node_id\":\"6284\",\"event_type\":\"vbIdSellingIdInventoryUpdated/1\",\"update_at\":1564378909,\"stream_sequence_number\":137,\"event_data\":\"{\\\"id\\\":\\\"cd9cfd9fbda040a3807004153424ca7e\\\",\\\"vbId\\\":\\\"PantherMigrationVbId\\\",\\\"sellingId\\\":\\\"98B2D5EB24A7484D8DAE812D9974E22A\\\",\\\"merchantId\\\":\\\"9fc08905039048918982091f266c2a29\\\",\\\"skuId\\\":\\\"PantherMigrationSkuId\\\",\\\"f\\\":0,\\\"fnId\\\":\\\"6284\\\",\\\"by\\\":\\\"Killmonger.Migration.MapInWalmartInvUpdates\\\",\\\"at\\\":\\\"2019-07-29T05:41:49.546+00:00\\\",\\\"invUssn\\\":0,\\\"isInf\\\":false,\\\"ifa\\\":true,\\\"martAvail\\\":[{\\\"martId\\\":\\\"21\\\",\\\"ia\\\":true},{\\\"martId\\\":\\\"0\\\",\\\"ia\\\":true}],\\\"clt\\\":\\\"WoJ\\\"}\"}"}
{"id":"0163FF9370CD44C593C8978763976868","table":"killmonger_events_table","keyspace":"msku","timestamp":"2019-07-29T05:45:03.494Z","clusteringKeys":["2381","vbIdSellingIdInventoryUpdated/1","1564375908"],"changedColumns":["selling_id","fulfillment_node_id","event_type","update_at","stream_sequence_number","event_data"],"record":"{\"selling_id\":\"0163FF9370CD44C593C8978763976868\",\"fulfillment_node_id\":\"2381\",\"event_type\":\"vbIdSellingIdInventoryUpdated/1\",\"update_at\":1564375908,\"stream_sequence_number\":141,\"event_data\":\"{\\\"id\\\":\\\"c1297af682464a42a0bebdaf142760f0\\\",\\\"vbId\\\":\\\"PantherMigrationVbId\\\",\\\"sellingId\\\":\\\"0163FF9370CD44C593C8978763976868\\\",\\\"merchantId\\\":\\\"9fc08905039048918982091f266c2a29\\\",\\\"skuId\\\":\\\"PantherMigrationSkuId\\\",\\\"f\\\":0,\\\"fnId\\\":\\\"2381\\\",\\\"by\\\":\\\"Killmonger.Migration.MapInWalmartInvUpdates\\\",\\\"at\\\":\\\"2019-07-29T04:51:48.163+00:00\\\",\\\"invUssn\\\":0,\\\"isInf\\\":false,\\\"ifa\\\":true,\\\"martAvail\\\":[{\\\"martId\\\":\\\"21\\\",\\\"ia\\\":true},{\\\"martId\\\":\\\"0\\\",\\\"ia\\\":true}],\\\"clt\\\":\\\"WoJ\\\"}\"}"}
{"id":"1d4e8011d49d4e99bc4373f6c8f6c2c1","table":"killmonger_events_table","keyspace":"msku","timestamp":"2019-07-29T05:45:03.493Z","clusteringKeys":["fb72b6f9c1e54625a551711f6ee72714","vbIdSellingIdInventoryUpdated/1","1564378075"],"changedColumns":["selling_id","fulfillment_node_id","event_type","update_at","stream_sequence_number","event_data"],"record":"{\"selling_id\":\"1d4e8011d49d4e99bc4373f6c8f6c2c1\",\"fulfillment_node_id\":\"fb72b6f9c1e54625a551711f6ee72714\",\"event_type\":\"vbIdSellingIdInventoryUpdated/1\",\"update_at\":1564378075,\"stream_sequence_number\":39,\"event_data\":\"{\\\"id\\\":\\\"c747487dc0fb44acbb13eb999fb21919\\\",\\\"vbId\\\":\\\"1d4e8011d49d4e99bc4373f6c8f6c2c1\\\",\\\"sellingId\\\":\\\"1d4e8011d49d4e99bc4373f6c8f6c2c1\\\",\\\"merchantId\\\":\\\"e43cf7756d0b4ba8a4e9046774656ce8\\\",\\\"skuId\\\":\\\"1d4e8011d49d4e99bc4373f6c8f6c2c1\\\",\\\"f\\\":74,\\\"fnId\\\":\\\"fb72b6f9c1e54625a551711f6ee72714\\\",\\\"fnType\\\":\\\"wolverine\\\",\\\"by\\\":\\\"Vibranium\\\",\\\"at\\\":\\\"2019-07-29T05:27:55+00:00\\\",\\\"invUssn\\\":50,\\\"isInf\\\":false,\\\"ifa\\\":true,\\\"martAvail\\\":[{\\\"martId\\\":\\\"21\\\",\\\"ia\\\":true}],\\\"clt\\\":\\\"JoJ\\\"}\"}"}
{"id":"1d4e8011d49d4e99bc4373f6c8f6c2c1","table":"killmonger_events_table","keyspace":"msku","timestamp":"2019-07-29T05:45:03.494Z","clusteringKeys":["fb72b6f9c1e54625a551711f6ee72714","updateVbIdSellingIdInventorySkipped/1","1564378075"],"changedColumns":["selling_id","fulfillment_node_id","event_type","update_at","stream_sequence_number","event_data"],"record":"{\"selling_id\":\"1d4e8011d49d4e99bc4373f6c8f6c2c1\",\"fulfillment_node_id\":\"fb72b6f9c1e54625a551711f6ee72714\",\"event_type\":\"updateVbIdSellingIdInventorySkipped/1\",\"update_at\":1564378075,\"stream_sequence_number\":40,\"event_data\":\"{\\\"id\\\":\\\"c747487dc0fb44acbb13eb999fb21919\\\",\\\"vbId\\\":\\\"1d4e8011d49d4e99bc4373f6c8f6c2c1\\\",\\\"sellingId\\\":\\\"1d4e8011d49d4e99bc4373f6c8f6c2c1\\\",\\\"merchantId\\\":\\\"e43cf7756d0b4ba8a4e9046774656ce8\\\",\\\"skuId\\\":\\\"1d4e8011d49d4e99bc4373f6c8f6c2c1\\\",\\\"f\\\":74,\\\"fnId\\\":\\\"fb72b6f9c1e54625a551711f6ee72714\\\",\\\"fnType\\\":\\\"wolverine\\\",\\\"by\\\":\\\"Vibranium\\\",\\\"at\\\":\\\"2019-07-29T05:27:55+00:00\\\",\\\"invUssn\\\":50,\\\"isInf\\\":false}\"}"}
{"id":"ce5428add7b24aaf9e7c01b09b1082d2","table":"killmonger_events_table","keyspace":"msku","timestamp":"2019-07-29T05:45:03.494Z","clusteringKeys":["fb72b6f9c1e54625a551711f6ee72714","vbIdSellingIdInventoryUpdated/1","1564378075"],"changedColumns":["selling_id","fulfillment_node_id","event_type","update_at","stream_sequence_number","event_data"],"record":"{\"selling_id\":\"ce5428add7b24aaf9e7c01b09b1082d2\",\"fulfillment_node_id\":\"fb72b6f9c1e54625a551711f6ee72714\",\"event_type\":\"vbIdSellingIdInventoryUpdated/1\",\"update_at\":1564378075,\"stream_sequence_number\":41,\"event_data\":\"{\\\"id\\\":\\\"bea570deb23a4b58b33914e2e132d4f6\\\",\\\"vbId\\\":\\\"ce5428add7b24aaf9e7c01b09b1082d2\\\",\\\"sellingId\\\":\\\"ce5428add7b24aaf9e7c01b09b1082d2\\\",\\\"merchantId\\\":\\\"e43cf7756d0b4ba8a4e9046774656ce8\\\",\\\"skuId\\\":\\\"ce5428add7b24aaf9e7c01b09b1082d2\\\",\\\"f\\\":107,\\\"fnId\\\":\\\"fb72b6f9c1e54625a551711f6ee72714\\\",\\\"fnType\\\":\\\"wolverine\\\",\\\"by\\\":\\\"Vibranium\\\",\\\"at\\\":\\\"2019-07-29T05:27:55+00:00\\\",\\\"invUssn\\\":50,\\\"isInf\\\":false,\\\"ifa\\\":true,\\\"martAvail\\\":[{\\\"martId\\\":\\\"21\\\",\\\"ia\\\":true}],\\\"clt\\\":\\\"JoJ\\\"}\"}"}
{"id":"41375E102C0440EDAE24360A550A3518","table":"killmonger_events_table","keyspace":"msku","timestamp":"2019-07-29T05:44:37.021Z","clusteringKeys":["4916","vbIdSellingIdInventoryUpdated/1","1564378907"],"changedColumns":["selling_id","fulfillment_node_id","event_type","update_at","stream_sequence_number","event_data"],"record":"{\"selling_id\":\"41375E102C0440EDAE24360A550A3518\",\"fulfillment_node_id\":\"4916\",\"event_type\":\"vbIdSellingIdInventoryUpdated/1\",\"update_at\":1564378907,\"stream_sequence_number\":103,\"event_data\":\"{\\\"id\\\":\\\"8b716829c4f94ac493fe2703d06117ed\\\",\\\"vbId\\\":\\\"PantherMigrationVbId\\\",\\\"sellingId\\\":\\\"41375E102C0440EDAE24360A550A3518\\\",\\\"merchantId\\\":\\\"9fc08905039048918982091f266c2a29\\\",\\\"skuId\\\":\\\"PantherMigrationSkuId\\\",\\\"f\\\":0,\\\"fnId\\\":\\\"4916\\\",\\\"by\\\":\\\"Killmonger.Migration.MapInWalmartInvUpdates\\\",\\\"at\\\":\\\"2019-07-29T05:41:47.355+00:00\\\",\\\"invUssn\\\":0,\\\"isInf\\\":false,\\\"ifa\\\":true,\\\"martAvail\\\":[{\\\"martId\\\":\\\"21\\\",\\\"ia\\\":true},{\\\"martId\\\":\\\"0\\\",\\\"ia\\\":true}],\\\"clt\\\":\\\"WoJ\\\"}\"}"}
{"id":"425c4c28be8748ce9bda346f82259bc8","table":"killmonger_events_table","keyspace":"msku","timestamp":"2019-07-29T05:44:37.021Z","clusteringKeys":["7cde8dac2caf4417a5ee49b2a66f317b","vbIdSellingIdInventoryUpdated/1","1564377990"],"changedColumns":["selling_id","fulfillment_node_id","event_type","update_at","stream_sequence_number","event_data"],"record":"{\"selling_id\":\"425c4c28be8748ce9bda346f82259bc8\",\"fulfillment_node_id\":\"7cde8dac2caf4417a5ee49b2a66f317b\",\"event_type\":\"vbIdSellingIdInventoryUpdated/1\",\"update_at\":1564377990,\"stream_sequence_number\":207,\"event_data\":\"{\\\"id\\\":\\\"2552bfcef1524bb9be3a95862e600c8c\\\",\\\"vbId\\\":\\\"425c4c28be8748ce9bda346f82259bc8\\\",\\\"sellingId\\\":\\\"425c4c28be8748ce9bda346f82259bc8\\\",\\\"merchantId\\\":\\\"14de3c53f945451c9b39010be7d18874\\\",\\\"skuId\\\":\\\"425c4c28be8748ce9bda346f82259bc8\\\",\\\"f\\\":1,\\\"fnId\\\":\\\"7cde8dac2caf4417a5ee49b2a66f317b\\\",\\\"fnType\\\":\\\"wolverine\\\",\\\"by\\\":\\\"Vibranium\\\",\\\"at\\\":\\\"2019-07-29T05:26:30+00:00\\\",\\\"invUssn\\\":217,\\\"isInf\\\":false,\\\"ifa\\\":true,\\\"martAvail\\\":[{\\\"martId\\\":\\\"21\\\",\\\"ia\\\":true}],\\\"clt\\\":\\\"JoJ\\\"}\"}"}
{"id":"3FA3CA4CE1414857A192AD0B0C51D7A5","table":"killmonger_events_table","keyspace":"msku","timestamp":"2019-07-29T05:45:02.441Z","clusteringKeys":["5868","vbIdSellingIdInventoryUpdated/1","1564378908"],"changedColumns":["selling_id","fulfillment_node_id","event_type","update_at","stream_sequence_number","event_data"],"record":"{\"selling_id\":\"3FA3CA4CE1414857A192AD0B0C51D7A5\",\"fulfillment_node_id\":\"5868\",\"event_type\":\"vbIdSellingIdInventoryUpdated/1\",\"update_at\":1564378908,\"stream_sequence_number\":142,\"event_data\":\"{\\\"id\\\":\\\"2c265c5caba942ac941f16dabc7cc5d3\\\",\\\"vbId\\\":\\\"PantherMigrationVbId\\\",\\\"sellingId\\\":\\\"3FA3CA4CE1414857A192AD0B0C51D7A5\\\",\\\"merchantId\\\":\\\"9fc08905039048918982091f266c2a29\\\",\\\"skuId\\\":\\\"PantherMigrationSkuId\\\",\\\"f\\\":0,\\\"fnId\\\":\\\"5868\\\",\\\"by\\\":\\\"Killmonger.Migration.MapInWalmartInvUpdates\\\",\\\"at\\\":\\\"2019-07-29T05:41:48.326+00:00\\\",\\\"invUssn\\\":0,\\\"isInf\\\":false,\\\"ifa\\\":true,\\\"martAvail\\\":[{\\\"martId\\\":\\\"21\\\",\\\"ia\\\":true},{\\\"martId\\\":\\\"0\\\",\\\"ia\\\":true}],\\\"clt\\\":\\\"WoJ\\\"}\"}"}
{"id":"e0983029e9c04912b77fe2a57edc8385","table":"killmonger_events_table","keyspace":"msku","timestamp":"2019-07-29T05:40:44.690Z","clusteringKeys":["94a1566655374b93abfa0fa179a5f7e4","updateVbIdSellingIdInventorySkipped/1","1564378103"],"changedColumns":["selling_id","fulfillment_node_id","event_type","update_at","stream_sequence_number","event_data"],"record":"{\"selling_id\":\"e0983029e9c04912b77fe2a57edc8385\",\"fulfillment_node_id\":\"94a1566655374b93abfa0fa179a5f7e4\",\"event_type\":\"updateVbIdSellingIdInventorySkipped/1\",\"update_at\":1564378103,\"stream_sequence_number\":197,\"event_data\":\"{\\\"id\\\":\\\"4c87742da6494f8b9aeddf4cde529450\\\",\\\"vbId\\\":\\\"e0983029e9c04912b77fe2a57edc8385\\\",\\\"sellingId\\\":\\\"e0983029e9c04912b77fe2a57edc8385\\\",\\\"merchantId\\\":\\\"760e7f8a239d4574a7e4c477c87fa0a8\\\",\\\"skuId\\\":\\\"e0983029e9c04912b77fe2a57edc8385\\\",\\\"f\\\":100,\\\"fnId\\\":\\\"94a1566655374b93abfa0fa179a5f7e4\\\",\\\"fnType\\\":\\\"wolverine\\\",\\\"by\\\":\\\"Vibranium\\\",\\\"at\\\":\\\"2019-07-29T05:28:23+00:00\\\",\\\"invUssn\\\":173,\\\"isInf\\\":false}\"}"}
{"id":"99f8060960454f78b8ca3f6016cd59f9","table":"killmonger_events_table","keyspace":"msku","timestamp":"2019-07-29T05:45:02.449Z","clusteringKeys":["813719c5698f4d7a961f4493bc38cbe4","vbIdSellingIdInventoryUpdated/1","1564378208"],"changedColumns":["selling_id","fulfillment_node_id","event_type","update_at","stream_sequence_number","event_data"],"record":"{\"selling_id\":\"99f8060960454f78b8ca3f6016cd59f9\",\"fulfillment_node_id\":\"813719c5698f4d7a961f4493bc38cbe4\",\"event_type\":\"vbIdSellingIdInventoryUpdated/1\",\"update_at\":1564378208,\"stream_sequence_number\":4429,\"event_data\":\"{\\\"id\\\":\\\"2c32edf99f7c4602978a1ca1799a6e7b\\\",\\\"vbId\\\":\\\"99f8060960454f78b8ca3f6016cd59f9\\\",\\\"sellingId\\\":\\\"99f8060960454f78b8ca3f6016cd59f9\\\",\\\"merchantId\\\":\\\"1d6997521c224a54847df89ddf329c17\\\",\\\"skuId\\\":\\\"99f8060960454f78b8ca3f6016cd59f9\\\",\\\"f\\\":150,\\\"fnId\\\":\\\"813719c5698f4d7a961f4493bc38cbe4\\\",\\\"fnType\\\":\\\"wolverine\\\",\\\"by\\\":\\\"Vibranium\\\",\\\"at\\\":\\\"2019-07-29T05:30:08+00:00\\\",\\\"invUssn\\\":4065,\\\"isInf\\\":false,\\\"ifa\\\":true,\\\"martAvail\\\":[{\\\"martId\\\":\\\"21\\\",\\\"ia\\\":true}],\\\"clt\\\":\\\"JoJ\\\"}\"}"}
{"id":"B30E77ED613E419DAEEE5E2336FBC6BF","table":"killmonger_events_table","keyspace":"msku","timestamp":"2019-07-29T05:45:03.504Z","clusteringKeys":["6468","vbIdSellingIdInventoryUpdated/1","1564378911"],"changedColumns":["selling_id","fulfillment_node_id","event_type","update_at","stream_sequence_number","event_data"],"record":"{\"selling_id\":\"B30E77ED613E419DAEEE5E2336FBC6BF\",\"fulfillment_node_id\":\"6468\",\"event_type\":\"vbIdSellingIdInventoryUpdated/1\",\"update_at\":1564378911,\"stream_sequence_number\":136,\"event_data\":\"{\\\"id\\\":\\\"59b33d89a98e42169bd81bd0089a3667\\\",\\\"vbId\\\":\\\"PantherMigrationVbId\\\",\\\"sellingId\\\":\\\"B30E77ED613E419DAEEE5E2336FBC6BF\\\",\\\"merchantId\\\":\\\"9fc08905039048918982091f266c2a29\\\",\\\"skuId\\\":\\\"PantherMigrationSkuId\\\",\\\"f\\\":0,\\\"fnId\\\":\\\"6468\\\",\\\"by\\\":\\\"Killmonger.Migration.MapInWalmartInvUpdates\\\",\\\"at\\\":\\\"2019-07-29T05:41:51.729+00:00\\\",\\\"invUssn\\\":0,\\\"isInf\\\":false,\\\"ifa\\\":true,\\\"martAvail\\\":[{\\\"martId\\\":\\\"21\\\",\\\"ia\\\":true},{\\\"martId\\\":\\\"0\\\",\\\"ia\\\":true}],\\\"clt\\\":\\\"WoJ\\\"}\"}"}
{"id":"16b9e94a4a7d4e578f2081de2407aa5a","table":"killmonger_events_table","keyspace":"msku","timestamp":"2019-07-29T05:45:03.505Z","clusteringKeys":["7d029b0996bd4f16bbd74454bab3ab2e","vbIdSellingIdInventoryUpdated/1","1564378274"],"changedColumns":["selling_id","fulfillment_node_id","event_type","update_at","stream_sequence_number","event_data"],"record":"{\"selling_id\":\"16b9e94a4a7d4e578f2081de2407aa5a\",\"fulfillment_node_id\":\"7d029b0996bd4f16bbd74454bab3ab2e\",\"event_type\":\"vbIdSellingIdInventoryUpdated/1\",\"update_at\":1564378274,\"stream_sequence_number\":46,\"event_data\":\"{\\\"id\\\":\\\"9c180a5bdcad48d29f44795fcb2b7561\\\",\\\"vbId\\\":\\\"16b9e94a4a7d4e578f2081de2407aa5a\\\",\\\"sellingId\\\":\\\"16b9e94a4a7d4e578f2081de2407aa5a\\\",\\\"merchantId\\\":\\\"e43cf7756d0b4ba8a4e9046774656ce8\\\",\\\"skuId\\\":\\\"16b9e94a4a7d4e578f2081de2407aa5a\\\",\\\"f\\\":116,\\\"fnId\\\":\\\"7d029b0996bd4f16bbd74454bab3ab2e\\\",\\\"fnType\\\":\\\"wolverine\\\",\\\"by\\\":\\\"Vibranium\\\",\\\"at\\\":\\\"2019-07-29T05:31:14+00:00\\\",\\\"invUssn\\\":53,\\\"isInf\\\":false,\\\"ifa\\\":true,\\\"martAvail\\\":[{\\\"martId\\\":\\\"21\\\",\\\"ia\\\":true}],\\\"clt\\\":\\\"JoJ\\\"}\"}"}
{"id":"3F3E7BD27FF64BBC925A35B20DDA45F6","table":"killmonger_events_table","keyspace":"msku","timestamp":"2019-07-29T05:44:37.031Z","clusteringKeys":["3559","vbIdSellingIdInventoryUpdated/1","1564378907"],"changedColumns":["selling_id","fulfillment_node_id","event_type","update_at","stream_sequence_number","event_data"],"record":"{\"selling_id\":\"3F3E7BD27FF64BBC925A35B20DDA45F6\",\"fulfillment_node_id\":\"3559\",\"event_type\":\"vbIdSellingIdInventoryUpdated/1\",\"update_at\":1564378907,\"stream_sequence_number\":132,\"event_data\":\"{\\\"id\\\":\\\"bed672c33c134ae6b62b4dbb03de8a4e\\\",\\\"vbId\\\":\\\"PantherMigrationVbId\\\",\\\"sellingId\\\":\\\"3F3E7BD27FF64BBC925A35B20DDA45F6\\\",\\\"merchantId\\\":\\\"9fc08905039048918982091f266c2a29\\\",\\\"skuId\\\":\\\"PantherMigrationSkuId\\\",\\\"f\\\":0,\\\"fnId\\\":\\\"3559\\\",\\\"by\\\":\\\"Killmonger.Migration.MapInWalmartInvUpdates\\\",\\\"at\\\":\\\"2019-07-29T05:41:47.668+00:00\\\",\\\"invUssn\\\":0,\\\"isInf\\\":false,\\\"ifa\\\":true,\\\"martAvail\\\":[{\\\"martId\\\":\\\"21\\\",\\\"ia\\\":true},{\\\"martId\\\":\\\"0\\\",\\\"ia\\\":true}],\\\"clt\\\":\\\"WoJ\\\"}\"}"}
{"id":"b3f1e49e191a4cb9ae396d8817fa1981","table":"killmonger_events_table","keyspace":"msku","timestamp":"2019-07-29T05:44:37.033Z","clusteringKeys":["3cbcc7e28aac4f6fb0a8cde4e85483c0","vbIdSellingIdInventoryUpdated/1","1564378234"],"changedColumns":["selling_id","fulfillment_node_id","event_type","update_at","stream_sequence_number","event_data"],"record":"{\"selling_id\":\"b3f1e49e191a4cb9ae396d8817fa1981\",\"fulfillment_node_id\":\"3cbcc7e28aac4f6fb0a8cde4e85483c0\",\"event_type\":\"vbIdSellingIdInventoryUpdated/1\",\"update_at\":1564378234,\"stream_sequence_number\":92,\"event_data\":\"{\\\"id\\\":\\\"5407cd7d87b349ff88078f1192a07d6d\\\",\\\"vbId\\\":\\\"b3f1e49e191a4cb9ae396d8817fa1981\\\",\\\"sellingId\\\":\\\"b3f1e49e191a4cb9ae396d8817fa1981\\\",\\\"merchantId\\\":\\\"7eaf70709bf149f890dc3a845871dab4\\\",\\\"skuId\\\":\\\"b3f1e49e191a4cb9ae396d8817fa1981\\\",\\\"f\\\":559,\\\"fnId\\\":\\\"3cbcc7e28aac4f6fb0a8cde4e85483c0\\\",\\\"fnType\\\":\\\"wolverine\\\",\\\"by\\\":\\\"Vibranium\\\",\\\"at\\\":\\\"2019-07-29T05:30:34+00:00\\\",\\\"invUssn\\\":77,\\\"isInf\\\":false,\\\"ifa\\\":true,\\\"martAvail\\\":[{\\\"martId\\\":\\\"21\\\",\\\"ia\\\":true}],\\\"clt\\\":\\\"JoJ\\\"}\"}"}
{"id":"e70ef5ac134144dc8a6deef3344ebeb7","table":"killmonger_events_table","keyspace":"msku","timestamp":"2019-07-29T05:44:37.034Z","clusteringKeys":["fb72b6f9c1e54625a551711f6ee72714","updateVbIdSellingIdInventorySkipped/1","1564375344"],"changedColumns":["selling_id","fulfillment_node_id","event_type","update_at","stream_sequence_number","event_data"],"record":"{\"selling_id\":\"e70ef5ac134144dc8a6deef3344ebeb7\",\"fulfillment_node_id\":\"fb72b6f9c1e54625a551711f6ee72714\",\"event_type\":\"updateVbIdSellingIdInventorySkipped/1\",\"update_at\":1564375344,\"stream_sequence_number\":42,\"event_data\":\"{\\\"id\\\":\\\"ac7d30dbda194148828613713aff02aa\\\",\\\"vbId\\\":\\\"e70ef5ac134144dc8a6deef3344ebeb7\\\",\\\"sellingId\\\":\\\"e70ef5ac134144dc8a6deef3344ebeb7\\\",\\\"merchantId\\\":\\\"e43cf7756d0b4ba8a4e9046774656ce8\\\",\\\"skuId\\\":\\\"e70ef5ac134144dc8a6deef3344ebeb7\\\",\\\"f\\\":144,\\\"fnId\\\":\\\"fb72b6f9c1e54625a551711f6ee72714\\\",\\\"fnType\\\":\\\"wolverine\\\",\\\"by\\\":\\\"Vibranium\\\",\\\"at\\\":\\\"2019-07-29T04:42:24+00:00\\\",\\\"invUssn\\\":48,\\\"isInf\\\":false}\"}"}
{"id":"534d03923f5f4d1fa92b643d03c57f69","table":"killmonger_events_table","keyspace":"msku","timestamp":"2019-07-29T05:45:03.504Z","clusteringKeys":["fb72b6f9c1e54625a551711f6ee72714","updateVbIdSellingIdInventorySkipped/1","1564377874"],"changedColumns":["selling_id","fulfillment_node_id","event_type","update_at","stream_sequence_number","event_data"],"record":"{\"selling_id\":\"534d03923f5f4d1fa92b643d03c57f69\",\"fulfillment_node_id\":\"fb72b6f9c1e54625a551711f6ee72714\",\"event_type\":\"updateVbIdSellingIdInventorySkipped/1\",\"update_at\":1564377874,\"stream_sequence_number\":41,\"event_data\":\"{\\\"id\\\":\\\"70e1df1740494079bebcd6aa7b8e1d6c\\\",\\\"vbId\\\":\\\"534d03923f5f4d1fa92b643d03c57f69\\\",\\\"sellingId\\\":\\\"534d03923f5f4d1fa92b643d03c57f69\\\",\\\"merchantId\\\":\\\"e43cf7756d0b4ba8a4e9046774656ce8\\\",\\\"skuId\\\":\\\"534d03923f5f4d1fa92b643d03c57f69\\\",\\\"f\\\":51,\\\"fnId\\\":\\\"fb72b6f9c1e54625a551711f6ee72714\\\",\\\"fnType\\\":\\\"wolverine\\\",\\\"by\\\":\\\"Vibranium\\\",\\\"at\\\":\\\"2019-07-29T05:24:34+00:00\\\",\\\"invUssn\\\":50,\\\"isInf\\\":false}\"}"}
{"id":"82a935522d15459b8e9d7318d7c39675","table":"killmonger_events_table","keyspace":"msku","timestamp":"2019-07-29T05:45:03.504Z","clusteringKeys":["26102a482e97441d8f057e4c913fb8d3","updateVbIdSellingIdInventorySkipped/1","1564375756"],"changedColumns":["selling_id","fulfillment_node_id","event_type","update_at","stream_sequence_number","event_data"],"record":"{\"selling_id\":\"82a935522d15459b8e9d7318d7c39675\",\"fulfillment_node_id\":\"26102a482e97441d8f057e4c913fb8d3\",\"event_type\":\"updateVbIdSellingIdInventorySkipped/1\",\"update_at\":1564375756,\"stream_sequence_number\":213,\"event_data\":\"{\\\"id\\\":\\\"56c5e0ef067a43f8882073bf885dd813\\\",\\\"vbId\\\":\\\"82a935522d15459b8e9d7318d7c39675\\\",\\\"sellingId\\\":\\\"82a935522d15459b8e9d7318d7c39675\\\",\\\"merchantId\\\":\\\"fe8312b1a9a34cb4af19dd8b404af136\\\",\\\"skuId\\\":\\\"82a935522d15459b8e9d7318d7c39675\\\",\\\"f\\\":25,\\\"fnId\\\":\\\"26102a482e97441d8f057e4c913fb8d3\\\",\\\"fnType\\\":\\\"wolverine\\\",\\\"by\\\":\\\"Vibranium\\\",\\\"at\\\":\\\"2019-07-29T04:49:16+00:00\\\",\\\"invUssn\\\":247,\\\"isInf\\\":false}\"}"}
{"id":"CCC377893D844F0093BB7F65D23480B4","table":"killmonger_events_table","keyspace":"msku","timestamp":"2019-07-29T05:45:02.457Z","clusteringKeys":["10000002039","vbIdSellingIdInventoryUpdated/1","1564375415"],"changedColumns":["selling_id","fulfillment_node_id","event_type","update_at","stream_sequence_number","event_data"],"record":"{\"selling_id\":\"CCC377893D844F0093BB7F65D23480B4\",\"fulfillment_node_id\":\"10000002039\",\"event_type\":\"vbIdSellingIdInventoryUpdated/1\",\"update_at\":1564375415,\"stream_sequence_number\":69,\"event_data\":\"{\\\"id\\\":\\\"d4969d4f099e4e8face822d1ffa192d2\\\",\\\"vbId\\\":\\\"CE-0029-WHT-2096\\\",\\\"sellingId\\\":\\\"CCC377893D844F0093BB7F65D23480B4\\\",\\\"merchantId\\\":\\\"2096\\\",\\\"skuId\\\":\\\"CE-0029-WHT\\\",\\\"f\\\":3,\\\"fnId\\\":\\\"10000002039\\\",\\\"fnType\\\":\\\"MARKETPLACE\\\",\\\"by\\\":\\\"Vibranium\\\",\\\"at\\\":\\\"2019-07-29T04:43:35+00:00\\\",\\\"invUssn\\\":57,\\\"catUssn\\\":0,\\\"isInf\\\":false,\\\"ifa\\\":true,\\\"martAvail\\\":[{\\\"martId\\\":\\\"0\\\",\\\"ia\\\":true}],\\\"clt\\\":\\\"WoW\\\"}\"}"}
{"id":"A27C5D695F0846509029AA2BB04D963A","table":"killmonger_events_table","keyspace":"msku","timestamp":"2019-07-29T05:40:44.696Z","clusteringKeys":["10000001141","updateVbIdSellingIdInventorySkipped/1","1564378111"],"changedColumns":["selling_id","fulfillment_node_id","event_type","update_at","stream_sequence_number","event_data"],"record":"{\"selling_id\":\"A27C5D695F0846509029AA2BB04D963A\",\"fulfillment_node_id\":\"10000001141\",\"event_type\":\"updateVbIdSellingIdInventorySkipped/1\",\"update_at\":1564378111,\"stream_sequence_number\":283,\"event_data\":\"{\\\"id\\\":\\\"a0c3f2db16c24ee58cc80a6b031a1346\\\",\\\"vbId\\\":\\\"HLWY3229408S01-1073\\\",\\\"sellingId\\\":\\\"A27C5D695F0846509029AA2BB04D963A\\\",\\\"merchantId\\\":\\\"1073\\\",\\\"skuId\\\":\\\"HLWY3229408S01\\\",\\\"f\\\":500,\\\"fnId\\\":\\\"10000001141\\\",\\\"fnType\\\":\\\"MARKETPLACE\\\",\\\"by\\\":\\\"Vibranium\\\",\\\"at\\\":\\\"2019-07-29T05:28:31+00:00\\\",\\\"invUssn\\\":232,\\\"catUssn\\\":0,\\\"isInf\\\":false}\"}"}
{"id":"A27C5D695F0846509029AA2BB04D963A","table":"killmonger_events_table","keyspace":"msku","timestamp":"2019-07-29T05:40:44.696Z","clusteringKeys":["10000001141","updateVbIdSellingIdInventorySkipped/1","1564378111"],"changedColumns":["selling_id","fulfillment_node_id","event_type","update_at","stream_sequence_number","event_data"],"record":"{\"selling_id\":\"A27C5D695F0846509029AA2BB04D963A\",\"fulfillment_node_id\":\"10000001141\",\"event_type\":\"updateVbIdSellingIdInventorySkipped/1\",\"update_at\":1564378111,\"stream_sequence_number\":284,\"event_data\":\"{\\\"id\\\":\\\"a0c3f2db16c24ee58cc80a6b031a1346\\\",\\\"vbId\\\":\\\"HLWY3229408S01-1073\\\",\\\"sellingId\\\":\\\"A27C5D695F0846509029AA2BB04D963A\\\",\\\"merchantId\\\":\\\"1073\\\",\\\"skuId\\\":\\\"HLWY3229408S01\\\",\\\"f\\\":500,\\\"fnId\\\":\\\"10000001141\\\",\\\"fnType\\\":\\\"MARKETPLACE\\\",\\\"by\\\":\\\"Vibranium\\\",\\\"at\\\":\\\"2019-07-29T05:28:31+00:00\\\",\\\"invUssn\\\":232,\\\"catUssn\\\":0,\\\"isInf\\\":false}\"}"}
{"id":"dad7edc46ce44504bd0d75764b6014c1","table":"killmonger_events_table","keyspace":"msku","timestamp":"2019-07-29T05:40:44.700Z","clusteringKeys":["fb72b6f9c1e54625a551711f6ee72714","vbIdSellingIdInventoryUpdated/1","1564374773"],"changedColumns":["selling_id","fulfillment_node_id","event_type","update_at","stream_sequence_number","event_data"],"record":"{\"selling_id\":\"dad7edc46ce44504bd0d75764b6014c1\",\"fulfillment_node_id\":\"fb72b6f9c1e54625a551711f6ee72714\",\"event_type\":\"vbIdSellingIdInventoryUpdated/1\",\"update_at\":1564374773,\"stream_sequence_number\":45,\"event_data\":\"{\\\"id\\\":\\\"d407cb5f554945f9a8ecf77f27f042c8\\\",\\\"vbId\\\":\\\"dad7edc46ce44504bd0d75764b6014c1\\\",\\\"sellingId\\\":\\\"dad7edc46ce44504bd0d75764b6014c1\\\",\\\"merchantId\\\":\\\"e43cf7756d0b4ba8a4e9046774656ce8\\\",\\\"skuId\\\":\\\"dad7edc46ce44504bd0d75764b6014c1\\\",\\\"f\\\":117,\\\"fnId\\\":\\\"fb72b6f9c1e54625a551711f6ee72714\\\",\\\"fnType\\\":\\\"wolverine\\\",\\\"by\\\":\\\"Vibranium\\\",\\\"at\\\":\\\"2019-07-29T04:32:53+00:00\\\",\\\"invUssn\\\":52,\\\"isInf\\\":false,\\\"ifa\\\":true,\\\"martAvail\\\":[{\\\"martId\\\":\\\"21\\\",\\\"ia\\\":true}],\\\"clt\\\":\\\"JoJ\\\"}\"}"}
{"id":"fd48ca8489a84c94b0553f19dddcd632","table":"killmonger_events_table","keyspace":"msku","timestamp":"2019-07-29T05:45:03.507Z","clusteringKeys":["6ccbd76c487c42e5b65dd274f51b72ea","vbIdSellingIdInventoryUpdated/1","1564378274"],"changedColumns":["selling_id","fulfillment_node_id","event_type","update_at","stream_sequence_number","event_data"],"record":"{\"selling_id\":\"fd48ca8489a84c94b0553f19dddcd632\",\"fulfillment_node_id\":\"6ccbd76c487c42e5b65dd274f51b72ea\",\"event_type\":\"vbIdSellingIdInventoryUpdated/1\",\"update_at\":1564378274,\"stream_sequence_number\":41,\"event_data\":\"{\\\"id\\\":\\\"81d34e22dc9945ba9c3015ac98620800\\\",\\\"vbId\\\":\\\"fd48ca8489a84c94b0553f19dddcd632\\\",\\\"sellingId\\\":\\\"fd48ca8489a84c94b0553f19dddcd632\\\",\\\"merchantId\\\":\\\"e43cf7756d0b4ba8a4e9046774656ce8\\\",\\\"skuId\\\":\\\"fd48ca8489a84c94b0553f19dddcd632\\\",\\\"f\\\":88,\\\"fnId\\\":\\\"6ccbd76c487c42e5b65dd274f51b72ea\\\",\\\"fnType\\\":\\\"wolverine\\\",\\\"by\\\":\\\"Vibranium\\\",\\\"at\\\":\\\"2019-07-29T05:31:14+00:00\\\",\\\"invUssn\\\":47,\\\"isInf\\\":false,\\\"ifa\\\":true,\\\"martAvail\\\":[{\\\"martId\\\":\\\"21\\\",\\\"ia\\\":true}],\\\"clt\\\":\\\"JoJ\\\"}\"}"}
{"id":"c8f8d1b4b9444a0da49755bc917691f5","table":"killmonger_events_table","keyspace":"msku","timestamp":"2019-07-29T05:45:03.508Z","clusteringKeys":["fb72b6f9c1e54625a551711f6ee72714","vbIdSellingIdInventoryUpdated/1","1564378274"],"changedColumns":["selling_id","fulfillment_node_id","event_type","update_at","stream_sequence_number","event_data"],"record":"{\"selling_id\":\"c8f8d1b4b9444a0da49755bc917691f5\",\"fulfillment_node_id\":\"fb72b6f9c1e54625a551711f6ee72714\",\"event_type\":\"vbIdSellingIdInventoryUpdated/1\",\"update_at\":1564378274,\"stream_sequence_number\":48,\"event_data\":\"{\\\"id\\\":\\\"db0f3e486730411ea02cbecf21835fb4\\\",\\\"vbId\\\":\\\"c8f8d1b4b9444a0da49755bc917691f5\\\",\\\"sellingId\\\":\\\"c8f8d1b4b9444a0da49755bc917691f5\\\",\\\"merchantId\\\":\\\"e43cf7756d0b4ba8a4e9046774656ce8\\\",\\\"skuId\\\":\\\"c8f8d1b4b9444a0da49755bc917691f5\\\",\\\"f\\\":97,\\\"fnId\\\":\\\"fb72b6f9c1e54625a551711f6ee72714\\\",\\\"fnType\\\":\\\"wolverine\\\",\\\"by\\\":\\\"Vibranium\\\",\\\"at\\\":\\\"2019-07-29T05:31:14+00:00\\\",\\\"invUssn\\\":53,\\\"isInf\\\":false,\\\"ifa\\\":true,\\\"martAvail\\\":[{\\\"martId\\\":\\\"21\\\",\\\"ia\\\":true}],\\\"clt\\\":\\\"JoJ\\\"}\"}"}
{"id":"c8f8d1b4b9444a0da49755bc917691f5","table":"killmonger_events_table","keyspace":"msku","timestamp":"2019-07-29T05:45:03.508Z","clusteringKeys":["fb72b6f9c1e54625a551711f6ee72714","updateVbIdSellingIdInventorySkipped/1","1564378274"],"changedColumns":["selling_id","fulfillment_node_id","event_type","update_at","stream_sequence_number","event_data"],"record":"{\"selling_id\":\"c8f8d1b4b9444a0da49755bc917691f5\",\"fulfillment_node_id\":\"fb72b6f9c1e54625a551711f6ee72714\",\"event_type\":\"updateVbIdSellingIdInventorySkipped/1\",\"update_at\":1564378274,\"stream_sequence_number\":49,\"event_data\":\"{\\\"id\\\":\\\"db0f3e486730411ea02cbecf21835fb4\\\",\\\"vbId\\\":\\\"c8f8d1b4b9444a0da49755bc917691f5\\\",\\\"sellingId\\\":\\\"c8f8d1b4b9444a0da49755bc917691f5\\\",\\\"merchantId\\\":\\\"e43cf7756d0b4ba8a4e9046774656ce8\\\",\\\"skuId\\\":\\\"c8f8d1b4b9444a0da49755bc917691f5\\\",\\\"f\\\":97,\\\"fnId\\\":\\\"fb72b6f9c1e54625a551711f6ee72714\\\",\\\"fnType\\\":\\\"wolverine\\\",\\\"by\\\":\\\"Vibranium\\\",\\\"at\\\":\\\"2019-07-29T05:31:14+00:00\\\",\\\"invUssn\\\":53,\\\"isInf\\\":false}\"}"}
{"id":"60c0be0099e94112b67c6911781474d7","table":"killmonger_events_table","keyspace":"msku","timestamp":"2019-07-29T05:44:37.044Z","clusteringKeys":["c7e42bbec71748469f3409fac72e56f2","updateVbIdSellingIdInventorySkipped/1","1564375264"],"changedColumns":["selling_id","fulfillment_node_id","event_type","update_at","stream_sequence_number","event_data"],"record":"{\"selling_id\":\"60c0be0099e94112b67c6911781474d7\",\"fulfillment_node_id\":\"c7e42bbec71748469f3409fac72e56f2\",\"event_type\":\"updateVbIdSellingIdInventorySkipped/1\",\"update_at\":1564375264,\"stream_sequence_number\":200,\"event_data\":\"{\\\"id\\\":\\\"7d8349ef13bf4a23b88b5b8b98cd0bf6\\\",\\\"vbId\\\":\\\"60c0be0099e94112b67c6911781474d7\\\",\\\"sellingId\\\":\\\"60c0be0099e94112b67c6911781474d7\\\",\\\"merchantId\\\":\\\"551717ddd0054aa088ac5aa2e3f5e824\\\",\\\"skuId\\\":\\\"60c0be0099e94112b67c6911781474d7\\\",\\\"f\\\":8888,\\\"fnId\\\":\\\"c7e42bbec71748469f3409fac72e56f2\\\",\\\"fnType\\\":\\\"wolverine\\\",\\\"by\\\":\\\"Vibranium\\\",\\\"at\\\":\\\"2019-07-29T04:41:04+00:00\\\",\\\"invUssn\\\":224,\\\"isInf\\\":false}\"}"}
{"id":"d9cb353a4ccf4720b009ddedf5826c37","table":"killmonger_events_table","keyspace":"msku","timestamp":"2019-07-29T05:44:37.044Z","clusteringKeys":["fb72b6f9c1e54625a551711f6ee72714","updateVbIdSellingIdInventorySkipped/1","1564375160"],"changedColumns":["selling_id","fulfillment_node_id","event_type","update_at","stream_sequence_number","event_data"],"record":"{\"selling_id\":\"d9cb353a4ccf4720b009ddedf5826c37\",\"fulfillment_node_id\":\"fb72b6f9c1e54625a551711f6ee72714\",\"event_type\":\"updateVbIdSellingIdInventorySkipped/1\",\"update_at\":1564375160,\"stream_sequence_number\":55,\"event_data\":\"{\\\"id\\\":\\\"1c95598dce704cc7ae3e119a3ab4cc86\\\",\\\"vbId\\\":\\\"d9cb353a4ccf4720b009ddedf5826c37\\\",\\\"sellingId\\\":\\\"d9cb353a4ccf4720b009ddedf5826c37\\\",\\\"merchantId\\\":\\\"e43cf7756d0b4ba8a4e9046774656ce8\\\",\\\"skuId\\\":\\\"d9cb353a4ccf4720b009ddedf5826c37\\\",\\\"f\\\":110,\\\"fnId\\\":\\\"fb72b6f9c1e54625a551711f6ee72714\\\",\\\"fnType\\\":\\\"wolverine\\\",\\\"by\\\":\\\"Vibranium\\\",\\\"at\\\":\\\"2019-07-29T04:39:20+00:00\\\",\\\"invUssn\\\":49,\\\"isInf\\\":false}\"}"}
{"id":"d9cb353a4ccf4720b009ddedf5826c37","table":"killmonger_events_table","keyspace":"msku","timestamp":"2019-07-29T05:44:37.044Z","clusteringKeys":["fb72b6f9c1e54625a551711f6ee72714","updateVbIdSellingIdInventorySkipped/1","1564375160"],"changedColumns":["selling_id","fulfillment_node_id","event_type","update_at","stream_sequence_number","event_data"],"record":"{\"selling_id\":\"d9cb353a4ccf4720b009ddedf5826c37\",\"fulfillment_node_id\":\"fb72b6f9c1e54625a551711f6ee72714\",\"event_type\":\"updateVbIdSellingIdInventorySkipped/1\",\"update_at\":1564375160,\"stream_sequence_number\":56,\"event_data\":\"{\\\"id\\\":\\\"a23d0fdb612048c69d523487d756418b\\\",\\\"vbId\\\":\\\"d9cb353a4ccf4720b009ddedf5826c37\\\",\\\"sellingId\\\":\\\"d9cb353a4ccf4720b009ddedf5826c37\\\",\\\"merchantId\\\":\\\"e43cf7756d0b4ba8a4e9046774656ce8\\\",\\\"skuId\\\":\\\"d9cb353a4ccf4720b009ddedf5826c37\\\",\\\"f\\\":110,\\\"fnId\\\":\\\"fb72b6f9c1e54625a551711f6ee72714\\\",\\\"fnType\\\":\\\"wolverine\\\",\\\"by\\\":\\\"Vibranium\\\",\\\"at\\\":\\\"2019-07-29T04:39:20+00:00\\\",\\\"invUssn\\\":49,\\\"isInf\\\":false}\"}"}
{"id":"d9cb353a4ccf4720b009ddedf5826c37","table":"killmonger_events_table","keyspace":"msku","timestamp":"2019-07-29T05:44:37.045Z","clusteringKeys":["fb72b6f9c1e54625a551711f6ee72714","updateVbIdSellingIdInventorySkipped/1","1564375160"],"changedColumns":["selling_id","fulfillment_node_id","event_type","update_at","stream_sequence_number","event_data"],"record":"{\"selling_id\":\"d9cb353a4ccf4720b009ddedf5826c37\",\"fulfillment_node_id\":\"fb72b6f9c1e54625a551711f6ee72714\",\"event_type\":\"updateVbIdSellingIdInventorySkipped/1\",\"update_at\":1564375160,\"stream_sequence_number\":57,\"event_data\":\"{\\\"id\\\":\\\"8565900922f740979497cd09a13ea8cb\\\",\\\"vbId\\\":\\\"d9cb353a4ccf4720b009ddedf5826c37\\\",\\\"sellingId\\\":\\\"d9cb353a4ccf4720b009ddedf5826c37\\\",\\\"merchantId\\\":\\\"e43cf7756d0b4ba8a4e9046774656ce8\\\",\\\"skuId\\\":\\\"d9cb353a4ccf4720b009ddedf5826c37\\\",\\\"f\\\":110,\\\"fnId\\\":\\\"fb72b6f9c1e54625a551711f6ee72714\\\",\\\"fnType\\\":\\\"wolverine\\\",\\\"by\\\":\\\"Vibranium\\\",\\\"at\\\":\\\"2019-07-29T04:39:20+00:00\\\",\\\"invUssn\\\":49,\\\"isInf\\\":false}\"}"}
{"id":"00BBD2BF88E04E79AF2F812C6607E577","table":"killmonger_events_table","keyspace":"msku","timestamp":"2019-07-29T05:40:44.703Z","clusteringKeys":["5926","vbIdSellingIdInventoryUpdated/1","1564375587"],"changedColumns":["selling_id","fulfillment_node_id","event_type","update_at","stream_sequence_number","event_data"],"record":"{\"selling_id\":\"00BBD2BF88E04E79AF2F812C6607E577\",\"fulfillment_node_id\":\"5926\",\"event_type\":\"vbIdSellingIdInventoryUpdated/1\",\"update_at\":1564375587,\"stream_sequence_number\":136,\"event_data\":\"{\\\"id\\\":\\\"bafd19ec6fa0410086044fe80a604774\\\",\\\"vbId\\\":\\\"PantherMigrationVbId\\\",\\\"sellingId\\\":\\\"00BBD2BF88E04E79AF2F812C6607E577\\\",\\\"merchantId\\\":\\\"9fc08905039048918982091f266c2a29\\\",\\\"skuId\\\":\\\"PantherMigrationSkuId\\\",\\\"f\\\":0,\\\"fnId\\\":\\\"5926\\\",\\\"by\\\":\\\"Killmonger.Migration.MapInWalmartInvUpdates\\\",\\\"at\\\":\\\"2019-07-29T04:46:27.641+00:00\\\",\\\"invUssn\\\":0,\\\"isInf\\\":false,\\\"ifa\\\":true,\\\"martAvail\\\":[{\\\"martId\\\":\\\"21\\\",\\\"ia\\\":true},{\\\"martId\\\":\\\"0\\\",\\\"ia\\\":true}],\\\"clt\\\":\\\"WoJ\\\"}\"}"}
{"id":"73fcd7cbe25d49588fcd66a7477be8bb","table":"killmonger_events_table","keyspace":"msku","timestamp":"2019-07-29T05:44:37.045Z","clusteringKeys":["fb72b6f9c1e54625a551711f6ee72714","vbIdSellingIdInventoryUpdated/1","1564378075"],"changedColumns":["selling_id","fulfillment_node_id","event_type","update_at","stream_sequence_number","event_data"],"record":"{\"selling_id\":\"73fcd7cbe25d49588fcd66a7477be8bb\",\"fulfillment_node_id\":\"fb72b6f9c1e54625a551711f6ee72714\",\"event_type\":\"vbIdSellingIdInventoryUpdated/1\",\"update_at\":1564378075,\"stream_sequence_number\":39,\"event_data\":\"{\\\"id\\\":\\\"112b871b6e3245269b7b471dc36b0792\\\",\\\"vbId\\\":\\\"73fcd7cbe25d49588fcd66a7477be8bb\\\",\\\"sellingId\\\":\\\"73fcd7cbe25d49588fcd66a7477be8bb\\\",\\\"merchantId\\\":\\\"e43cf7756d0b4ba8a4e9046774656ce8\\\",\\\"skuId\\\":\\\"73fcd7cbe25d49588fcd66a7477be8bb\\\",\\\"f\\\":51,\\\"fnId\\\":\\\"fb72b6f9c1e54625a551711f6ee72714\\\",\\\"fnType\\\":\\\"wolverine\\\",\\\"by\\\":\\\"Vibranium\\\",\\\"at\\\":\\\"2019-07-29T05:27:55+00:00\\\",\\\"invUssn\\\":50,\\\"isInf\\\":false,\\\"ifa\\\":true,\\\"martAvail\\\":[{\\\"martId\\\":\\\"21\\\",\\\"ia\\\":true}],\\\"clt\\\":\\\"JoJ\\\"}\"}"}
{"id":"799df4d451c24daa9cdecd1f1288f9e1","table":"killmonger_events_table","keyspace":"msku","timestamp":"2019-07-29T05:40:44.704Z","clusteringKeys":["0a633d9fe80f4a45b6fdf372a649be0c","vbIdSellingIdInventoryUpdated/1","1564378274"],"changedColumns":["selling_id","fulfillment_node_id","event_type","update_at","stream_sequence_number","event_data"],"record":"{\"selling_id\":\"799df4d451c24daa9cdecd1f1288f9e1\",\"fulfillment_node_id\":\"0a633d9fe80f4a45b6fdf372a649be0c\",\"event_type\":\"vbIdSellingIdInventoryUpdated/1\",\"update_at\":1564378274,\"stream_sequence_number\":38,\"event_data\":\"{\\\"id\\\":\\\"2a6bea7a7a79443486e6a5cb7233fcb1\\\",\\\"vbId\\\":\\\"799df4d451c24daa9cdecd1f1288f9e1\\\",\\\"sellingId\\\":\\\"799df4d451c24daa9cdecd1f1288f9e1\\\",\\\"merchantId\\\":\\\"e43cf7756d0b4ba8a4e9046774656ce8\\\",\\\"skuId\\\":\\\"799df4d451c24daa9cdecd1f1288f9e1\\\",\\\"f\\\":124,\\\"fnId\\\":\\\"0a633d9fe80f4a45b6fdf372a649be0c\\\",\\\"fnType\\\":\\\"wolverine\\\",\\\"by\\\":\\\"Vibranium\\\",\\\"at\\\":\\\"2019-07-29T05:31:14+00:00\\\",\\\"invUssn\\\":49,\\\"isInf\\\":false,\\\"ifa\\\":true,\\\"martAvail\\\":[{\\\"martId\\\":\\\"21\\\",\\\"ia\\\":true}],\\\"clt\\\":\\\"JoJ\\\"}\"}"}
{"id":"799df4d451c24daa9cdecd1f1288f9e1","table":"killmonger_events_table","keyspace":"msku","timestamp":"2019-07-29T05:40:44.704Z","clusteringKeys":["0a633d9fe80f4a45b6fdf372a649be0c","updateVbIdSellingIdInventorySkipped/1","1564378274"],"changedColumns":["selling_id","fulfillment_node_id","event_type","update_at","stream_sequence_number","event_data"],"record":"{\"selling_id\":\"799df4d451c24daa9cdecd1f1288f9e1\",\"fulfillment_node_id\":\"0a633d9fe80f4a45b6fdf372a649be0c\",\"event_type\":\"updateVbIdSellingIdInventorySkipped/1\",\"update_at\":1564378274,\"stream_sequence_number\":39,\"event_data\":\"{\\\"id\\\":\\\"2a6bea7a7a79443486e6a5cb7233fcb1\\\",\\\"vbId\\\":\\\"799df4d451c24daa9cdecd1f1288f9e1\\\",\\\"sellingId\\\":\\\"799df4d451c24daa9cdecd1f1288f9e1\\\",\\\"merchantId\\\":\\\"e43cf7756d0b4ba8a4e9046774656ce8\\\",\\\"skuId\\\":\\\"799df4d451c24daa9cdecd1f1288f9e1\\\",\\\"f\\\":124,\\\"fnId\\\":\\\"0a633d9fe80f4a45b6fdf372a649be0c\\\",\\\"fnType\\\":\\\"wolverine\\\",\\\"by\\\":\\\"Vibranium\\\",\\\"at\\\":\\\"2019-07-29T05:31:14+00:00\\\",\\\"invUssn\\\":49,\\\"isInf\\\":false}\"}"}
{"id":"3D499B2698194D5FA62A6AEF22E7BE00","table":"killmonger_events_table","keyspace":"msku","timestamp":"2019-07-29T05:44:37.048Z","clusteringKeys":["6559","vbIdSellingIdInventoryUpdated/1","1564378909"],"changedColumns":["selling_id","fulfillment_node_id","event_type","update_at","stream_sequence_number","event_data"],"record":"{\"selling_id\":\"3D499B2698194D5FA62A6AEF22E7BE00\",\"fulfillment_node_id\":\"6559\",\"event_type\":\"vbIdSellingIdInventoryUpdated/1\",\"update_at\":1564378909,\"stream_sequence_number\":176,\"event_data\":\"{\\\"id\\\":\\\"7bb5f2a6a6144d31990fdb607915b464\\\",\\\"vbId\\\":\\\"PantherMigrationVbId\\\",\\\"sellingId\\\":\\\"3D499B2698194D5FA62A6AEF22E7BE00\\\",\\\"merchantId\\\":\\\"9fc08905039048918982091f266c2a29\\\",\\\"skuId\\\":\\\"PantherMigrationSkuId\\\",\\\"f\\\":8,\\\"fnId\\\":\\\"6559\\\",\\\"by\\\":\\\"Killmonger.Migration.MapInWalmartInvUpdates\\\",\\\"at\\\":\\\"2019-07-29T05:41:49.691+00:00\\\",\\\"invUssn\\\":0,\\\"isInf\\\":false,\\\"ifa\\\":true,\\\"martAvail\\\":[{\\\"martId\\\":\\\"21\\\",\\\"ia\\\":true},{\\\"martId\\\":\\\"0\\\",\\\"ia\\\":true}],\\\"clt\\\":\\\"WoJ\\\"}\"}"}
{"id":"3D499B2698194D5FA62A6AEF22E7BE00","table":"killmonger_events_table","keyspace":"msku","timestamp":"2019-07-29T05:44:37.048Z","clusteringKeys":["6559","vbIdSellingIdInventoryUpdated/1","1564378909"],"changedColumns":["selling_id","fulfillment_node_id","event_type","update_at","stream_sequence_number","event_data"],"record":"{\"selling_id\":\"3D499B2698194D5FA62A6AEF22E7BE00\",\"fulfillment_node_id\":\"6559\",\"event_type\":\"vbIdSellingIdInventoryUpdated/1\",\"update_at\":1564378909,\"stream_sequence_number\":177,\"event_data\":\"{\\\"id\\\":\\\"7bb5f2a6a6144d31990fdb607915b464\\\",\\\"vbId\\\":\\\"PantherMigrationVbId\\\",\\\"sellingId\\\":\\\"3D499B2698194D5FA62A6AEF22E7BE00\\\",\\\"merchantId\\\":\\\"9fc08905039048918982091f266c2a29\\\",\\\"skuId\\\":\\\"PantherMigrationSkuId\\\",\\\"f\\\":8,\\\"fnId\\\":\\\"6559\\\",\\\"by\\\":\\\"Killmonger.Migration.MapInWalmartInvUpdates\\\",\\\"at\\\":\\\"2019-07-29T05:41:49.691+00:00\\\",\\\"invUssn\\\":0,\\\"isInf\\\":false,\\\"ifa\\\":true,\\\"martAvail\\\":[{\\\"martId\\\":\\\"21\\\",\\\"ia\\\":true},{\\\"martId\\\":\\\"0\\\",\\\"ia\\\":true}],\\\"clt\\\":\\\"WoJ\\\"}\"}"}
{"id":"09303c45aafd4e5c8a9a7a4f6fdc5405","table":"killmonger_events_table","keyspace":"msku","timestamp":"2019-07-29T05:40:44.709Z","clusteringKeys":["fb72b6f9c1e54625a551711f6ee72714","vbIdSellingIdInventoryUpdated/1","1564378479"],"changedColumns":["selling_id","fulfillment_node_id","event_type","update_at","stream_sequence_number","event_data"],"record":"{\"selling_id\":\"09303c45aafd4e5c8a9a7a4f6fdc5405\",\"fulfillment_node_id\":\"fb72b6f9c1e54625a551711f6ee72714\",\"event_type\":\"vbIdSellingIdInventoryUpdated/1\",\"update_at\":1564378479,\"stream_sequence_number\":40,\"event_data\":\"{\\\"id\\\":\\\"404764567c4f419a87ff88f8625be104\\\",\\\"vbId\\\":\\\"09303c45aafd4e5c8a9a7a4f6fdc5405\\\",\\\"sellingId\\\":\\\"09303c45aafd4e5c8a9a7a4f6fdc5405\\\",\\\"merchantId\\\":\\\"e43cf7756d0b4ba8a4e9046774656ce8\\\",\\\"skuId\\\":\\\"09303c45aafd4e5c8a9a7a4f6fdc5405\\\",\\\"f\\\":89,\\\"fnId\\\":\\\"fb72b6f9c1e54625a551711f6ee72714\\\",\\\"fnType\\\":\\\"wolverine\\\",\\\"by\\\":\\\"Vibranium\\\",\\\"at\\\":\\\"2019-07-29T05:34:39+00:00\\\",\\\"invUssn\\\":47,\\\"isInf\\\":false,\\\"ifa\\\":true,\\\"martAvail\\\":[{\\\"martId\\\":\\\"21\\\",\\\"ia\\\":true}],\\\"clt\\\":\\\"JoJ\\\"}\"}"}
{"id":"BC1DACF2A0BE49D3A530DDE4AA7D24B3","table":"killmonger_events_table","keyspace":"msku","timestamp":"2019-07-29T05:40:44.709Z","clusteringKeys":["5868","vbIdSellingIdInventoryUpdated/1","1564376141"],"changedColumns":["selling_id","fulfillment_node_id","event_type","update_at","stream_sequence_number","event_data"],"record":"{\"selling_id\":\"BC1DACF2A0BE49D3A530DDE4AA7D24B3\",\"fulfillment_node_id\":\"5868\",\"event_type\":\"vbIdSellingIdInventoryUpdated/1\",\"update_at\":1564376141,\"stream_sequence_number\":126,\"event_data\":\"{\\\"id\\\":\\\"6c2efd90f16e4e72b419d06abb2bcb42\\\",\\\"vbId\\\":\\\"PantherMigrationVbId\\\",\\\"sellingId\\\":\\\"BC1DACF2A0BE49D3A530DDE4AA7D24B3\\\",\\\"merchantId\\\":\\\"9fc08905039048918982091f266c2a29\\\",\\\"skuId\\\":\\\"PantherMigrationSkuId\\\",\\\"f\\\":0,\\\"fnId\\\":\\\"5868\\\",\\\"by\\\":\\\"Killmonger.Migration.MapInWalmartInvUpdates\\\",\\\"at\\\":\\\"2019-07-29T04:55:41.862+00:00\\\",\\\"invUssn\\\":0,\\\"isInf\\\":false,\\\"ifa\\\":true,\\\"martAvail\\\":[{\\\"martId\\\":\\\"21\\\",\\\"ia\\\":true},{\\\"martId\\\":\\\"0\\\",\\\"ia\\\":true}],\\\"clt\\\":\\\"WoJ\\\"}\"}"}
{"id":"300517c953314da9a46e27671f901963","table":"killmonger_events_table","keyspace":"msku","timestamp":"2019-07-29T05:45:03.522Z","clusteringKeys":["fb72b6f9c1e54625a551711f6ee72714","vbIdSellingIdInventoryUpdated/1","1564375160"],"changedColumns":["selling_id","fulfillment_node_id","event_type","update_at","stream_sequence_number","event_data"],"record":"{\"selling_id\":\"300517c953314da9a46e27671f901963\",\"fulfillment_node_id\":\"fb72b6f9c1e54625a551711f6ee72714\",\"event_type\":\"vbIdSellingIdInventoryUpdated/1\",\"update_at\":1564375160,\"stream_sequence_number\":52,\"event_data\":\"{\\\"id\\\":\\\"3ed81c99b91d4844a84ac934dd8f611f\\\",\\\"vbId\\\":\\\"300517c953314da9a46e27671f901963\\\",\\\"sellingId\\\":\\\"300517c953314da9a46e27671f901963\\\",\\\"merchantId\\\":\\\"e43cf7756d0b4ba8a4e9046774656ce8\\\",\\\"skuId\\\":\\\"300517c953314da9a46e27671f901963\\\",\\\"f\\\":141,\\\"fnId\\\":\\\"fb72b6f9c1e54625a551711f6ee72714\\\",\\\"fnType\\\":\\\"wolverine\\\",\\\"by\\\":\\\"Vibranium\\\",\\\"at\\\":\\\"2019-07-29T04:39:20+00:00\\\",\\\"invUssn\\\":50,\\\"isInf\\\":false,\\\"ifa\\\":true,\\\"martAvail\\\":[{\\\"martId\\\":\\\"21\\\",\\\"ia\\\":true}],\\\"clt\\\":\\\"JoJ\\\"}\"}"}
{"id":"038ECB41803D4FD5806739856ABC3F75","table":"killmonger_events_table","keyspace":"msku","timestamp":"2019-07-29T05:40:44.709Z","clusteringKeys":["4364","vbIdSellingIdInventoryUpdated/1","1564378911"],"changedColumns":["selling_id","fulfillment_node_id","event_type","update_at","stream_sequence_number","event_data"],"record":"{\"selling_id\":\"038ECB41803D4FD5806739856ABC3F75\",\"fulfillment_node_id\":\"4364\",\"event_type\":\"vbIdSellingIdInventoryUpdated/1\",\"update_at\":1564378911,\"stream_sequence_number\":154,\"event_data\":\"{\\\"id\\\":\\\"ffb23329e5294e0cb27d06b3fc19bb02\\\",\\\"vbId\\\":\\\"PantherMigrationVbId\\\",\\\"sellingId\\\":\\\"038ECB41803D4FD5806739856ABC3F75\\\",\\\"merchantId\\\":\\\"9fc08905039048918982091f266c2a29\\\",\\\"skuId\\\":\\\"PantherMigrationSkuId\\\",\\\"f\\\":0,\\\"fnId\\\":\\\"4364\\\",\\\"by\\\":\\\"Killmonger.Migration.MapInWalmartInvUpdates\\\",\\\"at\\\":\\\"2019-07-29T05:41:51.086+00:00\\\",\\\"invUssn\\\":0,\\\"isInf\\\":false,\\\"ifa\\\":true,\\\"martAvail\\\":[{\\\"martId\\\":\\\"21\\\",\\\"ia\\\":true},{\\\"martId\\\":\\\"0\\\",\\\"ia\\\":true}],\\\"clt\\\":\\\"WoJ\\\"}\"}"}
{"id":"47f91909ff5f482c8b499ce49f65e84a","table":"killmonger_events_table","keyspace":"msku","timestamp":"2019-07-29T05:45:02.468Z","clusteringKeys":["fb72b6f9c1e54625a551711f6ee72714","vbIdSellingIdInventoryUpdated/1","1564378274"],"changedColumns":["selling_id","fulfillment_node_id","event_type","update_at","stream_sequence_number","event_data"],"record":"{\"selling_id\":\"47f91909ff5f482c8b499ce49f65e84a\",\"fulfillment_node_id\":\"fb72b6f9c1e54625a551711f6ee72714\",\"event_type\":\"vbIdSellingIdInventoryUpdated/1\",\"update_at\":1564378274,\"stream_sequence_number\":42,\"event_data\":\"{\\\"id\\\":\\\"51c79947f99e419393503c33267b69af\\\",\\\"vbId\\\":\\\"47f91909ff5f482c8b499ce49f65e84a\\\",\\\"sellingId\\\":\\\"47f91909ff5f482c8b499ce49f65e84a\\\",\\\"merchantId\\\":\\\"e43cf7756d0b4ba8a4e9046774656ce8\\\",\\\"skuId\\\":\\\"47f91909ff5f482c8b499ce49f65e84a\\\",\\\"f\\\":134,\\\"fnId\\\":\\\"fb72b6f9c1e54625a551711f6ee72714\\\",\\\"fnType\\\":\\\"wolverine\\\",\\\"by\\\":\\\"Vibranium\\\",\\\"at\\\":\\\"2019-07-29T05:31:14+00:00\\\",\\\"invUssn\\\":50,\\\"isInf\\\":false,\\\"ifa\\\":true,\\\"martAvail\\\":[{\\\"martId\\\":\\\"21\\\",\\\"ia\\\":true}],\\\"clt\\\":\\\"JoJ\\\"}\"}"}
{"id":"20e7152d759144f38f456c0209446868","table":"killmonger_events_table","keyspace":"msku","timestamp":"2019-07-29T05:45:02.469Z","clusteringKeys":["d8c82725c2f44901bbee8db463c10582","vbIdSellingIdInventoryUpdated/1","1564378165"],"changedColumns":["selling_id","fulfillment_node_id","event_type","update_at","stream_sequence_number","event_data"],"record":"{\"selling_id\":\"20e7152d759144f38f456c0209446868\",\"fulfillment_node_id\":\"d8c82725c2f44901bbee8db463c10582\",\"event_type\":\"vbIdSellingIdInventoryUpdated/1\",\"update_at\":1564378165,\"stream_sequence_number\":230,\"event_data\":\"{\\\"id\\\":\\\"37661aa912934d47a62c3f7d8fe50842\\\",\\\"vbId\\\":\\\"20e7152d759144f38f456c0209446868\\\",\\\"sellingId\\\":\\\"20e7152d759144f38f456c0209446868\\\",\\\"merchantId\\\":\\\"01133ed0b8d64d11b1766d2295fa867b\\\",\\\"skuId\\\":\\\"20e7152d759144f38f456c0209446868\\\",\\\"f\\\":700,\\\"fnId\\\":\\\"d8c82725c2f44901bbee8db463c10582\\\",\\\"fnType\\\":\\\"wolverine\\\",\\\"by\\\":\\\"Vibranium\\\",\\\"at\\\":\\\"2019-07-29T05:29:25+00:00\\\",\\\"invUssn\\\":242,\\\"isInf\\\":false,\\\"ifa\\\":true,\\\"martAvail\\\":[{\\\"martId\\\":\\\"21\\\",\\\"ia\\\":true}],\\\"clt\\\":\\\"JoJ\\\"}\"}"}
{"id":"20e7152d759144f38f456c0209446868","table":"killmonger_events_table","keyspace":"msku","timestamp":"2019-07-29T05:45:02.469Z","clusteringKeys":["d8c82725c2f44901bbee8db463c10582","updateVbIdSellingIdInventorySkipped/1","1564378165"],"changedColumns":["selling_id","fulfillment_node_id","event_type","update_at","stream_sequence_number","event_data"],"record":"{\"selling_id\":\"20e7152d759144f38f456c0209446868\",\"fulfillment_node_id\":\"d8c82725c2f44901bbee8db463c10582\",\"event_type\":\"updateVbIdSellingIdInventorySkipped/1\",\"update_at\":1564378165,\"stream_sequence_number\":231,\"event_data\":\"{\\\"id\\\":\\\"37661aa912934d47a62c3f7d8fe50842\\\",\\\"vbId\\\":\\\"20e7152d759144f38f456c0209446868\\\",\\\"sellingId\\\":\\\"20e7152d759144f38f456c0209446868\\\",\\\"merchantId\\\":\\\"01133ed0b8d64d11b1766d2295fa867b\\\",\\\"skuId\\\":\\\"20e7152d759144f38f456c0209446868\\\",\\\"f\\\":700,\\\"fnId\\\":\\\"d8c82725c2f44901bbee8db463c10582\\\",\\\"fnType\\\":\\\"wolverine\\\",\\\"by\\\":\\\"Vibranium\\\",\\\"at\\\":\\\"2019-07-29T05:29:25+00:00\\\",\\\"invUssn\\\":242,\\\"isInf\\\":false}\"}"}
{"id":"dc31627d027d480b90aeaed25b7667ac","table":"killmonger_events_table","keyspace":"msku","timestamp":"2019-07-29T05:45:02.470Z","clusteringKeys":["3cbcc7e28aac4f6fb0a8cde4e85483c0","updateVbIdSellingIdInventorySkipped/1","1564375131"],"changedColumns":["selling_id","fulfillment_node_id","event_type","update_at","stream_sequence_number","event_data"],"record":"{\"selling_id\":\"dc31627d027d480b90aeaed25b7667ac\",\"fulfillment_node_id\":\"3cbcc7e28aac4f6fb0a8cde4e85483c0\",\"event_type\":\"updateVbIdSellingIdInventorySkipped/1\",\"update_at\":1564375131,\"stream_sequence_number\":55,\"event_data\":\"{\\\"id\\\":\\\"716825d1f0804334b23ec5d0d709f847\\\",\\\"vbId\\\":\\\"dc31627d027d480b90aeaed25b7667ac\\\",\\\"sellingId\\\":\\\"dc31627d027d480b90aeaed25b7667ac\\\",\\\"merchantId\\\":\\\"7eaf70709bf149f890dc3a845871dab4\\\",\\\"skuId\\\":\\\"dc31627d027d480b90aeaed25b7667ac\\\",\\\"f\\\":559,\\\"fnId\\\":\\\"3cbcc7e28aac4f6fb0a8cde4e85483c0\\\",\\\"fnType\\\":\\\"wolverine\\\",\\\"by\\\":\\\"Vibranium\\\",\\\"at\\\":\\\"2019-07-29T04:38:51+00:00\\\",\\\"invUssn\\\":43,\\\"isInf\\\":false}\"}"}
{"id":"b5e97eec3ab441ffa4b77cda10fb528c","table":"killmonger_events_table","keyspace":"msku","timestamp":"2019-07-29T05:40:44.711Z","clusteringKeys":["6ccbd76c487c42e5b65dd274f51b72ea","vbIdSellingIdInventoryUpdated/1","1564378274"],"changedColumns":["selling_id","fulfillment_node_id","event_type","update_at","stream_sequence_number","event_data"],"record":"{\"selling_id\":\"b5e97eec3ab441ffa4b77cda10fb528c\",\"fulfillment_node_id\":\"6ccbd76c487c42e5b65dd274f51b72ea\",\"event_type\":\"vbIdSellingIdInventoryUpdated/1\",\"update_at\":1564378274,\"stream_sequence_number\":46,\"event_data\":\"{\\\"id\\\":\\\"108b0845d9414f73a77e06b33c79d8c1\\\",\\\"vbId\\\":\\\"b5e97eec3ab441ffa4b77cda10fb528c\\\",\\\"sellingId\\\":\\\"b5e97eec3ab441ffa4b77cda10fb528c\\\",\\\"merchantId\\\":\\\"e43cf7756d0b4ba8a4e9046774656ce8\\\",\\\"skuId\\\":\\\"b5e97eec3ab441ffa4b77cda10fb528c\\\",\\\"f\\\":110,\\\"fnId\\\":\\\"6ccbd76c487c42e5b65dd274f51b72ea\\\",\\\"fnType\\\":\\\"wolverine\\\",\\\"by\\\":\\\"Vibranium\\\",\\\"at\\\":\\\"2019-07-29T05:31:14+00:00\\\",\\\"invUssn\\\":51,\\\"isInf\\\":false,\\\"ifa\\\":true,\\\"martAvail\\\":[{\\\"martId\\\":\\\"21\\\",\\\"ia\\\":true}],\\\"clt\\\":\\\"JoJ\\\"}\"}"}
{"id":"267517c974204f68bec95a32e8178d40","table":"killmonger_events_table","keyspace":"msku","timestamp":"2019-07-29T05:44:37.054Z","clusteringKeys":["fb72b6f9c1e54625a551711f6ee72714","vbIdSellingIdInventoryUpdated/1","1564378274"],"changedColumns":["selling_id","fulfillment_node_id","event_type","update_at","stream_sequence_number","event_data"],"record":"{\"selling_id\":\"267517c974204f68bec95a32e8178d40\",\"fulfillment_node_id\":\"fb72b6f9c1e54625a551711f6ee72714\",\"event_type\":\"vbIdSellingIdInventoryUpdated/1\",\"update_at\":1564378274,\"stream_sequence_number\":38,\"event_data\":\"{\\\"id\\\":\\\"fcc682dafe22443fad9b66f1f2c92af6\\\",\\\"vbId\\\":\\\"267517c974204f68bec95a32e8178d40\\\",\\\"sellingId\\\":\\\"267517c974204f68bec95a32e8178d40\\\",\\\"merchantId\\\":\\\"e43cf7756d0b4ba8a4e9046774656ce8\\\",\\\"skuId\\\":\\\"267517c974204f68bec95a32e8178d40\\\",\\\"f\\\":133,\\\"fnId\\\":\\\"fb72b6f9c1e54625a551711f6ee72714\\\",\\\"fnType\\\":\\\"wolverine\\\",\\\"by\\\":\\\"Vibranium\\\",\\\"at\\\":\\\"2019-07-29T05:31:14+00:00\\\",\\\"invUssn\\\":48,\\\"isInf\\\":false,\\\"ifa\\\":true,\\\"martAvail\\\":[{\\\"martId\\\":\\\"21\\\",\\\"ia\\\":true}],\\\"clt\\\":\\\"JoJ\\\"}\"}"}
{"id":"267517c974204f68bec95a32e8178d40","table":"killmonger_events_table","keyspace":"msku","timestamp":"2019-07-29T05:44:37.054Z","clusteringKeys":["fb72b6f9c1e54625a551711f6ee72714","updateVbIdSellingIdInventorySkipped/1","1564378274"],"changedColumns":["selling_id","fulfillment_node_id","event_type","update_at","stream_sequence_number","event_data"],"record":"{\"selling_id\":\"267517c974204f68bec95a32e8178d40\",\"fulfillment_node_id\":\"fb72b6f9c1e54625a551711f6ee72714\",\"event_type\":\"updateVbIdSellingIdInventorySkipped/1\",\"update_at\":1564378274,\"stream_sequence_number\":39,\"event_data\":\"{\\\"id\\\":\\\"fcc682dafe22443fad9b66f1f2c92af6\\\",\\\"vbId\\\":\\\"267517c974204f68bec95a32e8178d40\\\",\\\"sellingId\\\":\\\"267517c974204f68bec95a32e8178d40\\\",\\\"merchantId\\\":\\\"e43cf7756d0b4ba8a4e9046774656ce8\\\",\\\"skuId\\\":\\\"267517c974204f68bec95a32e8178d40\\\",\\\"f\\\":133,\\\"fnId\\\":\\\"fb72b6f9c1e54625a551711f6ee72714\\\",\\\"fnType\\\":\\\"wolverine\\\",\\\"by\\\":\\\"Vibranium\\\",\\\"at\\\":\\\"2019-07-29T05:31:14+00:00\\\",\\\"invUssn\\\":48,\\\"isInf\\\":false}\"}"}
{"id":"0D97BEFC78CD4DB1B239AD8CFDB4C46E","table":"killmonger_events_table","keyspace":"msku","timestamp":"2019-07-29T05:44:37.055Z","clusteringKeys":["4916","vbIdSellingIdInventoryUpdated/1","1564378907"],"changedColumns":["selling_id","fulfillment_node_id","event_type","update_at","stream_sequence_number","event_data"],"record":"{\"selling_id\":\"0D97BEFC78CD4DB1B239AD8CFDB4C46E\",\"fulfillment_node_id\":\"4916\",\"event_type\":\"vbIdSellingIdInventoryUpdated/1\",\"update_at\":1564378907,\"stream_sequence_number\":141,\"event_data\":\"{\\\"id\\\":\\\"e8148ba6a8874e4ba209b91d23d6109d\\\",\\\"vbId\\\":\\\"PantherMigrationVbId\\\",\\\"sellingId\\\":\\\"0D97BEFC78CD4DB1B239AD8CFDB4C46E\\\",\\\"merchantId\\\":\\\"9fc08905039048918982091f266c2a29\\\",\\\"skuId\\\":\\\"PantherMigrationSkuId\\\",\\\"f\\\":0,\\\"fnId\\\":\\\"4916\\\",\\\"by\\\":\\\"Killmonger.Migration.MapInWalmartInvUpdates\\\",\\\"at\\\":\\\"2019-07-29T05:41:47.637+00:00\\\",\\\"invUssn\\\":0,\\\"isInf\\\":false,\\\"ifa\\\":true,\\\"martAvail\\\":[{\\\"martId\\\":\\\"21\\\",\\\"ia\\\":true},{\\\"martId\\\":\\\"0\\\",\\\"ia\\\":true}],\\\"clt\\\":\\\"WoJ\\\"}\"}"}
{"id":"0D97BEFC78CD4DB1B239AD8CFDB4C46E","table":"killmonger_events_table","keyspace":"msku","timestamp":"2019-07-29T05:44:37.055Z","clusteringKeys":["4916","vbIdSellingIdInventoryUpdated/1","1564378907"],"changedColumns":["selling_id","fulfillment_node_id","event_type","update_at","stream_sequence_number","event_data"],"record":"{\"selling_id\":\"0D97BEFC78CD4DB1B239AD8CFDB4C46E\",\"fulfillment_node_id\":\"4916\",\"event_type\":\"vbIdSellingIdInventoryUpdated/1\",\"update_at\":1564378907,\"stream_sequence_number\":142,\"event_data\":\"{\\\"id\\\":\\\"e8148ba6a8874e4ba209b91d23d6109d\\\",\\\"vbId\\\":\\\"PantherMigrationVbId\\\",\\\"sellingId\\\":\\\"0D97BEFC78CD4DB1B239AD8CFDB4C46E\\\",\\\"merchantId\\\":\\\"9fc08905039048918982091f266c2a29\\\",\\\"skuId\\\":\\\"PantherMigrationSkuId\\\",\\\"f\\\":0,\\\"fnId\\\":\\\"4916\\\",\\\"by\\\":\\\"Killmonger.Migration.MapInWalmartInvUpdates\\\",\\\"at\\\":\\\"2019-07-29T05:41:47.637+00:00\\\",\\\"invUssn\\\":0,\\\"isInf\\\":false,\\\"ifa\\\":true,\\\"martAvail\\\":[{\\\"martId\\\":\\\"21\\\",\\\"ia\\\":true},{\\\"martId\\\":\\\"0\\\",\\\"ia\\\":true}],\\\"clt\\\":\\\"WoJ\\\"}\"}"}
{"id":"2250C7307DCB4641A53E4B176B770247","table":"killmonger_events_table","keyspace":"msku","timestamp":"2019-07-29T05:45:02.470Z","clusteringKeys":["10000003089","vbIdSellingIdInventoryUpdated/1","1564378245"],"changedColumns":["selling_id","fulfillment_node_id","event_type","update_at","stream_sequence_number","event_data"],"record":"{\"selling_id\":\"2250C7307DCB4641A53E4B176B770247\",\"fulfillment_node_id\":\"10000003089\",\"event_type\":\"vbIdSellingIdInventoryUpdated/1\",\"update_at\":1564378245,\"stream_sequence_number\":39,\"event_data\":\"{\\\"id\\\":\\\"c554e78b7fe0406eaa6950fd07b2f688\\\",\\\"vbId\\\":\\\"AB-132793-x2--132794-x2--BDL-AZ89-2970\\\",\\\"sellingId\\\":\\\"2250C7307DCB4641A53E4B176B770247\\\",\\\"merchantId\\\":\\\"2970\\\",\\\"skuId\\\":\\\"AB-132793-x2--132794-x2--BDL-AZ89\\\",\\\"f\\\":86,\\\"fnId\\\":\\\"10000003089\\\",\\\"fnType\\\":\\\"MARKETPLACE\\\",\\\"by\\\":\\\"Vibranium\\\",\\\"at\\\":\\\"2019-07-29T05:30:45+00:00\\\",\\\"invUssn\\\":30,\\\"catUssn\\\":0,\\\"isInf\\\":false,\\\"ifa\\\":true,\\\"martAvail\\\":[{\\\"martId\\\":\\\"0\\\",\\\"ia\\\":true}],\\\"clt\\\":\\\"WoW\\\"}\"}"}
{"id":"2250C7307DCB4641A53E4B176B770247","table":"killmonger_events_table","keyspace":"msku","timestamp":"2019-07-29T05:45:02.470Z","clusteringKeys":["10000003089","vbIdSellingIdInventoryUpdated/1","1564378245"],"changedColumns":["selling_id","fulfillment_node_id","event_type","update_at","stream_sequence_number","event_data"],"record":"{\"selling_id\":\"2250C7307DCB4641A53E4B176B770247\",\"fulfillment_node_id\":\"10000003089\",\"event_type\":\"vbIdSellingIdInventoryUpdated/1\",\"update_at\":1564378245,\"stream_sequence_number\":40,\"event_data\":\"{\\\"id\\\":\\\"9dca66956461461abc4f05ceabf7a3f5\\\",\\\"vbId\\\":\\\"AB-132793-x2--132794-x2--BDL-AZ89-2970\\\",\\\"sellingId\\\":\\\"2250C7307DCB4641A53E4B176B770247\\\",\\\"merchantId\\\":\\\"2970\\\",\\\"skuId\\\":\\\"AB-132793-x2--132794-x2--BDL-AZ89\\\",\\\"f\\\":86,\\\"fnId\\\":\\\"10000003089\\\",\\\"fnType\\\":\\\"MARKETPLACE\\\",\\\"by\\\":\\\"Vibranium\\\",\\\"at\\\":\\\"2019-07-29T05:30:45+00:00\\\",\\\"invUssn\\\":31,\\\"catUssn\\\":0,\\\"isInf\\\":false,\\\"ifa\\\":true,\\\"martAvail\\\":[{\\\"martId\\\":\\\"0\\\",\\\"ia\\\":true}],\\\"clt\\\":\\\"WoW\\\"}\"}"}
{"id":"2250C7307DCB4641A53E4B176B770247","table":"killmonger_events_table","keyspace":"msku","timestamp":"2019-07-29T05:45:02.470Z","clusteringKeys":["10000003089","updateVbIdSellingIdInventorySkipped/1","1564378245"],"changedColumns":["selling_id","fulfillment_node_id","event_type","update_at","stream_sequence_number","event_data"],"record":"{\"selling_id\":\"2250C7307DCB4641A53E4B176B770247\",\"fulfillment_node_id\":\"10000003089\",\"event_type\":\"updateVbIdSellingIdInventorySkipped/1\",\"update_at\":1564378245,\"stream_sequence_number\":41,\"event_data\":\"{\\\"id\\\":\\\"c554e78b7fe0406eaa6950fd07b2f688\\\",\\\"vbId\\\":\\\"AB-132793-x2--132794-x2--BDL-AZ89-2970\\\",\\\"sellingId\\\":\\\"2250C7307DCB4641A53E4B176B770247\\\",\\\"merchantId\\\":\\\"2970\\\",\\\"skuId\\\":\\\"AB-132793-x2--132794-x2--BDL-AZ89\\\",\\\"f\\\":86,\\\"fnId\\\":\\\"10000003089\\\",\\\"fnType\\\":\\\"MARKETPLACE\\\",\\\"by\\\":\\\"Vibranium\\\",\\\"at\\\":\\\"2019-07-29T05:30:45+00:00\\\",\\\"invUssn\\\":30,\\\"catUssn\\\":0,\\\"isInf\\\":false}\"}"}
{"id":"2250C7307DCB4641A53E4B176B770247","table":"killmonger_events_table","keyspace":"msku","timestamp":"2019-07-29T05:45:02.470Z","clusteringKeys":["10000003089","updateVbIdSellingIdInventorySkipped/1","1564378245"],"changedColumns":["selling_id","fulfillment_node_id","event_type","update_at","stream_sequence_number","event_data"],"record":"{\"selling_id\":\"2250C7307DCB4641A53E4B176B770247\",\"fulfillment_node_id\":\"10000003089\",\"event_type\":\"updateVbIdSellingIdInventorySkipped/1\",\"update_at\":1564378245,\"stream_sequence_number\":42,\"event_data\":\"{\\\"id\\\":\\\"9dca66956461461abc4f05ceabf7a3f5\\\",\\\"vbId\\\":\\\"AB-132793-x2--132794-x2--BDL-AZ89-2970\\\",\\\"sellingId\\\":\\\"2250C7307DCB4641A53E4B176B770247\\\",\\\"merchantId\\\":\\\"2970\\\",\\\"skuId\\\":\\\"AB-132793-x2--132794-x2--BDL-AZ89\\\",\\\"f\\\":86,\\\"fnId\\\":\\\"10000003089\\\",\\\"fnType\\\":\\\"MARKETPLACE\\\",\\\"by\\\":\\\"Vibranium\\\",\\\"at\\\":\\\"2019-07-29T05:30:45+00:00\\\",\\\"invUssn\\\":31,\\\"catUssn\\\":0,\\\"isInf\\\":false}\"}"}
{"id":"2250C7307DCB4641A53E4B176B770247","table":"killmonger_events_table","keyspace":"msku","timestamp":"2019-07-29T05:45:02.470Z","clusteringKeys":["10000003089","updateVbIdSellingIdInventorySkipped/1","1564378245"],"changedColumns":["selling_id","fulfillment_node_id","event_type","update_at","stream_sequence_number","event_data"],"record":"{\"selling_id\":\"2250C7307DCB4641A53E4B176B770247\",\"fulfillment_node_id\":\"10000003089\",\"event_type\":\"updateVbIdSellingIdInventorySkipped/1\",\"update_at\":1564378245,\"stream_sequence_number\":43,\"event_data\":\"{\\\"id\\\":\\\"c554e78b7fe0406eaa6950fd07b2f688\\\",\\\"vbId\\\":\\\"AB-132793-x2--132794-x2--BDL-AZ89-2970\\\",\\\"sellingId\\\":\\\"2250C7307DCB4641A53E4B176B770247\\\",\\\"merchantId\\\":\\\"2970\\\",\\\"skuId\\\":\\\"AB-132793-x2--132794-x2--BDL-AZ89\\\",\\\"f\\\":86,\\\"fnId\\\":\\\"10000003089\\\",\\\"fnType\\\":\\\"MARKETPLACE\\\",\\\"by\\\":\\\"Vibranium\\\",\\\"at\\\":\\\"2019-07-29T05:30:45+00:00\\\",\\\"invUssn\\\":30,\\\"catUssn\\\":0,\\\"isInf\\\":false}\"}"}
{"id":"ab458b8419da4740ad78a6b31500380d","table":"killmonger_events_table","keyspace":"msku","timestamp":"2019-07-29T05:45:02.471Z","clusteringKeys":["d8c82725c2f44901bbee8db463c10582","vbIdSellingIdInventoryUpdated/1","1564378270"],"changedColumns":["selling_id","fulfillment_node_id","event_type","update_at","stream_sequence_number","event_data"],"record":"{\"selling_id\":\"ab458b8419da4740ad78a6b31500380d\",\"fulfillment_node_id\":\"d8c82725c2f44901bbee8db463c10582\",\"event_type\":\"vbIdSellingIdInventoryUpdated/1\",\"update_at\":1564378270,\"stream_sequence_number\":203,\"event_data\":\"{\\\"id\\\":\\\"a256027a57a04c45ad127ed082059e19\\\",\\\"vbId\\\":\\\"ab458b8419da4740ad78a6b31500380d\\\",\\\"sellingId\\\":\\\"ab458b8419da4740ad78a6b31500380d\\\",\\\"merchantId\\\":\\\"01133ed0b8d64d11b1766d2295fa867b\\\",\\\"skuId\\\":\\\"ab458b8419da4740ad78a6b31500380d\\\",\\\"f\\\":1622,\\\"fnId\\\":\\\"d8c82725c2f44901bbee8db463c10582\\\",\\\"fnType\\\":\\\"wolverine\\\",\\\"by\\\":\\\"Vibranium\\\",\\\"at\\\":\\\"2019-07-29T05:31:10+00:00\\\",\\\"invUssn\\\":241,\\\"isInf\\\":false,\\\"ifa\\\":true,\\\"martAvail\\\":[{\\\"martId\\\":\\\"21\\\",\\\"ia\\\":true}],\\\"clt\\\":\\\"JoJ\\\"}\"}"}
{"id":"320028C1CFF54F12B9449D3A94F6EED3","table":"killmonger_events_table","keyspace":"msku","timestamp":"2019-07-29T05:45:03.527Z","clusteringKeys":["3373","vbIdSellingIdInventoryUpdated/1","1564376136"],"changedColumns":["selling_id","fulfillment_node_id","event_type","update_at","stream_sequence_number","event_data"],"record":"{\"selling_id\":\"320028C1CFF54F12B9449D3A94F6EED3\",\"fulfillment_node_id\":\"3373\",\"event_type\":\"vbIdSellingIdInventoryUpdated/1\",\"update_at\":1564376136,\"stream_sequence_number\":133,\"event_data\":\"{\\\"id\\\":\\\"b892f3296f19494e91dc6aca9613f4f3\\\",\\\"vbId\\\":\\\"PantherMigrationVbId\\\",\\\"sellingId\\\":\\\"320028C1CFF54F12B9449D3A94F6EED3\\\",\\\"merchantId\\\":\\\"9fc08905039048918982091f266c2a29\\\",\\\"skuId\\\":\\\"PantherMigrationSkuId\\\",\\\"f\\\":0,\\\"fnId\\\":\\\"3373\\\",\\\"by\\\":\\\"Killmonger.Migration.MapInWalmartInvUpdates\\\",\\\"at\\\":\\\"2019-07-29T04:55:36.37+00:00\\\",\\\"invUssn\\\":0,\\\"isInf\\\":false,\\\"ifa\\\":true,\\\"martAvail\\\":[{\\\"martId\\\":\\\"21\\\",\\\"ia\\\":true},{\\\"martId\\\":\\\"0\\\",\\\"ia\\\":true}],\\\"clt\\\":\\\"WoJ\\\"}\"}"}
{"id":"3F3E7BD27FF64BBC925A35B20DDA45F6","table":"killmonger_events_table","keyspace":"msku","timestamp":"2019-07-29T05:45:03.528Z","clusteringKeys":["5926","vbIdSellingIdInventoryUpdated/1","1564378907"],"changedColumns":["selling_id","fulfillment_node_id","event_type","update_at","stream_sequence_number","event_data"],"record":"{\"selling_id\":\"3F3E7BD27FF64BBC925A35B20DDA45F6\",\"fulfillment_node_id\":\"5926\",\"event_type\":\"vbIdSellingIdInventoryUpdated/1\",\"update_at\":1564378907,\"stream_sequence_number\":132,\"event_data\":\"{\\\"id\\\":\\\"c0eefe2f875145a982493b8851cea5a2\\\",\\\"vbId\\\":\\\"PantherMigrationVbId\\\",\\\"sellingId\\\":\\\"3F3E7BD27FF64BBC925A35B20DDA45F6\\\",\\\"merchantId\\\":\\\"9fc08905039048918982091f266c2a29\\\",\\\"skuId\\\":\\\"PantherMigrationSkuId\\\",\\\"f\\\":0,\\\"fnId\\\":\\\"5926\\\",\\\"by\\\":\\\"Killmonger.Migration.MapInWalmartInvUpdates\\\",\\\"at\\\":\\\"2019-07-29T05:41:47.668+00:00\\\",\\\"invUssn\\\":0,\\\"isInf\\\":false,\\\"ifa\\\":true,\\\"martAvail\\\":[{\\\"martId\\\":\\\"21\\\",\\\"ia\\\":true},{\\\"martId\\\":\\\"0\\\",\\\"ia\\\":true}],\\\"clt\\\":\\\"WoJ\\\"}\"}"}
{"id":"7f3785fc8b304bd5a263821f987eec24","table":"killmonger_events_table","keyspace":"msku","timestamp":"2019-07-29T05:45:03.529Z","clusteringKeys":["fb72b6f9c1e54625a551711f6ee72714","updateVbIdSellingIdInventorySkipped/1","1564375160"],"changedColumns":["selling_id","fulfillment_node_id","event_type","update_at","stream_sequence_number","event_data"],"record":"{\"selling_id\":\"7f3785fc8b304bd5a263821f987eec24\",\"fulfillment_node_id\":\"fb72b6f9c1e54625a551711f6ee72714\",\"event_type\":\"updateVbIdSellingIdInventorySkipped/1\",\"update_at\":1564375160,\"stream_sequence_number\":47,\"event_data\":\"{\\\"id\\\":\\\"fd941fc96d9145d98e9643f6ba186165\\\",\\\"vbId\\\":\\\"7f3785fc8b304bd5a263821f987eec24\\\",\\\"sellingId\\\":\\\"7f3785fc8b304bd5a263821f987eec24\\\",\\\"merchantId\\\":\\\"e43cf7756d0b4ba8a4e9046774656ce8\\\",\\\"skuId\\\":\\\"7f3785fc8b304bd5a263821f987eec24\\\",\\\"f\\\":120,\\\"fnId\\\":\\\"fb72b6f9c1e54625a551711f6ee72714\\\",\\\"fnType\\\":\\\"wolverine\\\",\\\"by\\\":\\\"Vibranium\\\",\\\"at\\\":\\\"2019-07-29T04:39:20+00:00\\\",\\\"invUssn\\\":51,\\\"isInf\\\":false}\"}"}
{"id":"7f3785fc8b304bd5a263821f987eec24","table":"killmonger_events_table","keyspace":"msku","timestamp":"2019-07-29T05:45:03.530Z","clusteringKeys":["fb72b6f9c1e54625a551711f6ee72714","updateVbIdSellingIdInventorySkipped/1","1564375160"],"changedColumns":["selling_id","fulfillment_node_id","event_type","update_at","stream_sequence_number","event_data"],"record":"{\"selling_id\":\"7f3785fc8b304bd5a263821f987eec24\",\"fulfillment_node_id\":\"fb72b6f9c1e54625a551711f6ee72714\",\"event_type\":\"updateVbIdSellingIdInventorySkipped/1\",\"update_at\":1564375160,\"stream_sequence_number\":48,\"event_data\":\"{\\\"id\\\":\\\"d234c8e5477e42988ab0b8b37db5c3e8\\\",\\\"vbId\\\":\\\"7f3785fc8b304bd5a263821f987eec24\\\",\\\"sellingId\\\":\\\"7f3785fc8b304bd5a263821f987eec24\\\",\\\"merchantId\\\":\\\"e43cf7756d0b4ba8a4e9046774656ce8\\\",\\\"skuId\\\":\\\"7f3785fc8b304bd5a263821f987eec24\\\",\\\"f\\\":120,\\\"fnId\\\":\\\"fb72b6f9c1e54625a551711f6ee72714\\\",\\\"fnType\\\":\\\"wolverine\\\",\\\"by\\\":\\\"Vibranium\\\",\\\"at\\\":\\\"2019-07-29T04:39:20+00:00\\\",\\\"invUssn\\\":51,\\\"isInf\\\":false}\"}"}
{"id":"C5F0ECE4FEAD480FA91FB4746D81DCA4","table":"killmonger_events_table","keyspace":"msku","timestamp":"2019-07-29T05:40:44.724Z","clusteringKeys":["10000002447","updateVbIdSellingIdInventorySkipped/1","1564375287"],"changedColumns":["selling_id","fulfillment_node_id","event_type","update_at","stream_sequence_number","event_data"],"record":"{\"selling_id\":\"C5F0ECE4FEAD480FA91FB4746D81DCA4\",\"fulfillment_node_id\":\"10000002447\",\"event_type\":\"updateVbIdSellingIdInventorySkipped/1\",\"update_at\":1564375287,\"stream_sequence_number\":4740,\"event_data\":\"{\\\"id\\\":\\\"fba9d0bfeac445e08cf523c2d62cd3aa\\\",\\\"vbId\\\":\\\"019592-2287\\\",\\\"sellingId\\\":\\\"C5F0ECE4FEAD480FA91FB4746D81DCA4\\\",\\\"merchantId\\\":\\\"2287\\\",\\\"skuId\\\":\\\"019592\\\",\\\"f\\\":1,\\\"fnId\\\":\\\"10000002447\\\",\\\"fnType\\\":\\\"MARKETPLACE\\\",\\\"by\\\":\\\"Vibranium\\\",\\\"at\\\":\\\"2019-07-29T04:41:27+00:00\\\",\\\"invUssn\\\":4760,\\\"catUssn\\\":0,\\\"isInf\\\":false}\"}"}
{"id":"9962569992974949B008ED47CC5AF88B","table":"killmonger_events_table","keyspace":"msku","timestamp":"2019-07-29T05:40:44.725Z","clusteringKeys":["10000004443","vbIdSellingIdInventoryUpdated/1","1564375179"],"changedColumns":["selling_id","fulfillment_node_id","event_type","update_at","stream_sequence_number","event_data"],"record":"{\"selling_id\":\"9962569992974949B008ED47CC5AF88B\",\"fulfillment_node_id\":\"10000004443\",\"event_type\":\"vbIdSellingIdInventoryUpdated/1\",\"update_at\":1564375179,\"stream_sequence_number\":447,\"event_data\":\"{\\\"id\\\":\\\"26dd2617261a4ea0b469bf06f8a023e4\\\",\\\"vbId\\\":\\\"OUT06X28X28BOA01SWR-4165\\\",\\\"sellingId\\\":\\\"9962569992974949B008ED47CC5AF88B\\\",\\\"merchantId\\\":\\\"4165\\\",\\\"skuId\\\":\\\"OUT06X28X28BOA01SWR\\\",\\\"f\\\":9999,\\\"fnId\\\":\\\"10000004443\\\",\\\"fnType\\\":\\\"MARKETPLACE\\\",\\\"by\\\":\\\"Vibranium\\\",\\\"at\\\":\\\"2019-07-29T04:39:39+00:00\\\",\\\"invUssn\\\":389,\\\"catUssn\\\":0,\\\"isInf\\\":false,\\\"ifa\\\":true,\\\"martAvail\\\":[{\\\"martId\\\":\\\"0\\\",\\\"ia\\\":true}],\\\"clt\\\":\\\"WoW\\\"}\"}"}
{"id":"c1aa36c0b53f4e7b84fbb24ac6b3e266","table":"killmonger_events_table","keyspace":"msku","timestamp":"2019-07-29T05:45:03.541Z","clusteringKeys":["fb72b6f9c1e54625a551711f6ee72714","vbIdSellingIdInventoryUpdated/1","1564378274"],"changedColumns":["selling_id","fulfillment_node_id","event_type","update_at","stream_sequence_number","event_data"],"record":"{\"selling_id\":\"c1aa36c0b53f4e7b84fbb24ac6b3e266\",\"fulfillment_node_id\":\"fb72b6f9c1e54625a551711f6ee72714\",\"event_type\":\"vbIdSellingIdInventoryUpdated/1\",\"update_at\":1564378274,\"stream_sequence_number\":49,\"event_data\":\"{\\\"id\\\":\\\"8e52885b0224407e8082afae30fe14ff\\\",\\\"vbId\\\":\\\"c1aa36c0b53f4e7b84fbb24ac6b3e266\\\",\\\"sellingId\\\":\\\"c1aa36c0b53f4e7b84fbb24ac6b3e266\\\",\\\"merchantId\\\":\\\"e43cf7756d0b4ba8a4e9046774656ce8\\\",\\\"skuId\\\":\\\"c1aa36c0b53f4e7b84fbb24ac6b3e266\\\",\\\"f\\\":89,\\\"fnId\\\":\\\"fb72b6f9c1e54625a551711f6ee72714\\\",\\\"fnType\\\":\\\"wolverine\\\",\\\"by\\\":\\\"Vibranium\\\",\\\"at\\\":\\\"2019-07-29T05:31:14+00:00\\\",\\\"invUssn\\\":57,\\\"isInf\\\":false,\\\"ifa\\\":true,\\\"martAvail\\\":[{\\\"martId\\\":\\\"21\\\",\\\"ia\\\":true}],\\\"clt\\\":\\\"JoJ\\\"}\"}"}
{"id":"7D9DEA46FEFD428DB07441620EE13EF1","table":"killmonger_events_table","keyspace":"msku","timestamp":"2019-07-29T05:40:44.735Z","clusteringKeys":["2738","vbIdSellingIdInventoryUpdated/1","1564375733"],"changedColumns":["selling_id","fulfillment_node_id","event_type","update_at","stream_sequence_number","event_data"],"record":"{\"selling_id\":\"7D9DEA46FEFD428DB07441620EE13EF1\",\"fulfillment_node_id\":\"2738\",\"event_type\":\"vbIdSellingIdInventoryUpdated/1\",\"update_at\":1564375733,\"stream_sequence_number\":141,\"event_data\":\"{\\\"id\\\":\\\"ca2b50ac783545e1807a0da7e6bfad95\\\",\\\"vbId\\\":\\\"PantherMigrationVbId\\\",\\\"sellingId\\\":\\\"7D9DEA46FEFD428DB07441620EE13EF1\\\",\\\"merchantId\\\":\\\"9fc08905039048918982091f266c2a29\\\",\\\"skuId\\\":\\\"PantherMigrationSkuId\\\",\\\"f\\\":0,\\\"fnId\\\":\\\"2738\\\",\\\"by\\\":\\\"Killmonger.Migration.MapInWalmartInvUpdates\\\",\\\"at\\\":\\\"2019-07-29T04:48:53.924+00:00\\\",\\\"invUssn\\\":0,\\\"isInf\\\":false,\\\"ifa\\\":true,\\\"martAvail\\\":[{\\\"martId\\\":\\\"21\\\",\\\"ia\\\":true},{\\\"martId\\\":\\\"0\\\",\\\"ia\\\":true}],\\\"clt\\\":\\\"WoJ\\\"}\"}"}
{"id":"4E40348CB8C247FDBA496740DBEB2938","table":"killmonger_events_table","keyspace":"msku","timestamp":"2019-07-29T05:45:03.438Z","clusteringKeys":["2698","vbIdSellingIdInventoryUpdated/1","1564378913"],"changedColumns":["selling_id","fulfillment_node_id","event_type","update_at","stream_sequence_number","event_data"],"record":"{\"selling_id\":\"4E40348CB8C247FDBA496740DBEB2938\",\"fulfillment_node_id\":\"2698\",\"event_type\":\"vbIdSellingIdInventoryUpdated/1\",\"update_at\":1564378913,\"stream_sequence_number\":94,\"event_data\":\"{\\\"id\\\":\\\"cd417b84052a48869d86ee4ea376d68e\\\",\\\"vbId\\\":\\\"PantherMigrationVbId\\\",\\\"sellingId\\\":\\\"4E40348CB8C247FDBA496740DBEB2938\\\",\\\"merchantId\\\":\\\"9fc08905039048918982091f266c2a29\\\",\\\"skuId\\\":\\\"PantherMigrationSkuId\\\",\\\"f\\\":0,\\\"fnId\\\":\\\"2698\\\",\\\"by\\\":\\\"Killmonger.Migration.MapInWalmartInvUpdates\\\",\\\"at\\\":\\\"2019-07-29T05:41:53.534+00:00\\\",\\\"invUssn\\\":0,\\\"isInf\\\":false,\\\"ifa\\\":true,\\\"martAvail\\\":[{\\\"martId\\\":\\\"21\\\",\\\"ia\\\":true},{\\\"martId\\\":\\\"0\\\",\\\"ia\\\":true}],\\\"clt\\\":\\\"WoJ\\\"}\"}"}
{"id":"4E40348CB8C247FDBA496740DBEB2938","table":"killmonger_events_table","keyspace":"msku","timestamp":"2019-07-29T05:45:03.439Z","clusteringKeys":["2698","vbIdSellingIdInventoryUpdated/1","1564378913"],"changedColumns":["selling_id","fulfillment_node_id","event_type","update_at","stream_sequence_number","event_data"],"record":"{\"selling_id\":\"4E40348CB8C247FDBA496740DBEB2938\",\"fulfillment_node_id\":\"2698\",\"event_type\":\"vbIdSellingIdInventoryUpdated/1\",\"update_at\":1564378913,\"stream_sequence_number\":95,\"event_data\":\"{\\\"id\\\":\\\"cd417b84052a48869d86ee4ea376d68e\\\",\\\"vbId\\\":\\\"PantherMigrationVbId\\\",\\\"sellingId\\\":\\\"4E40348CB8C247FDBA496740DBEB2938\\\",\\\"merchantId\\\":\\\"9fc08905039048918982091f266c2a29\\\",\\\"skuId\\\":\\\"PantherMigrationSkuId\\\",\\\"f\\\":0,\\\"fnId\\\":\\\"2698\\\",\\\"by\\\":\\\"Killmonger.Migration.MapInWalmartInvUpdates\\\",\\\"at\\\":\\\"2019-07-29T05:41:53.534+00:00\\\",\\\"invUssn\\\":0,\\\"isInf\\\":false,\\\"ifa\\\":true,\\\"martAvail\\\":[{\\\"martId\\\":\\\"21\\\",\\\"ia\\\":true},{\\\"martId\\\":\\\"0\\\",\\\"ia\\\":true}],\\\"clt\\\":\\\"WoJ\\\"}\"}"}
{"id":"1A71A3F97417472EBBEC393FDE99806E","table":"killmonger_events_table","keyspace":"msku","timestamp":"2019-07-29T05:40:44.629Z","clusteringKeys":["6284","vbIdSellingIdInventoryUpdated/1","1564378910"],"changedColumns":["selling_id","fulfillment_node_id","event_type","update_at","stream_sequence_number","event_data"],"record":"{\"selling_id\":\"1A71A3F97417472EBBEC393FDE99806E\",\"fulfillment_node_id\":\"6284\",\"event_type\":\"vbIdSellingIdInventoryUpdated/1\",\"update_at\":1564378910,\"stream_sequence_number\":509,\"event_data\":\"{\\\"id\\\":\\\"70ba9dc1a98e4b969afd845c8ccba6f4\\\",\\\"vbId\\\":\\\"PantherMigrationVbId\\\",\\\"sellingId\\\":\\\"1A71A3F97417472EBBEC393FDE99806E\\\",\\\"merchantId\\\":\\\"9fc08905039048918982091f266c2a29\\\",\\\"skuId\\\":\\\"PantherMigrationSkuId\\\",\\\"f\\\":50,\\\"fnId\\\":\\\"6284\\\",\\\"by\\\":\\\"Killmonger.Migration.MapInWalmartInvUpdates\\\",\\\"at\\\":\\\"2019-07-29T05:41:50.245+00:00\\\",\\\"invUssn\\\":0,\\\"isInf\\\":false,\\\"ifa\\\":true,\\\"martAvail\\\":[{\\\"martId\\\":\\\"21\\\",\\\"ia\\\":true},{\\\"martId\\\":\\\"0\\\",\\\"ia\\\":true}],\\\"clt\\\":\\\"WoJ\\\"}\"}"}
{"id":"1A71A3F97417472EBBEC393FDE99806E","table":"killmonger_events_table","keyspace":"msku","timestamp":"2019-07-29T05:40:44.629Z","clusteringKeys":["6284","vbIdSellingIdInventoryUpdated/1","1564378910"],"changedColumns":["selling_id","fulfillment_node_id","event_type","update_at","stream_sequence_number","event_data"],"record":"{\"selling_id\":\"1A71A3F97417472EBBEC393FDE99806E\",\"fulfillment_node_id\":\"6284\",\"event_type\":\"vbIdSellingIdInventoryUpdated/1\",\"update_at\":1564378910,\"stream_sequence_number\":510,\"event_data\":\"{\\\"id\\\":\\\"70ba9dc1a98e4b969afd845c8ccba6f4\\\",\\\"vbId\\\":\\\"PantherMigrationVbId\\\",\\\"sellingId\\\":\\\"1A71A3F97417472EBBEC393FDE99806E\\\",\\\"merchantId\\\":\\\"9fc08905039048918982091f266c2a29\\\",\\\"skuId\\\":\\\"PantherMigrationSkuId\\\",\\\"f\\\":50,\\\"fnId\\\":\\\"6284\\\",\\\"by\\\":\\\"Killmonger.Migration.MapInWalmartInvUpdates\\\",\\\"at\\\":\\\"2019-07-29T05:41:50.245+00:00\\\",\\\"invUssn\\\":0,\\\"isInf\\\":false,\\\"ifa\\\":true,\\\"martAvail\\\":[{\\\"martId\\\":\\\"21\\\",\\\"ia\\\":true},{\\\"martId\\\":\\\"0\\\",\\\"ia\\\":true}],\\\"clt\\\":\\\"WoJ\\\"}\"}"}
{"id":"D9AB93CF917547D3B4477EB196C7861B","table":"killmonger_events_table","keyspace":"msku","timestamp":"2019-07-29T05:44:36.968Z","clusteringKeys":["2378","vbIdSellingIdInventoryUpdated/1","1564378911"],"changedColumns":["selling_id","fulfillment_node_id","event_type","update_at","stream_sequence_number","event_data"],"record":"{\"selling_id\":\"D9AB93CF917547D3B4477EB196C7861B\",\"fulfillment_node_id\":\"2378\",\"event_type\":\"vbIdSellingIdInventoryUpdated/1\",\"update_at\":1564378911,\"stream_sequence_number\":89,\"event_data\":\"{\\\"id\\\":\\\"0e330481d89c414abbd5b7dc46419ee0\\\",\\\"vbId\\\":\\\"PantherMigrationVbId\\\",\\\"sellingId\\\":\\\"D9AB93CF917547D3B4477EB196C7861B\\\",\\\"merchantId\\\":\\\"9fc08905039048918982091f266c2a29\\\",\\\"skuId\\\":\\\"PantherMigrationSkuId\\\",\\\"f\\\":0,\\\"fnId\\\":\\\"2378\\\",\\\"by\\\":\\\"Killmonger.Migration.MapInWalmartInvUpdates\\\",\\\"at\\\":\\\"2019-07-29T05:41:51.993+00:00\\\",\\\"invUssn\\\":0,\\\"isInf\\\":false,\\\"ifa\\\":true,\\\"martAvail\\\":[{\\\"martId\\\":\\\"21\\\",\\\"ia\\\":true},{\\\"martId\\\":\\\"0\\\",\\\"ia\\\":true}],\\\"clt\\\":\\\"WoJ\\\"}\"}"}
{"id":"D9AB93CF917547D3B4477EB196C7861B","table":"killmonger_events_table","keyspace":"msku","timestamp":"2019-07-29T05:44:36.968Z","clusteringKeys":["2378","vbIdSellingIdInventoryUpdated/1","1564378911"],"changedColumns":["selling_id","fulfillment_node_id","event_type","update_at","stream_sequence_number","event_data"],"record":"{\"selling_id\":\"D9AB93CF917547D3B4477EB196C7861B\",\"fulfillment_node_id\":\"2378\",\"event_type\":\"vbIdSellingIdInventoryUpdated/1\",\"update_at\":1564378911,\"stream_sequence_number\":90,\"event_data\":\"{\\\"id\\\":\\\"0e330481d89c414abbd5b7dc46419ee0\\\",\\\"vbId\\\":\\\"PantherMigrationVbId\\\",\\\"sellingId\\\":\\\"D9AB93CF917547D3B4477EB196C7861B\\\",\\\"merchantId\\\":\\\"9fc08905039048918982091f266c2a29\\\",\\\"skuId\\\":\\\"PantherMigrationSkuId\\\",\\\"f\\\":0,\\\"fnId\\\":\\\"2378\\\",\\\"by\\\":\\\"Killmonger.Migration.MapInWalmartInvUpdates\\\",\\\"at\\\":\\\"2019-07-29T05:41:51.993+00:00\\\",\\\"invUssn\\\":0,\\\"isInf\\\":false,\\\"ifa\\\":true,\\\"martAvail\\\":[{\\\"martId\\\":\\\"21\\\",\\\"ia\\\":true},{\\\"martId\\\":\\\"0\\\",\\\"ia\\\":true}],\\\"clt\\\":\\\"WoJ\\\"}\"}"}
{"id":"04f0cc3b00284e6b87f9a6024c860dd7","table":"killmonger_events_table","keyspace":"msku","timestamp":"2019-07-29T05:40:44.626Z","clusteringKeys":["fb72b6f9c1e54625a551711f6ee72714","vbIdSellingIdInventoryUpdated/1","1564375935"],"changedColumns":["selling_id","fulfillment_node_id","event_type","update_at","stream_sequence_number","event_data"],"record":"{\"selling_id\":\"04f0cc3b00284e6b87f9a6024c860dd7\",\"fulfillment_node_id\":\"fb72b6f9c1e54625a551711f6ee72714\",\"event_type\":\"vbIdSellingIdInventoryUpdated/1\",\"update_at\":1564375935,\"stream_sequence_number\":42,\"event_data\":\"{\\\"id\\\":\\\"82056afa3fe04b25a9774d9aa5b598de\\\",\\\"vbId\\\":\\\"04f0cc3b00284e6b87f9a6024c860dd7\\\",\\\"sellingId\\\":\\\"04f0cc3b00284e6b87f9a6024c860dd7\\\",\\\"merchantId\\\":\\\"e43cf7756d0b4ba8a4e9046774656ce8\\\",\\\"skuId\\\":\\\"04f0cc3b00284e6b87f9a6024c860dd7\\\",\\\"f\\\":66,\\\"fnId\\\":\\\"fb72b6f9c1e54625a551711f6ee72714\\\",\\\"fnType\\\":\\\"wolverine\\\",\\\"by\\\":\\\"Vibranium\\\",\\\"at\\\":\\\"2019-07-29T04:52:15+00:00\\\",\\\"invUssn\\\":49,\\\"isInf\\\":false,\\\"ifa\\\":true,\\\"martAvail\\\":[{\\\"martId\\\":\\\"21\\\",\\\"ia\\\":true}],\\\"clt\\\":\\\"JoJ\\\"}\"}"}
{"id":"4EC35365A98040D6820266B32BDF2BE8","table":"killmonger_events_table","keyspace":"msku","timestamp":"2019-07-29T05:45:03.443Z","clusteringKeys":["10000009236","updateVbIdSellingIdInventorySkipped/1","1564378299"],"changedColumns":["selling_id","fulfillment_node_id","event_type","update_at","stream_sequence_number","event_data"],"record":"{\"selling_id\":\"4EC35365A98040D6820266B32BDF2BE8\",\"fulfillment_node_id\":\"10000009236\",\"event_type\":\"updateVbIdSellingIdInventorySkipped/1\",\"update_at\":1564378299,\"stream_sequence_number\":68,\"event_data\":\"{\\\"id\\\":\\\"4a45276139f8450cba76ff2b1d54b1c7\\\",\\\"vbId\\\":\\\"A309121082625-9059\\\",\\\"sellingId\\\":\\\"4EC35365A98040D6820266B32BDF2BE8\\\",\\\"merchantId\\\":\\\"9059\\\",\\\"skuId\\\":\\\"A309121082625\\\",\\\"f\\\":3,\\\"fnId\\\":\\\"10000009236\\\",\\\"fnType\\\":\\\"MARKETPLACE\\\",\\\"by\\\":\\\"Vibranium\\\",\\\"at\\\":\\\"2019-07-29T05:31:39+00:00\\\",\\\"invUssn\\\":41,\\\"catUssn\\\":27,\\\"isInf\\\":false}\"}"}
{"id":"1acb97b71d974d90ba2781ab2c160c01","table":"killmonger_events_table","keyspace":"msku","timestamp":"2019-07-29T05:45:03.443Z","clusteringKeys":["fb72b6f9c1e54625a551711f6ee72714","updateVbIdSellingIdInventorySkipped/1","1564375935"],"changedColumns":["selling_id","fulfillment_node_id","event_type","update_at","stream_sequence_number","event_data"],"record":"{\"selling_id\":\"1acb97b71d974d90ba2781ab2c160c01\",\"fulfillment_node_id\":\"fb72b6f9c1e54625a551711f6ee72714\",\"event_type\":\"updateVbIdSellingIdInventorySkipped/1\",\"update_at\":1564375935,\"stream_sequence_number\":48,\"event_data\":\"{\\\"id\\\":\\\"187a2a7f522a4d10b965ccceba652217\\\",\\\"vbId\\\":\\\"1acb97b71d974d90ba2781ab2c160c01\\\",\\\"sellingId\\\":\\\"1acb97b71d974d90ba2781ab2c160c01\\\",\\\"merchantId\\\":\\\"e43cf7756d0b4ba8a4e9046774656ce8\\\",\\\"skuId\\\":\\\"1acb97b71d974d90ba2781ab2c160c01\\\",\\\"f\\\":136,\\\"fnId\\\":\\\"fb72b6f9c1e54625a551711f6ee72714\\\",\\\"fnType\\\":\\\"wolverine\\\",\\\"by\\\":\\\"Vibranium\\\",\\\"at\\\":\\\"2019-07-29T04:52:15+00:00\\\",\\\"invUssn\\\":49,\\\"isInf\\\":false}\"}"}
{"id":"a327f1d72d19425babe3c4c11bd27f0e","table":"killmonger_events_table","keyspace":"msku","timestamp":"2019-07-29T05:45:02.389Z","clusteringKeys":["3cbcc7e28aac4f6fb0a8cde4e85483c0","updateVbIdSellingIdInventorySkipped/1","1564378426"],"changedColumns":["selling_id","fulfillment_node_id","event_type","update_at","stream_sequence_number","event_data"],"record":"{\"selling_id\":\"a327f1d72d19425babe3c4c11bd27f0e\",\"fulfillment_node_id\":\"3cbcc7e28aac4f6fb0a8cde4e85483c0\",\"event_type\":\"updateVbIdSellingIdInventorySkipped/1\",\"update_at\":1564378426,\"stream_sequence_number\":89,\"event_data\":\"{\\\"id\\\":\\\"fe68de6833e045409abd72470176ab27\\\",\\\"vbId\\\":\\\"a327f1d72d19425babe3c4c11bd27f0e\\\",\\\"sellingId\\\":\\\"a327f1d72d19425babe3c4c11bd27f0e\\\",\\\"merchantId\\\":\\\"7eaf70709bf149f890dc3a845871dab4\\\",\\\"skuId\\\":\\\"a327f1d72d19425babe3c4c11bd27f0e\\\",\\\"f\\\":559,\\\"fnId\\\":\\\"3cbcc7e28aac4f6fb0a8cde4e85483c0\\\",\\\"fnType\\\":\\\"wolverine\\\",\\\"by\\\":\\\"Vibranium\\\",\\\"at\\\":\\\"2019-07-29T05:33:46+00:00\\\",\\\"invUssn\\\":74,\\\"isInf\\\":false}\"}"}
{"id":"0EA341377DE14166BAAE26684A418E22","table":"killmonger_events_table","keyspace":"msku","timestamp":"2019-07-29T05:45:03.451Z","clusteringKeys":["8302","vbIdSellingIdInventoryUpdated/1","1564378910"],"changedColumns":["selling_id","fulfillment_node_id","event_type","update_at","stream_sequence_number","event_data"],"record":"{\"selling_id\":\"0EA341377DE14166BAAE26684A418E22\",\"fulfillment_node_id\":\"8302\",\"event_type\":\"vbIdSellingIdInventoryUpdated/1\",\"update_at\":1564378910,\"stream_sequence_number\":130,\"event_data\":\"{\\\"id\\\":\\\"614b0ef4e92f49abbe01b6bef617ae02\\\",\\\"vbId\\\":\\\"PantherMigrationVbId\\\",\\\"sellingId\\\":\\\"0EA341377DE14166BAAE26684A418E22\\\",\\\"merchantId\\\":\\\"9fc08905039048918982091f266c2a29\\\",\\\"skuId\\\":\\\"PantherMigrationSkuId\\\",\\\"f\\\":0,\\\"fnId\\\":\\\"8302\\\",\\\"by\\\":\\\"Killmonger.Migration.MapInWalmartInvUpdates\\\",\\\"at\\\":\\\"2019-07-29T05:41:50.723+00:00\\\",\\\"invUssn\\\":0,\\\"isInf\\\":false,\\\"ifa\\\":true,\\\"martAvail\\\":[{\\\"martId\\\":\\\"21\\\",\\\"ia\\\":true},{\\\"martId\\\":\\\"0\\\",\\\"ia\\\":true}],\\\"clt\\\":\\\"WoJ\\\"}\"}"}
{"id":"759045a3c4824943a509d93b114e2a14","table":"killmonger_events_table","keyspace":"msku","timestamp":"2019-07-29T05:45:02.401Z","clusteringKeys":["f659882a542b4e7e88a3cb659484e1e0","vbIdSellingIdInventoryUpdated/1","1564378431"],"changedColumns":["selling_id","fulfillment_node_id","event_type","update_at","stream_sequence_number","event_data"],"record":"{\"selling_id\":\"759045a3c4824943a509d93b114e2a14\",\"fulfillment_node_id\":\"f659882a542b4e7e88a3cb659484e1e0\",\"event_type\":\"vbIdSellingIdInventoryUpdated/1\",\"update_at\":1564378431,\"stream_sequence_number\":20,\"event_data\":\"{\\\"id\\\":\\\"7f11ea97a5044344a9f22b563c8e9586\\\",\\\"vbId\\\":\\\"759045a3c4824943a509d93b114e2a14\\\",\\\"sellingId\\\":\\\"759045a3c4824943a509d93b114e2a14\\\",\\\"merchantId\\\":\\\"189988e37579478080938782f0af5b48\\\",\\\"skuId\\\":\\\"759045a3c4824943a509d93b114e2a14\\\",\\\"f\\\":40,\\\"fnId\\\":\\\"f659882a542b4e7e88a3cb659484e1e0\\\",\\\"fnType\\\":\\\"wolverine\\\",\\\"by\\\":\\\"Vibranium\\\",\\\"at\\\":\\\"2019-07-29T05:33:51+00:00\\\",\\\"invUssn\\\":17,\\\"isInf\\\":false,\\\"ifa\\\":true,\\\"martAvail\\\":[{\\\"martId\\\":\\\"21\\\",\\\"ia\\\":true}],\\\"clt\\\":\\\"JoJ\\\"}\"}"}
{"id":"11e9ed8bccae494fb4b755d97e9faa9d","table":"killmonger_events_table","keyspace":"msku","timestamp":"2019-07-29T05:40:44.649Z","clusteringKeys":["718dfa2fadcb4eb8a390a40353e76326","vbIdSellingIdInventoryUpdated/1","1564378125"],"changedColumns":["selling_id","fulfillment_node_id","event_type","update_at","stream_sequence_number","event_data"],"record":"{\"selling_id\":\"11e9ed8bccae494fb4b755d97e9faa9d\",\"fulfillment_node_id\":\"718dfa2fadcb4eb8a390a40353e76326\",\"event_type\":\"vbIdSellingIdInventoryUpdated/1\",\"update_at\":1564378125,\"stream_sequence_number\":7348,\"event_data\":\"{\\\"id\\\":\\\"acac70726b254ed4b4d1f0af08027fbd\\\",\\\"vbId\\\":\\\"11e9ed8bccae494fb4b755d97e9faa9d\\\",\\\"sellingId\\\":\\\"11e9ed8bccae494fb4b755d97e9faa9d\\\",\\\"merchantId\\\":\\\"70d3c5360d574434ae92e085c056eec7\\\",\\\"skuId\\\":\\\"11e9ed8bccae494fb4b755d97e9faa9d\\\",\\\"f\\\":2,\\\"fnId\\\":\\\"718dfa2fadcb4eb8a390a40353e76326\\\",\\\"fnType\\\":\\\"wolverine\\\",\\\"by\\\":\\\"Vibranium\\\",\\\"at\\\":\\\"2019-07-29T05:28:45+00:00\\\",\\\"invUssn\\\":6017,\\\"isInf\\\":false,\\\"ifa\\\":true,\\\"martAvail\\\":[{\\\"martId\\\":\\\"21\\\",\\\"ia\\\":true}],\\\"clt\\\":\\\"JoJ\\\"}\"}"}
{"id":"11e9ed8bccae494fb4b755d97e9faa9d","table":"killmonger_events_table","keyspace":"msku","timestamp":"2019-07-29T05:40:44.649Z","clusteringKeys":["718dfa2fadcb4eb8a390a40353e76326","vbIdSellingIdInventoryUpdated/1","1564378125"],"changedColumns":["selling_id","fulfillment_node_id","event_type","update_at","stream_sequence_number","event_data"],"record":"{\"selling_id\":\"11e9ed8bccae494fb4b755d97e9faa9d\",\"fulfillment_node_id\":\"718dfa2fadcb4eb8a390a40353e76326\",\"event_type\":\"vbIdSellingIdInventoryUpdated/1\",\"update_at\":1564378125,\"stream_sequence_number\":7349,\"event_data\":\"{\\\"id\\\":\\\"e44d7eb358c54971979f95b874d9a94d\\\",\\\"vbId\\\":\\\"11e9ed8bccae494fb4b755d97e9faa9d\\\",\\\"sellingId\\\":\\\"11e9ed8bccae494fb4b755d97e9faa9d\\\",\\\"merchantId\\\":\\\"70d3c5360d574434ae92e085c056eec7\\\",\\\"skuId\\\":\\\"11e9ed8bccae494fb4b755d97e9faa9d\\\",\\\"f\\\":2,\\\"fnId\\\":\\\"718dfa2fadcb4eb8a390a40353e76326\\\",\\\"fnType\\\":\\\"wolverine\\\",\\\"by\\\":\\\"Vibranium\\\",\\\"at\\\":\\\"2019-07-29T05:28:45+00:00\\\",\\\"invUssn\\\":6019,\\\"isInf\\\":false,\\\"ifa\\\":true,\\\"martAvail\\\":[{\\\"martId\\\":\\\"21\\\",\\\"ia\\\":true}],\\\"clt\\\":\\\"JoJ\\\"}\"}"}
{"id":"a157aac533954cf5b06df1e67985b6fc","table":"killmonger_events_table","keyspace":"msku","timestamp":"2019-07-29T05:44:36.993Z","clusteringKeys":["fb72b6f9c1e54625a551711f6ee72714","vbIdSellingIdInventoryUpdated/1","1564375160"],"changedColumns":["selling_id","fulfillment_node_id","event_type","update_at","stream_sequence_number","event_data"],"record":"{\"selling_id\":\"a157aac533954cf5b06df1e67985b6fc\",\"fulfillment_node_id\":\"fb72b6f9c1e54625a551711f6ee72714\",\"event_type\":\"vbIdSellingIdInventoryUpdated/1\",\"update_at\":1564375160,\"stream_sequence_number\":53,\"event_data\":\"{\\\"id\\\":\\\"38cf0af6137e434db12c1a8db832b1ba\\\",\\\"vbId\\\":\\\"a157aac533954cf5b06df1e67985b6fc\\\",\\\"sellingId\\\":\\\"a157aac533954cf5b06df1e67985b6fc\\\",\\\"merchantId\\\":\\\"e43cf7756d0b4ba8a4e9046774656ce8\\\",\\\"skuId\\\":\\\"a157aac533954cf5b06df1e67985b6fc\\\",\\\"f\\\":148,\\\"fnId\\\":\\\"fb72b6f9c1e54625a551711f6ee72714\\\",\\\"fnType\\\":\\\"wolverine\\\",\\\"by\\\":\\\"Vibranium\\\",\\\"at\\\":\\\"2019-07-29T04:39:20+00:00\\\",\\\"invUssn\\\":54,\\\"isInf\\\":false,\\\"ifa\\\":true,\\\"martAvail\\\":[{\\\"martId\\\":\\\"21\\\",\\\"ia\\\":true}],\\\"clt\\\":\\\"JoJ\\\"}\"}"}
{"id":"a832e10e07ea45de893751283e2714c8","table":"killmonger_events_table","keyspace":"msku","timestamp":"2019-07-29T05:45:03.462Z","clusteringKeys":["fb72b6f9c1e54625a551711f6ee72714","vbIdSellingIdInventoryUpdated/1","1564378075"],"changedColumns":["selling_id","fulfillment_node_id","event_type","update_at","stream_sequence_number","event_data"],"record":"{\"selling_id\":\"a832e10e07ea45de893751283e2714c8\",\"fulfillment_node_id\":\"fb72b6f9c1e54625a551711f6ee72714\",\"event_type\":\"vbIdSellingIdInventoryUpdated/1\",\"update_at\":1564378075,\"stream_sequence_number\":41,\"event_data\":\"{\\\"id\\\":\\\"493c3d5715ae41fbace0dd2fcb6b6c6a\\\",\\\"vbId\\\":\\\"a832e10e07ea45de893751283e2714c8\\\",\\\"sellingId\\\":\\\"a832e10e07ea45de893751283e2714c8\\\",\\\"merchantId\\\":\\\"e43cf7756d0b4ba8a4e9046774656ce8\\\",\\\"skuId\\\":\\\"a832e10e07ea45de893751283e2714c8\\\",\\\"f\\\":108,\\\"fnId\\\":\\\"fb72b6f9c1e54625a551711f6ee72714\\\",\\\"fnType\\\":\\\"wolverine\\\",\\\"by\\\":\\\"Vibranium\\\",\\\"at\\\":\\\"2019-07-29T05:27:55+00:00\\\",\\\"invUssn\\\":52,\\\"isInf\\\":false,\\\"ifa\\\":true,\\\"martAvail\\\":[{\\\"martId\\\":\\\"21\\\",\\\"ia\\\":true}],\\\"clt\\\":\\\"JoJ\\\"}\"}"}
{"id":"482C826865F44FEDA392853D7ED3B04B","table":"killmonger_events_table","keyspace":"msku","timestamp":"2019-07-29T05:44:36.994Z","clusteringKeys":["10000004443","updateVbIdSellingIdInventorySkipped/1","1564375176"],"changedColumns":["selling_id","fulfillment_node_id","event_type","update_at","stream_sequence_number","event_data"],"record":"{\"selling_id\":\"482C826865F44FEDA392853D7ED3B04B\",\"fulfillment_node_id\":\"10000004443\",\"event_type\":\"updateVbIdSellingIdInventorySkipped/1\",\"update_at\":1564375176,\"stream_sequence_number\":445,\"event_data\":\"{\\\"id\\\":\\\"1b7f60eea9104af6a236fce3904398b3\\\",\\\"vbId\\\":\\\"COR06X12X12NEW01SWR-4165\\\",\\\"sellingId\\\":\\\"482C826865F44FEDA392853D7ED3B04B\\\",\\\"merchantId\\\":\\\"4165\\\",\\\"skuId\\\":\\\"COR06X12X12NEW01SWR\\\",\\\"f\\\":9999,\\\"fnId\\\":\\\"10000004443\\\",\\\"fnType\\\":\\\"MARKETPLACE\\\",\\\"by\\\":\\\"Vibranium\\\",\\\"at\\\":\\\"2019-07-29T04:39:36+00:00\\\",\\\"invUssn\\\":379,\\\"catUssn\\\":0,\\\"isInf\\\":false}\"}"}
{"id":"CFD7440351FD490DB3B3A2066FDC20B3","table":"killmonger_events_table","keyspace":"msku","timestamp":"2019-07-29T05:45:02.406Z","clusteringKeys":["10001021515","updateVbIdSellingIdInventorySkipped/1","1564375363"],"changedColumns":["selling_id","fulfillment_node_id","event_type","update_at","stream_sequence_number","event_data"],"record":"{\"selling_id\":\"CFD7440351FD490DB3B3A2066FDC20B3\",\"fulfillment_node_id\":\"10001021515\",\"event_type\":\"updateVbIdSellingIdInventorySkipped/1\",\"update_at\":1564375363,\"stream_sequence_number\":43,\"event_data\":\"{\\\"id\\\":\\\"af0de5618f40429792280446c29ed213\\\",\\\"vbId\\\":\\\"93214-101002145\\\",\\\"sellingId\\\":\\\"CFD7440351FD490DB3B3A2066FDC20B3\\\",\\\"merchantId\\\":\\\"101002145\\\",\\\"skuId\\\":\\\"93214\\\",\\\"f\\\":20,\\\"fnId\\\":\\\"10001021515\\\",\\\"fnType\\\":\\\"MARKETPLACE\\\",\\\"by\\\":\\\"Vibranium\\\",\\\"at\\\":\\\"2019-07-29T04:42:43+00:00\\\",\\\"invUssn\\\":45,\\\"catUssn\\\":0,\\\"isInf\\\":false}\"}"}
{"id":"f9da9f63683949f892564333381e88f2","table":"killmonger_events_table","keyspace":"msku","timestamp":"2019-07-29T05:44:36.995Z","clusteringKeys":["fb72b6f9c1e54625a551711f6ee72714","vbIdSellingIdInventoryUpdated/1","1564375727"],"changedColumns":["selling_id","fulfillment_node_id","event_type","update_at","stream_sequence_number","event_data"],"record":"{\"selling_id\":\"f9da9f63683949f892564333381e88f2\",\"fulfillment_node_id\":\"fb72b6f9c1e54625a551711f6ee72714\",\"event_type\":\"vbIdSellingIdInventoryUpdated/1\",\"update_at\":1564375727,\"stream_sequence_number\":45,\"event_data\":\"{\\\"id\\\":\\\"524f2e5953554f5fbe23248aac905da1\\\",\\\"vbId\\\":\\\"f9da9f63683949f892564333381e88f2\\\",\\\"sellingId\\\":\\\"f9da9f63683949f892564333381e88f2\\\",\\\"merchantId\\\":\\\"e43cf7756d0b4ba8a4e9046774656ce8\\\",\\\"skuId\\\":\\\"f9da9f63683949f892564333381e88f2\\\",\\\"f\\\":82,\\\"fnId\\\":\\\"fb72b6f9c1e54625a551711f6ee72714\\\",\\\"fnType\\\":\\\"wolverine\\\",\\\"by\\\":\\\"Vibranium\\\",\\\"at\\\":\\\"2019-07-29T04:48:47+00:00\\\",\\\"invUssn\\\":49,\\\"isInf\\\":false,\\\"ifa\\\":true,\\\"martAvail\\\":[{\\\"martId\\\":\\\"21\\\",\\\"ia\\\":true}],\\\"clt\\\":\\\"JoJ\\\"}\"}"}
{"id":"cc5b8a14b3e04849a8cc39db9d60b13a","table":"killmonger_events_table","keyspace":"msku","timestamp":"2019-07-29T05:44:36.994Z","clusteringKeys":["fb72b6f9c1e54625a551711f6ee72714","updateVbIdSellingIdInventorySkipped/1","1564377684"],"changedColumns":["selling_id","fulfillment_node_id","event_type","update_at","stream_sequence_number","event_data"],"record":"{\"selling_id\":\"cc5b8a14b3e04849a8cc39db9d60b13a\",\"fulfillment_node_id\":\"fb72b6f9c1e54625a551711f6ee72714\",\"event_type\":\"updateVbIdSellingIdInventorySkipped/1\",\"update_at\":1564377684,\"stream_sequence_number\":38,\"event_data\":\"{\\\"id\\\":\\\"df7bc4228b914dc7bbd413a8b29729cc\\\",\\\"vbId\\\":\\\"cc5b8a14b3e04849a8cc39db9d60b13a\\\",\\\"sellingId\\\":\\\"cc5b8a14b3e04849a8cc39db9d60b13a\\\",\\\"merchantId\\\":\\\"e43cf7756d0b4ba8a4e9046774656ce8\\\",\\\"skuId\\\":\\\"cc5b8a14b3e04849a8cc39db9d60b13a\\\",\\\"f\\\":51,\\\"fnId\\\":\\\"fb72b6f9c1e54625a551711f6ee72714\\\",\\\"fnType\\\":\\\"wolverine\\\",\\\"by\\\":\\\"Vibranium\\\",\\\"at\\\":\\\"2019-07-29T05:21:24+00:00\\\",\\\"invUssn\\\":47,\\\"isInf\\\":false}\"}"}
{"id":"cc5b8a14b3e04849a8cc39db9d60b13a","table":"killmonger_events_table","keyspace":"msku","timestamp":"2019-07-29T05:44:36.994Z","clusteringKeys":["fb72b6f9c1e54625a551711f6ee72714","updateVbIdSellingIdInventorySkipped/1","1564377684"],"changedColumns":["selling_id","fulfillment_node_id","event_type","update_at","stream_sequence_number","event_data"],"record":"{\"selling_id\":\"cc5b8a14b3e04849a8cc39db9d60b13a\",\"fulfillment_node_id\":\"fb72b6f9c1e54625a551711f6ee72714\",\"event_type\":\"updateVbIdSellingIdInventorySkipped/1\",\"update_at\":1564377684,\"stream_sequence_number\":39,\"event_data\":\"{\\\"id\\\":\\\"df7bc4228b914dc7bbd413a8b29729cc\\\",\\\"vbId\\\":\\\"cc5b8a14b3e04849a8cc39db9d60b13a\\\",\\\"sellingId\\\":\\\"cc5b8a14b3e04849a8cc39db9d60b13a\\\",\\\"merchantId\\\":\\\"e43cf7756d0b4ba8a4e9046774656ce8\\\",\\\"skuId\\\":\\\"cc5b8a14b3e04849a8cc39db9d60b13a\\\",\\\"f\\\":51,\\\"fnId\\\":\\\"fb72b6f9c1e54625a551711f6ee72714\\\",\\\"fnType\\\":\\\"wolverine\\\",\\\"by\\\":\\\"Vibranium\\\",\\\"at\\\":\\\"2019-07-29T05:21:24+00:00\\\",\\\"invUssn\\\":47,\\\"isInf\\\":false}\"}"}
{"id":"B27A1EE97494477CA28D11F72E071FC9","table":"killmonger_events_table","keyspace":"msku","timestamp":"2019-07-29T05:45:03.466Z","clusteringKeys":["10000010808","vbIdSellingIdInventoryUpdated/1","1564378300"],"changedColumns":["selling_id","fulfillment_node_id","event_type","update_at","stream_sequence_number","event_data"],"record":"{\"selling_id\":\"B27A1EE97494477CA28D11F72E071FC9\",\"fulfillment_node_id\":\"10000010808\",\"event_type\":\"vbIdSellingIdInventoryUpdated/1\",\"update_at\":1564378300,\"stream_sequence_number\":16072,\"event_data\":\"{\\\"id\\\":\\\"ebcbbdf8d0254083a829af8d1a66801c\\\",\\\"vbId\\\":\\\"WPL285244-10331\\\",\\\"sellingId\\\":\\\"B27A1EE97494477CA28D11F72E071FC9\\\",\\\"merchantId\\\":\\\"10331\\\",\\\"skuId\\\":\\\"WPL285244\\\",\\\"f\\\":1,\\\"fnId\\\":\\\"10000010808\\\",\\\"fnType\\\":\\\"MARKETPLACE\\\",\\\"by\\\":\\\"Vibranium\\\",\\\"at\\\":\\\"2019-07-29T05:31:40+00:00\\\",\\\"invUssn\\\":13548,\\\"catUssn\\\":48,\\\"isInf\\\":false,\\\"ifa\\\":true,\\\"martAvail\\\":[{\\\"martId\\\":\\\"0\\\",\\\"ia\\\":true}],\\\"clt\\\":\\\"WoW\\\"}\"}"}
{"id":"B27A1EE97494477CA28D11F72E071FC9","table":"killmonger_events_table","keyspace":"msku","timestamp":"2019-07-29T05:45:03.466Z","clusteringKeys":["10000010808","updateVbIdSellingIdInventorySkipped/1","1564378300"],"changedColumns":["selling_id","fulfillment_node_id","event_type","update_at","stream_sequence_number","event_data"],"record":"{\"selling_id\":\"B27A1EE97494477CA28D11F72E071FC9\",\"fulfillment_node_id\":\"10000010808\",\"event_type\":\"updateVbIdSellingIdInventorySkipped/1\",\"update_at\":1564378300,\"stream_sequence_number\":16073,\"event_data\":\"{\\\"id\\\":\\\"ebcbbdf8d0254083a829af8d1a66801c\\\",\\\"vbId\\\":\\\"WPL285244-10331\\\",\\\"sellingId\\\":\\\"B27A1EE97494477CA28D11F72E071FC9\\\",\\\"merchantId\\\":\\\"10331\\\",\\\"skuId\\\":\\\"WPL285244\\\",\\\"f\\\":1,\\\"fnId\\\":\\\"10000010808\\\",\\\"fnType\\\":\\\"MARKETPLACE\\\",\\\"by\\\":\\\"Vibranium\\\",\\\"at\\\":\\\"2019-07-29T05:31:40+00:00\\\",\\\"invUssn\\\":13548,\\\"catUssn\\\":48,\\\"isInf\\\":false}\"}"}
{"id":"398B33A9525744C98F1CAF1C1706A6F7","table":"killmonger_events_table","keyspace":"msku","timestamp":"2019-07-29T05:45:03.467Z","clusteringKeys":["6468","vbIdSellingIdInventoryUpdated/1","1564378908"],"changedColumns":["selling_id","fulfillment_node_id","event_type","update_at","stream_sequence_number","event_data"],"record":"{\"selling_id\":\"398B33A9525744C98F1CAF1C1706A6F7\",\"fulfillment_node_id\":\"6468\",\"event_type\":\"vbIdSellingIdInventoryUpdated/1\",\"update_at\":1564378908,\"stream_sequence_number\":137,\"event_data\":\"{\\\"id\\\":\\\"206912c94d984a7baa81991ee6df99e4\\\",\\\"vbId\\\":\\\"PantherMigrationVbId\\\",\\\"sellingId\\\":\\\"398B33A9525744C98F1CAF1C1706A6F7\\\",\\\"merchantId\\\":\\\"9fc08905039048918982091f266c2a29\\\",\\\"skuId\\\":\\\"PantherMigrationSkuId\\\",\\\"f\\\":0,\\\"fnId\\\":\\\"6468\\\",\\\"by\\\":\\\"Killmonger.Migration.MapInWalmartInvUpdates\\\",\\\"at\\\":\\\"2019-07-29T05:41:48.499+00:00\\\",\\\"invUssn\\\":0,\\\"isInf\\\":false,\\\"ifa\\\":true,\\\"martAvail\\\":[{\\\"martId\\\":\\\"21\\\",\\\"ia\\\":true},{\\\"martId\\\":\\\"0\\\",\\\"ia\\\":true}],\\\"clt\\\":\\\"WoJ\\\"}\"}"}
{"id":"745db7422c1d409ebf8f52a56d0c0b2a","table":"killmonger_events_table","keyspace":"msku","timestamp":"2019-07-29T05:45:03.469Z","clusteringKeys":["fb72b6f9c1e54625a551711f6ee72714","vbIdSellingIdInventoryUpdated/1","1564378274"],"changedColumns":["selling_id","fulfillment_node_id","event_type","update_at","stream_sequence_number","event_data"],"record":"{\"selling_id\":\"745db7422c1d409ebf8f52a56d0c0b2a\",\"fulfillment_node_id\":\"fb72b6f9c1e54625a551711f6ee72714\",\"event_type\":\"vbIdSellingIdInventoryUpdated/1\",\"update_at\":1564378274,\"stream_sequence_number\":40,\"event_data\":\"{\\\"id\\\":\\\"3e464b4d7dd14be5a8d277c30c843c92\\\",\\\"vbId\\\":\\\"745db7422c1d409ebf8f52a56d0c0b2a\\\",\\\"sellingId\\\":\\\"745db7422c1d409ebf8f52a56d0c0b2a\\\",\\\"merchantId\\\":\\\"e43cf7756d0b4ba8a4e9046774656ce8\\\",\\\"skuId\\\":\\\"745db7422c1d409ebf8f52a56d0c0b2a\\\",\\\"f\\\":124,\\\"fnId\\\":\\\"fb72b6f9c1e54625a551711f6ee72714\\\",\\\"fnType\\\":\\\"wolverine\\\",\\\"by\\\":\\\"Vibranium\\\",\\\"at\\\":\\\"2019-07-29T05:31:14+00:00\\\",\\\"invUssn\\\":48,\\\"isInf\\\":false,\\\"ifa\\\":true,\\\"martAvail\\\":[{\\\"martId\\\":\\\"21\\\",\\\"ia\\\":true}],\\\"clt\\\":\\\"JoJ\\\"}\"}"}
{"id":"1e0ea7eb19164194bf0f2aea5dbb98fd","table":"killmonger_events_table","keyspace":"msku","timestamp":"2019-07-29T05:45:02.409Z","clusteringKeys":["d8c82725c2f44901bbee8db463c10582","vbIdSellingIdInventoryUpdated/1","1564378483"],"changedColumns":["selling_id","fulfillment_node_id","event_type","update_at","stream_sequence_number","event_data"],"record":"{\"selling_id\":\"1e0ea7eb19164194bf0f2aea5dbb98fd\",\"fulfillment_node_id\":\"d8c82725c2f44901bbee8db463c10582\",\"event_type\":\"vbIdSellingIdInventoryUpdated/1\",\"update_at\":1564378483,\"stream_sequence_number\":204,\"event_data\":\"{\\\"id\\\":\\\"ef86d245408048e897c9aa3c5b575b61\\\",\\\"vbId\\\":\\\"1e0ea7eb19164194bf0f2aea5dbb98fd\\\",\\\"sellingId\\\":\\\"1e0ea7eb19164194bf0f2aea5dbb98fd\\\",\\\"merchantId\\\":\\\"01133ed0b8d64d11b1766d2295fa867b\\\",\\\"skuId\\\":\\\"1e0ea7eb19164194bf0f2aea5dbb98fd\\\",\\\"f\\\":11,\\\"fnId\\\":\\\"d8c82725c2f44901bbee8db463c10582\\\",\\\"fnType\\\":\\\"wolverine\\\",\\\"by\\\":\\\"Vibranium\\\",\\\"at\\\":\\\"2019-07-29T05:34:43+00:00\\\",\\\"invUssn\\\":223,\\\"isInf\\\":false,\\\"ifa\\\":true,\\\"martAvail\\\":[{\\\"martId\\\":\\\"21\\\",\\\"ia\\\":true}],\\\"clt\\\":\\\"JoJ\\\"}\"}"}
{"id":"00811155a1964e2198184e8c81125a75","table":"killmonger_events_table","keyspace":"msku","timestamp":"2019-07-29T05:45:03.470Z","clusteringKeys":["fb72b6f9c1e54625a551711f6ee72714","updateVbIdSellingIdInventorySkipped/1","1564378274"],"changedColumns":["selling_id","fulfillment_node_id","event_type","update_at","stream_sequence_number","event_data"],"record":"{\"selling_id\":\"00811155a1964e2198184e8c81125a75\",\"fulfillment_node_id\":\"fb72b6f9c1e54625a551711f6ee72714\",\"event_type\":\"updateVbIdSellingIdInventorySkipped/1\",\"update_at\":1564378274,\"stream_sequence_number\":42,\"event_data\":\"{\\\"id\\\":\\\"10a47d7ae50a44d9928f27a5ad6a4f5c\\\",\\\"vbId\\\":\\\"00811155a1964e2198184e8c81125a75\\\",\\\"sellingId\\\":\\\"00811155a1964e2198184e8c81125a75\\\",\\\"merchantId\\\":\\\"e43cf7756d0b4ba8a4e9046774656ce8\\\",\\\"skuId\\\":\\\"00811155a1964e2198184e8c81125a75\\\",\\\"f\\\":64,\\\"fnId\\\":\\\"fb72b6f9c1e54625a551711f6ee72714\\\",\\\"fnType\\\":\\\"wolverine\\\",\\\"by\\\":\\\"Vibranium\\\",\\\"at\\\":\\\"2019-07-29T05:31:14+00:00\\\",\\\"invUssn\\\":50,\\\"isInf\\\":false}\"}"}
{"id":"00811155a1964e2198184e8c81125a75","table":"killmonger_events_table","keyspace":"msku","timestamp":"2019-07-29T05:45:03.470Z","clusteringKeys":["fb72b6f9c1e54625a551711f6ee72714","updateVbIdSellingIdInventorySkipped/1","1564378274"],"changedColumns":["selling_id","fulfillment_node_id","event_type","update_at","stream_sequence_number","event_data"],"record":"{\"selling_id\":\"00811155a1964e2198184e8c81125a75\",\"fulfillment_node_id\":\"fb72b6f9c1e54625a551711f6ee72714\",\"event_type\":\"updateVbIdSellingIdInventorySkipped/1\",\"update_at\":1564378274,\"stream_sequence_number\":43,\"event_data\":\"{\\\"id\\\":\\\"10a47d7ae50a44d9928f27a5ad6a4f5c\\\",\\\"vbId\\\":\\\"00811155a1964e2198184e8c81125a75\\\",\\\"sellingId\\\":\\\"00811155a1964e2198184e8c81125a75\\\",\\\"merchantId\\\":\\\"e43cf7756d0b4ba8a4e9046774656ce8\\\",\\\"skuId\\\":\\\"00811155a1964e2198184e8c81125a75\\\",\\\"f\\\":64,\\\"fnId\\\":\\\"fb72b6f9c1e54625a551711f6ee72714\\\",\\\"fnType\\\":\\\"wolverine\\\",\\\"by\\\":\\\"Vibranium\\\",\\\"at\\\":\\\"2019-07-29T05:31:14+00:00\\\",\\\"invUssn\\\":50,\\\"isInf\\\":false}\"}"}
{"id":"69de99422d2a4ab997adbdd21393d20e","table":"killmonger_events_table","keyspace":"msku","timestamp":"2019-07-29T05:45:03.471Z","clusteringKeys":["1a55075b976a41d495a9fc77b6c29c7b","updateVbIdSellingIdInventorySkipped/1","1564375107"],"changedColumns":["selling_id","fulfillment_node_id","event_type","update_at","stream_sequence_number","event_data"],"record":"{\"selling_id\":\"69de99422d2a4ab997adbdd21393d20e\",\"fulfillment_node_id\":\"1a55075b976a41d495a9fc77b6c29c7b\",\"event_type\":\"updateVbIdSellingIdInventorySkipped/1\",\"update_at\":1564375107,\"stream_sequence_number\":1333,\"event_data\":\"{\\\"id\\\":\\\"1591c25b085c4d4093d67e5d6930a29b\\\",\\\"vbId\\\":\\\"69de99422d2a4ab997adbdd21393d20e\\\",\\\"sellingId\\\":\\\"69de99422d2a4ab997adbdd21393d20e\\\",\\\"merchantId\\\":\\\"8016ab705f5543fa878a6ac5972c7403\\\",\\\"skuId\\\":\\\"69de99422d2a4ab997adbdd21393d20e\\\",\\\"f\\\":5,\\\"fnId\\\":\\\"1a55075b976a41d495a9fc77b6c29c7b\\\",\\\"fnType\\\":\\\"wolverine\\\",\\\"by\\\":\\\"Vibranium\\\",\\\"at\\\":\\\"2019-07-29T04:38:27+00:00\\\",\\\"invUssn\\\":1077,\\\"isInf\\\":false}\"}"}
{"id":"69de99422d2a4ab997adbdd21393d20e","table":"killmonger_events_table","keyspace":"msku","timestamp":"2019-07-29T05:45:03.471Z","clusteringKeys":["1a55075b976a41d495a9fc77b6c29c7b","updateVbIdSellingIdInventorySkipped/1","1564375107"],"changedColumns":["selling_id","fulfillment_node_id","event_type","update_at","stream_sequence_number","event_data"],"record":"{\"selling_id\":\"69de99422d2a4ab997adbdd21393d20e\",\"fulfillment_node_id\":\"1a55075b976a41d495a9fc77b6c29c7b\",\"event_type\":\"updateVbIdSellingIdInventorySkipped/1\",\"update_at\":1564375107,\"stream_sequence_number\":1334,\"event_data\":\"{\\\"id\\\":\\\"81b9a2d3bbac48c19613a1beb8d47692\\\",\\\"vbId\\\":\\\"69de99422d2a4ab997adbdd21393d20e\\\",\\\"sellingId\\\":\\\"69de99422d2a4ab997adbdd21393d20e\\\",\\\"merchantId\\\":\\\"8016ab705f5543fa878a6ac5972c7403\\\",\\\"skuId\\\":\\\"69de99422d2a4ab997adbdd21393d20e\\\",\\\"f\\\":5,\\\"fnId\\\":\\\"1a55075b976a41d495a9fc77b6c29c7b\\\",\\\"fnType\\\":\\\"wolverine\\\",\\\"by\\\":\\\"Vibranium\\\",\\\"at\\\":\\\"2019-07-29T04:38:27+00:00\\\",\\\"invUssn\\\":1077,\\\"isInf\\\":false}\"}"}
{"id":"ae13bef5351e49849df0c7896ffe51a8","table":"killmonger_events_table","keyspace":"msku","timestamp":"2019-07-29T05:44:37.003Z","clusteringKeys":["fb72b6f9c1e54625a551711f6ee72714","updateVbIdSellingIdInventorySkipped/1","1564375344"],"changedColumns":["selling_id","fulfillment_node_id","event_type","update_at","stream_sequence_number","event_data"],"record":"{\"selling_id\":\"ae13bef5351e49849df0c7896ffe51a8\",\"fulfillment_node_id\":\"fb72b6f9c1e54625a551711f6ee72714\",\"event_type\":\"updateVbIdSellingIdInventorySkipped/1\",\"update_at\":1564375344,\"stream_sequence_number\":56,\"event_data\":\"{\\\"id\\\":\\\"b765026680984671946bece0aa5787b8\\\",\\\"vbId\\\":\\\"ae13bef5351e49849df0c7896ffe51a8\\\",\\\"sellingId\\\":\\\"ae13bef5351e49849df0c7896ffe51a8\\\",\\\"merchantId\\\":\\\"e43cf7756d0b4ba8a4e9046774656ce8\\\",\\\"skuId\\\":\\\"ae13bef5351e49849df0c7896ffe51a8\\\",\\\"f\\\":115,\\\"fnId\\\":\\\"fb72b6f9c1e54625a551711f6ee72714\\\",\\\"fnType\\\":\\\"wolverine\\\",\\\"by\\\":\\\"Vibranium\\\",\\\"at\\\":\\\"2019-07-29T04:42:24+00:00\\\",\\\"invUssn\\\":52,\\\"isInf\\\":false}\"}"}
{"id":"eea6b951b6e64b73870b94be035818f9","table":"killmonger_events_table","keyspace":"msku","timestamp":"2019-07-29T05:44:37.003Z","clusteringKeys":["fb72b6f9c1e54625a551711f6ee72714","updateVbIdSellingIdInventorySkipped/1","1564375344"],"changedColumns":["selling_id","fulfillment_node_id","event_type","update_at","stream_sequence_number","event_data"],"record":"{\"selling_id\":\"eea6b951b6e64b73870b94be035818f9\",\"fulfillment_node_id\":\"fb72b6f9c1e54625a551711f6ee72714\",\"event_type\":\"updateVbIdSellingIdInventorySkipped/1\",\"update_at\":1564375344,\"stream_sequence_number\":57,\"event_data\":\"{\\\"id\\\":\\\"bedea2b382a8410aaf6b12a46b15037d\\\",\\\"vbId\\\":\\\"eea6b951b6e64b73870b94be035818f9\\\",\\\"sellingId\\\":\\\"eea6b951b6e64b73870b94be035818f9\\\",\\\"merchantId\\\":\\\"e43cf7756d0b4ba8a4e9046774656ce8\\\",\\\"skuId\\\":\\\"eea6b951b6e64b73870b94be035818f9\\\",\\\"f\\\":140,\\\"fnId\\\":\\\"fb72b6f9c1e54625a551711f6ee72714\\\",\\\"fnType\\\":\\\"wolverine\\\",\\\"by\\\":\\\"Vibranium\\\",\\\"at\\\":\\\"2019-07-29T04:42:24+00:00\\\",\\\"invUssn\\\":51,\\\"isInf\\\":false}\"}"}
{"id":"d9bbdac8477f42caa7ebf46bbe7da068","table":"killmonger_events_table","keyspace":"msku","timestamp":"2019-07-29T05:45:02.418Z","clusteringKeys":["7d029b0996bd4f16bbd74454bab3ab2e","vbIdSellingIdInventoryUpdated/1","1564378274"],"changedColumns":["selling_id","fulfillment_node_id","event_type","update_at","stream_sequence_number","event_data"],"record":"{\"selling_id\":\"d9bbdac8477f42caa7ebf46bbe7da068\",\"fulfillment_node_id\":\"7d029b0996bd4f16bbd74454bab3ab2e\",\"event_type\":\"vbIdSellingIdInventoryUpdated/1\",\"update_at\":1564378274,\"stream_sequence_number\":38,\"event_data\":\"{\\\"id\\\":\\\"cb04ac2f4be14371b61f195e18add3e5\\\",\\\"vbId\\\":\\\"d9bbdac8477f42caa7ebf46bbe7da068\\\",\\\"sellingId\\\":\\\"d9bbdac8477f42caa7ebf46bbe7da068\\\",\\\"merchantId\\\":\\\"e43cf7756d0b4ba8a4e9046774656ce8\\\",\\\"skuId\\\":\\\"d9bbdac8477f42caa7ebf46bbe7da068\\\",\\\"f\\\":73,\\\"fnId\\\":\\\"7d029b0996bd4f16bbd74454bab3ab2e\\\",\\\"fnType\\\":\\\"wolverine\\\",\\\"by\\\":\\\"Vibranium\\\",\\\"at\\\":\\\"2019-07-29T05:31:14+00:00\\\",\\\"invUssn\\\":50,\\\"isInf\\\":false,\\\"ifa\\\":true,\\\"martAvail\\\":[{\\\"martId\\\":\\\"21\\\",\\\"ia\\\":true}],\\\"clt\\\":\\\"JoJ\\\"}\"}"}
{"id":"881E905275A94F03BDCD6B2AA6A18280","table":"killmonger_events_table","keyspace":"msku","timestamp":"2019-07-29T05:40:44.660Z","clusteringKeys":["8306","vbIdSellingIdInventoryUpdated/1","1564378912"],"changedColumns":["selling_id","fulfillment_node_id","event_type","update_at","stream_sequence_number","event_data"],"record":"{\"selling_id\":\"881E905275A94F03BDCD6B2AA6A18280\",\"fulfillment_node_id\":\"8306\",\"event_type\":\"vbIdSellingIdInventoryUpdated/1\",\"update_at\":1564378912,\"stream_sequence_number\":136,\"event_data\":\"{\\\"id\\\":\\\"6c41a7fb373a4ffa92bd533cfc42a8f9\\\",\\\"vbId\\\":\\\"PantherMigrationVbId\\\",\\\"sellingId\\\":\\\"881E905275A94F03BDCD6B2AA6A18280\\\",\\\"merchantId\\\":\\\"9fc08905039048918982091f266c2a29\\\",\\\"skuId\\\":\\\"PantherMigrationSkuId\\\",\\\"f\\\":0,\\\"fnId\\\":\\\"8306\\\",\\\"by\\\":\\\"Killmonger.Migration.MapInWalmartInvUpdates\\\",\\\"at\\\":\\\"2019-07-29T05:41:52.715+00:00\\\",\\\"invUssn\\\":0,\\\"isInf\\\":false,\\\"ifa\\\":true,\\\"martAvail\\\":[{\\\"martId\\\":\\\"21\\\",\\\"ia\\\":true},{\\\"martId\\\":\\\"0\\\",\\\"ia\\\":true}],\\\"clt\\\":\\\"WoJ\\\"}\"}"}
{"id":"881E905275A94F03BDCD6B2AA6A18280","table":"killmonger_events_table","keyspace":"msku","timestamp":"2019-07-29T05:40:44.660Z","clusteringKeys":["8306","vbIdSellingIdInventoryUpdated/1","1564378912"],"changedColumns":["selling_id","fulfillment_node_id","event_type","update_at","stream_sequence_number","event_data"],"record":"{\"selling_id\":\"881E905275A94F03BDCD6B2AA6A18280\",\"fulfillment_node_id\":\"8306\",\"event_type\":\"vbIdSellingIdInventoryUpdated/1\",\"update_at\":1564378912,\"stream_sequence_number\":137,\"event_data\":\"{\\\"id\\\":\\\"6c41a7fb373a4ffa92bd533cfc42a8f9\\\",\\\"vbId\\\":\\\"PantherMigrationVbId\\\",\\\"sellingId\\\":\\\"881E905275A94F03BDCD6B2AA6A18280\\\",\\\"merchantId\\\":\\\"9fc08905039048918982091f266c2a29\\\",\\\"skuId\\\":\\\"PantherMigrationSkuId\\\",\\\"f\\\":0,\\\"fnId\\\":\\\"8306\\\",\\\"by\\\":\\\"Killmonger.Migration.MapInWalmartInvUpdates\\\",\\\"at\\\":\\\"2019-07-29T05:41:52.715+00:00\\\",\\\"invUssn\\\":0,\\\"isInf\\\":false,\\\"ifa\\\":true,\\\"martAvail\\\":[{\\\"martId\\\":\\\"21\\\",\\\"ia\\\":true},{\\\"martId\\\":\\\"0\\\",\\\"ia\\\":true}],\\\"clt\\\":\\\"WoJ\\\"}\"}"}
{"id":"61C73A4E7958487CAB06D705A3A9470C","table":"killmonger_events_table","keyspace":"msku","timestamp":"2019-07-29T05:45:02.422Z","clusteringKeys":["6559","vbIdSellingIdInventoryUpdated/1","1564378912"],"changedColumns":["selling_id","fulfillment_node_id","event_type","update_at","stream_sequence_number","event_data"],"record":"{\"selling_id\":\"61C73A4E7958487CAB06D705A3A9470C\",\"fulfillment_node_id\":\"6559\",\"event_type\":\"vbIdSellingIdInventoryUpdated/1\",\"update_at\":1564378912,\"stream_sequence_number\":142,\"event_data\":\"{\\\"id\\\":\\\"f2fe2ebb12394b9f98bdaeed9083f8fc\\\",\\\"vbId\\\":\\\"PantherMigrationVbId\\\",\\\"sellingId\\\":\\\"61C73A4E7958487CAB06D705A3A9470C\\\",\\\"merchantId\\\":\\\"9fc08905039048918982091f266c2a29\\\",\\\"skuId\\\":\\\"PantherMigrationSkuId\\\",\\\"f\\\":15,\\\"fnId\\\":\\\"6559\\\",\\\"by\\\":\\\"Killmonger.Migration.MapInWalmartInvUpdates\\\",\\\"at\\\":\\\"2019-07-29T05:41:52.767+00:00\\\",\\\"invUssn\\\":0,\\\"isInf\\\":false,\\\"ifa\\\":true,\\\"martAvail\\\":[{\\\"martId\\\":\\\"21\\\",\\\"ia\\\":true},{\\\"martId\\\":\\\"0\\\",\\\"ia\\\":true}],\\\"clt\\\":\\\"WoJ\\\"}\"}"}
{"id":"ea57ef33d25f4753a3731d5e9378341c","table":"killmonger_events_table","keyspace":"msku","timestamp":"2019-07-29T05:45:02.424Z","clusteringKeys":["fb72b6f9c1e54625a551711f6ee72714","updateVbIdSellingIdInventorySkipped/1","1564374967"],"changedColumns":["selling_id","fulfillment_node_id","event_type","update_at","stream_sequence_number","event_data"],"record":"{\"selling_id\":\"ea57ef33d25f4753a3731d5e9378341c\",\"fulfillment_node_id\":\"fb72b6f9c1e54625a551711f6ee72714\",\"event_type\":\"updateVbIdSellingIdInventorySkipped/1\",\"update_at\":1564374967,\"stream_sequence_number\":48,\"event_data\":\"{\\\"id\\\":\\\"08c69b4fcf0d4089a4d8ede1f2c04f0e\\\",\\\"vbId\\\":\\\"ea57ef33d25f4753a3731d5e9378341c\\\",\\\"sellingId\\\":\\\"ea57ef33d25f4753a3731d5e9378341c\\\",\\\"merchantId\\\":\\\"e43cf7756d0b4ba8a4e9046774656ce8\\\",\\\"skuId\\\":\\\"ea57ef33d25f4753a3731d5e9378341c\\\",\\\"f\\\":112,\\\"fnId\\\":\\\"fb72b6f9c1e54625a551711f6ee72714\\\",\\\"fnType\\\":\\\"wolverine\\\",\\\"by\\\":\\\"Vibranium\\\",\\\"at\\\":\\\"2019-07-29T04:36:07+00:00\\\",\\\"invUssn\\\":48,\\\"isInf\\\":false}\"}"}
{"id":"ea57ef33d25f4753a3731d5e9378341c","table":"killmonger_events_table","keyspace":"msku","timestamp":"2019-07-29T05:45:02.424Z","clusteringKeys":["fb72b6f9c1e54625a551711f6ee72714","updateVbIdSellingIdInventorySkipped/1","1564374967"],"changedColumns":["selling_id","fulfillment_node_id","event_type","update_at","stream_sequence_number","event_data"],"record":"{\"selling_id\":\"ea57ef33d25f4753a3731d5e9378341c\",\"fulfillment_node_id\":\"fb72b6f9c1e54625a551711f6ee72714\",\"event_type\":\"updateVbIdSellingIdInventorySkipped/1\",\"update_at\":1564374967,\"stream_sequence_number\":49,\"event_data\":\"{\\\"id\\\":\\\"d66241faac4a468bb96d9a078683b8ec\\\",\\\"vbId\\\":\\\"ea57ef33d25f4753a3731d5e9378341c\\\",\\\"sellingId\\\":\\\"ea57ef33d25f4753a3731d5e9378341c\\\",\\\"merchantId\\\":\\\"e43cf7756d0b4ba8a4e9046774656ce8\\\",\\\"skuId\\\":\\\"ea57ef33d25f4753a3731d5e9378341c\\\",\\\"f\\\":112,\\\"fnId\\\":\\\"fb72b6f9c1e54625a551711f6ee72714\\\",\\\"fnType\\\":\\\"wolverine\\\",\\\"by\\\":\\\"Vibranium\\\",\\\"at\\\":\\\"2019-07-29T04:36:07+00:00\\\",\\\"invUssn\\\":48,\\\"isInf\\\":false}\"}"}
{"id":"76ace673c1644607a77b0673d6a0a047","table":"killmonger_events_table","keyspace":"msku","timestamp":"2019-07-29T05:45:03.472Z","clusteringKeys":["fb72b6f9c1e54625a551711f6ee72714","updateVbIdSellingIdInventorySkipped/1","1564378075"],"changedColumns":["selling_id","fulfillment_node_id","event_type","update_at","stream_sequence_number","event_data"],"record":"{\"selling_id\":\"76ace673c1644607a77b0673d6a0a047\",\"fulfillment_node_id\":\"fb72b6f9c1e54625a551711f6ee72714\",\"event_type\":\"updateVbIdSellingIdInventorySkipped/1\",\"update_at\":1564378075,\"stream_sequence_number\":47,\"event_data\":\"{\\\"id\\\":\\\"3d69429ba1a2404bab644cd00ec88082\\\",\\\"vbId\\\":\\\"76ace673c1644607a77b0673d6a0a047\\\",\\\"sellingId\\\":\\\"76ace673c1644607a77b0673d6a0a047\\\",\\\"merchantId\\\":\\\"e43cf7756d0b4ba8a4e9046774656ce8\\\",\\\"skuId\\\":\\\"76ace673c1644607a77b0673d6a0a047\\\",\\\"f\\\":88,\\\"fnId\\\":\\\"fb72b6f9c1e54625a551711f6ee72714\\\",\\\"fnType\\\":\\\"wolverine\\\",\\\"by\\\":\\\"Vibranium\\\",\\\"at\\\":\\\"2019-07-29T05:27:55+00:00\\\",\\\"invUssn\\\":48,\\\"isInf\\\":false}\"}"}
{"id":"0b2000fb31e24d999c37d6b2b3bd313c","table":"killmonger_events_table","keyspace":"msku","timestamp":"2019-07-29T05:45:03.472Z","clusteringKeys":["fb72b6f9c1e54625a551711f6ee72714","vbIdSellingIdInventoryUpdated/1","1564378075"],"changedColumns":["selling_id","fulfillment_node_id","event_type","update_at","stream_sequence_number","event_data"],"record":"{\"selling_id\":\"0b2000fb31e24d999c37d6b2b3bd313c\",\"fulfillment_node_id\":\"fb72b6f9c1e54625a551711f6ee72714\",\"event_type\":\"vbIdSellingIdInventoryUpdated/1\",\"update_at\":1564378075,\"stream_sequence_number\":46,\"event_data\":\"{\\\"id\\\":\\\"7fa468d8c4794364975a36e74f5e49d4\\\",\\\"vbId\\\":\\\"0b2000fb31e24d999c37d6b2b3bd313c\\\",\\\"sellingId\\\":\\\"0b2000fb31e24d999c37d6b2b3bd313c\\\",\\\"merchantId\\\":\\\"e43cf7756d0b4ba8a4e9046774656ce8\\\",\\\"skuId\\\":\\\"0b2000fb31e24d999c37d6b2b3bd313c\\\",\\\"f\\\":148,\\\"fnId\\\":\\\"fb72b6f9c1e54625a551711f6ee72714\\\",\\\"fnType\\\":\\\"wolverine\\\",\\\"by\\\":\\\"Vibranium\\\",\\\"at\\\":\\\"2019-07-29T05:27:55+00:00\\\",\\\"invUssn\\\":48,\\\"isInf\\\":false,\\\"ifa\\\":true,\\\"martAvail\\\":[{\\\"martId\\\":\\\"21\\\",\\\"ia\\\":true}],\\\"clt\\\":\\\"JoJ\\\"}\"}"}
{"id":"1164b98a94914816b862ea9c945bd064","table":"killmonger_events_table","keyspace":"msku","timestamp":"2019-07-29T05:40:44.672Z","clusteringKeys":["0f6cc832f00b48fb88991e09aff96a76","updateVbIdSellingIdInventorySkipped/1","1564378277"],"changedColumns":["selling_id","fulfillment_node_id","event_type","update_at","stream_sequence_number","event_data"],"record":"{\"selling_id\":\"1164b98a94914816b862ea9c945bd064\",\"fulfillment_node_id\":\"0f6cc832f00b48fb88991e09aff96a76\",\"event_type\":\"updateVbIdSellingIdInventorySkipped/1\",\"update_at\":1564378277,\"stream_sequence_number\":649,\"event_data\":\"{\\\"id\\\":\\\"e0aa3d0d2afa4546851f8842207b9e84\\\",\\\"vbId\\\":\\\"1164b98a94914816b862ea9c945bd064\\\",\\\"sellingId\\\":\\\"1164b98a94914816b862ea9c945bd064\\\",\\\"merchantId\\\":\\\"80bf6aaa40664579bdb5449785af4f06\\\",\\\"skuId\\\":\\\"1164b98a94914816b862ea9c945bd064\\\",\\\"f\\\":163,\\\"fnId\\\":\\\"0f6cc832f00b48fb88991e09aff96a76\\\",\\\"fnType\\\":\\\"wolverine\\\",\\\"by\\\":\\\"Vibranium\\\",\\\"at\\\":\\\"2019-07-29T05:31:17+00:00\\\",\\\"invUssn\\\":302,\\\"isInf\\\":false}\"}"}
{"id":"D6EFC04E025A4F1484B3A4D63DCF2338","table":"killmonger_events_table","keyspace":"msku","timestamp":"2019-07-29T05:45:03.477Z","clusteringKeys":["10001021991","vbIdSellingIdInventoryUpdated/1","1564378296"],"changedColumns":["selling_id","fulfillment_node_id","event_type","update_at","stream_sequence_number","event_data"],"record":"{\"selling_id\":\"D6EFC04E025A4F1484B3A4D63DCF2338\",\"fulfillment_node_id\":\"10001021991\",\"event_type\":\"vbIdSellingIdInventoryUpdated/1\",\"update_at\":1564378296,\"stream_sequence_number\":3541,\"event_data\":\"{\\\"id\\\":\\\"04ff1a7d9aa0439fa0fdbf852a9b9359\\\",\\\"vbId\\\":\\\"46F-39-101002621\\\",\\\"sellingId\\\":\\\"D6EFC04E025A4F1484B3A4D63DCF2338\\\",\\\"merchantId\\\":\\\"101002621\\\",\\\"skuId\\\":\\\"46F-39\\\",\\\"f\\\":1,\\\"fnId\\\":\\\"10001021991\\\",\\\"fnType\\\":\\\"MARKETPLACE\\\",\\\"by\\\":\\\"Vibranium\\\",\\\"at\\\":\\\"2019-07-29T05:31:36+00:00\\\",\\\"invUssn\\\":2880,\\\"catUssn\\\":0,\\\"isInf\\\":false,\\\"ifa\\\":true,\\\"martAvail\\\":[{\\\"martId\\\":\\\"0\\\",\\\"ia\\\":true}],\\\"clt\\\":\\\"WoW\\\"}\"}"}
{"id":"077D7788C9EC4E33AEC6B041A720974B","table":"killmonger_events_table","keyspace":"msku","timestamp":"2019-07-29T05:40:44.672Z","clusteringKeys":["8089","vbIdSellingIdInventoryUpdated/1","1564378912"],"changedColumns":["selling_id","fulfillment_node_id","event_type","update_at","stream_sequence_number","event_data"],"record":"{\"selling_id\":\"077D7788C9EC4E33AEC6B041A720974B\",\"fulfillment_node_id\":\"8089\",\"event_type\":\"vbIdSellingIdInventoryUpdated/1\",\"update_at\":1564378912,\"stream_sequence_number\":174,\"event_data\":\"{\\\"id\\\":\\\"eb4d3c69072b4d03a4b9f688a45f1fa9\\\",\\\"vbId\\\":\\\"PantherMigrationVbId\\\",\\\"sellingId\\\":\\\"077D7788C9EC4E33AEC6B041A720974B\\\",\\\"merchantId\\\":\\\"9fc08905039048918982091f266c2a29\\\",\\\"skuId\\\":\\\"PantherMigrationSkuId\\\",\\\"f\\\":0,\\\"fnId\\\":\\\"8089\\\",\\\"by\\\":\\\"Killmonger.Migration.MapInWalmartInvUpdates\\\",\\\"at\\\":\\\"2019-07-29T05:41:52.036+00:00\\\",\\\"invUssn\\\":0,\\\"isInf\\\":false,\\\"ifa\\\":true,\\\"martAvail\\\":[{\\\"martId\\\":\\\"21\\\",\\\"ia\\\":true},{\\\"martId\\\":\\\"0\\\",\\\"ia\\\":true}],\\\"clt\\\":\\\"WoJ\\\"}\"}"}
{"id":"162346f2b3cb43f2b2c21e0e01c53962","table":"killmonger_events_table","keyspace":"msku","timestamp":"2019-07-29T05:45:03.484Z","clusteringKeys":["fb72b6f9c1e54625a551711f6ee72714","updateVbIdSellingIdInventorySkipped/1","1564374773"],"changedColumns":["selling_id","fulfillment_node_id","event_type","update_at","stream_sequence_number","event_data"],"record":"{\"selling_id\":\"162346f2b3cb43f2b2c21e0e01c53962\",\"fulfillment_node_id\":\"fb72b6f9c1e54625a551711f6ee72714\",\"event_type\":\"updateVbIdSellingIdInventorySkipped/1\",\"update_at\":1564374773,\"stream_sequence_number\":49,\"event_data\":\"{\\\"id\\\":\\\"bbd487908a5c49ab9090d43238dd188b\\\",\\\"vbId\\\":\\\"162346f2b3cb43f2b2c21e0e01c53962\\\",\\\"sellingId\\\":\\\"162346f2b3cb43f2b2c21e0e01c53962\\\",\\\"merchantId\\\":\\\"e43cf7756d0b4ba8a4e9046774656ce8\\\",\\\"skuId\\\":\\\"162346f2b3cb43f2b2c21e0e01c53962\\\",\\\"f\\\":53,\\\"fnId\\\":\\\"fb72b6f9c1e54625a551711f6ee72714\\\",\\\"fnType\\\":\\\"wolverine\\\",\\\"by\\\":\\\"Vibranium\\\",\\\"at\\\":\\\"2019-07-29T04:32:53+00:00\\\",\\\"invUssn\\\":51,\\\"isInf\\\":false}\"}"}
{"id":"47485E6B2B814E4589BCA89422BA7A61","table":"killmonger_events_table","keyspace":"msku","timestamp":"2019-07-29T05:40:44.676Z","clusteringKeys":["5868","vbIdSellingIdInventoryUpdated/1","1564378907"],"changedColumns":["selling_id","fulfillment_node_id","event_type","update_at","stream_sequence_number","event_data"],"record":"{\"selling_id\":\"47485E6B2B814E4589BCA89422BA7A61\",\"fulfillment_node_id\":\"5868\",\"event_type\":\"vbIdSellingIdInventoryUpdated/1\",\"update_at\":1564378907,\"stream_sequence_number\":131,\"event_data\":\"{\\\"id\\\":\\\"66c38c8960b4480fa564a35502ce4092\\\",\\\"vbId\\\":\\\"PantherMigrationVbId\\\",\\\"sellingId\\\":\\\"47485E6B2B814E4589BCA89422BA7A61\\\",\\\"merchantId\\\":\\\"9fc08905039048918982091f266c2a29\\\",\\\"skuId\\\":\\\"PantherMigrationSkuId\\\",\\\"f\\\":0,\\\"fnId\\\":\\\"5868\\\",\\\"by\\\":\\\"Killmonger.Migration.MapInWalmartInvUpdates\\\",\\\"at\\\":\\\"2019-07-29T05:41:47.864+00:00\\\",\\\"invUssn\\\":0,\\\"isInf\\\":false,\\\"ifa\\\":true,\\\"martAvail\\\":[{\\\"martId\\\":\\\"21\\\",\\\"ia\\\":true},{\\\"martId\\\":\\\"0\\\",\\\"ia\\\":true}],\\\"clt\\\":\\\"WoJ\\\"}\"}"}
{"id":"47485E6B2B814E4589BCA89422BA7A61","table":"killmonger_events_table","keyspace":"msku","timestamp":"2019-07-29T05:40:44.677Z","clusteringKeys":["5868","vbIdSellingIdInventoryUpdated/1","1564378907"],"changedColumns":["selling_id","fulfillment_node_id","event_type","update_at","stream_sequence_number","event_data"],"record":"{\"selling_id\":\"47485E6B2B814E4589BCA89422BA7A61\",\"fulfillment_node_id\":\"5868\",\"event_type\":\"vbIdSellingIdInventoryUpdated/1\",\"update_at\":1564378907,\"stream_sequence_number\":132,\"event_data\":\"{\\\"id\\\":\\\"66c38c8960b4480fa564a35502ce4092\\\",\\\"vbId\\\":\\\"PantherMigrationVbId\\\",\\\"sellingId\\\":\\\"47485E6B2B814E4589BCA89422BA7A61\\\",\\\"merchantId\\\":\\\"9fc08905039048918982091f266c2a29\\\",\\\"skuId\\\":\\\"PantherMigrationSkuId\\\",\\\"f\\\":0,\\\"fnId\\\":\\\"5868\\\",\\\"by\\\":\\\"Killmonger.Migration.MapInWalmartInvUpdates\\\",\\\"at\\\":\\\"2019-07-29T05:41:47.864+00:00\\\",\\\"invUssn\\\":0,\\\"isInf\\\":false,\\\"ifa\\\":true,\\\"martAvail\\\":[{\\\"martId\\\":\\\"21\\\",\\\"ia\\\":true},{\\\"martId\\\":\\\"0\\\",\\\"ia\\\":true}],\\\"clt\\\":\\\"WoJ\\\"}\"}"}
{"id":"bda3180e5451423f8241b03c50e159ec","table":"killmonger_events_table","keyspace":"msku","timestamp":"2019-07-29T05:40:44.677Z","clusteringKeys":["fb72b6f9c1e54625a551711f6ee72714","updateVbIdSellingIdInventorySkipped/1","1564375526"],"changedColumns":["selling_id","fulfillment_node_id","event_type","update_at","stream_sequence_number","event_data"],"record":"{\"selling_id\":\"bda3180e5451423f8241b03c50e159ec\",\"fulfillment_node_id\":\"fb72b6f9c1e54625a551711f6ee72714\",\"event_type\":\"updateVbIdSellingIdInventorySkipped/1\",\"update_at\":1564375526,\"stream_sequence_number\":41,\"event_data\":\"{\\\"id\\\":\\\"99250669541845c5a928fb60221dc9fb\\\",\\\"vbId\\\":\\\"bda3180e5451423f8241b03c50e159ec\\\",\\\"sellingId\\\":\\\"bda3180e5451423f8241b03c50e159ec\\\",\\\"merchantId\\\":\\\"e43cf7756d0b4ba8a4e9046774656ce8\\\",\\\"skuId\\\":\\\"bda3180e5451423f8241b03c50e159ec\\\",\\\"f\\\":116,\\\"fnId\\\":\\\"fb72b6f9c1e54625a551711f6ee72714\\\",\\\"fnType\\\":\\\"wolverine\\\",\\\"by\\\":\\\"Vibranium\\\",\\\"at\\\":\\\"2019-07-29T04:45:26+00:00\\\",\\\"invUssn\\\":50,\\\"isInf\\\":false}\"}"}
{"id":"f973b65f304b4a8891287a659cbf714f","table":"killmonger_events_table","keyspace":"msku","timestamp":"2019-07-29T05:45:02.437Z","clusteringKeys":["fb72b6f9c1e54625a551711f6ee72714","vbIdSellingIdInventoryUpdated/1","1564378274"],"changedColumns":["selling_id","fulfillment_node_id","event_type","update_at","stream_sequence_number","event_data"],"record":"{\"selling_id\":\"f973b65f304b4a8891287a659cbf714f\",\"fulfillment_node_id\":\"fb72b6f9c1e54625a551711f6ee72714\",\"event_type\":\"vbIdSellingIdInventoryUpdated/1\",\"update_at\":1564378274,\"stream_sequence_number\":41,\"event_data\":\"{\\\"id\\\":\\\"f93f0a533c23484b861317b51b3339ce\\\",\\\"vbId\\\":\\\"f973b65f304b4a8891287a659cbf714f\\\",\\\"sellingId\\\":\\\"f973b65f304b4a8891287a659cbf714f\\\",\\\"merchantId\\\":\\\"e43cf7756d0b4ba8a4e9046774656ce8\\\",\\\"skuId\\\":\\\"f973b65f304b4a8891287a659cbf714f\\\",\\\"f\\\":93,\\\"fnId\\\":\\\"fb72b6f9c1e54625a551711f6ee72714\\\",\\\"fnType\\\":\\\"wolverine\\\",\\\"by\\\":\\\"Vibranium\\\",\\\"at\\\":\\\"2019-07-29T05:31:14+00:00\\\",\\\"invUssn\\\":53,\\\"isInf\\\":false,\\\"ifa\\\":true,\\\"martAvail\\\":[{\\\"martId\\\":\\\"21\\\",\\\"ia\\\":true}],\\\"clt\\\":\\\"JoJ\\\"}\"}"}
{"id":"6DE9DAF581E147259EA29E9951432F8A","table":"killmonger_events_table","keyspace":"msku","timestamp":"2019-07-29T05:45:03.494Z","clusteringKeys":["10000018794","vbIdSellingIdInventoryUpdated/1","1564378253"],"changedColumns":["selling_id","fulfillment_node_id","event_type","update_at","stream_sequence_number","event_data"],"record":"{\"selling_id\":\"6DE9DAF581E147259EA29E9951432F8A\",\"fulfillment_node_id\":\"10000018794\",\"event_type\":\"vbIdSellingIdInventoryUpdated/1\",\"update_at\":1564378253,\"stream_sequence_number\":3423,\"event_data\":\"{\\\"id\\\":\\\"fef37c5082de4a2282f3aab5570d9f1e\\\",\\\"vbId\\\":\\\"Leggings-Carnial-AHM312-BLK-M-17872\\\",\\\"sellingId\\\":\\\"6DE9DAF581E147259EA29E9951432F8A\\\",\\\"merchantId\\\":\\\"17872\\\",\\\"skuId\\\":\\\"Leggings-Carnial-AHM312-BLK-M\\\",\\\"f\\\":38,\\\"fnId\\\":\\\"10000018794\\\",\\\"fnType\\\":\\\"MARKETPLACE\\\",\\\"by\\\":\\\"Vibranium\\\",\\\"at\\\":\\\"2019-07-29T05:30:53+00:00\\\",\\\"invUssn\\\":2875,\\\"catUssn\\\":0,\\\"isInf\\\":false,\\\"ifa\\\":true,\\\"martAvail\\\":[{\\\"martId\\\":\\\"0\\\",\\\"ia\\\":true}],\\\"clt\\\":\\\"WoW\\\"}\"}"}
{"id":"FC53302DE9F1464782211BFC52280E3E","table":"killmonger_events_table","keyspace":"msku","timestamp":"2019-07-29T05:45:03.494Z","clusteringKeys":["77628","vbIdSellingIdInventoryUpdated/1","1564375736"],"changedColumns":["selling_id","fulfillment_node_id","event_type","update_at","stream_sequence_number","event_data"],"record":"{\"selling_id\":\"FC53302DE9F1464782211BFC52280E3E\",\"fulfillment_node_id\":\"77628\",\"event_type\":\"vbIdSellingIdInventoryUpdated/1\",\"update_at\":1564375736,\"stream_sequence_number\":137,\"event_data\":\"{\\\"id\\\":\\\"ea28d6fce5f14943a70098c4c6b83bba\\\",\\\"vbId\\\":\\\"PantherMigrationVbId\\\",\\\"sellingId\\\":\\\"FC53302DE9F1464782211BFC52280E3E\\\",\\\"merchantId\\\":\\\"9fc08905039048918982091f266c2a29\\\",\\\"skuId\\\":\\\"PantherMigrationSkuId\\\",\\\"f\\\":0,\\\"fnId\\\":\\\"77628\\\",\\\"by\\\":\\\"Killmonger.Migration.MapInWalmartInvUpdates\\\",\\\"at\\\":\\\"2019-07-29T04:48:56.76+00:00\\\",\\\"invUssn\\\":0,\\\"isInf\\\":false,\\\"ifa\\\":true,\\\"martAvail\\\":[{\\\"martId\\\":\\\"21\\\",\\\"ia\\\":true},{\\\"martId\\\":\\\"0\\\",\\\"ia\\\":true}],\\\"clt\\\":\\\"WoJ\\\"}\"}"}
{"id":"156748CEE6F641B188BB4452537B20DC","table":"killmonger_events_table","keyspace":"msku","timestamp":"2019-07-29T05:40:44.682Z","clusteringKeys":["8306","vbIdSellingIdInventoryUpdated/1","1564378908"],"changedColumns":["selling_id","fulfillment_node_id","event_type","update_at","stream_sequence_number","event_data"],"record":"{\"selling_id\":\"156748CEE6F641B188BB4452537B20DC\",\"fulfillment_node_id\":\"8306\",\"event_type\":\"vbIdSellingIdInventoryUpdated/1\",\"update_at\":1564378908,\"stream_sequence_number\":129,\"event_data\":\"{\\\"id\\\":\\\"64bcd4d367bf4562a0714073014351c7\\\",\\\"vbId\\\":\\\"PantherMigrationVbId\\\",\\\"sellingId\\\":\\\"156748CEE6F641B188BB4452537B20DC\\\",\\\"merchantId\\\":\\\"9fc08905039048918982091f266c2a29\\\",\\\"skuId\\\":\\\"PantherMigrationSkuId\\\",\\\"f\\\":0,\\\"fnId\\\":\\\"8306\\\",\\\"by\\\":\\\"Killmonger.Migration.MapInWalmartInvUpdates\\\",\\\"at\\\":\\\"2019-07-29T05:41:48.59+00:00\\\",\\\"invUssn\\\":0,\\\"isInf\\\":false,\\\"ifa\\\":true,\\\"martAvail\\\":[{\\\"martId\\\":\\\"21\\\",\\\"ia\\\":true},{\\\"martId\\\":\\\"0\\\",\\\"ia\\\":true}],\\\"clt\\\":\\\"WoJ\\\"}\"}"}
{"id":"936e520d31bd4dc5891b8374dd69873a","table":"killmonger_events_table","keyspace":"msku","timestamp":"2019-07-29T05:45:02.446Z","clusteringKeys":["73268a19661043d7a46f373a1a734603","vbIdSellingIdInventoryUpdated/1","1564378206"],"changedColumns":["selling_id","fulfillment_node_id","event_type","update_at","stream_sequence_number","event_data"],"record":"{\"selling_id\":\"936e520d31bd4dc5891b8374dd69873a\",\"fulfillment_node_id\":\"73268a19661043d7a46f373a1a734603\",\"event_type\":\"vbIdSellingIdInventoryUpdated/1\",\"update_at\":1564378206,\"stream_sequence_number\":10463,\"event_data\":\"{\\\"id\\\":\\\"4bbde647926349329868c2b24fb22cd6\\\",\\\"vbId\\\":\\\"936e520d31bd4dc5891b8374dd69873a\\\",\\\"sellingId\\\":\\\"936e520d31bd4dc5891b8374dd69873a\\\",\\\"merchantId\\\":\\\"383c1dd015da40ababf71e9e67c66937\\\",\\\"skuId\\\":\\\"936e520d31bd4dc5891b8374dd69873a\\\",\\\"f\\\":1,\\\"fnId\\\":\\\"73268a19661043d7a46f373a1a734603\\\",\\\"fnType\\\":\\\"wolverine\\\",\\\"by\\\":\\\"Vibranium\\\",\\\"at\\\":\\\"2019-07-29T05:30:06+00:00\\\",\\\"invUssn\\\":11925,\\\"isInf\\\":false,\\\"ifa\\\":true,\\\"martAvail\\\":[{\\\"martId\\\":\\\"21\\\",\\\"ia\\\":true}],\\\"clt\\\":\\\"JoJ\\\"}\"}"}
{"id":"D7F3D1575C2B4327A60EECF32F6BCD5B","table":"killmonger_events_table","keyspace":"msku","timestamp":"2019-07-29T05:45:02.448Z","clusteringKeys":["77628","vbIdSellingIdInventoryUpdated/1","1564378907"],"changedColumns":["selling_id","fulfillment_node_id","event_type","update_at","stream_sequence_number","event_data"],"record":"{\"selling_id\":\"D7F3D1575C2B4327A60EECF32F6BCD5B\",\"fulfillment_node_id\":\"77628\",\"event_type\":\"vbIdSellingIdInventoryUpdated/1\",\"update_at\":1564378907,\"stream_sequence_number\":137,\"event_data\":\"{\\\"id\\\":\\\"d8b4918023d347028a9b7efa609d1ea5\\\",\\\"vbId\\\":\\\"PantherMigrationVbId\\\",\\\"sellingId\\\":\\\"D7F3D1575C2B4327A60EECF32F6BCD5B\\\",\\\"merchantId\\\":\\\"9fc08905039048918982091f266c2a29\\\",\\\"skuId\\\":\\\"PantherMigrationSkuId\\\",\\\"f\\\":0,\\\"fnId\\\":\\\"77628\\\",\\\"by\\\":\\\"Killmonger.Migration.MapInWalmartInvUpdates\\\",\\\"at\\\":\\\"2019-07-29T05:41:47.411+00:00\\\",\\\"invUssn\\\":0,\\\"isInf\\\":false,\\\"ifa\\\":true,\\\"martAvail\\\":[{\\\"martId\\\":\\\"21\\\",\\\"ia\\\":true},{\\\"martId\\\":\\\"0\\\",\\\"ia\\\":true}],\\\"clt\\\":\\\"WoJ\\\"}\"}"}
{"id":"f8ad91acdceb4cfaa568517b423b01fa","table":"killmonger_events_table","keyspace":"msku","timestamp":"2019-07-29T05:44:37.026Z","clusteringKeys":["fb72b6f9c1e54625a551711f6ee72714","updateVbIdSellingIdInventorySkipped/1","1564375526"],"changedColumns":["selling_id","fulfillment_node_id","event_type","update_at","stream_sequence_number","event_data"],"record":"{\"selling_id\":\"f8ad91acdceb4cfaa568517b423b01fa\",\"fulfillment_node_id\":\"fb72b6f9c1e54625a551711f6ee72714\",\"event_type\":\"updateVbIdSellingIdInventorySkipped/1\",\"update_at\":1564375526,\"stream_sequence_number\":40,\"event_data\":\"{\\\"id\\\":\\\"c88f343de5eb4a1881aa9913b0b1aef2\\\",\\\"vbId\\\":\\\"f8ad91acdceb4cfaa568517b423b01fa\\\",\\\"sellingId\\\":\\\"f8ad91acdceb4cfaa568517b423b01fa\\\",\\\"merchantId\\\":\\\"e43cf7756d0b4ba8a4e9046774656ce8\\\",\\\"skuId\\\":\\\"f8ad91acdceb4cfaa568517b423b01fa\\\",\\\"f\\\":99,\\\"fnId\\\":\\\"fb72b6f9c1e54625a551711f6ee72714\\\",\\\"fnType\\\":\\\"wolverine\\\",\\\"by\\\":\\\"Vibranium\\\",\\\"at\\\":\\\"2019-07-29T04:45:26+00:00\\\",\\\"invUssn\\\":48,\\\"isInf\\\":false}\"}"}
{"id":"398B33A9525744C98F1CAF1C1706A6F7","table":"killmonger_events_table","keyspace":"msku","timestamp":"2019-07-29T05:44:37.027Z","clusteringKeys":["3373","vbIdSellingIdInventoryUpdated/1","1564378908"],"changedColumns":["selling_id","fulfillment_node_id","event_type","update_at","stream_sequence_number","event_data"],"record":"{\"selling_id\":\"398B33A9525744C98F1CAF1C1706A6F7\",\"fulfillment_node_id\":\"3373\",\"event_type\":\"vbIdSellingIdInventoryUpdated/1\",\"update_at\":1564378908,\"stream_sequence_number\":137,\"event_data\":\"{\\\"id\\\":\\\"7adeb55b912047db9c9f90d114abed90\\\",\\\"vbId\\\":\\\"PantherMigrationVbId\\\",\\\"sellingId\\\":\\\"398B33A9525744C98F1CAF1C1706A6F7\\\",\\\"merchantId\\\":\\\"9fc08905039048918982091f266c2a29\\\",\\\"skuId\\\":\\\"PantherMigrationSkuId\\\",\\\"f\\\":0,\\\"fnId\\\":\\\"3373\\\",\\\"by\\\":\\\"Killmonger.Migration.MapInWalmartInvUpdates\\\",\\\"at\\\":\\\"2019-07-29T05:41:48.499+00:00\\\",\\\"invUssn\\\":0,\\\"isInf\\\":false,\\\"ifa\\\":true,\\\"martAvail\\\":[{\\\"martId\\\":\\\"21\\\",\\\"ia\\\":true},{\\\"martId\\\":\\\"0\\\",\\\"ia\\\":true}],\\\"clt\\\":\\\"WoJ\\\"}\"}"}
{"id":"40795238dab04b8ab573771172840748","table":"killmonger_events_table","keyspace":"msku","timestamp":"2019-07-29T05:44:37.028Z","clusteringKeys":["fb72b6f9c1e54625a551711f6ee72714","updateVbIdSellingIdInventorySkipped/1","1564375160"],"changedColumns":["selling_id","fulfillment_node_id","event_type","update_at","stream_sequence_number","event_data"],"record":"{\"selling_id\":\"40795238dab04b8ab573771172840748\",\"fulfillment_node_id\":\"fb72b6f9c1e54625a551711f6ee72714\",\"event_type\":\"updateVbIdSellingIdInventorySkipped/1\",\"update_at\":1564375160,\"stream_sequence_number\":62,\"event_data\":\"{\\\"id\\\":\\\"47fc1adbaed142f687c327b30d7dc48d\\\",\\\"vbId\\\":\\\"40795238dab04b8ab573771172840748\\\",\\\"sellingId\\\":\\\"40795238dab04b8ab573771172840748\\\",\\\"merchantId\\\":\\\"e43cf7756d0b4ba8a4e9046774656ce8\\\",\\\"skuId\\\":\\\"40795238dab04b8ab573771172840748\\\",\\\"f\\\":78,\\\"fnId\\\":\\\"fb72b6f9c1e54625a551711f6ee72714\\\",\\\"fnType\\\":\\\"wolverine\\\",\\\"by\\\":\\\"Vibranium\\\",\\\"at\\\":\\\"2019-07-29T04:39:20+00:00\\\",\\\"invUssn\\\":50,\\\"isInf\\\":false}\"}"}
{"id":"47485E6B2B814E4589BCA89422BA7A61","table":"killmonger_events_table","keyspace":"msku","timestamp":"2019-07-29T05:40:44.691Z","clusteringKeys":["8302","vbIdSellingIdInventoryUpdated/1","1564378907"],"changedColumns":["selling_id","fulfillment_node_id","event_type","update_at","stream_sequence_number","event_data"],"record":"{\"selling_id\":\"47485E6B2B814E4589BCA89422BA7A61\",\"fulfillment_node_id\":\"8302\",\"event_type\":\"vbIdSellingIdInventoryUpdated/1\",\"update_at\":1564378907,\"stream_sequence_number\":535,\"event_data\":\"{\\\"id\\\":\\\"844daa95f04f408981e213ebba835494\\\",\\\"vbId\\\":\\\"PantherMigrationVbId\\\",\\\"sellingId\\\":\\\"47485E6B2B814E4589BCA89422BA7A61\\\",\\\"merchantId\\\":\\\"9fc08905039048918982091f266c2a29\\\",\\\"skuId\\\":\\\"PantherMigrationSkuId\\\",\\\"f\\\":0,\\\"fnId\\\":\\\"8302\\\",\\\"by\\\":\\\"Killmonger.Migration.MapInWalmartInvUpdates\\\",\\\"at\\\":\\\"2019-07-29T05:41:47.864+00:00\\\",\\\"invUssn\\\":0,\\\"isInf\\\":false,\\\"ifa\\\":true,\\\"martAvail\\\":[{\\\"martId\\\":\\\"21\\\",\\\"ia\\\":true},{\\\"martId\\\":\\\"0\\\",\\\"ia\\\":true}],\\\"clt\\\":\\\"WoJ\\\"}\"}"}
{"id":"47485E6B2B814E4589BCA89422BA7A61","table":"killmonger_events_table","keyspace":"msku","timestamp":"2019-07-29T05:40:44.691Z","clusteringKeys":["8302","vbIdSellingIdInventoryUpdated/1","1564378907"],"changedColumns":["selling_id","fulfillment_node_id","event_type","update_at","stream_sequence_number","event_data"],"record":"{\"selling_id\":\"47485E6B2B814E4589BCA89422BA7A61\",\"fulfillment_node_id\":\"8302\",\"event_type\":\"vbIdSellingIdInventoryUpdated/1\",\"update_at\":1564378907,\"stream_sequence_number\":536,\"event_data\":\"{\\\"id\\\":\\\"844daa95f04f408981e213ebba835494\\\",\\\"vbId\\\":\\\"PantherMigrationVbId\\\",\\\"sellingId\\\":\\\"47485E6B2B814E4589BCA89422BA7A61\\\",\\\"merchantId\\\":\\\"9fc08905039048918982091f266c2a29\\\",\\\"skuId\\\":\\\"PantherMigrationSkuId\\\",\\\"f\\\":0,\\\"fnId\\\":\\\"8302\\\",\\\"by\\\":\\\"Killmonger.Migration.MapInWalmartInvUpdates\\\",\\\"at\\\":\\\"2019-07-29T05:41:47.864+00:00\\\",\\\"invUssn\\\":0,\\\"isInf\\\":false,\\\"ifa\\\":true,\\\"martAvail\\\":[{\\\"martId\\\":\\\"21\\\",\\\"ia\\\":true},{\\\"martId\\\":\\\"0\\\",\\\"ia\\\":true}],\\\"clt\\\":\\\"WoJ\\\"}\"}"}
{"id":"912EA8C37A7741B2B0B997173AFCD499","table":"killmonger_events_table","keyspace":"msku","timestamp":"2019-07-29T05:45:03.504Z","clusteringKeys":["10000005151","vbIdSellingIdInventoryUpdated/1","1564378297"],"changedColumns":["selling_id","fulfillment_node_id","event_type","update_at","stream_sequence_number","event_data"],"record":"{\"selling_id\":\"912EA8C37A7741B2B0B997173AFCD499\",\"fulfillment_node_id\":\"10000005151\",\"event_type\":\"vbIdSellingIdInventoryUpdated/1\",\"update_at\":1564378297,\"stream_sequence_number\":6879,\"event_data\":\"{\\\"id\\\":\\\"1748ae7ab26242c28669167e2bceb5b9\\\",\\\"vbId\\\":\\\"814092020040-4891\\\",\\\"sellingId\\\":\\\"912EA8C37A7741B2B0B997173AFCD499\\\",\\\"merchantId\\\":\\\"4891\\\",\\\"skuId\\\":\\\"814092020040\\\",\\\"f\\\":5,\\\"fnId\\\":\\\"10000005151\\\",\\\"fnType\\\":\\\"MARKETPLACE\\\",\\\"by\\\":\\\"Vibranium\\\",\\\"at\\\":\\\"2019-07-29T05:31:37+00:00\\\",\\\"invUssn\\\":5718,\\\"catUssn\\\":0,\\\"isInf\\\":false,\\\"ifa\\\":true,\\\"martAvail\\\":[{\\\"martId\\\":\\\"0\\\",\\\"ia\\\":true}],\\\"clt\\\":\\\"WoW\\\"}\"}"}
{"id":"9a7d9822e694408781c1f26345974171","table":"killmonger_events_table","keyspace":"msku","timestamp":"2019-07-29T05:45:02.456Z","clusteringKeys":["fb72b6f9c1e54625a551711f6ee72714","vbIdSellingIdInventoryUpdated/1","1564378274"],"changedColumns":["selling_id","fulfillment_node_id","event_type","update_at","stream_sequence_number","event_data"],"record":"{\"selling_id\":\"9a7d9822e694408781c1f26345974171\",\"fulfillment_node_id\":\"fb72b6f9c1e54625a551711f6ee72714\",\"event_type\":\"vbIdSellingIdInventoryUpdated/1\",\"update_at\":1564378274,\"stream_sequence_number\":43,\"event_data\":\"{\\\"id\\\":\\\"958adeb3ea674547ae1e1566ea98bc12\\\",\\\"vbId\\\":\\\"9a7d9822e694408781c1f26345974171\\\",\\\"sellingId\\\":\\\"9a7d9822e694408781c1f26345974171\\\",\\\"merchantId\\\":\\\"e43cf7756d0b4ba8a4e9046774656ce8\\\",\\\"skuId\\\":\\\"9a7d9822e694408781c1f26345974171\\\",\\\"f\\\":85,\\\"fnId\\\":\\\"fb72b6f9c1e54625a551711f6ee72714\\\",\\\"fnType\\\":\\\"wolverine\\\",\\\"by\\\":\\\"Vibranium\\\",\\\"at\\\":\\\"2019-07-29T05:31:14+00:00\\\",\\\"invUssn\\\":55,\\\"isInf\\\":false,\\\"ifa\\\":true,\\\"martAvail\\\":[{\\\"martId\\\":\\\"21\\\",\\\"ia\\\":true}],\\\"clt\\\":\\\"JoJ\\\"}\"}"}
{"id":"9a7d9822e694408781c1f26345974171","table":"killmonger_events_table","keyspace":"msku","timestamp":"2019-07-29T05:45:02.456Z","clusteringKeys":["fb72b6f9c1e54625a551711f6ee72714","updateVbIdSellingIdInventorySkipped/1","1564378274"],"changedColumns":["selling_id","fulfillment_node_id","event_type","update_at","stream_sequence_number","event_data"],"record":"{\"selling_id\":\"9a7d9822e694408781c1f26345974171\",\"fulfillment_node_id\":\"fb72b6f9c1e54625a551711f6ee72714\",\"event_type\":\"updateVbIdSellingIdInventorySkipped/1\",\"update_at\":1564378274,\"stream_sequence_number\":44,\"event_data\":\"{\\\"id\\\":\\\"958adeb3ea674547ae1e1566ea98bc12\\\",\\\"vbId\\\":\\\"9a7d9822e694408781c1f26345974171\\\",\\\"sellingId\\\":\\\"9a7d9822e694408781c1f26345974171\\\",\\\"merchantId\\\":\\\"e43cf7756d0b4ba8a4e9046774656ce8\\\",\\\"skuId\\\":\\\"9a7d9822e694408781c1f26345974171\\\",\\\"f\\\":85,\\\"fnId\\\":\\\"fb72b6f9c1e54625a551711f6ee72714\\\",\\\"fnType\\\":\\\"wolverine\\\",\\\"by\\\":\\\"Vibranium\\\",\\\"at\\\":\\\"2019-07-29T05:31:14+00:00\\\",\\\"invUssn\\\":55,\\\"isInf\\\":false}\"}"}
{"id":"0381D1BEBEFA4299A6F6A9B1FAADB4D9","table":"killmonger_events_table","keyspace":"msku","timestamp":"2019-07-29T05:44:37.033Z","clusteringKeys":["8089","vbIdSellingIdInventoryUpdated/1","1564375902"],"changedColumns":["selling_id","fulfillment_node_id","event_type","update_at","stream_sequence_number","event_data"],"record":"{\"selling_id\":\"0381D1BEBEFA4299A6F6A9B1FAADB4D9\",\"fulfillment_node_id\":\"8089\",\"event_type\":\"vbIdSellingIdInventoryUpdated/1\",\"update_at\":1564375902,\"stream_sequence_number\":118,\"event_data\":\"{\\\"id\\\":\\\"faabe08bd37948478e49801290227b6f\\\",\\\"vbId\\\":\\\"PantherMigrationVbId\\\",\\\"sellingId\\\":\\\"0381D1BEBEFA4299A6F6A9B1FAADB4D9\\\",\\\"merchantId\\\":\\\"9fc08905039048918982091f266c2a29\\\",\\\"skuId\\\":\\\"PantherMigrationSkuId\\\",\\\"f\\\":0,\\\"fnId\\\":\\\"8089\\\",\\\"by\\\":\\\"Killmonger.Migration.MapInWalmartInvUpdates\\\",\\\"at\\\":\\\"2019-07-29T04:51:42.224+00:00\\\",\\\"invUssn\\\":0,\\\"isInf\\\":false,\\\"ifa\\\":true,\\\"martAvail\\\":[{\\\"martId\\\":\\\"21\\\",\\\"ia\\\":true},{\\\"martId\\\":\\\"0\\\",\\\"ia\\\":true}],\\\"clt\\\":\\\"WoJ\\\"}\"}"}
{"id":"f366de3a45d34987acbbe60ce5e404e0","table":"killmonger_events_table","keyspace":"msku","timestamp":"2019-07-29T05:45:03.504Z","clusteringKeys":["fb72b6f9c1e54625a551711f6ee72714","vbIdSellingIdInventoryUpdated/1","1564375727"],"changedColumns":["selling_id","fulfillment_node_id","event_type","update_at","stream_sequence_number","event_data"],"record":"{\"selling_id\":\"f366de3a45d34987acbbe60ce5e404e0\",\"fulfillment_node_id\":\"fb72b6f9c1e54625a551711f6ee72714\",\"event_type\":\"vbIdSellingIdInventoryUpdated/1\",\"update_at\":1564375727,\"stream_sequence_number\":37,\"event_data\":\"{\\\"id\\\":\\\"cef6a520286a43f39420ab7c576f4659\\\",\\\"vbId\\\":\\\"f366de3a45d34987acbbe60ce5e404e0\\\",\\\"sellingId\\\":\\\"f366de3a45d34987acbbe60ce5e404e0\\\",\\\"merchantId\\\":\\\"e43cf7756d0b4ba8a4e9046774656ce8\\\",\\\"skuId\\\":\\\"f366de3a45d34987acbbe60ce5e404e0\\\",\\\"f\\\":136,\\\"fnId\\\":\\\"fb72b6f9c1e54625a551711f6ee72714\\\",\\\"fnType\\\":\\\"wolverine\\\",\\\"by\\\":\\\"Vibranium\\\",\\\"at\\\":\\\"2019-07-29T04:48:47+00:00\\\",\\\"invUssn\\\":48,\\\"isInf\\\":false,\\\"ifa\\\":true,\\\"martAvail\\\":[{\\\"martId\\\":\\\"21\\\",\\\"ia\\\":true}],\\\"clt\\\":\\\"JoJ\\\"}\"}"}
{"id":"6ac0e9e3b38c4df09cc8b0d9ce2c34e4","table":"killmonger_events_table","keyspace":"msku","timestamp":"2019-07-29T05:45:03.507Z","clusteringKeys":["7d029b0996bd4f16bbd74454bab3ab2e","vbIdSellingIdInventoryUpdated/1","1564378274"],"changedColumns":["selling_id","fulfillment_node_id","event_type","update_at","stream_sequence_number","event_data"],"record":"{\"selling_id\":\"6ac0e9e3b38c4df09cc8b0d9ce2c34e4\",\"fulfillment_node_id\":\"7d029b0996bd4f16bbd74454bab3ab2e\",\"event_type\":\"vbIdSellingIdInventoryUpdated/1\",\"update_at\":1564378274,\"stream_sequence_number\":40,\"event_data\":\"{\\\"id\\\":\\\"e85d642adc854f7ea4dac3f99665c4b2\\\",\\\"vbId\\\":\\\"6ac0e9e3b38c4df09cc8b0d9ce2c34e4\\\",\\\"sellingId\\\":\\\"6ac0e9e3b38c4df09cc8b0d9ce2c34e4\\\",\\\"merchantId\\\":\\\"e43cf7756d0b4ba8a4e9046774656ce8\\\",\\\"skuId\\\":\\\"6ac0e9e3b38c4df09cc8b0d9ce2c34e4\\\",\\\"f\\\":117,\\\"fnId\\\":\\\"7d029b0996bd4f16bbd74454bab3ab2e\\\",\\\"fnType\\\":\\\"wolverine\\\",\\\"by\\\":\\\"Vibranium\\\",\\\"at\\\":\\\"2019-07-29T05:31:14+00:00\\\",\\\"invUssn\\\":48,\\\"isInf\\\":false,\\\"ifa\\\":true,\\\"martAvail\\\":[{\\\"martId\\\":\\\"21\\\",\\\"ia\\\":true}],\\\"clt\\\":\\\"JoJ\\\"}\"}"}
{"id":"138B368E31134EE697D6A539AA8A1C96","table":"killmonger_events_table","keyspace":"msku","timestamp":"2019-07-29T05:45:03.508Z","clusteringKeys":["6468","vbIdSellingIdInventoryUpdated/1","1564378909"],"changedColumns":["selling_id","fulfillment_node_id","event_type","update_at","stream_sequence_number","event_data"],"record":"{\"selling_id\":\"138B368E31134EE697D6A539AA8A1C96\",\"fulfillment_node_id\":\"6468\",\"event_type\":\"vbIdSellingIdInventoryUpdated/1\",\"update_at\":1564378909,\"stream_sequence_number\":137,\"event_data\":\"{\\\"id\\\":\\\"2fd817ecbb624f308f271aa3751177f1\\\",\\\"vbId\\\":\\\"PantherMigrationVbId\\\",\\\"sellingId\\\":\\\"138B368E31134EE697D6A539AA8A1C96\\\",\\\"merchantId\\\":\\\"9fc08905039048918982091f266c2a29\\\",\\\"skuId\\\":\\\"PantherMigrationSkuId\\\",\\\"f\\\":0,\\\"fnId\\\":\\\"6468\\\",\\\"by\\\":\\\"Killmonger.Migration.MapInWalmartInvUpdates\\\",\\\"at\\\":\\\"2019-07-29T05:41:49.27+00:00\\\",\\\"invUssn\\\":0,\\\"isInf\\\":false,\\\"ifa\\\":true,\\\"martAvail\\\":[{\\\"martId\\\":\\\"21\\\",\\\"ia\\\":true},{\\\"martId\\\":\\\"0\\\",\\\"ia\\\":true}],\\\"clt\\\":\\\"WoJ\\\"}\"}"}
{"id":"c06579b63736453e8cc530e18b3ae271","table":"killmonger_events_table","keyspace":"msku","timestamp":"2019-07-29T05:45:03.508Z","clusteringKeys":["fb72b6f9c1e54625a551711f6ee72714","vbIdSellingIdInventoryUpdated/1","1564375526"],"changedColumns":["selling_id","fulfillment_node_id","event_type","update_at","stream_sequence_number","event_data"],"record":"{\"selling_id\":\"c06579b63736453e8cc530e18b3ae271\",\"fulfillment_node_id\":\"fb72b6f9c1e54625a551711f6ee72714\",\"event_type\":\"vbIdSellingIdInventoryUpdated/1\",\"update_at\":1564375526,\"stream_sequence_number\":45,\"event_data\":\"{\\\"id\\\":\\\"803549f1a92f426aa554ea007fff438a\\\",\\\"vbId\\\":\\\"c06579b63736453e8cc530e18b3ae271\\\",\\\"sellingId\\\":\\\"c06579b63736453e8cc530e18b3ae271\\\",\\\"merchantId\\\":\\\"e43cf7756d0b4ba8a4e9046774656ce8\\\",\\\"skuId\\\":\\\"c06579b63736453e8cc530e18b3ae271\\\",\\\"f\\\":133,\\\"fnId\\\":\\\"fb72b6f9c1e54625a551711f6ee72714\\\",\\\"fnType\\\":\\\"wolverine\\\",\\\"by\\\":\\\"Vibranium\\\",\\\"at\\\":\\\"2019-07-29T04:45:26+00:00\\\",\\\"invUssn\\\":51,\\\"isInf\\\":false,\\\"ifa\\\":true,\\\"martAvail\\\":[{\\\"martId\\\":\\\"21\\\",\\\"ia\\\":true}],\\\"clt\\\":\\\"JoJ\\\"}\"}"}
{"id":"d00ea08478ca4c678fc67abacfffa09d","table":"killmonger_events_table","keyspace":"msku","timestamp":"2019-07-29T05:45:03.508Z","clusteringKeys":["3cbcc7e28aac4f6fb0a8cde4e85483c0","vbIdSellingIdInventoryUpdated/1","1564375968"],"changedColumns":["selling_id","fulfillment_node_id","event_type","update_at","stream_sequence_number","event_data"],"record":"{\"selling_id\":\"d00ea08478ca4c678fc67abacfffa09d\",\"fulfillment_node_id\":\"3cbcc7e28aac4f6fb0a8cde4e85483c0\",\"event_type\":\"vbIdSellingIdInventoryUpdated/1\",\"update_at\":1564375968,\"stream_sequence_number\":95,\"event_data\":\"{\\\"id\\\":\\\"2f125417e2c44baeb15c37b5e1155c65\\\",\\\"vbId\\\":\\\"d00ea08478ca4c678fc67abacfffa09d\\\",\\\"sellingId\\\":\\\"d00ea08478ca4c678fc67abacfffa09d\\\",\\\"merchantId\\\":\\\"7eaf70709bf149f890dc3a845871dab4\\\",\\\"skuId\\\":\\\"d00ea08478ca4c678fc67abacfffa09d\\\",\\\"f\\\":559,\\\"fnId\\\":\\\"3cbcc7e28aac4f6fb0a8cde4e85483c0\\\",\\\"fnType\\\":\\\"wolverine\\\",\\\"by\\\":\\\"Vibranium\\\",\\\"at\\\":\\\"2019-07-29T04:52:48+00:00\\\",\\\"invUssn\\\":75,\\\"isInf\\\":false,\\\"ifa\\\":true,\\\"martAvail\\\":[{\\\"martId\\\":\\\"21\\\",\\\"ia\\\":true}],\\\"clt\\\":\\\"JoJ\\\"}\"}"}
{"id":"93E3396B8FBF4021AC6E9982F668DEA4","table":"killmonger_events_table","keyspace":"msku","timestamp":"2019-07-29T05:44:37.043Z","clusteringKeys":["10000009819","vbIdSellingIdInventoryUpdated/1","1564377818"],"changedColumns":["selling_id","fulfillment_node_id","event_type","update_at","stream_sequence_number","event_data"],"record":"{\"selling_id\":\"93E3396B8FBF4021AC6E9982F668DEA4\",\"fulfillment_node_id\":\"10000009819\",\"event_type\":\"vbIdSellingIdInventoryUpdated/1\",\"update_at\":1564377818,\"stream_sequence_number\":342,\"event_data\":\"{\\\"id\\\":\\\"3bafb6a43fd841a7a38580a140e2ed71\\\",\\\"vbId\\\":\\\"200A1-130-7-9501\\\",\\\"sellingId\\\":\\\"93E3396B8FBF4021AC6E9982F668DEA4\\\",\\\"merchantId\\\":\\\"9501\\\",\\\"skuId\\\":\\\"200A1-130-7\\\",\\\"f\\\":98,\\\"fnId\\\":\\\"10000009819\\\",\\\"fnType\\\":\\\"MARKETPLACE\\\",\\\"by\\\":\\\"Vibranium\\\",\\\"at\\\":\\\"2019-07-29T05:23:38+00:00\\\",\\\"invUssn\\\":284,\\\"catUssn\\\":54,\\\"isInf\\\":false,\\\"ifa\\\":true,\\\"martAvail\\\":[{\\\"martId\\\":\\\"0\\\",\\\"ia\\\":true}],\\\"clt\\\":\\\"WoW\\\"}\"}"}
{"id":"93E3396B8FBF4021AC6E9982F668DEA4","table":"killmonger_events_table","keyspace":"msku","timestamp":"2019-07-29T05:44:37.043Z","clusteringKeys":["10000009819","updateVbIdSellingIdInventorySkipped/1","1564377818"],"changedColumns":["selling_id","fulfillment_node_id","event_type","update_at","stream_sequence_number","event_data"],"record":"{\"selling_id\":\"93E3396B8FBF4021AC6E9982F668DEA4\",\"fulfillment_node_id\":\"10000009819\",\"event_type\":\"updateVbIdSellingIdInventorySkipped/1\",\"update_at\":1564377818,\"stream_sequence_number\":343,\"event_data\":\"{\\\"id\\\":\\\"3bafb6a43fd841a7a38580a140e2ed71\\\",\\\"vbId\\\":\\\"200A1-130-7-9501\\\",\\\"sellingId\\\":\\\"93E3396B8FBF4021AC6E9982F668DEA4\\\",\\\"merchantId\\\":\\\"9501\\\",\\\"skuId\\\":\\\"200A1-130-7\\\",\\\"f\\\":98,\\\"fnId\\\":\\\"10000009819\\\",\\\"fnType\\\":\\\"MARKETPLACE\\\",\\\"by\\\":\\\"Vibranium\\\",\\\"at\\\":\\\"2019-07-29T05:23:38+00:00\\\",\\\"invUssn\\\":284,\\\"catUssn\\\":54,\\\"isInf\\\":false}\"}"}
{"id":"2FD8E13D8BCF4CA3ABC5E16623A4E4E6","table":"killmonger_events_table","keyspace":"msku","timestamp":"2019-07-29T05:40:44.704Z","clusteringKeys":["10000006350","updateVbIdSellingIdInventorySkipped/1","1564375591"],"changedColumns":["selling_id","fulfillment_node_id","event_type","update_at","stream_sequence_number","event_data"],"record":"{\"selling_id\":\"2FD8E13D8BCF4CA3ABC5E16623A4E4E6\",\"fulfillment_node_id\":\"10000006350\",\"event_type\":\"updateVbIdSellingIdInventorySkipped/1\",\"update_at\":1564375591,\"stream_sequence_number\":3806,\"event_data\":\"{\\\"id\\\":\\\"6da8578646344bdf84a653c79a595b0d\\\",\\\"vbId\\\":\\\"14459-6207\\\",\\\"sellingId\\\":\\\"2FD8E13D8BCF4CA3ABC5E16623A4E4E6\\\",\\\"merchantId\\\":\\\"6207\\\",\\\"skuId\\\":\\\"14459\\\",\\\"f\\\":10,\\\"fnId\\\":\\\"10000006350\\\",\\\"fnType\\\":\\\"MARKETPLACE\\\",\\\"by\\\":\\\"Vibranium\\\",\\\"at\\\":\\\"2019-07-29T04:46:31+00:00\\\",\\\"invUssn\\\":3168,\\\"catUssn\\\":0,\\\"isInf\\\":false}\"}"}
{"id":"0459C7A823DE4DA58EB51674383CCEF6","table":"killmonger_events_table","keyspace":"msku","timestamp":"2019-07-29T05:44:37.049Z","clusteringKeys":["6284","vbIdSellingIdInventoryUpdated/1","1564378910"],"changedColumns":["selling_id","fulfillment_node_id","event_type","update_at","stream_sequence_number","event_data"],"record":"{\"selling_id\":\"0459C7A823DE4DA58EB51674383CCEF6\",\"fulfillment_node_id\":\"6284\",\"event_type\":\"vbIdSellingIdInventoryUpdated/1\",\"update_at\":1564378910,\"stream_sequence_number\":129,\"event_data\":\"{\\\"id\\\":\\\"83cf9915a66b4b77be349e4a3fc9a099\\\",\\\"vbId\\\":\\\"PantherMigrationVbId\\\",\\\"sellingId\\\":\\\"0459C7A823DE4DA58EB51674383CCEF6\\\",\\\"merchantId\\\":\\\"9fc08905039048918982091f266c2a29\\\",\\\"skuId\\\":\\\"PantherMigrationSkuId\\\",\\\"f\\\":0,\\\"fnId\\\":\\\"6284\\\",\\\"by\\\":\\\"Killmonger.Migration.MapInWalmartInvUpdates\\\",\\\"at\\\":\\\"2019-07-29T05:41:50.394+00:00\\\",\\\"invUssn\\\":0,\\\"isInf\\\":false,\\\"ifa\\\":true,\\\"martAvail\\\":[{\\\"martId\\\":\\\"21\\\",\\\"ia\\\":true},{\\\"martId\\\":\\\"0\\\",\\\"ia\\\":true}],\\\"clt\\\":\\\"WoJ\\\"}\"}"}
{"id":"722da70dd4a24d7e9ba0d5a9fab89e1d","table":"killmonger_events_table","keyspace":"msku","timestamp":"2019-07-29T05:45:02.468Z","clusteringKeys":["f3d4b8ceabb74b178a7d2120deff996d","vbIdSellingIdInventoryUpdated/1","1564378048"],"changedColumns":["selling_id","fulfillment_node_id","event_type","update_at","stream_sequence_number","event_data"],"record":"{\"selling_id\":\"722da70dd4a24d7e9ba0d5a9fab89e1d\",\"fulfillment_node_id\":\"f3d4b8ceabb74b178a7d2120deff996d\",\"event_type\":\"vbIdSellingIdInventoryUpdated/1\",\"update_at\":1564378048,\"stream_sequence_number\":243,\"event_data\":\"{\\\"id\\\":\\\"0ee576a4e00a4d58aaf7bb9aa0a51278\\\",\\\"vbId\\\":\\\"722da70dd4a24d7e9ba0d5a9fab89e1d\\\",\\\"sellingId\\\":\\\"722da70dd4a24d7e9ba0d5a9fab89e1d\\\",\\\"merchantId\\\":\\\"1b52e9263d164760a27ad9f07fec8abb\\\",\\\"skuId\\\":\\\"722da70dd4a24d7e9ba0d5a9fab89e1d\\\",\\\"f\\\":5,\\\"fnId\\\":\\\"f3d4b8ceabb74b178a7d2120deff996d\\\",\\\"fnType\\\":\\\"wolverine\\\",\\\"by\\\":\\\"Vibranium\\\",\\\"at\\\":\\\"2019-07-29T05:27:28+00:00\\\",\\\"invUssn\\\":197,\\\"isInf\\\":false,\\\"ifa\\\":true,\\\"martAvail\\\":[{\\\"martId\\\":\\\"21\\\",\\\"ia\\\":true}],\\\"clt\\\":\\\"JoJ\\\"}\"}"}
{"id":"722da70dd4a24d7e9ba0d5a9fab89e1d","table":"killmonger_events_table","keyspace":"msku","timestamp":"2019-07-29T05:45:02.469Z","clusteringKeys":["f3d4b8ceabb74b178a7d2120deff996d","updateVbIdSellingIdInventorySkipped/1","1564378048"],"changedColumns":["selling_id","fulfillment_node_id","event_type","update_at","stream_sequence_number","event_data"],"record":"{\"selling_id\":\"722da70dd4a24d7e9ba0d5a9fab89e1d\",\"fulfillment_node_id\":\"f3d4b8ceabb74b178a7d2120deff996d\",\"event_type\":\"updateVbIdSellingIdInventorySkipped/1\",\"update_at\":1564378048,\"stream_sequence_number\":244,\"event_data\":\"{\\\"id\\\":\\\"0ee576a4e00a4d58aaf7bb9aa0a51278\\\",\\\"vbId\\\":\\\"722da70dd4a24d7e9ba0d5a9fab89e1d\\\",\\\"sellingId\\\":\\\"722da70dd4a24d7e9ba0d5a9fab89e1d\\\",\\\"merchantId\\\":\\\"1b52e9263d164760a27ad9f07fec8abb\\\",\\\"skuId\\\":\\\"722da70dd4a24d7e9ba0d5a9fab89e1d\\\",\\\"f\\\":5,\\\"fnId\\\":\\\"f3d4b8ceabb74b178a7d2120deff996d\\\",\\\"fnType\\\":\\\"wolverine\\\",\\\"by\\\":\\\"Vibranium\\\",\\\"at\\\":\\\"2019-07-29T05:27:28+00:00\\\",\\\"invUssn\\\":197,\\\"isInf\\\":false}\"}"}
{"id":"348b911458c34aad9297766d46b7838a","table":"killmonger_events_table","keyspace":"msku","timestamp":"2019-07-29T05:44:37.051Z","clusteringKeys":["1ad6147479b841849d63874b2a9e6552","updateVbIdSellingIdInventorySkipped/1","1564378021"],"changedColumns":["selling_id","fulfillment_node_id","event_type","update_at","stream_sequence_number","event_data"],"record":"{\"selling_id\":\"348b911458c34aad9297766d46b7838a\",\"fulfillment_node_id\":\"1ad6147479b841849d63874b2a9e6552\",\"event_type\":\"updateVbIdSellingIdInventorySkipped/1\",\"update_at\":1564378021,\"stream_sequence_number\":2359,\"event_data\":\"{\\\"id\\\":\\\"cf935de142d34419a7c717c68f362fa8\\\",\\\"vbId\\\":\\\"348b911458c34aad9297766d46b7838a\\\",\\\"sellingId\\\":\\\"348b911458c34aad9297766d46b7838a\\\",\\\"merchantId\\\":\\\"a1cd8976329a41ae85739f65376fc756\\\",\\\"skuId\\\":\\\"348b911458c34aad9297766d46b7838a\\\",\\\"f\\\":15,\\\"fnId\\\":\\\"1ad6147479b841849d63874b2a9e6552\\\",\\\"fnType\\\":\\\"wolverine\\\",\\\"by\\\":\\\"Vibranium\\\",\\\"at\\\":\\\"2019-07-29T05:27:01+00:00\\\",\\\"invUssn\\\":1939,\\\"isInf\\\":false}\"}"}
{"id":"348b911458c34aad9297766d46b7838a","table":"killmonger_events_table","keyspace":"msku","timestamp":"2019-07-29T05:44:37.051Z","clusteringKeys":["1ad6147479b841849d63874b2a9e6552","vbIdSellingIdInventoryUpdated/1","1564378021"],"changedColumns":["selling_id","fulfillment_node_id","event_type","update_at","stream_sequence_number","event_data"],"record":"{\"selling_id\":\"348b911458c34aad9297766d46b7838a\",\"fulfillment_node_id\":\"1ad6147479b841849d63874b2a9e6552\",\"event_type\":\"vbIdSellingIdInventoryUpdated/1\",\"update_at\":1564378021,\"stream_sequence_number\":2360,\"event_data\":\"{\\\"id\\\":\\\"8eb39404a33843eb9ad6b289c9d9148c\\\",\\\"vbId\\\":\\\"348b911458c34aad9297766d46b7838a\\\",\\\"sellingId\\\":\\\"348b911458c34aad9297766d46b7838a\\\",\\\"merchantId\\\":\\\"a1cd8976329a41ae85739f65376fc756\\\",\\\"skuId\\\":\\\"348b911458c34aad9297766d46b7838a\\\",\\\"f\\\":15,\\\"fnId\\\":\\\"1ad6147479b841849d63874b2a9e6552\\\",\\\"fnType\\\":\\\"wolverine\\\",\\\"by\\\":\\\"Vibranium\\\",\\\"at\\\":\\\"2019-07-29T05:27:01+00:00\\\",\\\"invUssn\\\":1940,\\\"isInf\\\":false,\\\"ifa\\\":true,\\\"martAvail\\\":[{\\\"martId\\\":\\\"21\\\",\\\"ia\\\":true}],\\\"clt\\\":\\\"JoJ\\\"}\"}"}
{"id":"348b911458c34aad9297766d46b7838a","table":"killmonger_events_table","keyspace":"msku","timestamp":"2019-07-29T05:44:37.051Z","clusteringKeys":["1ad6147479b841849d63874b2a9e6552","vbIdSellingIdInventoryUpdated/1","1564378021"],"changedColumns":["selling_id","fulfillment_node_id","event_type","update_at","stream_sequence_number","event_data"],"record":"{\"selling_id\":\"348b911458c34aad9297766d46b7838a\",\"fulfillment_node_id\":\"1ad6147479b841849d63874b2a9e6552\",\"event_type\":\"vbIdSellingIdInventoryUpdated/1\",\"update_at\":1564378021,\"stream_sequence_number\":2361,\"event_data\":\"{\\\"id\\\":\\\"708b818e3dd54841b007e1d044fea618\\\",\\\"vbId\\\":\\\"348b911458c34aad9297766d46b7838a\\\",\\\"sellingId\\\":\\\"348b911458c34aad9297766d46b7838a\\\",\\\"merchantId\\\":\\\"a1cd8976329a41ae85739f65376fc756\\\",\\\"skuId\\\":\\\"348b911458c34aad9297766d46b7838a\\\",\\\"f\\\":15,\\\"fnId\\\":\\\"1ad6147479b841849d63874b2a9e6552\\\",\\\"fnType\\\":\\\"wolverine\\\",\\\"by\\\":\\\"Vibranium\\\",\\\"at\\\":\\\"2019-07-29T05:27:01+00:00\\\",\\\"invUssn\\\":1941,\\\"isInf\\\":false,\\\"ifa\\\":true,\\\"martAvail\\\":[{\\\"martId\\\":\\\"21\\\",\\\"ia\\\":true}],\\\"clt\\\":\\\"JoJ\\\"}\"}"}
{"id":"A286BCE9BFB34F948E980442E1C5499D","table":"killmonger_events_table","keyspace":"msku","timestamp":"2019-07-29T05:40:44.708Z","clusteringKeys":["630395","vbIdSellingIdInventoryUpdated/1","1564378184"],"changedColumns":["selling_id","fulfillment_node_id","event_type","update_at","stream_sequence_number","event_data"],"record":"{\"selling_id\":\"A286BCE9BFB34F948E980442E1C5499D\",\"fulfillment_node_id\":\"630395\",\"event_type\":\"vbIdSellingIdInventoryUpdated/1\",\"update_at\":1564378184,\"stream_sequence_number\":2329,\"event_data\":\"{\\\"id\\\":\\\"d44413d475244078baccb471e43503fe\\\",\\\"vbId\\\":\\\"P-411027-BXCYLYL-183\\\",\\\"sellingId\\\":\\\"A286BCE9BFB34F948E980442E1C5499D\\\",\\\"merchantId\\\":\\\"183\\\",\\\"skuId\\\":\\\"P-411027-BXCYLYL\\\",\\\"f\\\":9,\\\"fnId\\\":\\\"630395\\\",\\\"fnType\\\":\\\"MARKETPLACE\\\",\\\"by\\\":\\\"Vibranium\\\",\\\"at\\\":\\\"2019-07-29T05:29:44+00:00\\\",\\\"invUssn\\\":2025,\\\"catUssn\\\":0,\\\"isInf\\\":false,\\\"ifa\\\":true,\\\"martAvail\\\":[{\\\"martId\\\":\\\"0\\\",\\\"ia\\\":true}],\\\"clt\\\":\\\"WoW\\\"}\"}"}
{"id":"D9AB93CF917547D3B4477EB196C7861B","table":"killmonger_events_table","keyspace":"msku","timestamp":"2019-07-29T05:40:44.709Z","clusteringKeys":["8556","vbIdSellingIdInventoryUpdated/1","1564378911"],"changedColumns":["selling_id","fulfillment_node_id","event_type","update_at","stream_sequence_number","event_data"],"record":"{\"selling_id\":\"D9AB93CF917547D3B4477EB196C7861B\",\"fulfillment_node_id\":\"8556\",\"event_type\":\"vbIdSellingIdInventoryUpdated/1\",\"update_at\":1564378911,\"stream_sequence_number\":120,\"event_data\":\"{\\\"id\\\":\\\"1a3de14f3b244e169a61ee496a8bd438\\\",\\\"vbId\\\":\\\"PantherMigrationVbId\\\",\\\"sellingId\\\":\\\"D9AB93CF917547D3B4477EB196C7861B\\\",\\\"merchantId\\\":\\\"9fc08905039048918982091f266c2a29\\\",\\\"skuId\\\":\\\"PantherMigrationSkuId\\\",\\\"f\\\":0,\\\"fnId\\\":\\\"8556\\\",\\\"by\\\":\\\"Killmonger.Migration.MapInWalmartInvUpdates\\\",\\\"at\\\":\\\"2019-07-29T05:41:51.993+00:00\\\",\\\"invUssn\\\":0,\\\"isInf\\\":false,\\\"ifa\\\":true,\\\"martAvail\\\":[{\\\"martId\\\":\\\"21\\\",\\\"ia\\\":true},{\\\"martId\\\":\\\"0\\\",\\\"ia\\\":true}],\\\"clt\\\":\\\"WoJ\\\"}\"}"}
{"id":"D9AB93CF917547D3B4477EB196C7861B","table":"killmonger_events_table","keyspace":"msku","timestamp":"2019-07-29T05:40:44.709Z","clusteringKeys":["8556","vbIdSellingIdInventoryUpdated/1","1564378911"],"changedColumns":["selling_id","fulfillment_node_id","event_type","update_at","stream_sequence_number","event_data"],"record":"{\"selling_id\":\"D9AB93CF917547D3B4477EB196C7861B\",\"fulfillment_node_id\":\"8556\",\"event_type\":\"vbIdSellingIdInventoryUpdated/1\",\"update_at\":1564378911,\"stream_sequence_number\":121,\"event_data\":\"{\\\"id\\\":\\\"1a3de14f3b244e169a61ee496a8bd438\\\",\\\"vbId\\\":\\\"PantherMigrationVbId\\\",\\\"sellingId\\\":\\\"D9AB93CF917547D3B4477EB196C7861B\\\",\\\"merchantId\\\":\\\"9fc08905039048918982091f266c2a29\\\",\\\"skuId\\\":\\\"PantherMigrationSkuId\\\",\\\"f\\\":0,\\\"fnId\\\":\\\"8556\\\",\\\"by\\\":\\\"Killmonger.Migration.MapInWalmartInvUpdates\\\",\\\"at\\\":\\\"2019-07-29T05:41:51.993+00:00\\\",\\\"invUssn\\\":0,\\\"isInf\\\":false,\\\"ifa\\\":true,\\\"martAvail\\\":[{\\\"martId\\\":\\\"21\\\",\\\"ia\\\":true},{\\\"martId\\\":\\\"0\\\",\\\"ia\\\":true}],\\\"clt\\\":\\\"WoJ\\\"}\"}"}
{"id":"eb8dbb7a974746fa92050172abb62004","table":"killmonger_events_table","keyspace":"msku","timestamp":"2019-07-29T05:45:03.522Z","clusteringKeys":["fc043c9584b2447891b96c391437a371","vbIdSellingIdInventoryUpdated/1","1564375075"],"changedColumns":["selling_id","fulfillment_node_id","event_type","update_at","stream_sequence_number","event_data"],"record":"{\"selling_id\":\"eb8dbb7a974746fa92050172abb62004\",\"fulfillment_node_id\":\"fc043c9584b2447891b96c391437a371\",\"event_type\":\"vbIdSellingIdInventoryUpdated/1\",\"update_at\":1564375075,\"stream_sequence_number\":9256,\"event_data\":\"{\\\"id\\\":\\\"7d49cb8851854dce9ad19431ccdf757a\\\",\\\"vbId\\\":\\\"eb8dbb7a974746fa92050172abb62004\\\",\\\"sellingId\\\":\\\"eb8dbb7a974746fa92050172abb62004\\\",\\\"merchantId\\\":\\\"34145c12953843c6ad608d4cc742b7f1\\\",\\\"skuId\\\":\\\"eb8dbb7a974746fa92050172abb62004\\\",\\\"f\\\":1,\\\"fnId\\\":\\\"fc043c9584b2447891b96c391437a371\\\",\\\"fnType\\\":\\\"wolverine\\\",\\\"by\\\":\\\"Vibranium\\\",\\\"at\\\":\\\"2019-07-29T04:37:55+00:00\\\",\\\"invUssn\\\":10302,\\\"isInf\\\":false,\\\"ifa\\\":true,\\\"martAvail\\\":[{\\\"martId\\\":\\\"21\\\",\\\"ia\\\":true}],\\\"clt\\\":\\\"JoJ\\\"}\"}"}
{"id":"3e8df837169743a585513e388bd475b4","table":"killmonger_events_table","keyspace":"msku","timestamp":"2019-07-29T05:45:02.468Z","clusteringKeys":["3cbcc7e28aac4f6fb0a8cde4e85483c0","vbIdSellingIdInventoryUpdated/1","1564378254"],"changedColumns":["selling_id","fulfillment_node_id","event_type","update_at","stream_sequence_number","event_data"],"record":"{\"selling_id\":\"3e8df837169743a585513e388bd475b4\",\"fulfillment_node_id\":\"3cbcc7e28aac4f6fb0a8cde4e85483c0\",\"event_type\":\"vbIdSellingIdInventoryUpdated/1\",\"update_at\":1564378254,\"stream_sequence_number\":93,\"event_data\":\"{\\\"id\\\":\\\"2588679bd54b4f86aad5ae845cba3da1\\\",\\\"vbId\\\":\\\"3e8df837169743a585513e388bd475b4\\\",\\\"sellingId\\\":\\\"3e8df837169743a585513e388bd475b4\\\",\\\"merchantId\\\":\\\"7eaf70709bf149f890dc3a845871dab4\\\",\\\"skuId\\\":\\\"3e8df837169743a585513e388bd475b4\\\",\\\"f\\\":559,\\\"fnId\\\":\\\"3cbcc7e28aac4f6fb0a8cde4e85483c0\\\",\\\"fnType\\\":\\\"wolverine\\\",\\\"by\\\":\\\"Vibranium\\\",\\\"at\\\":\\\"2019-07-29T05:30:54+00:00\\\",\\\"invUssn\\\":78,\\\"isInf\\\":false,\\\"ifa\\\":true,\\\"martAvail\\\":[{\\\"martId\\\":\\\"21\\\",\\\"ia\\\":true}],\\\"clt\\\":\\\"JoJ\\\"}\"}"}
{"id":"41237CEB62314B1984CAB0A0C4D2C002","table":"killmonger_events_table","keyspace":"msku","timestamp":"2019-07-29T05:44:37.054Z","clusteringKeys":["6559","vbIdSellingIdInventoryUpdated/1","1564378911"],"changedColumns":["selling_id","fulfillment_node_id","event_type","update_at","stream_sequence_number","event_data"],"record":"{\"selling_id\":\"41237CEB62314B1984CAB0A0C4D2C002\",\"fulfillment_node_id\":\"6559\",\"event_type\":\"vbIdSellingIdInventoryUpdated/1\",\"update_at\":1564378911,\"stream_sequence_number\":139,\"event_data\":\"{\\\"id\\\":\\\"3de250475f214ccaa8a2cc5bfd73cb1a\\\",\\\"vbId\\\":\\\"PantherMigrationVbId\\\",\\\"sellingId\\\":\\\"41237CEB62314B1984CAB0A0C4D2C002\\\",\\\"merchantId\\\":\\\"9fc08905039048918982091f266c2a29\\\",\\\"skuId\\\":\\\"PantherMigrationSkuId\\\",\\\"f\\\":0,\\\"fnId\\\":\\\"6559\\\",\\\"by\\\":\\\"Killmonger.Migration.MapInWalmartInvUpdates\\\",\\\"at\\\":\\\"2019-07-29T05:41:51.989+00:00\\\",\\\"invUssn\\\":0,\\\"isInf\\\":false,\\\"ifa\\\":true,\\\"martAvail\\\":[{\\\"martId\\\":\\\"21\\\",\\\"ia\\\":true},{\\\"martId\\\":\\\"0\\\",\\\"ia\\\":true}],\\\"clt\\\":\\\"WoJ\\\"}\"}"}
{"id":"41237CEB62314B1984CAB0A0C4D2C002","table":"killmonger_events_table","keyspace":"msku","timestamp":"2019-07-29T05:44:37.054Z","clusteringKeys":["6559","vbIdSellingIdInventoryUpdated/1","1564378911"],"changedColumns":["selling_id","fulfillment_node_id","event_type","update_at","stream_sequence_number","event_data"],"record":"{\"selling_id\":\"41237CEB62314B1984CAB0A0C4D2C002\",\"fulfillment_node_id\":\"6559\",\"event_type\":\"vbIdSellingIdInventoryUpdated/1\",\"update_at\":1564378911,\"stream_sequence_number\":140,\"event_data\":\"{\\\"id\\\":\\\"3de250475f214ccaa8a2cc5bfd73cb1a\\\",\\\"vbId\\\":\\\"PantherMigrationVbId\\\",\\\"sellingId\\\":\\\"41237CEB62314B1984CAB0A0C4D2C002\\\",\\\"merchantId\\\":\\\"9fc08905039048918982091f266c2a29\\\",\\\"skuId\\\":\\\"PantherMigrationSkuId\\\",\\\"f\\\":0,\\\"fnId\\\":\\\"6559\\\",\\\"by\\\":\\\"Killmonger.Migration.MapInWalmartInvUpdates\\\",\\\"at\\\":\\\"2019-07-29T05:41:51.989+00:00\\\",\\\"invUssn\\\":0,\\\"isInf\\\":false,\\\"ifa\\\":true,\\\"martAvail\\\":[{\\\"martId\\\":\\\"21\\\",\\\"ia\\\":true},{\\\"martId\\\":\\\"0\\\",\\\"ia\\\":true}],\\\"clt\\\":\\\"WoJ\\\"}\"}"}
{"id":"86c933e9641147a991c7f819de848f44","table":"killmonger_events_table","keyspace":"msku","timestamp":"2019-07-29T05:44:37.055Z","clusteringKeys":["fb72b6f9c1e54625a551711f6ee72714","vbIdSellingIdInventoryUpdated/1","1564378274"],"changedColumns":["selling_id","fulfillment_node_id","event_type","update_at","stream_sequence_number","event_data"],"record":"{\"selling_id\":\"86c933e9641147a991c7f819de848f44\",\"fulfillment_node_id\":\"fb72b6f9c1e54625a551711f6ee72714\",\"event_type\":\"vbIdSellingIdInventoryUpdated/1\",\"update_at\":1564378274,\"stream_sequence_number\":41,\"event_data\":\"{\\\"id\\\":\\\"e393ffeda7d5454ab3e8a77584efa71e\\\",\\\"vbId\\\":\\\"86c933e9641147a991c7f819de848f44\\\",\\\"sellingId\\\":\\\"86c933e9641147a991c7f819de848f44\\\",\\\"merchantId\\\":\\\"e43cf7756d0b4ba8a4e9046774656ce8\\\",\\\"skuId\\\":\\\"86c933e9641147a991c7f819de848f44\\\",\\\"f\\\":98,\\\"fnId\\\":\\\"fb72b6f9c1e54625a551711f6ee72714\\\",\\\"fnType\\\":\\\"wolverine\\\",\\\"by\\\":\\\"Vibranium\\\",\\\"at\\\":\\\"2019-07-29T05:31:14+00:00\\\",\\\"invUssn\\\":49,\\\"isInf\\\":false,\\\"ifa\\\":true,\\\"martAvail\\\":[{\\\"martId\\\":\\\"21\\\",\\\"ia\\\":true}],\\\"clt\\\":\\\"JoJ\\\"}\"}"}
{"id":"FDD4ED1839E8464288C9C7306682E4FF","table":"killmonger_events_table","keyspace":"msku","timestamp":"2019-07-29T05:45:02.470Z","clusteringKeys":["4401","vbIdSellingIdInventoryUpdated/1","1564378910"],"changedColumns":["selling_id","fulfillment_node_id","event_type","update_at","stream_sequence_number","event_data"],"record":"{\"selling_id\":\"FDD4ED1839E8464288C9C7306682E4FF\",\"fulfillment_node_id\":\"4401\",\"event_type\":\"vbIdSellingIdInventoryUpdated/1\",\"update_at\":1564378910,\"stream_sequence_number\":140,\"event_data\":\"{\\\"id\\\":\\\"8baef59a552b4770b1774266f5578450\\\",\\\"vbId\\\":\\\"PantherMigrationVbId\\\",\\\"sellingId\\\":\\\"FDD4ED1839E8464288C9C7306682E4FF\\\",\\\"merchantId\\\":\\\"9fc08905039048918982091f266c2a29\\\",\\\"skuId\\\":\\\"PantherMigrationSkuId\\\",\\\"f\\\":0,\\\"fnId\\\":\\\"4401\\\",\\\"by\\\":\\\"Killmonger.Migration.MapInWalmartInvUpdates\\\",\\\"at\\\":\\\"2019-07-29T05:41:50.062+00:00\\\",\\\"invUssn\\\":0,\\\"isInf\\\":false,\\\"ifa\\\":true,\\\"martAvail\\\":[{\\\"martId\\\":\\\"21\\\",\\\"ia\\\":true},{\\\"martId\\\":\\\"0\\\",\\\"ia\\\":true}],\\\"clt\\\":\\\"WoJ\\\"}\"}"}
{"id":"47485E6B2B814E4589BCA89422BA7A61","table":"killmonger_events_table","keyspace":"msku","timestamp":"2019-07-29T05:45:03.525Z","clusteringKeys":["10100601","vbIdSellingIdInventoryUpdated/1","1564378907"],"changedColumns":["selling_id","fulfillment_node_id","event_type","update_at","stream_sequence_number","event_data"],"record":"{\"selling_id\":\"47485E6B2B814E4589BCA89422BA7A61\",\"fulfillment_node_id\":\"10100601\",\"event_type\":\"vbIdSellingIdInventoryUpdated/1\",\"update_at\":1564378907,\"stream_sequence_number\":133,\"event_data\":\"{\\\"id\\\":\\\"ee99129019544809aeb255ebb8a984c6\\\",\\\"vbId\\\":\\\"PantherMigrationVbId\\\",\\\"sellingId\\\":\\\"47485E6B2B814E4589BCA89422BA7A61\\\",\\\"merchantId\\\":\\\"9fc08905039048918982091f266c2a29\\\",\\\"skuId\\\":\\\"PantherMigrationSkuId\\\",\\\"f\\\":0,\\\"fnId\\\":\\\"10100601\\\",\\\"by\\\":\\\"Killmonger.Migration.MapInWalmartInvUpdates\\\",\\\"at\\\":\\\"2019-07-29T05:41:47.864+00:00\\\",\\\"invUssn\\\":0,\\\"isInf\\\":false,\\\"ifa\\\":true,\\\"martAvail\\\":[{\\\"martId\\\":\\\"21\\\",\\\"ia\\\":true},{\\\"martId\\\":\\\"0\\\",\\\"ia\\\":true}],\\\"clt\\\":\\\"WoJ\\\"}\"}"}
{"id":"112e00071d674b1b8fe9495a30727faf","table":"killmonger_events_table","keyspace":"msku","timestamp":"2019-07-29T05:45:03.526Z","clusteringKeys":["6ccbd76c487c42e5b65dd274f51b72ea","updateVbIdSellingIdInventorySkipped/1","1564378274"],"changedColumns":["selling_id","fulfillment_node_id","event_type","update_at","stream_sequence_number","event_data"],"record":"{\"selling_id\":\"112e00071d674b1b8fe9495a30727faf\",\"fulfillment_node_id\":\"6ccbd76c487c42e5b65dd274f51b72ea\",\"event_type\":\"updateVbIdSellingIdInventorySkipped/1\",\"update_at\":1564378274,\"stream_sequence_number\":41,\"event_data\":\"{\\\"id\\\":\\\"7fd69048b3a647f186b0fa1e818867e4\\\",\\\"vbId\\\":\\\"112e00071d674b1b8fe9495a30727faf\\\",\\\"sellingId\\\":\\\"112e00071d674b1b8fe9495a30727faf\\\",\\\"merchantId\\\":\\\"e43cf7756d0b4ba8a4e9046774656ce8\\\",\\\"skuId\\\":\\\"112e00071d674b1b8fe9495a30727faf\\\",\\\"f\\\":105,\\\"fnId\\\":\\\"6ccbd76c487c42e5b65dd274f51b72ea\\\",\\\"fnType\\\":\\\"wolverine\\\",\\\"by\\\":\\\"Vibranium\\\",\\\"at\\\":\\\"2019-07-29T05:31:14+00:00\\\",\\\"invUssn\\\":48,\\\"isInf\\\":false}\"}"}
{"id":"317761fbdcba4159bf96a0f65f8d948e","table":"killmonger_events_table","keyspace":"msku","timestamp":"2019-07-29T05:45:03.528Z","clusteringKeys":["fb72b6f9c1e54625a551711f6ee72714","vbIdSellingIdInventoryUpdated/1","1564378274"],"changedColumns":["selling_id","fulfillment_node_id","event_type","update_at","stream_sequence_number","event_data"],"record":"{\"selling_id\":\"317761fbdcba4159bf96a0f65f8d948e\",\"fulfillment_node_id\":\"fb72b6f9c1e54625a551711f6ee72714\",\"event_type\":\"vbIdSellingIdInventoryUpdated/1\",\"update_at\":1564378274,\"stream_sequence_number\":45,\"event_data\":\"{\\\"id\\\":\\\"7643a672ac6c4021bc498581e37e1ce8\\\",\\\"vbId\\\":\\\"317761fbdcba4159bf96a0f65f8d948e\\\",\\\"sellingId\\\":\\\"317761fbdcba4159bf96a0f65f8d948e\\\",\\\"merchantId\\\":\\\"e43cf7756d0b4ba8a4e9046774656ce8\\\",\\\"skuId\\\":\\\"317761fbdcba4159bf96a0f65f8d948e\\\",\\\"f\\\":134,\\\"fnId\\\":\\\"fb72b6f9c1e54625a551711f6ee72714\\\",\\\"fnType\\\":\\\"wolverine\\\",\\\"by\\\":\\\"Vibranium\\\",\\\"at\\\":\\\"2019-07-29T05:31:14+00:00\\\",\\\"invUssn\\\":51,\\\"isInf\\\":false,\\\"ifa\\\":true,\\\"martAvail\\\":[{\\\"martId\\\":\\\"21\\\",\\\"ia\\\":true}],\\\"clt\\\":\\\"JoJ\\\"}\"}"}
{"id":"0EA646FCDB85475283912323159EFC14","table":"killmonger_events_table","keyspace":"msku","timestamp":"2019-07-29T05:40:44.724Z","clusteringKeys":["10000006435","vbIdSellingIdInventoryUpdated/1","1564375504"],"changedColumns":["selling_id","fulfillment_node_id","event_type","update_at","stream_sequence_number","event_data"],"record":"{\"selling_id\":\"0EA646FCDB85475283912323159EFC14\",\"fulfillment_node_id\":\"10000006435\",\"event_type\":\"vbIdSellingIdInventoryUpdated/1\",\"update_at\":1564375504,\"stream_sequence_number\":906,\"event_data\":\"{\\\"id\\\":\\\"88e6f5347a4645f69e09cc1498a1e6ab\\\",\\\"vbId\\\":\\\"277420_bf_UL134-6261\\\",\\\"sellingId\\\":\\\"0EA646FCDB85475283912323159EFC14\\\",\\\"merchantId\\\":\\\"6261\\\",\\\"skuId\\\":\\\"277420_bf_UL134\\\",\\\"f\\\":129,\\\"fnId\\\":\\\"10000006435\\\",\\\"fnType\\\":\\\"MARKETPLACE\\\",\\\"by\\\":\\\"Vibranium\\\",\\\"at\\\":\\\"2019-07-29T04:45:04+00:00\\\",\\\"invUssn\\\":785,\\\"catUssn\\\":0,\\\"isInf\\\":false,\\\"ifa\\\":true,\\\"martAvail\\\":[{\\\"martId\\\":\\\"0\\\",\\\"ia\\\":true}],\\\"clt\\\":\\\"WoW\\\"}\"}"}
{"id":"D1DBD4D622384878BC4B828320546ACB","table":"killmonger_events_table","keyspace":"msku","timestamp":"2019-07-29T05:45:03.532Z","clusteringKeys":["2698","vbIdSellingIdInventoryUpdated/1","1564378911"],"changedColumns":["selling_id","fulfillment_node_id","event_type","update_at","stream_sequence_number","event_data"],"record":"{\"selling_id\":\"D1DBD4D622384878BC4B828320546ACB\",\"fulfillment_node_id\":\"2698\",\"event_type\":\"vbIdSellingIdInventoryUpdated/1\",\"update_at\":1564378911,\"stream_sequence_number\":89,\"event_data\":\"{\\\"id\\\":\\\"3dc8aaa3ac41413aafad9a3b8324959f\\\",\\\"vbId\\\":\\\"PantherMigrationVbId\\\",\\\"sellingId\\\":\\\"D1DBD4D622384878BC4B828320546ACB\\\",\\\"merchantId\\\":\\\"9fc08905039048918982091f266c2a29\\\",\\\"skuId\\\":\\\"PantherMigrationSkuId\\\",\\\"f\\\":0,\\\"fnId\\\":\\\"2698\\\",\\\"by\\\":\\\"Killmonger.Migration.MapInWalmartInvUpdates\\\",\\\"at\\\":\\\"2019-07-29T05:41:51.666+00:00\\\",\\\"invUssn\\\":0,\\\"isInf\\\":false,\\\"ifa\\\":true,\\\"martAvail\\\":[{\\\"martId\\\":\\\"21\\\",\\\"ia\\\":true},{\\\"martId\\\":\\\"0\\\",\\\"ia\\\":true}],\\\"clt\\\":\\\"WoJ\\\"}\"}"}
{"id":"14759b4f97404b848ff676fc5f67e938","table":"killmonger_events_table","keyspace":"msku","timestamp":"2019-07-29T05:45:03.533Z","clusteringKeys":["9b6aa4f1c023477482fa52f2c09d47ad","vbIdSellingIdInventoryUpdated/1","1564378154"],"changedColumns":["selling_id","fulfillment_node_id","event_type","update_at","stream_sequence_number","event_data"],"record":"{\"selling_id\":\"14759b4f97404b848ff676fc5f67e938\",\"fulfillment_node_id\":\"9b6aa4f1c023477482fa52f2c09d47ad\",\"event_type\":\"vbIdSellingIdInventoryUpdated/1\",\"update_at\":1564378154,\"stream_sequence_number\":231,\"event_data\":\"{\\\"id\\\":\\\"77a74bda62a9443e80e5ac13a27135ec\\\",\\\"vbId\\\":\\\"14759b4f97404b848ff676fc5f67e938\\\",\\\"sellingId\\\":\\\"14759b4f97404b848ff676fc5f67e938\\\",\\\"merchantId\\\":\\\"b69f703200ac46a683759dd9f1a3ab92\\\",\\\"skuId\\\":\\\"14759b4f97404b848ff676fc5f67e938\\\",\\\"f\\\":950,\\\"fnId\\\":\\\"9b6aa4f1c023477482fa52f2c09d47ad\\\",\\\"fnType\\\":\\\"wolverine\\\",\\\"by\\\":\\\"Vibranium\\\",\\\"at\\\":\\\"2019-07-29T05:29:14+00:00\\\",\\\"invUssn\\\":208,\\\"isInf\\\":false,\\\"ifa\\\":true,\\\"martAvail\\\":[{\\\"martId\\\":\\\"21\\\",\\\"ia\\\":true}],\\\"clt\\\":\\\"JoJ\\\"}\"}"}
{"id":"e1af6b66f3ab4920836816a4ffcd33c3","table":"killmonger_events_table","keyspace":"msku","timestamp":"2019-07-29T05:45:03.540Z","clusteringKeys":["6d352b8576a04fee8ade8b604e53bb0c","vbIdSellingIdInventoryUpdated/1","1564378205"],"changedColumns":["selling_id","fulfillment_node_id","event_type","update_at","stream_sequence_number","event_data"],"record":"{\"selling_id\":\"e1af6b66f3ab4920836816a4ffcd33c3\",\"fulfillment_node_id\":\"6d352b8576a04fee8ade8b604e53bb0c\",\"event_type\":\"vbIdSellingIdInventoryUpdated/1\",\"update_at\":1564378205,\"stream_sequence_number\":1249,\"event_data\":\"{\\\"id\\\":\\\"b75b7fe29eaf43f0be44c266d599a601\\\",\\\"vbId\\\":\\\"e1af6b66f3ab4920836816a4ffcd33c3\\\",\\\"sellingId\\\":\\\"e1af6b66f3ab4920836816a4ffcd33c3\\\",\\\"merchantId\\\":\\\"0debc6a9521740399b28cb5c3fe815bc\\\",\\\"skuId\\\":\\\"e1af6b66f3ab4920836816a4ffcd33c3\\\",\\\"f\\\":1,\\\"fnId\\\":\\\"6d352b8576a04fee8ade8b604e53bb0c\\\",\\\"fnType\\\":\\\"wolverine\\\",\\\"by\\\":\\\"Vibranium\\\",\\\"at\\\":\\\"2019-07-29T05:30:05+00:00\\\",\\\"invUssn\\\":1611,\\\"isInf\\\":false,\\\"ifa\\\":true,\\\"martAvail\\\":[{\\\"martId\\\":\\\"21\\\",\\\"ia\\\":true}],\\\"clt\\\":\\\"JoJ\\\"}\"}"}
{"id":"D47F3465BBB54496A634707047921367","table":"killmonger_events_table","keyspace":"msku","timestamp":"2019-07-29T05:45:03.540Z","clusteringKeys":["10000009592","vbIdSellingIdInventoryUpdated/1","1564378303"],"changedColumns":["selling_id","fulfillment_node_id","event_type","update_at","stream_sequence_number","event_data"],"record":"{\"selling_id\":\"D47F3465BBB54496A634707047921367\",\"fulfillment_node_id\":\"10000009592\",\"event_type\":\"vbIdSellingIdInventoryUpdated/1\",\"update_at\":1564378303,\"stream_sequence_number\":7,\"event_data\":\"{\\\"id\\\":\\\"bfe57d6105cb4cadbf3a1d45d51c39ea\\\",\\\"vbId\\\":\\\"ST1846114101-9324\\\",\\\"sellingId\\\":\\\"D47F3465BBB54496A634707047921367\\\",\\\"merchantId\\\":\\\"9324\\\",\\\"skuId\\\":\\\"ST1846114101\\\",\\\"f\\\":3,\\\"fnId\\\":\\\"10000009592\\\",\\\"fnType\\\":\\\"MARKETPLACE\\\",\\\"by\\\":\\\"Vibranium\\\",\\\"at\\\":\\\"2019-07-29T05:31:43+00:00\\\",\\\"invUssn\\\":6,\\\"catUssn\\\":0,\\\"isInf\\\":false,\\\"ifa\\\":true,\\\"martAvail\\\":[{\\\"martId\\\":\\\"0\\\",\\\"ia\\\":true}],\\\"clt\\\":\\\"WoW\\\"}\"}"}
{"id":"dede13f10ab74a34bcda2676499bc9b8","table":"killmonger_events_table","keyspace":"msku","timestamp":"2019-07-29T05:45:03.541Z","clusteringKeys":["fb72b6f9c1e54625a551711f6ee72714","vbIdSellingIdInventoryUpdated/1","1564378274"],"changedColumns":["selling_id","fulfillment_node_id","event_type","update_at","stream_sequence_number","event_data"],"record":"{\"selling_id\":\"dede13f10ab74a34bcda2676499bc9b8\",\"fulfillment_node_id\":\"fb72b6f9c1e54625a551711f6ee72714\",\"event_type\":\"vbIdSellingIdInventoryUpdated/1\",\"update_at\":1564378274,\"stream_sequence_number\":38,\"event_data\":\"{\\\"id\\\":\\\"9a7f4071c3fd483cb00c1d3bb7d59e15\\\",\\\"vbId\\\":\\\"dede13f10ab74a34bcda2676499bc9b8\\\",\\\"sellingId\\\":\\\"dede13f10ab74a34bcda2676499bc9b8\\\",\\\"merchantId\\\":\\\"e43cf7756d0b4ba8a4e9046774656ce8\\\",\\\"skuId\\\":\\\"dede13f10ab74a34bcda2676499bc9b8\\\",\\\"f\\\":90,\\\"fnId\\\":\\\"fb72b6f9c1e54625a551711f6ee72714\\\",\\\"fnType\\\":\\\"wolverine\\\",\\\"by\\\":\\\"Vibranium\\\",\\\"at\\\":\\\"2019-07-29T05:31:14+00:00\\\",\\\"invUssn\\\":48,\\\"isInf\\\":false,\\\"ifa\\\":true,\\\"martAvail\\\":[{\\\"martId\\\":\\\"21\\\",\\\"ia\\\":true}],\\\"clt\\\":\\\"JoJ\\\"}\"}"}
{"id":"d94ab98d5d434609863e98df3b64186e","table":"killmonger_events_table","keyspace":"msku","timestamp":"2019-07-29T05:45:03.542Z","clusteringKeys":["fb72b6f9c1e54625a551711f6ee72714","updateVbIdSellingIdInventorySkipped/1","1564375526"],"changedColumns":["selling_id","fulfillment_node_id","event_type","update_at","stream_sequence_number","event_data"],"record":"{\"selling_id\":\"d94ab98d5d434609863e98df3b64186e\",\"fulfillment_node_id\":\"fb72b6f9c1e54625a551711f6ee72714\",\"event_type\":\"updateVbIdSellingIdInventorySkipped/1\",\"update_at\":1564375526,\"stream_sequence_number\":44,\"event_data\":\"{\\\"id\\\":\\\"f37bb155ae4c45fda53d642aa3f4a904\\\",\\\"vbId\\\":\\\"d94ab98d5d434609863e98df3b64186e\\\",\\\"sellingId\\\":\\\"d94ab98d5d434609863e98df3b64186e\\\",\\\"merchantId\\\":\\\"e43cf7756d0b4ba8a4e9046774656ce8\\\",\\\"skuId\\\":\\\"d94ab98d5d434609863e98df3b64186e\\\",\\\"f\\\":130,\\\"fnId\\\":\\\"fb72b6f9c1e54625a551711f6ee72714\\\",\\\"fnType\\\":\\\"wolverine\\\",\\\"by\\\":\\\"Vibranium\\\",\\\"at\\\":\\\"2019-07-29T04:45:26+00:00\\\",\\\"invUssn\\\":47,\\\"isInf\\\":false}\"}"}
{"id":"d94ab98d5d434609863e98df3b64186e","table":"killmonger_events_table","keyspace":"msku","timestamp":"2019-07-29T05:45:03.542Z","clusteringKeys":["fb72b6f9c1e54625a551711f6ee72714","updateVbIdSellingIdInventorySkipped/1","1564375526"],"changedColumns":["selling_id","fulfillment_node_id","event_type","update_at","stream_sequence_number","event_data"],"record":"{\"selling_id\":\"d94ab98d5d434609863e98df3b64186e\",\"fulfillment_node_id\":\"fb72b6f9c1e54625a551711f6ee72714\",\"event_type\":\"updateVbIdSellingIdInventorySkipped/1\",\"update_at\":1564375526,\"stream_sequence_number\":45,\"event_data\":\"{\\\"id\\\":\\\"da0d700f4b9944cca510003c62a969a7\\\",\\\"vbId\\\":\\\"d94ab98d5d434609863e98df3b64186e\\\",\\\"sellingId\\\":\\\"d94ab98d5d434609863e98df3b64186e\\\",\\\"merchantId\\\":\\\"e43cf7756d0b4ba8a4e9046774656ce8\\\",\\\"skuId\\\":\\\"d94ab98d5d434609863e98df3b64186e\\\",\\\"f\\\":130,\\\"fnId\\\":\\\"fb72b6f9c1e54625a551711f6ee72714\\\",\\\"fnType\\\":\\\"wolverine\\\",\\\"by\\\":\\\"Vibranium\\\",\\\"at\\\":\\\"2019-07-29T04:45:26+00:00\\\",\\\"invUssn\\\":47,\\\"isInf\\\":false}\"}"}
{"id":"d94ab98d5d434609863e98df3b64186e","table":"killmonger_events_table","keyspace":"msku","timestamp":"2019-07-29T05:45:03.542Z","clusteringKeys":["fb72b6f9c1e54625a551711f6ee72714","updateVbIdSellingIdInventorySkipped/1","1564375526"],"changedColumns":["selling_id","fulfillment_node_id","event_type","update_at","stream_sequence_number","event_data"],"record":"{\"selling_id\":\"d94ab98d5d434609863e98df3b64186e\",\"fulfillment_node_id\":\"fb72b6f9c1e54625a551711f6ee72714\",\"event_type\":\"updateVbIdSellingIdInventorySkipped/1\",\"update_at\":1564375526,\"stream_sequence_number\":46,\"event_data\":\"{\\\"id\\\":\\\"bde41f9eec3b4e82a0735aad677d2daf\\\",\\\"vbId\\\":\\\"d94ab98d5d434609863e98df3b64186e\\\",\\\"sellingId\\\":\\\"d94ab98d5d434609863e98df3b64186e\\\",\\\"merchantId\\\":\\\"e43cf7756d0b4ba8a4e9046774656ce8\\\",\\\"skuId\\\":\\\"d94ab98d5d434609863e98df3b64186e\\\",\\\"f\\\":130,\\\"fnId\\\":\\\"fb72b6f9c1e54625a551711f6ee72714\\\",\\\"fnType\\\":\\\"wolverine\\\",\\\"by\\\":\\\"Vibranium\\\",\\\"at\\\":\\\"2019-07-29T04:45:26+00:00\\\",\\\"invUssn\\\":47,\\\"isInf\\\":false}\"}"}
{"id":"058C549CB23D448DA771AF7FCF9FB928","table":"killmonger_events_table","keyspace":"msku","timestamp":"2019-07-29T05:40:44.736Z","clusteringKeys":["6468","vbIdSellingIdInventoryUpdated/1","1564375732"],"changedColumns":["selling_id","fulfillment_node_id","event_type","update_at","stream_sequence_number","event_data"],"record":"{\"selling_id\":\"058C549CB23D448DA771AF7FCF9FB928\",\"fulfillment_node_id\":\"6468\",\"event_type\":\"vbIdSellingIdInventoryUpdated/1\",\"update_at\":1564375732,\"stream_sequence_number\":115,\"event_data\":\"{\\\"id\\\":\\\"be28e1dc484e49f4870c483918739f57\\\",\\\"vbId\\\":\\\"PantherMigrationVbId\\\",\\\"sellingId\\\":\\\"058C549CB23D448DA771AF7FCF9FB928\\\",\\\"merchantId\\\":\\\"9fc08905039048918982091f266c2a29\\\",\\\"skuId\\\":\\\"PantherMigrationSkuId\\\",\\\"f\\\":0,\\\"fnId\\\":\\\"6468\\\",\\\"by\\\":\\\"Killmonger.Migration.MapInWalmartInvUpdates\\\",\\\"at\\\":\\\"2019-07-29T04:48:52.039+00:00\\\",\\\"invUssn\\\":0,\\\"isInf\\\":false,\\\"ifa\\\":true,\\\"martAvail\\\":[{\\\"martId\\\":\\\"21\\\",\\\"ia\\\":true},{\\\"martId\\\":\\\"0\\\",\\\"ia\\\":true}],\\\"clt\\\":\\\"WoJ\\\"}\"}"}
{"id":"e26b27a524514115acea2788e116c4d9","table":"killmonger_events_table","keyspace":"msku","timestamp":"2019-07-29T05:45:02.481Z","clusteringKeys":["fb72b6f9c1e54625a551711f6ee72714","vbIdSellingIdInventoryUpdated/1","1564375727"],"changedColumns":["selling_id","fulfillment_node_id","event_type","update_at","stream_sequence_number","event_data"],"record":"{\"selling_id\":\"e26b27a524514115acea2788e116c4d9\",\"fulfillment_node_id\":\"fb72b6f9c1e54625a551711f6ee72714\",\"event_type\":\"vbIdSellingIdInventoryUpdated/1\",\"update_at\":1564375727,\"stream_sequence_number\":40,\"event_data\":\"{\\\"id\\\":\\\"b63c47e5046b4d138ee3895856abe0db\\\",\\\"vbId\\\":\\\"e26b27a524514115acea2788e116c4d9\\\",\\\"sellingId\\\":\\\"e26b27a524514115acea2788e116c4d9\\\",\\\"merchantId\\\":\\\"e43cf7756d0b4ba8a4e9046774656ce8\\\",\\\"skuId\\\":\\\"e26b27a524514115acea2788e116c4d9\\\",\\\"f\\\":112,\\\"fnId\\\":\\\"fb72b6f9c1e54625a551711f6ee72714\\\",\\\"fnType\\\":\\\"wolverine\\\",\\\"by\\\":\\\"Vibranium\\\",\\\"at\\\":\\\"2019-07-29T04:48:47+00:00\\\",\\\"invUssn\\\":51,\\\"isInf\\\":false,\\\"ifa\\\":true,\\\"martAvail\\\":[{\\\"martId\\\":\\\"21\\\",\\\"ia\\\":true}],\\\"clt\\\":\\\"JoJ\\\"}\"}"}
{"id":"86C8D26FD3734342AC025FD77A8FF194","table":"killmonger_events_table","keyspace":"msku","timestamp":"2019-07-29T05:45:02.485Z","clusteringKeys":["2381","vbIdSellingIdInventoryUpdated/1","1564378912"],"changedColumns":["selling_id","fulfillment_node_id","event_type","update_at","stream_sequence_number","event_data"],"record":"{\"selling_id\":\"86C8D26FD3734342AC025FD77A8FF194\",\"fulfillment_node_id\":\"2381\",\"event_type\":\"vbIdSellingIdInventoryUpdated/1\",\"update_at\":1564378912,\"stream_sequence_number\":137,\"event_data\":\"{\\\"id\\\":\\\"1d7164387a09412a821ea4757356ae66\\\",\\\"vbId\\\":\\\"PantherMigrationVbId\\\",\\\"sellingId\\\":\\\"86C8D26FD3734342AC025FD77A8FF194\\\",\\\"merchantId\\\":\\\"9fc08905039048918982091f266c2a29\\\",\\\"skuId\\\":\\\"PantherMigrationSkuId\\\",\\\"f\\\":0,\\\"fnId\\\":\\\"2381\\\",\\\"by\\\":\\\"Killmonger.Migration.MapInWalmartInvUpdates\\\",\\\"at\\\":\\\"2019-07-29T05:41:52.454+00:00\\\",\\\"invUssn\\\":0,\\\"isInf\\\":false,\\\"ifa\\\":true,\\\"martAvail\\\":[{\\\"martId\\\":\\\"21\\\",\\\"ia\\\":true},{\\\"martId\\\":\\\"0\\\",\\\"ia\\\":true}],\\\"clt\\\":\\\"WoJ\\\"}\"}"}
{"id":"86C8D26FD3734342AC025FD77A8FF194","table":"killmonger_events_table","keyspace":"msku","timestamp":"2019-07-29T05:45:02.485Z","clusteringKeys":["2381","vbIdSellingIdInventoryUpdated/1","1564378912"],"changedColumns":["selling_id","fulfillment_node_id","event_type","update_at","stream_sequence_number","event_data"],"record":"{\"selling_id\":\"86C8D26FD3734342AC025FD77A8FF194\",\"fulfillment_node_id\":\"2381\",\"event_type\":\"vbIdSellingIdInventoryUpdated/1\",\"update_at\":1564378912,\"stream_sequence_number\":138,\"event_data\":\"{\\\"id\\\":\\\"1d7164387a09412a821ea4757356ae66\\\",\\\"vbId\\\":\\\"PantherMigrationVbId\\\",\\\"sellingId\\\":\\\"86C8D26FD3734342AC025FD77A8FF194\\\",\\\"merchantId\\\":\\\"9fc08905039048918982091f266c2a29\\\",\\\"skuId\\\":\\\"PantherMigrationSkuId\\\",\\\"f\\\":0,\\\"fnId\\\":\\\"2381\\\",\\\"by\\\":\\\"Killmonger.Migration.MapInWalmartInvUpdates\\\",\\\"at\\\":\\\"2019-07-29T05:41:52.454+00:00\\\",\\\"invUssn\\\":0,\\\"isInf\\\":false,\\\"ifa\\\":true,\\\"martAvail\\\":[{\\\"martId\\\":\\\"21\\\",\\\"ia\\\":true},{\\\"martId\\\":\\\"0\\\",\\\"ia\\\":true}],\\\"clt\\\":\\\"WoJ\\\"}\"}"}
{"id":"350DB5882CD24E6ABDD9ADEB31A8A687","table":"killmonger_events_table","keyspace":"msku","timestamp":"2019-07-29T05:44:37.086Z","clusteringKeys":["2738","vbIdSellingIdInventoryUpdated/1","1564378908"],"changedColumns":["selling_id","fulfillment_node_id","event_type","update_at","stream_sequence_number","event_data"],"record":"{\"selling_id\":\"350DB5882CD24E6ABDD9ADEB31A8A687\",\"fulfillment_node_id\":\"2738\",\"event_type\":\"vbIdSellingIdInventoryUpdated/1\",\"update_at\":1564378908,\"stream_sequence_number\":141,\"event_data\":\"{\\\"id\\\":\\\"6cb75a5b664c4046803ae7d624879ae0\\\",\\\"vbId\\\":\\\"PantherMigrationVbId\\\",\\\"sellingId\\\":\\\"350DB5882CD24E6ABDD9ADEB31A8A687\\\",\\\"merchantId\\\":\\\"9fc08905039048918982091f266c2a29\\\",\\\"skuId\\\":\\\"PantherMigrationSkuId\\\",\\\"f\\\":0,\\\"fnId\\\":\\\"2738\\\",\\\"by\\\":\\\"Killmonger.Migration.MapInWalmartInvUpdates\\\",\\\"at\\\":\\\"2019-07-29T05:41:48.445+00:00\\\",\\\"invUssn\\\":0,\\\"isInf\\\":false,\\\"ifa\\\":true,\\\"martAvail\\\":[{\\\"martId\\\":\\\"21\\\",\\\"ia\\\":true},{\\\"martId\\\":\\\"0\\\",\\\"ia\\\":true}],\\\"clt\\\":\\\"WoJ\\\"}\"}"}
{"id":"0EA341377DE14166BAAE26684A418E22","table":"killmonger_events_table","keyspace":"msku","timestamp":"2019-07-29T05:45:02.511Z","clusteringKeys":["2623","vbIdSellingIdInventoryUpdated/1","1564378910"],"changedColumns":["selling_id","fulfillment_node_id","event_type","update_at","stream_sequence_number","event_data"],"record":"{\"selling_id\":\"0EA341377DE14166BAAE26684A418E22\",\"fulfillment_node_id\":\"2623\",\"event_type\":\"vbIdSellingIdInventoryUpdated/1\",\"update_at\":1564378910,\"stream_sequence_number\":130,\"event_data\":\"{\\\"id\\\":\\\"21882e0cf39443a2b49450e93a9151b9\\\",\\\"vbId\\\":\\\"PantherMigrationVbId\\\",\\\"sellingId\\\":\\\"0EA341377DE14166BAAE26684A418E22\\\",\\\"merchantId\\\":\\\"9fc08905039048918982091f266c2a29\\\",\\\"skuId\\\":\\\"PantherMigrationSkuId\\\",\\\"f\\\":0,\\\"fnId\\\":\\\"2623\\\",\\\"by\\\":\\\"Killmonger.Migration.MapInWalmartInvUpdates\\\",\\\"at\\\":\\\"2019-07-29T05:41:50.723+00:00\\\",\\\"invUssn\\\":0,\\\"isInf\\\":false,\\\"ifa\\\":true,\\\"martAvail\\\":[{\\\"martId\\\":\\\"21\\\",\\\"ia\\\":true},{\\\"martId\\\":\\\"0\\\",\\\"ia\\\":true}],\\\"clt\\\":\\\"WoJ\\\"}\"}"}
{"id":"3e37d731d8834169bc6c2435d10ce6c9","table":"killmonger_events_table","keyspace":"msku","timestamp":"2019-07-29T05:44:37.095Z","clusteringKeys":["fb72b6f9c1e54625a551711f6ee72714","vbIdSellingIdInventoryUpdated/1","1564375344"],"changedColumns":["selling_id","fulfillment_node_id","event_type","update_at","stream_sequence_number","event_data"],"record":"{\"selling_id\":\"3e37d731d8834169bc6c2435d10ce6c9\",\"fulfillment_node_id\":\"fb72b6f9c1e54625a551711f6ee72714\",\"event_type\":\"vbIdSellingIdInventoryUpdated/1\",\"update_at\":1564375344,\"stream_sequence_number\":47,\"event_data\":\"{\\\"id\\\":\\\"86e2bb97695d4fb3a322bc6da5a53f6a\\\",\\\"vbId\\\":\\\"3e37d731d8834169bc6c2435d10ce6c9\\\",\\\"sellingId\\\":\\\"3e37d731d8834169bc6c2435d10ce6c9\\\",\\\"merchantId\\\":\\\"e43cf7756d0b4ba8a4e9046774656ce8\\\",\\\"skuId\\\":\\\"3e37d731d8834169bc6c2435d10ce6c9\\\",\\\"f\\\":124,\\\"fnId\\\":\\\"fb72b6f9c1e54625a551711f6ee72714\\\",\\\"fnType\\\":\\\"wolverine\\\",\\\"by\\\":\\\"Vibranium\\\",\\\"at\\\":\\\"2019-07-29T04:42:24+00:00\\\",\\\"invUssn\\\":47,\\\"isInf\\\":false,\\\"ifa\\\":true,\\\"martAvail\\\":[{\\\"martId\\\":\\\"21\\\",\\\"ia\\\":true}],\\\"clt\\\":\\\"JoJ\\\"}\"}"}
{"id":"d656b7e1a07c4dd09c3d97cbc5e30cdc","table":"killmonger_events_table","keyspace":"msku","timestamp":"2019-07-29T05:40:44.607Z","clusteringKeys":["161ef5d50fd64967b6867805ef1a285d","vbIdSellingIdInventoryUpdated/1","1564378195"],"changedColumns":["selling_id","fulfillment_node_id","event_type","update_at","stream_sequence_number","event_data"],"record":"{\"selling_id\":\"d656b7e1a07c4dd09c3d97cbc5e30cdc\",\"fulfillment_node_id\":\"161ef5d50fd64967b6867805ef1a285d\",\"event_type\":\"vbIdSellingIdInventoryUpdated/1\",\"update_at\":1564378195,\"stream_sequence_number\":272,\"event_data\":\"{\\\"id\\\":\\\"43e65dcf3f7b4753827a124f831c659d\\\",\\\"vbId\\\":\\\"d656b7e1a07c4dd09c3d97cbc5e30cdc\\\",\\\"sellingId\\\":\\\"d656b7e1a07c4dd09c3d97cbc5e30cdc\\\",\\\"merchantId\\\":\\\"11d010f610f348e38342912be02e1450\\\",\\\"skuId\\\":\\\"d656b7e1a07c4dd09c3d97cbc5e30cdc\\\",\\\"f\\\":30,\\\"fnId\\\":\\\"161ef5d50fd64967b6867805ef1a285d\\\",\\\"fnType\\\":\\\"wolverine\\\",\\\"by\\\":\\\"Vibranium\\\",\\\"at\\\":\\\"2019-07-29T05:29:55+00:00\\\",\\\"invUssn\\\":292,\\\"isInf\\\":false,\\\"ifa\\\":true,\\\"martAvail\\\":[{\\\"martId\\\":\\\"21\\\",\\\"ia\\\":true}],\\\"clt\\\":\\\"JoJ\\\"}\"}"}
{"id":"c3aa5b5bbbd24cc3a54c12762a4565ae","table":"killmonger_events_table","keyspace":"msku","timestamp":"2019-07-29T05:45:02.365Z","clusteringKeys":["fb72b6f9c1e54625a551711f6ee72714","vbIdSellingIdInventoryUpdated/1","1564375160"],"changedColumns":["selling_id","fulfillment_node_id","event_type","update_at","stream_sequence_number","event_data"],"record":"{\"selling_id\":\"c3aa5b5bbbd24cc3a54c12762a4565ae\",\"fulfillment_node_id\":\"fb72b6f9c1e54625a551711f6ee72714\",\"event_type\":\"vbIdSellingIdInventoryUpdated/1\",\"update_at\":1564375160,\"stream_sequence_number\":46,\"event_data\":\"{\\\"id\\\":\\\"f65fe28331c7450690ebcc608ba607d2\\\",\\\"vbId\\\":\\\"c3aa5b5bbbd24cc3a54c12762a4565ae\\\",\\\"sellingId\\\":\\\"c3aa5b5bbbd24cc3a54c12762a4565ae\\\",\\\"merchantId\\\":\\\"e43cf7756d0b4ba8a4e9046774656ce8\\\",\\\"skuId\\\":\\\"c3aa5b5bbbd24cc3a54c12762a4565ae\\\",\\\"f\\\":94,\\\"fnId\\\":\\\"fb72b6f9c1e54625a551711f6ee72714\\\",\\\"fnType\\\":\\\"wolverine\\\",\\\"by\\\":\\\"Vibranium\\\",\\\"at\\\":\\\"2019-07-29T04:39:20+00:00\\\",\\\"invUssn\\\":50,\\\"isInf\\\":false,\\\"ifa\\\":true,\\\"martAvail\\\":[{\\\"martId\\\":\\\"21\\\",\\\"ia\\\":true}],\\\"clt\\\":\\\"JoJ\\\"}\"}"}
{"id":"061bea6257a7447bb78133e9132ba461","table":"killmonger_events_table","keyspace":"msku","timestamp":"2019-07-29T05:45:02.366Z","clusteringKeys":["fb72b6f9c1e54625a551711f6ee72714","updateVbIdSellingIdInventorySkipped/1","1564375160"],"changedColumns":["selling_id","fulfillment_node_id","event_type","update_at","stream_sequence_number","event_data"],"record":"{\"selling_id\":\"061bea6257a7447bb78133e9132ba461\",\"fulfillment_node_id\":\"fb72b6f9c1e54625a551711f6ee72714\",\"event_type\":\"updateVbIdSellingIdInventorySkipped/1\",\"update_at\":1564375160,\"stream_sequence_number\":44,\"event_data\":\"{\\\"id\\\":\\\"d13b02ecc0184041994f211a0d1c63a8\\\",\\\"vbId\\\":\\\"061bea6257a7447bb78133e9132ba461\\\",\\\"sellingId\\\":\\\"061bea6257a7447bb78133e9132ba461\\\",\\\"merchantId\\\":\\\"e43cf7756d0b4ba8a4e9046774656ce8\\\",\\\"skuId\\\":\\\"061bea6257a7447bb78133e9132ba461\\\",\\\"f\\\":123,\\\"fnId\\\":\\\"fb72b6f9c1e54625a551711f6ee72714\\\",\\\"fnType\\\":\\\"wolverine\\\",\\\"by\\\":\\\"Vibranium\\\",\\\"at\\\":\\\"2019-07-29T04:39:20+00:00\\\",\\\"invUssn\\\":49,\\\"isInf\\\":false}\"}"}
{"id":"882550ebfa5343939bf558bccd536350","table":"killmonger_events_table","keyspace":"msku","timestamp":"2019-07-29T05:45:03.421Z","clusteringKeys":["6ccbd76c487c42e5b65dd274f51b72ea","vbIdSellingIdInventoryUpdated/1","1564378274"],"changedColumns":["selling_id","fulfillment_node_id","event_type","update_at","stream_sequence_number","event_data"],"record":"{\"selling_id\":\"882550ebfa5343939bf558bccd536350\",\"fulfillment_node_id\":\"6ccbd76c487c42e5b65dd274f51b72ea\",\"event_type\":\"vbIdSellingIdInventoryUpdated/1\",\"update_at\":1564378274,\"stream_sequence_number\":46,\"event_data\":\"{\\\"id\\\":\\\"34aec8f9f54146ad837f747783b355bd\\\",\\\"vbId\\\":\\\"882550ebfa5343939bf558bccd536350\\\",\\\"sellingId\\\":\\\"882550ebfa5343939bf558bccd536350\\\",\\\"merchantId\\\":\\\"e43cf7756d0b4ba8a4e9046774656ce8\\\",\\\"skuId\\\":\\\"882550ebfa5343939bf558bccd536350\\\",\\\"f\\\":123,\\\"fnId\\\":\\\"6ccbd76c487c42e5b65dd274f51b72ea\\\",\\\"fnType\\\":\\\"wolverine\\\",\\\"by\\\":\\\"Vibranium\\\",\\\"at\\\":\\\"2019-07-29T05:31:14+00:00\\\",\\\"invUssn\\\":50,\\\"isInf\\\":false,\\\"ifa\\\":true,\\\"martAvail\\\":[{\\\"martId\\\":\\\"21\\\",\\\"ia\\\":true}],\\\"clt\\\":\\\"JoJ\\\"}\"}"}
{"id":"c3aa5b5bbbd24cc3a54c12762a4565ae","table":"killmonger_events_table","keyspace":"msku","timestamp":"2019-07-29T05:45:02.367Z","clusteringKeys":["fb72b6f9c1e54625a551711f6ee72714","updateVbIdSellingIdInventorySkipped/1","1564375160"],"changedColumns":["selling_id","fulfillment_node_id","event_type","update_at","stream_sequence_number","event_data"],"record":"{\"selling_id\":\"c3aa5b5bbbd24cc3a54c12762a4565ae\",\"fulfillment_node_id\":\"fb72b6f9c1e54625a551711f6ee72714\",\"event_type\":\"updateVbIdSellingIdInventorySkipped/1\",\"update_at\":1564375160,\"stream_sequence_number\":47,\"event_data\":\"{\\\"id\\\":\\\"92494f117d394808a12d96def0e6a651\\\",\\\"vbId\\\":\\\"c3aa5b5bbbd24cc3a54c12762a4565ae\\\",\\\"sellingId\\\":\\\"c3aa5b5bbbd24cc3a54c12762a4565ae\\\",\\\"merchantId\\\":\\\"e43cf7756d0b4ba8a4e9046774656ce8\\\",\\\"skuId\\\":\\\"c3aa5b5bbbd24cc3a54c12762a4565ae\\\",\\\"f\\\":94,\\\"fnId\\\":\\\"fb72b6f9c1e54625a551711f6ee72714\\\",\\\"fnType\\\":\\\"wolverine\\\",\\\"by\\\":\\\"Vibranium\\\",\\\"at\\\":\\\"2019-07-29T04:39:20+00:00\\\",\\\"invUssn\\\":50,\\\"isInf\\\":false}\"}"}
{"id":"061bea6257a7447bb78133e9132ba461","table":"killmonger_events_table","keyspace":"msku","timestamp":"2019-07-29T05:45:02.367Z","clusteringKeys":["fb72b6f9c1e54625a551711f6ee72714","updateVbIdSellingIdInventorySkipped/1","1564375160"],"changedColumns":["selling_id","fulfillment_node_id","event_type","update_at","stream_sequence_number","event_data"],"record":"{\"selling_id\":\"061bea6257a7447bb78133e9132ba461\",\"fulfillment_node_id\":\"fb72b6f9c1e54625a551711f6ee72714\",\"event_type\":\"updateVbIdSellingIdInventorySkipped/1\",\"update_at\":1564375160,\"stream_sequence_number\":45,\"event_data\":\"{\\\"id\\\":\\\"5f1826b5f2664c438f72d409df9a9a34\\\",\\\"vbId\\\":\\\"061bea6257a7447bb78133e9132ba461\\\",\\\"sellingId\\\":\\\"061bea6257a7447bb78133e9132ba461\\\",\\\"merchantId\\\":\\\"e43cf7756d0b4ba8a4e9046774656ce8\\\",\\\"skuId\\\":\\\"061bea6257a7447bb78133e9132ba461\\\",\\\"f\\\":123,\\\"fnId\\\":\\\"fb72b6f9c1e54625a551711f6ee72714\\\",\\\"fnType\\\":\\\"wolverine\\\",\\\"by\\\":\\\"Vibranium\\\",\\\"at\\\":\\\"2019-07-29T04:39:20+00:00\\\",\\\"invUssn\\\":49,\\\"isInf\\\":false}\"}"}
{"id":"21544E52C7EB4AF489E8A56C04230C9F","table":"killmonger_events_table","keyspace":"msku","timestamp":"2019-07-29T05:45:02.368Z","clusteringKeys":["2750","vbIdSellingIdInventoryUpdated/1","1564375731"],"changedColumns":["selling_id","fulfillment_node_id","event_type","update_at","stream_sequence_number","event_data"],"record":"{\"selling_id\":\"21544E52C7EB4AF489E8A56C04230C9F\",\"fulfillment_node_id\":\"2750\",\"event_type\":\"vbIdSellingIdInventoryUpdated/1\",\"update_at\":1564375731,\"stream_sequence_number\":105,\"event_data\":\"{\\\"id\\\":\\\"636893b8a6d04a9381a7baa8f68b2e35\\\",\\\"vbId\\\":\\\"PantherMigrationVbId\\\",\\\"sellingId\\\":\\\"21544E52C7EB4AF489E8A56C04230C9F\\\",\\\"merchantId\\\":\\\"9fc08905039048918982091f266c2a29\\\",\\\"skuId\\\":\\\"PantherMigrationSkuId\\\",\\\"f\\\":0,\\\"fnId\\\":\\\"2750\\\",\\\"by\\\":\\\"Killmonger.Migration.MapInWalmartInvUpdates\\\",\\\"at\\\":\\\"2019-07-29T04:48:51.982+00:00\\\",\\\"invUssn\\\":0,\\\"isInf\\\":false,\\\"ifa\\\":true,\\\"martAvail\\\":[{\\\"martId\\\":\\\"21\\\",\\\"ia\\\":true},{\\\"martId\\\":\\\"0\\\",\\\"ia\\\":true}],\\\"clt\\\":\\\"WoJ\\\"}\"}"}
{"id":"BCF3CD4AD60C4207931C54D2D9F20EAC","table":"killmonger_events_table","keyspace":"msku","timestamp":"2019-07-29T05:40:44.608Z","clusteringKeys":["10000020279","updateVbIdSellingIdInventorySkipped/1","1564378013"],"changedColumns":["selling_id","fulfillment_node_id","event_type","update_at","stream_sequence_number","event_data"],"record":"{\"selling_id\":\"BCF3CD4AD60C4207931C54D2D9F20EAC\",\"fulfillment_node_id\":\"10000020279\",\"event_type\":\"updateVbIdSellingIdInventorySkipped/1\",\"update_at\":1564378013,\"stream_sequence_number\":9948,\"event_data\":\"{\\\"id\\\":\\\"d0d4a32aaf994a2db395aa0cebb8cc3f\\\",\\\"vbId\\\":\\\"B-302C  I1-501B -9780977339976-19087\\\",\\\"sellingId\\\":\\\"BCF3CD4AD60C4207931C54D2D9F20EAC\\\",\\\"merchantId\\\":\\\"19087\\\",\\\"skuId\\\":\\\"B-302C  I1-501B -9780977339976\\\",\\\"f\\\":95,\\\"fnId\\\":\\\"10000020279\\\",\\\"fnType\\\":\\\"MARKETPLACE\\\",\\\"by\\\":\\\"Vibranium\\\",\\\"at\\\":\\\"2019-07-29T05:26:53+00:00\\\",\\\"invUssn\\\":8455,\\\"catUssn\\\":0,\\\"isInf\\\":false}\"}"}
{"id":"8aec9837237d418482ac7675d6e59f58","table":"killmonger_events_table","keyspace":"msku","timestamp":"2019-07-29T05:45:03.430Z","clusteringKeys":["02f4eecec3834111b8c7d22555073e7f","vbIdSellingIdInventoryUpdated/1","1564377922"],"changedColumns":["selling_id","fulfillment_node_id","event_type","update_at","stream_sequence_number","event_data"],"record":"{\"selling_id\":\"8aec9837237d418482ac7675d6e59f58\",\"fulfillment_node_id\":\"02f4eecec3834111b8c7d22555073e7f\",\"event_type\":\"vbIdSellingIdInventoryUpdated/1\",\"update_at\":1564377922,\"stream_sequence_number\":130,\"event_data\":\"{\\\"id\\\":\\\"b0f53fa4b05248538d1f1dd8190dafc0\\\",\\\"vbId\\\":\\\"8aec9837237d418482ac7675d6e59f58\\\",\\\"sellingId\\\":\\\"8aec9837237d418482ac7675d6e59f58\\\",\\\"merchantId\\\":\\\"b1258a698bb14f409722b7bdbfde991d\\\",\\\"skuId\\\":\\\"8aec9837237d418482ac7675d6e59f58\\\",\\\"f\\\":204,\\\"fnId\\\":\\\"02f4eecec3834111b8c7d22555073e7f\\\",\\\"fnType\\\":\\\"wolverine\\\",\\\"by\\\":\\\"Vibranium\\\",\\\"at\\\":\\\"2019-07-29T05:25:22+00:00\\\",\\\"invUssn\\\":109,\\\"isInf\\\":false,\\\"ifa\\\":true,\\\"martAvail\\\":[{\\\"martId\\\":\\\"21\\\",\\\"ia\\\":true}],\\\"clt\\\":\\\"JoJ\\\"}\"}"}
{"id":"ddeb62c5ae80405da25df28540842c9c","table":"killmonger_events_table","keyspace":"msku","timestamp":"2019-07-29T05:44:36.957Z","clusteringKeys":["0a633d9fe80f4a45b6fdf372a649be0c","vbIdSellingIdInventoryUpdated/1","1564378274"],"changedColumns":["selling_id","fulfillment_node_id","event_type","update_at","stream_sequence_number","event_data"],"record":"{\"selling_id\":\"ddeb62c5ae80405da25df28540842c9c\",\"fulfillment_node_id\":\"0a633d9fe80f4a45b6fdf372a649be0c\",\"event_type\":\"vbIdSellingIdInventoryUpdated/1\",\"update_at\":1564378274,\"stream_sequence_number\":41,\"event_data\":\"{\\\"id\\\":\\\"07e084c7e6634731a33b861bee436eed\\\",\\\"vbId\\\":\\\"ddeb62c5ae80405da25df28540842c9c\\\",\\\"sellingId\\\":\\\"ddeb62c5ae80405da25df28540842c9c\\\",\\\"merchantId\\\":\\\"e43cf7756d0b4ba8a4e9046774656ce8\\\",\\\"skuId\\\":\\\"ddeb62c5ae80405da25df28540842c9c\\\",\\\"f\\\":89,\\\"fnId\\\":\\\"0a633d9fe80f4a45b6fdf372a649be0c\\\",\\\"fnType\\\":\\\"wolverine\\\",\\\"by\\\":\\\"Vibranium\\\",\\\"at\\\":\\\"2019-07-29T05:31:14+00:00\\\",\\\"invUssn\\\":50,\\\"isInf\\\":false,\\\"ifa\\\":true,\\\"martAvail\\\":[{\\\"martId\\\":\\\"21\\\",\\\"ia\\\":true}],\\\"clt\\\":\\\"JoJ\\\"}\"}"}
{"id":"ddeb62c5ae80405da25df28540842c9c","table":"killmonger_events_table","keyspace":"msku","timestamp":"2019-07-29T05:44:36.957Z","clusteringKeys":["0a633d9fe80f4a45b6fdf372a649be0c","updateVbIdSellingIdInventorySkipped/1","1564378274"],"changedColumns":["selling_id","fulfillment_node_id","event_type","update_at","stream_sequence_number","event_data"],"record":"{\"selling_id\":\"ddeb62c5ae80405da25df28540842c9c\",\"fulfillment_node_id\":\"0a633d9fe80f4a45b6fdf372a649be0c\",\"event_type\":\"updateVbIdSellingIdInventorySkipped/1\",\"update_at\":1564378274,\"stream_sequence_number\":42,\"event_data\":\"{\\\"id\\\":\\\"07e084c7e6634731a33b861bee436eed\\\",\\\"vbId\\\":\\\"ddeb62c5ae80405da25df28540842c9c\\\",\\\"sellingId\\\":\\\"ddeb62c5ae80405da25df28540842c9c\\\",\\\"merchantId\\\":\\\"e43cf7756d0b4ba8a4e9046774656ce8\\\",\\\"skuId\\\":\\\"ddeb62c5ae80405da25df28540842c9c\\\",\\\"f\\\":89,\\\"fnId\\\":\\\"0a633d9fe80f4a45b6fdf372a649be0c\\\",\\\"fnType\\\":\\\"wolverine\\\",\\\"by\\\":\\\"Vibranium\\\",\\\"at\\\":\\\"2019-07-29T05:31:14+00:00\\\",\\\"invUssn\\\":50,\\\"isInf\\\":false}\"}"}
{"id":"13d2b30be6db4deeb7faeb166d8ef291","table":"killmonger_events_table","keyspace":"msku","timestamp":"2019-07-29T05:44:36.958Z","clusteringKeys":["fb72b6f9c1e54625a551711f6ee72714","vbIdSellingIdInventoryUpdated/1","1564375727"],"changedColumns":["selling_id","fulfillment_node_id","event_type","update_at","stream_sequence_number","event_data"],"record":"{\"selling_id\":\"13d2b30be6db4deeb7faeb166d8ef291\",\"fulfillment_node_id\":\"fb72b6f9c1e54625a551711f6ee72714\",\"event_type\":\"vbIdSellingIdInventoryUpdated/1\",\"update_at\":1564375727,\"stream_sequence_number\":43,\"event_data\":\"{\\\"id\\\":\\\"a54b384e297342968dba038062d481ed\\\",\\\"vbId\\\":\\\"13d2b30be6db4deeb7faeb166d8ef291\\\",\\\"sellingId\\\":\\\"13d2b30be6db4deeb7faeb166d8ef291\\\",\\\"merchantId\\\":\\\"e43cf7756d0b4ba8a4e9046774656ce8\\\",\\\"skuId\\\":\\\"13d2b30be6db4deeb7faeb166d8ef291\\\",\\\"f\\\":63,\\\"fnId\\\":\\\"fb72b6f9c1e54625a551711f6ee72714\\\",\\\"fnType\\\":\\\"wolverine\\\",\\\"by\\\":\\\"Vibranium\\\",\\\"at\\\":\\\"2019-07-29T04:48:47+00:00\\\",\\\"invUssn\\\":49,\\\"isInf\\\":false,\\\"ifa\\\":true,\\\"martAvail\\\":[{\\\"martId\\\":\\\"21\\\",\\\"ia\\\":true}],\\\"clt\\\":\\\"JoJ\\\"}\"}"}
{"id":"423EDA8D97A74F19A0A4392F18D54E3B","table":"killmonger_events_table","keyspace":"msku","timestamp":"2019-07-29T05:44:36.958Z","clusteringKeys":["6559","vbIdSellingIdInventoryUpdated/1","1564376139"],"changedColumns":["selling_id","fulfillment_node_id","event_type","update_at","stream_sequence_number","event_data"],"record":"{\"selling_id\":\"423EDA8D97A74F19A0A4392F18D54E3B\",\"fulfillment_node_id\":\"6559\",\"event_type\":\"vbIdSellingIdInventoryUpdated/1\",\"update_at\":1564376139,\"stream_sequence_number\":134,\"event_data\":\"{\\\"id\\\":\\\"bb47eb22b0ca460ca625747dddaad655\\\",\\\"vbId\\\":\\\"PantherMigrationVbId\\\",\\\"sellingId\\\":\\\"423EDA8D97A74F19A0A4392F18D54E3B\\\",\\\"merchantId\\\":\\\"9fc08905039048918982091f266c2a29\\\",\\\"skuId\\\":\\\"PantherMigrationSkuId\\\",\\\"f\\\":0,\\\"fnId\\\":\\\"6559\\\",\\\"by\\\":\\\"Killmonger.Migration.MapInWalmartInvUpdates\\\",\\\"at\\\":\\\"2019-07-29T04:55:39.367+00:00\\\",\\\"invUssn\\\":0,\\\"isInf\\\":false,\\\"ifa\\\":true,\\\"martAvail\\\":[{\\\"martId\\\":\\\"21\\\",\\\"ia\\\":true},{\\\"martId\\\":\\\"0\\\",\\\"ia\\\":true}],\\\"clt\\\":\\\"WoJ\\\"}\"}"}
{"id":"13e7e48d258b45c586842a68275c8752","table":"killmonger_events_table","keyspace":"msku","timestamp":"2019-07-29T05:40:44.625Z","clusteringKeys":["fb72b6f9c1e54625a551711f6ee72714","updateVbIdSellingIdInventorySkipped/1","1564375160"],"changedColumns":["selling_id","fulfillment_node_id","event_type","update_at","stream_sequence_number","event_data"],"record":"{\"selling_id\":\"13e7e48d258b45c586842a68275c8752\",\"fulfillment_node_id\":\"fb72b6f9c1e54625a551711f6ee72714\",\"event_type\":\"updateVbIdSellingIdInventorySkipped/1\",\"update_at\":1564375160,\"stream_sequence_number\":45,\"event_data\":\"{\\\"id\\\":\\\"ecd0a8f77bbc497393c429c914f33a0d\\\",\\\"vbId\\\":\\\"13e7e48d258b45c586842a68275c8752\\\",\\\"sellingId\\\":\\\"13e7e48d258b45c586842a68275c8752\\\",\\\"merchantId\\\":\\\"e43cf7756d0b4ba8a4e9046774656ce8\\\",\\\"skuId\\\":\\\"13e7e48d258b45c586842a68275c8752\\\",\\\"f\\\":119,\\\"fnId\\\":\\\"fb72b6f9c1e54625a551711f6ee72714\\\",\\\"fnType\\\":\\\"wolverine\\\",\\\"by\\\":\\\"Vibranium\\\",\\\"at\\\":\\\"2019-07-29T04:39:20+00:00\\\",\\\"invUssn\\\":48,\\\"isInf\\\":false}\"}"}
{"id":"13e7e48d258b45c586842a68275c8752","table":"killmonger_events_table","keyspace":"msku","timestamp":"2019-07-29T05:40:44.626Z","clusteringKeys":["fb72b6f9c1e54625a551711f6ee72714","updateVbIdSellingIdInventorySkipped/1","1564375160"],"changedColumns":["selling_id","fulfillment_node_id","event_type","update_at","stream_sequence_number","event_data"],"record":"{\"selling_id\":\"13e7e48d258b45c586842a68275c8752\",\"fulfillment_node_id\":\"fb72b6f9c1e54625a551711f6ee72714\",\"event_type\":\"updateVbIdSellingIdInventorySkipped/1\",\"update_at\":1564375160,\"stream_sequence_number\":46,\"event_data\":\"{\\\"id\\\":\\\"2358ef82b61347d6909caca06af96b3c\\\",\\\"vbId\\\":\\\"13e7e48d258b45c586842a68275c8752\\\",\\\"sellingId\\\":\\\"13e7e48d258b45c586842a68275c8752\\\",\\\"merchantId\\\":\\\"e43cf7756d0b4ba8a4e9046774656ce8\\\",\\\"skuId\\\":\\\"13e7e48d258b45c586842a68275c8752\\\",\\\"f\\\":119,\\\"fnId\\\":\\\"fb72b6f9c1e54625a551711f6ee72714\\\",\\\"fnType\\\":\\\"wolverine\\\",\\\"by\\\":\\\"Vibranium\\\",\\\"at\\\":\\\"2019-07-29T04:39:20+00:00\\\",\\\"invUssn\\\":48,\\\"isInf\\\":false}\"}"}
{"id":"224121a75e5140128dae8fbb26416b3a","table":"killmonger_events_table","keyspace":"msku","timestamp":"2019-07-29T05:45:03.439Z","clusteringKeys":["fb72b6f9c1e54625a551711f6ee72714","vbIdSellingIdInventoryUpdated/1","1564378274"],"changedColumns":["selling_id","fulfillment_node_id","event_type","update_at","stream_sequence_number","event_data"],"record":"{\"selling_id\":\"224121a75e5140128dae8fbb26416b3a\",\"fulfillment_node_id\":\"fb72b6f9c1e54625a551711f6ee72714\",\"event_type\":\"vbIdSellingIdInventoryUpdated/1\",\"update_at\":1564378274,\"stream_sequence_number\":43,\"event_data\":\"{\\\"id\\\":\\\"78ed2992aedb4c3b8efc1c3daa3743d6\\\",\\\"vbId\\\":\\\"224121a75e5140128dae8fbb26416b3a\\\",\\\"sellingId\\\":\\\"224121a75e5140128dae8fbb26416b3a\\\",\\\"merchantId\\\":\\\"e43cf7756d0b4ba8a4e9046774656ce8\\\",\\\"skuId\\\":\\\"224121a75e5140128dae8fbb26416b3a\\\",\\\"f\\\":90,\\\"fnId\\\":\\\"fb72b6f9c1e54625a551711f6ee72714\\\",\\\"fnType\\\":\\\"wolverine\\\",\\\"by\\\":\\\"Vibranium\\\",\\\"at\\\":\\\"2019-07-29T05:31:14+00:00\\\",\\\"invUssn\\\":49,\\\"isInf\\\":false,\\\"ifa\\\":true,\\\"martAvail\\\":[{\\\"martId\\\":\\\"21\\\",\\\"ia\\\":true}],\\\"clt\\\":\\\"JoJ\\\"}\"}"}
{"id":"224121a75e5140128dae8fbb26416b3a","table":"killmonger_events_table","keyspace":"msku","timestamp":"2019-07-29T05:45:03.439Z","clusteringKeys":["fb72b6f9c1e54625a551711f6ee72714","updateVbIdSellingIdInventorySkipped/1","1564378274"],"changedColumns":["selling_id","fulfillment_node_id","event_type","update_at","stream_sequence_number","event_data"],"record":"{\"selling_id\":\"224121a75e5140128dae8fbb26416b3a\",\"fulfillment_node_id\":\"fb72b6f9c1e54625a551711f6ee72714\",\"event_type\":\"updateVbIdSellingIdInventorySkipped/1\",\"update_at\":1564378274,\"stream_sequence_number\":44,\"event_data\":\"{\\\"id\\\":\\\"78ed2992aedb4c3b8efc1c3daa3743d6\\\",\\\"vbId\\\":\\\"224121a75e5140128dae8fbb26416b3a\\\",\\\"sellingId\\\":\\\"224121a75e5140128dae8fbb26416b3a\\\",\\\"merchantId\\\":\\\"e43cf7756d0b4ba8a4e9046774656ce8\\\",\\\"skuId\\\":\\\"224121a75e5140128dae8fbb26416b3a\\\",\\\"f\\\":90,\\\"fnId\\\":\\\"fb72b6f9c1e54625a551711f6ee72714\\\",\\\"fnType\\\":\\\"wolverine\\\",\\\"by\\\":\\\"Vibranium\\\",\\\"at\\\":\\\"2019-07-29T05:31:14+00:00\\\",\\\"invUssn\\\":49,\\\"isInf\\\":false}\"}"}
{"id":"E2BD263B92A641F0BD9F06A650CC7B80","table":"killmonger_events_table","keyspace":"msku","timestamp":"2019-07-29T05:40:44.629Z","clusteringKeys":["77628","vbIdSellingIdInventoryUpdated/1","1564378908"],"changedColumns":["selling_id","fulfillment_node_id","event_type","update_at","stream_sequence_number","event_data"],"record":"{\"selling_id\":\"E2BD263B92A641F0BD9F06A650CC7B80\",\"fulfillment_node_id\":\"77628\",\"event_type\":\"vbIdSellingIdInventoryUpdated/1\",\"update_at\":1564378908,\"stream_sequence_number\":136,\"event_data\":\"{\\\"id\\\":\\\"590aa1ed8e3d4c02bde2a63c77473c63\\\",\\\"vbId\\\":\\\"PantherMigrationVbId\\\",\\\"sellingId\\\":\\\"E2BD263B92A641F0BD9F06A650CC7B80\\\",\\\"merchantId\\\":\\\"9fc08905039048918982091f266c2a29\\\",\\\"skuId\\\":\\\"PantherMigrationSkuId\\\",\\\"f\\\":0,\\\"fnId\\\":\\\"77628\\\",\\\"by\\\":\\\"Killmonger.Migration.MapInWalmartInvUpdates\\\",\\\"at\\\":\\\"2019-07-29T05:41:48.698+00:00\\\",\\\"invUssn\\\":0,\\\"isInf\\\":false,\\\"ifa\\\":true,\\\"martAvail\\\":[{\\\"martId\\\":\\\"21\\\",\\\"ia\\\":true},{\\\"martId\\\":\\\"0\\\",\\\"ia\\\":true}],\\\"clt\\\":\\\"WoJ\\\"}\"}"}
{"id":"B7C903A67FDA46BD9F906FC5C62E7141","table":"killmonger_events_table","keyspace":"msku","timestamp":"2019-07-29T05:45:03.440Z","clusteringKeys":["10000001216","vbIdSellingIdInventoryUpdated/1","1564378246"],"changedColumns":["selling_id","fulfillment_node_id","event_type","update_at","stream_sequence_number","event_data"],"record":"{\"selling_id\":\"B7C903A67FDA46BD9F906FC5C62E7141\",\"fulfillment_node_id\":\"10000001216\",\"event_type\":\"vbIdSellingIdInventoryUpdated/1\",\"update_at\":1564378246,\"stream_sequence_number\":59,\"event_data\":\"{\\\"id\\\":\\\"233b65a61070401e9dc6aa7355714b74\\\",\\\"vbId\\\":\\\"401207-1180\\\",\\\"sellingId\\\":\\\"B7C903A67FDA46BD9F906FC5C62E7141\\\",\\\"merchantId\\\":\\\"1180\\\",\\\"skuId\\\":\\\"401207\\\",\\\"f\\\":22,\\\"fnId\\\":\\\"10000001216\\\",\\\"fnType\\\":\\\"MARKETPLACE\\\",\\\"by\\\":\\\"Vibranium\\\",\\\"at\\\":\\\"2019-07-29T05:30:46+00:00\\\",\\\"invUssn\\\":42,\\\"catUssn\\\":0,\\\"isInf\\\":false,\\\"ifa\\\":true,\\\"martAvail\\\":[{\\\"martId\\\":\\\"0\\\",\\\"ia\\\":true}],\\\"clt\\\":\\\"WoW\\\"}\"}"}
{"id":"B7C903A67FDA46BD9F906FC5C62E7141","table":"killmonger_events_table","keyspace":"msku","timestamp":"2019-07-29T05:45:03.441Z","clusteringKeys":["10000001216","updateVbIdSellingIdInventorySkipped/1","1564378246"],"changedColumns":["selling_id","fulfillment_node_id","event_type","update_at","stream_sequence_number","event_data"],"record":"{\"selling_id\":\"B7C903A67FDA46BD9F906FC5C62E7141\",\"fulfillment_node_id\":\"10000001216\",\"event_type\":\"updateVbIdSellingIdInventorySkipped/1\",\"update_at\":1564378246,\"stream_sequence_number\":60,\"event_data\":\"{\\\"id\\\":\\\"233b65a61070401e9dc6aa7355714b74\\\",\\\"vbId\\\":\\\"401207-1180\\\",\\\"sellingId\\\":\\\"B7C903A67FDA46BD9F906FC5C62E7141\\\",\\\"merchantId\\\":\\\"1180\\\",\\\"skuId\\\":\\\"401207\\\",\\\"f\\\":22,\\\"fnId\\\":\\\"10000001216\\\",\\\"fnType\\\":\\\"MARKETPLACE\\\",\\\"by\\\":\\\"Vibranium\\\",\\\"at\\\":\\\"2019-07-29T05:30:46+00:00\\\",\\\"invUssn\\\":42,\\\"catUssn\\\":0,\\\"isInf\\\":false}\"}"}
{"id":"681642d0ef864ad3b875a72ea8b2e761","table":"killmonger_events_table","keyspace":"msku","timestamp":"2019-07-29T05:40:44.626Z","clusteringKeys":["0a633d9fe80f4a45b6fdf372a649be0c","vbIdSellingIdInventoryUpdated/1","1564378479"],"changedColumns":["selling_id","fulfillment_node_id","event_type","update_at","stream_sequence_number","event_data"],"record":"{\"selling_id\":\"681642d0ef864ad3b875a72ea8b2e761\",\"fulfillment_node_id\":\"0a633d9fe80f4a45b6fdf372a649be0c\",\"event_type\":\"vbIdSellingIdInventoryUpdated/1\",\"update_at\":1564378479,\"stream_sequence_number\":42,\"event_data\":\"{\\\"id\\\":\\\"2e2ef43d997145fbb38d88a10349d50f\\\",\\\"vbId\\\":\\\"681642d0ef864ad3b875a72ea8b2e761\\\",\\\"sellingId\\\":\\\"681642d0ef864ad3b875a72ea8b2e761\\\",\\\"merchantId\\\":\\\"e43cf7756d0b4ba8a4e9046774656ce8\\\",\\\"skuId\\\":\\\"681642d0ef864ad3b875a72ea8b2e761\\\",\\\"f\\\":95,\\\"fnId\\\":\\\"0a633d9fe80f4a45b6fdf372a649be0c\\\",\\\"fnType\\\":\\\"wolverine\\\",\\\"by\\\":\\\"Vibranium\\\",\\\"at\\\":\\\"2019-07-29T05:34:39+00:00\\\",\\\"invUssn\\\":54,\\\"isInf\\\":false,\\\"ifa\\\":true,\\\"martAvail\\\":[{\\\"martId\\\":\\\"21\\\",\\\"ia\\\":true}],\\\"clt\\\":\\\"JoJ\\\"}\"}"}
{"id":"681642d0ef864ad3b875a72ea8b2e761","table":"killmonger_events_table","keyspace":"msku","timestamp":"2019-07-29T05:40:44.626Z","clusteringKeys":["0a633d9fe80f4a45b6fdf372a649be0c","updateVbIdSellingIdInventorySkipped/1","1564378479"],"changedColumns":["selling_id","fulfillment_node_id","event_type","update_at","stream_sequence_number","event_data"],"record":"{\"selling_id\":\"681642d0ef864ad3b875a72ea8b2e761\",\"fulfillment_node_id\":\"0a633d9fe80f4a45b6fdf372a649be0c\",\"event_type\":\"updateVbIdSellingIdInventorySkipped/1\",\"update_at\":1564378479,\"stream_sequence_number\":43,\"event_data\":\"{\\\"id\\\":\\\"2e2ef43d997145fbb38d88a10349d50f\\\",\\\"vbId\\\":\\\"681642d0ef864ad3b875a72ea8b2e761\\\",\\\"sellingId\\\":\\\"681642d0ef864ad3b875a72ea8b2e761\\\",\\\"merchantId\\\":\\\"e43cf7756d0b4ba8a4e9046774656ce8\\\",\\\"skuId\\\":\\\"681642d0ef864ad3b875a72ea8b2e761\\\",\\\"f\\\":95,\\\"fnId\\\":\\\"0a633d9fe80f4a45b6fdf372a649be0c\\\",\\\"fnType\\\":\\\"wolverine\\\",\\\"by\\\":\\\"Vibranium\\\",\\\"at\\\":\\\"2019-07-29T05:34:39+00:00\\\",\\\"invUssn\\\":54,\\\"isInf\\\":false}\"}"}
{"id":"5A9DB3369D0D4ACBA23B82BF13798A58","table":"killmonger_events_table","keyspace":"msku","timestamp":"2019-07-29T05:40:44.627Z","clusteringKeys":["2378","vbIdSellingIdInventoryUpdated/1","1564378913"],"changedColumns":["selling_id","fulfillment_node_id","event_type","update_at","stream_sequence_number","event_data"],"record":"{\"selling_id\":\"5A9DB3369D0D4ACBA23B82BF13798A58\",\"fulfillment_node_id\":\"2378\",\"event_type\":\"vbIdSellingIdInventoryUpdated/1\",\"update_at\":1564378913,\"stream_sequence_number\":96,\"event_data\":\"{\\\"id\\\":\\\"f320c34b137b46e8aa57d5f0cb11c19f\\\",\\\"vbId\\\":\\\"PantherMigrationVbId\\\",\\\"sellingId\\\":\\\"5A9DB3369D0D4ACBA23B82BF13798A58\\\",\\\"merchantId\\\":\\\"9fc08905039048918982091f266c2a29\\\",\\\"skuId\\\":\\\"PantherMigrationSkuId\\\",\\\"f\\\":0,\\\"fnId\\\":\\\"2378\\\",\\\"by\\\":\\\"Killmonger.Migration.MapInWalmartInvUpdates\\\",\\\"at\\\":\\\"2019-07-29T05:41:53.517+00:00\\\",\\\"invUssn\\\":0,\\\"isInf\\\":false,\\\"ifa\\\":true,\\\"martAvail\\\":[{\\\"martId\\\":\\\"21\\\",\\\"ia\\\":true},{\\\"martId\\\":\\\"0\\\",\\\"ia\\\":true}],\\\"clt\\\":\\\"WoJ\\\"}\"}"}
{"id":"b140bd8e6a4d40838c269b852eab8a69","table":"killmonger_events_table","keyspace":"msku","timestamp":"2019-07-29T05:40:44.628Z","clusteringKeys":["fb72b6f9c1e54625a551711f6ee72714","updateVbIdSellingIdInventorySkipped/1","1564374967"],"changedColumns":["selling_id","fulfillment_node_id","event_type","update_at","stream_sequence_number","event_data"],"record":"{\"selling_id\":\"b140bd8e6a4d40838c269b852eab8a69\",\"fulfillment_node_id\":\"fb72b6f9c1e54625a551711f6ee72714\",\"event_type\":\"updateVbIdSellingIdInventorySkipped/1\",\"update_at\":1564374967,\"stream_sequence_number\":48,\"event_data\":\"{\\\"id\\\":\\\"7221bb23084f46498f0fdfa25c632a8c\\\",\\\"vbId\\\":\\\"b140bd8e6a4d40838c269b852eab8a69\\\",\\\"sellingId\\\":\\\"b140bd8e6a4d40838c269b852eab8a69\\\",\\\"merchantId\\\":\\\"e43cf7756d0b4ba8a4e9046774656ce8\\\",\\\"skuId\\\":\\\"b140bd8e6a4d40838c269b852eab8a69\\\",\\\"f\\\":106,\\\"fnId\\\":\\\"fb72b6f9c1e54625a551711f6ee72714\\\",\\\"fnType\\\":\\\"wolverine\\\",\\\"by\\\":\\\"Vibranium\\\",\\\"at\\\":\\\"2019-07-29T04:36:07+00:00\\\",\\\"invUssn\\\":48,\\\"isInf\\\":false}\"}"}
{"id":"a74bfc54605a48ae9c9d901cdc9c0061","table":"killmonger_events_table","keyspace":"msku","timestamp":"2019-07-29T05:40:44.629Z","clusteringKeys":["0a633d9fe80f4a45b6fdf372a649be0c","vbIdSellingIdInventoryUpdated/1","1564378479"],"changedColumns":["selling_id","fulfillment_node_id","event_type","update_at","stream_sequence_number","event_data"],"record":"{\"selling_id\":\"a74bfc54605a48ae9c9d901cdc9c0061\",\"fulfillment_node_id\":\"0a633d9fe80f4a45b6fdf372a649be0c\",\"event_type\":\"vbIdSellingIdInventoryUpdated/1\",\"update_at\":1564378479,\"stream_sequence_number\":46,\"event_data\":\"{\\\"id\\\":\\\"e0d20fb8cf0f44f19053266c23c93f51\\\",\\\"vbId\\\":\\\"a74bfc54605a48ae9c9d901cdc9c0061\\\",\\\"sellingId\\\":\\\"a74bfc54605a48ae9c9d901cdc9c0061\\\",\\\"merchantId\\\":\\\"e43cf7756d0b4ba8a4e9046774656ce8\\\",\\\"skuId\\\":\\\"a74bfc54605a48ae9c9d901cdc9c0061\\\",\\\"f\\\":98,\\\"fnId\\\":\\\"0a633d9fe80f4a45b6fdf372a649be0c\\\",\\\"fnType\\\":\\\"wolverine\\\",\\\"by\\\":\\\"Vibranium\\\",\\\"at\\\":\\\"2019-07-29T05:34:39+00:00\\\",\\\"invUssn\\\":57,\\\"isInf\\\":false,\\\"ifa\\\":true,\\\"martAvail\\\":[{\\\"martId\\\":\\\"21\\\",\\\"ia\\\":true}],\\\"clt\\\":\\\"JoJ\\\"}\"}"}
{"id":"939db06087af492599631fd3c85518b3","table":"killmonger_events_table","keyspace":"msku","timestamp":"2019-07-29T05:40:44.629Z","clusteringKeys":["0a633d9fe80f4a45b6fdf372a649be0c","vbIdSellingIdInventoryUpdated/1","1564378479"],"changedColumns":["selling_id","fulfillment_node_id","event_type","update_at","stream_sequence_number","event_data"],"record":"{\"selling_id\":\"939db06087af492599631fd3c85518b3\",\"fulfillment_node_id\":\"0a633d9fe80f4a45b6fdf372a649be0c\",\"event_type\":\"vbIdSellingIdInventoryUpdated/1\",\"update_at\":1564378479,\"stream_sequence_number\":43,\"event_data\":\"{\\\"id\\\":\\\"983cc210970b4d768ed97ab6695f36b2\\\",\\\"vbId\\\":\\\"939db06087af492599631fd3c85518b3\\\",\\\"sellingId\\\":\\\"939db06087af492599631fd3c85518b3\\\",\\\"merchantId\\\":\\\"e43cf7756d0b4ba8a4e9046774656ce8\\\",\\\"skuId\\\":\\\"939db06087af492599631fd3c85518b3\\\",\\\"f\\\":123,\\\"fnId\\\":\\\"0a633d9fe80f4a45b6fdf372a649be0c\\\",\\\"fnType\\\":\\\"wolverine\\\",\\\"by\\\":\\\"Vibranium\\\",\\\"at\\\":\\\"2019-07-29T05:34:39+00:00\\\",\\\"invUssn\\\":55,\\\"isInf\\\":false,\\\"ifa\\\":true,\\\"martAvail\\\":[{\\\"martId\\\":\\\"21\\\",\\\"ia\\\":true}],\\\"clt\\\":\\\"JoJ\\\"}\"}"}
{"id":"a74bfc54605a48ae9c9d901cdc9c0061","table":"killmonger_events_table","keyspace":"msku","timestamp":"2019-07-29T05:40:44.629Z","clusteringKeys":["0a633d9fe80f4a45b6fdf372a649be0c","updateVbIdSellingIdInventorySkipped/1","1564378479"],"changedColumns":["selling_id","fulfillment_node_id","event_type","update_at","stream_sequence_number","event_data"],"record":"{\"selling_id\":\"a74bfc54605a48ae9c9d901cdc9c0061\",\"fulfillment_node_id\":\"0a633d9fe80f4a45b6fdf372a649be0c\",\"event_type\":\"updateVbIdSellingIdInventorySkipped/1\",\"update_at\":1564378479,\"stream_sequence_number\":47,\"event_data\":\"{\\\"id\\\":\\\"e0d20fb8cf0f44f19053266c23c93f51\\\",\\\"vbId\\\":\\\"a74bfc54605a48ae9c9d901cdc9c0061\\\",\\\"sellingId\\\":\\\"a74bfc54605a48ae9c9d901cdc9c0061\\\",\\\"merchantId\\\":\\\"e43cf7756d0b4ba8a4e9046774656ce8\\\",\\\"skuId\\\":\\\"a74bfc54605a48ae9c9d901cdc9c0061\\\",\\\"f\\\":98,\\\"fnId\\\":\\\"0a633d9fe80f4a45b6fdf372a649be0c\\\",\\\"fnType\\\":\\\"wolverine\\\",\\\"by\\\":\\\"Vibranium\\\",\\\"at\\\":\\\"2019-07-29T05:34:39+00:00\\\",\\\"invUssn\\\":57,\\\"isInf\\\":false}\"}"}
{"id":"73c92a62fcbe493ca80044ecdc944261","table":"killmonger_events_table","keyspace":"msku","timestamp":"2019-07-29T05:45:03.442Z","clusteringKeys":["fb72b6f9c1e54625a551711f6ee72714","vbIdSellingIdInventoryUpdated/1","1564378075"],"changedColumns":["selling_id","fulfillment_node_id","event_type","update_at","stream_sequence_number","event_data"],"record":"{\"selling_id\":\"73c92a62fcbe493ca80044ecdc944261\",\"fulfillment_node_id\":\"fb72b6f9c1e54625a551711f6ee72714\",\"event_type\":\"vbIdSellingIdInventoryUpdated/1\",\"update_at\":1564378075,\"stream_sequence_number\":41,\"event_data\":\"{\\\"id\\\":\\\"a4b190d8f4f344b9bf2772ba91a619e4\\\",\\\"vbId\\\":\\\"73c92a62fcbe493ca80044ecdc944261\\\",\\\"sellingId\\\":\\\"73c92a62fcbe493ca80044ecdc944261\\\",\\\"merchantId\\\":\\\"e43cf7756d0b4ba8a4e9046774656ce8\\\",\\\"skuId\\\":\\\"73c92a62fcbe493ca80044ecdc944261\\\",\\\"f\\\":95,\\\"fnId\\\":\\\"fb72b6f9c1e54625a551711f6ee72714\\\",\\\"fnType\\\":\\\"wolverine\\\",\\\"by\\\":\\\"Vibranium\\\",\\\"at\\\":\\\"2019-07-29T05:27:55+00:00\\\",\\\"invUssn\\\":52,\\\"isInf\\\":false,\\\"ifa\\\":true,\\\"martAvail\\\":[{\\\"martId\\\":\\\"21\\\",\\\"ia\\\":true}],\\\"clt\\\":\\\"JoJ\\\"}\"}"}
{"id":"eeafa13f60704db48984b293b07fabe4","table":"killmonger_events_table","keyspace":"msku","timestamp":"2019-07-29T05:45:02.389Z","clusteringKeys":["fb72b6f9c1e54625a551711f6ee72714","vbIdSellingIdInventoryUpdated/1","1564378274"],"changedColumns":["selling_id","fulfillment_node_id","event_type","update_at","stream_sequence_number","event_data"],"record":"{\"selling_id\":\"eeafa13f60704db48984b293b07fabe4\",\"fulfillment_node_id\":\"fb72b6f9c1e54625a551711f6ee72714\",\"event_type\":\"vbIdSellingIdInventoryUpdated/1\",\"update_at\":1564378274,\"stream_sequence_number\":50,\"event_data\":\"{\\\"id\\\":\\\"1678b4522d694a85b405e755b26fed96\\\",\\\"vbId\\\":\\\"eeafa13f60704db48984b293b07fabe4\\\",\\\"sellingId\\\":\\\"eeafa13f60704db48984b293b07fabe4\\\",\\\"merchantId\\\":\\\"e43cf7756d0b4ba8a4e9046774656ce8\\\",\\\"skuId\\\":\\\"eeafa13f60704db48984b293b07fabe4\\\",\\\"f\\\":74,\\\"fnId\\\":\\\"fb72b6f9c1e54625a551711f6ee72714\\\",\\\"fnType\\\":\\\"wolverine\\\",\\\"by\\\":\\\"Vibranium\\\",\\\"at\\\":\\\"2019-07-29T05:31:14+00:00\\\",\\\"invUssn\\\":56,\\\"isInf\\\":false,\\\"ifa\\\":true,\\\"martAvail\\\":[{\\\"martId\\\":\\\"21\\\",\\\"ia\\\":true}],\\\"clt\\\":\\\"JoJ\\\"}\"}"}
{"id":"95D3C0E498BE4DFB9AE5CFEDFED7DD15","table":"killmonger_events_table","keyspace":"msku","timestamp":"2019-07-29T05:45:02.391Z","clusteringKeys":["10000013268","vbIdSellingIdInventoryUpdated/1","1564375497"],"changedColumns":["selling_id","fulfillment_node_id","event_type","update_at","stream_sequence_number","event_data"],"record":"{\"selling_id\":\"95D3C0E498BE4DFB9AE5CFEDFED7DD15\",\"fulfillment_node_id\":\"10000013268\",\"event_type\":\"vbIdSellingIdInventoryUpdated/1\",\"update_at\":1564375497,\"stream_sequence_number\":34,\"event_data\":\"{\\\"id\\\":\\\"971719446ad94133aad0d77e1db3d3ed\\\",\\\"vbId\\\":\\\"A_33238282_008_Wit_StolBACKORIMARyFulClrGold Eng_m-12825\\\",\\\"sellingId\\\":\\\"95D3C0E498BE4DFB9AE5CFEDFED7DD15\\\",\\\"merchantId\\\":\\\"12825\\\",\\\"skuId\\\":\\\"A_33238282_008_Wit_StolBACKORIMARyFulClrGold Eng_m\\\",\\\"f\\\":99,\\\"fnId\\\":\\\"10000013268\\\",\\\"fnType\\\":\\\"MARKETPLACE\\\",\\\"by\\\":\\\"Vibranium\\\",\\\"at\\\":\\\"2019-07-29T04:44:57+00:00\\\",\\\"invUssn\\\":37,\\\"catUssn\\\":0,\\\"isInf\\\":false,\\\"ifa\\\":true,\\\"martAvail\\\":[{\\\"martId\\\":\\\"0\\\",\\\"ia\\\":true}],\\\"clt\\\":\\\"WoW\\\"}\"}"}
{"id":"8520fe53d03b455192c16c7d5323aa7e","table":"killmonger_events_table","keyspace":"msku","timestamp":"2019-07-29T05:45:02.391Z","clusteringKeys":["fb72b6f9c1e54625a551711f6ee72714","updateVbIdSellingIdInventorySkipped/1","1564374967"],"changedColumns":["selling_id","fulfillment_node_id","event_type","update_at","stream_sequence_number","event_data"],"record":"{\"selling_id\":\"8520fe53d03b455192c16c7d5323aa7e\",\"fulfillment_node_id\":\"fb72b6f9c1e54625a551711f6ee72714\",\"event_type\":\"updateVbIdSellingIdInventorySkipped/1\",\"update_at\":1564374967,\"stream_sequence_number\":45,\"event_data\":\"{\\\"id\\\":\\\"8f6eebddeab84af199319aeb66d27873\\\",\\\"vbId\\\":\\\"8520fe53d03b455192c16c7d5323aa7e\\\",\\\"sellingId\\\":\\\"8520fe53d03b455192c16c7d5323aa7e\\\",\\\"merchantId\\\":\\\"e43cf7756d0b4ba8a4e9046774656ce8\\\",\\\"skuId\\\":\\\"8520fe53d03b455192c16c7d5323aa7e\\\",\\\"f\\\":118,\\\"fnId\\\":\\\"fb72b6f9c1e54625a551711f6ee72714\\\",\\\"fnType\\\":\\\"wolverine\\\",\\\"by\\\":\\\"Vibranium\\\",\\\"at\\\":\\\"2019-07-29T04:36:07+00:00\\\",\\\"invUssn\\\":48,\\\"isInf\\\":false}\"}"}
{"id":"d4522ce2c00c482188ea342ed7755c53","table":"killmonger_events_table","keyspace":"msku","timestamp":"2019-07-29T05:45:02.397Z","clusteringKeys":["fb72b6f9c1e54625a551711f6ee72714","vbIdSellingIdInventoryUpdated/1","1564375526"],"changedColumns":["selling_id","fulfillment_node_id","event_type","update_at","stream_sequence_number","event_data"],"record":"{\"selling_id\":\"d4522ce2c00c482188ea342ed7755c53\",\"fulfillment_node_id\":\"fb72b6f9c1e54625a551711f6ee72714\",\"event_type\":\"vbIdSellingIdInventoryUpdated/1\",\"update_at\":1564375526,\"stream_sequence_number\":52,\"event_data\":\"{\\\"id\\\":\\\"72e3e03b99594aadbe24eb743786f9ce\\\",\\\"vbId\\\":\\\"d4522ce2c00c482188ea342ed7755c53\\\",\\\"sellingId\\\":\\\"d4522ce2c00c482188ea342ed7755c53\\\",\\\"merchantId\\\":\\\"e43cf7756d0b4ba8a4e9046774656ce8\\\",\\\"skuId\\\":\\\"d4522ce2c00c482188ea342ed7755c53\\\",\\\"f\\\":97,\\\"fnId\\\":\\\"fb72b6f9c1e54625a551711f6ee72714\\\",\\\"fnType\\\":\\\"wolverine\\\",\\\"by\\\":\\\"Vibranium\\\",\\\"at\\\":\\\"2019-07-29T04:45:26+00:00\\\",\\\"invUssn\\\":48,\\\"isInf\\\":false,\\\"ifa\\\":true,\\\"martAvail\\\":[{\\\"martId\\\":\\\"21\\\",\\\"ia\\\":true}],\\\"clt\\\":\\\"JoJ\\\"}\"}"}
{"id":"27474835db754e5eaa899f6667ebda96","table":"killmonger_events_table","keyspace":"msku","timestamp":"2019-07-29T05:45:02.398Z","clusteringKeys":["6ccbd76c487c42e5b65dd274f51b72ea","vbIdSellingIdInventoryUpdated/1","1564378274"],"changedColumns":["selling_id","fulfillment_node_id","event_type","update_at","stream_sequence_number","event_data"],"record":"{\"selling_id\":\"27474835db754e5eaa899f6667ebda96\",\"fulfillment_node_id\":\"6ccbd76c487c42e5b65dd274f51b72ea\",\"event_type\":\"vbIdSellingIdInventoryUpdated/1\",\"update_at\":1564378274,\"stream_sequence_number\":43,\"event_data\":\"{\\\"id\\\":\\\"ece8b1c0549748c5ba93ae7302ba967e\\\",\\\"vbId\\\":\\\"27474835db754e5eaa899f6667ebda96\\\",\\\"sellingId\\\":\\\"27474835db754e5eaa899f6667ebda96\\\",\\\"merchantId\\\":\\\"e43cf7756d0b4ba8a4e9046774656ce8\\\",\\\"skuId\\\":\\\"27474835db754e5eaa899f6667ebda96\\\",\\\"f\\\":78,\\\"fnId\\\":\\\"6ccbd76c487c42e5b65dd274f51b72ea\\\",\\\"fnType\\\":\\\"wolverine\\\",\\\"by\\\":\\\"Vibranium\\\",\\\"at\\\":\\\"2019-07-29T05:31:14+00:00\\\",\\\"invUssn\\\":48,\\\"isInf\\\":false,\\\"ifa\\\":true,\\\"martAvail\\\":[{\\\"martId\\\":\\\"21\\\",\\\"ia\\\":true}],\\\"clt\\\":\\\"JoJ\\\"}\"}"}
{"id":"27474835db754e5eaa899f6667ebda96","table":"killmonger_events_table","keyspace":"msku","timestamp":"2019-07-29T05:45:02.399Z","clusteringKeys":["6ccbd76c487c42e5b65dd274f51b72ea","updateVbIdSellingIdInventorySkipped/1","1564378274"],"changedColumns":["selling_id","fulfillment_node_id","event_type","update_at","stream_sequence_number","event_data"],"record":"{\"selling_id\":\"27474835db754e5eaa899f6667ebda96\",\"fulfillment_node_id\":\"6ccbd76c487c42e5b65dd274f51b72ea\",\"event_type\":\"updateVbIdSellingIdInventorySkipped/1\",\"update_at\":1564378274,\"stream_sequence_number\":44,\"event_data\":\"{\\\"id\\\":\\\"ece8b1c0549748c5ba93ae7302ba967e\\\",\\\"vbId\\\":\\\"27474835db754e5eaa899f6667ebda96\\\",\\\"sellingId\\\":\\\"27474835db754e5eaa899f6667ebda96\\\",\\\"merchantId\\\":\\\"e43cf7756d0b4ba8a4e9046774656ce8\\\",\\\"skuId\\\":\\\"27474835db754e5eaa899f6667ebda96\\\",\\\"f\\\":78,\\\"fnId\\\":\\\"6ccbd76c487c42e5b65dd274f51b72ea\\\",\\\"fnType\\\":\\\"wolverine\\\",\\\"by\\\":\\\"Vibranium\\\",\\\"at\\\":\\\"2019-07-29T05:31:14+00:00\\\",\\\"invUssn\\\":48,\\\"isInf\\\":false}\"}"}
{"id":"76d29ab04afd4aa3a4ff031176e11e57","table":"killmonger_events_table","keyspace":"msku","timestamp":"2019-07-29T05:44:36.969Z","clusteringKeys":["ddb64bc835464ba6bb9569c20b8b13ea","vbIdSellingIdInventoryUpdated/1","1564378361"],"changedColumns":["selling_id","fulfillment_node_id","event_type","update_at","stream_sequence_number","event_data"],"record":"{\"selling_id\":\"76d29ab04afd4aa3a4ff031176e11e57\",\"fulfillment_node_id\":\"ddb64bc835464ba6bb9569c20b8b13ea\",\"event_type\":\"vbIdSellingIdInventoryUpdated/1\",\"update_at\":1564378361,\"stream_sequence_number\":10511,\"event_data\":\"{\\\"id\\\":\\\"2fe69c2e68df4f3fa1574aa3993237f5\\\",\\\"vbId\\\":\\\"76d29ab04afd4aa3a4ff031176e11e57\\\",\\\"sellingId\\\":\\\"76d29ab04afd4aa3a4ff031176e11e57\\\",\\\"merchantId\\\":\\\"e7f92f9294a849a1b5e479e1c997a7f0\\\",\\\"skuId\\\":\\\"76d29ab04afd4aa3a4ff031176e11e57\\\",\\\"f\\\":1,\\\"fnId\\\":\\\"ddb64bc835464ba6bb9569c20b8b13ea\\\",\\\"fnType\\\":\\\"wolverine\\\",\\\"by\\\":\\\"Vibranium\\\",\\\"at\\\":\\\"2019-07-29T05:32:41+00:00\\\",\\\"invUssn\\\":11843,\\\"isInf\\\":false,\\\"ifa\\\":true,\\\"martAvail\\\":[{\\\"martId\\\":\\\"21\\\",\\\"ia\\\":true}],\\\"clt\\\":\\\"JoJ\\\"}\"}"}
{"id":"978e9179536d47629f747675e9bd0919","table":"killmonger_events_table","keyspace":"msku","timestamp":"2019-07-29T05:45:03.452Z","clusteringKeys":["fb72b6f9c1e54625a551711f6ee72714","vbIdSellingIdInventoryUpdated/1","1564376117"],"changedColumns":["selling_id","fulfillment_node_id","event_type","update_at","stream_sequence_number","event_data"],"record":"{\"selling_id\":\"978e9179536d47629f747675e9bd0919\",\"fulfillment_node_id\":\"fb72b6f9c1e54625a551711f6ee72714\",\"event_type\":\"vbIdSellingIdInventoryUpdated/1\",\"update_at\":1564376117,\"stream_sequence_number\":44,\"event_data\":\"{\\\"id\\\":\\\"ae66a8b7e8b049e1b9adf927df79d870\\\",\\\"vbId\\\":\\\"978e9179536d47629f747675e9bd0919\\\",\\\"sellingId\\\":\\\"978e9179536d47629f747675e9bd0919\\\",\\\"merchantId\\\":\\\"e43cf7756d0b4ba8a4e9046774656ce8\\\",\\\"skuId\\\":\\\"978e9179536d47629f747675e9bd0919\\\",\\\"f\\\":94,\\\"fnId\\\":\\\"fb72b6f9c1e54625a551711f6ee72714\\\",\\\"fnType\\\":\\\"wolverine\\\",\\\"by\\\":\\\"Vibranium\\\",\\\"at\\\":\\\"2019-07-29T04:55:17+00:00\\\",\\\"invUssn\\\":49,\\\"isInf\\\":false,\\\"ifa\\\":true,\\\"martAvail\\\":[{\\\"martId\\\":\\\"21\\\",\\\"ia\\\":true}],\\\"clt\\\":\\\"JoJ\\\"}\"}"}
{"id":"3e41ccf4c32f41cb836c36b69fed18d1","table":"killmonger_events_table","keyspace":"msku","timestamp":"2019-07-29T05:45:03.460Z","clusteringKeys":["d907e6dfdf3d411d98e2aeae7e73e1ae","updateVbIdSellingIdInventorySkipped/1","1564377867"],"changedColumns":["selling_id","fulfillment_node_id","event_type","update_at","stream_sequence_number","event_data"],"record":"{\"selling_id\":\"3e41ccf4c32f41cb836c36b69fed18d1\",\"fulfillment_node_id\":\"d907e6dfdf3d411d98e2aeae7e73e1ae\",\"event_type\":\"updateVbIdSellingIdInventorySkipped/1\",\"update_at\":1564377867,\"stream_sequence_number\":231,\"event_data\":\"{\\\"id\\\":\\\"3bff7d1f21c74054b24ef856b389605c\\\",\\\"vbId\\\":\\\"3e41ccf4c32f41cb836c36b69fed18d1\\\",\\\"sellingId\\\":\\\"3e41ccf4c32f41cb836c36b69fed18d1\\\",\\\"merchantId\\\":\\\"bf9078c421e242358ecaf838d145c500\\\",\\\"skuId\\\":\\\"3e41ccf4c32f41cb836c36b69fed18d1\\\",\\\"f\\\":10,\\\"fnId\\\":\\\"d907e6dfdf3d411d98e2aeae7e73e1ae\\\",\\\"fnType\\\":\\\"wolverine\\\",\\\"by\\\":\\\"Vibranium\\\",\\\"at\\\":\\\"2019-07-29T05:24:27+00:00\\\",\\\"invUssn\\\":248,\\\"isInf\\\":false}\"}"}
{"id":"6b93965e40e046f19726dea0ce6ac404","table":"killmonger_events_table","keyspace":"msku","timestamp":"2019-07-29T05:40:44.648Z","clusteringKeys":["fb72b6f9c1e54625a551711f6ee72714","vbIdSellingIdInventoryUpdated/1","1564378075"],"changedColumns":["selling_id","fulfillment_node_id","event_type","update_at","stream_sequence_number","event_data"],"record":"{\"selling_id\":\"6b93965e40e046f19726dea0ce6ac404\",\"fulfillment_node_id\":\"fb72b6f9c1e54625a551711f6ee72714\",\"event_type\":\"vbIdSellingIdInventoryUpdated/1\",\"update_at\":1564378075,\"stream_sequence_number\":37,\"event_data\":\"{\\\"id\\\":\\\"5b57e70f9e5948318d46b721a30031a4\\\",\\\"vbId\\\":\\\"6b93965e40e046f19726dea0ce6ac404\\\",\\\"sellingId\\\":\\\"6b93965e40e046f19726dea0ce6ac404\\\",\\\"merchantId\\\":\\\"e43cf7756d0b4ba8a4e9046774656ce8\\\",\\\"skuId\\\":\\\"6b93965e40e046f19726dea0ce6ac404\\\",\\\"f\\\":143,\\\"fnId\\\":\\\"fb72b6f9c1e54625a551711f6ee72714\\\",\\\"fnType\\\":\\\"wolverine\\\",\\\"by\\\":\\\"Vibranium\\\",\\\"at\\\":\\\"2019-07-29T05:27:55+00:00\\\",\\\"invUssn\\\":48,\\\"isInf\\\":false,\\\"ifa\\\":true,\\\"martAvail\\\":[{\\\"martId\\\":\\\"21\\\",\\\"ia\\\":true}],\\\"clt\\\":\\\"JoJ\\\"}\"}"}
{"id":"C38987761CDA48B49ECF885A2E068A64","table":"killmonger_events_table","keyspace":"msku","timestamp":"2019-07-29T05:40:44.649Z","clusteringKeys":["8089","vbIdSellingIdInventoryUpdated/1","1564378910"],"changedColumns":["selling_id","fulfillment_node_id","event_type","update_at","stream_sequence_number","event_data"],"record":"{\"selling_id\":\"C38987761CDA48B49ECF885A2E068A64\",\"fulfillment_node_id\":\"8089\",\"event_type\":\"vbIdSellingIdInventoryUpdated/1\",\"update_at\":1564378910,\"stream_sequence_number\":136,\"event_data\":\"{\\\"id\\\":\\\"d797cac2c3b14287beded4ef81be95d2\\\",\\\"vbId\\\":\\\"PantherMigrationVbId\\\",\\\"sellingId\\\":\\\"C38987761CDA48B49ECF885A2E068A64\\\",\\\"merchantId\\\":\\\"9fc08905039048918982091f266c2a29\\\",\\\"skuId\\\":\\\"PantherMigrationSkuId\\\",\\\"f\\\":0,\\\"fnId\\\":\\\"8089\\\",\\\"by\\\":\\\"Killmonger.Migration.MapInWalmartInvUpdates\\\",\\\"at\\\":\\\"2019-07-29T05:41:50.326+00:00\\\",\\\"invUssn\\\":0,\\\"isInf\\\":false,\\\"ifa\\\":true,\\\"martAvail\\\":[{\\\"martId\\\":\\\"21\\\",\\\"ia\\\":true},{\\\"martId\\\":\\\"0\\\",\\\"ia\\\":true}],\\\"clt\\\":\\\"WoJ\\\"}\"}"}
{"id":"E10F9446C1724D1F9FF83E99DFCFE23B","table":"killmonger_events_table","keyspace":"msku","timestamp":"2019-07-29T05:45:02.410Z","clusteringKeys":["646851","updateVbIdSellingIdInventorySkipped/1","1564375838"],"changedColumns":["selling_id","fulfillment_node_id","event_type","update_at","stream_sequence_number","event_data"],"record":"{\"selling_id\":\"E10F9446C1724D1F9FF83E99DFCFE23B\",\"fulfillment_node_id\":\"646851\",\"event_type\":\"updateVbIdSellingIdInventorySkipped/1\",\"update_at\":1564375838,\"stream_sequence_number\":1493,\"event_data\":\"{\\\"id\\\":\\\"9069cfe1483a42879f18e8c15830fc73\\\",\\\"vbId\\\":\\\"9CR-BuddhaChill-Mns-Black-M-182\\\",\\\"sellingId\\\":\\\"E10F9446C1724D1F9FF83E99DFCFE23B\\\",\\\"merchantId\\\":\\\"182\\\",\\\"skuId\\\":\\\"9CR-BuddhaChill-Mns-Black-M\\\",\\\"f\\\":5,\\\"fnId\\\":\\\"646851\\\",\\\"fnType\\\":\\\"MARKETPLACE\\\",\\\"by\\\":\\\"Vibranium\\\",\\\"at\\\":\\\"2019-07-29T04:50:38+00:00\\\",\\\"invUssn\\\":882,\\\"catUssn\\\":496,\\\"isInf\\\":false}\"}"}
{"id":"D30980D4055048668B89D5E850E70056","table":"killmonger_events_table","keyspace":"msku","timestamp":"2019-07-29T05:44:36.992Z","clusteringKeys":["10000014589","vbIdSellingIdInventoryUpdated/1","1564378058"],"changedColumns":["selling_id","fulfillment_node_id","event_type","update_at","stream_sequence_number","event_data"],"record":"{\"selling_id\":\"D30980D4055048668B89D5E850E70056\",\"fulfillment_node_id\":\"10000014589\",\"event_type\":\"vbIdSellingIdInventoryUpdated/1\",\"update_at\":1564378058,\"stream_sequence_number\":1293,\"event_data\":\"{\\\"id\\\":\\\"2487d700999d4c569eb64fc3467fb3df\\\",\\\"vbId\\\":\\\"80821-TOYS-E90-3.00-4.0-74-15915\\\",\\\"sellingId\\\":\\\"D30980D4055048668B89D5E850E70056\\\",\\\"merchantId\\\":\\\"15915\\\",\\\"skuId\\\":\\\"80821-TOYS-E90-3.00-4.0-74\\\",\\\"f\\\":45,\\\"fnId\\\":\\\"10000014589\\\",\\\"fnType\\\":\\\"MARKETPLACE\\\",\\\"by\\\":\\\"Vibranium\\\",\\\"at\\\":\\\"2019-07-29T05:27:38+00:00\\\",\\\"invUssn\\\":428,\\\"catUssn\\\":816,\\\"isInf\\\":false,\\\"ifa\\\":true,\\\"martAvail\\\":[{\\\"martId\\\":\\\"0\\\",\\\"ia\\\":true}],\\\"clt\\\":\\\"WoW\\\"}\"}"}
{"id":"6eaa6f7b5552410388ad1267875c12bf","table":"killmonger_events_table","keyspace":"msku","timestamp":"2019-07-29T05:40:44.652Z","clusteringKeys":["fb72b6f9c1e54625a551711f6ee72714","vbIdSellingIdInventoryUpdated/1","1564378274"],"changedColumns":["selling_id","fulfillment_node_id","event_type","update_at","stream_sequence_number","event_data"],"record":"{\"selling_id\":\"6eaa6f7b5552410388ad1267875c12bf\",\"fulfillment_node_id\":\"fb72b6f9c1e54625a551711f6ee72714\",\"event_type\":\"vbIdSellingIdInventoryUpdated/1\",\"update_at\":1564378274,\"stream_sequence_number\":43,\"event_data\":\"{\\\"id\\\":\\\"c2667c89282c49e1a2380a2d498c9a20\\\",\\\"vbId\\\":\\\"6eaa6f7b5552410388ad1267875c12bf\\\",\\\"sellingId\\\":\\\"6eaa6f7b5552410388ad1267875c12bf\\\",\\\"merchantId\\\":\\\"e43cf7756d0b4ba8a4e9046774656ce8\\\",\\\"skuId\\\":\\\"6eaa6f7b5552410388ad1267875c12bf\\\",\\\"f\\\":59,\\\"fnId\\\":\\\"fb72b6f9c1e54625a551711f6ee72714\\\",\\\"fnType\\\":\\\"wolverine\\\",\\\"by\\\":\\\"Vibranium\\\",\\\"at\\\":\\\"2019-07-29T05:31:14+00:00\\\",\\\"invUssn\\\":47,\\\"isInf\\\":false,\\\"ifa\\\":true,\\\"martAvail\\\":[{\\\"martId\\\":\\\"21\\\",\\\"ia\\\":true}],\\\"clt\\\":\\\"JoJ\\\"}\"}"}
{"id":"6eaa6f7b5552410388ad1267875c12bf","table":"killmonger_events_table","keyspace":"msku","timestamp":"2019-07-29T05:40:44.652Z","clusteringKeys":["fb72b6f9c1e54625a551711f6ee72714","updateVbIdSellingIdInventorySkipped/1","1564378274"],"changedColumns":["selling_id","fulfillment_node_id","event_type","update_at","stream_sequence_number","event_data"],"record":"{\"selling_id\":\"6eaa6f7b5552410388ad1267875c12bf\",\"fulfillment_node_id\":\"fb72b6f9c1e54625a551711f6ee72714\",\"event_type\":\"updateVbIdSellingIdInventorySkipped/1\",\"update_at\":1564378274,\"stream_sequence_number\":44,\"event_data\":\"{\\\"id\\\":\\\"c2667c89282c49e1a2380a2d498c9a20\\\",\\\"vbId\\\":\\\"6eaa6f7b5552410388ad1267875c12bf\\\",\\\"sellingId\\\":\\\"6eaa6f7b5552410388ad1267875c12bf\\\",\\\"merchantId\\\":\\\"e43cf7756d0b4ba8a4e9046774656ce8\\\",\\\"skuId\\\":\\\"6eaa6f7b5552410388ad1267875c12bf\\\",\\\"f\\\":59,\\\"fnId\\\":\\\"fb72b6f9c1e54625a551711f6ee72714\\\",\\\"fnType\\\":\\\"wolverine\\\",\\\"by\\\":\\\"Vibranium\\\",\\\"at\\\":\\\"2019-07-29T05:31:14+00:00\\\",\\\"invUssn\\\":47,\\\"isInf\\\":false}\"}"}
{"id":"e457f4be62f94830bcf372cfc96c119a","table":"killmonger_events_table","keyspace":"msku","timestamp":"2019-07-29T05:40:44.652Z","clusteringKeys":["2b8139331b8d4f0cbe92086b7bb94928","vbIdSellingIdInventoryUpdated/1","1564378305"],"changedColumns":["selling_id","fulfillment_node_id","event_type","update_at","stream_sequence_number","event_data"],"record":"{\"selling_id\":\"e457f4be62f94830bcf372cfc96c119a\",\"fulfillment_node_id\":\"2b8139331b8d4f0cbe92086b7bb94928\",\"event_type\":\"vbIdSellingIdInventoryUpdated/1\",\"update_at\":1564378305,\"stream_sequence_number\":335,\"event_data\":\"{\\\"id\\\":\\\"d8dd053846d94d4d82930ac921eef70a\\\",\\\"vbId\\\":\\\"e457f4be62f94830bcf372cfc96c119a\\\",\\\"sellingId\\\":\\\"e457f4be62f94830bcf372cfc96c119a\\\",\\\"merchantId\\\":\\\"cb6c7ae5e97c4fac955c07296ff32dc7\\\",\\\"skuId\\\":\\\"e457f4be62f94830bcf372cfc96c119a\\\",\\\"f\\\":100,\\\"fnId\\\":\\\"2b8139331b8d4f0cbe92086b7bb94928\\\",\\\"fnType\\\":\\\"wolverine\\\",\\\"by\\\":\\\"Vibranium\\\",\\\"at\\\":\\\"2019-07-29T05:31:45+00:00\\\",\\\"invUssn\\\":389,\\\"isInf\\\":false,\\\"ifa\\\":true,\\\"martAvail\\\":[{\\\"martId\\\":\\\"21\\\",\\\"ia\\\":true}],\\\"clt\\\":\\\"JoJ\\\"}\"}"}
{"id":"65098c320f70436087fce0b6eaf49745","table":"killmonger_events_table","keyspace":"msku","timestamp":"2019-07-29T05:40:44.657Z","clusteringKeys":["94a1566655374b93abfa0fa179a5f7e4","updateVbIdSellingIdInventorySkipped/1","1564378211"],"changedColumns":["selling_id","fulfillment_node_id","event_type","update_at","stream_sequence_number","event_data"],"record":"{\"selling_id\":\"65098c320f70436087fce0b6eaf49745\",\"fulfillment_node_id\":\"94a1566655374b93abfa0fa179a5f7e4\",\"event_type\":\"updateVbIdSellingIdInventorySkipped/1\",\"update_at\":1564378211,\"stream_sequence_number\":22,\"event_data\":\"{\\\"id\\\":\\\"9975567f98bc4ef0a1a1ac4e484106fb\\\",\\\"vbId\\\":\\\"65098c320f70436087fce0b6eaf49745\\\",\\\"sellingId\\\":\\\"65098c320f70436087fce0b6eaf49745\\\",\\\"merchantId\\\":\\\"760e7f8a239d4574a7e4c477c87fa0a8\\\",\\\"skuId\\\":\\\"65098c320f70436087fce0b6eaf49745\\\",\\\"f\\\":100,\\\"fnId\\\":\\\"94a1566655374b93abfa0fa179a5f7e4\\\",\\\"fnType\\\":\\\"wolverine\\\",\\\"by\\\":\\\"Vibranium\\\",\\\"at\\\":\\\"2019-07-29T05:30:11+00:00\\\",\\\"invUssn\\\":18,\\\"isInf\\\":false}\"}"}
{"id":"8f0f839413dc46c9872f86abebfc3070","table":"killmonger_events_table","keyspace":"msku","timestamp":"2019-07-29T05:44:37.002Z","clusteringKeys":["d8c82725c2f44901bbee8db463c10582","vbIdSellingIdInventoryUpdated/1","1564378317"],"changedColumns":["selling_id","fulfillment_node_id","event_type","update_at","stream_sequence_number","event_data"],"record":"{\"selling_id\":\"8f0f839413dc46c9872f86abebfc3070\",\"fulfillment_node_id\":\"d8c82725c2f44901bbee8db463c10582\",\"event_type\":\"vbIdSellingIdInventoryUpdated/1\",\"update_at\":1564378317,\"stream_sequence_number\":71,\"event_data\":\"{\\\"id\\\":\\\"27fecd4dd16d488b991b23920b8e8b2b\\\",\\\"vbId\\\":\\\"8f0f839413dc46c9872f86abebfc3070\\\",\\\"sellingId\\\":\\\"8f0f839413dc46c9872f86abebfc3070\\\",\\\"merchantId\\\":\\\"01133ed0b8d64d11b1766d2295fa867b\\\",\\\"skuId\\\":\\\"8f0f839413dc46c9872f86abebfc3070\\\",\\\"f\\\":502,\\\"fnId\\\":\\\"d8c82725c2f44901bbee8db463c10582\\\",\\\"fnType\\\":\\\"wolverine\\\",\\\"by\\\":\\\"Vibranium\\\",\\\"at\\\":\\\"2019-07-29T05:31:57+00:00\\\",\\\"invUssn\\\":53,\\\"isInf\\\":false,\\\"ifa\\\":true,\\\"martAvail\\\":[{\\\"martId\\\":\\\"21\\\",\\\"ia\\\":true}],\\\"clt\\\":\\\"JoJ\\\"}\"}"}
{"id":"aad785befd82426da78f46d9d085896b","table":"killmonger_events_table","keyspace":"msku","timestamp":"2019-07-29T05:40:44.659Z","clusteringKeys":["2b8139331b8d4f0cbe92086b7bb94928","vbIdSellingIdInventoryUpdated/1","1564378182"],"changedColumns":["selling_id","fulfillment_node_id","event_type","update_at","stream_sequence_number","event_data"],"record":"{\"selling_id\":\"aad785befd82426da78f46d9d085896b\",\"fulfillment_node_id\":\"2b8139331b8d4f0cbe92086b7bb94928\",\"event_type\":\"vbIdSellingIdInventoryUpdated/1\",\"update_at\":1564378182,\"stream_sequence_number\":355,\"event_data\":\"{\\\"id\\\":\\\"d4563e60a9ae405ba5a901bd9618d61a\\\",\\\"vbId\\\":\\\"aad785befd82426da78f46d9d085896b\\\",\\\"sellingId\\\":\\\"aad785befd82426da78f46d9d085896b\\\",\\\"merchantId\\\":\\\"cb6c7ae5e97c4fac955c07296ff32dc7\\\",\\\"skuId\\\":\\\"aad785befd82426da78f46d9d085896b\\\",\\\"f\\\":93,\\\"fnId\\\":\\\"2b8139331b8d4f0cbe92086b7bb94928\\\",\\\"fnType\\\":\\\"wolverine\\\",\\\"by\\\":\\\"Vibranium\\\",\\\"at\\\":\\\"2019-07-29T05:29:42+00:00\\\",\\\"invUssn\\\":401,\\\"isInf\\\":false,\\\"ifa\\\":true,\\\"martAvail\\\":[{\\\"martId\\\":\\\"21\\\",\\\"ia\\\":true}],\\\"clt\\\":\\\"JoJ\\\"}\"}"}
{"id":"6B25C1A18489449490CCB5018D72CEB3","table":"killmonger_events_table","keyspace":"msku","timestamp":"2019-07-29T05:40:44.660Z","clusteringKeys":["2738","vbIdSellingIdInventoryUpdated/1","1564378910"],"changedColumns":["selling_id","fulfillment_node_id","event_type","update_at","stream_sequence_number","event_data"],"record":"{\"selling_id\":\"6B25C1A18489449490CCB5018D72CEB3\",\"fulfillment_node_id\":\"2738\",\"event_type\":\"vbIdSellingIdInventoryUpdated/1\",\"update_at\":1564378910,\"stream_sequence_number\":133,\"event_data\":\"{\\\"id\\\":\\\"409f78825cda4131bcf66d5ae24da526\\\",\\\"vbId\\\":\\\"PantherMigrationVbId\\\",\\\"sellingId\\\":\\\"6B25C1A18489449490CCB5018D72CEB3\\\",\\\"merchantId\\\":\\\"9fc08905039048918982091f266c2a29\\\",\\\"skuId\\\":\\\"PantherMigrationSkuId\\\",\\\"f\\\":0,\\\"fnId\\\":\\\"2738\\\",\\\"by\\\":\\\"Killmonger.Migration.MapInWalmartInvUpdates\\\",\\\"at\\\":\\\"2019-07-29T05:41:50.935+00:00\\\",\\\"invUssn\\\":0,\\\"isInf\\\":false,\\\"ifa\\\":true,\\\"martAvail\\\":[{\\\"martId\\\":\\\"21\\\",\\\"ia\\\":true},{\\\"martId\\\":\\\"0\\\",\\\"ia\\\":true}],\\\"clt\\\":\\\"WoJ\\\"}\"}"}
{"id":"6B25C1A18489449490CCB5018D72CEB3","table":"killmonger_events_table","keyspace":"msku","timestamp":"2019-07-29T05:40:44.660Z","clusteringKeys":["2738","vbIdSellingIdInventoryUpdated/1","1564378910"],"changedColumns":["selling_id","fulfillment_node_id","event_type","update_at","stream_sequence_number","event_data"],"record":"{\"selling_id\":\"6B25C1A18489449490CCB5018D72CEB3\",\"fulfillment_node_id\":\"2738\",\"event_type\":\"vbIdSellingIdInventoryUpdated/1\",\"update_at\":1564378910,\"stream_sequence_number\":134,\"event_data\":\"{\\\"id\\\":\\\"409f78825cda4131bcf66d5ae24da526\\\",\\\"vbId\\\":\\\"PantherMigrationVbId\\\",\\\"sellingId\\\":\\\"6B25C1A18489449490CCB5018D72CEB3\\\",\\\"merchantId\\\":\\\"9fc08905039048918982091f266c2a29\\\",\\\"skuId\\\":\\\"PantherMigrationSkuId\\\",\\\"f\\\":0,\\\"fnId\\\":\\\"2738\\\",\\\"by\\\":\\\"Killmonger.Migration.MapInWalmartInvUpdates\\\",\\\"at\\\":\\\"2019-07-29T05:41:50.935+00:00\\\",\\\"invUssn\\\":0,\\\"isInf\\\":false,\\\"ifa\\\":true,\\\"martAvail\\\":[{\\\"martId\\\":\\\"21\\\",\\\"ia\\\":true},{\\\"martId\\\":\\\"0\\\",\\\"ia\\\":true}],\\\"clt\\\":\\\"WoJ\\\"}\"}"}
{"id":"4243D551BAE545808A74C4AE2A1EA2F2","table":"killmonger_events_table","keyspace":"msku","timestamp":"2019-07-29T05:44:37.002Z","clusteringKeys":["8302","vbIdSellingIdInventoryUpdated/1","1564378910"],"changedColumns":["selling_id","fulfillment_node_id","event_type","update_at","stream_sequence_number","event_data"],"record":"{\"selling_id\":\"4243D551BAE545808A74C4AE2A1EA2F2\",\"fulfillment_node_id\":\"8302\",\"event_type\":\"vbIdSellingIdInventoryUpdated/1\",\"update_at\":1564378910,\"stream_sequence_number\":136,\"event_data\":\"{\\\"id\\\":\\\"3a6ef29b75484865b78141015f12d4e2\\\",\\\"vbId\\\":\\\"PantherMigrationVbId\\\",\\\"sellingId\\\":\\\"4243D551BAE545808A74C4AE2A1EA2F2\\\",\\\"merchantId\\\":\\\"9fc08905039048918982091f266c2a29\\\",\\\"skuId\\\":\\\"PantherMigrationSkuId\\\",\\\"f\\\":0,\\\"fnId\\\":\\\"8302\\\",\\\"by\\\":\\\"Killmonger.Migration.MapInWalmartInvUpdates\\\",\\\"at\\\":\\\"2019-07-29T05:41:50.574+00:00\\\",\\\"invUssn\\\":0,\\\"isInf\\\":false,\\\"ifa\\\":true,\\\"martAvail\\\":[{\\\"martId\\\":\\\"21\\\",\\\"ia\\\":true},{\\\"martId\\\":\\\"0\\\",\\\"ia\\\":true}],\\\"clt\\\":\\\"WoJ\\\"}\"}"}
{"id":"6747a9da5fa74979a573f21d749f6e74","table":"killmonger_events_table","keyspace":"msku","timestamp":"2019-07-29T05:45:02.420Z","clusteringKeys":["3cbcc7e28aac4f6fb0a8cde4e85483c0","updateVbIdSellingIdInventorySkipped/1","1564375555"],"changedColumns":["selling_id","fulfillment_node_id","event_type","update_at","stream_sequence_number","event_data"],"record":"{\"selling_id\":\"6747a9da5fa74979a573f21d749f6e74\",\"fulfillment_node_id\":\"3cbcc7e28aac4f6fb0a8cde4e85483c0\",\"event_type\":\"updateVbIdSellingIdInventorySkipped/1\",\"update_at\":1564375555,\"stream_sequence_number\":93,\"event_data\":\"{\\\"id\\\":\\\"76610deefdda42d3b9755a5dff9f8132\\\",\\\"vbId\\\":\\\"6747a9da5fa74979a573f21d749f6e74\\\",\\\"sellingId\\\":\\\"6747a9da5fa74979a573f21d749f6e74\\\",\\\"merchantId\\\":\\\"7eaf70709bf149f890dc3a845871dab4\\\",\\\"skuId\\\":\\\"6747a9da5fa74979a573f21d749f6e74\\\",\\\"f\\\":559,\\\"fnId\\\":\\\"3cbcc7e28aac4f6fb0a8cde4e85483c0\\\",\\\"fnType\\\":\\\"wolverine\\\",\\\"by\\\":\\\"Vibranium\\\",\\\"at\\\":\\\"2019-07-29T04:45:55+00:00\\\",\\\"invUssn\\\":74,\\\"isInf\\\":false}\"}"}
{"id":"463194C198CF44A19142E3EDB631ABC2","table":"killmonger_events_table","keyspace":"msku","timestamp":"2019-07-29T05:44:37.003Z","clusteringKeys":["10000008385","vbIdSellingIdInventoryUpdated/1","1564378299"],"changedColumns":["selling_id","fulfillment_node_id","event_type","update_at","stream_sequence_number","event_data"],"record":"{\"selling_id\":\"463194C198CF44A19142E3EDB631ABC2\",\"fulfillment_node_id\":\"10000008385\",\"event_type\":\"vbIdSellingIdInventoryUpdated/1\",\"update_at\":1564378299,\"stream_sequence_number\":10,\"event_data\":\"{\\\"id\\\":\\\"8df069eb758a4fe5a83fcb6d6a39261b\\\",\\\"vbId\\\":\\\"MT690144Sdt0CP5-8207\\\",\\\"sellingId\\\":\\\"463194C198CF44A19142E3EDB631ABC2\\\",\\\"merchantId\\\":\\\"8207\\\",\\\"skuId\\\":\\\"MT690144Sdt0CP5\\\",\\\"f\\\":1,\\\"fnId\\\":\\\"10000008385\\\",\\\"fnType\\\":\\\"MARKETPLACE\\\",\\\"by\\\":\\\"Vibranium\\\",\\\"at\\\":\\\"2019-07-29T05:31:39+00:00\\\",\\\"invUssn\\\":5,\\\"catUssn\\\":2,\\\"isInf\\\":false,\\\"ifa\\\":true,\\\"martAvail\\\":[{\\\"martId\\\":\\\"0\\\",\\\"ia\\\":true}],\\\"clt\\\":\\\"WoW\\\"}\"}"}
{"id":"ed29749d8bdf4d10ad3064a59a530725","table":"killmonger_events_table","keyspace":"msku","timestamp":"2019-07-29T05:45:03.479Z","clusteringKeys":["fb72b6f9c1e54625a551711f6ee72714","vbIdSellingIdInventoryUpdated/1","1564378274"],"changedColumns":["selling_id","fulfillment_node_id","event_type","update_at","stream_sequence_number","event_data"],"record":"{\"selling_id\":\"ed29749d8bdf4d10ad3064a59a530725\",\"fulfillment_node_id\":\"fb72b6f9c1e54625a551711f6ee72714\",\"event_type\":\"vbIdSellingIdInventoryUpdated/1\",\"update_at\":1564378274,\"stream_sequence_number\":38,\"event_data\":\"{\\\"id\\\":\\\"2b2c1c64435342fd85ced644668d6ff3\\\",\\\"vbId\\\":\\\"ed29749d8bdf4d10ad3064a59a530725\\\",\\\"sellingId\\\":\\\"ed29749d8bdf4d10ad3064a59a530725\\\",\\\"merchantId\\\":\\\"e43cf7756d0b4ba8a4e9046774656ce8\\\",\\\"skuId\\\":\\\"ed29749d8bdf4d10ad3064a59a530725\\\",\\\"f\\\":102,\\\"fnId\\\":\\\"fb72b6f9c1e54625a551711f6ee72714\\\",\\\"fnType\\\":\\\"wolverine\\\",\\\"by\\\":\\\"Vibranium\\\",\\\"at\\\":\\\"2019-07-29T05:31:14+00:00\\\",\\\"invUssn\\\":47,\\\"isInf\\\":false,\\\"ifa\\\":true,\\\"martAvail\\\":[{\\\"martId\\\":\\\"21\\\",\\\"ia\\\":true}],\\\"clt\\\":\\\"JoJ\\\"}\"}"}
{"id":"5A9DB3369D0D4ACBA23B82BF13798A58","table":"killmonger_events_table","keyspace":"msku","timestamp":"2019-07-29T05:44:37.009Z","clusteringKeys":["2381","vbIdSellingIdInventoryUpdated/1","1564378913"],"changedColumns":["selling_id","fulfillment_node_id","event_type","update_at","stream_sequence_number","event_data"],"record":"{\"selling_id\":\"5A9DB3369D0D4ACBA23B82BF13798A58\",\"fulfillment_node_id\":\"2381\",\"event_type\":\"vbIdSellingIdInventoryUpdated/1\",\"update_at\":1564378913,\"stream_sequence_number\":136,\"event_data\":\"{\\\"id\\\":\\\"557f50ce2ef248f5bf1ade689a3ae002\\\",\\\"vbId\\\":\\\"PantherMigrationVbId\\\",\\\"sellingId\\\":\\\"5A9DB3369D0D4ACBA23B82BF13798A58\\\",\\\"merchantId\\\":\\\"9fc08905039048918982091f266c2a29\\\",\\\"skuId\\\":\\\"PantherMigrationSkuId\\\",\\\"f\\\":0,\\\"fnId\\\":\\\"2381\\\",\\\"by\\\":\\\"Killmonger.Migration.MapInWalmartInvUpdates\\\",\\\"at\\\":\\\"2019-07-29T05:41:53.517+00:00\\\",\\\"invUssn\\\":0,\\\"isInf\\\":false,\\\"ifa\\\":true,\\\"martAvail\\\":[{\\\"martId\\\":\\\"21\\\",\\\"ia\\\":true},{\\\"martId\\\":\\\"0\\\",\\\"ia\\\":true}],\\\"clt\\\":\\\"WoJ\\\"}\"}"}
{"id":"973cd06d33ac43d2b1919e1fabf7327a","table":"killmonger_events_table","keyspace":"msku","timestamp":"2019-07-29T05:45:02.424Z","clusteringKeys":["ddb64bc835464ba6bb9569c20b8b13ea","vbIdSellingIdInventoryUpdated/1","1564378361"],"changedColumns":["selling_id","fulfillment_node_id","event_type","update_at","stream_sequence_number","event_data"],"record":"{\"selling_id\":\"973cd06d33ac43d2b1919e1fabf7327a\",\"fulfillment_node_id\":\"ddb64bc835464ba6bb9569c20b8b13ea\",\"event_type\":\"vbIdSellingIdInventoryUpdated/1\",\"update_at\":1564378361,\"stream_sequence_number\":10434,\"event_data\":\"{\\\"id\\\":\\\"9caecdbac4d44c6db38c6acbd3ea0d92\\\",\\\"vbId\\\":\\\"973cd06d33ac43d2b1919e1fabf7327a\\\",\\\"sellingId\\\":\\\"973cd06d33ac43d2b1919e1fabf7327a\\\",\\\"merchantId\\\":\\\"e7f92f9294a849a1b5e479e1c997a7f0\\\",\\\"skuId\\\":\\\"973cd06d33ac43d2b1919e1fabf7327a\\\",\\\"f\\\":73,\\\"fnId\\\":\\\"ddb64bc835464ba6bb9569c20b8b13ea\\\",\\\"fnType\\\":\\\"wolverine\\\",\\\"by\\\":\\\"Vibranium\\\",\\\"at\\\":\\\"2019-07-29T05:32:41+00:00\\\",\\\"invUssn\\\":11483,\\\"isInf\\\":false,\\\"ifa\\\":true,\\\"martAvail\\\":[{\\\"martId\\\":\\\"21\\\",\\\"ia\\\":true}],\\\"clt\\\":\\\"JoJ\\\"}\"}"}
{"id":"63315624bf0c4493b7d1ad4eec287975","table":"killmonger_events_table","keyspace":"msku","timestamp":"2019-07-29T05:40:44.669Z","clusteringKeys":["fb72b6f9c1e54625a551711f6ee72714","updateVbIdSellingIdInventorySkipped/1","1564375160"],"changedColumns":["selling_id","fulfillment_node_id","event_type","update_at","stream_sequence_number","event_data"],"record":"{\"selling_id\":\"63315624bf0c4493b7d1ad4eec287975\",\"fulfillment_node_id\":\"fb72b6f9c1e54625a551711f6ee72714\",\"event_type\":\"updateVbIdSellingIdInventorySkipped/1\",\"update_at\":1564375160,\"stream_sequence_number\":46,\"event_data\":\"{\\\"id\\\":\\\"8e95a4803f3c443fb90daef813830abd\\\",\\\"vbId\\\":\\\"63315624bf0c4493b7d1ad4eec287975\\\",\\\"sellingId\\\":\\\"63315624bf0c4493b7d1ad4eec287975\\\",\\\"merchantId\\\":\\\"e43cf7756d0b4ba8a4e9046774656ce8\\\",\\\"skuId\\\":\\\"63315624bf0c4493b7d1ad4eec287975\\\",\\\"f\\\":138,\\\"fnId\\\":\\\"fb72b6f9c1e54625a551711f6ee72714\\\",\\\"fnType\\\":\\\"wolverine\\\",\\\"by\\\":\\\"Vibranium\\\",\\\"at\\\":\\\"2019-07-29T04:39:20+00:00\\\",\\\"invUssn\\\":48,\\\"isInf\\\":false}\"}"}
{"id":"0A42CAB6F54E428EA6C2446C1ECC058E","table":"killmonger_events_table","keyspace":"msku","timestamp":"2019-07-29T05:40:44.671Z","clusteringKeys":["4916","vbIdSellingIdInventoryUpdated/1","1564378911"],"changedColumns":["selling_id","fulfillment_node_id","event_type","update_at","stream_sequence_number","event_data"],"record":"{\"selling_id\":\"0A42CAB6F54E428EA6C2446C1ECC058E\",\"fulfillment_node_id\":\"4916\",\"event_type\":\"vbIdSellingIdInventoryUpdated/1\",\"update_at\":1564378911,\"stream_sequence_number\":130,\"event_data\":\"{\\\"id\\\":\\\"fb364ff01dc74b9a8ab5f640f42b5a8c\\\",\\\"vbId\\\":\\\"PantherMigrationVbId\\\",\\\"sellingId\\\":\\\"0A42CAB6F54E428EA6C2446C1ECC058E\\\",\\\"merchantId\\\":\\\"9fc08905039048918982091f266c2a29\\\",\\\"skuId\\\":\\\"PantherMigrationSkuId\\\",\\\"f\\\":0,\\\"fnId\\\":\\\"4916\\\",\\\"by\\\":\\\"Killmonger.Migration.MapInWalmartInvUpdates\\\",\\\"at\\\":\\\"2019-07-29T05:41:51.398+00:00\\\",\\\"invUssn\\\":0,\\\"isInf\\\":false,\\\"ifa\\\":true,\\\"martAvail\\\":[{\\\"martId\\\":\\\"21\\\",\\\"ia\\\":true},{\\\"martId\\\":\\\"0\\\",\\\"ia\\\":true}],\\\"clt\\\":\\\"WoJ\\\"}\"}"}
{"id":"ec354a65d5fe472a8a531daa685490e2","table":"killmonger_events_table","keyspace":"msku","timestamp":"2019-07-29T05:45:02.429Z","clusteringKeys":["3cbcc7e28aac4f6fb0a8cde4e85483c0","vbIdSellingIdInventoryUpdated/1","1564378156"],"changedColumns":["selling_id","fulfillment_node_id","event_type","update_at","stream_sequence_number","event_data"],"record":"{\"selling_id\":\"ec354a65d5fe472a8a531daa685490e2\",\"fulfillment_node_id\":\"3cbcc7e28aac4f6fb0a8cde4e85483c0\",\"event_type\":\"vbIdSellingIdInventoryUpdated/1\",\"update_at\":1564378156,\"stream_sequence_number\":103,\"event_data\":\"{\\\"id\\\":\\\"ca30a1f3a8bb493c926428c4704e1f24\\\",\\\"vbId\\\":\\\"ec354a65d5fe472a8a531daa685490e2\\\",\\\"sellingId\\\":\\\"ec354a65d5fe472a8a531daa685490e2\\\",\\\"merchantId\\\":\\\"7eaf70709bf149f890dc3a845871dab4\\\",\\\"skuId\\\":\\\"ec354a65d5fe472a8a531daa685490e2\\\",\\\"f\\\":559,\\\"fnId\\\":\\\"3cbcc7e28aac4f6fb0a8cde4e85483c0\\\",\\\"fnType\\\":\\\"wolverine\\\",\\\"by\\\":\\\"Vibranium\\\",\\\"at\\\":\\\"2019-07-29T05:29:16+00:00\\\",\\\"invUssn\\\":78,\\\"isInf\\\":false,\\\"ifa\\\":true,\\\"martAvail\\\":[{\\\"martId\\\":\\\"21\\\",\\\"ia\\\":true}],\\\"clt\\\":\\\"JoJ\\\"}\"}"}
{"id":"1D13E3AB9335429FAC151935C6833467","table":"killmonger_events_table","keyspace":"msku","timestamp":"2019-07-29T05:40:44.672Z","clusteringKeys":["2750","vbIdSellingIdInventoryUpdated/1","1564378907"],"changedColumns":["selling_id","fulfillment_node_id","event_type","update_at","stream_sequence_number","event_data"],"record":"{\"selling_id\":\"1D13E3AB9335429FAC151935C6833467\",\"fulfillment_node_id\":\"2750\",\"event_type\":\"vbIdSellingIdInventoryUpdated/1\",\"update_at\":1564378907,\"stream_sequence_number\":96,\"event_data\":\"{\\\"id\\\":\\\"db614679ace74f0daa4b15ddea81dabe\\\",\\\"vbId\\\":\\\"PantherMigrationVbId\\\",\\\"sellingId\\\":\\\"1D13E3AB9335429FAC151935C6833467\\\",\\\"merchantId\\\":\\\"9fc08905039048918982091f266c2a29\\\",\\\"skuId\\\":\\\"PantherMigrationSkuId\\\",\\\"f\\\":0,\\\"fnId\\\":\\\"2750\\\",\\\"by\\\":\\\"Killmonger.Migration.MapInWalmartInvUpdates\\\",\\\"at\\\":\\\"2019-07-29T05:41:47.911+00:00\\\",\\\"invUssn\\\":0,\\\"isInf\\\":false,\\\"ifa\\\":true,\\\"martAvail\\\":[{\\\"martId\\\":\\\"21\\\",\\\"ia\\\":true},{\\\"martId\\\":\\\"0\\\",\\\"ia\\\":true}],\\\"clt\\\":\\\"WoJ\\\"}\"}"}
{"id":"1D13E3AB9335429FAC151935C6833467","table":"killmonger_events_table","keyspace":"msku","timestamp":"2019-07-29T05:40:44.672Z","clusteringKeys":["2750","vbIdSellingIdInventoryUpdated/1","1564378907"],"changedColumns":["selling_id","fulfillment_node_id","event_type","update_at","stream_sequence_number","event_data"],"record":"{\"selling_id\":\"1D13E3AB9335429FAC151935C6833467\",\"fulfillment_node_id\":\"2750\",\"event_type\":\"vbIdSellingIdInventoryUpdated/1\",\"update_at\":1564378907,\"stream_sequence_number\":97,\"event_data\":\"{\\\"id\\\":\\\"db614679ace74f0daa4b15ddea81dabe\\\",\\\"vbId\\\":\\\"PantherMigrationVbId\\\",\\\"sellingId\\\":\\\"1D13E3AB9335429FAC151935C6833467\\\",\\\"merchantId\\\":\\\"9fc08905039048918982091f266c2a29\\\",\\\"skuId\\\":\\\"PantherMigrationSkuId\\\",\\\"f\\\":0,\\\"fnId\\\":\\\"2750\\\",\\\"by\\\":\\\"Killmonger.Migration.MapInWalmartInvUpdates\\\",\\\"at\\\":\\\"2019-07-29T05:41:47.911+00:00\\\",\\\"invUssn\\\":0,\\\"isInf\\\":false,\\\"ifa\\\":true,\\\"martAvail\\\":[{\\\"martId\\\":\\\"21\\\",\\\"ia\\\":true},{\\\"martId\\\":\\\"0\\\",\\\"ia\\\":true}],\\\"clt\\\":\\\"WoJ\\\"}\"}"}
{"id":"1D13E3AB9335429FAC151935C6833467","table":"killmonger_events_table","keyspace":"msku","timestamp":"2019-07-29T05:40:44.672Z","clusteringKeys":["2750","vbIdSellingIdInventoryUpdated/1","1564378907"],"changedColumns":["selling_id","fulfillment_node_id","event_type","update_at","stream_sequence_number","event_data"],"record":"{\"selling_id\":\"1D13E3AB9335429FAC151935C6833467\",\"fulfillment_node_id\":\"2750\",\"event_type\":\"vbIdSellingIdInventoryUpdated/1\",\"update_at\":1564378907,\"stream_sequence_number\":98,\"event_data\":\"{\\\"id\\\":\\\"db614679ace74f0daa4b15ddea81dabe\\\",\\\"vbId\\\":\\\"PantherMigrationVbId\\\",\\\"sellingId\\\":\\\"1D13E3AB9335429FAC151935C6833467\\\",\\\"merchantId\\\":\\\"9fc08905039048918982091f266c2a29\\\",\\\"skuId\\\":\\\"PantherMigrationSkuId\\\",\\\"f\\\":0,\\\"fnId\\\":\\\"2750\\\",\\\"by\\\":\\\"Killmonger.Migration.MapInWalmartInvUpdates\\\",\\\"at\\\":\\\"2019-07-29T05:41:47.911+00:00\\\",\\\"invUssn\\\":0,\\\"isInf\\\":false,\\\"ifa\\\":true,\\\"martAvail\\\":[{\\\"martId\\\":\\\"21\\\",\\\"ia\\\":true},{\\\"martId\\\":\\\"0\\\",\\\"ia\\\":true}],\\\"clt\\\":\\\"WoJ\\\"}\"}"}
{"id":"AA5FBB65EA3D40448CDB0E7A991BB216","table":"killmonger_events_table","keyspace":"msku","timestamp":"2019-07-29T05:40:44.673Z","clusteringKeys":["10000001026","vbIdSellingIdInventoryUpdated/1","1564378247"],"changedColumns":["selling_id","fulfillment_node_id","event_type","update_at","stream_sequence_number","event_data"],"record":"{\"selling_id\":\"AA5FBB65EA3D40448CDB0E7A991BB216\",\"fulfillment_node_id\":\"10000001026\",\"event_type\":\"vbIdSellingIdInventoryUpdated/1\",\"update_at\":1564378247,\"stream_sequence_number\":122,\"event_data\":\"{\\\"id\\\":\\\"148a3e08a3904620a1608e1e9aa33df4\\\",\\\"vbId\\\":\\\"MOT-MAX24-73350GY-996\\\",\\\"sellingId\\\":\\\"AA5FBB65EA3D40448CDB0E7A991BB216\\\",\\\"merchantId\\\":\\\"996\\\",\\\"skuId\\\":\\\"MOT-MAX24-73350GY\\\",\\\"f\\\":1,\\\"fnId\\\":\\\"10000001026\\\",\\\"fnType\\\":\\\"MARKETPLACE\\\",\\\"by\\\":\\\"Vibranium\\\",\\\"at\\\":\\\"2019-07-29T05:30:47+00:00\\\",\\\"invUssn\\\":100,\\\"catUssn\\\":1,\\\"isInf\\\":false,\\\"ifa\\\":true,\\\"martAvail\\\":[{\\\"martId\\\":\\\"0\\\",\\\"ia\\\":true}],\\\"clt\\\":\\\"WoW\\\"}\"}"}
{"id":"d2205ab1b69f4419bec9f1e2c24db57c","table":"killmonger_events_table","keyspace":"msku","timestamp":"2019-07-29T05:40:44.674Z","clusteringKeys":["fb72b6f9c1e54625a551711f6ee72714","vbIdSellingIdInventoryUpdated/1","1564375160"],"changedColumns":["selling_id","fulfillment_node_id","event_type","update_at","stream_sequence_number","event_data"],"record":"{\"selling_id\":\"d2205ab1b69f4419bec9f1e2c24db57c\",\"fulfillment_node_id\":\"fb72b6f9c1e54625a551711f6ee72714\",\"event_type\":\"vbIdSellingIdInventoryUpdated/1\",\"update_at\":1564375160,\"stream_sequence_number\":60,\"event_data\":\"{\\\"id\\\":\\\"88b0a60f62524edb9cf16ae9208edbe8\\\",\\\"vbId\\\":\\\"d2205ab1b69f4419bec9f1e2c24db57c\\\",\\\"sellingId\\\":\\\"d2205ab1b69f4419bec9f1e2c24db57c\\\",\\\"merchantId\\\":\\\"e43cf7756d0b4ba8a4e9046774656ce8\\\",\\\"skuId\\\":\\\"d2205ab1b69f4419bec9f1e2c24db57c\\\",\\\"f\\\":84,\\\"fnId\\\":\\\"fb72b6f9c1e54625a551711f6ee72714\\\",\\\"fnType\\\":\\\"wolverine\\\",\\\"by\\\":\\\"Vibranium\\\",\\\"at\\\":\\\"2019-07-29T04:39:20+00:00\\\",\\\"invUssn\\\":48,\\\"isInf\\\":false,\\\"ifa\\\":true,\\\"martAvail\\\":[{\\\"martId\\\":\\\"21\\\",\\\"ia\\\":true}],\\\"clt\\\":\\\"JoJ\\\"}\"}"}
{"id":"63c67b595d9e4bdaa81f5eb24039ecbd","table":"killmonger_events_table","keyspace":"msku","timestamp":"2019-07-29T05:40:44.676Z","clusteringKeys":["f659882a542b4e7e88a3cb659484e1e0","updateVbIdSellingIdInventorySkipped/1","1564378365"],"changedColumns":["selling_id","fulfillment_node_id","event_type","update_at","stream_sequence_number","event_data"],"record":"{\"selling_id\":\"63c67b595d9e4bdaa81f5eb24039ecbd\",\"fulfillment_node_id\":\"f659882a542b4e7e88a3cb659484e1e0\",\"event_type\":\"updateVbIdSellingIdInventorySkipped/1\",\"update_at\":1564378365,\"stream_sequence_number\":21,\"event_data\":\"{\\\"id\\\":\\\"c72e2c4960c64260bc369c5dc917e938\\\",\\\"vbId\\\":\\\"63c67b595d9e4bdaa81f5eb24039ecbd\\\",\\\"sellingId\\\":\\\"63c67b595d9e4bdaa81f5eb24039ecbd\\\",\\\"merchantId\\\":\\\"189988e37579478080938782f0af5b48\\\",\\\"skuId\\\":\\\"63c67b595d9e4bdaa81f5eb24039ecbd\\\",\\\"f\\\":40,\\\"fnId\\\":\\\"f659882a542b4e7e88a3cb659484e1e0\\\",\\\"fnType\\\":\\\"wolverine\\\",\\\"by\\\":\\\"Vibranium\\\",\\\"at\\\":\\\"2019-07-29T05:32:45+00:00\\\",\\\"invUssn\\\":17,\\\"isInf\\\":false}\"}"}
{"id":"63c67b595d9e4bdaa81f5eb24039ecbd","table":"killmonger_events_table","keyspace":"msku","timestamp":"2019-07-29T05:40:44.677Z","clusteringKeys":["f659882a542b4e7e88a3cb659484e1e0","updateVbIdSellingIdInventorySkipped/1","1564378365"],"changedColumns":["selling_id","fulfillment_node_id","event_type","update_at","stream_sequence_number","event_data"],"record":"{\"selling_id\":\"63c67b595d9e4bdaa81f5eb24039ecbd\",\"fulfillment_node_id\":\"f659882a542b4e7e88a3cb659484e1e0\",\"event_type\":\"updateVbIdSellingIdInventorySkipped/1\",\"update_at\":1564378365,\"stream_sequence_number\":22,\"event_data\":\"{\\\"id\\\":\\\"c72e2c4960c64260bc369c5dc917e938\\\",\\\"vbId\\\":\\\"63c67b595d9e4bdaa81f5eb24039ecbd\\\",\\\"sellingId\\\":\\\"63c67b595d9e4bdaa81f5eb24039ecbd\\\",\\\"merchantId\\\":\\\"189988e37579478080938782f0af5b48\\\",\\\"skuId\\\":\\\"63c67b595d9e4bdaa81f5eb24039ecbd\\\",\\\"f\\\":40,\\\"fnId\\\":\\\"f659882a542b4e7e88a3cb659484e1e0\\\",\\\"fnType\\\":\\\"wolverine\\\",\\\"by\\\":\\\"Vibranium\\\",\\\"at\\\":\\\"2019-07-29T05:32:45+00:00\\\",\\\"invUssn\\\":17,\\\"isInf\\\":false}\"}"}
{"id":"F91219D3F02B4BC29D4C429AF7FF0997","table":"killmonger_events_table","keyspace":"msku","timestamp":"2019-07-29T05:45:02.445Z","clusteringKeys":["10000015358","vbIdSellingIdInventoryUpdated/1","1564378248"],"changedColumns":["selling_id","fulfillment_node_id","event_type","update_at","stream_sequence_number","event_data"],"record":"{\"selling_id\":\"F91219D3F02B4BC29D4C429AF7FF0997\",\"fulfillment_node_id\":\"10000015358\",\"event_type\":\"vbIdSellingIdInventoryUpdated/1\",\"update_at\":1564378248,\"stream_sequence_number\":1743,\"event_data\":\"{\\\"id\\\":\\\"838ff24c4feb46cabce191e7e4e96ac4\\\",\\\"vbId\\\":\\\"A16030.0090_2XL-14620\\\",\\\"sellingId\\\":\\\"F91219D3F02B4BC29D4C429AF7FF0997\\\",\\\"merchantId\\\":\\\"14620\\\",\\\"skuId\\\":\\\"A16030.0090_2XL\\\",\\\"f\\\":1,\\\"fnId\\\":\\\"10000015358\\\",\\\"fnType\\\":\\\"MARKETPLACE\\\",\\\"by\\\":\\\"Vibranium\\\",\\\"at\\\":\\\"2019-07-29T05:30:48+00:00\\\",\\\"invUssn\\\":1313,\\\"catUssn\\\":96,\\\"isInf\\\":false,\\\"ifa\\\":true,\\\"martAvail\\\":[{\\\"martId\\\":\\\"0\\\",\\\"ia\\\":true}],\\\"clt\\\":\\\"WoW\\\"}\"}"}
{"id":"F91219D3F02B4BC29D4C429AF7FF0997","table":"killmonger_events_table","keyspace":"msku","timestamp":"2019-07-29T05:45:02.445Z","clusteringKeys":["10000015358","updateVbIdSellingIdInventorySkipped/1","1564378248"],"changedColumns":["selling_id","fulfillment_node_id","event_type","update_at","stream_sequence_number","event_data"],"record":"{\"selling_id\":\"F91219D3F02B4BC29D4C429AF7FF0997\",\"fulfillment_node_id\":\"10000015358\",\"event_type\":\"updateVbIdSellingIdInventorySkipped/1\",\"update_at\":1564378248,\"stream_sequence_number\":1744,\"event_data\":\"{\\\"id\\\":\\\"838ff24c4feb46cabce191e7e4e96ac4\\\",\\\"vbId\\\":\\\"A16030.0090_2XL-14620\\\",\\\"sellingId\\\":\\\"F91219D3F02B4BC29D4C429AF7FF0997\\\",\\\"merchantId\\\":\\\"14620\\\",\\\"skuId\\\":\\\"A16030.0090_2XL\\\",\\\"f\\\":1,\\\"fnId\\\":\\\"10000015358\\\",\\\"fnType\\\":\\\"MARKETPLACE\\\",\\\"by\\\":\\\"Vibranium\\\",\\\"at\\\":\\\"2019-07-29T05:30:48+00:00\\\",\\\"invUssn\\\":1313,\\\"catUssn\\\":96,\\\"isInf\\\":false}\"}"}
{"id":"c2adc4a16b4a48f1909fa360399ba3f1","table":"killmonger_events_table","keyspace":"msku","timestamp":"2019-07-29T05:44:37.027Z","clusteringKeys":["0a633d9fe80f4a45b6fdf372a649be0c","updateVbIdSellingIdInventorySkipped/1","1564378479"],"changedColumns":["selling_id","fulfillment_node_id","event_type","update_at","stream_sequence_number","event_data"],"record":"{\"selling_id\":\"c2adc4a16b4a48f1909fa360399ba3f1\",\"fulfillment_node_id\":\"0a633d9fe80f4a45b6fdf372a649be0c\",\"event_type\":\"updateVbIdSellingIdInventorySkipped/1\",\"update_at\":1564378479,\"stream_sequence_number\":39,\"event_data\":\"{\\\"id\\\":\\\"1d5914c92a8c48bc8ab59d558a4de811\\\",\\\"vbId\\\":\\\"c2adc4a16b4a48f1909fa360399ba3f1\\\",\\\"sellingId\\\":\\\"c2adc4a16b4a48f1909fa360399ba3f1\\\",\\\"merchantId\\\":\\\"e43cf7756d0b4ba8a4e9046774656ce8\\\",\\\"skuId\\\":\\\"c2adc4a16b4a48f1909fa360399ba3f1\\\",\\\"f\\\":66,\\\"fnId\\\":\\\"0a633d9fe80f4a45b6fdf372a649be0c\\\",\\\"fnType\\\":\\\"wolverine\\\",\\\"by\\\":\\\"Vibranium\\\",\\\"at\\\":\\\"2019-07-29T05:34:39+00:00\\\",\\\"invUssn\\\":49,\\\"isInf\\\":false}\"}"}
{"id":"5ee39c6ab90d4737b1e668c466afdb56","table":"killmonger_events_table","keyspace":"msku","timestamp":"2019-07-29T05:44:37.031Z","clusteringKeys":["fb72b6f9c1e54625a551711f6ee72714","vbIdSellingIdInventoryUpdated/1","1564378075"],"changedColumns":["selling_id","fulfillment_node_id","event_type","update_at","stream_sequence_number","event_data"],"record":"{\"selling_id\":\"5ee39c6ab90d4737b1e668c466afdb56\",\"fulfillment_node_id\":\"fb72b6f9c1e54625a551711f6ee72714\",\"event_type\":\"vbIdSellingIdInventoryUpdated/1\",\"update_at\":1564378075,\"stream_sequence_number\":35,\"event_data\":\"{\\\"id\\\":\\\"0442bb17aca041d88e2ad9889575ee0d\\\",\\\"vbId\\\":\\\"5ee39c6ab90d4737b1e668c466afdb56\\\",\\\"sellingId\\\":\\\"5ee39c6ab90d4737b1e668c466afdb56\\\",\\\"merchantId\\\":\\\"e43cf7756d0b4ba8a4e9046774656ce8\\\",\\\"skuId\\\":\\\"5ee39c6ab90d4737b1e668c466afdb56\\\",\\\"f\\\":125,\\\"fnId\\\":\\\"fb72b6f9c1e54625a551711f6ee72714\\\",\\\"fnType\\\":\\\"wolverine\\\",\\\"by\\\":\\\"Vibranium\\\",\\\"at\\\":\\\"2019-07-29T05:27:55+00:00\\\",\\\"invUssn\\\":48,\\\"isInf\\\":false,\\\"ifa\\\":true,\\\"martAvail\\\":[{\\\"martId\\\":\\\"21\\\",\\\"ia\\\":true}],\\\"clt\\\":\\\"JoJ\\\"}\"}"}
{"id":"5ee39c6ab90d4737b1e668c466afdb56","table":"killmonger_events_table","keyspace":"msku","timestamp":"2019-07-29T05:44:37.031Z","clusteringKeys":["fb72b6f9c1e54625a551711f6ee72714","updateVbIdSellingIdInventorySkipped/1","1564378075"],"changedColumns":["selling_id","fulfillment_node_id","event_type","update_at","stream_sequence_number","event_data"],"record":"{\"selling_id\":\"5ee39c6ab90d4737b1e668c466afdb56\",\"fulfillment_node_id\":\"fb72b6f9c1e54625a551711f6ee72714\",\"event_type\":\"updateVbIdSellingIdInventorySkipped/1\",\"update_at\":1564378075,\"stream_sequence_number\":36,\"event_data\":\"{\\\"id\\\":\\\"0442bb17aca041d88e2ad9889575ee0d\\\",\\\"vbId\\\":\\\"5ee39c6ab90d4737b1e668c466afdb56\\\",\\\"sellingId\\\":\\\"5ee39c6ab90d4737b1e668c466afdb56\\\",\\\"merchantId\\\":\\\"e43cf7756d0b4ba8a4e9046774656ce8\\\",\\\"skuId\\\":\\\"5ee39c6ab90d4737b1e668c466afdb56\\\",\\\"f\\\":125,\\\"fnId\\\":\\\"fb72b6f9c1e54625a551711f6ee72714\\\",\\\"fnType\\\":\\\"wolverine\\\",\\\"by\\\":\\\"Vibranium\\\",\\\"at\\\":\\\"2019-07-29T05:27:55+00:00\\\",\\\"invUssn\\\":48,\\\"isInf\\\":false}\"}"}
{"id":"44c7219a51e64c6ab97335c2d091a69f","table":"killmonger_events_table","keyspace":"msku","timestamp":"2019-07-29T05:40:44.695Z","clusteringKeys":["7d029b0996bd4f16bbd74454bab3ab2e","updateVbIdSellingIdInventorySkipped/1","1564378274"],"changedColumns":["selling_id","fulfillment_node_id","event_type","update_at","stream_sequence_number","event_data"],"record":"{\"selling_id\":\"44c7219a51e64c6ab97335c2d091a69f\",\"fulfillment_node_id\":\"7d029b0996bd4f16bbd74454bab3ab2e\",\"event_type\":\"updateVbIdSellingIdInventorySkipped/1\",\"update_at\":1564378274,\"stream_sequence_number\":42,\"event_data\":\"{\\\"id\\\":\\\"87d4395e8ac14b779acf560d9aa19115\\\",\\\"vbId\\\":\\\"44c7219a51e64c6ab97335c2d091a69f\\\",\\\"sellingId\\\":\\\"44c7219a51e64c6ab97335c2d091a69f\\\",\\\"merchantId\\\":\\\"e43cf7756d0b4ba8a4e9046774656ce8\\\",\\\"skuId\\\":\\\"44c7219a51e64c6ab97335c2d091a69f\\\",\\\"f\\\":137,\\\"fnId\\\":\\\"7d029b0996bd4f16bbd74454bab3ab2e\\\",\\\"fnType\\\":\\\"wolverine\\\",\\\"by\\\":\\\"Vibranium\\\",\\\"at\\\":\\\"2019-07-29T05:31:14+00:00\\\",\\\"invUssn\\\":52,\\\"isInf\\\":false}\"}"}
{"id":"1187827d66a84321838ff719308dc973","table":"killmonger_events_table","keyspace":"msku","timestamp":"2019-07-29T05:40:44.695Z","clusteringKeys":["7d029b0996bd4f16bbd74454bab3ab2e","vbIdSellingIdInventoryUpdated/1","1564378274"],"changedColumns":["selling_id","fulfillment_node_id","event_type","update_at","stream_sequence_number","event_data"],"record":"{\"selling_id\":\"1187827d66a84321838ff719308dc973\",\"fulfillment_node_id\":\"7d029b0996bd4f16bbd74454bab3ab2e\",\"event_type\":\"vbIdSellingIdInventoryUpdated/1\",\"update_at\":1564378274,\"stream_sequence_number\":39,\"event_data\":\"{\\\"id\\\":\\\"69f8a3258a0345119a29f0feb0543019\\\",\\\"vbId\\\":\\\"1187827d66a84321838ff719308dc973\\\",\\\"sellingId\\\":\\\"1187827d66a84321838ff719308dc973\\\",\\\"merchantId\\\":\\\"e43cf7756d0b4ba8a4e9046774656ce8\\\",\\\"skuId\\\":\\\"1187827d66a84321838ff719308dc973\\\",\\\"f\\\":72,\\\"fnId\\\":\\\"7d029b0996bd4f16bbd74454bab3ab2e\\\",\\\"fnType\\\":\\\"wolverine\\\",\\\"by\\\":\\\"Vibranium\\\",\\\"at\\\":\\\"2019-07-29T05:31:14+00:00\\\",\\\"invUssn\\\":49,\\\"isInf\\\":false,\\\"ifa\\\":true,\\\"martAvail\\\":[{\\\"martId\\\":\\\"21\\\",\\\"ia\\\":true}],\\\"clt\\\":\\\"JoJ\\\"}\"}"}
{"id":"b7a1cfe755054ce7ba441fbff03b8e8e","table":"killmonger_events_table","keyspace":"msku","timestamp":"2019-07-29T05:45:03.508Z","clusteringKeys":["6ccbd76c487c42e5b65dd274f51b72ea","vbIdSellingIdInventoryUpdated/1","1564378274"],"changedColumns":["selling_id","fulfillment_node_id","event_type","update_at","stream_sequence_number","event_data"],"record":"{\"selling_id\":\"b7a1cfe755054ce7ba441fbff03b8e8e\",\"fulfillment_node_id\":\"6ccbd76c487c42e5b65dd274f51b72ea\",\"event_type\":\"vbIdSellingIdInventoryUpdated/1\",\"update_at\":1564378274,\"stream_sequence_number\":43,\"event_data\":\"{\\\"id\\\":\\\"d52c3d5ae8354933bdf6ba5954c2539b\\\",\\\"vbId\\\":\\\"b7a1cfe755054ce7ba441fbff03b8e8e\\\",\\\"sellingId\\\":\\\"b7a1cfe755054ce7ba441fbff03b8e8e\\\",\\\"merchantId\\\":\\\"e43cf7756d0b4ba8a4e9046774656ce8\\\",\\\"skuId\\\":\\\"b7a1cfe755054ce7ba441fbff03b8e8e\\\",\\\"f\\\":88,\\\"fnId\\\":\\\"6ccbd76c487c42e5b65dd274f51b72ea\\\",\\\"fnType\\\":\\\"wolverine\\\",\\\"by\\\":\\\"Vibranium\\\",\\\"at\\\":\\\"2019-07-29T05:31:14+00:00\\\",\\\"invUssn\\\":47,\\\"isInf\\\":false,\\\"ifa\\\":true,\\\"martAvail\\\":[{\\\"martId\\\":\\\"21\\\",\\\"ia\\\":true}],\\\"clt\\\":\\\"JoJ\\\"}\"}"}
{"id":"b7a1cfe755054ce7ba441fbff03b8e8e","table":"killmonger_events_table","keyspace":"msku","timestamp":"2019-07-29T05:45:03.508Z","clusteringKeys":["6ccbd76c487c42e5b65dd274f51b72ea","updateVbIdSellingIdInventorySkipped/1","1564378274"],"changedColumns":["selling_id","fulfillment_node_id","event_type","update_at","stream_sequence_number","event_data"],"record":"{\"selling_id\":\"b7a1cfe755054ce7ba441fbff03b8e8e\",\"fulfillment_node_id\":\"6ccbd76c487c42e5b65dd274f51b72ea\",\"event_type\":\"updateVbIdSellingIdInventorySkipped/1\",\"update_at\":1564378274,\"stream_sequence_number\":44,\"event_data\":\"{\\\"id\\\":\\\"d52c3d5ae8354933bdf6ba5954c2539b\\\",\\\"vbId\\\":\\\"b7a1cfe755054ce7ba441fbff03b8e8e\\\",\\\"sellingId\\\":\\\"b7a1cfe755054ce7ba441fbff03b8e8e\\\",\\\"merchantId\\\":\\\"e43cf7756d0b4ba8a4e9046774656ce8\\\",\\\"skuId\\\":\\\"b7a1cfe755054ce7ba441fbff03b8e8e\\\",\\\"f\\\":88,\\\"fnId\\\":\\\"6ccbd76c487c42e5b65dd274f51b72ea\\\",\\\"fnType\\\":\\\"wolverine\\\",\\\"by\\\":\\\"Vibranium\\\",\\\"at\\\":\\\"2019-07-29T05:31:14+00:00\\\",\\\"invUssn\\\":47,\\\"isInf\\\":false}\"}"}
{"id":"4f264673f5a04a67aca04e3296213687","table":"killmonger_events_table","keyspace":"msku","timestamp":"2019-07-29T05:45:03.508Z","clusteringKeys":["fb72b6f9c1e54625a551711f6ee72714","vbIdSellingIdInventoryUpdated/1","1564375727"],"changedColumns":["selling_id","fulfillment_node_id","event_type","update_at","stream_sequence_number","event_data"],"record":"{\"selling_id\":\"4f264673f5a04a67aca04e3296213687\",\"fulfillment_node_id\":\"fb72b6f9c1e54625a551711f6ee72714\",\"event_type\":\"vbIdSellingIdInventoryUpdated/1\",\"update_at\":1564375727,\"stream_sequence_number\":43,\"event_data\":\"{\\\"id\\\":\\\"28ccd9586b6c4e5c889e4e1c99ba0a9c\\\",\\\"vbId\\\":\\\"4f264673f5a04a67aca04e3296213687\\\",\\\"sellingId\\\":\\\"4f264673f5a04a67aca04e3296213687\\\",\\\"merchantId\\\":\\\"e43cf7756d0b4ba8a4e9046774656ce8\\\",\\\"skuId\\\":\\\"4f264673f5a04a67aca04e3296213687\\\",\\\"f\\\":144,\\\"fnId\\\":\\\"fb72b6f9c1e54625a551711f6ee72714\\\",\\\"fnType\\\":\\\"wolverine\\\",\\\"by\\\":\\\"Vibranium\\\",\\\"at\\\":\\\"2019-07-29T04:48:47+00:00\\\",\\\"invUssn\\\":51,\\\"isInf\\\":false,\\\"ifa\\\":true,\\\"martAvail\\\":[{\\\"martId\\\":\\\"21\\\",\\\"ia\\\":true}],\\\"clt\\\":\\\"JoJ\\\"}\"}"}
{"id":"b5aedb405b5e4d4b95bfdf566331384d","table":"killmonger_events_table","keyspace":"msku","timestamp":"2019-07-29T05:44:37.032Z","clusteringKeys":["fb72b6f9c1e54625a551711f6ee72714","vbIdSellingIdInventoryUpdated/1","1564375526"],"changedColumns":["selling_id","fulfillment_node_id","event_type","update_at","stream_sequence_number","event_data"],"record":"{\"selling_id\":\"b5aedb405b5e4d4b95bfdf566331384d\",\"fulfillment_node_id\":\"fb72b6f9c1e54625a551711f6ee72714\",\"event_type\":\"vbIdSellingIdInventoryUpdated/1\",\"update_at\":1564375526,\"stream_sequence_number\":37,\"event_data\":\"{\\\"id\\\":\\\"a9ab120dc47c4d3781ac32f0d742069d\\\",\\\"vbId\\\":\\\"b5aedb405b5e4d4b95bfdf566331384d\\\",\\\"sellingId\\\":\\\"b5aedb405b5e4d4b95bfdf566331384d\\\",\\\"merchantId\\\":\\\"e43cf7756d0b4ba8a4e9046774656ce8\\\",\\\"skuId\\\":\\\"b5aedb405b5e4d4b95bfdf566331384d\\\",\\\"f\\\":96,\\\"fnId\\\":\\\"fb72b6f9c1e54625a551711f6ee72714\\\",\\\"fnType\\\":\\\"wolverine\\\",\\\"by\\\":\\\"Vibranium\\\",\\\"at\\\":\\\"2019-07-29T04:45:26+00:00\\\",\\\"invUssn\\\":53,\\\"isInf\\\":false,\\\"ifa\\\":true,\\\"martAvail\\\":[{\\\"martId\\\":\\\"21\\\",\\\"ia\\\":true}],\\\"clt\\\":\\\"JoJ\\\"}\"}"}
{"id":"16cfa045e0684740b4d269f59ce836f3","table":"killmonger_events_table","keyspace":"msku","timestamp":"2019-07-29T05:44:37.048Z","clusteringKeys":["fb72b6f9c1e54625a551711f6ee72714","vbIdSellingIdInventoryUpdated/1","1564378075"],"changedColumns":["selling_id","fulfillment_node_id","event_type","update_at","stream_sequence_number","event_data"],"record":"{\"selling_id\":\"16cfa045e0684740b4d269f59ce836f3\",\"fulfillment_node_id\":\"fb72b6f9c1e54625a551711f6ee72714\",\"event_type\":\"vbIdSellingIdInventoryUpdated/1\",\"update_at\":1564378075,\"stream_sequence_number\":38,\"event_data\":\"{\\\"id\\\":\\\"1daf8a18731a460f8ff4d692fbd8599c\\\",\\\"vbId\\\":\\\"16cfa045e0684740b4d269f59ce836f3\\\",\\\"sellingId\\\":\\\"16cfa045e0684740b4d269f59ce836f3\\\",\\\"merchantId\\\":\\\"e43cf7756d0b4ba8a4e9046774656ce8\\\",\\\"skuId\\\":\\\"16cfa045e0684740b4d269f59ce836f3\\\",\\\"f\\\":120,\\\"fnId\\\":\\\"fb72b6f9c1e54625a551711f6ee72714\\\",\\\"fnType\\\":\\\"wolverine\\\",\\\"by\\\":\\\"Vibranium\\\",\\\"at\\\":\\\"2019-07-29T05:27:55+00:00\\\",\\\"invUssn\\\":48,\\\"isInf\\\":false,\\\"ifa\\\":true,\\\"martAvail\\\":[{\\\"martId\\\":\\\"21\\\",\\\"ia\\\":true}],\\\"clt\\\":\\\"JoJ\\\"}\"}"}
{"id":"16cfa045e0684740b4d269f59ce836f3","table":"killmonger_events_table","keyspace":"msku","timestamp":"2019-07-29T05:44:37.048Z","clusteringKeys":["fb72b6f9c1e54625a551711f6ee72714","updateVbIdSellingIdInventorySkipped/1","1564378075"],"changedColumns":["selling_id","fulfillment_node_id","event_type","update_at","stream_sequence_number","event_data"],"record":"{\"selling_id\":\"16cfa045e0684740b4d269f59ce836f3\",\"fulfillment_node_id\":\"fb72b6f9c1e54625a551711f6ee72714\",\"event_type\":\"updateVbIdSellingIdInventorySkipped/1\",\"update_at\":1564378075,\"stream_sequence_number\":39,\"event_data\":\"{\\\"id\\\":\\\"1daf8a18731a460f8ff4d692fbd8599c\\\",\\\"vbId\\\":\\\"16cfa045e0684740b4d269f59ce836f3\\\",\\\"sellingId\\\":\\\"16cfa045e0684740b4d269f59ce836f3\\\",\\\"merchantId\\\":\\\"e43cf7756d0b4ba8a4e9046774656ce8\\\",\\\"skuId\\\":\\\"16cfa045e0684740b4d269f59ce836f3\\\",\\\"f\\\":120,\\\"fnId\\\":\\\"fb72b6f9c1e54625a551711f6ee72714\\\",\\\"fnType\\\":\\\"wolverine\\\",\\\"by\\\":\\\"Vibranium\\\",\\\"at\\\":\\\"2019-07-29T05:27:55+00:00\\\",\\\"invUssn\\\":48,\\\"isInf\\\":false}\"}"}
{"id":"e21373a9d6164b0797bc2fe7bc30dd2b","table":"killmonger_events_table","keyspace":"msku","timestamp":"2019-07-29T05:40:44.708Z","clusteringKeys":["3cbcc7e28aac4f6fb0a8cde4e85483c0","vbIdSellingIdInventoryUpdated/1","1564378192"],"changedColumns":["selling_id","fulfillment_node_id","event_type","update_at","stream_sequence_number","event_data"],"record":"{\"selling_id\":\"e21373a9d6164b0797bc2fe7bc30dd2b\",\"fulfillment_node_id\":\"3cbcc7e28aac4f6fb0a8cde4e85483c0\",\"event_type\":\"vbIdSellingIdInventoryUpdated/1\",\"update_at\":1564378192,\"stream_sequence_number\":89,\"event_data\":\"{\\\"id\\\":\\\"9f9508598f1342dfa16c9c1d26aa60ca\\\",\\\"vbId\\\":\\\"e21373a9d6164b0797bc2fe7bc30dd2b\\\",\\\"sellingId\\\":\\\"e21373a9d6164b0797bc2fe7bc30dd2b\\\",\\\"merchantId\\\":\\\"7eaf70709bf149f890dc3a845871dab4\\\",\\\"skuId\\\":\\\"e21373a9d6164b0797bc2fe7bc30dd2b\\\",\\\"f\\\":559,\\\"fnId\\\":\\\"3cbcc7e28aac4f6fb0a8cde4e85483c0\\\",\\\"fnType\\\":\\\"wolverine\\\",\\\"by\\\":\\\"Vibranium\\\",\\\"at\\\":\\\"2019-07-29T05:29:52+00:00\\\",\\\"invUssn\\\":78,\\\"isInf\\\":false,\\\"ifa\\\":true,\\\"martAvail\\\":[{\\\"martId\\\":\\\"21\\\",\\\"ia\\\":true}],\\\"clt\\\":\\\"JoJ\\\"}\"}"}
{"id":"E805AF71686A4456A77C664119F596A9","table":"killmonger_events_table","keyspace":"msku","timestamp":"2019-07-29T05:45:03.520Z","clusteringKeys":["77628","vbIdSellingIdInventoryUpdated/1","1564376141"],"changedColumns":["selling_id","fulfillment_node_id","event_type","update_at","stream_sequence_number","event_data"],"record":"{\"selling_id\":\"E805AF71686A4456A77C664119F596A9\",\"fulfillment_node_id\":\"77628\",\"event_type\":\"vbIdSellingIdInventoryUpdated/1\",\"update_at\":1564376141,\"stream_sequence_number\":133,\"event_data\":\"{\\\"id\\\":\\\"ad833042b1954be7913ec0bbc02a2b56\\\",\\\"vbId\\\":\\\"PantherMigrationVbId\\\",\\\"sellingId\\\":\\\"E805AF71686A4456A77C664119F596A9\\\",\\\"merchantId\\\":\\\"9fc08905039048918982091f266c2a29\\\",\\\"skuId\\\":\\\"PantherMigrationSkuId\\\",\\\"f\\\":0,\\\"fnId\\\":\\\"77628\\\",\\\"by\\\":\\\"Killmonger.Migration.MapInWalmartInvUpdates\\\",\\\"at\\\":\\\"2019-07-29T04:55:41.592+00:00\\\",\\\"invUssn\\\":0,\\\"isInf\\\":false,\\\"ifa\\\":true,\\\"martAvail\\\":[{\\\"martId\\\":\\\"21\\\",\\\"ia\\\":true},{\\\"martId\\\":\\\"0\\\",\\\"ia\\\":true}],\\\"clt\\\":\\\"WoJ\\\"}\"}"}
{"id":"15fbc63b797e4ae58abb734b7fec5002","table":"killmonger_events_table","keyspace":"msku","timestamp":"2019-07-29T05:40:44.709Z","clusteringKeys":["fb72b6f9c1e54625a551711f6ee72714","vbIdSellingIdInventoryUpdated/1","1564378274"],"changedColumns":["selling_id","fulfillment_node_id","event_type","update_at","stream_sequence_number","event_data"],"record":"{\"selling_id\":\"15fbc63b797e4ae58abb734b7fec5002\",\"fulfillment_node_id\":\"fb72b6f9c1e54625a551711f6ee72714\",\"event_type\":\"vbIdSellingIdInventoryUpdated/1\",\"update_at\":1564378274,\"stream_sequence_number\":44,\"event_data\":\"{\\\"id\\\":\\\"7689636a249f4f2b928f60ad60b2e34e\\\",\\\"vbId\\\":\\\"15fbc63b797e4ae58abb734b7fec5002\\\",\\\"sellingId\\\":\\\"15fbc63b797e4ae58abb734b7fec5002\\\",\\\"merchantId\\\":\\\"e43cf7756d0b4ba8a4e9046774656ce8\\\",\\\"skuId\\\":\\\"15fbc63b797e4ae58abb734b7fec5002\\\",\\\"f\\\":113,\\\"fnId\\\":\\\"fb72b6f9c1e54625a551711f6ee72714\\\",\\\"fnType\\\":\\\"wolverine\\\",\\\"by\\\":\\\"Vibranium\\\",\\\"at\\\":\\\"2019-07-29T05:31:14+00:00\\\",\\\"invUssn\\\":51,\\\"isInf\\\":false,\\\"ifa\\\":true,\\\"martAvail\\\":[{\\\"martId\\\":\\\"21\\\",\\\"ia\\\":true}],\\\"clt\\\":\\\"JoJ\\\"}\"}"}
{"id":"C38987761CDA48B49ECF885A2E068A64","table":"killmonger_events_table","keyspace":"msku","timestamp":"2019-07-29T05:45:03.521Z","clusteringKeys":["2698","vbIdSellingIdInventoryUpdated/1","1564378910"],"changedColumns":["selling_id","fulfillment_node_id","event_type","update_at","stream_sequence_number","event_data"],"record":"{\"selling_id\":\"C38987761CDA48B49ECF885A2E068A64\",\"fulfillment_node_id\":\"2698\",\"event_type\":\"vbIdSellingIdInventoryUpdated/1\",\"update_at\":1564378910,\"stream_sequence_number\":99,\"event_data\":\"{\\\"id\\\":\\\"b2f9ae1ad79348129bd0a041274a848a\\\",\\\"vbId\\\":\\\"PantherMigrationVbId\\\",\\\"sellingId\\\":\\\"C38987761CDA48B49ECF885A2E068A64\\\",\\\"merchantId\\\":\\\"9fc08905039048918982091f266c2a29\\\",\\\"skuId\\\":\\\"PantherMigrationSkuId\\\",\\\"f\\\":0,\\\"fnId\\\":\\\"2698\\\",\\\"by\\\":\\\"Killmonger.Migration.MapInWalmartInvUpdates\\\",\\\"at\\\":\\\"2019-07-29T05:41:50.326+00:00\\\",\\\"invUssn\\\":0,\\\"isInf\\\":false,\\\"ifa\\\":true,\\\"martAvail\\\":[{\\\"martId\\\":\\\"21\\\",\\\"ia\\\":true},{\\\"martId\\\":\\\"0\\\",\\\"ia\\\":true}],\\\"clt\\\":\\\"WoJ\\\"}\"}"}
{"id":"9e48b6da93f74eaa9705333ff33cea58","table":"killmonger_events_table","keyspace":"msku","timestamp":"2019-07-29T05:45:03.522Z","clusteringKeys":["438c5c29c0414071be7a6e43282c3860","vbIdSellingIdInventoryUpdated/1","1564375118"],"changedColumns":["selling_id","fulfillment_node_id","event_type","update_at","stream_sequence_number","event_data"],"record":"{\"selling_id\":\"9e48b6da93f74eaa9705333ff33cea58\",\"fulfillment_node_id\":\"438c5c29c0414071be7a6e43282c3860\",\"event_type\":\"vbIdSellingIdInventoryUpdated/1\",\"update_at\":1564375118,\"stream_sequence_number\":75,\"event_data\":\"{\\\"id\\\":\\\"ab77c4f094f846468349380bcf8f6387\\\",\\\"vbId\\\":\\\"9e48b6da93f74eaa9705333ff33cea58\\\",\\\"sellingId\\\":\\\"9e48b6da93f74eaa9705333ff33cea58\\\",\\\"merchantId\\\":\\\"408d3deeb64b4ea185fe49d5eb7f4f41\\\",\\\"skuId\\\":\\\"9e48b6da93f74eaa9705333ff33cea58\\\",\\\"f\\\":3,\\\"fnId\\\":\\\"438c5c29c0414071be7a6e43282c3860\\\",\\\"fnType\\\":\\\"wolverine\\\",\\\"by\\\":\\\"Vibranium\\\",\\\"at\\\":\\\"2019-07-29T04:38:38+00:00\\\",\\\"invUssn\\\":62,\\\"isInf\\\":false,\\\"ifa\\\":true,\\\"martAvail\\\":[{\\\"martId\\\":\\\"21\\\",\\\"ia\\\":true}],\\\"clt\\\":\\\"JoJ\\\"}\"}"}
{"id":"05069D681A684A70B15A4B1DABB7E2B6","table":"killmonger_events_table","keyspace":"msku","timestamp":"2019-07-29T05:45:02.466Z","clusteringKeys":["2378","vbIdSellingIdInventoryUpdated/1","1564378913"],"changedColumns":["selling_id","fulfillment_node_id","event_type","update_at","stream_sequence_number","event_data"],"record":"{\"selling_id\":\"05069D681A684A70B15A4B1DABB7E2B6\",\"fulfillment_node_id\":\"2378\",\"event_type\":\"vbIdSellingIdInventoryUpdated/1\",\"update_at\":1564378913,\"stream_sequence_number\":97,\"event_data\":\"{\\\"id\\\":\\\"4816cd5ea0ed4b809efca4b624e2944f\\\",\\\"vbId\\\":\\\"PantherMigrationVbId\\\",\\\"sellingId\\\":\\\"05069D681A684A70B15A4B1DABB7E2B6\\\",\\\"merchantId\\\":\\\"9fc08905039048918982091f266c2a29\\\",\\\"skuId\\\":\\\"PantherMigrationSkuId\\\",\\\"f\\\":0,\\\"fnId\\\":\\\"2378\\\",\\\"by\\\":\\\"Killmonger.Migration.MapInWalmartInvUpdates\\\",\\\"at\\\":\\\"2019-07-29T05:41:53.576+00:00\\\",\\\"invUssn\\\":0,\\\"isInf\\\":false,\\\"ifa\\\":true,\\\"martAvail\\\":[{\\\"martId\\\":\\\"21\\\",\\\"ia\\\":true},{\\\"martId\\\":\\\"0\\\",\\\"ia\\\":true}],\\\"clt\\\":\\\"WoJ\\\"}\"}"}
{"id":"2bfc3946aa9446d4bbe52a5122130be0","table":"killmonger_events_table","keyspace":"msku","timestamp":"2019-07-29T05:40:44.709Z","clusteringKeys":["fb72b6f9c1e54625a551711f6ee72714","vbIdSellingIdInventoryUpdated/1","1564378274"],"changedColumns":["selling_id","fulfillment_node_id","event_type","update_at","stream_sequence_number","event_data"],"record":"{\"selling_id\":\"2bfc3946aa9446d4bbe52a5122130be0\",\"fulfillment_node_id\":\"fb72b6f9c1e54625a551711f6ee72714\",\"event_type\":\"vbIdSellingIdInventoryUpdated/1\",\"update_at\":1564378274,\"stream_sequence_number\":47,\"event_data\":\"{\\\"id\\\":\\\"47e843abfead4f9d8176d25825c43326\\\",\\\"vbId\\\":\\\"2bfc3946aa9446d4bbe52a5122130be0\\\",\\\"sellingId\\\":\\\"2bfc3946aa9446d4bbe52a5122130be0\\\",\\\"merchantId\\\":\\\"e43cf7756d0b4ba8a4e9046774656ce8\\\",\\\"skuId\\\":\\\"2bfc3946aa9446d4bbe52a5122130be0\\\",\\\"f\\\":90,\\\"fnId\\\":\\\"fb72b6f9c1e54625a551711f6ee72714\\\",\\\"fnType\\\":\\\"wolverine\\\",\\\"by\\\":\\\"Vibranium\\\",\\\"at\\\":\\\"2019-07-29T05:31:14+00:00\\\",\\\"invUssn\\\":51,\\\"isInf\\\":false,\\\"ifa\\\":true,\\\"martAvail\\\":[{\\\"martId\\\":\\\"21\\\",\\\"ia\\\":true}],\\\"clt\\\":\\\"JoJ\\\"}\"}"}
{"id":"cceda56182484417a828f2bd8336d8f5","table":"killmonger_events_table","keyspace":"msku","timestamp":"2019-07-29T05:45:03.526Z","clusteringKeys":["fb72b6f9c1e54625a551711f6ee72714","updateVbIdSellingIdInventorySkipped/1","1564378274"],"changedColumns":["selling_id","fulfillment_node_id","event_type","update_at","stream_sequence_number","event_data"],"record":"{\"selling_id\":\"cceda56182484417a828f2bd8336d8f5\",\"fulfillment_node_id\":\"fb72b6f9c1e54625a551711f6ee72714\",\"event_type\":\"updateVbIdSellingIdInventorySkipped/1\",\"update_at\":1564378274,\"stream_sequence_number\":39,\"event_data\":\"{\\\"id\\\":\\\"82b2da1f07c4448db9b2f4d5e97df9de\\\",\\\"vbId\\\":\\\"cceda56182484417a828f2bd8336d8f5\\\",\\\"sellingId\\\":\\\"cceda56182484417a828f2bd8336d8f5\\\",\\\"merchantId\\\":\\\"e43cf7756d0b4ba8a4e9046774656ce8\\\",\\\"skuId\\\":\\\"cceda56182484417a828f2bd8336d8f5\\\",\\\"f\\\":124,\\\"fnId\\\":\\\"fb72b6f9c1e54625a551711f6ee72714\\\",\\\"fnType\\\":\\\"wolverine\\\",\\\"by\\\":\\\"Vibranium\\\",\\\"at\\\":\\\"2019-07-29T05:31:14+00:00\\\",\\\"invUssn\\\":48,\\\"isInf\\\":false}\"}"}
{"id":"5a1a8a92e64f469abf547db12a4bb50a","table":"killmonger_events_table","keyspace":"msku","timestamp":"2019-07-29T05:45:03.526Z","clusteringKeys":["fb72b6f9c1e54625a551711f6ee72714","updateVbIdSellingIdInventorySkipped/1","1564375526"],"changedColumns":["selling_id","fulfillment_node_id","event_type","update_at","stream_sequence_number","event_data"],"record":"{\"selling_id\":\"5a1a8a92e64f469abf547db12a4bb50a\",\"fulfillment_node_id\":\"fb72b6f9c1e54625a551711f6ee72714\",\"event_type\":\"updateVbIdSellingIdInventorySkipped/1\",\"update_at\":1564375526,\"stream_sequence_number\":51,\"event_data\":\"{\\\"id\\\":\\\"e7d9843d4a3e42cc9e2d3a4fa59bcc42\\\",\\\"vbId\\\":\\\"5a1a8a92e64f469abf547db12a4bb50a\\\",\\\"sellingId\\\":\\\"5a1a8a92e64f469abf547db12a4bb50a\\\",\\\"merchantId\\\":\\\"e43cf7756d0b4ba8a4e9046774656ce8\\\",\\\"skuId\\\":\\\"5a1a8a92e64f469abf547db12a4bb50a\\\",\\\"f\\\":65,\\\"fnId\\\":\\\"fb72b6f9c1e54625a551711f6ee72714\\\",\\\"fnType\\\":\\\"wolverine\\\",\\\"by\\\":\\\"Vibranium\\\",\\\"at\\\":\\\"2019-07-29T04:45:26+00:00\\\",\\\"invUssn\\\":49,\\\"isInf\\\":false}\"}"}
{"id":"93744CBC98A04DA29984BD34569CAFEB","table":"killmonger_events_table","keyspace":"msku","timestamp":"2019-07-29T05:45:03.528Z","clusteringKeys":["2750","vbIdSellingIdInventoryUpdated/1","1564378911"],"changedColumns":["selling_id","fulfillment_node_id","event_type","update_at","stream_sequence_number","event_data"],"record":"{\"selling_id\":\"93744CBC98A04DA29984BD34569CAFEB\",\"fulfillment_node_id\":\"2750\",\"event_type\":\"vbIdSellingIdInventoryUpdated/1\",\"update_at\":1564378911,\"stream_sequence_number\":94,\"event_data\":\"{\\\"id\\\":\\\"fc366f3e86c24c7793d0135d4f3f1e12\\\",\\\"vbId\\\":\\\"PantherMigrationVbId\\\",\\\"sellingId\\\":\\\"93744CBC98A04DA29984BD34569CAFEB\\\",\\\"merchantId\\\":\\\"9fc08905039048918982091f266c2a29\\\",\\\"skuId\\\":\\\"PantherMigrationSkuId\\\",\\\"f\\\":0,\\\"fnId\\\":\\\"2750\\\",\\\"by\\\":\\\"Killmonger.Migration.MapInWalmartInvUpdates\\\",\\\"at\\\":\\\"2019-07-29T05:41:51.214+00:00\\\",\\\"invUssn\\\":0,\\\"isInf\\\":false,\\\"ifa\\\":true,\\\"martAvail\\\":[{\\\"martId\\\":\\\"21\\\",\\\"ia\\\":true},{\\\"martId\\\":\\\"0\\\",\\\"ia\\\":true}],\\\"clt\\\":\\\"WoJ\\\"}\"}"}
{"id":"FED5A6306FC64DFCB7D83C9C0969A0C5","table":"killmonger_events_table","keyspace":"msku","timestamp":"2019-07-29T05:45:02.485Z","clusteringKeys":["2623","vbIdSellingIdInventoryUpdated/1","1564378912"],"changedColumns":["selling_id","fulfillment_node_id","event_type","update_at","stream_sequence_number","event_data"],"record":"{\"selling_id\":\"FED5A6306FC64DFCB7D83C9C0969A0C5\",\"fulfillment_node_id\":\"2623\",\"event_type\":\"vbIdSellingIdInventoryUpdated/1\",\"update_at\":1564378912,\"stream_sequence_number\":136,\"event_data\":\"{\\\"id\\\":\\\"1bb3eeb225e348b6a4ecef329fb871bc\\\",\\\"vbId\\\":\\\"PantherMigrationVbId\\\",\\\"sellingId\\\":\\\"FED5A6306FC64DFCB7D83C9C0969A0C5\\\",\\\"merchantId\\\":\\\"9fc08905039048918982091f266c2a29\\\",\\\"skuId\\\":\\\"PantherMigrationSkuId\\\",\\\"f\\\":0,\\\"fnId\\\":\\\"2623\\\",\\\"by\\\":\\\"Killmonger.Migration.MapInWalmartInvUpdates\\\",\\\"at\\\":\\\"2019-07-29T05:41:52.571+00:00\\\",\\\"invUssn\\\":0,\\\"isInf\\\":false,\\\"ifa\\\":true,\\\"martAvail\\\":[{\\\"martId\\\":\\\"21\\\",\\\"ia\\\":true},{\\\"martId\\\":\\\"0\\\",\\\"ia\\\":true}],\\\"clt\\\":\\\"WoJ\\\"}\"}"}
{"id":"B5913182D06A43F4A97E3539EAC36914","table":"killmonger_events_table","keyspace":"msku","timestamp":"2019-07-29T05:45:02.485Z","clusteringKeys":["2379","vbIdSellingIdInventoryUpdated/1","1564378913"],"changedColumns":["selling_id","fulfillment_node_id","event_type","update_at","stream_sequence_number","event_data"],"record":"{\"selling_id\":\"B5913182D06A43F4A97E3539EAC36914\",\"fulfillment_node_id\":\"2379\",\"event_type\":\"vbIdSellingIdInventoryUpdated/1\",\"update_at\":1564378913,\"stream_sequence_number\":126,\"event_data\":\"{\\\"id\\\":\\\"0ea6d529b57840008744b96e2eb1a7b2\\\",\\\"vbId\\\":\\\"PantherMigrationVbId\\\",\\\"sellingId\\\":\\\"B5913182D06A43F4A97E3539EAC36914\\\",\\\"merchantId\\\":\\\"9fc08905039048918982091f266c2a29\\\",\\\"skuId\\\":\\\"PantherMigrationSkuId\\\",\\\"f\\\":0,\\\"fnId\\\":\\\"2379\\\",\\\"by\\\":\\\"Killmonger.Migration.MapInWalmartInvUpdates\\\",\\\"at\\\":\\\"2019-07-29T05:41:53.662+00:00\\\",\\\"invUssn\\\":0,\\\"isInf\\\":false,\\\"ifa\\\":true,\\\"martAvail\\\":[{\\\"martId\\\":\\\"21\\\",\\\"ia\\\":true},{\\\"martId\\\":\\\"0\\\",\\\"ia\\\":true}],\\\"clt\\\":\\\"WoJ\\\"}\"}"}
{"id":"B5913182D06A43F4A97E3539EAC36914","table":"killmonger_events_table","keyspace":"msku","timestamp":"2019-07-29T05:45:02.485Z","clusteringKeys":["2379","vbIdSellingIdInventoryUpdated/1","1564378913"],"changedColumns":["selling_id","fulfillment_node_id","event_type","update_at","stream_sequence_number","event_data"],"record":"{\"selling_id\":\"B5913182D06A43F4A97E3539EAC36914\",\"fulfillment_node_id\":\"2379\",\"event_type\":\"vbIdSellingIdInventoryUpdated/1\",\"update_at\":1564378913,\"stream_sequence_number\":127,\"event_data\":\"{\\\"id\\\":\\\"0ea6d529b57840008744b96e2eb1a7b2\\\",\\\"vbId\\\":\\\"PantherMigrationVbId\\\",\\\"sellingId\\\":\\\"B5913182D06A43F4A97E3539EAC36914\\\",\\\"merchantId\\\":\\\"9fc08905039048918982091f266c2a29\\\",\\\"skuId\\\":\\\"PantherMigrationSkuId\\\",\\\"f\\\":0,\\\"fnId\\\":\\\"2379\\\",\\\"by\\\":\\\"Killmonger.Migration.MapInWalmartInvUpdates\\\",\\\"at\\\":\\\"2019-07-29T05:41:53.662+00:00\\\",\\\"invUssn\\\":0,\\\"isInf\\\":false,\\\"ifa\\\":true,\\\"martAvail\\\":[{\\\"martId\\\":\\\"21\\\",\\\"ia\\\":true},{\\\"martId\\\":\\\"0\\\",\\\"ia\\\":true}],\\\"clt\\\":\\\"WoJ\\\"}\"}"}
{"id":"1E104FC81F1F4935AC7A7161B641F358","table":"killmonger_events_table","keyspace":"msku","timestamp":"2019-07-29T05:40:44.724Z","clusteringKeys":["10000018499","updateVbIdSellingIdInventorySkipped/1","1564375238"],"changedColumns":["selling_id","fulfillment_node_id","event_type","update_at","stream_sequence_number","event_data"],"record":"{\"selling_id\":\"1E104FC81F1F4935AC7A7161B641F358\",\"fulfillment_node_id\":\"10000018499\",\"event_type\":\"updateVbIdSellingIdInventorySkipped/1\",\"update_at\":1564375238,\"stream_sequence_number\":1675,\"event_data\":\"{\\\"id\\\":\\\"7e6c43ebf6574ba5ad319369c3d4909a\\\",\\\"vbId\\\":\\\"1085694-17585\\\",\\\"sellingId\\\":\\\"1E104FC81F1F4935AC7A7161B641F358\\\",\\\"merchantId\\\":\\\"17585\\\",\\\"skuId\\\":\\\"1085694\\\",\\\"f\\\":8,\\\"fnId\\\":\\\"10000018499\\\",\\\"fnType\\\":\\\"MARKETPLACE\\\",\\\"by\\\":\\\"Vibranium\\\",\\\"at\\\":\\\"2019-07-29T04:40:38+00:00\\\",\\\"invUssn\\\":1441,\\\"catUssn\\\":1,\\\"isInf\\\":false}\"}"}
{"id":"1E104FC81F1F4935AC7A7161B641F358","table":"killmonger_events_table","keyspace":"msku","timestamp":"2019-07-29T05:40:44.724Z","clusteringKeys":["10000018499","updateVbIdSellingIdInventorySkipped/1","1564375238"],"changedColumns":["selling_id","fulfillment_node_id","event_type","update_at","stream_sequence_number","event_data"],"record":"{\"selling_id\":\"1E104FC81F1F4935AC7A7161B641F358\",\"fulfillment_node_id\":\"10000018499\",\"event_type\":\"updateVbIdSellingIdInventorySkipped/1\",\"update_at\":1564375238,\"stream_sequence_number\":1676,\"event_data\":\"{\\\"id\\\":\\\"5772df1f02614f30bb26df9791bce78e\\\",\\\"vbId\\\":\\\"1085694-17585\\\",\\\"sellingId\\\":\\\"1E104FC81F1F4935AC7A7161B641F358\\\",\\\"merchantId\\\":\\\"17585\\\",\\\"skuId\\\":\\\"1085694\\\",\\\"f\\\":8,\\\"fnId\\\":\\\"10000018499\\\",\\\"fnType\\\":\\\"MARKETPLACE\\\",\\\"by\\\":\\\"Vibranium\\\",\\\"at\\\":\\\"2019-07-29T04:40:38+00:00\\\",\\\"invUssn\\\":1441,\\\"catUssn\\\":1,\\\"isInf\\\":false}\"}"}
{"id":"89862fc1b7c24596a5d0de8f3945af16","table":"killmonger_events_table","keyspace":"msku","timestamp":"2019-07-29T05:45:03.541Z","clusteringKeys":["fb72b6f9c1e54625a551711f6ee72714","updateVbIdSellingIdInventorySkipped/1","1564375526"],"changedColumns":["selling_id","fulfillment_node_id","event_type","update_at","stream_sequence_number","event_data"],"record":"{\"selling_id\":\"89862fc1b7c24596a5d0de8f3945af16\",\"fulfillment_node_id\":\"fb72b6f9c1e54625a551711f6ee72714\",\"event_type\":\"updateVbIdSellingIdInventorySkipped/1\",\"update_at\":1564375526,\"stream_sequence_number\":42,\"event_data\":\"{\\\"id\\\":\\\"c2c5a698dd8a46b68a83af30297ede84\\\",\\\"vbId\\\":\\\"89862fc1b7c24596a5d0de8f3945af16\\\",\\\"sellingId\\\":\\\"89862fc1b7c24596a5d0de8f3945af16\\\",\\\"merchantId\\\":\\\"e43cf7756d0b4ba8a4e9046774656ce8\\\",\\\"skuId\\\":\\\"89862fc1b7c24596a5d0de8f3945af16\\\",\\\"f\\\":62,\\\"fnId\\\":\\\"fb72b6f9c1e54625a551711f6ee72714\\\",\\\"fnType\\\":\\\"wolverine\\\",\\\"by\\\":\\\"Vibranium\\\",\\\"at\\\":\\\"2019-07-29T04:45:26+00:00\\\",\\\"invUssn\\\":49,\\\"isInf\\\":false}\"}"}
{"id":"89862fc1b7c24596a5d0de8f3945af16","table":"killmonger_events_table","keyspace":"msku","timestamp":"2019-07-29T05:45:03.542Z","clusteringKeys":["fb72b6f9c1e54625a551711f6ee72714","updateVbIdSellingIdInventorySkipped/1","1564375526"],"changedColumns":["selling_id","fulfillment_node_id","event_type","update_at","stream_sequence_number","event_data"],"record":"{\"selling_id\":\"89862fc1b7c24596a5d0de8f3945af16\",\"fulfillment_node_id\":\"fb72b6f9c1e54625a551711f6ee72714\",\"event_type\":\"updateVbIdSellingIdInventorySkipped/1\",\"update_at\":1564375526,\"stream_sequence_number\":43,\"event_data\":\"{\\\"id\\\":\\\"de14073f3712460b9d92bad33866ff69\\\",\\\"vbId\\\":\\\"89862fc1b7c24596a5d0de8f3945af16\\\",\\\"sellingId\\\":\\\"89862fc1b7c24596a5d0de8f3945af16\\\",\\\"merchantId\\\":\\\"e43cf7756d0b4ba8a4e9046774656ce8\\\",\\\"skuId\\\":\\\"89862fc1b7c24596a5d0de8f3945af16\\\",\\\"f\\\":62,\\\"fnId\\\":\\\"fb72b6f9c1e54625a551711f6ee72714\\\",\\\"fnType\\\":\\\"wolverine\\\",\\\"by\\\":\\\"Vibranium\\\",\\\"at\\\":\\\"2019-07-29T04:45:26+00:00\\\",\\\"invUssn\\\":49,\\\"isInf\\\":false}\"}"}
{"id":"e01e41edb44c4d26aacf81cafae70c93","table":"killmonger_events_table","keyspace":"msku","timestamp":"2019-07-29T05:45:03.542Z","clusteringKeys":["3cbcc7e28aac4f6fb0a8cde4e85483c0","vbIdSellingIdInventoryUpdated/1","1564375624"],"changedColumns":["selling_id","fulfillment_node_id","event_type","update_at","stream_sequence_number","event_data"],"record":"{\"selling_id\":\"e01e41edb44c4d26aacf81cafae70c93\",\"fulfillment_node_id\":\"3cbcc7e28aac4f6fb0a8cde4e85483c0\",\"event_type\":\"vbIdSellingIdInventoryUpdated/1\",\"update_at\":1564375624,\"stream_sequence_number\":94,\"event_data\":\"{\\\"id\\\":\\\"bdaa7f2f2f2d46989e2356de46f10e66\\\",\\\"vbId\\\":\\\"e01e41edb44c4d26aacf81cafae70c93\\\",\\\"sellingId\\\":\\\"e01e41edb44c4d26aacf81cafae70c93\\\",\\\"merchantId\\\":\\\"7eaf70709bf149f890dc3a845871dab4\\\",\\\"skuId\\\":\\\"e01e41edb44c4d26aacf81cafae70c93\\\",\\\"f\\\":559,\\\"fnId\\\":\\\"3cbcc7e28aac4f6fb0a8cde4e85483c0\\\",\\\"fnType\\\":\\\"wolverine\\\",\\\"by\\\":\\\"Vibranium\\\",\\\"at\\\":\\\"2019-07-29T04:47:04+00:00\\\",\\\"invUssn\\\":74,\\\"isInf\\\":false,\\\"ifa\\\":true,\\\"martAvail\\\":[{\\\"martId\\\":\\\"21\\\",\\\"ia\\\":true}],\\\"clt\\\":\\\"JoJ\\\"}\"}"}
{"id":"370CA37E63CD492B8869D8DCAD9A6358","table":"killmonger_events_table","keyspace":"msku","timestamp":"2019-07-29T05:40:44.736Z","clusteringKeys":["4916","vbIdSellingIdInventoryUpdated/1","1564375774"],"changedColumns":["selling_id","fulfillment_node_id","event_type","update_at","stream_sequence_number","event_data"],"record":"{\"selling_id\":\"370CA37E63CD492B8869D8DCAD9A6358\",\"fulfillment_node_id\":\"4916\",\"event_type\":\"vbIdSellingIdInventoryUpdated/1\",\"update_at\":1564375774,\"stream_sequence_number\":138,\"event_data\":\"{\\\"id\\\":\\\"12d52e3c9528489a9dbb5e1c8f2ff843\\\",\\\"vbId\\\":\\\"PantherMigrationVbId\\\",\\\"sellingId\\\":\\\"370CA37E63CD492B8869D8DCAD9A6358\\\",\\\"merchantId\\\":\\\"9fc08905039048918982091f266c2a29\\\",\\\"skuId\\\":\\\"PantherMigrationSkuId\\\",\\\"f\\\":0,\\\"fnId\\\":\\\"4916\\\",\\\"by\\\":\\\"Killmonger.Migration.MapInWalmartInvUpdates\\\",\\\"at\\\":\\\"2019-07-29T04:49:34.895+00:00\\\",\\\"invUssn\\\":0,\\\"isInf\\\":false,\\\"ifa\\\":true,\\\"martAvail\\\":[{\\\"martId\\\":\\\"21\\\",\\\"ia\\\":true},{\\\"martId\\\":\\\"0\\\",\\\"ia\\\":true}],\\\"clt\\\":\\\"WoJ\\\"}\"}"}
{"id":"e0e679a7c1734a0e96b4975275a476fd","table":"killmonger_events_table","keyspace":"msku","timestamp":"2019-07-29T05:44:37.079Z","clusteringKeys":["6ccbd76c487c42e5b65dd274f51b72ea","vbIdSellingIdInventoryUpdated/1","1564378274"],"changedColumns":["selling_id","fulfillment_node_id","event_type","update_at","stream_sequence_number","event_data"],"record":"{\"selling_id\":\"e0e679a7c1734a0e96b4975275a476fd\",\"fulfillment_node_id\":\"6ccbd76c487c42e5b65dd274f51b72ea\",\"event_type\":\"vbIdSellingIdInventoryUpdated/1\",\"update_at\":1564378274,\"stream_sequence_number\":39,\"event_data\":\"{\\\"id\\\":\\\"9da0ce1f3bb646af8654c841a30ee192\\\",\\\"vbId\\\":\\\"e0e679a7c1734a0e96b4975275a476fd\\\",\\\"sellingId\\\":\\\"e0e679a7c1734a0e96b4975275a476fd\\\",\\\"merchantId\\\":\\\"e43cf7756d0b4ba8a4e9046774656ce8\\\",\\\"skuId\\\":\\\"e0e679a7c1734a0e96b4975275a476fd\\\",\\\"f\\\":96,\\\"fnId\\\":\\\"6ccbd76c487c42e5b65dd274f51b72ea\\\",\\\"fnType\\\":\\\"wolverine\\\",\\\"by\\\":\\\"Vibranium\\\",\\\"at\\\":\\\"2019-07-29T05:31:14+00:00\\\",\\\"invUssn\\\":47,\\\"isInf\\\":false,\\\"ifa\\\":true,\\\"martAvail\\\":[{\\\"martId\\\":\\\"21\\\",\\\"ia\\\":true}],\\\"clt\\\":\\\"JoJ\\\"}\"}"}
{"id":"253BB5DE65AE4CFBB1D31E03D83591F9","table":"killmonger_events_table","keyspace":"msku","timestamp":"2019-07-29T05:44:37.085Z","clusteringKeys":["10000000539","updateVbIdSellingIdInventorySkipped/1","1564374873"],"changedColumns":["selling_id","fulfillment_node_id","event_type","update_at","stream_sequence_number","event_data"],"record":"{\"selling_id\":\"253BB5DE65AE4CFBB1D31E03D83591F9\",\"fulfillment_node_id\":\"10000000539\",\"event_type\":\"updateVbIdSellingIdInventorySkipped/1\",\"update_at\":1564374873,\"stream_sequence_number\":23,\"event_data\":\"{\\\"id\\\":\\\"c69e0ac328134dbb865be88f5e9da2e7\\\",\\\"vbId\\\":\\\"89F01MMAA_C2-18500-HLC-X-540\\\",\\\"sellingId\\\":\\\"253BB5DE65AE4CFBB1D31E03D83591F9\\\",\\\"merchantId\\\":\\\"540\\\",\\\"skuId\\\":\\\"89F01MMAA_C2-18500-HLC-X\\\",\\\"f\\\":58,\\\"fnId\\\":\\\"10000000539\\\",\\\"fnType\\\":\\\"MARKETPLACE\\\",\\\"by\\\":\\\"Vibranium\\\",\\\"at\\\":\\\"2019-07-29T04:34:33+00:00\\\",\\\"invUssn\\\":15,\\\"catUssn\\\":2,\\\"isInf\\\":false}\"}"}
{"id":"253BB5DE65AE4CFBB1D31E03D83591F9","table":"killmonger_events_table","keyspace":"msku","timestamp":"2019-07-29T05:44:37.085Z","clusteringKeys":["10000000539","updateVbIdSellingIdInventorySkipped/1","1564374873"],"changedColumns":["selling_id","fulfillment_node_id","event_type","update_at","stream_sequence_number","event_data"],"record":"{\"selling_id\":\"253BB5DE65AE4CFBB1D31E03D83591F9\",\"fulfillment_node_id\":\"10000000539\",\"event_type\":\"updateVbIdSellingIdInventorySkipped/1\",\"update_at\":1564374873,\"stream_sequence_number\":24,\"event_data\":\"{\\\"id\\\":\\\"871f8d79384546ad9283055b084511ad\\\",\\\"vbId\\\":\\\"89F01MMAA_C2-18500-HLC-X-540\\\",\\\"sellingId\\\":\\\"253BB5DE65AE4CFBB1D31E03D83591F9\\\",\\\"merchantId\\\":\\\"540\\\",\\\"skuId\\\":\\\"89F01MMAA_C2-18500-HLC-X\\\",\\\"f\\\":58,\\\"fnId\\\":\\\"10000000539\\\",\\\"fnType\\\":\\\"MARKETPLACE\\\",\\\"by\\\":\\\"Vibranium\\\",\\\"at\\\":\\\"2019-07-29T04:34:33+00:00\\\",\\\"invUssn\\\":15,\\\"catUssn\\\":2,\\\"isInf\\\":false}\"}"}
{"id":"E9B89121D02D4B2BB80B7747263E4644","table":"killmonger_events_table","keyspace":"msku","timestamp":"2019-07-29T05:45:02.512Z","clusteringKeys":["5926","vbIdSellingIdInventoryUpdated/1","1564378911"],"changedColumns":["selling_id","fulfillment_node_id","event_type","update_at","stream_sequence_number","event_data"],"record":"{\"selling_id\":\"E9B89121D02D4B2BB80B7747263E4644\",\"fulfillment_node_id\":\"5926\",\"event_type\":\"vbIdSellingIdInventoryUpdated/1\",\"update_at\":1564378911,\"stream_sequence_number\":146,\"event_data\":\"{\\\"id\\\":\\\"1a579e1080f042e59aff4f85da16ca55\\\",\\\"vbId\\\":\\\"PantherMigrationVbId\\\",\\\"sellingId\\\":\\\"E9B89121D02D4B2BB80B7747263E4644\\\",\\\"merchantId\\\":\\\"9fc08905039048918982091f266c2a29\\\",\\\"skuId\\\":\\\"PantherMigrationSkuId\\\",\\\"f\\\":0,\\\"fnId\\\":\\\"5926\\\",\\\"by\\\":\\\"Killmonger.Migration.MapInWalmartInvUpdates\\\",\\\"at\\\":\\\"2019-07-29T05:41:51.874+00:00\\\",\\\"invUssn\\\":0,\\\"isInf\\\":false,\\\"ifa\\\":true,\\\"martAvail\\\":[{\\\"martId\\\":\\\"21\\\",\\\"ia\\\":true},{\\\"martId\\\":\\\"0\\\",\\\"ia\\\":true}],\\\"clt\\\":\\\"WoJ\\\"}\"}"}
{"id":"5A2624F1800446ABB74A9C600A939C24","table":"killmonger_events_table","keyspace":"msku","timestamp":"2019-07-29T05:44:37.095Z","clusteringKeys":["2379","vbIdSellingIdInventoryUpdated/1","1564376138"],"changedColumns":["selling_id","fulfillment_node_id","event_type","update_at","stream_sequence_number","event_data"],"record":"{\"selling_id\":\"5A2624F1800446ABB74A9C600A939C24\",\"fulfillment_node_id\":\"2379\",\"event_type\":\"vbIdSellingIdInventoryUpdated/1\",\"update_at\":1564376138,\"stream_sequence_number\":136,\"event_data\":\"{\\\"id\\\":\\\"b0f96e038ffe4e009888bda13f4ad26a\\\",\\\"vbId\\\":\\\"PantherMigrationVbId\\\",\\\"sellingId\\\":\\\"5A2624F1800446ABB74A9C600A939C24\\\",\\\"merchantId\\\":\\\"9fc08905039048918982091f266c2a29\\\",\\\"skuId\\\":\\\"PantherMigrationSkuId\\\",\\\"f\\\":0,\\\"fnId\\\":\\\"2379\\\",\\\"by\\\":\\\"Killmonger.Migration.MapInWalmartInvUpdates\\\",\\\"at\\\":\\\"2019-07-29T04:55:38.921+00:00\\\",\\\"invUssn\\\":0,\\\"isInf\\\":false,\\\"ifa\\\":true,\\\"martAvail\\\":[{\\\"martId\\\":\\\"21\\\",\\\"ia\\\":true},{\\\"martId\\\":\\\"0\\\",\\\"ia\\\":true}],\\\"clt\\\":\\\"WoJ\\\"}\"}"}
{"id":"39FA4ED059CD4DAE823EB68F24ED91BE","table":"killmonger_events_table","keyspace":"msku","timestamp":"2019-07-29T05:44:37.095Z","clusteringKeys":["5926","vbIdSellingIdInventoryUpdated/1","1564378909"],"changedColumns":["selling_id","fulfillment_node_id","event_type","update_at","stream_sequence_number","event_data"],"record":"{\"selling_id\":\"39FA4ED059CD4DAE823EB68F24ED91BE\",\"fulfillment_node_id\":\"5926\",\"event_type\":\"vbIdSellingIdInventoryUpdated/1\",\"update_at\":1564378909,\"stream_sequence_number\":127,\"event_data\":\"{\\\"id\\\":\\\"902eac879b564c45877b423109d74a76\\\",\\\"vbId\\\":\\\"PantherMigrationVbId\\\",\\\"sellingId\\\":\\\"39FA4ED059CD4DAE823EB68F24ED91BE\\\",\\\"merchantId\\\":\\\"9fc08905039048918982091f266c2a29\\\",\\\"skuId\\\":\\\"PantherMigrationSkuId\\\",\\\"f\\\":0,\\\"fnId\\\":\\\"5926\\\",\\\"by\\\":\\\"Killmonger.Migration.MapInWalmartInvUpdates\\\",\\\"at\\\":\\\"2019-07-29T05:41:49.142+00:00\\\",\\\"invUssn\\\":0,\\\"isInf\\\":false,\\\"ifa\\\":true,\\\"martAvail\\\":[{\\\"martId\\\":\\\"21\\\",\\\"ia\\\":true},{\\\"martId\\\":\\\"0\\\",\\\"ia\\\":true}],\\\"clt\\\":\\\"WoJ\\\"}\"}"}
{"id":"39FA4ED059CD4DAE823EB68F24ED91BE","table":"killmonger_events_table","keyspace":"msku","timestamp":"2019-07-29T05:44:37.096Z","clusteringKeys":["5926","vbIdSellingIdInventoryUpdated/1","1564378909"],"changedColumns":["selling_id","fulfillment_node_id","event_type","update_at","stream_sequence_number","event_data"],"record":"{\"selling_id\":\"39FA4ED059CD4DAE823EB68F24ED91BE\",\"fulfillment_node_id\":\"5926\",\"event_type\":\"vbIdSellingIdInventoryUpdated/1\",\"update_at\":1564378909,\"stream_sequence_number\":128,\"event_data\":\"{\\\"id\\\":\\\"902eac879b564c45877b423109d74a76\\\",\\\"vbId\\\":\\\"PantherMigrationVbId\\\",\\\"sellingId\\\":\\\"39FA4ED059CD4DAE823EB68F24ED91BE\\\",\\\"merchantId\\\":\\\"9fc08905039048918982091f266c2a29\\\",\\\"skuId\\\":\\\"PantherMigrationSkuId\\\",\\\"f\\\":0,\\\"fnId\\\":\\\"5926\\\",\\\"by\\\":\\\"Killmonger.Migration.MapInWalmartInvUpdates\\\",\\\"at\\\":\\\"2019-07-29T05:41:49.142+00:00\\\",\\\"invUssn\\\":0,\\\"isInf\\\":false,\\\"ifa\\\":true,\\\"martAvail\\\":[{\\\"martId\\\":\\\"21\\\",\\\"ia\\\":true},{\\\"martId\\\":\\\"0\\\",\\\"ia\\\":true}],\\\"clt\\\":\\\"WoJ\\\"}\"}"}
{"id":"922ad99d7e004f2998507171fc4c0fc4","table":"killmonger_events_table","keyspace":"msku","timestamp":"2019-07-29T05:44:37.096Z","clusteringKeys":["e2ca66808b4a40e89c80a59889240c5d","updateVbIdSellingIdInventorySkipped/1","1564375832"],"changedColumns":["selling_id","fulfillment_node_id","event_type","update_at","stream_sequence_number","event_data"],"record":"{\"selling_id\":\"922ad99d7e004f2998507171fc4c0fc4\",\"fulfillment_node_id\":\"e2ca66808b4a40e89c80a59889240c5d\",\"event_type\":\"updateVbIdSellingIdInventorySkipped/1\",\"update_at\":1564375832,\"stream_sequence_number\":646,\"event_data\":\"{\\\"id\\\":\\\"79765b5e512c4a89bbe6ada4b1323c87\\\",\\\"vbId\\\":\\\"922ad99d7e004f2998507171fc4c0fc4\\\",\\\"sellingId\\\":\\\"922ad99d7e004f2998507171fc4c0fc4\\\",\\\"merchantId\\\":\\\"b1258a698bb14f409722b7bdbfde991d\\\",\\\"skuId\\\":\\\"922ad99d7e004f2998507171fc4c0fc4\\\",\\\"f\\\":597,\\\"fnId\\\":\\\"e2ca66808b4a40e89c80a59889240c5d\\\",\\\"fnType\\\":\\\"wolverine\\\",\\\"by\\\":\\\"Vibranium\\\",\\\"at\\\":\\\"2019-07-29T04:50:32+00:00\\\",\\\"invUssn\\\":582,\\\"isInf\\\":false}\"}"}
{"id":"00EA70F4563C4DF1BB75D6677FD87DDD","table":"killmonger_events_table","keyspace":"msku","timestamp":"2019-07-29T05:44:36.951Z","clusteringKeys":["77628","vbIdSellingIdInventoryUpdated/1","1564378912"],"changedColumns":["selling_id","fulfillment_node_id","event_type","update_at","stream_sequence_number","event_data"],"record":"{\"selling_id\":\"00EA70F4563C4DF1BB75D6677FD87DDD\",\"fulfillment_node_id\":\"77628\",\"event_type\":\"vbIdSellingIdInventoryUpdated/1\",\"update_at\":1564378912,\"stream_sequence_number\":128,\"event_data\":\"{\\\"id\\\":\\\"544720be0e8d4904974279de7d488aa7\\\",\\\"vbId\\\":\\\"PantherMigrationVbId\\\",\\\"sellingId\\\":\\\"00EA70F4563C4DF1BB75D6677FD87DDD\\\",\\\"merchantId\\\":\\\"9fc08905039048918982091f266c2a29\\\",\\\"skuId\\\":\\\"PantherMigrationSkuId\\\",\\\"f\\\":0,\\\"fnId\\\":\\\"77628\\\",\\\"by\\\":\\\"Killmonger.Migration.MapInWalmartInvUpdates\\\",\\\"at\\\":\\\"2019-07-29T05:41:52.244+00:00\\\",\\\"invUssn\\\":0,\\\"isInf\\\":false,\\\"ifa\\\":true,\\\"martAvail\\\":[{\\\"martId\\\":\\\"21\\\",\\\"ia\\\":true},{\\\"martId\\\":\\\"0\\\",\\\"ia\\\":true}],\\\"clt\\\":\\\"WoJ\\\"}\"}"}
{"id":"00EA70F4563C4DF1BB75D6677FD87DDD","table":"killmonger_events_table","keyspace":"msku","timestamp":"2019-07-29T05:44:36.951Z","clusteringKeys":["77628","vbIdSellingIdInventoryUpdated/1","1564378912"],"changedColumns":["selling_id","fulfillment_node_id","event_type","update_at","stream_sequence_number","event_data"],"record":"{\"selling_id\":\"00EA70F4563C4DF1BB75D6677FD87DDD\",\"fulfillment_node_id\":\"77628\",\"event_type\":\"vbIdSellingIdInventoryUpdated/1\",\"update_at\":1564378912,\"stream_sequence_number\":129,\"event_data\":\"{\\\"id\\\":\\\"544720be0e8d4904974279de7d488aa7\\\",\\\"vbId\\\":\\\"PantherMigrationVbId\\\",\\\"sellingId\\\":\\\"00EA70F4563C4DF1BB75D6677FD87DDD\\\",\\\"merchantId\\\":\\\"9fc08905039048918982091f266c2a29\\\",\\\"skuId\\\":\\\"PantherMigrationSkuId\\\",\\\"f\\\":0,\\\"fnId\\\":\\\"77628\\\",\\\"by\\\":\\\"Killmonger.Migration.MapInWalmartInvUpdates\\\",\\\"at\\\":\\\"2019-07-29T05:41:52.244+00:00\\\",\\\"invUssn\\\":0,\\\"isInf\\\":false,\\\"ifa\\\":true,\\\"martAvail\\\":[{\\\"martId\\\":\\\"21\\\",\\\"ia\\\":true},{\\\"martId\\\":\\\"0\\\",\\\"ia\\\":true}],\\\"clt\\\":\\\"WoJ\\\"}\"}"}
{"id":"48ED359F7E6A4B1C80FAB48F7621B41C","table":"killmonger_events_table","keyspace":"msku","timestamp":"2019-07-29T05:40:44.615Z","clusteringKeys":["2379","vbIdSellingIdInventoryUpdated/1","1564378910"],"changedColumns":["selling_id","fulfillment_node_id","event_type","update_at","stream_sequence_number","event_data"],"record":"{\"selling_id\":\"48ED359F7E6A4B1C80FAB48F7621B41C\",\"fulfillment_node_id\":\"2379\",\"event_type\":\"vbIdSellingIdInventoryUpdated/1\",\"update_at\":1564378910,\"stream_sequence_number\":129,\"event_data\":\"{\\\"id\\\":\\\"f0d9f6fd027a4c6695c56998d9b48c3b\\\",\\\"vbId\\\":\\\"PantherMigrationVbId\\\",\\\"sellingId\\\":\\\"48ED359F7E6A4B1C80FAB48F7621B41C\\\",\\\"merchantId\\\":\\\"9fc08905039048918982091f266c2a29\\\",\\\"skuId\\\":\\\"PantherMigrationSkuId\\\",\\\"f\\\":0,\\\"fnId\\\":\\\"2379\\\",\\\"by\\\":\\\"Killmonger.Migration.MapInWalmartInvUpdates\\\",\\\"at\\\":\\\"2019-07-29T05:41:50.905+00:00\\\",\\\"invUssn\\\":0,\\\"isInf\\\":false,\\\"ifa\\\":true,\\\"martAvail\\\":[{\\\"martId\\\":\\\"21\\\",\\\"ia\\\":true},{\\\"martId\\\":\\\"0\\\",\\\"ia\\\":true}],\\\"clt\\\":\\\"WoJ\\\"}\"}"}
{"id":"212FB7A260BC4C8992D5B6B78F9691E2","table":"killmonger_events_table","keyspace":"msku","timestamp":"2019-07-29T05:40:44.615Z","clusteringKeys":["10000007863","updateVbIdSellingIdInventorySkipped/1","1564375899"],"changedColumns":["selling_id","fulfillment_node_id","event_type","update_at","stream_sequence_number","event_data"],"record":"{\"selling_id\":\"212FB7A260BC4C8992D5B6B78F9691E2\",\"fulfillment_node_id\":\"10000007863\",\"event_type\":\"updateVbIdSellingIdInventorySkipped/1\",\"update_at\":1564375899,\"stream_sequence_number\":1964,\"event_data\":\"{\\\"id\\\":\\\"ac54de487f1440fb89e29bf2a1944b8d\\\",\\\"vbId\\\":\\\"01-w-ts-supnat-quendamn-2xl-7740\\\",\\\"sellingId\\\":\\\"212FB7A260BC4C8992D5B6B78F9691E2\\\",\\\"merchantId\\\":\\\"7740\\\",\\\"skuId\\\":\\\"01-w-ts-supnat-quendamn-2xl\\\",\\\"f\\\":2,\\\"fnId\\\":\\\"10000007863\\\",\\\"fnType\\\":\\\"MARKETPLACE\\\",\\\"by\\\":\\\"Vibranium\\\",\\\"at\\\":\\\"2019-07-29T04:51:39+00:00\\\",\\\"invUssn\\\":1413,\\\"catUssn\\\":335,\\\"isInf\\\":false}\"}"}
{"id":"1a51d1f6b74b40e0b479da51c7306a48","table":"killmonger_events_table","keyspace":"msku","timestamp":"2019-07-29T05:40:44.616Z","clusteringKeys":["fb72b6f9c1e54625a551711f6ee72714","updateVbIdSellingIdInventorySkipped/1","1564375160"],"changedColumns":["selling_id","fulfillment_node_id","event_type","update_at","stream_sequence_number","event_data"],"record":"{\"selling_id\":\"1a51d1f6b74b40e0b479da51c7306a48\",\"fulfillment_node_id\":\"fb72b6f9c1e54625a551711f6ee72714\",\"event_type\":\"updateVbIdSellingIdInventorySkipped/1\",\"update_at\":1564375160,\"stream_sequence_number\":46,\"event_data\":\"{\\\"id\\\":\\\"977494332e4f410fb7caaddd1b2b2462\\\",\\\"vbId\\\":\\\"1a51d1f6b74b40e0b479da51c7306a48\\\",\\\"sellingId\\\":\\\"1a51d1f6b74b40e0b479da51c7306a48\\\",\\\"merchantId\\\":\\\"e43cf7756d0b4ba8a4e9046774656ce8\\\",\\\"skuId\\\":\\\"1a51d1f6b74b40e0b479da51c7306a48\\\",\\\"f\\\":142,\\\"fnId\\\":\\\"fb72b6f9c1e54625a551711f6ee72714\\\",\\\"fnType\\\":\\\"wolverine\\\",\\\"by\\\":\\\"Vibranium\\\",\\\"at\\\":\\\"2019-07-29T04:39:20+00:00\\\",\\\"invUssn\\\":48,\\\"isInf\\\":false}\"}"}
{"id":"1a51d1f6b74b40e0b479da51c7306a48","table":"killmonger_events_table","keyspace":"msku","timestamp":"2019-07-29T05:40:44.616Z","clusteringKeys":["fb72b6f9c1e54625a551711f6ee72714","updateVbIdSellingIdInventorySkipped/1","1564375160"],"changedColumns":["selling_id","fulfillment_node_id","event_type","update_at","stream_sequence_number","event_data"],"record":"{\"selling_id\":\"1a51d1f6b74b40e0b479da51c7306a48\",\"fulfillment_node_id\":\"fb72b6f9c1e54625a551711f6ee72714\",\"event_type\":\"updateVbIdSellingIdInventorySkipped/1\",\"update_at\":1564375160,\"stream_sequence_number\":47,\"event_data\":\"{\\\"id\\\":\\\"d561ca4d1e8848daad3884c9407dc897\\\",\\\"vbId\\\":\\\"1a51d1f6b74b40e0b479da51c7306a48\\\",\\\"sellingId\\\":\\\"1a51d1f6b74b40e0b479da51c7306a48\\\",\\\"merchantId\\\":\\\"e43cf7756d0b4ba8a4e9046774656ce8\\\",\\\"skuId\\\":\\\"1a51d1f6b74b40e0b479da51c7306a48\\\",\\\"f\\\":142,\\\"fnId\\\":\\\"fb72b6f9c1e54625a551711f6ee72714\\\",\\\"fnType\\\":\\\"wolverine\\\",\\\"by\\\":\\\"Vibranium\\\",\\\"at\\\":\\\"2019-07-29T04:39:20+00:00\\\",\\\"invUssn\\\":48,\\\"isInf\\\":false}\"}"}
{"id":"9CCFEEDBA09D4AD9BE8A68D8BB974D1D","table":"killmonger_events_table","keyspace":"msku","timestamp":"2019-07-29T05:45:02.373Z","clusteringKeys":["2738","vbIdSellingIdInventoryUpdated/1","1564378912"],"changedColumns":["selling_id","fulfillment_node_id","event_type","update_at","stream_sequence_number","event_data"],"record":"{\"selling_id\":\"9CCFEEDBA09D4AD9BE8A68D8BB974D1D\",\"fulfillment_node_id\":\"2738\",\"event_type\":\"vbIdSellingIdInventoryUpdated/1\",\"update_at\":1564378912,\"stream_sequence_number\":153,\"event_data\":\"{\\\"id\\\":\\\"d3fc0f9a321a4dfb9704a13b911c59c6\\\",\\\"vbId\\\":\\\"PantherMigrationVbId\\\",\\\"sellingId\\\":\\\"9CCFEEDBA09D4AD9BE8A68D8BB974D1D\\\",\\\"merchantId\\\":\\\"9fc08905039048918982091f266c2a29\\\",\\\"skuId\\\":\\\"PantherMigrationSkuId\\\",\\\"f\\\":0,\\\"fnId\\\":\\\"2738\\\",\\\"by\\\":\\\"Killmonger.Migration.MapInWalmartInvUpdates\\\",\\\"at\\\":\\\"2019-07-29T05:41:52.369+00:00\\\",\\\"invUssn\\\":0,\\\"isInf\\\":false,\\\"ifa\\\":true,\\\"martAvail\\\":[{\\\"martId\\\":\\\"21\\\",\\\"ia\\\":true},{\\\"martId\\\":\\\"0\\\",\\\"ia\\\":true}],\\\"clt\\\":\\\"WoJ\\\"}\"}"}
{"id":"98d49f3578d442f5b35ca222a71f9390","table":"killmonger_events_table","keyspace":"msku","timestamp":"2019-07-29T05:44:36.957Z","clusteringKeys":["fb72b6f9c1e54625a551711f6ee72714","vbIdSellingIdInventoryUpdated/1","1564378274"],"changedColumns":["selling_id","fulfillment_node_id","event_type","update_at","stream_sequence_number","event_data"],"record":"{\"selling_id\":\"98d49f3578d442f5b35ca222a71f9390\",\"fulfillment_node_id\":\"fb72b6f9c1e54625a551711f6ee72714\",\"event_type\":\"vbIdSellingIdInventoryUpdated/1\",\"update_at\":1564378274,\"stream_sequence_number\":48,\"event_data\":\"{\\\"id\\\":\\\"abf13b6771ef423b9c6d89a20ef21560\\\",\\\"vbId\\\":\\\"98d49f3578d442f5b35ca222a71f9390\\\",\\\"sellingId\\\":\\\"98d49f3578d442f5b35ca222a71f9390\\\",\\\"merchantId\\\":\\\"e43cf7756d0b4ba8a4e9046774656ce8\\\",\\\"skuId\\\":\\\"98d49f3578d442f5b35ca222a71f9390\\\",\\\"f\\\":146,\\\"fnId\\\":\\\"fb72b6f9c1e54625a551711f6ee72714\\\",\\\"fnType\\\":\\\"wolverine\\\",\\\"by\\\":\\\"Vibranium\\\",\\\"at\\\":\\\"2019-07-29T05:31:14+00:00\\\",\\\"invUssn\\\":54,\\\"isInf\\\":false,\\\"ifa\\\":true,\\\"martAvail\\\":[{\\\"martId\\\":\\\"21\\\",\\\"ia\\\":true}],\\\"clt\\\":\\\"JoJ\\\"}\"}"}
{"id":"98d49f3578d442f5b35ca222a71f9390","table":"killmonger_events_table","keyspace":"msku","timestamp":"2019-07-29T05:44:36.957Z","clusteringKeys":["fb72b6f9c1e54625a551711f6ee72714","updateVbIdSellingIdInventorySkipped/1","1564378274"],"changedColumns":["selling_id","fulfillment_node_id","event_type","update_at","stream_sequence_number","event_data"],"record":"{\"selling_id\":\"98d49f3578d442f5b35ca222a71f9390\",\"fulfillment_node_id\":\"fb72b6f9c1e54625a551711f6ee72714\",\"event_type\":\"updateVbIdSellingIdInventorySkipped/1\",\"update_at\":1564378274,\"stream_sequence_number\":49,\"event_data\":\"{\\\"id\\\":\\\"abf13b6771ef423b9c6d89a20ef21560\\\",\\\"vbId\\\":\\\"98d49f3578d442f5b35ca222a71f9390\\\",\\\"sellingId\\\":\\\"98d49f3578d442f5b35ca222a71f9390\\\",\\\"merchantId\\\":\\\"e43cf7756d0b4ba8a4e9046774656ce8\\\",\\\"skuId\\\":\\\"98d49f3578d442f5b35ca222a71f9390\\\",\\\"f\\\":146,\\\"fnId\\\":\\\"fb72b6f9c1e54625a551711f6ee72714\\\",\\\"fnType\\\":\\\"wolverine\\\",\\\"by\\\":\\\"Vibranium\\\",\\\"at\\\":\\\"2019-07-29T05:31:14+00:00\\\",\\\"invUssn\\\":54,\\\"isInf\\\":false}\"}"}
{"id":"98d49f3578d442f5b35ca222a71f9390","table":"killmonger_events_table","keyspace":"msku","timestamp":"2019-07-29T05:44:36.957Z","clusteringKeys":["fb72b6f9c1e54625a551711f6ee72714","updateVbIdSellingIdInventorySkipped/1","1564378274"],"changedColumns":["selling_id","fulfillment_node_id","event_type","update_at","stream_sequence_number","event_data"],"record":"{\"selling_id\":\"98d49f3578d442f5b35ca222a71f9390\",\"fulfillment_node_id\":\"fb72b6f9c1e54625a551711f6ee72714\",\"event_type\":\"updateVbIdSellingIdInventorySkipped/1\",\"update_at\":1564378274,\"stream_sequence_number\":50,\"event_data\":\"{\\\"id\\\":\\\"abf13b6771ef423b9c6d89a20ef21560\\\",\\\"vbId\\\":\\\"98d49f3578d442f5b35ca222a71f9390\\\",\\\"sellingId\\\":\\\"98d49f3578d442f5b35ca222a71f9390\\\",\\\"merchantId\\\":\\\"e43cf7756d0b4ba8a4e9046774656ce8\\\",\\\"skuId\\\":\\\"98d49f3578d442f5b35ca222a71f9390\\\",\\\"f\\\":146,\\\"fnId\\\":\\\"fb72b6f9c1e54625a551711f6ee72714\\\",\\\"fnType\\\":\\\"wolverine\\\",\\\"by\\\":\\\"Vibranium\\\",\\\"at\\\":\\\"2019-07-29T05:31:14+00:00\\\",\\\"invUssn\\\":54,\\\"isInf\\\":false}\"}"}
{"id":"398F2E043E49427395456B9677165773","table":"killmonger_events_table","keyspace":"msku","timestamp":"2019-07-29T05:45:02.374Z","clusteringKeys":["10001021868","vbIdSellingIdInventoryUpdated/1","1564378230"],"changedColumns":["selling_id","fulfillment_node_id","event_type","update_at","stream_sequence_number","event_data"],"record":"{\"selling_id\":\"398F2E043E49427395456B9677165773\",\"fulfillment_node_id\":\"10001021868\",\"event_type\":\"vbIdSellingIdInventoryUpdated/1\",\"update_at\":1564378230,\"stream_sequence_number\":637,\"event_data\":\"{\\\"id\\\":\\\"a0660864448f4946ad1c8ac2a0c39811\\\",\\\"vbId\\\":\\\"WBBSSC22WCP-101002498\\\",\\\"sellingId\\\":\\\"398F2E043E49427395456B9677165773\\\",\\\"merchantId\\\":\\\"101002498\\\",\\\"skuId\\\":\\\"WBBSSC22WCP\\\",\\\"f\\\":1,\\\"fnId\\\":\\\"10001021868\\\",\\\"fnType\\\":\\\"MARKETPLACE\\\",\\\"by\\\":\\\"Vibranium\\\",\\\"at\\\":\\\"2019-07-29T05:30:30+00:00\\\",\\\"invUssn\\\":537,\\\"catUssn\\\":1,\\\"isInf\\\":false,\\\"ifa\\\":true,\\\"martAvail\\\":[{\\\"martId\\\":\\\"0\\\",\\\"ia\\\":true}],\\\"clt\\\":\\\"WoW\\\"}\"}"}
{"id":"0C2083A449D5491A98B9C73FE31CACA1","table":"killmonger_events_table","keyspace":"msku","timestamp":"2019-07-29T05:45:02.375Z","clusteringKeys":["10000003078","updateVbIdSellingIdInventorySkipped/1","1564378250"],"changedColumns":["selling_id","fulfillment_node_id","event_type","update_at","stream_sequence_number","event_data"],"record":"{\"selling_id\":\"0C2083A449D5491A98B9C73FE31CACA1\",\"fulfillment_node_id\":\"10000003078\",\"event_type\":\"updateVbIdSellingIdInventorySkipped/1\",\"update_at\":1564378250,\"stream_sequence_number\":3307,\"event_data\":\"{\\\"id\\\":\\\"a71ea92ef9c44bbc83f9c9a36c37f532\\\",\\\"vbId\\\":\\\"XT50TRS-GPTRIPODS-KIT-3112\\\",\\\"sellingId\\\":\\\"0C2083A449D5491A98B9C73FE31CACA1\\\",\\\"merchantId\\\":\\\"3112\\\",\\\"skuId\\\":\\\"XT50TRS-GPTRIPODS-KIT\\\",\\\"f\\\":439,\\\"fnId\\\":\\\"10000003078\\\",\\\"fnType\\\":\\\"MARKETPLACE\\\",\\\"by\\\":\\\"Vibranium\\\",\\\"at\\\":\\\"2019-07-29T05:30:50+00:00\\\",\\\"invUssn\\\":2686,\\\"catUssn\\\":2,\\\"isInf\\\":false}\"}"}
{"id":"0C2083A449D5491A98B9C73FE31CACA1","table":"killmonger_events_table","keyspace":"msku","timestamp":"2019-07-29T05:45:02.375Z","clusteringKeys":["10000003078","updateVbIdSellingIdInventorySkipped/1","1564378250"],"changedColumns":["selling_id","fulfillment_node_id","event_type","update_at","stream_sequence_number","event_data"],"record":"{\"selling_id\":\"0C2083A449D5491A98B9C73FE31CACA1\",\"fulfillment_node_id\":\"10000003078\",\"event_type\":\"updateVbIdSellingIdInventorySkipped/1\",\"update_at\":1564378250,\"stream_sequence_number\":3308,\"event_data\":\"{\\\"id\\\":\\\"31a4ed538db34dd980df710cd4c82cb2\\\",\\\"vbId\\\":\\\"XT50TRS-GPTRIPODS-KIT-3112\\\",\\\"sellingId\\\":\\\"0C2083A449D5491A98B9C73FE31CACA1\\\",\\\"merchantId\\\":\\\"3112\\\",\\\"skuId\\\":\\\"XT50TRS-GPTRIPODS-KIT\\\",\\\"f\\\":439,\\\"fnId\\\":\\\"10000003078\\\",\\\"fnType\\\":\\\"MARKETPLACE\\\",\\\"by\\\":\\\"Vibranium\\\",\\\"at\\\":\\\"2019-07-29T05:30:50+00:00\\\",\\\"invUssn\\\":2687,\\\"catUssn\\\":2,\\\"isInf\\\":false}\"}"}
{"id":"0C2083A449D5491A98B9C73FE31CACA1","table":"killmonger_events_table","keyspace":"msku","timestamp":"2019-07-29T05:45:02.375Z","clusteringKeys":["10000003078","updateVbIdSellingIdInventorySkipped/1","1564378250"],"changedColumns":["selling_id","fulfillment_node_id","event_type","update_at","stream_sequence_number","event_data"],"record":"{\"selling_id\":\"0C2083A449D5491A98B9C73FE31CACA1\",\"fulfillment_node_id\":\"10000003078\",\"event_type\":\"updateVbIdSellingIdInventorySkipped/1\",\"update_at\":1564378250,\"stream_sequence_number\":3309,\"event_data\":\"{\\\"id\\\":\\\"a71ea92ef9c44bbc83f9c9a36c37f532\\\",\\\"vbId\\\":\\\"XT50TRS-GPTRIPODS-KIT-3112\\\",\\\"sellingId\\\":\\\"0C2083A449D5491A98B9C73FE31CACA1\\\",\\\"merchantId\\\":\\\"3112\\\",\\\"skuId\\\":\\\"XT50TRS-GPTRIPODS-KIT\\\",\\\"f\\\":439,\\\"fnId\\\":\\\"10000003078\\\",\\\"fnType\\\":\\\"MARKETPLACE\\\",\\\"by\\\":\\\"Vibranium\\\",\\\"at\\\":\\\"2019-07-29T05:30:50+00:00\\\",\\\"invUssn\\\":2686,\\\"catUssn\\\":2,\\\"isInf\\\":false}\"}"}
{"id":"058B667B609E40E2BCFAC67735C3D51C","table":"killmonger_events_table","keyspace":"msku","timestamp":"2019-07-29T05:45:02.376Z","clusteringKeys":["4364","vbIdSellingIdInventoryUpdated/1","1564378909"],"changedColumns":["selling_id","fulfillment_node_id","event_type","update_at","stream_sequence_number","event_data"],"record":"{\"selling_id\":\"058B667B609E40E2BCFAC67735C3D51C\",\"fulfillment_node_id\":\"4364\",\"event_type\":\"vbIdSellingIdInventoryUpdated/1\",\"update_at\":1564378909,\"stream_sequence_number\":128,\"event_data\":\"{\\\"id\\\":\\\"208b2413197544709ea92016bfc89bc6\\\",\\\"vbId\\\":\\\"PantherMigrationVbId\\\",\\\"sellingId\\\":\\\"058B667B609E40E2BCFAC67735C3D51C\\\",\\\"merchantId\\\":\\\"9fc08905039048918982091f266c2a29\\\",\\\"skuId\\\":\\\"PantherMigrationSkuId\\\",\\\"f\\\":1,\\\"fnId\\\":\\\"4364\\\",\\\"by\\\":\\\"Killmonger.Migration.MapInWalmartInvUpdates\\\",\\\"at\\\":\\\"2019-07-29T05:41:49.174+00:00\\\",\\\"invUssn\\\":0,\\\"isInf\\\":false,\\\"ifa\\\":true,\\\"martAvail\\\":[{\\\"martId\\\":\\\"21\\\",\\\"ia\\\":true},{\\\"martId\\\":\\\"0\\\",\\\"ia\\\":true}],\\\"clt\\\":\\\"WoJ\\\"}\"}"}
{"id":"ED5AFDA08C994953B50C8145C8B6180B","table":"killmonger_events_table","keyspace":"msku","timestamp":"2019-07-29T05:40:44.625Z","clusteringKeys":["6559","vbIdSellingIdInventoryUpdated/1","1564378910"],"changedColumns":["selling_id","fulfillment_node_id","event_type","update_at","stream_sequence_number","event_data"],"record":"{\"selling_id\":\"ED5AFDA08C994953B50C8145C8B6180B\",\"fulfillment_node_id\":\"6559\",\"event_type\":\"vbIdSellingIdInventoryUpdated/1\",\"update_at\":1564378910,\"stream_sequence_number\":123,\"event_data\":\"{\\\"id\\\":\\\"01b022a117d146fbb959ec245b2824c2\\\",\\\"vbId\\\":\\\"PantherMigrationVbId\\\",\\\"sellingId\\\":\\\"ED5AFDA08C994953B50C8145C8B6180B\\\",\\\"merchantId\\\":\\\"9fc08905039048918982091f266c2a29\\\",\\\"skuId\\\":\\\"PantherMigrationSkuId\\\",\\\"f\\\":0,\\\"fnId\\\":\\\"6559\\\",\\\"by\\\":\\\"Killmonger.Migration.MapInWalmartInvUpdates\\\",\\\"at\\\":\\\"2019-07-29T05:41:50.454+00:00\\\",\\\"invUssn\\\":0,\\\"isInf\\\":false,\\\"ifa\\\":true,\\\"martAvail\\\":[{\\\"martId\\\":\\\"21\\\",\\\"ia\\\":true},{\\\"martId\\\":\\\"0\\\",\\\"ia\\\":true}],\\\"clt\\\":\\\"WoJ\\\"}\"}"}
{"id":"c4ac6a5c6e9b4c31bb067ed757c5a004","table":"killmonger_events_table","keyspace":"msku","timestamp":"2019-07-29T05:44:36.970Z","clusteringKeys":["6ccbd76c487c42e5b65dd274f51b72ea","vbIdSellingIdInventoryUpdated/1","1564378274"],"changedColumns":["selling_id","fulfillment_node_id","event_type","update_at","stream_sequence_number","event_data"],"record":"{\"selling_id\":\"c4ac6a5c6e9b4c31bb067ed757c5a004\",\"fulfillment_node_id\":\"6ccbd76c487c42e5b65dd274f51b72ea\",\"event_type\":\"vbIdSellingIdInventoryUpdated/1\",\"update_at\":1564378274,\"stream_sequence_number\":45,\"event_data\":\"{\\\"id\\\":\\\"53b32474e78243a59c54ed4ef9adaf74\\\",\\\"vbId\\\":\\\"c4ac6a5c6e9b4c31bb067ed757c5a004\\\",\\\"sellingId\\\":\\\"c4ac6a5c6e9b4c31bb067ed757c5a004\\\",\\\"merchantId\\\":\\\"e43cf7756d0b4ba8a4e9046774656ce8\\\",\\\"skuId\\\":\\\"c4ac6a5c6e9b4c31bb067ed757c5a004\\\",\\\"f\\\":89,\\\"fnId\\\":\\\"6ccbd76c487c42e5b65dd274f51b72ea\\\",\\\"fnType\\\":\\\"wolverine\\\",\\\"by\\\":\\\"Vibranium\\\",\\\"at\\\":\\\"2019-07-29T05:31:14+00:00\\\",\\\"invUssn\\\":49,\\\"isInf\\\":false,\\\"ifa\\\":true,\\\"martAvail\\\":[{\\\"martId\\\":\\\"21\\\",\\\"ia\\\":true}],\\\"clt\\\":\\\"JoJ\\\"}\"}"}
{"id":"2493969A6DF54A97969B8F104E8A37E5","table":"killmonger_events_table","keyspace":"msku","timestamp":"2019-07-29T05:44:36.970Z","clusteringKeys":["4916","vbIdSellingIdInventoryUpdated/1","1564378909"],"changedColumns":["selling_id","fulfillment_node_id","event_type","update_at","stream_sequence_number","event_data"],"record":"{\"selling_id\":\"2493969A6DF54A97969B8F104E8A37E5\",\"fulfillment_node_id\":\"4916\",\"event_type\":\"vbIdSellingIdInventoryUpdated/1\",\"update_at\":1564378909,\"stream_sequence_number\":131,\"event_data\":\"{\\\"id\\\":\\\"c55a5642729242e5b8f0b3d39ae5a613\\\",\\\"vbId\\\":\\\"PantherMigrationVbId\\\",\\\"sellingId\\\":\\\"2493969A6DF54A97969B8F104E8A37E5\\\",\\\"merchantId\\\":\\\"9fc08905039048918982091f266c2a29\\\",\\\"skuId\\\":\\\"PantherMigrationSkuId\\\",\\\"f\\\":0,\\\"fnId\\\":\\\"4916\\\",\\\"by\\\":\\\"Killmonger.Migration.MapInWalmartInvUpdates\\\",\\\"at\\\":\\\"2019-07-29T05:41:49.532+00:00\\\",\\\"invUssn\\\":0,\\\"isInf\\\":false,\\\"ifa\\\":true,\\\"martAvail\\\":[{\\\"martId\\\":\\\"21\\\",\\\"ia\\\":true},{\\\"martId\\\":\\\"0\\\",\\\"ia\\\":true}],\\\"clt\\\":\\\"WoJ\\\"}\"}"}
{"id":"0551cbe6905f460ab3a6c3cf21aa6330","table":"killmonger_events_table","keyspace":"msku","timestamp":"2019-07-29T05:40:44.628Z","clusteringKeys":["3cbcc7e28aac4f6fb0a8cde4e85483c0","vbIdSellingIdInventoryUpdated/1","1564378477"],"changedColumns":["selling_id","fulfillment_node_id","event_type","update_at","stream_sequence_number","event_data"],"record":"{\"selling_id\":\"0551cbe6905f460ab3a6c3cf21aa6330\",\"fulfillment_node_id\":\"3cbcc7e28aac4f6fb0a8cde4e85483c0\",\"event_type\":\"vbIdSellingIdInventoryUpdated/1\",\"update_at\":1564378477,\"stream_sequence_number\":98,\"event_data\":\"{\\\"id\\\":\\\"deb738cb7c75444d9abea9d4641047aa\\\",\\\"vbId\\\":\\\"0551cbe6905f460ab3a6c3cf21aa6330\\\",\\\"sellingId\\\":\\\"0551cbe6905f460ab3a6c3cf21aa6330\\\",\\\"merchantId\\\":\\\"7eaf70709bf149f890dc3a845871dab4\\\",\\\"skuId\\\":\\\"0551cbe6905f460ab3a6c3cf21aa6330\\\",\\\"f\\\":559,\\\"fnId\\\":\\\"3cbcc7e28aac4f6fb0a8cde4e85483c0\\\",\\\"fnType\\\":\\\"wolverine\\\",\\\"by\\\":\\\"Vibranium\\\",\\\"at\\\":\\\"2019-07-29T05:34:37+00:00\\\",\\\"invUssn\\\":79,\\\"isInf\\\":false,\\\"ifa\\\":true,\\\"martAvail\\\":[{\\\"martId\\\":\\\"21\\\",\\\"ia\\\":true}],\\\"clt\\\":\\\"JoJ\\\"}\"}"}
{"id":"ED31572629444279A7159792EC571B17","table":"killmonger_events_table","keyspace":"msku","timestamp":"2019-07-29T05:40:44.628Z","clusteringKeys":["6284","vbIdSellingIdInventoryUpdated/1","1564378909"],"changedColumns":["selling_id","fulfillment_node_id","event_type","update_at","stream_sequence_number","event_data"],"record":"{\"selling_id\":\"ED31572629444279A7159792EC571B17\",\"fulfillment_node_id\":\"6284\",\"event_type\":\"vbIdSellingIdInventoryUpdated/1\",\"update_at\":1564378909,\"stream_sequence_number\":768,\"event_data\":\"{\\\"id\\\":\\\"5227249efbec4640b6f1d582cfe67a10\\\",\\\"vbId\\\":\\\"PantherMigrationVbId\\\",\\\"sellingId\\\":\\\"ED31572629444279A7159792EC571B17\\\",\\\"merchantId\\\":\\\"9fc08905039048918982091f266c2a29\\\",\\\"skuId\\\":\\\"PantherMigrationSkuId\\\",\\\"f\\\":263,\\\"fnId\\\":\\\"6284\\\",\\\"by\\\":\\\"Killmonger.Migration.MapInWalmartInvUpdates\\\",\\\"at\\\":\\\"2019-07-29T05:41:49.276+00:00\\\",\\\"invUssn\\\":0,\\\"isInf\\\":false,\\\"ifa\\\":true,\\\"martAvail\\\":[{\\\"martId\\\":\\\"21\\\",\\\"ia\\\":true},{\\\"martId\\\":\\\"0\\\",\\\"ia\\\":true}],\\\"clt\\\":\\\"WoJ\\\"}\"}"}
{"id":"0CE59E6567D143FBA894E456B8C2A3CB","table":"killmonger_events_table","keyspace":"msku","timestamp":"2019-07-29T05:40:44.629Z","clusteringKeys":["10000012970","updateVbIdSellingIdInventorySkipped/1","1564375531"],"changedColumns":["selling_id","fulfillment_node_id","event_type","update_at","stream_sequence_number","event_data"],"record":"{\"selling_id\":\"0CE59E6567D143FBA894E456B8C2A3CB\",\"fulfillment_node_id\":\"10000012970\",\"event_type\":\"updateVbIdSellingIdInventorySkipped/1\",\"update_at\":1564375531,\"stream_sequence_number\":101,\"event_data\":\"{\\\"id\\\":\\\"f09111664fb54088bdcd2c7841aee315\\\",\\\"vbId\\\":\\\"072774338979-12863\\\",\\\"sellingId\\\":\\\"0CE59E6567D143FBA894E456B8C2A3CB\\\",\\\"merchantId\\\":\\\"12863\\\",\\\"skuId\\\":\\\"072774338979\\\",\\\"f\\\":1,\\\"fnId\\\":\\\"10000012970\\\",\\\"fnType\\\":\\\"MARKETPLACE\\\",\\\"by\\\":\\\"Vibranium\\\",\\\"at\\\":\\\"2019-07-29T04:45:31+00:00\\\",\\\"invUssn\\\":96,\\\"catUssn\\\":0,\\\"isInf\\\":false}\"}"}
{"id":"8b3ef654c3fc43e2904f27f2046395fd","table":"killmonger_events_table","keyspace":"msku","timestamp":"2019-07-29T05:40:44.626Z","clusteringKeys":["6ccbd76c487c42e5b65dd274f51b72ea","vbIdSellingIdInventoryUpdated/1","1564378479"],"changedColumns":["selling_id","fulfillment_node_id","event_type","update_at","stream_sequence_number","event_data"],"record":"{\"selling_id\":\"8b3ef654c3fc43e2904f27f2046395fd\",\"fulfillment_node_id\":\"6ccbd76c487c42e5b65dd274f51b72ea\",\"event_type\":\"vbIdSellingIdInventoryUpdated/1\",\"update_at\":1564378479,\"stream_sequence_number\":42,\"event_data\":\"{\\\"id\\\":\\\"44bce02b01784434bdf7ee9ab20798de\\\",\\\"vbId\\\":\\\"8b3ef654c3fc43e2904f27f2046395fd\\\",\\\"sellingId\\\":\\\"8b3ef654c3fc43e2904f27f2046395fd\\\",\\\"merchantId\\\":\\\"e43cf7756d0b4ba8a4e9046774656ce8\\\",\\\"skuId\\\":\\\"8b3ef654c3fc43e2904f27f2046395fd\\\",\\\"f\\\":90,\\\"fnId\\\":\\\"6ccbd76c487c42e5b65dd274f51b72ea\\\",\\\"fnType\\\":\\\"wolverine\\\",\\\"by\\\":\\\"Vibranium\\\",\\\"at\\\":\\\"2019-07-29T05:34:39+00:00\\\",\\\"invUssn\\\":54,\\\"isInf\\\":false,\\\"ifa\\\":true,\\\"martAvail\\\":[{\\\"martId\\\":\\\"21\\\",\\\"ia\\\":true}],\\\"clt\\\":\\\"JoJ\\\"}\"}"}
{"id":"8b3ef654c3fc43e2904f27f2046395fd","table":"killmonger_events_table","keyspace":"msku","timestamp":"2019-07-29T05:40:44.626Z","clusteringKeys":["6ccbd76c487c42e5b65dd274f51b72ea","updateVbIdSellingIdInventorySkipped/1","1564378479"],"changedColumns":["selling_id","fulfillment_node_id","event_type","update_at","stream_sequence_number","event_data"],"record":"{\"selling_id\":\"8b3ef654c3fc43e2904f27f2046395fd\",\"fulfillment_node_id\":\"6ccbd76c487c42e5b65dd274f51b72ea\",\"event_type\":\"updateVbIdSellingIdInventorySkipped/1\",\"update_at\":1564378479,\"stream_sequence_number\":43,\"event_data\":\"{\\\"id\\\":\\\"44bce02b01784434bdf7ee9ab20798de\\\",\\\"vbId\\\":\\\"8b3ef654c3fc43e2904f27f2046395fd\\\",\\\"sellingId\\\":\\\"8b3ef654c3fc43e2904f27f2046395fd\\\",\\\"merchantId\\\":\\\"e43cf7756d0b4ba8a4e9046774656ce8\\\",\\\"skuId\\\":\\\"8b3ef654c3fc43e2904f27f2046395fd\\\",\\\"f\\\":90,\\\"fnId\\\":\\\"6ccbd76c487c42e5b65dd274f51b72ea\\\",\\\"fnType\\\":\\\"wolverine\\\",\\\"by\\\":\\\"Vibranium\\\",\\\"at\\\":\\\"2019-07-29T05:34:39+00:00\\\",\\\"invUssn\\\":54,\\\"isInf\\\":false}\"}"}
{"id":"c4fc20cd9b5b48b6a04be98cb39f9f83","table":"killmonger_events_table","keyspace":"msku","timestamp":"2019-07-29T05:40:44.626Z","clusteringKeys":["f659882a542b4e7e88a3cb659484e1e0","updateVbIdSellingIdInventorySkipped/1","1564378325"],"changedColumns":["selling_id","fulfillment_node_id","event_type","update_at","stream_sequence_number","event_data"],"record":"{\"selling_id\":\"c4fc20cd9b5b48b6a04be98cb39f9f83\",\"fulfillment_node_id\":\"f659882a542b4e7e88a3cb659484e1e0\",\"event_type\":\"updateVbIdSellingIdInventorySkipped/1\",\"update_at\":1564378325,\"stream_sequence_number\":18,\"event_data\":\"{\\\"id\\\":\\\"4358b5f70fd84e169351767178476f93\\\",\\\"vbId\\\":\\\"c4fc20cd9b5b48b6a04be98cb39f9f83\\\",\\\"sellingId\\\":\\\"c4fc20cd9b5b48b6a04be98cb39f9f83\\\",\\\"merchantId\\\":\\\"189988e37579478080938782f0af5b48\\\",\\\"skuId\\\":\\\"c4fc20cd9b5b48b6a04be98cb39f9f83\\\",\\\"f\\\":18,\\\"fnId\\\":\\\"f659882a542b4e7e88a3cb659484e1e0\\\",\\\"fnType\\\":\\\"wolverine\\\",\\\"by\\\":\\\"Vibranium\\\",\\\"at\\\":\\\"2019-07-29T05:32:05+00:00\\\",\\\"invUssn\\\":18,\\\"isInf\\\":false}\"}"}
{"id":"6E7033C6539549E69AA3AABF78734D0C","table":"killmonger_events_table","keyspace":"msku","timestamp":"2019-07-29T05:45:03.440Z","clusteringKeys":["2379","vbIdSellingIdInventoryUpdated/1","1564376137"],"changedColumns":["selling_id","fulfillment_node_id","event_type","update_at","stream_sequence_number","event_data"],"record":"{\"selling_id\":\"6E7033C6539549E69AA3AABF78734D0C\",\"fulfillment_node_id\":\"2379\",\"event_type\":\"vbIdSellingIdInventoryUpdated/1\",\"update_at\":1564376137,\"stream_sequence_number\":130,\"event_data\":\"{\\\"id\\\":\\\"e9cf700309494612874f9db532a2817c\\\",\\\"vbId\\\":\\\"PantherMigrationVbId\\\",\\\"sellingId\\\":\\\"6E7033C6539549E69AA3AABF78734D0C\\\",\\\"merchantId\\\":\\\"9fc08905039048918982091f266c2a29\\\",\\\"skuId\\\":\\\"PantherMigrationSkuId\\\",\\\"f\\\":0,\\\"fnId\\\":\\\"2379\\\",\\\"by\\\":\\\"Killmonger.Migration.MapInWalmartInvUpdates\\\",\\\"at\\\":\\\"2019-07-29T04:55:37.434+00:00\\\",\\\"invUssn\\\":0,\\\"isInf\\\":false,\\\"ifa\\\":true,\\\"martAvail\\\":[{\\\"martId\\\":\\\"21\\\",\\\"ia\\\":true},{\\\"martId\\\":\\\"0\\\",\\\"ia\\\":true}],\\\"clt\\\":\\\"WoJ\\\"}\"}"}
{"id":"a8b1a718dfa749189f9a8c39d268e68e","table":"killmonger_events_table","keyspace":"msku","timestamp":"2019-07-29T05:40:44.628Z","clusteringKeys":["3cbcc7e28aac4f6fb0a8cde4e85483c0","vbIdSellingIdInventoryUpdated/1","1564375506"],"changedColumns":["selling_id","fulfillment_node_id","event_type","update_at","stream_sequence_number","event_data"],"record":"{\"selling_id\":\"a8b1a718dfa749189f9a8c39d268e68e\",\"fulfillment_node_id\":\"3cbcc7e28aac4f6fb0a8cde4e85483c0\",\"event_type\":\"vbIdSellingIdInventoryUpdated/1\",\"update_at\":1564375506,\"stream_sequence_number\":96,\"event_data\":\"{\\\"id\\\":\\\"ed7a68c7ddee4f7081d91154feec2b32\\\",\\\"vbId\\\":\\\"a8b1a718dfa749189f9a8c39d268e68e\\\",\\\"sellingId\\\":\\\"a8b1a718dfa749189f9a8c39d268e68e\\\",\\\"merchantId\\\":\\\"7eaf70709bf149f890dc3a845871dab4\\\",\\\"skuId\\\":\\\"a8b1a718dfa749189f9a8c39d268e68e\\\",\\\"f\\\":559,\\\"fnId\\\":\\\"3cbcc7e28aac4f6fb0a8cde4e85483c0\\\",\\\"fnType\\\":\\\"wolverine\\\",\\\"by\\\":\\\"Vibranium\\\",\\\"at\\\":\\\"2019-07-29T04:45:06+00:00\\\",\\\"invUssn\\\":75,\\\"isInf\\\":false,\\\"ifa\\\":true,\\\"martAvail\\\":[{\\\"martId\\\":\\\"21\\\",\\\"ia\\\":true}],\\\"clt\\\":\\\"JoJ\\\"}\"}"}
{"id":"4BD54B37B2244FD7A7EF9133F2A5F100","table":"killmonger_events_table","keyspace":"msku","timestamp":"2019-07-29T05:45:03.442Z","clusteringKeys":["5868","vbIdSellingIdInventoryUpdated/1","1564378907"],"changedColumns":["selling_id","fulfillment_node_id","event_type","update_at","stream_sequence_number","event_data"],"record":"{\"selling_id\":\"4BD54B37B2244FD7A7EF9133F2A5F100\",\"fulfillment_node_id\":\"5868\",\"event_type\":\"vbIdSellingIdInventoryUpdated/1\",\"update_at\":1564378907,\"stream_sequence_number\":135,\"event_data\":\"{\\\"id\\\":\\\"6f578c800c5142d1a0574ed9b4090927\\\",\\\"vbId\\\":\\\"PantherMigrationVbId\\\",\\\"sellingId\\\":\\\"4BD54B37B2244FD7A7EF9133F2A5F100\\\",\\\"merchantId\\\":\\\"9fc08905039048918982091f266c2a29\\\",\\\"skuId\\\":\\\"PantherMigrationSkuId\\\",\\\"f\\\":0,\\\"fnId\\\":\\\"5868\\\",\\\"by\\\":\\\"Killmonger.Migration.MapInWalmartInvUpdates\\\",\\\"at\\\":\\\"2019-07-29T05:41:47.656+00:00\\\",\\\"invUssn\\\":0,\\\"isInf\\\":false,\\\"ifa\\\":true,\\\"martAvail\\\":[{\\\"martId\\\":\\\"21\\\",\\\"ia\\\":true},{\\\"martId\\\":\\\"0\\\",\\\"ia\\\":true}],\\\"clt\\\":\\\"WoJ\\\"}\"}"}
{"id":"4BD54B37B2244FD7A7EF9133F2A5F100","table":"killmonger_events_table","keyspace":"msku","timestamp":"2019-07-29T05:45:03.443Z","clusteringKeys":["5868","vbIdSellingIdInventoryUpdated/1","1564378907"],"changedColumns":["selling_id","fulfillment_node_id","event_type","update_at","stream_sequence_number","event_data"],"record":"{\"selling_id\":\"4BD54B37B2244FD7A7EF9133F2A5F100\",\"fulfillment_node_id\":\"5868\",\"event_type\":\"vbIdSellingIdInventoryUpdated/1\",\"update_at\":1564378907,\"stream_sequence_number\":136,\"event_data\":\"{\\\"id\\\":\\\"6f578c800c5142d1a0574ed9b4090927\\\",\\\"vbId\\\":\\\"PantherMigrationVbId\\\",\\\"sellingId\\\":\\\"4BD54B37B2244FD7A7EF9133F2A5F100\\\",\\\"merchantId\\\":\\\"9fc08905039048918982091f266c2a29\\\",\\\"skuId\\\":\\\"PantherMigrationSkuId\\\",\\\"f\\\":0,\\\"fnId\\\":\\\"5868\\\",\\\"by\\\":\\\"Killmonger.Migration.MapInWalmartInvUpdates\\\",\\\"at\\\":\\\"2019-07-29T05:41:47.656+00:00\\\",\\\"invUssn\\\":0,\\\"isInf\\\":false,\\\"ifa\\\":true,\\\"martAvail\\\":[{\\\"martId\\\":\\\"21\\\",\\\"ia\\\":true},{\\\"martId\\\":\\\"0\\\",\\\"ia\\\":true}],\\\"clt\\\":\\\"WoJ\\\"}\"}"}
{"id":"2FA98C158D8243DA8DE117BD4440F72D","table":"killmonger_events_table","keyspace":"msku","timestamp":"2019-07-29T05:40:44.638Z","clusteringKeys":["8302","vbIdSellingIdInventoryUpdated/1","1564378909"],"changedColumns":["selling_id","fulfillment_node_id","event_type","update_at","stream_sequence_number","event_data"],"record":"{\"selling_id\":\"2FA98C158D8243DA8DE117BD4440F72D\",\"fulfillment_node_id\":\"8302\",\"event_type\":\"vbIdSellingIdInventoryUpdated/1\",\"update_at\":1564378909,\"stream_sequence_number\":136,\"event_data\":\"{\\\"id\\\":\\\"d12daceab6d7495bbc0883bede5ea913\\\",\\\"vbId\\\":\\\"PantherMigrationVbId\\\",\\\"sellingId\\\":\\\"2FA98C158D8243DA8DE117BD4440F72D\\\",\\\"merchantId\\\":\\\"9fc08905039048918982091f266c2a29\\\",\\\"skuId\\\":\\\"PantherMigrationSkuId\\\",\\\"f\\\":0,\\\"fnId\\\":\\\"8302\\\",\\\"by\\\":\\\"Killmonger.Migration.MapInWalmartInvUpdates\\\",\\\"at\\\":\\\"2019-07-29T05:41:49.949+00:00\\\",\\\"invUssn\\\":0,\\\"isInf\\\":false,\\\"ifa\\\":true,\\\"martAvail\\\":[{\\\"martId\\\":\\\"21\\\",\\\"ia\\\":true},{\\\"martId\\\":\\\"0\\\",\\\"ia\\\":true}],\\\"clt\\\":\\\"WoJ\\\"}\"}"}
{"id":"2ca7b19af0ae4d7b9b9648159deba534","table":"killmonger_events_table","keyspace":"msku","timestamp":"2019-07-29T05:45:02.397Z","clusteringKeys":["fb72b6f9c1e54625a551711f6ee72714","vbIdSellingIdInventoryUpdated/1","1564378274"],"changedColumns":["selling_id","fulfillment_node_id","event_type","update_at","stream_sequence_number","event_data"],"record":"{\"selling_id\":\"2ca7b19af0ae4d7b9b9648159deba534\",\"fulfillment_node_id\":\"fb72b6f9c1e54625a551711f6ee72714\",\"event_type\":\"vbIdSellingIdInventoryUpdated/1\",\"update_at\":1564378274,\"stream_sequence_number\":46,\"event_data\":\"{\\\"id\\\":\\\"4ec077517963488e8641c295fe3e6cf7\\\",\\\"vbId\\\":\\\"2ca7b19af0ae4d7b9b9648159deba534\\\",\\\"sellingId\\\":\\\"2ca7b19af0ae4d7b9b9648159deba534\\\",\\\"merchantId\\\":\\\"e43cf7756d0b4ba8a4e9046774656ce8\\\",\\\"skuId\\\":\\\"2ca7b19af0ae4d7b9b9648159deba534\\\",\\\"f\\\":119,\\\"fnId\\\":\\\"fb72b6f9c1e54625a551711f6ee72714\\\",\\\"fnType\\\":\\\"wolverine\\\",\\\"by\\\":\\\"Vibranium\\\",\\\"at\\\":\\\"2019-07-29T05:31:14+00:00\\\",\\\"invUssn\\\":60,\\\"isInf\\\":false,\\\"ifa\\\":true,\\\"martAvail\\\":[{\\\"martId\\\":\\\"21\\\",\\\"ia\\\":true}],\\\"clt\\\":\\\"JoJ\\\"}\"}"}
{"id":"53F42F476F374FD6A88CCCFC0FB697EA","table":"killmonger_events_table","keyspace":"msku","timestamp":"2019-07-29T05:45:02.397Z","clusteringKeys":["2707","vbIdSellingIdInventoryUpdated/1","1564376139"],"changedColumns":["selling_id","fulfillment_node_id","event_type","update_at","stream_sequence_number","event_data"],"record":"{\"selling_id\":\"53F42F476F374FD6A88CCCFC0FB697EA\",\"fulfillment_node_id\":\"2707\",\"event_type\":\"vbIdSellingIdInventoryUpdated/1\",\"update_at\":1564376139,\"stream_sequence_number\":96,\"event_data\":\"{\\\"id\\\":\\\"d1a53d9b015e48aeb792674d29642d25\\\",\\\"vbId\\\":\\\"PantherMigrationVbId\\\",\\\"sellingId\\\":\\\"53F42F476F374FD6A88CCCFC0FB697EA\\\",\\\"merchantId\\\":\\\"9fc08905039048918982091f266c2a29\\\",\\\"skuId\\\":\\\"PantherMigrationSkuId\\\",\\\"f\\\":0,\\\"fnId\\\":\\\"2707\\\",\\\"by\\\":\\\"Killmonger.Migration.MapInWalmartInvUpdates\\\",\\\"at\\\":\\\"2019-07-29T04:55:39.742+00:00\\\",\\\"invUssn\\\":0,\\\"isInf\\\":false,\\\"ifa\\\":true,\\\"martAvail\\\":[{\\\"martId\\\":\\\"21\\\",\\\"ia\\\":true},{\\\"martId\\\":\\\"0\\\",\\\"ia\\\":true}],\\\"clt\\\":\\\"WoJ\\\"}\"}"}
{"id":"8aecfceb2f7d4591909ad12700178ccb","table":"killmonger_events_table","keyspace":"msku","timestamp":"2019-07-29T05:45:02.401Z","clusteringKeys":["b526267ae4334f8781697d59ff325f05","vbIdSellingIdInventoryUpdated/1","1564378453"],"changedColumns":["selling_id","fulfillment_node_id","event_type","update_at","stream_sequence_number","event_data"],"record":"{\"selling_id\":\"8aecfceb2f7d4591909ad12700178ccb\",\"fulfillment_node_id\":\"b526267ae4334f8781697d59ff325f05\",\"event_type\":\"vbIdSellingIdInventoryUpdated/1\",\"update_at\":1564378453,\"stream_sequence_number\":212,\"event_data\":\"{\\\"id\\\":\\\"0cebdee38f9f4f50bd2f2c13557c1a69\\\",\\\"vbId\\\":\\\"8aecfceb2f7d4591909ad12700178ccb\\\",\\\"sellingId\\\":\\\"8aecfceb2f7d4591909ad12700178ccb\\\",\\\"merchantId\\\":\\\"7a73697287a74255b365b6f6d02d7127\\\",\\\"skuId\\\":\\\"8aecfceb2f7d4591909ad12700178ccb\\\",\\\"f\\\":98,\\\"fnId\\\":\\\"b526267ae4334f8781697d59ff325f05\\\",\\\"fnType\\\":\\\"wolverine\\\",\\\"by\\\":\\\"Vibranium\\\",\\\"at\\\":\\\"2019-07-29T05:34:13+00:00\\\",\\\"invUssn\\\":244,\\\"isInf\\\":false,\\\"ifa\\\":true,\\\"martAvail\\\":[{\\\"martId\\\":\\\"21\\\",\\\"ia\\\":true}],\\\"clt\\\":\\\"JoJ\\\"}\"}"}
{"id":"7b8d3211e7c24dfdb717eb00d4d1171f","table":"killmonger_events_table","keyspace":"msku","timestamp":"2019-07-29T05:40:44.646Z","clusteringKeys":["fb72b6f9c1e54625a551711f6ee72714","updateVbIdSellingIdInventorySkipped/1","1564375727"],"changedColumns":["selling_id","fulfillment_node_id","event_type","update_at","stream_sequence_number","event_data"],"record":"{\"selling_id\":\"7b8d3211e7c24dfdb717eb00d4d1171f\",\"fulfillment_node_id\":\"fb72b6f9c1e54625a551711f6ee72714\",\"event_type\":\"updateVbIdSellingIdInventorySkipped/1\",\"update_at\":1564375727,\"stream_sequence_number\":37,\"event_data\":\"{\\\"id\\\":\\\"f65013d19ada4205add5bebf6f846b3a\\\",\\\"vbId\\\":\\\"7b8d3211e7c24dfdb717eb00d4d1171f\\\",\\\"sellingId\\\":\\\"7b8d3211e7c24dfdb717eb00d4d1171f\\\",\\\"merchantId\\\":\\\"e43cf7756d0b4ba8a4e9046774656ce8\\\",\\\"skuId\\\":\\\"7b8d3211e7c24dfdb717eb00d4d1171f\\\",\\\"f\\\":103,\\\"fnId\\\":\\\"fb72b6f9c1e54625a551711f6ee72714\\\",\\\"fnType\\\":\\\"wolverine\\\",\\\"by\\\":\\\"Vibranium\\\",\\\"at\\\":\\\"2019-07-29T04:48:47+00:00\\\",\\\"invUssn\\\":48,\\\"isInf\\\":false}\"}"}
{"id":"CDF76BEA6F6340F19FC97492A473D580","table":"killmonger_events_table","keyspace":"msku","timestamp":"2019-07-29T05:45:03.460Z","clusteringKeys":["2707","vbIdSellingIdInventoryUpdated/1","1564378907"],"changedColumns":["selling_id","fulfillment_node_id","event_type","update_at","stream_sequence_number","event_data"],"record":"{\"selling_id\":\"CDF76BEA6F6340F19FC97492A473D580\",\"fulfillment_node_id\":\"2707\",\"event_type\":\"vbIdSellingIdInventoryUpdated/1\",\"update_at\":1564378907,\"stream_sequence_number\":99,\"event_data\":\"{\\\"id\\\":\\\"b2ecab396a5441dcb293682a2b02d303\\\",\\\"vbId\\\":\\\"PantherMigrationVbId\\\",\\\"sellingId\\\":\\\"CDF76BEA6F6340F19FC97492A473D580\\\",\\\"merchantId\\\":\\\"9fc08905039048918982091f266c2a29\\\",\\\"skuId\\\":\\\"PantherMigrationSkuId\\\",\\\"f\\\":0,\\\"fnId\\\":\\\"2707\\\",\\\"by\\\":\\\"Killmonger.Migration.MapInWalmartInvUpdates\\\",\\\"at\\\":\\\"2019-07-29T05:41:47.347+00:00\\\",\\\"invUssn\\\":0,\\\"isInf\\\":false,\\\"ifa\\\":true,\\\"martAvail\\\":[{\\\"martId\\\":\\\"21\\\",\\\"ia\\\":true},{\\\"martId\\\":\\\"0\\\",\\\"ia\\\":true}],\\\"clt\\\":\\\"WoJ\\\"}\"}"}
{"id":"e95fe62668754be1b68c531fdd71f427","table":"killmonger_events_table","keyspace":"msku","timestamp":"2019-07-29T05:45:03.462Z","clusteringKeys":["fb72b6f9c1e54625a551711f6ee72714","vbIdSellingIdInventoryUpdated/1","1564378075"],"changedColumns":["selling_id","fulfillment_node_id","event_type","update_at","stream_sequence_number","event_data"],"record":"{\"selling_id\":\"e95fe62668754be1b68c531fdd71f427\",\"fulfillment_node_id\":\"fb72b6f9c1e54625a551711f6ee72714\",\"event_type\":\"vbIdSellingIdInventoryUpdated/1\",\"update_at\":1564378075,\"stream_sequence_number\":46,\"event_data\":\"{\\\"id\\\":\\\"a33bcb887f1749ec939ad1c3cd2bf553\\\",\\\"vbId\\\":\\\"e95fe62668754be1b68c531fdd71f427\\\",\\\"sellingId\\\":\\\"e95fe62668754be1b68c531fdd71f427\\\",\\\"merchantId\\\":\\\"e43cf7756d0b4ba8a4e9046774656ce8\\\",\\\"skuId\\\":\\\"e95fe62668754be1b68c531fdd71f427\\\",\\\"f\\\":126,\\\"fnId\\\":\\\"fb72b6f9c1e54625a551711f6ee72714\\\",\\\"fnType\\\":\\\"wolverine\\\",\\\"by\\\":\\\"Vibranium\\\",\\\"at\\\":\\\"2019-07-29T05:27:55+00:00\\\",\\\"invUssn\\\":52,\\\"isInf\\\":false,\\\"ifa\\\":true,\\\"martAvail\\\":[{\\\"martId\\\":\\\"21\\\",\\\"ia\\\":true}],\\\"clt\\\":\\\"JoJ\\\"}\"}"}
{"id":"39bb3d9b49ed49edb66cc2230d8653f3","table":"killmonger_events_table","keyspace":"msku","timestamp":"2019-07-29T05:44:36.994Z","clusteringKeys":["fb72b6f9c1e54625a551711f6ee72714","updateVbIdSellingIdInventorySkipped/1","1564378075"],"changedColumns":["selling_id","fulfillment_node_id","event_type","update_at","stream_sequence_number","event_data"],"record":"{\"selling_id\":\"39bb3d9b49ed49edb66cc2230d8653f3\",\"fulfillment_node_id\":\"fb72b6f9c1e54625a551711f6ee72714\",\"event_type\":\"updateVbIdSellingIdInventorySkipped/1\",\"update_at\":1564378075,\"stream_sequence_number\":38,\"event_data\":\"{\\\"id\\\":\\\"db24365169d24dd39e1562566282958b\\\",\\\"vbId\\\":\\\"39bb3d9b49ed49edb66cc2230d8653f3\\\",\\\"sellingId\\\":\\\"39bb3d9b49ed49edb66cc2230d8653f3\\\",\\\"merchantId\\\":\\\"e43cf7756d0b4ba8a4e9046774656ce8\\\",\\\"skuId\\\":\\\"39bb3d9b49ed49edb66cc2230d8653f3\\\",\\\"f\\\":132,\\\"fnId\\\":\\\"fb72b6f9c1e54625a551711f6ee72714\\\",\\\"fnType\\\":\\\"wolverine\\\",\\\"by\\\":\\\"Vibranium\\\",\\\"at\\\":\\\"2019-07-29T05:27:55+00:00\\\",\\\"invUssn\\\":49,\\\"isInf\\\":false}\"}"}
{"id":"39bb3d9b49ed49edb66cc2230d8653f3","table":"killmonger_events_table","keyspace":"msku","timestamp":"2019-07-29T05:44:36.994Z","clusteringKeys":["fb72b6f9c1e54625a551711f6ee72714","updateVbIdSellingIdInventorySkipped/1","1564378075"],"changedColumns":["selling_id","fulfillment_node_id","event_type","update_at","stream_sequence_number","event_data"],"record":"{\"selling_id\":\"39bb3d9b49ed49edb66cc2230d8653f3\",\"fulfillment_node_id\":\"fb72b6f9c1e54625a551711f6ee72714\",\"event_type\":\"updateVbIdSellingIdInventorySkipped/1\",\"update_at\":1564378075,\"stream_sequence_number\":39,\"event_data\":\"{\\\"id\\\":\\\"db24365169d24dd39e1562566282958b\\\",\\\"vbId\\\":\\\"39bb3d9b49ed49edb66cc2230d8653f3\\\",\\\"sellingId\\\":\\\"39bb3d9b49ed49edb66cc2230d8653f3\\\",\\\"merchantId\\\":\\\"e43cf7756d0b4ba8a4e9046774656ce8\\\",\\\"skuId\\\":\\\"39bb3d9b49ed49edb66cc2230d8653f3\\\",\\\"f\\\":132,\\\"fnId\\\":\\\"fb72b6f9c1e54625a551711f6ee72714\\\",\\\"fnType\\\":\\\"wolverine\\\",\\\"by\\\":\\\"Vibranium\\\",\\\"at\\\":\\\"2019-07-29T05:27:55+00:00\\\",\\\"invUssn\\\":49,\\\"isInf\\\":false}\"}"}
{"id":"d475a26d79c04134bf02877cd18a73d6","table":"killmonger_events_table","keyspace":"msku","timestamp":"2019-07-29T05:45:02.407Z","clusteringKeys":["fb72b6f9c1e54625a551711f6ee72714","updateVbIdSellingIdInventorySkipped/1","1564375526"],"changedColumns":["selling_id","fulfillment_node_id","event_type","update_at","stream_sequence_number","event_data"],"record":"{\"selling_id\":\"d475a26d79c04134bf02877cd18a73d6\",\"fulfillment_node_id\":\"fb72b6f9c1e54625a551711f6ee72714\",\"event_type\":\"updateVbIdSellingIdInventorySkipped/1\",\"update_at\":1564375526,\"stream_sequence_number\":44,\"event_data\":\"{\\\"id\\\":\\\"6bc05998e23b46c1a93d4ee09601cb19\\\",\\\"vbId\\\":\\\"d475a26d79c04134bf02877cd18a73d6\\\",\\\"sellingId\\\":\\\"d475a26d79c04134bf02877cd18a73d6\\\",\\\"merchantId\\\":\\\"e43cf7756d0b4ba8a4e9046774656ce8\\\",\\\"skuId\\\":\\\"d475a26d79c04134bf02877cd18a73d6\\\",\\\"f\\\":81,\\\"fnId\\\":\\\"fb72b6f9c1e54625a551711f6ee72714\\\",\\\"fnType\\\":\\\"wolverine\\\",\\\"by\\\":\\\"Vibranium\\\",\\\"at\\\":\\\"2019-07-29T04:45:26+00:00\\\",\\\"invUssn\\\":50,\\\"isInf\\\":false}\"}"}
{"id":"1E1AAED4EC9B4EE68248D8265631FF4D","table":"killmonger_events_table","keyspace":"msku","timestamp":"2019-07-29T05:44:36.994Z","clusteringKeys":["2378","vbIdSellingIdInventoryUpdated/1","1564378912"],"changedColumns":["selling_id","fulfillment_node_id","event_type","update_at","stream_sequence_number","event_data"],"record":"{\"selling_id\":\"1E1AAED4EC9B4EE68248D8265631FF4D\",\"fulfillment_node_id\":\"2378\",\"event_type\":\"vbIdSellingIdInventoryUpdated/1\",\"update_at\":1564378912,\"stream_sequence_number\":86,\"event_data\":\"{\\\"id\\\":\\\"04bebc85873948f3968e47d9e386aa45\\\",\\\"vbId\\\":\\\"PantherMigrationVbId\\\",\\\"sellingId\\\":\\\"1E1AAED4EC9B4EE68248D8265631FF4D\\\",\\\"merchantId\\\":\\\"9fc08905039048918982091f266c2a29\\\",\\\"skuId\\\":\\\"PantherMigrationSkuId\\\",\\\"f\\\":0,\\\"fnId\\\":\\\"2378\\\",\\\"by\\\":\\\"Killmonger.Migration.MapInWalmartInvUpdates\\\",\\\"at\\\":\\\"2019-07-29T05:41:52.415+00:00\\\",\\\"invUssn\\\":0,\\\"isInf\\\":false,\\\"ifa\\\":true,\\\"martAvail\\\":[{\\\"martId\\\":\\\"21\\\",\\\"ia\\\":true},{\\\"martId\\\":\\\"0\\\",\\\"ia\\\":true}],\\\"clt\\\":\\\"WoJ\\\"}\"}"}
{"id":"1E1AAED4EC9B4EE68248D8265631FF4D","table":"killmonger_events_table","keyspace":"msku","timestamp":"2019-07-29T05:44:36.994Z","clusteringKeys":["2378","vbIdSellingIdInventoryUpdated/1","1564378912"],"changedColumns":["selling_id","fulfillment_node_id","event_type","update_at","stream_sequence_number","event_data"],"record":"{\"selling_id\":\"1E1AAED4EC9B4EE68248D8265631FF4D\",\"fulfillment_node_id\":\"2378\",\"event_type\":\"vbIdSellingIdInventoryUpdated/1\",\"update_at\":1564378912,\"stream_sequence_number\":87,\"event_data\":\"{\\\"id\\\":\\\"04bebc85873948f3968e47d9e386aa45\\\",\\\"vbId\\\":\\\"PantherMigrationVbId\\\",\\\"sellingId\\\":\\\"1E1AAED4EC9B4EE68248D8265631FF4D\\\",\\\"merchantId\\\":\\\"9fc08905039048918982091f266c2a29\\\",\\\"skuId\\\":\\\"PantherMigrationSkuId\\\",\\\"f\\\":0,\\\"fnId\\\":\\\"2378\\\",\\\"by\\\":\\\"Killmonger.Migration.MapInWalmartInvUpdates\\\",\\\"at\\\":\\\"2019-07-29T05:41:52.415+00:00\\\",\\\"invUssn\\\":0,\\\"isInf\\\":false,\\\"ifa\\\":true,\\\"martAvail\\\":[{\\\"martId\\\":\\\"21\\\",\\\"ia\\\":true},{\\\"martId\\\":\\\"0\\\",\\\"ia\\\":true}],\\\"clt\\\":\\\"WoJ\\\"}\"}"}
{"id":"9CCFEEDBA09D4AD9BE8A68D8BB974D1D","table":"killmonger_events_table","keyspace":"msku","timestamp":"2019-07-29T05:40:44.650Z","clusteringKeys":["4364","vbIdSellingIdInventoryUpdated/1","1564378912"],"changedColumns":["selling_id","fulfillment_node_id","event_type","update_at","stream_sequence_number","event_data"],"record":"{\"selling_id\":\"9CCFEEDBA09D4AD9BE8A68D8BB974D1D\",\"fulfillment_node_id\":\"4364\",\"event_type\":\"vbIdSellingIdInventoryUpdated/1\",\"update_at\":1564378912,\"stream_sequence_number\":154,\"event_data\":\"{\\\"id\\\":\\\"2b099e1cda0443fe9328b220c3454c6f\\\",\\\"vbId\\\":\\\"PantherMigrationVbId\\\",\\\"sellingId\\\":\\\"9CCFEEDBA09D4AD9BE8A68D8BB974D1D\\\",\\\"merchantId\\\":\\\"9fc08905039048918982091f266c2a29\\\",\\\"skuId\\\":\\\"PantherMigrationSkuId\\\",\\\"f\\\":0,\\\"fnId\\\":\\\"4364\\\",\\\"by\\\":\\\"Killmonger.Migration.MapInWalmartInvUpdates\\\",\\\"at\\\":\\\"2019-07-29T05:41:52.369+00:00\\\",\\\"invUssn\\\":0,\\\"isInf\\\":false,\\\"ifa\\\":true,\\\"martAvail\\\":[{\\\"martId\\\":\\\"21\\\",\\\"ia\\\":true},{\\\"martId\\\":\\\"0\\\",\\\"ia\\\":true}],\\\"clt\\\":\\\"WoJ\\\"}\"}"}
{"id":"e2e644f11a334a3b89ef4238a602ea56","table":"killmonger_events_table","keyspace":"msku","timestamp":"2019-07-29T05:40:44.652Z","clusteringKeys":["0a633d9fe80f4a45b6fdf372a649be0c","updateVbIdSellingIdInventorySkipped/1","1564378274"],"changedColumns":["selling_id","fulfillment_node_id","event_type","update_at","stream_sequence_number","event_data"],"record":"{\"selling_id\":\"e2e644f11a334a3b89ef4238a602ea56\",\"fulfillment_node_id\":\"0a633d9fe80f4a45b6fdf372a649be0c\",\"event_type\":\"updateVbIdSellingIdInventorySkipped/1\",\"update_at\":1564378274,\"stream_sequence_number\":38,\"event_data\":\"{\\\"id\\\":\\\"78b1c29614bf443caae15fb0963cd2da\\\",\\\"vbId\\\":\\\"e2e644f11a334a3b89ef4238a602ea56\\\",\\\"sellingId\\\":\\\"e2e644f11a334a3b89ef4238a602ea56\\\",\\\"merchantId\\\":\\\"e43cf7756d0b4ba8a4e9046774656ce8\\\",\\\"skuId\\\":\\\"e2e644f11a334a3b89ef4238a602ea56\\\",\\\"f\\\":97,\\\"fnId\\\":\\\"0a633d9fe80f4a45b6fdf372a649be0c\\\",\\\"fnType\\\":\\\"wolverine\\\",\\\"by\\\":\\\"Vibranium\\\",\\\"at\\\":\\\"2019-07-29T05:31:14+00:00\\\",\\\"invUssn\\\":46,\\\"isInf\\\":false}\"}"}
{"id":"cd391a4a2365482fa8b443d055aee3fa","table":"killmonger_events_table","keyspace":"msku","timestamp":"2019-07-29T05:45:02.409Z","clusteringKeys":["7d029b0996bd4f16bbd74454bab3ab2e","vbIdSellingIdInventoryUpdated/1","1564378274"],"changedColumns":["selling_id","fulfillment_node_id","event_type","update_at","stream_sequence_number","event_data"],"record":"{\"selling_id\":\"cd391a4a2365482fa8b443d055aee3fa\",\"fulfillment_node_id\":\"7d029b0996bd4f16bbd74454bab3ab2e\",\"event_type\":\"vbIdSellingIdInventoryUpdated/1\",\"update_at\":1564378274,\"stream_sequence_number\":41,\"event_data\":\"{\\\"id\\\":\\\"a5adaa6fe9884197b0382f3b5e5b1e81\\\",\\\"vbId\\\":\\\"cd391a4a2365482fa8b443d055aee3fa\\\",\\\"sellingId\\\":\\\"cd391a4a2365482fa8b443d055aee3fa\\\",\\\"merchantId\\\":\\\"e43cf7756d0b4ba8a4e9046774656ce8\\\",\\\"skuId\\\":\\\"cd391a4a2365482fa8b443d055aee3fa\\\",\\\"f\\\":141,\\\"fnId\\\":\\\"7d029b0996bd4f16bbd74454bab3ab2e\\\",\\\"fnType\\\":\\\"wolverine\\\",\\\"by\\\":\\\"Vibranium\\\",\\\"at\\\":\\\"2019-07-29T05:31:14+00:00\\\",\\\"invUssn\\\":49,\\\"isInf\\\":false,\\\"ifa\\\":true,\\\"martAvail\\\":[{\\\"martId\\\":\\\"21\\\",\\\"ia\\\":true}],\\\"clt\\\":\\\"JoJ\\\"}\"}"}
{"id":"f5b6c011e4124b8c8bb8d50f1980728c","table":"killmonger_events_table","keyspace":"msku","timestamp":"2019-07-29T05:40:44.657Z","clusteringKeys":["9b6aa4f1c023477482fa52f2c09d47ad","vbIdSellingIdInventoryUpdated/1","1564378154"],"changedColumns":["selling_id","fulfillment_node_id","event_type","update_at","stream_sequence_number","event_data"],"record":"{\"selling_id\":\"f5b6c011e4124b8c8bb8d50f1980728c\",\"fulfillment_node_id\":\"9b6aa4f1c023477482fa52f2c09d47ad\",\"event_type\":\"vbIdSellingIdInventoryUpdated/1\",\"update_at\":1564378154,\"stream_sequence_number\":204,\"event_data\":\"{\\\"id\\\":\\\"603c251ac4bf42ea9b1a4ddd0050bf9e\\\",\\\"vbId\\\":\\\"f5b6c011e4124b8c8bb8d50f1980728c\\\",\\\"sellingId\\\":\\\"f5b6c011e4124b8c8bb8d50f1980728c\\\",\\\"merchantId\\\":\\\"b69f703200ac46a683759dd9f1a3ab92\\\",\\\"skuId\\\":\\\"f5b6c011e4124b8c8bb8d50f1980728c\\\",\\\"f\\\":949,\\\"fnId\\\":\\\"9b6aa4f1c023477482fa52f2c09d47ad\\\",\\\"fnType\\\":\\\"wolverine\\\",\\\"by\\\":\\\"Vibranium\\\",\\\"at\\\":\\\"2019-07-29T05:29:14+00:00\\\",\\\"invUssn\\\":209,\\\"isInf\\\":false,\\\"ifa\\\":true,\\\"martAvail\\\":[{\\\"martId\\\":\\\"21\\\",\\\"ia\\\":true}],\\\"clt\\\":\\\"JoJ\\\"}\"}"}
{"id":"0d99ca173ed64c439a535a0749b7310c","table":"killmonger_events_table","keyspace":"msku","timestamp":"2019-07-29T05:44:37.003Z","clusteringKeys":["28f704e3608147b98e4ea0cb86a46bc5","updateVbIdSellingIdInventorySkipped/1","1564375385"],"changedColumns":["selling_id","fulfillment_node_id","event_type","update_at","stream_sequence_number","event_data"],"record":"{\"selling_id\":\"0d99ca173ed64c439a535a0749b7310c\",\"fulfillment_node_id\":\"28f704e3608147b98e4ea0cb86a46bc5\",\"event_type\":\"updateVbIdSellingIdInventorySkipped/1\",\"update_at\":1564375385,\"stream_sequence_number\":5022,\"event_data\":\"{\\\"id\\\":\\\"595e5a0c36454901af36ab79d3453e81\\\",\\\"vbId\\\":\\\"0d99ca173ed64c439a535a0749b7310c\\\",\\\"sellingId\\\":\\\"0d99ca173ed64c439a535a0749b7310c\\\",\\\"merchantId\\\":\\\"c2a55c3dd7bf4f929b5fc27ac5614ed3\\\",\\\"skuId\\\":\\\"0d99ca173ed64c439a535a0749b7310c\\\",\\\"f\\\":890,\\\"fnId\\\":\\\"28f704e3608147b98e4ea0cb86a46bc5\\\",\\\"fnType\\\":\\\"wolverine\\\",\\\"by\\\":\\\"Vibranium\\\",\\\"at\\\":\\\"2019-07-29T04:43:05+00:00\\\",\\\"invUssn\\\":5377,\\\"isInf\\\":false}\"}"}
{"id":"1953E936F7314910858D6EEAF33D1C50","table":"killmonger_events_table","keyspace":"msku","timestamp":"2019-07-29T05:44:37.008Z","clusteringKeys":["4401","vbIdSellingIdInventoryUpdated/1","1564378913"],"changedColumns":["selling_id","fulfillment_node_id","event_type","update_at","stream_sequence_number","event_data"],"record":"{\"selling_id\":\"1953E936F7314910858D6EEAF33D1C50\",\"fulfillment_node_id\":\"4401\",\"event_type\":\"vbIdSellingIdInventoryUpdated/1\",\"update_at\":1564378913,\"stream_sequence_number\":200,\"event_data\":\"{\\\"id\\\":\\\"bb39ee415d8a476eb730ef17092fc960\\\",\\\"vbId\\\":\\\"PantherMigrationVbId\\\",\\\"sellingId\\\":\\\"1953E936F7314910858D6EEAF33D1C50\\\",\\\"merchantId\\\":\\\"9fc08905039048918982091f266c2a29\\\",\\\"skuId\\\":\\\"PantherMigrationSkuId\\\",\\\"f\\\":4,\\\"fnId\\\":\\\"4401\\\",\\\"by\\\":\\\"Killmonger.Migration.MapInWalmartInvUpdates\\\",\\\"at\\\":\\\"2019-07-29T05:41:53.296+00:00\\\",\\\"invUssn\\\":0,\\\"isInf\\\":false,\\\"ifa\\\":true,\\\"martAvail\\\":[{\\\"martId\\\":\\\"21\\\",\\\"ia\\\":true},{\\\"martId\\\":\\\"0\\\",\\\"ia\\\":true}],\\\"clt\\\":\\\"WoJ\\\"}\"}"}
{"id":"3d752e0857d949e993ec6b924b356e06","table":"killmonger_events_table","keyspace":"msku","timestamp":"2019-07-29T05:44:37.008Z","clusteringKeys":["d907e6dfdf3d411d98e2aeae7e73e1ae","updateVbIdSellingIdInventorySkipped/1","1564377867"],"changedColumns":["selling_id","fulfillment_node_id","event_type","update_at","stream_sequence_number","event_data"],"record":"{\"selling_id\":\"3d752e0857d949e993ec6b924b356e06\",\"fulfillment_node_id\":\"d907e6dfdf3d411d98e2aeae7e73e1ae\",\"event_type\":\"updateVbIdSellingIdInventorySkipped/1\",\"update_at\":1564377867,\"stream_sequence_number\":223,\"event_data\":\"{\\\"id\\\":\\\"218cee7476994042a14a0543a8858a84\\\",\\\"vbId\\\":\\\"3d752e0857d949e993ec6b924b356e06\\\",\\\"sellingId\\\":\\\"3d752e0857d949e993ec6b924b356e06\\\",\\\"merchantId\\\":\\\"bf9078c421e242358ecaf838d145c500\\\",\\\"skuId\\\":\\\"3d752e0857d949e993ec6b924b356e06\\\",\\\"f\\\":10,\\\"fnId\\\":\\\"d907e6dfdf3d411d98e2aeae7e73e1ae\\\",\\\"fnType\\\":\\\"wolverine\\\",\\\"by\\\":\\\"Vibranium\\\",\\\"at\\\":\\\"2019-07-29T05:24:27+00:00\\\",\\\"invUssn\\\":245,\\\"isInf\\\":false}\"}"}
{"id":"1953E936F7314910858D6EEAF33D1C50","table":"killmonger_events_table","keyspace":"msku","timestamp":"2019-07-29T05:44:37.008Z","clusteringKeys":["4401","vbIdSellingIdInventoryUpdated/1","1564378913"],"changedColumns":["selling_id","fulfillment_node_id","event_type","update_at","stream_sequence_number","event_data"],"record":"{\"selling_id\":\"1953E936F7314910858D6EEAF33D1C50\",\"fulfillment_node_id\":\"4401\",\"event_type\":\"vbIdSellingIdInventoryUpdated/1\",\"update_at\":1564378913,\"stream_sequence_number\":201,\"event_data\":\"{\\\"id\\\":\\\"bb39ee415d8a476eb730ef17092fc960\\\",\\\"vbId\\\":\\\"PantherMigrationVbId\\\",\\\"sellingId\\\":\\\"1953E936F7314910858D6EEAF33D1C50\\\",\\\"merchantId\\\":\\\"9fc08905039048918982091f266c2a29\\\",\\\"skuId\\\":\\\"PantherMigrationSkuId\\\",\\\"f\\\":4,\\\"fnId\\\":\\\"4401\\\",\\\"by\\\":\\\"Killmonger.Migration.MapInWalmartInvUpdates\\\",\\\"at\\\":\\\"2019-07-29T05:41:53.296+00:00\\\",\\\"invUssn\\\":0,\\\"isInf\\\":false,\\\"ifa\\\":true,\\\"martAvail\\\":[{\\\"martId\\\":\\\"21\\\",\\\"ia\\\":true},{\\\"martId\\\":\\\"0\\\",\\\"ia\\\":true}],\\\"clt\\\":\\\"WoJ\\\"}\"}"}
{"id":"3d752e0857d949e993ec6b924b356e06","table":"killmonger_events_table","keyspace":"msku","timestamp":"2019-07-29T05:44:37.009Z","clusteringKeys":["d907e6dfdf3d411d98e2aeae7e73e1ae","updateVbIdSellingIdInventorySkipped/1","1564377867"],"changedColumns":["selling_id","fulfillment_node_id","event_type","update_at","stream_sequence_number","event_data"],"record":"{\"selling_id\":\"3d752e0857d949e993ec6b924b356e06\",\"fulfillment_node_id\":\"d907e6dfdf3d411d98e2aeae7e73e1ae\",\"event_type\":\"updateVbIdSellingIdInventorySkipped/1\",\"update_at\":1564377867,\"stream_sequence_number\":224,\"event_data\":\"{\\\"id\\\":\\\"218cee7476994042a14a0543a8858a84\\\",\\\"vbId\\\":\\\"3d752e0857d949e993ec6b924b356e06\\\",\\\"sellingId\\\":\\\"3d752e0857d949e993ec6b924b356e06\\\",\\\"merchantId\\\":\\\"bf9078c421e242358ecaf838d145c500\\\",\\\"skuId\\\":\\\"3d752e0857d949e993ec6b924b356e06\\\",\\\"f\\\":10,\\\"fnId\\\":\\\"d907e6dfdf3d411d98e2aeae7e73e1ae\\\",\\\"fnType\\\":\\\"wolverine\\\",\\\"by\\\":\\\"Vibranium\\\",\\\"at\\\":\\\"2019-07-29T05:24:27+00:00\\\",\\\"invUssn\\\":245,\\\"isInf\\\":false}\"}"}
{"id":"811c4c5260414fdbab30c669a8e69704","table":"killmonger_events_table","keyspace":"msku","timestamp":"2019-07-29T05:45:02.423Z","clusteringKeys":["fb72b6f9c1e54625a551711f6ee72714","vbIdSellingIdInventoryUpdated/1","1564378479"],"changedColumns":["selling_id","fulfillment_node_id","event_type","update_at","stream_sequence_number","event_data"],"record":"{\"selling_id\":\"811c4c5260414fdbab30c669a8e69704\",\"fulfillment_node_id\":\"fb72b6f9c1e54625a551711f6ee72714\",\"event_type\":\"vbIdSellingIdInventoryUpdated/1\",\"update_at\":1564378479,\"stream_sequence_number\":38,\"event_data\":\"{\\\"id\\\":\\\"e5402f2cb4184f9c9ab2f6c7bbb49276\\\",\\\"vbId\\\":\\\"811c4c5260414fdbab30c669a8e69704\\\",\\\"sellingId\\\":\\\"811c4c5260414fdbab30c669a8e69704\\\",\\\"merchantId\\\":\\\"e43cf7756d0b4ba8a4e9046774656ce8\\\",\\\"skuId\\\":\\\"811c4c5260414fdbab30c669a8e69704\\\",\\\"f\\\":100,\\\"fnId\\\":\\\"fb72b6f9c1e54625a551711f6ee72714\\\",\\\"fnType\\\":\\\"wolverine\\\",\\\"by\\\":\\\"Vibranium\\\",\\\"at\\\":\\\"2019-07-29T05:34:39+00:00\\\",\\\"invUssn\\\":51,\\\"isInf\\\":false,\\\"ifa\\\":true,\\\"martAvail\\\":[{\\\"martId\\\":\\\"21\\\",\\\"ia\\\":true}],\\\"clt\\\":\\\"JoJ\\\"}\"}"}
{"id":"ED4D0CF8D02F44A1A22A63DA6C2AA7A9","table":"killmonger_events_table","keyspace":"msku","timestamp":"2019-07-29T05:40:44.664Z","clusteringKeys":["10000000971","updateVbIdSellingIdInventorySkipped/1","1564375354"],"changedColumns":["selling_id","fulfillment_node_id","event_type","update_at","stream_sequence_number","event_data"],"record":"{\"selling_id\":\"ED4D0CF8D02F44A1A22A63DA6C2AA7A9\",\"fulfillment_node_id\":\"10000000971\",\"event_type\":\"updateVbIdSellingIdInventorySkipped/1\",\"update_at\":1564375354,\"stream_sequence_number\":2909,\"event_data\":\"{\\\"id\\\":\\\"4ab18a341b7845c38fbce8985e5795ee\\\",\\\"vbId\\\":\\\"409-D275-5-958\\\",\\\"sellingId\\\":\\\"ED4D0CF8D02F44A1A22A63DA6C2AA7A9\\\",\\\"merchantId\\\":\\\"958\\\",\\\"skuId\\\":\\\"409-D275-5\\\",\\\"f\\\":1,\\\"fnId\\\":\\\"10000000971\\\",\\\"fnType\\\":\\\"MARKETPLACE\\\",\\\"by\\\":\\\"Vibranium\\\",\\\"at\\\":\\\"2019-07-29T04:42:34+00:00\\\",\\\"invUssn\\\":2476,\\\"catUssn\\\":1,\\\"isInf\\\":false}\"}"}
{"id":"F278BDBEF8AF4DA28677C694FEE06B01","table":"killmonger_events_table","keyspace":"msku","timestamp":"2019-07-29T05:45:03.472Z","clusteringKeys":["4401","vbIdSellingIdInventoryUpdated/1","1564378909"],"changedColumns":["selling_id","fulfillment_node_id","event_type","update_at","stream_sequence_number","event_data"],"record":"{\"selling_id\":\"F278BDBEF8AF4DA28677C694FEE06B01\",\"fulfillment_node_id\":\"4401\",\"event_type\":\"vbIdSellingIdInventoryUpdated/1\",\"update_at\":1564378909,\"stream_sequence_number\":148,\"event_data\":\"{\\\"id\\\":\\\"f7e65251bef64839984fe3c2f2c0e512\\\",\\\"vbId\\\":\\\"PantherMigrationVbId\\\",\\\"sellingId\\\":\\\"F278BDBEF8AF4DA28677C694FEE06B01\\\",\\\"merchantId\\\":\\\"9fc08905039048918982091f266c2a29\\\",\\\"skuId\\\":\\\"PantherMigrationSkuId\\\",\\\"f\\\":2,\\\"fnId\\\":\\\"4401\\\",\\\"by\\\":\\\"Killmonger.Migration.MapInWalmartInvUpdates\\\",\\\"at\\\":\\\"2019-07-29T05:41:49.268+00:00\\\",\\\"invUssn\\\":0,\\\"isInf\\\":false,\\\"ifa\\\":true,\\\"martAvail\\\":[{\\\"martId\\\":\\\"21\\\",\\\"ia\\\":true},{\\\"martId\\\":\\\"0\\\",\\\"ia\\\":true}],\\\"clt\\\":\\\"WoJ\\\"}\"}"}
{"id":"650FBAD0525C4C96B92990BEDC3E1177","table":"killmonger_events_table","keyspace":"msku","timestamp":"2019-07-29T05:44:37.012Z","clusteringKeys":["6468","vbIdSellingIdInventoryUpdated/1","1564378911"],"changedColumns":["selling_id","fulfillment_node_id","event_type","update_at","stream_sequence_number","event_data"],"record":"{\"selling_id\":\"650FBAD0525C4C96B92990BEDC3E1177\",\"fulfillment_node_id\":\"6468\",\"event_type\":\"vbIdSellingIdInventoryUpdated/1\",\"update_at\":1564378911,\"stream_sequence_number\":120,\"event_data\":\"{\\\"id\\\":\\\"d36b0653107d45799ed3b50dbaec6e1c\\\",\\\"vbId\\\":\\\"PantherMigrationVbId\\\",\\\"sellingId\\\":\\\"650FBAD0525C4C96B92990BEDC3E1177\\\",\\\"merchantId\\\":\\\"9fc08905039048918982091f266c2a29\\\",\\\"skuId\\\":\\\"PantherMigrationSkuId\\\",\\\"f\\\":0,\\\"fnId\\\":\\\"6468\\\",\\\"by\\\":\\\"Killmonger.Migration.MapInWalmartInvUpdates\\\",\\\"at\\\":\\\"2019-07-29T05:41:51.155+00:00\\\",\\\"invUssn\\\":0,\\\"isInf\\\":false,\\\"ifa\\\":true,\\\"martAvail\\\":[{\\\"martId\\\":\\\"21\\\",\\\"ia\\\":true},{\\\"martId\\\":\\\"0\\\",\\\"ia\\\":true}],\\\"clt\\\":\\\"WoJ\\\"}\"}"}
{"id":"08a43ca0262f4e15a39c1d1ee3d569ef","table":"killmonger_events_table","keyspace":"msku","timestamp":"2019-07-29T05:44:37.013Z","clusteringKeys":["fb72b6f9c1e54625a551711f6ee72714","vbIdSellingIdInventoryUpdated/1","1564378075"],"changedColumns":["selling_id","fulfillment_node_id","event_type","update_at","stream_sequence_number","event_data"],"record":"{\"selling_id\":\"08a43ca0262f4e15a39c1d1ee3d569ef\",\"fulfillment_node_id\":\"fb72b6f9c1e54625a551711f6ee72714\",\"event_type\":\"vbIdSellingIdInventoryUpdated/1\",\"update_at\":1564378075,\"stream_sequence_number\":35,\"event_data\":\"{\\\"id\\\":\\\"b32e20be0b2242e6ab3fe4bcfd88a667\\\",\\\"vbId\\\":\\\"08a43ca0262f4e15a39c1d1ee3d569ef\\\",\\\"sellingId\\\":\\\"08a43ca0262f4e15a39c1d1ee3d569ef\\\",\\\"merchantId\\\":\\\"e43cf7756d0b4ba8a4e9046774656ce8\\\",\\\"skuId\\\":\\\"08a43ca0262f4e15a39c1d1ee3d569ef\\\",\\\"f\\\":100,\\\"fnId\\\":\\\"fb72b6f9c1e54625a551711f6ee72714\\\",\\\"fnType\\\":\\\"wolverine\\\",\\\"by\\\":\\\"Vibranium\\\",\\\"at\\\":\\\"2019-07-29T05:27:55+00:00\\\",\\\"invUssn\\\":46,\\\"isInf\\\":false,\\\"ifa\\\":true,\\\"martAvail\\\":[{\\\"martId\\\":\\\"21\\\",\\\"ia\\\":true}],\\\"clt\\\":\\\"JoJ\\\"}\"}"}
{"id":"08a43ca0262f4e15a39c1d1ee3d569ef","table":"killmonger_events_table","keyspace":"msku","timestamp":"2019-07-29T05:44:37.013Z","clusteringKeys":["fb72b6f9c1e54625a551711f6ee72714","updateVbIdSellingIdInventorySkipped/1","1564378075"],"changedColumns":["selling_id","fulfillment_node_id","event_type","update_at","stream_sequence_number","event_data"],"record":"{\"selling_id\":\"08a43ca0262f4e15a39c1d1ee3d569ef\",\"fulfillment_node_id\":\"fb72b6f9c1e54625a551711f6ee72714\",\"event_type\":\"updateVbIdSellingIdInventorySkipped/1\",\"update_at\":1564378075,\"stream_sequence_number\":36,\"event_data\":\"{\\\"id\\\":\\\"b32e20be0b2242e6ab3fe4bcfd88a667\\\",\\\"vbId\\\":\\\"08a43ca0262f4e15a39c1d1ee3d569ef\\\",\\\"sellingId\\\":\\\"08a43ca0262f4e15a39c1d1ee3d569ef\\\",\\\"merchantId\\\":\\\"e43cf7756d0b4ba8a4e9046774656ce8\\\",\\\"skuId\\\":\\\"08a43ca0262f4e15a39c1d1ee3d569ef\\\",\\\"f\\\":100,\\\"fnId\\\":\\\"fb72b6f9c1e54625a551711f6ee72714\\\",\\\"fnType\\\":\\\"wolverine\\\",\\\"by\\\":\\\"Vibranium\\\",\\\"at\\\":\\\"2019-07-29T05:27:55+00:00\\\",\\\"invUssn\\\":46,\\\"isInf\\\":false}\"}"}
{"id":"08a43ca0262f4e15a39c1d1ee3d569ef","table":"killmonger_events_table","keyspace":"msku","timestamp":"2019-07-29T05:44:37.013Z","clusteringKeys":["fb72b6f9c1e54625a551711f6ee72714","vbIdSellingIdInventoryUpdated/1","1564378075"],"changedColumns":["selling_id","fulfillment_node_id","event_type","update_at","stream_sequence_number","event_data"],"record":"{\"selling_id\":\"08a43ca0262f4e15a39c1d1ee3d569ef\",\"fulfillment_node_id\":\"fb72b6f9c1e54625a551711f6ee72714\",\"event_type\":\"vbIdSellingIdInventoryUpdated/1\",\"update_at\":1564378075,\"stream_sequence_number\":37,\"event_data\":\"{\\\"id\\\":\\\"3e5bb34bd7d547a7b9af4bc02bc68fb6\\\",\\\"vbId\\\":\\\"08a43ca0262f4e15a39c1d1ee3d569ef\\\",\\\"sellingId\\\":\\\"08a43ca0262f4e15a39c1d1ee3d569ef\\\",\\\"merchantId\\\":\\\"e43cf7756d0b4ba8a4e9046774656ce8\\\",\\\"skuId\\\":\\\"08a43ca0262f4e15a39c1d1ee3d569ef\\\",\\\"f\\\":100,\\\"fnId\\\":\\\"fb72b6f9c1e54625a551711f6ee72714\\\",\\\"fnType\\\":\\\"wolverine\\\",\\\"by\\\":\\\"Vibranium\\\",\\\"at\\\":\\\"2019-07-29T05:27:55+00:00\\\",\\\"invUssn\\\":48,\\\"isInf\\\":false,\\\"ifa\\\":true,\\\"martAvail\\\":[{\\\"martId\\\":\\\"21\\\",\\\"ia\\\":true}],\\\"clt\\\":\\\"JoJ\\\"}\"}"}
{"id":"650FBAD0525C4C96B92990BEDC3E1177","table":"killmonger_events_table","keyspace":"msku","timestamp":"2019-07-29T05:44:37.013Z","clusteringKeys":["6468","vbIdSellingIdInventoryUpdated/1","1564378911"],"changedColumns":["selling_id","fulfillment_node_id","event_type","update_at","stream_sequence_number","event_data"],"record":"{\"selling_id\":\"650FBAD0525C4C96B92990BEDC3E1177\",\"fulfillment_node_id\":\"6468\",\"event_type\":\"vbIdSellingIdInventoryUpdated/1\",\"update_at\":1564378911,\"stream_sequence_number\":121,\"event_data\":\"{\\\"id\\\":\\\"d36b0653107d45799ed3b50dbaec6e1c\\\",\\\"vbId\\\":\\\"PantherMigrationVbId\\\",\\\"sellingId\\\":\\\"650FBAD0525C4C96B92990BEDC3E1177\\\",\\\"merchantId\\\":\\\"9fc08905039048918982091f266c2a29\\\",\\\"skuId\\\":\\\"PantherMigrationSkuId\\\",\\\"f\\\":0,\\\"fnId\\\":\\\"6468\\\",\\\"by\\\":\\\"Killmonger.Migration.MapInWalmartInvUpdates\\\",\\\"at\\\":\\\"2019-07-29T05:41:51.155+00:00\\\",\\\"invUssn\\\":0,\\\"isInf\\\":false,\\\"ifa\\\":true,\\\"martAvail\\\":[{\\\"martId\\\":\\\"21\\\",\\\"ia\\\":true},{\\\"martId\\\":\\\"0\\\",\\\"ia\\\":true}],\\\"clt\\\":\\\"WoJ\\\"}\"}"}
{"id":"71AF0F07BDE2452F92AFA5F8E5031FD5","table":"killmonger_events_table","keyspace":"msku","timestamp":"2019-07-29T05:45:02.435Z","clusteringKeys":["10000020871","vbIdSellingIdInventoryUpdated/1","1564378365"],"changedColumns":["selling_id","fulfillment_node_id","event_type","update_at","stream_sequence_number","event_data"],"record":"{\"selling_id\":\"71AF0F07BDE2452F92AFA5F8E5031FD5\",\"fulfillment_node_id\":\"10000020871\",\"event_type\":\"vbIdSellingIdInventoryUpdated/1\",\"update_at\":1564378365,\"stream_sequence_number\":32,\"event_data\":\"{\\\"id\\\":\\\"45531f1618ac49d18ca69c6097bacbca\\\",\\\"vbId\\\":\\\"4144100496355mk16~16-100001505\\\",\\\"sellingId\\\":\\\"71AF0F07BDE2452F92AFA5F8E5031FD5\\\",\\\"merchantId\\\":\\\"100001505\\\",\\\"skuId\\\":\\\"4144100496355mk16~16\\\",\\\"f\\\":82,\\\"fnId\\\":\\\"10000020871\\\",\\\"fnType\\\":\\\"MARKETPLACE\\\",\\\"by\\\":\\\"Vibranium\\\",\\\"at\\\":\\\"2019-07-29T05:32:45+00:00\\\",\\\"invUssn\\\":23,\\\"catUssn\\\":0,\\\"isInf\\\":false,\\\"ifa\\\":true,\\\"martAvail\\\":[{\\\"martId\\\":\\\"0\\\",\\\"ia\\\":true}],\\\"clt\\\":\\\"WoW\\\"}\"}"}
{"id":"3AABDB41AC274E91982441C4226925F4","table":"killmonger_events_table","keyspace":"msku","timestamp":"2019-07-29T05:40:44.682Z","clusteringKeys":["5926","vbIdSellingIdInventoryUpdated/1","1564378908"],"changedColumns":["selling_id","fulfillment_node_id","event_type","update_at","stream_sequence_number","event_data"],"record":"{\"selling_id\":\"3AABDB41AC274E91982441C4226925F4\",\"fulfillment_node_id\":\"5926\",\"event_type\":\"vbIdSellingIdInventoryUpdated/1\",\"update_at\":1564378908,\"stream_sequence_number\":135,\"event_data\":\"{\\\"id\\\":\\\"1b1012465dfd449dbdd1cc5e1f1e03e1\\\",\\\"vbId\\\":\\\"PantherMigrationVbId\\\",\\\"sellingId\\\":\\\"3AABDB41AC274E91982441C4226925F4\\\",\\\"merchantId\\\":\\\"9fc08905039048918982091f266c2a29\\\",\\\"skuId\\\":\\\"PantherMigrationSkuId\\\",\\\"f\\\":0,\\\"fnId\\\":\\\"5926\\\",\\\"by\\\":\\\"Killmonger.Migration.MapInWalmartInvUpdates\\\",\\\"at\\\":\\\"2019-07-29T05:41:48.617+00:00\\\",\\\"invUssn\\\":0,\\\"isInf\\\":false,\\\"ifa\\\":true,\\\"martAvail\\\":[{\\\"martId\\\":\\\"21\\\",\\\"ia\\\":true},{\\\"martId\\\":\\\"0\\\",\\\"ia\\\":true}],\\\"clt\\\":\\\"WoJ\\\"}\"}"}
{"id":"f687aa5f98f0402bb0ab6ccce417c78a","table":"killmonger_events_table","keyspace":"msku","timestamp":"2019-07-29T05:40:44.682Z","clusteringKeys":["fb72b6f9c1e54625a551711f6ee72714","vbIdSellingIdInventoryUpdated/1","1564377874"],"changedColumns":["selling_id","fulfillment_node_id","event_type","update_at","stream_sequence_number","event_data"],"record":"{\"selling_id\":\"f687aa5f98f0402bb0ab6ccce417c78a\",\"fulfillment_node_id\":\"fb72b6f9c1e54625a551711f6ee72714\",\"event_type\":\"vbIdSellingIdInventoryUpdated/1\",\"update_at\":1564377874,\"stream_sequence_number\":40,\"event_data\":\"{\\\"id\\\":\\\"4fbd98cacc924b3a98d29fee44a8b1f6\\\",\\\"vbId\\\":\\\"f687aa5f98f0402bb0ab6ccce417c78a\\\",\\\"sellingId\\\":\\\"f687aa5f98f0402bb0ab6ccce417c78a\\\",\\\"merchantId\\\":\\\"e43cf7756d0b4ba8a4e9046774656ce8\\\",\\\"skuId\\\":\\\"f687aa5f98f0402bb0ab6ccce417c78a\\\",\\\"f\\\":57,\\\"fnId\\\":\\\"fb72b6f9c1e54625a551711f6ee72714\\\",\\\"fnType\\\":\\\"wolverine\\\",\\\"by\\\":\\\"Vibranium\\\",\\\"at\\\":\\\"2019-07-29T05:24:34+00:00\\\",\\\"invUssn\\\":47,\\\"isInf\\\":false,\\\"ifa\\\":true,\\\"martAvail\\\":[{\\\"martId\\\":\\\"21\\\",\\\"ia\\\":true}],\\\"clt\\\":\\\"JoJ\\\"}\"}"}
{"id":"f687aa5f98f0402bb0ab6ccce417c78a","table":"killmonger_events_table","keyspace":"msku","timestamp":"2019-07-29T05:40:44.682Z","clusteringKeys":["fb72b6f9c1e54625a551711f6ee72714","updateVbIdSellingIdInventorySkipped/1","1564377874"],"changedColumns":["selling_id","fulfillment_node_id","event_type","update_at","stream_sequence_number","event_data"],"record":"{\"selling_id\":\"f687aa5f98f0402bb0ab6ccce417c78a\",\"fulfillment_node_id\":\"fb72b6f9c1e54625a551711f6ee72714\",\"event_type\":\"updateVbIdSellingIdInventorySkipped/1\",\"update_at\":1564377874,\"stream_sequence_number\":41,\"event_data\":\"{\\\"id\\\":\\\"4fbd98cacc924b3a98d29fee44a8b1f6\\\",\\\"vbId\\\":\\\"f687aa5f98f0402bb0ab6ccce417c78a\\\",\\\"sellingId\\\":\\\"f687aa5f98f0402bb0ab6ccce417c78a\\\",\\\"merchantId\\\":\\\"e43cf7756d0b4ba8a4e9046774656ce8\\\",\\\"skuId\\\":\\\"f687aa5f98f0402bb0ab6ccce417c78a\\\",\\\"f\\\":57,\\\"fnId\\\":\\\"fb72b6f9c1e54625a551711f6ee72714\\\",\\\"fnType\\\":\\\"wolverine\\\",\\\"by\\\":\\\"Vibranium\\\",\\\"at\\\":\\\"2019-07-29T05:24:34+00:00\\\",\\\"invUssn\\\":47,\\\"isInf\\\":false}\"}"}
{"id":"3AABDB41AC274E91982441C4226925F4","table":"killmonger_events_table","keyspace":"msku","timestamp":"2019-07-29T05:40:44.682Z","clusteringKeys":["5926","vbIdSellingIdInventoryUpdated/1","1564378908"],"changedColumns":["selling_id","fulfillment_node_id","event_type","update_at","stream_sequence_number","event_data"],"record":"{\"selling_id\":\"3AABDB41AC274E91982441C4226925F4\",\"fulfillment_node_id\":\"5926\",\"event_type\":\"vbIdSellingIdInventoryUpdated/1\",\"update_at\":1564378908,\"stream_sequence_number\":136,\"event_data\":\"{\\\"id\\\":\\\"1b1012465dfd449dbdd1cc5e1f1e03e1\\\",\\\"vbId\\\":\\\"PantherMigrationVbId\\\",\\\"sellingId\\\":\\\"3AABDB41AC274E91982441C4226925F4\\\",\\\"merchantId\\\":\\\"9fc08905039048918982091f266c2a29\\\",\\\"skuId\\\":\\\"PantherMigrationSkuId\\\",\\\"f\\\":0,\\\"fnId\\\":\\\"5926\\\",\\\"by\\\":\\\"Killmonger.Migration.MapInWalmartInvUpdates\\\",\\\"at\\\":\\\"2019-07-29T05:41:48.617+00:00\\\",\\\"invUssn\\\":0,\\\"isInf\\\":false,\\\"ifa\\\":true,\\\"martAvail\\\":[{\\\"martId\\\":\\\"21\\\",\\\"ia\\\":true},{\\\"martId\\\":\\\"0\\\",\\\"ia\\\":true}],\\\"clt\\\":\\\"WoJ\\\"}\"}"}
{"id":"3AABDB41AC274E91982441C4226925F4","table":"killmonger_events_table","keyspace":"msku","timestamp":"2019-07-29T05:40:44.683Z","clusteringKeys":["5926","vbIdSellingIdInventoryUpdated/1","1564378908"],"changedColumns":["selling_id","fulfillment_node_id","event_type","update_at","stream_sequence_number","event_data"],"record":"{\"selling_id\":\"3AABDB41AC274E91982441C4226925F4\",\"fulfillment_node_id\":\"5926\",\"event_type\":\"vbIdSellingIdInventoryUpdated/1\",\"update_at\":1564378908,\"stream_sequence_number\":137,\"event_data\":\"{\\\"id\\\":\\\"1b1012465dfd449dbdd1cc5e1f1e03e1\\\",\\\"vbId\\\":\\\"PantherMigrationVbId\\\",\\\"sellingId\\\":\\\"3AABDB41AC274E91982441C4226925F4\\\",\\\"merchantId\\\":\\\"9fc08905039048918982091f266c2a29\\\",\\\"skuId\\\":\\\"PantherMigrationSkuId\\\",\\\"f\\\":0,\\\"fnId\\\":\\\"5926\\\",\\\"by\\\":\\\"Killmonger.Migration.MapInWalmartInvUpdates\\\",\\\"at\\\":\\\"2019-07-29T05:41:48.617+00:00\\\",\\\"invUssn\\\":0,\\\"isInf\\\":false,\\\"ifa\\\":true,\\\"martAvail\\\":[{\\\"martId\\\":\\\"21\\\",\\\"ia\\\":true},{\\\"martId\\\":\\\"0\\\",\\\"ia\\\":true}],\\\"clt\\\":\\\"WoJ\\\"}\"}"}
{"id":"644ce813fe7c4990a06e2b9cf2c71a2b","table":"killmonger_events_table","keyspace":"msku","timestamp":"2019-07-29T05:45:02.448Z","clusteringKeys":["6ccbd76c487c42e5b65dd274f51b72ea","vbIdSellingIdInventoryUpdated/1","1564378274"],"changedColumns":["selling_id","fulfillment_node_id","event_type","update_at","stream_sequence_number","event_data"],"record":"{\"selling_id\":\"644ce813fe7c4990a06e2b9cf2c71a2b\",\"fulfillment_node_id\":\"6ccbd76c487c42e5b65dd274f51b72ea\",\"event_type\":\"vbIdSellingIdInventoryUpdated/1\",\"update_at\":1564378274,\"stream_sequence_number\":44,\"event_data\":\"{\\\"id\\\":\\\"81dd81a40dda4be6be8e4764be6ed741\\\",\\\"vbId\\\":\\\"644ce813fe7c4990a06e2b9cf2c71a2b\\\",\\\"sellingId\\\":\\\"644ce813fe7c4990a06e2b9cf2c71a2b\\\",\\\"merchantId\\\":\\\"e43cf7756d0b4ba8a4e9046774656ce8\\\",\\\"skuId\\\":\\\"644ce813fe7c4990a06e2b9cf2c71a2b\\\",\\\"f\\\":121,\\\"fnId\\\":\\\"6ccbd76c487c42e5b65dd274f51b72ea\\\",\\\"fnType\\\":\\\"wolverine\\\",\\\"by\\\":\\\"Vibranium\\\",\\\"at\\\":\\\"2019-07-29T05:31:14+00:00\\\",\\\"invUssn\\\":56,\\\"isInf\\\":false,\\\"ifa\\\":true,\\\"martAvail\\\":[{\\\"martId\\\":\\\"21\\\",\\\"ia\\\":true}],\\\"clt\\\":\\\"JoJ\\\"}\"}"}
{"id":"acc9b66fbfdc44b0a2af883a24cdc829","table":"killmonger_events_table","keyspace":"msku","timestamp":"2019-07-29T05:44:37.026Z","clusteringKeys":["ce4dd86743fd4a3f960bfb78a1c5c50b","updateVbIdSellingIdInventorySkipped/1","1564375637"],"changedColumns":["selling_id","fulfillment_node_id","event_type","update_at","stream_sequence_number","event_data"],"record":"{\"selling_id\":\"acc9b66fbfdc44b0a2af883a24cdc829\",\"fulfillment_node_id\":\"ce4dd86743fd4a3f960bfb78a1c5c50b\",\"event_type\":\"updateVbIdSellingIdInventorySkipped/1\",\"update_at\":1564375637,\"stream_sequence_number\":49,\"event_data\":\"{\\\"id\\\":\\\"0f78da39a342435e8884441bf3d98768\\\",\\\"vbId\\\":\\\"acc9b66fbfdc44b0a2af883a24cdc829\\\",\\\"sellingId\\\":\\\"acc9b66fbfdc44b0a2af883a24cdc829\\\",\\\"merchantId\\\":\\\"d8a71b916cf34aa895091e31804ec8f9\\\",\\\"skuId\\\":\\\"acc9b66fbfdc44b0a2af883a24cdc829\\\",\\\"f\\\":1,\\\"fnId\\\":\\\"ce4dd86743fd4a3f960bfb78a1c5c50b\\\",\\\"fnType\\\":\\\"wolverine\\\",\\\"by\\\":\\\"Vibranium\\\",\\\"at\\\":\\\"2019-07-29T04:47:17+00:00\\\",\\\"invUssn\\\":40,\\\"isInf\\\":false}\"}"}
{"id":"0c59803bb1d04e4c997339a847ffe899","table":"killmonger_events_table","keyspace":"msku","timestamp":"2019-07-29T05:44:37.028Z","clusteringKeys":["fb72b6f9c1e54625a551711f6ee72714","updateVbIdSellingIdInventorySkipped/1","1564375344"],"changedColumns":["selling_id","fulfillment_node_id","event_type","update_at","stream_sequence_number","event_data"],"record":"{\"selling_id\":\"0c59803bb1d04e4c997339a847ffe899\",\"fulfillment_node_id\":\"fb72b6f9c1e54625a551711f6ee72714\",\"event_type\":\"updateVbIdSellingIdInventorySkipped/1\",\"update_at\":1564375344,\"stream_sequence_number\":47,\"event_data\":\"{\\\"id\\\":\\\"734b2fa0f07e46babe98db015a4a37c5\\\",\\\"vbId\\\":\\\"0c59803bb1d04e4c997339a847ffe899\\\",\\\"sellingId\\\":\\\"0c59803bb1d04e4c997339a847ffe899\\\",\\\"merchantId\\\":\\\"e43cf7756d0b4ba8a4e9046774656ce8\\\",\\\"skuId\\\":\\\"0c59803bb1d04e4c997339a847ffe899\\\",\\\"f\\\":83,\\\"fnId\\\":\\\"fb72b6f9c1e54625a551711f6ee72714\\\",\\\"fnType\\\":\\\"wolverine\\\",\\\"by\\\":\\\"Vibranium\\\",\\\"at\\\":\\\"2019-07-29T04:42:24+00:00\\\",\\\"invUssn\\\":48,\\\"isInf\\\":false}\"}"}
{"id":"B0775D92E656412691BC521B4AE5CDF4","table":"killmonger_events_table","keyspace":"msku","timestamp":"2019-07-29T05:44:37.031Z","clusteringKeys":["10000010346","updateVbIdSellingIdInventorySkipped/1","1564375652"],"changedColumns":["selling_id","fulfillment_node_id","event_type","update_at","stream_sequence_number","event_data"],"record":"{\"selling_id\":\"B0775D92E656412691BC521B4AE5CDF4\",\"fulfillment_node_id\":\"10000010346\",\"event_type\":\"updateVbIdSellingIdInventorySkipped/1\",\"update_at\":1564375652,\"stream_sequence_number\":3698,\"event_data\":\"{\\\"id\\\":\\\"4dc201b87d794eea918c199f686139a4\\\",\\\"vbId\\\":\\\"718-142/L-9994\\\",\\\"sellingId\\\":\\\"B0775D92E656412691BC521B4AE5CDF4\\\",\\\"merchantId\\\":\\\"9994\\\",\\\"skuId\\\":\\\"718-142/L\\\",\\\"f\\\":20,\\\"fnId\\\":\\\"10000010346\\\",\\\"fnType\\\":\\\"MARKETPLACE\\\",\\\"by\\\":\\\"Vibranium\\\",\\\"at\\\":\\\"2019-07-29T04:47:32+00:00\\\",\\\"invUssn\\\":3021,\\\"catUssn\\\":0,\\\"isInf\\\":false}\"}"}
{"id":"78b6dceae98d4c2e9eebf9f106be6ab0","table":"killmonger_events_table","keyspace":"msku","timestamp":"2019-07-29T05:44:37.032Z","clusteringKeys":["47b464b6053f42cf9b77ba217a04da2c","vbIdSellingIdInventoryUpdated/1","1564378300"],"changedColumns":["selling_id","fulfillment_node_id","event_type","update_at","stream_sequence_number","event_data"],"record":"{\"selling_id\":\"78b6dceae98d4c2e9eebf9f106be6ab0\",\"fulfillment_node_id\":\"47b464b6053f42cf9b77ba217a04da2c\",\"event_type\":\"vbIdSellingIdInventoryUpdated/1\",\"update_at\":1564378300,\"stream_sequence_number\":17040,\"event_data\":\"{\\\"id\\\":\\\"bdcc1ea820324600aa1e7882eca57f89\\\",\\\"vbId\\\":\\\"78b6dceae98d4c2e9eebf9f106be6ab0\\\",\\\"sellingId\\\":\\\"78b6dceae98d4c2e9eebf9f106be6ab0\\\",\\\"merchantId\\\":\\\"1a04b272fb7442f99cd04856c029a097\\\",\\\"skuId\\\":\\\"78b6dceae98d4c2e9eebf9f106be6ab0\\\",\\\"f\\\":328,\\\"fnId\\\":\\\"47b464b6053f42cf9b77ba217a04da2c\\\",\\\"fnType\\\":\\\"wolverine\\\",\\\"by\\\":\\\"Vibranium\\\",\\\"at\\\":\\\"2019-07-29T05:31:40+00:00\\\",\\\"invUssn\\\":17054,\\\"isInf\\\":false,\\\"ifa\\\":true,\\\"martAvail\\\":[{\\\"martId\\\":\\\"21\\\",\\\"ia\\\":true}],\\\"clt\\\":\\\"JoJ\\\"}\"}"}
{"id":"f2c8425c627d497ea07316c3d35042d1","table":"killmonger_events_table","keyspace":"msku","timestamp":"2019-07-29T05:45:02.455Z","clusteringKeys":["fb72b6f9c1e54625a551711f6ee72714","vbIdSellingIdInventoryUpdated/1","1564378274"],"changedColumns":["selling_id","fulfillment_node_id","event_type","update_at","stream_sequence_number","event_data"],"record":"{\"selling_id\":\"f2c8425c627d497ea07316c3d35042d1\",\"fulfillment_node_id\":\"fb72b6f9c1e54625a551711f6ee72714\",\"event_type\":\"vbIdSellingIdInventoryUpdated/1\",\"update_at\":1564378274,\"stream_sequence_number\":41,\"event_data\":\"{\\\"id\\\":\\\"2b1945e59ad541468a628b1c4bf3ec57\\\",\\\"vbId\\\":\\\"f2c8425c627d497ea07316c3d35042d1\\\",\\\"sellingId\\\":\\\"f2c8425c627d497ea07316c3d35042d1\\\",\\\"merchantId\\\":\\\"e43cf7756d0b4ba8a4e9046774656ce8\\\",\\\"skuId\\\":\\\"f2c8425c627d497ea07316c3d35042d1\\\",\\\"f\\\":89,\\\"fnId\\\":\\\"fb72b6f9c1e54625a551711f6ee72714\\\",\\\"fnType\\\":\\\"wolverine\\\",\\\"by\\\":\\\"Vibranium\\\",\\\"at\\\":\\\"2019-07-29T05:31:14+00:00\\\",\\\"invUssn\\\":52,\\\"isInf\\\":false,\\\"ifa\\\":true,\\\"martAvail\\\":[{\\\"martId\\\":\\\"21\\\",\\\"ia\\\":true}],\\\"clt\\\":\\\"JoJ\\\"}\"}"}
{"id":"0A3C319A8FAB431A80725B76E1868CB0","table":"killmonger_events_table","keyspace":"msku","timestamp":"2019-07-29T05:44:37.033Z","clusteringKeys":["8302","vbIdSellingIdInventoryUpdated/1","1564375904"],"changedColumns":["selling_id","fulfillment_node_id","event_type","update_at","stream_sequence_number","event_data"],"record":"{\"selling_id\":\"0A3C319A8FAB431A80725B76E1868CB0\",\"fulfillment_node_id\":\"8302\",\"event_type\":\"vbIdSellingIdInventoryUpdated/1\",\"update_at\":1564375904,\"stream_sequence_number\":194,\"event_data\":\"{\\\"id\\\":\\\"057e94faa0494585bced5fde9b1a0bdc\\\",\\\"vbId\\\":\\\"PantherMigrationVbId\\\",\\\"sellingId\\\":\\\"0A3C319A8FAB431A80725B76E1868CB0\\\",\\\"merchantId\\\":\\\"9fc08905039048918982091f266c2a29\\\",\\\"skuId\\\":\\\"PantherMigrationSkuId\\\",\\\"f\\\":5,\\\"fnId\\\":\\\"8302\\\",\\\"by\\\":\\\"Killmonger.Migration.MapInWalmartInvUpdates\\\",\\\"at\\\":\\\"2019-07-29T04:51:44.943+00:00\\\",\\\"invUssn\\\":0,\\\"isInf\\\":false,\\\"ifa\\\":true,\\\"martAvail\\\":[{\\\"martId\\\":\\\"21\\\",\\\"ia\\\":true},{\\\"martId\\\":\\\"0\\\",\\\"ia\\\":true}],\\\"clt\\\":\\\"WoJ\\\"}\"}"}
{"id":"e4073efc67fc48bbb3c8618a646c68ac","table":"killmonger_events_table","keyspace":"msku","timestamp":"2019-07-29T05:44:37.033Z","clusteringKeys":["94a1566655374b93abfa0fa179a5f7e4","vbIdSellingIdInventoryUpdated/1","1564378211"],"changedColumns":["selling_id","fulfillment_node_id","event_type","update_at","stream_sequence_number","event_data"],"record":"{\"selling_id\":\"e4073efc67fc48bbb3c8618a646c68ac\",\"fulfillment_node_id\":\"94a1566655374b93abfa0fa179a5f7e4\",\"event_type\":\"vbIdSellingIdInventoryUpdated/1\",\"update_at\":1564378211,\"stream_sequence_number\":201,\"event_data\":\"{\\\"id\\\":\\\"804ddd320c354f63912d289b63861fa7\\\",\\\"vbId\\\":\\\"e4073efc67fc48bbb3c8618a646c68ac\\\",\\\"sellingId\\\":\\\"e4073efc67fc48bbb3c8618a646c68ac\\\",\\\"merchantId\\\":\\\"760e7f8a239d4574a7e4c477c87fa0a8\\\",\\\"skuId\\\":\\\"e4073efc67fc48bbb3c8618a646c68ac\\\",\\\"f\\\":97,\\\"fnId\\\":\\\"94a1566655374b93abfa0fa179a5f7e4\\\",\\\"fnType\\\":\\\"wolverine\\\",\\\"by\\\":\\\"Vibranium\\\",\\\"at\\\":\\\"2019-07-29T05:30:11+00:00\\\",\\\"invUssn\\\":230,\\\"isInf\\\":false,\\\"ifa\\\":true,\\\"martAvail\\\":[{\\\"martId\\\":\\\"21\\\",\\\"ia\\\":true}],\\\"clt\\\":\\\"JoJ\\\"}\"}"}
{"id":"00c6e4f4f73b49eba2bb766ddf05135a","table":"killmonger_events_table","keyspace":"msku","timestamp":"2019-07-29T05:45:03.505Z","clusteringKeys":["fb72b6f9c1e54625a551711f6ee72714","updateVbIdSellingIdInventorySkipped/1","1564377874"],"changedColumns":["selling_id","fulfillment_node_id","event_type","update_at","stream_sequence_number","event_data"],"record":"{\"selling_id\":\"00c6e4f4f73b49eba2bb766ddf05135a\",\"fulfillment_node_id\":\"fb72b6f9c1e54625a551711f6ee72714\",\"event_type\":\"updateVbIdSellingIdInventorySkipped/1\",\"update_at\":1564377874,\"stream_sequence_number\":45,\"event_data\":\"{\\\"id\\\":\\\"bdaed98216a84142a0959cc101698bc0\\\",\\\"vbId\\\":\\\"00c6e4f4f73b49eba2bb766ddf05135a\\\",\\\"sellingId\\\":\\\"00c6e4f4f73b49eba2bb766ddf05135a\\\",\\\"merchantId\\\":\\\"e43cf7756d0b4ba8a4e9046774656ce8\\\",\\\"skuId\\\":\\\"00c6e4f4f73b49eba2bb766ddf05135a\\\",\\\"f\\\":92,\\\"fnId\\\":\\\"fb72b6f9c1e54625a551711f6ee72714\\\",\\\"fnType\\\":\\\"wolverine\\\",\\\"by\\\":\\\"Vibranium\\\",\\\"at\\\":\\\"2019-07-29T05:24:34+00:00\\\",\\\"invUssn\\\":50,\\\"isInf\\\":false}\"}"}
{"id":"00c6e4f4f73b49eba2bb766ddf05135a","table":"killmonger_events_table","keyspace":"msku","timestamp":"2019-07-29T05:45:03.505Z","clusteringKeys":["fb72b6f9c1e54625a551711f6ee72714","updateVbIdSellingIdInventorySkipped/1","1564377874"],"changedColumns":["selling_id","fulfillment_node_id","event_type","update_at","stream_sequence_number","event_data"],"record":"{\"selling_id\":\"00c6e4f4f73b49eba2bb766ddf05135a\",\"fulfillment_node_id\":\"fb72b6f9c1e54625a551711f6ee72714\",\"event_type\":\"updateVbIdSellingIdInventorySkipped/1\",\"update_at\":1564377874,\"stream_sequence_number\":46,\"event_data\":\"{\\\"id\\\":\\\"bdaed98216a84142a0959cc101698bc0\\\",\\\"vbId\\\":\\\"00c6e4f4f73b49eba2bb766ddf05135a\\\",\\\"sellingId\\\":\\\"00c6e4f4f73b49eba2bb766ddf05135a\\\",\\\"merchantId\\\":\\\"e43cf7756d0b4ba8a4e9046774656ce8\\\",\\\"skuId\\\":\\\"00c6e4f4f73b49eba2bb766ddf05135a\\\",\\\"f\\\":92,\\\"fnId\\\":\\\"fb72b6f9c1e54625a551711f6ee72714\\\",\\\"fnType\\\":\\\"wolverine\\\",\\\"by\\\":\\\"Vibranium\\\",\\\"at\\\":\\\"2019-07-29T05:24:34+00:00\\\",\\\"invUssn\\\":50,\\\"isInf\\\":false}\"}"}
{"id":"4885B109630B430DA300964482B4F214","table":"killmonger_events_table","keyspace":"msku","timestamp":"2019-07-29T05:40:44.698Z","clusteringKeys":["8306","vbIdSellingIdInventoryUpdated/1","1564378909"],"changedColumns":["selling_id","fulfillment_node_id","event_type","update_at","stream_sequence_number","event_data"],"record":"{\"selling_id\":\"4885B109630B430DA300964482B4F214\",\"fulfillment_node_id\":\"8306\",\"event_type\":\"vbIdSellingIdInventoryUpdated/1\",\"update_at\":1564378909,\"stream_sequence_number\":136,\"event_data\":\"{\\\"id\\\":\\\"9e7c563f72f34b17adb8bbfdee048f1c\\\",\\\"vbId\\\":\\\"PantherMigrationVbId\\\",\\\"sellingId\\\":\\\"4885B109630B430DA300964482B4F214\\\",\\\"merchantId\\\":\\\"9fc08905039048918982091f266c2a29\\\",\\\"skuId\\\":\\\"PantherMigrationSkuId\\\",\\\"f\\\":0,\\\"fnId\\\":\\\"8306\\\",\\\"by\\\":\\\"Killmonger.Migration.MapInWalmartInvUpdates\\\",\\\"at\\\":\\\"2019-07-29T05:41:49.672+00:00\\\",\\\"invUssn\\\":0,\\\"isInf\\\":false,\\\"ifa\\\":true,\\\"martAvail\\\":[{\\\"martId\\\":\\\"21\\\",\\\"ia\\\":true},{\\\"martId\\\":\\\"0\\\",\\\"ia\\\":true}],\\\"clt\\\":\\\"WoJ\\\"}\"}"}
{"id":"4BD54B37B2244FD7A7EF9133F2A5F100","table":"killmonger_events_table","keyspace":"msku","timestamp":"2019-07-29T05:44:37.042Z","clusteringKeys":["3559","vbIdSellingIdInventoryUpdated/1","1564378907"],"changedColumns":["selling_id","fulfillment_node_id","event_type","update_at","stream_sequence_number","event_data"],"record":"{\"selling_id\":\"4BD54B37B2244FD7A7EF9133F2A5F100\",\"fulfillment_node_id\":\"3559\",\"event_type\":\"vbIdSellingIdInventoryUpdated/1\",\"update_at\":1564378907,\"stream_sequence_number\":135,\"event_data\":\"{\\\"id\\\":\\\"998fe5adb9ab4d11b7c271185c757da6\\\",\\\"vbId\\\":\\\"PantherMigrationVbId\\\",\\\"sellingId\\\":\\\"4BD54B37B2244FD7A7EF9133F2A5F100\\\",\\\"merchantId\\\":\\\"9fc08905039048918982091f266c2a29\\\",\\\"skuId\\\":\\\"PantherMigrationSkuId\\\",\\\"f\\\":0,\\\"fnId\\\":\\\"3559\\\",\\\"by\\\":\\\"Killmonger.Migration.MapInWalmartInvUpdates\\\",\\\"at\\\":\\\"2019-07-29T05:41:47.656+00:00\\\",\\\"invUssn\\\":0,\\\"isInf\\\":false,\\\"ifa\\\":true,\\\"martAvail\\\":[{\\\"martId\\\":\\\"21\\\",\\\"ia\\\":true},{\\\"martId\\\":\\\"0\\\",\\\"ia\\\":true}],\\\"clt\\\":\\\"WoJ\\\"}\"}"}
{"id":"4BD54B37B2244FD7A7EF9133F2A5F100","table":"killmonger_events_table","keyspace":"msku","timestamp":"2019-07-29T05:44:37.042Z","clusteringKeys":["3559","vbIdSellingIdInventoryUpdated/1","1564378907"],"changedColumns":["selling_id","fulfillment_node_id","event_type","update_at","stream_sequence_number","event_data"],"record":"{\"selling_id\":\"4BD54B37B2244FD7A7EF9133F2A5F100\",\"fulfillment_node_id\":\"3559\",\"event_type\":\"vbIdSellingIdInventoryUpdated/1\",\"update_at\":1564378907,\"stream_sequence_number\":136,\"event_data\":\"{\\\"id\\\":\\\"998fe5adb9ab4d11b7c271185c757da6\\\",\\\"vbId\\\":\\\"PantherMigrationVbId\\\",\\\"sellingId\\\":\\\"4BD54B37B2244FD7A7EF9133F2A5F100\\\",\\\"merchantId\\\":\\\"9fc08905039048918982091f266c2a29\\\",\\\"skuId\\\":\\\"PantherMigrationSkuId\\\",\\\"f\\\":0,\\\"fnId\\\":\\\"3559\\\",\\\"by\\\":\\\"Killmonger.Migration.MapInWalmartInvUpdates\\\",\\\"at\\\":\\\"2019-07-29T05:41:47.656+00:00\\\",\\\"invUssn\\\":0,\\\"isInf\\\":false,\\\"ifa\\\":true,\\\"martAvail\\\":[{\\\"martId\\\":\\\"21\\\",\\\"ia\\\":true},{\\\"martId\\\":\\\"0\\\",\\\"ia\\\":true}],\\\"clt\\\":\\\"WoJ\\\"}\"}"}
{"id":"db34727bf3974db4b70ea9b7d21bb110","table":"killmonger_events_table","keyspace":"msku","timestamp":"2019-07-29T05:44:37.044Z","clusteringKeys":["fb72b6f9c1e54625a551711f6ee72714","vbIdSellingIdInventoryUpdated/1","1564378274"],"changedColumns":["selling_id","fulfillment_node_id","event_type","update_at","stream_sequence_number","event_data"],"record":"{\"selling_id\":\"db34727bf3974db4b70ea9b7d21bb110\",\"fulfillment_node_id\":\"fb72b6f9c1e54625a551711f6ee72714\",\"event_type\":\"vbIdSellingIdInventoryUpdated/1\",\"update_at\":1564378274,\"stream_sequence_number\":39,\"event_data\":\"{\\\"id\\\":\\\"377a61aa5a834f178f9f0dd699f18b10\\\",\\\"vbId\\\":\\\"db34727bf3974db4b70ea9b7d21bb110\\\",\\\"sellingId\\\":\\\"db34727bf3974db4b70ea9b7d21bb110\\\",\\\"merchantId\\\":\\\"e43cf7756d0b4ba8a4e9046774656ce8\\\",\\\"skuId\\\":\\\"db34727bf3974db4b70ea9b7d21bb110\\\",\\\"f\\\":110,\\\"fnId\\\":\\\"fb72b6f9c1e54625a551711f6ee72714\\\",\\\"fnType\\\":\\\"wolverine\\\",\\\"by\\\":\\\"Vibranium\\\",\\\"at\\\":\\\"2019-07-29T05:31:14+00:00\\\",\\\"invUssn\\\":48,\\\"isInf\\\":false,\\\"ifa\\\":true,\\\"martAvail\\\":[{\\\"martId\\\":\\\"21\\\",\\\"ia\\\":true}],\\\"clt\\\":\\\"JoJ\\\"}\"}"}
{"id":"7b1296fff3ab43e794c65c85d250cb7d","table":"killmonger_events_table","keyspace":"msku","timestamp":"2019-07-29T05:40:44.702Z","clusteringKeys":["fb72b6f9c1e54625a551711f6ee72714","updateVbIdSellingIdInventorySkipped/1","1564378274"],"changedColumns":["selling_id","fulfillment_node_id","event_type","update_at","stream_sequence_number","event_data"],"record":"{\"selling_id\":\"7b1296fff3ab43e794c65c85d250cb7d\",\"fulfillment_node_id\":\"fb72b6f9c1e54625a551711f6ee72714\",\"event_type\":\"updateVbIdSellingIdInventorySkipped/1\",\"update_at\":1564378274,\"stream_sequence_number\":47,\"event_data\":\"{\\\"id\\\":\\\"589531ed89704a08a8d423383653486e\\\",\\\"vbId\\\":\\\"7b1296fff3ab43e794c65c85d250cb7d\\\",\\\"sellingId\\\":\\\"7b1296fff3ab43e794c65c85d250cb7d\\\",\\\"merchantId\\\":\\\"e43cf7756d0b4ba8a4e9046774656ce8\\\",\\\"skuId\\\":\\\"7b1296fff3ab43e794c65c85d250cb7d\\\",\\\"f\\\":82,\\\"fnId\\\":\\\"fb72b6f9c1e54625a551711f6ee72714\\\",\\\"fnType\\\":\\\"wolverine\\\",\\\"by\\\":\\\"Vibranium\\\",\\\"at\\\":\\\"2019-07-29T05:31:14+00:00\\\",\\\"invUssn\\\":49,\\\"isInf\\\":false}\"}"}
{"id":"2268CD5F12B143EC85A9F40C429D4FFB","table":"killmonger_events_table","keyspace":"msku","timestamp":"2019-07-29T05:40:44.703Z","clusteringKeys":["2750","vbIdSellingIdInventoryUpdated/1","1564378912"],"changedColumns":["selling_id","fulfillment_node_id","event_type","update_at","stream_sequence_number","event_data"],"record":"{\"selling_id\":\"2268CD5F12B143EC85A9F40C429D4FFB\",\"fulfillment_node_id\":\"2750\",\"event_type\":\"vbIdSellingIdInventoryUpdated/1\",\"update_at\":1564378912,\"stream_sequence_number\":95,\"event_data\":\"{\\\"id\\\":\\\"f2b8d09ed5d149889cfd77fe3e3a1170\\\",\\\"vbId\\\":\\\"PantherMigrationVbId\\\",\\\"sellingId\\\":\\\"2268CD5F12B143EC85A9F40C429D4FFB\\\",\\\"merchantId\\\":\\\"9fc08905039048918982091f266c2a29\\\",\\\"skuId\\\":\\\"PantherMigrationSkuId\\\",\\\"f\\\":0,\\\"fnId\\\":\\\"2750\\\",\\\"by\\\":\\\"Killmonger.Migration.MapInWalmartInvUpdates\\\",\\\"at\\\":\\\"2019-07-29T05:41:52.953+00:00\\\",\\\"invUssn\\\":0,\\\"isInf\\\":false,\\\"ifa\\\":true,\\\"martAvail\\\":[{\\\"martId\\\":\\\"21\\\",\\\"ia\\\":true},{\\\"martId\\\":\\\"0\\\",\\\"ia\\\":true}],\\\"clt\\\":\\\"WoJ\\\"}\"}"}
{"id":"3f9599ab1fd94420bd329d495f0a4ac4","table":"killmonger_events_table","keyspace":"msku","timestamp":"2019-07-29T05:44:37.049Z","clusteringKeys":["3cbcc7e28aac4f6fb0a8cde4e85483c0","vbIdSellingIdInventoryUpdated/1","1564378068"],"changedColumns":["selling_id","fulfillment_node_id","event_type","update_at","stream_sequence_number","event_data"],"record":"{\"selling_id\":\"3f9599ab1fd94420bd329d495f0a4ac4\",\"fulfillment_node_id\":\"3cbcc7e28aac4f6fb0a8cde4e85483c0\",\"event_type\":\"vbIdSellingIdInventoryUpdated/1\",\"update_at\":1564378068,\"stream_sequence_number\":104,\"event_data\":\"{\\\"id\\\":\\\"fe274193b53e45079abec71736ba2f58\\\",\\\"vbId\\\":\\\"3f9599ab1fd94420bd329d495f0a4ac4\\\",\\\"sellingId\\\":\\\"3f9599ab1fd94420bd329d495f0a4ac4\\\",\\\"merchantId\\\":\\\"7eaf70709bf149f890dc3a845871dab4\\\",\\\"skuId\\\":\\\"3f9599ab1fd94420bd329d495f0a4ac4\\\",\\\"f\\\":559,\\\"fnId\\\":\\\"3cbcc7e28aac4f6fb0a8cde4e85483c0\\\",\\\"fnType\\\":\\\"wolverine\\\",\\\"by\\\":\\\"Vibranium\\\",\\\"at\\\":\\\"2019-07-29T05:27:48+00:00\\\",\\\"invUssn\\\":83,\\\"isInf\\\":false,\\\"ifa\\\":true,\\\"martAvail\\\":[{\\\"martId\\\":\\\"21\\\",\\\"ia\\\":true}],\\\"clt\\\":\\\"JoJ\\\"}\"}"}
{"id":"22366fef0242439290797a97ed9f3c22","table":"killmonger_events_table","keyspace":"msku","timestamp":"2019-07-29T05:45:02.468Z","clusteringKeys":["fb72b6f9c1e54625a551711f6ee72714","vbIdSellingIdInventoryUpdated/1","1564378075"],"changedColumns":["selling_id","fulfillment_node_id","event_type","update_at","stream_sequence_number","event_data"],"record":"{\"selling_id\":\"22366fef0242439290797a97ed9f3c22\",\"fulfillment_node_id\":\"fb72b6f9c1e54625a551711f6ee72714\",\"event_type\":\"vbIdSellingIdInventoryUpdated/1\",\"update_at\":1564378075,\"stream_sequence_number\":43,\"event_data\":\"{\\\"id\\\":\\\"faa4dc40857a43f997d64b21343789ff\\\",\\\"vbId\\\":\\\"22366fef0242439290797a97ed9f3c22\\\",\\\"sellingId\\\":\\\"22366fef0242439290797a97ed9f3c22\\\",\\\"merchantId\\\":\\\"e43cf7756d0b4ba8a4e9046774656ce8\\\",\\\"skuId\\\":\\\"22366fef0242439290797a97ed9f3c22\\\",\\\"f\\\":97,\\\"fnId\\\":\\\"fb72b6f9c1e54625a551711f6ee72714\\\",\\\"fnType\\\":\\\"wolverine\\\",\\\"by\\\":\\\"Vibranium\\\",\\\"at\\\":\\\"2019-07-29T05:27:55+00:00\\\",\\\"invUssn\\\":49,\\\"isInf\\\":false,\\\"ifa\\\":true,\\\"martAvail\\\":[{\\\"martId\\\":\\\"21\\\",\\\"ia\\\":true}],\\\"clt\\\":\\\"JoJ\\\"}\"}"}
{"id":"22366fef0242439290797a97ed9f3c22","table":"killmonger_events_table","keyspace":"msku","timestamp":"2019-07-29T05:45:02.468Z","clusteringKeys":["fb72b6f9c1e54625a551711f6ee72714","updateVbIdSellingIdInventorySkipped/1","1564378075"],"changedColumns":["selling_id","fulfillment_node_id","event_type","update_at","stream_sequence_number","event_data"],"record":"{\"selling_id\":\"22366fef0242439290797a97ed9f3c22\",\"fulfillment_node_id\":\"fb72b6f9c1e54625a551711f6ee72714\",\"event_type\":\"updateVbIdSellingIdInventorySkipped/1\",\"update_at\":1564378075,\"stream_sequence_number\":44,\"event_data\":\"{\\\"id\\\":\\\"faa4dc40857a43f997d64b21343789ff\\\",\\\"vbId\\\":\\\"22366fef0242439290797a97ed9f3c22\\\",\\\"sellingId\\\":\\\"22366fef0242439290797a97ed9f3c22\\\",\\\"merchantId\\\":\\\"e43cf7756d0b4ba8a4e9046774656ce8\\\",\\\"skuId\\\":\\\"22366fef0242439290797a97ed9f3c22\\\",\\\"f\\\":97,\\\"fnId\\\":\\\"fb72b6f9c1e54625a551711f6ee72714\\\",\\\"fnType\\\":\\\"wolverine\\\",\\\"by\\\":\\\"Vibranium\\\",\\\"at\\\":\\\"2019-07-29T05:27:55+00:00\\\",\\\"invUssn\\\":49,\\\"isInf\\\":false}\"}"}
{"id":"3c0d0e4b636a4b0585f28dcca6fe8e24","table":"killmonger_events_table","keyspace":"msku","timestamp":"2019-07-29T05:45:02.467Z","clusteringKeys":["fb72b6f9c1e54625a551711f6ee72714","vbIdSellingIdInventoryUpdated/1","1564378274"],"changedColumns":["selling_id","fulfillment_node_id","event_type","update_at","stream_sequence_number","event_data"],"record":"{\"selling_id\":\"3c0d0e4b636a4b0585f28dcca6fe8e24\",\"fulfillment_node_id\":\"fb72b6f9c1e54625a551711f6ee72714\",\"event_type\":\"vbIdSellingIdInventoryUpdated/1\",\"update_at\":1564378274,\"stream_sequence_number\":42,\"event_data\":\"{\\\"id\\\":\\\"d033818cb5f7495c94544b3df6339267\\\",\\\"vbId\\\":\\\"3c0d0e4b636a4b0585f28dcca6fe8e24\\\",\\\"sellingId\\\":\\\"3c0d0e4b636a4b0585f28dcca6fe8e24\\\",\\\"merchantId\\\":\\\"e43cf7756d0b4ba8a4e9046774656ce8\\\",\\\"skuId\\\":\\\"3c0d0e4b636a4b0585f28dcca6fe8e24\\\",\\\"f\\\":126,\\\"fnId\\\":\\\"fb72b6f9c1e54625a551711f6ee72714\\\",\\\"fnType\\\":\\\"wolverine\\\",\\\"by\\\":\\\"Vibranium\\\",\\\"at\\\":\\\"2019-07-29T05:31:14+00:00\\\",\\\"invUssn\\\":51,\\\"isInf\\\":false,\\\"ifa\\\":true,\\\"martAvail\\\":[{\\\"martId\\\":\\\"21\\\",\\\"ia\\\":true}],\\\"clt\\\":\\\"JoJ\\\"}\"}"}
{"id":"A9F0A239634F460DB5ECFBFB431B7E56","table":"killmonger_events_table","keyspace":"msku","timestamp":"2019-07-29T05:45:02.469Z","clusteringKeys":["212001","vbIdSellingIdInventoryUpdated/1","1564378907"],"changedColumns":["selling_id","fulfillment_node_id","event_type","update_at","stream_sequence_number","event_data"],"record":"{\"selling_id\":\"A9F0A239634F460DB5ECFBFB431B7E56\",\"fulfillment_node_id\":\"212001\",\"event_type\":\"vbIdSellingIdInventoryUpdated/1\",\"update_at\":1564378907,\"stream_sequence_number\":292,\"event_data\":\"{\\\"id\\\":\\\"8c297acc893243508209a9e200c42a2c\\\",\\\"vbId\\\":\\\"PantherMigrationVbId\\\",\\\"sellingId\\\":\\\"A9F0A239634F460DB5ECFBFB431B7E56\\\",\\\"merchantId\\\":\\\"9fc08905039048918982091f266c2a29\\\",\\\"skuId\\\":\\\"PantherMigrationSkuId\\\",\\\"f\\\":13,\\\"fnId\\\":\\\"212001\\\",\\\"by\\\":\\\"Killmonger.Migration.MapInWalmartInvUpdates\\\",\\\"at\\\":\\\"2019-07-29T05:41:47.724+00:00\\\",\\\"invUssn\\\":0,\\\"isInf\\\":false,\\\"ifa\\\":true,\\\"martAvail\\\":[{\\\"martId\\\":\\\"21\\\",\\\"ia\\\":true},{\\\"martId\\\":\\\"0\\\",\\\"ia\\\":true}],\\\"clt\\\":\\\"WoJ\\\"}\"}"}
{"id":"A9F0A239634F460DB5ECFBFB431B7E56","table":"killmonger_events_table","keyspace":"msku","timestamp":"2019-07-29T05:45:02.469Z","clusteringKeys":["212001","vbIdSellingIdInventoryUpdated/1","1564378907"],"changedColumns":["selling_id","fulfillment_node_id","event_type","update_at","stream_sequence_number","event_data"],"record":"{\"selling_id\":\"A9F0A239634F460DB5ECFBFB431B7E56\",\"fulfillment_node_id\":\"212001\",\"event_type\":\"vbIdSellingIdInventoryUpdated/1\",\"update_at\":1564378907,\"stream_sequence_number\":293,\"event_data\":\"{\\\"id\\\":\\\"8c297acc893243508209a9e200c42a2c\\\",\\\"vbId\\\":\\\"PantherMigrationVbId\\\",\\\"sellingId\\\":\\\"A9F0A239634F460DB5ECFBFB431B7E56\\\",\\\"merchantId\\\":\\\"9fc08905039048918982091f266c2a29\\\",\\\"skuId\\\":\\\"PantherMigrationSkuId\\\",\\\"f\\\":13,\\\"fnId\\\":\\\"212001\\\",\\\"by\\\":\\\"Killmonger.Migration.MapInWalmartInvUpdates\\\",\\\"at\\\":\\\"2019-07-29T05:41:47.724+00:00\\\",\\\"invUssn\\\":0,\\\"isInf\\\":false,\\\"ifa\\\":true,\\\"martAvail\\\":[{\\\"martId\\\":\\\"21\\\",\\\"ia\\\":true},{\\\"martId\\\":\\\"0\\\",\\\"ia\\\":true}],\\\"clt\\\":\\\"WoJ\\\"}\"}"}
{"id":"D60C89E2A9D149FBB5DE9C60219936AA","table":"killmonger_events_table","keyspace":"msku","timestamp":"2019-07-29T05:40:44.711Z","clusteringKeys":["4364","vbIdSellingIdInventoryUpdated/1","1564378912"],"changedColumns":["selling_id","fulfillment_node_id","event_type","update_at","stream_sequence_number","event_data"],"record":"{\"selling_id\":\"D60C89E2A9D149FBB5DE9C60219936AA\",\"fulfillment_node_id\":\"4364\",\"event_type\":\"vbIdSellingIdInventoryUpdated/1\",\"update_at\":1564378912,\"stream_sequence_number\":144,\"event_data\":\"{\\\"id\\\":\\\"75150877e5de4477a1f1f0cccc7905d9\\\",\\\"vbId\\\":\\\"PantherMigrationVbId\\\",\\\"sellingId\\\":\\\"D60C89E2A9D149FBB5DE9C60219936AA\\\",\\\"merchantId\\\":\\\"9fc08905039048918982091f266c2a29\\\",\\\"skuId\\\":\\\"PantherMigrationSkuId\\\",\\\"f\\\":0,\\\"fnId\\\":\\\"4364\\\",\\\"by\\\":\\\"Killmonger.Migration.MapInWalmartInvUpdates\\\",\\\"at\\\":\\\"2019-07-29T05:41:52.257+00:00\\\",\\\"invUssn\\\":0,\\\"isInf\\\":false,\\\"ifa\\\":true,\\\"martAvail\\\":[{\\\"martId\\\":\\\"21\\\",\\\"ia\\\":true},{\\\"martId\\\":\\\"0\\\",\\\"ia\\\":true}],\\\"clt\\\":\\\"WoJ\\\"}\"}"}
{"id":"1AB1D5924123430CBABC654916E24714","table":"killmonger_events_table","keyspace":"msku","timestamp":"2019-07-29T05:45:03.526Z","clusteringKeys":["10000010085","updateVbIdSellingIdInventorySkipped/1","1564375408"],"changedColumns":["selling_id","fulfillment_node_id","event_type","update_at","stream_sequence_number","event_data"],"record":"{\"selling_id\":\"1AB1D5924123430CBABC654916E24714\",\"fulfillment_node_id\":\"10000010085\",\"event_type\":\"updateVbIdSellingIdInventorySkipped/1\",\"update_at\":1564375408,\"stream_sequence_number\":36,\"event_data\":\"{\\\"id\\\":\\\"44fb545c8fb4488cab0dfd8d4ac7a4cd\\\",\\\"vbId\\\":\\\"STY-UNIVP257NP-PP-073118-017-9779\\\",\\\"sellingId\\\":\\\"1AB1D5924123430CBABC654916E24714\\\",\\\"merchantId\\\":\\\"9779\\\",\\\"skuId\\\":\\\"STY-UNIVP257NP-PP-073118-017\\\",\\\"f\\\":499,\\\"fnId\\\":\\\"10000010085\\\",\\\"fnType\\\":\\\"MARKETPLACE\\\",\\\"by\\\":\\\"Vibranium\\\",\\\"at\\\":\\\"2019-07-29T04:43:28+00:00\\\",\\\"invUssn\\\":28,\\\"catUssn\\\":2,\\\"isInf\\\":false}\"}"}
{"id":"1576043BAB2E43F3AC798581DD5B9D9A","table":"killmonger_events_table","keyspace":"msku","timestamp":"2019-07-29T05:45:03.528Z","clusteringKeys":["8302","vbIdSellingIdInventoryUpdated/1","1564378910"],"changedColumns":["selling_id","fulfillment_node_id","event_type","update_at","stream_sequence_number","event_data"],"record":"{\"selling_id\":\"1576043BAB2E43F3AC798581DD5B9D9A\",\"fulfillment_node_id\":\"8302\",\"event_type\":\"vbIdSellingIdInventoryUpdated/1\",\"update_at\":1564378910,\"stream_sequence_number\":132,\"event_data\":\"{\\\"id\\\":\\\"abb0f694ad2f4cffa99afced1e03b2f0\\\",\\\"vbId\\\":\\\"PantherMigrationVbId\\\",\\\"sellingId\\\":\\\"1576043BAB2E43F3AC798581DD5B9D9A\\\",\\\"merchantId\\\":\\\"9fc08905039048918982091f266c2a29\\\",\\\"skuId\\\":\\\"PantherMigrationSkuId\\\",\\\"f\\\":0,\\\"fnId\\\":\\\"8302\\\",\\\"by\\\":\\\"Killmonger.Migration.MapInWalmartInvUpdates\\\",\\\"at\\\":\\\"2019-07-29T05:41:50.704+00:00\\\",\\\"invUssn\\\":0,\\\"isInf\\\":false,\\\"ifa\\\":true,\\\"martAvail\\\":[{\\\"martId\\\":\\\"21\\\",\\\"ia\\\":true},{\\\"martId\\\":\\\"0\\\",\\\"ia\\\":true}],\\\"clt\\\":\\\"WoJ\\\"}\"}"}
{"id":"789A7BA54E2142518AA567751F49B621","table":"killmonger_events_table","keyspace":"msku","timestamp":"2019-07-29T05:45:03.529Z","clusteringKeys":["10000013268","updateVbIdSellingIdInventorySkipped/1","1564375417"],"changedColumns":["selling_id","fulfillment_node_id","event_type","update_at","stream_sequence_number","event_data"],"record":"{\"selling_id\":\"789A7BA54E2142518AA567751F49B621\",\"fulfillment_node_id\":\"10000013268\",\"event_type\":\"updateVbIdSellingIdInventorySkipped/1\",\"update_at\":1564375417,\"stream_sequence_number\":148,\"event_data\":\"{\\\"id\\\":\\\"13d5213ed88d45818a110e5ceadb7f31\\\",\\\"vbId\\\":\\\"A_33229656_3PC_BY058_Navy_506_Oran_4T-12825\\\",\\\"sellingId\\\":\\\"789A7BA54E2142518AA567751F49B621\\\",\\\"merchantId\\\":\\\"12825\\\",\\\"skuId\\\":\\\"A_33229656_3PC_BY058_Navy_506_Oran_4T\\\",\\\"f\\\":99,\\\"fnId\\\":\\\"10000013268\\\",\\\"fnType\\\":\\\"MARKETPLACE\\\",\\\"by\\\":\\\"Vibranium\\\",\\\"at\\\":\\\"2019-07-29T04:43:37+00:00\\\",\\\"invUssn\\\":112,\\\"catUssn\\\":0,\\\"isInf\\\":false}\"}"}
{"id":"65ffb38c69304551b481db273acc7410","table":"killmonger_events_table","keyspace":"msku","timestamp":"2019-07-29T05:45:03.528Z","clusteringKeys":["fb72b6f9c1e54625a551711f6ee72714","updateVbIdSellingIdInventorySkipped/1","1564378075"],"changedColumns":["selling_id","fulfillment_node_id","event_type","update_at","stream_sequence_number","event_data"],"record":"{\"selling_id\":\"65ffb38c69304551b481db273acc7410\",\"fulfillment_node_id\":\"fb72b6f9c1e54625a551711f6ee72714\",\"event_type\":\"updateVbIdSellingIdInventorySkipped/1\",\"update_at\":1564378075,\"stream_sequence_number\":46,\"event_data\":\"{\\\"id\\\":\\\"868e856ce4114c5ab1fdbd2c5e48efcd\\\",\\\"vbId\\\":\\\"65ffb38c69304551b481db273acc7410\\\",\\\"sellingId\\\":\\\"65ffb38c69304551b481db273acc7410\\\",\\\"merchantId\\\":\\\"e43cf7756d0b4ba8a4e9046774656ce8\\\",\\\"skuId\\\":\\\"65ffb38c69304551b481db273acc7410\\\",\\\"f\\\":92,\\\"fnId\\\":\\\"fb72b6f9c1e54625a551711f6ee72714\\\",\\\"fnType\\\":\\\"wolverine\\\",\\\"by\\\":\\\"Vibranium\\\",\\\"at\\\":\\\"2019-07-29T05:27:55+00:00\\\",\\\"invUssn\\\":49,\\\"isInf\\\":false}\"}"}
{"id":"31B860380C7D49ABAD3DE6615A11585D","table":"killmonger_events_table","keyspace":"msku","timestamp":"2019-07-29T05:40:44.723Z","clusteringKeys":["10000013268","updateVbIdSellingIdInventorySkipped/1","1564375293"],"changedColumns":["selling_id","fulfillment_node_id","event_type","update_at","stream_sequence_number","event_data"],"record":"{\"selling_id\":\"31B860380C7D49ABAD3DE6615A11585D\",\"fulfillment_node_id\":\"10000013268\",\"event_type\":\"updateVbIdSellingIdInventorySkipped/1\",\"update_at\":1564375293,\"stream_sequence_number\":138,\"event_data\":\"{\\\"id\\\":\\\"3e895cb1ba584c038f6be9bd005f1c7b\\\",\\\"vbId\\\":\\\"A_33220697_4PC_C1_Hat_503_Brown_S-12825\\\",\\\"sellingId\\\":\\\"31B860380C7D49ABAD3DE6615A11585D\\\",\\\"merchantId\\\":\\\"12825\\\",\\\"skuId\\\":\\\"A_33220697_4PC_C1_Hat_503_Brown_S\\\",\\\"f\\\":99,\\\"fnId\\\":\\\"10000013268\\\",\\\"fnType\\\":\\\"MARKETPLACE\\\",\\\"by\\\":\\\"Vibranium\\\",\\\"at\\\":\\\"2019-07-29T04:41:33+00:00\\\",\\\"invUssn\\\":108,\\\"catUssn\\\":1,\\\"isInf\\\":false}\"}"}
{"id":"31B860380C7D49ABAD3DE6615A11585D","table":"killmonger_events_table","keyspace":"msku","timestamp":"2019-07-29T05:40:44.723Z","clusteringKeys":["10000013268","updateVbIdSellingIdInventorySkipped/1","1564375293"],"changedColumns":["selling_id","fulfillment_node_id","event_type","update_at","stream_sequence_number","event_data"],"record":"{\"selling_id\":\"31B860380C7D49ABAD3DE6615A11585D\",\"fulfillment_node_id\":\"10000013268\",\"event_type\":\"updateVbIdSellingIdInventorySkipped/1\",\"update_at\":1564375293,\"stream_sequence_number\":139,\"event_data\":\"{\\\"id\\\":\\\"87e56360e20a414baea6d783f08b3a18\\\",\\\"vbId\\\":\\\"A_33220697_4PC_C1_Hat_503_Brown_S-12825\\\",\\\"sellingId\\\":\\\"31B860380C7D49ABAD3DE6615A11585D\\\",\\\"merchantId\\\":\\\"12825\\\",\\\"skuId\\\":\\\"A_33220697_4PC_C1_Hat_503_Brown_S\\\",\\\"f\\\":99,\\\"fnId\\\":\\\"10000013268\\\",\\\"fnType\\\":\\\"MARKETPLACE\\\",\\\"by\\\":\\\"Vibranium\\\",\\\"at\\\":\\\"2019-07-29T04:41:33+00:00\\\",\\\"invUssn\\\":108,\\\"catUssn\\\":1,\\\"isInf\\\":false}\"}"}
{"id":"A3E5CF38D76641DA9D661D2D1861B68D","table":"killmonger_events_table","keyspace":"msku","timestamp":"2019-07-29T05:40:44.724Z","clusteringKeys":["10000006435","vbIdSellingIdInventoryUpdated/1","1564375593"],"changedColumns":["selling_id","fulfillment_node_id","event_type","update_at","stream_sequence_number","event_data"],"record":"{\"selling_id\":\"A3E5CF38D76641DA9D661D2D1861B68D\",\"fulfillment_node_id\":\"10000006435\",\"event_type\":\"vbIdSellingIdInventoryUpdated/1\",\"update_at\":1564375593,\"stream_sequence_number\":3223,\"event_data\":\"{\\\"id\\\":\\\"197995d8ec124e04abf967698ba7ba4b\\\",\\\"vbId\\\":\\\"355360_bf_EM-CPB-466-6261\\\",\\\"sellingId\\\":\\\"A3E5CF38D76641DA9D661D2D1861B68D\\\",\\\"merchantId\\\":\\\"6261\\\",\\\"skuId\\\":\\\"355360_bf_EM-CPB-466\\\",\\\"f\\\":129,\\\"fnId\\\":\\\"10000006435\\\",\\\"fnType\\\":\\\"MARKETPLACE\\\",\\\"by\\\":\\\"Vibranium\\\",\\\"at\\\":\\\"2019-07-29T04:46:33+00:00\\\",\\\"invUssn\\\":2635,\\\"catUssn\\\":0,\\\"isInf\\\":false,\\\"ifa\\\":true,\\\"martAvail\\\":[{\\\"martId\\\":\\\"0\\\",\\\"ia\\\":true}],\\\"clt\\\":\\\"WoW\\\"}\"}"}
{"id":"5104A177F4CF4DB99A761055C45C439F","table":"killmonger_events_table","keyspace":"msku","timestamp":"2019-07-29T05:45:02.478Z","clusteringKeys":["2750","vbIdSellingIdInventoryUpdated/1","1564378908"],"changedColumns":["selling_id","fulfillment_node_id","event_type","update_at","stream_sequence_number","event_data"],"record":"{\"selling_id\":\"5104A177F4CF4DB99A761055C45C439F\",\"fulfillment_node_id\":\"2750\",\"event_type\":\"vbIdSellingIdInventoryUpdated/1\",\"update_at\":1564378908,\"stream_sequence_number\":90,\"event_data\":\"{\\\"id\\\":\\\"1756d063abc8427c8b56bd347d4166c8\\\",\\\"vbId\\\":\\\"PantherMigrationVbId\\\",\\\"sellingId\\\":\\\"5104A177F4CF4DB99A761055C45C439F\\\",\\\"merchantId\\\":\\\"9fc08905039048918982091f266c2a29\\\",\\\"skuId\\\":\\\"PantherMigrationSkuId\\\",\\\"f\\\":0,\\\"fnId\\\":\\\"2750\\\",\\\"by\\\":\\\"Killmonger.Migration.MapInWalmartInvUpdates\\\",\\\"at\\\":\\\"2019-07-29T05:41:48.885+00:00\\\",\\\"invUssn\\\":0,\\\"isInf\\\":false,\\\"ifa\\\":true,\\\"martAvail\\\":[{\\\"martId\\\":\\\"21\\\",\\\"ia\\\":true},{\\\"martId\\\":\\\"0\\\",\\\"ia\\\":true}],\\\"clt\\\":\\\"WoJ\\\"}\"}"}
{"id":"5104A177F4CF4DB99A761055C45C439F","table":"killmonger_events_table","keyspace":"msku","timestamp":"2019-07-29T05:45:02.478Z","clusteringKeys":["2750","vbIdSellingIdInventoryUpdated/1","1564378908"],"changedColumns":["selling_id","fulfillment_node_id","event_type","update_at","stream_sequence_number","event_data"],"record":"{\"selling_id\":\"5104A177F4CF4DB99A761055C45C439F\",\"fulfillment_node_id\":\"2750\",\"event_type\":\"vbIdSellingIdInventoryUpdated/1\",\"update_at\":1564378908,\"stream_sequence_number\":91,\"event_data\":\"{\\\"id\\\":\\\"1756d063abc8427c8b56bd347d4166c8\\\",\\\"vbId\\\":\\\"PantherMigrationVbId\\\",\\\"sellingId\\\":\\\"5104A177F4CF4DB99A761055C45C439F\\\",\\\"merchantId\\\":\\\"9fc08905039048918982091f266c2a29\\\",\\\"skuId\\\":\\\"PantherMigrationSkuId\\\",\\\"f\\\":0,\\\"fnId\\\":\\\"2750\\\",\\\"by\\\":\\\"Killmonger.Migration.MapInWalmartInvUpdates\\\",\\\"at\\\":\\\"2019-07-29T05:41:48.885+00:00\\\",\\\"invUssn\\\":0,\\\"isInf\\\":false,\\\"ifa\\\":true,\\\"martAvail\\\":[{\\\"martId\\\":\\\"21\\\",\\\"ia\\\":true},{\\\"martId\\\":\\\"0\\\",\\\"ia\\\":true}],\\\"clt\\\":\\\"WoJ\\\"}\"}"}
{"id":"5104A177F4CF4DB99A761055C45C439F","table":"killmonger_events_table","keyspace":"msku","timestamp":"2019-07-29T05:45:02.479Z","clusteringKeys":["2750","vbIdSellingIdInventoryUpdated/1","1564378908"],"changedColumns":["selling_id","fulfillment_node_id","event_type","update_at","stream_sequence_number","event_data"],"record":"{\"selling_id\":\"5104A177F4CF4DB99A761055C45C439F\",\"fulfillment_node_id\":\"2750\",\"event_type\":\"vbIdSellingIdInventoryUpdated/1\",\"update_at\":1564378908,\"stream_sequence_number\":92,\"event_data\":\"{\\\"id\\\":\\\"1756d063abc8427c8b56bd347d4166c8\\\",\\\"vbId\\\":\\\"PantherMigrationVbId\\\",\\\"sellingId\\\":\\\"5104A177F4CF4DB99A761055C45C439F\\\",\\\"merchantId\\\":\\\"9fc08905039048918982091f266c2a29\\\",\\\"skuId\\\":\\\"PantherMigrationSkuId\\\",\\\"f\\\":0,\\\"fnId\\\":\\\"2750\\\",\\\"by\\\":\\\"Killmonger.Migration.MapInWalmartInvUpdates\\\",\\\"at\\\":\\\"2019-07-29T05:41:48.885+00:00\\\",\\\"invUssn\\\":0,\\\"isInf\\\":false,\\\"ifa\\\":true,\\\"martAvail\\\":[{\\\"martId\\\":\\\"21\\\",\\\"ia\\\":true},{\\\"martId\\\":\\\"0\\\",\\\"ia\\\":true}],\\\"clt\\\":\\\"WoJ\\\"}\"}"}
{"id":"8B8B812ADFD9459E9FD482B70E90338C","table":"killmonger_events_table","keyspace":"msku","timestamp":"2019-07-29T05:45:02.485Z","clusteringKeys":["5868","vbIdSellingIdInventoryUpdated/1","1564378910"],"changedColumns":["selling_id","fulfillment_node_id","event_type","update_at","stream_sequence_number","event_data"],"record":"{\"selling_id\":\"8B8B812ADFD9459E9FD482B70E90338C\",\"fulfillment_node_id\":\"5868\",\"event_type\":\"vbIdSellingIdInventoryUpdated/1\",\"update_at\":1564378910,\"stream_sequence_number\":135,\"event_data\":\"{\\\"id\\\":\\\"3e60c6343f5d4e18afdcaae53e32346b\\\",\\\"vbId\\\":\\\"PantherMigrationVbId\\\",\\\"sellingId\\\":\\\"8B8B812ADFD9459E9FD482B70E90338C\\\",\\\"merchantId\\\":\\\"9fc08905039048918982091f266c2a29\\\",\\\"skuId\\\":\\\"PantherMigrationSkuId\\\",\\\"f\\\":0,\\\"fnId\\\":\\\"5868\\\",\\\"by\\\":\\\"Killmonger.Migration.MapInWalmartInvUpdates\\\",\\\"at\\\":\\\"2019-07-29T05:41:50.778+00:00\\\",\\\"invUssn\\\":0,\\\"isInf\\\":false,\\\"ifa\\\":true,\\\"martAvail\\\":[{\\\"martId\\\":\\\"21\\\",\\\"ia\\\":true},{\\\"martId\\\":\\\"0\\\",\\\"ia\\\":true}],\\\"clt\\\":\\\"WoJ\\\"}\"}"}
{"id":"8B8B812ADFD9459E9FD482B70E90338C","table":"killmonger_events_table","keyspace":"msku","timestamp":"2019-07-29T05:45:02.485Z","clusteringKeys":["5868","vbIdSellingIdInventoryUpdated/1","1564378910"],"changedColumns":["selling_id","fulfillment_node_id","event_type","update_at","stream_sequence_number","event_data"],"record":"{\"selling_id\":\"8B8B812ADFD9459E9FD482B70E90338C\",\"fulfillment_node_id\":\"5868\",\"event_type\":\"vbIdSellingIdInventoryUpdated/1\",\"update_at\":1564378910,\"stream_sequence_number\":136,\"event_data\":\"{\\\"id\\\":\\\"3e60c6343f5d4e18afdcaae53e32346b\\\",\\\"vbId\\\":\\\"PantherMigrationVbId\\\",\\\"sellingId\\\":\\\"8B8B812ADFD9459E9FD482B70E90338C\\\",\\\"merchantId\\\":\\\"9fc08905039048918982091f266c2a29\\\",\\\"skuId\\\":\\\"PantherMigrationSkuId\\\",\\\"f\\\":0,\\\"fnId\\\":\\\"5868\\\",\\\"by\\\":\\\"Killmonger.Migration.MapInWalmartInvUpdates\\\",\\\"at\\\":\\\"2019-07-29T05:41:50.778+00:00\\\",\\\"invUssn\\\":0,\\\"isInf\\\":false,\\\"ifa\\\":true,\\\"martAvail\\\":[{\\\"martId\\\":\\\"21\\\",\\\"ia\\\":true},{\\\"martId\\\":\\\"0\\\",\\\"ia\\\":true}],\\\"clt\\\":\\\"WoJ\\\"}\"}"}
{"id":"8B8B812ADFD9459E9FD482B70E90338C","table":"killmonger_events_table","keyspace":"msku","timestamp":"2019-07-29T05:45:02.485Z","clusteringKeys":["5868","vbIdSellingIdInventoryUpdated/1","1564378910"],"changedColumns":["selling_id","fulfillment_node_id","event_type","update_at","stream_sequence_number","event_data"],"record":"{\"selling_id\":\"8B8B812ADFD9459E9FD482B70E90338C\",\"fulfillment_node_id\":\"5868\",\"event_type\":\"vbIdSellingIdInventoryUpdated/1\",\"update_at\":1564378910,\"stream_sequence_number\":137,\"event_data\":\"{\\\"id\\\":\\\"3e60c6343f5d4e18afdcaae53e32346b\\\",\\\"vbId\\\":\\\"PantherMigrationVbId\\\",\\\"sellingId\\\":\\\"8B8B812ADFD9459E9FD482B70E90338C\\\",\\\"merchantId\\\":\\\"9fc08905039048918982091f266c2a29\\\",\\\"skuId\\\":\\\"PantherMigrationSkuId\\\",\\\"f\\\":0,\\\"fnId\\\":\\\"5868\\\",\\\"by\\\":\\\"Killmonger.Migration.MapInWalmartInvUpdates\\\",\\\"at\\\":\\\"2019-07-29T05:41:50.778+00:00\\\",\\\"invUssn\\\":0,\\\"isInf\\\":false,\\\"ifa\\\":true,\\\"martAvail\\\":[{\\\"martId\\\":\\\"21\\\",\\\"ia\\\":true},{\\\"martId\\\":\\\"0\\\",\\\"ia\\\":true}],\\\"clt\\\":\\\"WoJ\\\"}\"}"}
{"id":"daca4c5e6aa44b07b5fabd5762cb05d5","table":"killmonger_events_table","keyspace":"msku","timestamp":"2019-07-29T05:44:37.086Z","clusteringKeys":["1ad6147479b841849d63874b2a9e6552","updateVbIdSellingIdInventorySkipped/1","1564378021"],"changedColumns":["selling_id","fulfillment_node_id","event_type","update_at","stream_sequence_number","event_data"],"record":"{\"selling_id\":\"daca4c5e6aa44b07b5fabd5762cb05d5\",\"fulfillment_node_id\":\"1ad6147479b841849d63874b2a9e6552\",\"event_type\":\"updateVbIdSellingIdInventorySkipped/1\",\"update_at\":1564378021,\"stream_sequence_number\":2565,\"event_data\":\"{\\\"id\\\":\\\"61dd733d45cc4adca2c085f7e96c0c18\\\",\\\"vbId\\\":\\\"daca4c5e6aa44b07b5fabd5762cb05d5\\\",\\\"sellingId\\\":\\\"daca4c5e6aa44b07b5fabd5762cb05d5\\\",\\\"merchantId\\\":\\\"a1cd8976329a41ae85739f65376fc756\\\",\\\"skuId\\\":\\\"daca4c5e6aa44b07b5fabd5762cb05d5\\\",\\\"f\\\":16,\\\"fnId\\\":\\\"1ad6147479b841849d63874b2a9e6552\\\",\\\"fnType\\\":\\\"wolverine\\\",\\\"by\\\":\\\"Vibranium\\\",\\\"at\\\":\\\"2019-07-29T05:27:01+00:00\\\",\\\"invUssn\\\":2082,\\\"isInf\\\":false}\"}"}
{"id":"daca4c5e6aa44b07b5fabd5762cb05d5","table":"killmonger_events_table","keyspace":"msku","timestamp":"2019-07-29T05:44:37.086Z","clusteringKeys":["1ad6147479b841849d63874b2a9e6552","updateVbIdSellingIdInventorySkipped/1","1564378021"],"changedColumns":["selling_id","fulfillment_node_id","event_type","update_at","stream_sequence_number","event_data"],"record":"{\"selling_id\":\"daca4c5e6aa44b07b5fabd5762cb05d5\",\"fulfillment_node_id\":\"1ad6147479b841849d63874b2a9e6552\",\"event_type\":\"updateVbIdSellingIdInventorySkipped/1\",\"update_at\":1564378021,\"stream_sequence_number\":2566,\"event_data\":\"{\\\"id\\\":\\\"57b5ce7b59f14d88893e826cb57eea45\\\",\\\"vbId\\\":\\\"daca4c5e6aa44b07b5fabd5762cb05d5\\\",\\\"sellingId\\\":\\\"daca4c5e6aa44b07b5fabd5762cb05d5\\\",\\\"merchantId\\\":\\\"a1cd8976329a41ae85739f65376fc756\\\",\\\"skuId\\\":\\\"daca4c5e6aa44b07b5fabd5762cb05d5\\\",\\\"f\\\":16,\\\"fnId\\\":\\\"1ad6147479b841849d63874b2a9e6552\\\",\\\"fnType\\\":\\\"wolverine\\\",\\\"by\\\":\\\"Vibranium\\\",\\\"at\\\":\\\"2019-07-29T05:27:01+00:00\\\",\\\"invUssn\\\":2083,\\\"isInf\\\":false}\"}"}
{"id":"c677da85f3ab4215952e04209c37dda1","table":"killmonger_events_table","keyspace":"msku","timestamp":"2019-07-29T05:44:37.094Z","clusteringKeys":["fb72b6f9c1e54625a551711f6ee72714","updateVbIdSellingIdInventorySkipped/1","1564375526"],"changedColumns":["selling_id","fulfillment_node_id","event_type","update_at","stream_sequence_number","event_data"],"record":"{\"selling_id\":\"c677da85f3ab4215952e04209c37dda1\",\"fulfillment_node_id\":\"fb72b6f9c1e54625a551711f6ee72714\",\"event_type\":\"updateVbIdSellingIdInventorySkipped/1\",\"update_at\":1564375526,\"stream_sequence_number\":46,\"event_data\":\"{\\\"id\\\":\\\"d5783a595a744da8bd88d1029503923d\\\",\\\"vbId\\\":\\\"c677da85f3ab4215952e04209c37dda1\\\",\\\"sellingId\\\":\\\"c677da85f3ab4215952e04209c37dda1\\\",\\\"merchantId\\\":\\\"e43cf7756d0b4ba8a4e9046774656ce8\\\",\\\"skuId\\\":\\\"c677da85f3ab4215952e04209c37dda1\\\",\\\"f\\\":66,\\\"fnId\\\":\\\"fb72b6f9c1e54625a551711f6ee72714\\\",\\\"fnType\\\":\\\"wolverine\\\",\\\"by\\\":\\\"Vibranium\\\",\\\"at\\\":\\\"2019-07-29T04:45:26+00:00\\\",\\\"invUssn\\\":51,\\\"isInf\\\":false}\"}"}
{"id":"39c1c2c6cb9443a582969cca51c9c821","table":"killmonger_events_table","keyspace":"msku","timestamp":"2019-07-29T05:45:03.426Z","clusteringKeys":["3cbcc7e28aac4f6fb0a8cde4e85483c0","vbIdSellingIdInventoryUpdated/1","1564378052"],"changedColumns":["selling_id","fulfillment_node_id","event_type","update_at","stream_sequence_number","event_data"],"record":"{\"selling_id\":\"39c1c2c6cb9443a582969cca51c9c821\",\"fulfillment_node_id\":\"3cbcc7e28aac4f6fb0a8cde4e85483c0\",\"event_type\":\"vbIdSellingIdInventoryUpdated/1\",\"update_at\":1564378052,\"stream_sequence_number\":87,\"event_data\":\"{\\\"id\\\":\\\"7a1c4bc904894d91aad5f899d6d588b6\\\",\\\"vbId\\\":\\\"39c1c2c6cb9443a582969cca51c9c821\\\",\\\"sellingId\\\":\\\"39c1c2c6cb9443a582969cca51c9c821\\\",\\\"merchantId\\\":\\\"7eaf70709bf149f890dc3a845871dab4\\\",\\\"skuId\\\":\\\"39c1c2c6cb9443a582969cca51c9c821\\\",\\\"f\\\":559,\\\"fnId\\\":\\\"3cbcc7e28aac4f6fb0a8cde4e85483c0\\\",\\\"fnType\\\":\\\"wolverine\\\",\\\"by\\\":\\\"Vibranium\\\",\\\"at\\\":\\\"2019-07-29T05:27:32+00:00\\\",\\\"invUssn\\\":74,\\\"isInf\\\":false,\\\"ifa\\\":true,\\\"martAvail\\\":[{\\\"martId\\\":\\\"21\\\",\\\"ia\\\":true}],\\\"clt\\\":\\\"JoJ\\\"}\"}"}
{"id":"87815fc79a204332b94f98e9372c9b79","table":"killmonger_events_table","keyspace":"msku","timestamp":"2019-07-29T05:44:36.948Z","clusteringKeys":["fb72b6f9c1e54625a551711f6ee72714","updateVbIdSellingIdInventorySkipped/1","1564378274"],"changedColumns":["selling_id","fulfillment_node_id","event_type","update_at","stream_sequence_number","event_data"],"record":"{\"selling_id\":\"87815fc79a204332b94f98e9372c9b79\",\"fulfillment_node_id\":\"fb72b6f9c1e54625a551711f6ee72714\",\"event_type\":\"updateVbIdSellingIdInventorySkipped/1\",\"update_at\":1564378274,\"stream_sequence_number\":42,\"event_data\":\"{\\\"id\\\":\\\"b95a7564904e40a0b53f56811e05de8a\\\",\\\"vbId\\\":\\\"87815fc79a204332b94f98e9372c9b79\\\",\\\"sellingId\\\":\\\"87815fc79a204332b94f98e9372c9b79\\\",\\\"merchantId\\\":\\\"e43cf7756d0b4ba8a4e9046774656ce8\\\",\\\"skuId\\\":\\\"87815fc79a204332b94f98e9372c9b79\\\",\\\"f\\\":131,\\\"fnId\\\":\\\"fb72b6f9c1e54625a551711f6ee72714\\\",\\\"fnType\\\":\\\"wolverine\\\",\\\"by\\\":\\\"Vibranium\\\",\\\"at\\\":\\\"2019-07-29T05:31:14+00:00\\\",\\\"invUssn\\\":48,\\\"isInf\\\":false}\"}"}
{"id":"22254a80a2fd428980a1c1b1e215c2f1","table":"killmonger_events_table","keyspace":"msku","timestamp":"2019-07-29T05:44:36.948Z","clusteringKeys":["2b8139331b8d4f0cbe92086b7bb94928","updateVbIdSellingIdInventorySkipped/1","1564378197"],"changedColumns":["selling_id","fulfillment_node_id","event_type","update_at","stream_sequence_number","event_data"],"record":"{\"selling_id\":\"22254a80a2fd428980a1c1b1e215c2f1\",\"fulfillment_node_id\":\"2b8139331b8d4f0cbe92086b7bb94928\",\"event_type\":\"updateVbIdSellingIdInventorySkipped/1\",\"update_at\":1564378197,\"stream_sequence_number\":369,\"event_data\":\"{\\\"id\\\":\\\"ad3bb7231e5149bcb8bd6a2d0f5e5885\\\",\\\"vbId\\\":\\\"22254a80a2fd428980a1c1b1e215c2f1\\\",\\\"sellingId\\\":\\\"22254a80a2fd428980a1c1b1e215c2f1\\\",\\\"merchantId\\\":\\\"cb6c7ae5e97c4fac955c07296ff32dc7\\\",\\\"skuId\\\":\\\"22254a80a2fd428980a1c1b1e215c2f1\\\",\\\"f\\\":94,\\\"fnId\\\":\\\"2b8139331b8d4f0cbe92086b7bb94928\\\",\\\"fnType\\\":\\\"wolverine\\\",\\\"by\\\":\\\"Vibranium\\\",\\\"at\\\":\\\"2019-07-29T05:29:57+00:00\\\",\\\"invUssn\\\":405,\\\"isInf\\\":false}\"}"}
{"id":"F4FCD6C7EBAC4A2084C9A397ECA40C6F","table":"killmonger_events_table","keyspace":"msku","timestamp":"2019-07-29T05:44:36.952Z","clusteringKeys":["10000009819","vbIdSellingIdInventoryUpdated/1","1564375900"],"changedColumns":["selling_id","fulfillment_node_id","event_type","update_at","stream_sequence_number","event_data"],"record":"{\"selling_id\":\"F4FCD6C7EBAC4A2084C9A397ECA40C6F\",\"fulfillment_node_id\":\"10000009819\",\"event_type\":\"vbIdSellingIdInventoryUpdated/1\",\"update_at\":1564375900,\"stream_sequence_number\":409,\"event_data\":\"{\\\"id\\\":\\\"70364620873146c19d3d9b7a849f8801\\\",\\\"vbId\\\":\\\"BPSE-B/BY/GR-M-9501\\\",\\\"sellingId\\\":\\\"F4FCD6C7EBAC4A2084C9A397ECA40C6F\\\",\\\"merchantId\\\":\\\"9501\\\",\\\"skuId\\\":\\\"BPSE-B/BY/GR-M\\\",\\\"f\\\":1,\\\"fnId\\\":\\\"10000009819\\\",\\\"fnType\\\":\\\"MARKETPLACE\\\",\\\"by\\\":\\\"Vibranium\\\",\\\"at\\\":\\\"2019-07-29T04:51:40+00:00\\\",\\\"invUssn\\\":344,\\\"catUssn\\\":47,\\\"isInf\\\":false,\\\"ifa\\\":true,\\\"martAvail\\\":[{\\\"martId\\\":\\\"0\\\",\\\"ia\\\":true}],\\\"clt\\\":\\\"WoW\\\"}\"}"}
{"id":"a9944823ecf94007b5ef8d64a8c18e02","table":"killmonger_events_table","keyspace":"msku","timestamp":"2019-07-29T05:44:36.953Z","clusteringKeys":["f659882a542b4e7e88a3cb659484e1e0","updateVbIdSellingIdInventorySkipped/1","1564378251"],"changedColumns":["selling_id","fulfillment_node_id","event_type","update_at","stream_sequence_number","event_data"],"record":"{\"selling_id\":\"a9944823ecf94007b5ef8d64a8c18e02\",\"fulfillment_node_id\":\"f659882a542b4e7e88a3cb659484e1e0\",\"event_type\":\"updateVbIdSellingIdInventorySkipped/1\",\"update_at\":1564378251,\"stream_sequence_number\":27,\"event_data\":\"{\\\"id\\\":\\\"5f8cb37678c44e81bc7253745e922145\\\",\\\"vbId\\\":\\\"a9944823ecf94007b5ef8d64a8c18e02\\\",\\\"sellingId\\\":\\\"a9944823ecf94007b5ef8d64a8c18e02\\\",\\\"merchantId\\\":\\\"189988e37579478080938782f0af5b48\\\",\\\"skuId\\\":\\\"a9944823ecf94007b5ef8d64a8c18e02\\\",\\\"f\\\":42,\\\"fnId\\\":\\\"f659882a542b4e7e88a3cb659484e1e0\\\",\\\"fnType\\\":\\\"wolverine\\\",\\\"by\\\":\\\"Vibranium\\\",\\\"at\\\":\\\"2019-07-29T05:30:51+00:00\\\",\\\"invUssn\\\":22,\\\"isInf\\\":false}\"}"}
{"id":"ec15666b43e044b096ef5422d7b490fb","table":"killmonger_events_table","keyspace":"msku","timestamp":"2019-07-29T05:40:44.615Z","clusteringKeys":["a25256dd00fd4e9d98532fe987049a06","updateVbIdSellingIdInventorySkipped/1","1564375595"],"changedColumns":["selling_id","fulfillment_node_id","event_type","update_at","stream_sequence_number","event_data"],"record":"{\"selling_id\":\"ec15666b43e044b096ef5422d7b490fb\",\"fulfillment_node_id\":\"a25256dd00fd4e9d98532fe987049a06\",\"event_type\":\"updateVbIdSellingIdInventorySkipped/1\",\"update_at\":1564375595,\"stream_sequence_number\":212,\"event_data\":\"{\\\"id\\\":\\\"8e949ff09f864ad8bb523f06102f2774\\\",\\\"vbId\\\":\\\"ec15666b43e044b096ef5422d7b490fb\\\",\\\"sellingId\\\":\\\"ec15666b43e044b096ef5422d7b490fb\\\",\\\"merchantId\\\":\\\"ce4df556e87948cdb6c5f4359831d81e\\\",\\\"skuId\\\":\\\"ec15666b43e044b096ef5422d7b490fb\\\",\\\"f\\\":99,\\\"fnId\\\":\\\"a25256dd00fd4e9d98532fe987049a06\\\",\\\"fnType\\\":\\\"wolverine\\\",\\\"by\\\":\\\"Vibranium\\\",\\\"at\\\":\\\"2019-07-29T04:46:35+00:00\\\",\\\"invUssn\\\":217,\\\"isInf\\\":false}\"}"}
{"id":"D11BA8FA67124218A61E31C508A305F7","table":"killmonger_events_table","keyspace":"msku","timestamp":"2019-07-29T05:44:36.957Z","clusteringKeys":["4916","vbIdSellingIdInventoryUpdated/1","1564378908"],"changedColumns":["selling_id","fulfillment_node_id","event_type","update_at","stream_sequence_number","event_data"],"record":"{\"selling_id\":\"D11BA8FA67124218A61E31C508A305F7\",\"fulfillment_node_id\":\"4916\",\"event_type\":\"vbIdSellingIdInventoryUpdated/1\",\"update_at\":1564378908,\"stream_sequence_number\":139,\"event_data\":\"{\\\"id\\\":\\\"491513876a1f4624ad3990db1bad82f1\\\",\\\"vbId\\\":\\\"PantherMigrationVbId\\\",\\\"sellingId\\\":\\\"D11BA8FA67124218A61E31C508A305F7\\\",\\\"merchantId\\\":\\\"9fc08905039048918982091f266c2a29\\\",\\\"skuId\\\":\\\"PantherMigrationSkuId\\\",\\\"f\\\":0,\\\"fnId\\\":\\\"4916\\\",\\\"by\\\":\\\"Killmonger.Migration.MapInWalmartInvUpdates\\\",\\\"at\\\":\\\"2019-07-29T05:41:48.641+00:00\\\",\\\"invUssn\\\":0,\\\"isInf\\\":false,\\\"ifa\\\":true,\\\"martAvail\\\":[{\\\"martId\\\":\\\"21\\\",\\\"ia\\\":true},{\\\"martId\\\":\\\"0\\\",\\\"ia\\\":true}],\\\"clt\\\":\\\"WoJ\\\"}\"}"}
{"id":"D11BA8FA67124218A61E31C508A305F7","table":"killmonger_events_table","keyspace":"msku","timestamp":"2019-07-29T05:44:36.957Z","clusteringKeys":["4916","vbIdSellingIdInventoryUpdated/1","1564378908"],"changedColumns":["selling_id","fulfillment_node_id","event_type","update_at","stream_sequence_number","event_data"],"record":"{\"selling_id\":\"D11BA8FA67124218A61E31C508A305F7\",\"fulfillment_node_id\":\"4916\",\"event_type\":\"vbIdSellingIdInventoryUpdated/1\",\"update_at\":1564378908,\"stream_sequence_number\":140,\"event_data\":\"{\\\"id\\\":\\\"491513876a1f4624ad3990db1bad82f1\\\",\\\"vbId\\\":\\\"PantherMigrationVbId\\\",\\\"sellingId\\\":\\\"D11BA8FA67124218A61E31C508A305F7\\\",\\\"merchantId\\\":\\\"9fc08905039048918982091f266c2a29\\\",\\\"skuId\\\":\\\"PantherMigrationSkuId\\\",\\\"f\\\":0,\\\"fnId\\\":\\\"4916\\\",\\\"by\\\":\\\"Killmonger.Migration.MapInWalmartInvUpdates\\\",\\\"at\\\":\\\"2019-07-29T05:41:48.641+00:00\\\",\\\"invUssn\\\":0,\\\"isInf\\\":false,\\\"ifa\\\":true,\\\"martAvail\\\":[{\\\"martId\\\":\\\"21\\\",\\\"ia\\\":true},{\\\"martId\\\":\\\"0\\\",\\\"ia\\\":true}],\\\"clt\\\":\\\"WoJ\\\"}\"}"}
{"id":"4DDAABC68F5E4951A51B3C27BDD86EBD","table":"killmonger_events_table","keyspace":"msku","timestamp":"2019-07-29T05:45:02.374Z","clusteringKeys":["5868","vbIdSellingIdInventoryUpdated/1","1564378912"],"changedColumns":["selling_id","fulfillment_node_id","event_type","update_at","stream_sequence_number","event_data"],"record":"{\"selling_id\":\"4DDAABC68F5E4951A51B3C27BDD86EBD\",\"fulfillment_node_id\":\"5868\",\"event_type\":\"vbIdSellingIdInventoryUpdated/1\",\"update_at\":1564378912,\"stream_sequence_number\":129,\"event_data\":\"{\\\"id\\\":\\\"8cd3cdd235804d3a9ecf70baa262b894\\\",\\\"vbId\\\":\\\"PantherMigrationVbId\\\",\\\"sellingId\\\":\\\"4DDAABC68F5E4951A51B3C27BDD86EBD\\\",\\\"merchantId\\\":\\\"9fc08905039048918982091f266c2a29\\\",\\\"skuId\\\":\\\"PantherMigrationSkuId\\\",\\\"f\\\":0,\\\"fnId\\\":\\\"5868\\\",\\\"by\\\":\\\"Killmonger.Migration.MapInWalmartInvUpdates\\\",\\\"at\\\":\\\"2019-07-29T05:41:52.963+00:00\\\",\\\"invUssn\\\":0,\\\"isInf\\\":false,\\\"ifa\\\":true,\\\"martAvail\\\":[{\\\"martId\\\":\\\"21\\\",\\\"ia\\\":true},{\\\"martId\\\":\\\"0\\\",\\\"ia\\\":true}],\\\"clt\\\":\\\"WoJ\\\"}\"}"}
{"id":"4DDAABC68F5E4951A51B3C27BDD86EBD","table":"killmonger_events_table","keyspace":"msku","timestamp":"2019-07-29T05:45:02.374Z","clusteringKeys":["5868","vbIdSellingIdInventoryUpdated/1","1564378912"],"changedColumns":["selling_id","fulfillment_node_id","event_type","update_at","stream_sequence_number","event_data"],"record":"{\"selling_id\":\"4DDAABC68F5E4951A51B3C27BDD86EBD\",\"fulfillment_node_id\":\"5868\",\"event_type\":\"vbIdSellingIdInventoryUpdated/1\",\"update_at\":1564378912,\"stream_sequence_number\":130,\"event_data\":\"{\\\"id\\\":\\\"8cd3cdd235804d3a9ecf70baa262b894\\\",\\\"vbId\\\":\\\"PantherMigrationVbId\\\",\\\"sellingId\\\":\\\"4DDAABC68F5E4951A51B3C27BDD86EBD\\\",\\\"merchantId\\\":\\\"9fc08905039048918982091f266c2a29\\\",\\\"skuId\\\":\\\"PantherMigrationSkuId\\\",\\\"f\\\":0,\\\"fnId\\\":\\\"5868\\\",\\\"by\\\":\\\"Killmonger.Migration.MapInWalmartInvUpdates\\\",\\\"at\\\":\\\"2019-07-29T05:41:52.963+00:00\\\",\\\"invUssn\\\":0,\\\"isInf\\\":false,\\\"ifa\\\":true,\\\"martAvail\\\":[{\\\"martId\\\":\\\"21\\\",\\\"ia\\\":true},{\\\"martId\\\":\\\"0\\\",\\\"ia\\\":true}],\\\"clt\\\":\\\"WoJ\\\"}\"}"}
{"id":"E802D06A55C44723A40909D59124E8A8","table":"killmonger_events_table","keyspace":"msku","timestamp":"2019-07-29T05:45:02.375Z","clusteringKeys":["10000009592","vbIdSellingIdInventoryUpdated/1","1564378303"],"changedColumns":["selling_id","fulfillment_node_id","event_type","update_at","stream_sequence_number","event_data"],"record":"{\"selling_id\":\"E802D06A55C44723A40909D59124E8A8\",\"fulfillment_node_id\":\"10000009592\",\"event_type\":\"vbIdSellingIdInventoryUpdated/1\",\"update_at\":1564378303,\"stream_sequence_number\":14,\"event_data\":\"{\\\"id\\\":\\\"e062a03ce1f04fb78b4c1d266654d65d\\\",\\\"vbId\\\":\\\"ST0762448458-9324\\\",\\\"sellingId\\\":\\\"E802D06A55C44723A40909D59124E8A8\\\",\\\"merchantId\\\":\\\"9324\\\",\\\"skuId\\\":\\\"ST0762448458\\\",\\\"f\\\":3,\\\"fnId\\\":\\\"10000009592\\\",\\\"fnType\\\":\\\"MARKETPLACE\\\",\\\"by\\\":\\\"Vibranium\\\",\\\"at\\\":\\\"2019-07-29T05:31:43+00:00\\\",\\\"invUssn\\\":7,\\\"catUssn\\\":1,\\\"isInf\\\":false,\\\"ifa\\\":true,\\\"martAvail\\\":[{\\\"martId\\\":\\\"0\\\",\\\"ia\\\":true}],\\\"clt\\\":\\\"WoW\\\"}\"}"}
{"id":"E63F06098B364056BC8D35592892897E","table":"killmonger_events_table","keyspace":"msku","timestamp":"2019-07-29T05:45:03.438Z","clusteringKeys":["8089","vbIdSellingIdInventoryUpdated/1","1564378908"],"changedColumns":["selling_id","fulfillment_node_id","event_type","update_at","stream_sequence_number","event_data"],"record":"{\"selling_id\":\"E63F06098B364056BC8D35592892897E\",\"fulfillment_node_id\":\"8089\",\"event_type\":\"vbIdSellingIdInventoryUpdated/1\",\"update_at\":1564378908,\"stream_sequence_number\":145,\"event_data\":\"{\\\"id\\\":\\\"1bf842338797445ba6b56b87aa5facbd\\\",\\\"vbId\\\":\\\"PantherMigrationVbId\\\",\\\"sellingId\\\":\\\"E63F06098B364056BC8D35592892897E\\\",\\\"merchantId\\\":\\\"9fc08905039048918982091f266c2a29\\\",\\\"skuId\\\":\\\"PantherMigrationSkuId\\\",\\\"f\\\":0,\\\"fnId\\\":\\\"8089\\\",\\\"by\\\":\\\"Killmonger.Migration.MapInWalmartInvUpdates\\\",\\\"at\\\":\\\"2019-07-29T05:41:48.671+00:00\\\",\\\"invUssn\\\":0,\\\"isInf\\\":false,\\\"ifa\\\":true,\\\"martAvail\\\":[{\\\"martId\\\":\\\"21\\\",\\\"ia\\\":true},{\\\"martId\\\":\\\"0\\\",\\\"ia\\\":true}],\\\"clt\\\":\\\"WoJ\\\"}\"}"}
{"id":"0fe8e084aca6494c9224be389dc80bc0","table":"killmonger_events_table","keyspace":"msku","timestamp":"2019-07-29T05:45:03.438Z","clusteringKeys":["3cbcc7e28aac4f6fb0a8cde4e85483c0","vbIdSellingIdInventoryUpdated/1","1564378105"],"changedColumns":["selling_id","fulfillment_node_id","event_type","update_at","stream_sequence_number","event_data"],"record":"{\"selling_id\":\"0fe8e084aca6494c9224be389dc80bc0\",\"fulfillment_node_id\":\"3cbcc7e28aac4f6fb0a8cde4e85483c0\",\"event_type\":\"vbIdSellingIdInventoryUpdated/1\",\"update_at\":1564378105,\"stream_sequence_number\":96,\"event_data\":\"{\\\"id\\\":\\\"ba5d0aee6d6347e489c088a484f67afa\\\",\\\"vbId\\\":\\\"0fe8e084aca6494c9224be389dc80bc0\\\",\\\"sellingId\\\":\\\"0fe8e084aca6494c9224be389dc80bc0\\\",\\\"merchantId\\\":\\\"7eaf70709bf149f890dc3a845871dab4\\\",\\\"skuId\\\":\\\"0fe8e084aca6494c9224be389dc80bc0\\\",\\\"f\\\":559,\\\"fnId\\\":\\\"3cbcc7e28aac4f6fb0a8cde4e85483c0\\\",\\\"fnType\\\":\\\"wolverine\\\",\\\"by\\\":\\\"Vibranium\\\",\\\"at\\\":\\\"2019-07-29T05:28:25+00:00\\\",\\\"invUssn\\\":75,\\\"isInf\\\":false,\\\"ifa\\\":true,\\\"martAvail\\\":[{\\\"martId\\\":\\\"21\\\",\\\"ia\\\":true}],\\\"clt\\\":\\\"JoJ\\\"}\"}"}
{"id":"2F218853052C45419B9852C7AC312359","table":"killmonger_events_table","keyspace":"msku","timestamp":"2019-07-29T05:40:44.626Z","clusteringKeys":["2750","vbIdSellingIdInventoryUpdated/1","1564378909"],"changedColumns":["selling_id","fulfillment_node_id","event_type","update_at","stream_sequence_number","event_data"],"record":"{\"selling_id\":\"2F218853052C45419B9852C7AC312359\",\"fulfillment_node_id\":\"2750\",\"event_type\":\"vbIdSellingIdInventoryUpdated/1\",\"update_at\":1564378909,\"stream_sequence_number\":130,\"event_data\":\"{\\\"id\\\":\\\"7dea87e455dd4d7faebaf748d560c5ec\\\",\\\"vbId\\\":\\\"PantherMigrationVbId\\\",\\\"sellingId\\\":\\\"2F218853052C45419B9852C7AC312359\\\",\\\"merchantId\\\":\\\"9fc08905039048918982091f266c2a29\\\",\\\"skuId\\\":\\\"PantherMigrationSkuId\\\",\\\"f\\\":0,\\\"fnId\\\":\\\"2750\\\",\\\"by\\\":\\\"Killmonger.Migration.MapInWalmartInvUpdates\\\",\\\"at\\\":\\\"2019-07-29T05:41:49.061+00:00\\\",\\\"invUssn\\\":0,\\\"isInf\\\":false,\\\"ifa\\\":true,\\\"martAvail\\\":[{\\\"martId\\\":\\\"21\\\",\\\"ia\\\":true},{\\\"martId\\\":\\\"0\\\",\\\"ia\\\":true}],\\\"clt\\\":\\\"WoJ\\\"}\"}"}
{"id":"47d5e8345fdf45d78dffb5e7a3616888","table":"killmonger_events_table","keyspace":"msku","timestamp":"2019-07-29T05:45:03.439Z","clusteringKeys":["fb72b6f9c1e54625a551711f6ee72714","vbIdSellingIdInventoryUpdated/1","1564378274"],"changedColumns":["selling_id","fulfillment_node_id","event_type","update_at","stream_sequence_number","event_data"],"record":"{\"selling_id\":\"47d5e8345fdf45d78dffb5e7a3616888\",\"fulfillment_node_id\":\"fb72b6f9c1e54625a551711f6ee72714\",\"event_type\":\"vbIdSellingIdInventoryUpdated/1\",\"update_at\":1564378274,\"stream_sequence_number\":41,\"event_data\":\"{\\\"id\\\":\\\"489030c9fe1b4a35869739a9dad61c40\\\",\\\"vbId\\\":\\\"47d5e8345fdf45d78dffb5e7a3616888\\\",\\\"sellingId\\\":\\\"47d5e8345fdf45d78dffb5e7a3616888\\\",\\\"merchantId\\\":\\\"e43cf7756d0b4ba8a4e9046774656ce8\\\",\\\"skuId\\\":\\\"47d5e8345fdf45d78dffb5e7a3616888\\\",\\\"f\\\":101,\\\"fnId\\\":\\\"fb72b6f9c1e54625a551711f6ee72714\\\",\\\"fnType\\\":\\\"wolverine\\\",\\\"by\\\":\\\"Vibranium\\\",\\\"at\\\":\\\"2019-07-29T05:31:14+00:00\\\",\\\"invUssn\\\":48,\\\"isInf\\\":false,\\\"ifa\\\":true,\\\"martAvail\\\":[{\\\"martId\\\":\\\"21\\\",\\\"ia\\\":true}],\\\"clt\\\":\\\"JoJ\\\"}\"}"}
{"id":"47d5e8345fdf45d78dffb5e7a3616888","table":"killmonger_events_table","keyspace":"msku","timestamp":"2019-07-29T05:45:03.439Z","clusteringKeys":["fb72b6f9c1e54625a551711f6ee72714","updateVbIdSellingIdInventorySkipped/1","1564378274"],"changedColumns":["selling_id","fulfillment_node_id","event_type","update_at","stream_sequence_number","event_data"],"record":"{\"selling_id\":\"47d5e8345fdf45d78dffb5e7a3616888\",\"fulfillment_node_id\":\"fb72b6f9c1e54625a551711f6ee72714\",\"event_type\":\"updateVbIdSellingIdInventorySkipped/1\",\"update_at\":1564378274,\"stream_sequence_number\":42,\"event_data\":\"{\\\"id\\\":\\\"489030c9fe1b4a35869739a9dad61c40\\\",\\\"vbId\\\":\\\"47d5e8345fdf45d78dffb5e7a3616888\\\",\\\"sellingId\\\":\\\"47d5e8345fdf45d78dffb5e7a3616888\\\",\\\"merchantId\\\":\\\"e43cf7756d0b4ba8a4e9046774656ce8\\\",\\\"skuId\\\":\\\"47d5e8345fdf45d78dffb5e7a3616888\\\",\\\"f\\\":101,\\\"fnId\\\":\\\"fb72b6f9c1e54625a551711f6ee72714\\\",\\\"fnType\\\":\\\"wolverine\\\",\\\"by\\\":\\\"Vibranium\\\",\\\"at\\\":\\\"2019-07-29T05:31:14+00:00\\\",\\\"invUssn\\\":48,\\\"isInf\\\":false}\"}"}
{"id":"75510B04237941CE912310071CB70002","table":"killmonger_events_table","keyspace":"msku","timestamp":"2019-07-29T05:40:44.628Z","clusteringKeys":["8556","vbIdSellingIdInventoryUpdated/1","1564376013"],"changedColumns":["selling_id","fulfillment_node_id","event_type","update_at","stream_sequence_number","event_data"],"record":"{\"selling_id\":\"75510B04237941CE912310071CB70002\",\"fulfillment_node_id\":\"8556\",\"event_type\":\"vbIdSellingIdInventoryUpdated/1\",\"update_at\":1564376013,\"stream_sequence_number\":102,\"event_data\":\"{\\\"id\\\":\\\"984cb7e23fe74501b3a26781798a0dd7\\\",\\\"vbId\\\":\\\"PantherMigrationVbId\\\",\\\"sellingId\\\":\\\"75510B04237941CE912310071CB70002\\\",\\\"merchantId\\\":\\\"9fc08905039048918982091f266c2a29\\\",\\\"skuId\\\":\\\"PantherMigrationSkuId\\\",\\\"f\\\":0,\\\"fnId\\\":\\\"8556\\\",\\\"by\\\":\\\"Killmonger.Migration.MapInWalmartInvUpdates\\\",\\\"at\\\":\\\"2019-07-29T04:53:33.353+00:00\\\",\\\"invUssn\\\":0,\\\"isInf\\\":false,\\\"ifa\\\":true,\\\"martAvail\\\":[{\\\"martId\\\":\\\"21\\\",\\\"ia\\\":true},{\\\"martId\\\":\\\"0\\\",\\\"ia\\\":true}],\\\"clt\\\":\\\"WoJ\\\"}\"}"}
{"id":"a28ab1a8fa8648fda57309c09614773c","table":"killmonger_events_table","keyspace":"msku","timestamp":"2019-07-29T05:40:44.629Z","clusteringKeys":["fb72b6f9c1e54625a551711f6ee72714","vbIdSellingIdInventoryUpdated/1","1564378274"],"changedColumns":["selling_id","fulfillment_node_id","event_type","update_at","stream_sequence_number","event_data"],"record":"{\"selling_id\":\"a28ab1a8fa8648fda57309c09614773c\",\"fulfillment_node_id\":\"fb72b6f9c1e54625a551711f6ee72714\",\"event_type\":\"vbIdSellingIdInventoryUpdated/1\",\"update_at\":1564378274,\"stream_sequence_number\":39,\"event_data\":\"{\\\"id\\\":\\\"f57324d4c3474d0e9342da9dfc9422cf\\\",\\\"vbId\\\":\\\"a28ab1a8fa8648fda57309c09614773c\\\",\\\"sellingId\\\":\\\"a28ab1a8fa8648fda57309c09614773c\\\",\\\"merchantId\\\":\\\"e43cf7756d0b4ba8a4e9046774656ce8\\\",\\\"skuId\\\":\\\"a28ab1a8fa8648fda57309c09614773c\\\",\\\"f\\\":55,\\\"fnId\\\":\\\"fb72b6f9c1e54625a551711f6ee72714\\\",\\\"fnType\\\":\\\"wolverine\\\",\\\"by\\\":\\\"Vibranium\\\",\\\"at\\\":\\\"2019-07-29T05:31:14+00:00\\\",\\\"invUssn\\\":47,\\\"isInf\\\":false,\\\"ifa\\\":true,\\\"martAvail\\\":[{\\\"martId\\\":\\\"21\\\",\\\"ia\\\":true}],\\\"clt\\\":\\\"JoJ\\\"}\"}"}
{"id":"2F218853052C45419B9852C7AC312359","table":"killmonger_events_table","keyspace":"msku","timestamp":"2019-07-29T05:45:02.390Z","clusteringKeys":["4364","vbIdSellingIdInventoryUpdated/1","1564378909"],"changedColumns":["selling_id","fulfillment_node_id","event_type","update_at","stream_sequence_number","event_data"],"record":"{\"selling_id\":\"2F218853052C45419B9852C7AC312359\",\"fulfillment_node_id\":\"4364\",\"event_type\":\"vbIdSellingIdInventoryUpdated/1\",\"update_at\":1564378909,\"stream_sequence_number\":3891,\"event_data\":\"{\\\"id\\\":\\\"f8ab4633e89b400aba8dcb58b7c46791\\\",\\\"vbId\\\":\\\"PantherMigrationVbId\\\",\\\"sellingId\\\":\\\"2F218853052C45419B9852C7AC312359\\\",\\\"merchantId\\\":\\\"9fc08905039048918982091f266c2a29\\\",\\\"skuId\\\":\\\"PantherMigrationSkuId\\\",\\\"f\\\":561,\\\"fnId\\\":\\\"4364\\\",\\\"by\\\":\\\"Killmonger.Migration.MapInWalmartInvUpdates\\\",\\\"at\\\":\\\"2019-07-29T05:41:49.061+00:00\\\",\\\"invUssn\\\":0,\\\"isInf\\\":false,\\\"ifa\\\":true,\\\"martAvail\\\":[{\\\"martId\\\":\\\"21\\\",\\\"ia\\\":true},{\\\"martId\\\":\\\"0\\\",\\\"ia\\\":true}],\\\"clt\\\":\\\"WoJ\\\"}\"}"}
{"id":"9F672BDCD50E45CE9B462F4AABC26D70","table":"killmonger_events_table","keyspace":"msku","timestamp":"2019-07-29T05:45:02.390Z","clusteringKeys":["3559","vbIdSellingIdInventoryUpdated/1","1564378909"],"changedColumns":["selling_id","fulfillment_node_id","event_type","update_at","stream_sequence_number","event_data"],"record":"{\"selling_id\":\"9F672BDCD50E45CE9B462F4AABC26D70\",\"fulfillment_node_id\":\"3559\",\"event_type\":\"vbIdSellingIdInventoryUpdated/1\",\"update_at\":1564378909,\"stream_sequence_number\":140,\"event_data\":\"{\\\"id\\\":\\\"763f5ed1a13841078d9965bcd42e8a7b\\\",\\\"vbId\\\":\\\"PantherMigrationVbId\\\",\\\"sellingId\\\":\\\"9F672BDCD50E45CE9B462F4AABC26D70\\\",\\\"merchantId\\\":\\\"9fc08905039048918982091f266c2a29\\\",\\\"skuId\\\":\\\"PantherMigrationSkuId\\\",\\\"f\\\":0,\\\"fnId\\\":\\\"3559\\\",\\\"by\\\":\\\"Killmonger.Migration.MapInWalmartInvUpdates\\\",\\\"at\\\":\\\"2019-07-29T05:41:49.441+00:00\\\",\\\"invUssn\\\":0,\\\"isInf\\\":false,\\\"ifa\\\":true,\\\"martAvail\\\":[{\\\"martId\\\":\\\"21\\\",\\\"ia\\\":true},{\\\"martId\\\":\\\"0\\\",\\\"ia\\\":true}],\\\"clt\\\":\\\"WoJ\\\"}\"}"}
{"id":"D1A6CD01EB1647FA92BDA054FEDA8B37","table":"killmonger_events_table","keyspace":"msku","timestamp":"2019-07-29T05:45:03.448Z","clusteringKeys":["10000009402","vbIdSellingIdInventoryUpdated/1","1564378234"],"changedColumns":["selling_id","fulfillment_node_id","event_type","update_at","stream_sequence_number","event_data"],"record":"{\"selling_id\":\"D1A6CD01EB1647FA92BDA054FEDA8B37\",\"fulfillment_node_id\":\"10000009402\",\"event_type\":\"vbIdSellingIdInventoryUpdated/1\",\"update_at\":1564378234,\"stream_sequence_number\":5,\"event_data\":\"{\\\"id\\\":\\\"6444ebca74524e9c8d5954118b1af43d\\\",\\\"vbId\\\":\\\"1443175-9011\\\",\\\"sellingId\\\":\\\"D1A6CD01EB1647FA92BDA054FEDA8B37\\\",\\\"merchantId\\\":\\\"9011\\\",\\\"skuId\\\":\\\"1443175\\\",\\\"f\\\":38,\\\"fnId\\\":\\\"10000009402\\\",\\\"fnType\\\":\\\"MARKETPLACE\\\",\\\"by\\\":\\\"Vibranium\\\",\\\"at\\\":\\\"2019-07-29T05:30:34+00:00\\\",\\\"invUssn\\\":3,\\\"catUssn\\\":2,\\\"isInf\\\":false,\\\"ifa\\\":true,\\\"martAvail\\\":[{\\\"martId\\\":\\\"0\\\",\\\"ia\\\":true}],\\\"clt\\\":\\\"WoW\\\"}\"}"}
{"id":"3ac5de6abcd5416794e5b750fd02169a","table":"killmonger_events_table","keyspace":"msku","timestamp":"2019-07-29T05:40:44.642Z","clusteringKeys":["f129342b97b34e20803f37842a98b08b","vbIdSellingIdInventoryUpdated/1","1564375613"],"changedColumns":["selling_id","fulfillment_node_id","event_type","update_at","stream_sequence_number","event_data"],"record":"{\"selling_id\":\"3ac5de6abcd5416794e5b750fd02169a\",\"fulfillment_node_id\":\"f129342b97b34e20803f37842a98b08b\",\"event_type\":\"vbIdSellingIdInventoryUpdated/1\",\"update_at\":1564375613,\"stream_sequence_number\":3467,\"event_data\":\"{\\\"id\\\":\\\"28c57cab36f54271b72e4f8c2c84a4e8\\\",\\\"vbId\\\":\\\"3ac5de6abcd5416794e5b750fd02169a\\\",\\\"sellingId\\\":\\\"3ac5de6abcd5416794e5b750fd02169a\\\",\\\"merchantId\\\":\\\"4e24d93a43024b2a9d8d683a1b27017d\\\",\\\"skuId\\\":\\\"3ac5de6abcd5416794e5b750fd02169a\\\",\\\"f\\\":75,\\\"fnId\\\":\\\"f129342b97b34e20803f37842a98b08b\\\",\\\"fnType\\\":\\\"wolverine\\\",\\\"by\\\":\\\"Vibranium\\\",\\\"at\\\":\\\"2019-07-29T04:46:53+00:00\\\",\\\"invUssn\\\":3973,\\\"isInf\\\":false,\\\"ifa\\\":true,\\\"martAvail\\\":[{\\\"martId\\\":\\\"21\\\",\\\"ia\\\":true}],\\\"clt\\\":\\\"JoJ\\\"}\"}"}
{"id":"C3B4E973EBE340E9808A3E74F0439DD0","table":"killmonger_events_table","keyspace":"msku","timestamp":"2019-07-29T05:40:44.642Z","clusteringKeys":["8306","vbIdSellingIdInventoryUpdated/1","1564378910"],"changedColumns":["selling_id","fulfillment_node_id","event_type","update_at","stream_sequence_number","event_data"],"record":"{\"selling_id\":\"C3B4E973EBE340E9808A3E74F0439DD0\",\"fulfillment_node_id\":\"8306\",\"event_type\":\"vbIdSellingIdInventoryUpdated/1\",\"update_at\":1564378910,\"stream_sequence_number\":143,\"event_data\":\"{\\\"id\\\":\\\"50eca057ae87491b9e2139689e6379d7\\\",\\\"vbId\\\":\\\"PantherMigrationVbId\\\",\\\"sellingId\\\":\\\"C3B4E973EBE340E9808A3E74F0439DD0\\\",\\\"merchantId\\\":\\\"9fc08905039048918982091f266c2a29\\\",\\\"skuId\\\":\\\"PantherMigrationSkuId\\\",\\\"f\\\":0,\\\"fnId\\\":\\\"8306\\\",\\\"by\\\":\\\"Killmonger.Migration.MapInWalmartInvUpdates\\\",\\\"at\\\":\\\"2019-07-29T05:41:50.598+00:00\\\",\\\"invUssn\\\":0,\\\"isInf\\\":false,\\\"ifa\\\":true,\\\"martAvail\\\":[{\\\"martId\\\":\\\"21\\\",\\\"ia\\\":true},{\\\"martId\\\":\\\"0\\\",\\\"ia\\\":true}],\\\"clt\\\":\\\"WoJ\\\"}\"}"}
{"id":"a7123f5b2bf54951bf8b4ca6c0e623c9","table":"killmonger_events_table","keyspace":"msku","timestamp":"2019-07-29T05:45:03.459Z","clusteringKeys":["fb72b6f9c1e54625a551711f6ee72714","vbIdSellingIdInventoryUpdated/1","1564378075"],"changedColumns":["selling_id","fulfillment_node_id","event_type","update_at","stream_sequence_number","event_data"],"record":"{\"selling_id\":\"a7123f5b2bf54951bf8b4ca6c0e623c9\",\"fulfillment_node_id\":\"fb72b6f9c1e54625a551711f6ee72714\",\"event_type\":\"vbIdSellingIdInventoryUpdated/1\",\"update_at\":1564378075,\"stream_sequence_number\":46,\"event_data\":\"{\\\"id\\\":\\\"ffe4523e4cb941ebb24b9f5e454415da\\\",\\\"vbId\\\":\\\"a7123f5b2bf54951bf8b4ca6c0e623c9\\\",\\\"sellingId\\\":\\\"a7123f5b2bf54951bf8b4ca6c0e623c9\\\",\\\"merchantId\\\":\\\"e43cf7756d0b4ba8a4e9046774656ce8\\\",\\\"skuId\\\":\\\"a7123f5b2bf54951bf8b4ca6c0e623c9\\\",\\\"f\\\":56,\\\"fnId\\\":\\\"fb72b6f9c1e54625a551711f6ee72714\\\",\\\"fnType\\\":\\\"wolverine\\\",\\\"by\\\":\\\"Vibranium\\\",\\\"at\\\":\\\"2019-07-29T05:27:55+00:00\\\",\\\"invUssn\\\":49,\\\"isInf\\\":false,\\\"ifa\\\":true,\\\"martAvail\\\":[{\\\"martId\\\":\\\"21\\\",\\\"ia\\\":true}],\\\"clt\\\":\\\"JoJ\\\"}\"}"}
{"id":"06001d9400e9499fa9f3d629ee4dacda","table":"killmonger_events_table","keyspace":"msku","timestamp":"2019-07-29T05:40:44.645Z","clusteringKeys":["fb72b6f9c1e54625a551711f6ee72714","vbIdSellingIdInventoryUpdated/1","1564378274"],"changedColumns":["selling_id","fulfillment_node_id","event_type","update_at","stream_sequence_number","event_data"],"record":"{\"selling_id\":\"06001d9400e9499fa9f3d629ee4dacda\",\"fulfillment_node_id\":\"fb72b6f9c1e54625a551711f6ee72714\",\"event_type\":\"vbIdSellingIdInventoryUpdated/1\",\"update_at\":1564378274,\"stream_sequence_number\":38,\"event_data\":\"{\\\"id\\\":\\\"b37ad5e80cfd455ca0dac69fe3ecf224\\\",\\\"vbId\\\":\\\"06001d9400e9499fa9f3d629ee4dacda\\\",\\\"sellingId\\\":\\\"06001d9400e9499fa9f3d629ee4dacda\\\",\\\"merchantId\\\":\\\"e43cf7756d0b4ba8a4e9046774656ce8\\\",\\\"skuId\\\":\\\"06001d9400e9499fa9f3d629ee4dacda\\\",\\\"f\\\":60,\\\"fnId\\\":\\\"fb72b6f9c1e54625a551711f6ee72714\\\",\\\"fnType\\\":\\\"wolverine\\\",\\\"by\\\":\\\"Vibranium\\\",\\\"at\\\":\\\"2019-07-29T05:31:14+00:00\\\",\\\"invUssn\\\":48,\\\"isInf\\\":false,\\\"ifa\\\":true,\\\"martAvail\\\":[{\\\"martId\\\":\\\"21\\\",\\\"ia\\\":true}],\\\"clt\\\":\\\"JoJ\\\"}\"}"}
{"id":"DF0B5D40CA1544A79924372E5CA0CACF","table":"killmonger_events_table","keyspace":"msku","timestamp":"2019-07-29T05:45:03.460Z","clusteringKeys":["10000004640","vbIdSellingIdInventoryUpdated/1","1564378233"],"changedColumns":["selling_id","fulfillment_node_id","event_type","update_at","stream_sequence_number","event_data"],"record":"{\"selling_id\":\"DF0B5D40CA1544A79924372E5CA0CACF\",\"fulfillment_node_id\":\"10000004640\",\"event_type\":\"vbIdSellingIdInventoryUpdated/1\",\"update_at\":1564378233,\"stream_sequence_number\":2703,\"event_data\":\"{\\\"id\\\":\\\"5b5ef4954fba4d3db617b8bfc3d0566d\\\",\\\"vbId\\\":\\\"15862-4506\\\",\\\"sellingId\\\":\\\"DF0B5D40CA1544A79924372E5CA0CACF\\\",\\\"merchantId\\\":\\\"4506\\\",\\\"skuId\\\":\\\"15862\\\",\\\"f\\\":2,\\\"fnId\\\":\\\"10000004640\\\",\\\"fnType\\\":\\\"MARKETPLACE\\\",\\\"by\\\":\\\"Vibranium\\\",\\\"at\\\":\\\"2019-07-29T05:30:33+00:00\\\",\\\"invUssn\\\":2247,\\\"catUssn\\\":0,\\\"isInf\\\":false,\\\"ifa\\\":true,\\\"martAvail\\\":[{\\\"martId\\\":\\\"0\\\",\\\"ia\\\":true}],\\\"clt\\\":\\\"WoW\\\"}\"}"}
{"id":"DF0B5D40CA1544A79924372E5CA0CACF","table":"killmonger_events_table","keyspace":"msku","timestamp":"2019-07-29T05:45:03.460Z","clusteringKeys":["10000004640","updateVbIdSellingIdInventorySkipped/1","1564378233"],"changedColumns":["selling_id","fulfillment_node_id","event_type","update_at","stream_sequence_number","event_data"],"record":"{\"selling_id\":\"DF0B5D40CA1544A79924372E5CA0CACF\",\"fulfillment_node_id\":\"10000004640\",\"event_type\":\"updateVbIdSellingIdInventorySkipped/1\",\"update_at\":1564378233,\"stream_sequence_number\":2704,\"event_data\":\"{\\\"id\\\":\\\"5b5ef4954fba4d3db617b8bfc3d0566d\\\",\\\"vbId\\\":\\\"15862-4506\\\",\\\"sellingId\\\":\\\"DF0B5D40CA1544A79924372E5CA0CACF\\\",\\\"merchantId\\\":\\\"4506\\\",\\\"skuId\\\":\\\"15862\\\",\\\"f\\\":2,\\\"fnId\\\":\\\"10000004640\\\",\\\"fnType\\\":\\\"MARKETPLACE\\\",\\\"by\\\":\\\"Vibranium\\\",\\\"at\\\":\\\"2019-07-29T05:30:33+00:00\\\",\\\"invUssn\\\":2247,\\\"catUssn\\\":0,\\\"isInf\\\":false}\"}"}
{"id":"8919651fa12f49fa847edabd0cd38c3e","table":"killmonger_events_table","keyspace":"msku","timestamp":"2019-07-29T05:44:36.992Z","clusteringKeys":["fb72b6f9c1e54625a551711f6ee72714","vbIdSellingIdInventoryUpdated/1","1564374967"],"changedColumns":["selling_id","fulfillment_node_id","event_type","update_at","stream_sequence_number","event_data"],"record":"{\"selling_id\":\"8919651fa12f49fa847edabd0cd38c3e\",\"fulfillment_node_id\":\"fb72b6f9c1e54625a551711f6ee72714\",\"event_type\":\"vbIdSellingIdInventoryUpdated/1\",\"update_at\":1564374967,\"stream_sequence_number\":51,\"event_data\":\"{\\\"id\\\":\\\"9318fc5b4bdf4eb3aa6757d424db2cf1\\\",\\\"vbId\\\":\\\"8919651fa12f49fa847edabd0cd38c3e\\\",\\\"sellingId\\\":\\\"8919651fa12f49fa847edabd0cd38c3e\\\",\\\"merchantId\\\":\\\"e43cf7756d0b4ba8a4e9046774656ce8\\\",\\\"skuId\\\":\\\"8919651fa12f49fa847edabd0cd38c3e\\\",\\\"f\\\":75,\\\"fnId\\\":\\\"fb72b6f9c1e54625a551711f6ee72714\\\",\\\"fnType\\\":\\\"wolverine\\\",\\\"by\\\":\\\"Vibranium\\\",\\\"at\\\":\\\"2019-07-29T04:36:07+00:00\\\",\\\"invUssn\\\":54,\\\"isInf\\\":false,\\\"ifa\\\":true,\\\"martAvail\\\":[{\\\"martId\\\":\\\"21\\\",\\\"ia\\\":true}],\\\"clt\\\":\\\"JoJ\\\"}\"}"}
{"id":"243736f0934a4aef88b2896ec6f766fe","table":"killmonger_events_table","keyspace":"msku","timestamp":"2019-07-29T05:45:03.463Z","clusteringKeys":["fb72b6f9c1e54625a551711f6ee72714","vbIdSellingIdInventoryUpdated/1","1564378075"],"changedColumns":["selling_id","fulfillment_node_id","event_type","update_at","stream_sequence_number","event_data"],"record":"{\"selling_id\":\"243736f0934a4aef88b2896ec6f766fe\",\"fulfillment_node_id\":\"fb72b6f9c1e54625a551711f6ee72714\",\"event_type\":\"vbIdSellingIdInventoryUpdated/1\",\"update_at\":1564378075,\"stream_sequence_number\":43,\"event_data\":\"{\\\"id\\\":\\\"d1b95c5dc5d14719b78ee36987d812b0\\\",\\\"vbId\\\":\\\"243736f0934a4aef88b2896ec6f766fe\\\",\\\"sellingId\\\":\\\"243736f0934a4aef88b2896ec6f766fe\\\",\\\"merchantId\\\":\\\"e43cf7756d0b4ba8a4e9046774656ce8\\\",\\\"skuId\\\":\\\"243736f0934a4aef88b2896ec6f766fe\\\",\\\"f\\\":119,\\\"fnId\\\":\\\"fb72b6f9c1e54625a551711f6ee72714\\\",\\\"fnType\\\":\\\"wolverine\\\",\\\"by\\\":\\\"Vibranium\\\",\\\"at\\\":\\\"2019-07-29T05:27:55+00:00\\\",\\\"invUssn\\\":55,\\\"isInf\\\":false,\\\"ifa\\\":true,\\\"martAvail\\\":[{\\\"martId\\\":\\\"21\\\",\\\"ia\\\":true}],\\\"clt\\\":\\\"JoJ\\\"}\"}"}
{"id":"6EC9951EFB214A058D2E1759C9775A41","table":"killmonger_events_table","keyspace":"msku","timestamp":"2019-07-29T05:40:44.650Z","clusteringKeys":["2738","vbIdSellingIdInventoryUpdated/1","1564378913"],"changedColumns":["selling_id","fulfillment_node_id","event_type","update_at","stream_sequence_number","event_data"],"record":"{\"selling_id\":\"6EC9951EFB214A058D2E1759C9775A41\",\"fulfillment_node_id\":\"2738\",\"event_type\":\"vbIdSellingIdInventoryUpdated/1\",\"update_at\":1564378913,\"stream_sequence_number\":143,\"event_data\":\"{\\\"id\\\":\\\"547c63882603433f902b8350b518692f\\\",\\\"vbId\\\":\\\"PantherMigrationVbId\\\",\\\"sellingId\\\":\\\"6EC9951EFB214A058D2E1759C9775A41\\\",\\\"merchantId\\\":\\\"9fc08905039048918982091f266c2a29\\\",\\\"skuId\\\":\\\"PantherMigrationSkuId\\\",\\\"f\\\":0,\\\"fnId\\\":\\\"2738\\\",\\\"by\\\":\\\"Killmonger.Migration.MapInWalmartInvUpdates\\\",\\\"at\\\":\\\"2019-07-29T05:41:53.391+00:00\\\",\\\"invUssn\\\":0,\\\"isInf\\\":false,\\\"ifa\\\":true,\\\"martAvail\\\":[{\\\"martId\\\":\\\"21\\\",\\\"ia\\\":true},{\\\"martId\\\":\\\"0\\\",\\\"ia\\\":true}],\\\"clt\\\":\\\"WoJ\\\"}\"}"}
{"id":"c64d4665eb8e49b8bd1315535f4d143e","table":"killmonger_events_table","keyspace":"msku","timestamp":"2019-07-29T05:40:44.650Z","clusteringKeys":["fb72b6f9c1e54625a551711f6ee72714","updateVbIdSellingIdInventorySkipped/1","1564378274"],"changedColumns":["selling_id","fulfillment_node_id","event_type","update_at","stream_sequence_number","event_data"],"record":"{\"selling_id\":\"c64d4665eb8e49b8bd1315535f4d143e\",\"fulfillment_node_id\":\"fb72b6f9c1e54625a551711f6ee72714\",\"event_type\":\"updateVbIdSellingIdInventorySkipped/1\",\"update_at\":1564378274,\"stream_sequence_number\":40,\"event_data\":\"{\\\"id\\\":\\\"b5c3f827e21d4f78a85790c0edd014e3\\\",\\\"vbId\\\":\\\"c64d4665eb8e49b8bd1315535f4d143e\\\",\\\"sellingId\\\":\\\"c64d4665eb8e49b8bd1315535f4d143e\\\",\\\"merchantId\\\":\\\"e43cf7756d0b4ba8a4e9046774656ce8\\\",\\\"skuId\\\":\\\"c64d4665eb8e49b8bd1315535f4d143e\\\",\\\"f\\\":92,\\\"fnId\\\":\\\"fb72b6f9c1e54625a551711f6ee72714\\\",\\\"fnType\\\":\\\"wolverine\\\",\\\"by\\\":\\\"Vibranium\\\",\\\"at\\\":\\\"2019-07-29T05:31:14+00:00\\\",\\\"invUssn\\\":48,\\\"isInf\\\":false}\"}"}
{"id":"c64d4665eb8e49b8bd1315535f4d143e","table":"killmonger_events_table","keyspace":"msku","timestamp":"2019-07-29T05:40:44.650Z","clusteringKeys":["fb72b6f9c1e54625a551711f6ee72714","updateVbIdSellingIdInventorySkipped/1","1564378274"],"changedColumns":["selling_id","fulfillment_node_id","event_type","update_at","stream_sequence_number","event_data"],"record":"{\"selling_id\":\"c64d4665eb8e49b8bd1315535f4d143e\",\"fulfillment_node_id\":\"fb72b6f9c1e54625a551711f6ee72714\",\"event_type\":\"updateVbIdSellingIdInventorySkipped/1\",\"update_at\":1564378274,\"stream_sequence_number\":41,\"event_data\":\"{\\\"id\\\":\\\"b5c3f827e21d4f78a85790c0edd014e3\\\",\\\"vbId\\\":\\\"c64d4665eb8e49b8bd1315535f4d143e\\\",\\\"sellingId\\\":\\\"c64d4665eb8e49b8bd1315535f4d143e\\\",\\\"merchantId\\\":\\\"e43cf7756d0b4ba8a4e9046774656ce8\\\",\\\"skuId\\\":\\\"c64d4665eb8e49b8bd1315535f4d143e\\\",\\\"f\\\":92,\\\"fnId\\\":\\\"fb72b6f9c1e54625a551711f6ee72714\\\",\\\"fnType\\\":\\\"wolverine\\\",\\\"by\\\":\\\"Vibranium\\\",\\\"at\\\":\\\"2019-07-29T05:31:14+00:00\\\",\\\"invUssn\\\":48,\\\"isInf\\\":false}\"}"}
{"id":"15C53FC3651242D2877C5FD2BCE0BFE4","table":"killmonger_events_table","keyspace":"msku","timestamp":"2019-07-29T05:45:02.409Z","clusteringKeys":["2381","vbIdSellingIdInventoryUpdated/1","1564378912"],"changedColumns":["selling_id","fulfillment_node_id","event_type","update_at","stream_sequence_number","event_data"],"record":"{\"selling_id\":\"15C53FC3651242D2877C5FD2BCE0BFE4\",\"fulfillment_node_id\":\"2381\",\"event_type\":\"vbIdSellingIdInventoryUpdated/1\",\"update_at\":1564378912,\"stream_sequence_number\":130,\"event_data\":\"{\\\"id\\\":\\\"ade55d376ec14998a48b5873c4236a58\\\",\\\"vbId\\\":\\\"PantherMigrationVbId\\\",\\\"sellingId\\\":\\\"15C53FC3651242D2877C5FD2BCE0BFE4\\\",\\\"merchantId\\\":\\\"9fc08905039048918982091f266c2a29\\\",\\\"skuId\\\":\\\"PantherMigrationSkuId\\\",\\\"f\\\":0,\\\"fnId\\\":\\\"2381\\\",\\\"by\\\":\\\"Killmonger.Migration.MapInWalmartInvUpdates\\\",\\\"at\\\":\\\"2019-07-29T05:41:52.642+00:00\\\",\\\"invUssn\\\":0,\\\"isInf\\\":false,\\\"ifa\\\":true,\\\"martAvail\\\":[{\\\"martId\\\":\\\"21\\\",\\\"ia\\\":true},{\\\"martId\\\":\\\"0\\\",\\\"ia\\\":true}],\\\"clt\\\":\\\"WoJ\\\"}\"}"}
{"id":"5b9ebe949e3344639d3f0170f195203a","table":"killmonger_events_table","keyspace":"msku","timestamp":"2019-07-29T05:45:02.419Z","clusteringKeys":["fb72b6f9c1e54625a551711f6ee72714","vbIdSellingIdInventoryUpdated/1","1564378274"],"changedColumns":["selling_id","fulfillment_node_id","event_type","update_at","stream_sequence_number","event_data"],"record":"{\"selling_id\":\"5b9ebe949e3344639d3f0170f195203a\",\"fulfillment_node_id\":\"fb72b6f9c1e54625a551711f6ee72714\",\"event_type\":\"vbIdSellingIdInventoryUpdated/1\",\"update_at\":1564378274,\"stream_sequence_number\":37,\"event_data\":\"{\\\"id\\\":\\\"1d69a8f8c47a4792b89f94cd7446004c\\\",\\\"vbId\\\":\\\"5b9ebe949e3344639d3f0170f195203a\\\",\\\"sellingId\\\":\\\"5b9ebe949e3344639d3f0170f195203a\\\",\\\"merchantId\\\":\\\"e43cf7756d0b4ba8a4e9046774656ce8\\\",\\\"skuId\\\":\\\"5b9ebe949e3344639d3f0170f195203a\\\",\\\"f\\\":96,\\\"fnId\\\":\\\"fb72b6f9c1e54625a551711f6ee72714\\\",\\\"fnType\\\":\\\"wolverine\\\",\\\"by\\\":\\\"Vibranium\\\",\\\"at\\\":\\\"2019-07-29T05:31:14+00:00\\\",\\\"invUssn\\\":49,\\\"isInf\\\":false,\\\"ifa\\\":true,\\\"martAvail\\\":[{\\\"martId\\\":\\\"21\\\",\\\"ia\\\":true}],\\\"clt\\\":\\\"JoJ\\\"}\"}"}
{"id":"C10FAAB5022E444FB1FF239FAA7E11E2","table":"killmonger_events_table","keyspace":"msku","timestamp":"2019-07-29T05:44:37.004Z","clusteringKeys":["10000019765","vbIdSellingIdInventoryUpdated/1","1564376074"],"changedColumns":["selling_id","fulfillment_node_id","event_type","update_at","stream_sequence_number","event_data"],"record":"{\"selling_id\":\"C10FAAB5022E444FB1FF239FAA7E11E2\",\"fulfillment_node_id\":\"10000019765\",\"event_type\":\"vbIdSellingIdInventoryUpdated/1\",\"update_at\":1564376074,\"stream_sequence_number\":1445,\"event_data\":\"{\\\"id\\\":\\\"806e018090fe463fad0a1ca97bbc086f\\\",\\\"vbId\\\":\\\"IN710368S1OChP19-18757\\\",\\\"sellingId\\\":\\\"C10FAAB5022E444FB1FF239FAA7E11E2\\\",\\\"merchantId\\\":\\\"18757\\\",\\\"skuId\\\":\\\"IN710368S1OChP19\\\",\\\"f\\\":2,\\\"fnId\\\":\\\"10000019765\\\",\\\"fnType\\\":\\\"MARKETPLACE\\\",\\\"by\\\":\\\"Vibranium\\\",\\\"at\\\":\\\"2019-07-29T04:54:34+00:00\\\",\\\"invUssn\\\":1248,\\\"catUssn\\\":0,\\\"isInf\\\":false,\\\"ifa\\\":true,\\\"martAvail\\\":[{\\\"martId\\\":\\\"0\\\",\\\"ia\\\":true}],\\\"clt\\\":\\\"WoW\\\"}\"}"}
{"id":"EB7DC54F9E3B4F8A90252F7FB97FC392","table":"killmonger_events_table","keyspace":"msku","timestamp":"2019-07-29T05:44:37.009Z","clusteringKeys":["10000012970","updateVbIdSellingIdInventorySkipped/1","1564375528"],"changedColumns":["selling_id","fulfillment_node_id","event_type","update_at","stream_sequence_number","event_data"],"record":"{\"selling_id\":\"EB7DC54F9E3B4F8A90252F7FB97FC392\",\"fulfillment_node_id\":\"10000012970\",\"event_type\":\"updateVbIdSellingIdInventorySkipped/1\",\"update_at\":1564375528,\"stream_sequence_number\":3437,\"event_data\":\"{\\\"id\\\":\\\"ede5279bd8e84f6d871caa7c16add059\\\",\\\"vbId\\\":\\\"888571015155-12863\\\",\\\"sellingId\\\":\\\"EB7DC54F9E3B4F8A90252F7FB97FC392\\\",\\\"merchantId\\\":\\\"12863\\\",\\\"skuId\\\":\\\"888571015155\\\",\\\"f\\\":2,\\\"fnId\\\":\\\"10000012970\\\",\\\"fnType\\\":\\\"MARKETPLACE\\\",\\\"by\\\":\\\"Vibranium\\\",\\\"at\\\":\\\"2019-07-29T04:45:28+00:00\\\",\\\"invUssn\\\":2870,\\\"catUssn\\\":0,\\\"isInf\\\":false}\"}"}
{"id":"B98693F77F20475799F5F0A4881240BD","table":"killmonger_events_table","keyspace":"msku","timestamp":"2019-07-29T05:40:44.664Z","clusteringKeys":["10000001892","vbIdSellingIdInventoryUpdated/1","1564375610"],"changedColumns":["selling_id","fulfillment_node_id","event_type","update_at","stream_sequence_number","event_data"],"record":"{\"selling_id\":\"B98693F77F20475799F5F0A4881240BD\",\"fulfillment_node_id\":\"10000001892\",\"event_type\":\"vbIdSellingIdInventoryUpdated/1\",\"update_at\":1564375610,\"stream_sequence_number\":192,\"event_data\":\"{\\\"id\\\":\\\"b652a282a7104383bdc2a694c126ed05\\\",\\\"vbId\\\":\\\"VAL_SAMGN8HPCTUFFSO086WP-1949\\\",\\\"sellingId\\\":\\\"B98693F77F20475799F5F0A4881240BD\\\",\\\"merchantId\\\":\\\"1949\\\",\\\"skuId\\\":\\\"VAL_SAMGN8HPCTUFFSO086WP\\\",\\\"f\\\":2,\\\"fnId\\\":\\\"10000001892\\\",\\\"fnType\\\":\\\"MARKETPLACE\\\",\\\"by\\\":\\\"Vibranium\\\",\\\"at\\\":\\\"2019-07-29T04:46:50+00:00\\\",\\\"invUssn\\\":172,\\\"catUssn\\\":3,\\\"isInf\\\":false,\\\"ifa\\\":true,\\\"martAvail\\\":[{\\\"martId\\\":\\\"0\\\",\\\"ia\\\":true}],\\\"clt\\\":\\\"WoW\\\"}\"}"}
{"id":"A491C66703B24F8288E1E9DF082B19E4","table":"killmonger_events_table","keyspace":"msku","timestamp":"2019-07-29T05:45:03.473Z","clusteringKeys":["10100603","vbIdSellingIdInventoryUpdated/1","1564378907"],"changedColumns":["selling_id","fulfillment_node_id","event_type","update_at","stream_sequence_number","event_data"],"record":"{\"selling_id\":\"A491C66703B24F8288E1E9DF082B19E4\",\"fulfillment_node_id\":\"10100603\",\"event_type\":\"vbIdSellingIdInventoryUpdated/1\",\"update_at\":1564378907,\"stream_sequence_number\":690,\"event_data\":\"{\\\"id\\\":\\\"abcf24e1010346db92f61607a10bcffd\\\",\\\"vbId\\\":\\\"PantherMigrationVbId\\\",\\\"sellingId\\\":\\\"A491C66703B24F8288E1E9DF082B19E4\\\",\\\"merchantId\\\":\\\"9fc08905039048918982091f266c2a29\\\",\\\"skuId\\\":\\\"PantherMigrationSkuId\\\",\\\"f\\\":1359,\\\"fnId\\\":\\\"10100603\\\",\\\"by\\\":\\\"Killmonger.Migration.MapInWalmartInvUpdates\\\",\\\"at\\\":\\\"2019-07-29T05:41:47.641+00:00\\\",\\\"invUssn\\\":0,\\\"isInf\\\":false,\\\"ifa\\\":true,\\\"martAvail\\\":[{\\\"martId\\\":\\\"21\\\",\\\"ia\\\":true},{\\\"martId\\\":\\\"0\\\",\\\"ia\\\":true}],\\\"clt\\\":\\\"WoJ\\\"}\"}"}
{"id":"4ED54261185D48F5985DA652D19DE749","table":"killmonger_events_table","keyspace":"msku","timestamp":"2019-07-29T05:45:03.477Z","clusteringKeys":["8306","vbIdSellingIdInventoryUpdated/1","1564378908"],"changedColumns":["selling_id","fulfillment_node_id","event_type","update_at","stream_sequence_number","event_data"],"record":"{\"selling_id\":\"4ED54261185D48F5985DA652D19DE749\",\"fulfillment_node_id\":\"8306\",\"event_type\":\"vbIdSellingIdInventoryUpdated/1\",\"update_at\":1564378908,\"stream_sequence_number\":137,\"event_data\":\"{\\\"id\\\":\\\"70d59a0abb034ddf8786a5818d1e91ff\\\",\\\"vbId\\\":\\\"PantherMigrationVbId\\\",\\\"sellingId\\\":\\\"4ED54261185D48F5985DA652D19DE749\\\",\\\"merchantId\\\":\\\"9fc08905039048918982091f266c2a29\\\",\\\"skuId\\\":\\\"PantherMigrationSkuId\\\",\\\"f\\\":0,\\\"fnId\\\":\\\"8306\\\",\\\"by\\\":\\\"Killmonger.Migration.MapInWalmartInvUpdates\\\",\\\"at\\\":\\\"2019-07-29T05:41:48.973+00:00\\\",\\\"invUssn\\\":0,\\\"isInf\\\":false,\\\"ifa\\\":true,\\\"martAvail\\\":[{\\\"martId\\\":\\\"21\\\",\\\"ia\\\":true},{\\\"martId\\\":\\\"0\\\",\\\"ia\\\":true}],\\\"clt\\\":\\\"WoJ\\\"}\"}"}
{"id":"2d9e0394a209450284d334fa7a1ab0a3","table":"killmonger_events_table","keyspace":"msku","timestamp":"2019-07-29T05:45:03.477Z","clusteringKeys":["fb72b6f9c1e54625a551711f6ee72714","vbIdSellingIdInventoryUpdated/1","1564378075"],"changedColumns":["selling_id","fulfillment_node_id","event_type","update_at","stream_sequence_number","event_data"],"record":"{\"selling_id\":\"2d9e0394a209450284d334fa7a1ab0a3\",\"fulfillment_node_id\":\"fb72b6f9c1e54625a551711f6ee72714\",\"event_type\":\"vbIdSellingIdInventoryUpdated/1\",\"update_at\":1564378075,\"stream_sequence_number\":42,\"event_data\":\"{\\\"id\\\":\\\"af1c42043aa2413a8fa559bb8b8bcf85\\\",\\\"vbId\\\":\\\"2d9e0394a209450284d334fa7a1ab0a3\\\",\\\"sellingId\\\":\\\"2d9e0394a209450284d334fa7a1ab0a3\\\",\\\"merchantId\\\":\\\"e43cf7756d0b4ba8a4e9046774656ce8\\\",\\\"skuId\\\":\\\"2d9e0394a209450284d334fa7a1ab0a3\\\",\\\"f\\\":106,\\\"fnId\\\":\\\"fb72b6f9c1e54625a551711f6ee72714\\\",\\\"fnType\\\":\\\"wolverine\\\",\\\"by\\\":\\\"Vibranium\\\",\\\"at\\\":\\\"2019-07-29T05:27:55+00:00\\\",\\\"invUssn\\\":48,\\\"isInf\\\":false,\\\"ifa\\\":true,\\\"martAvail\\\":[{\\\"martId\\\":\\\"21\\\",\\\"ia\\\":true}],\\\"clt\\\":\\\"JoJ\\\"}\"}"}
{"id":"7a01cfbf69eb4667a22af755785c277c","table":"killmonger_events_table","keyspace":"msku","timestamp":"2019-07-29T05:40:44.673Z","clusteringKeys":["7805712544f24c3e8a77aa3edfbafb44","vbIdSellingIdInventoryUpdated/1","1564378203"],"changedColumns":["selling_id","fulfillment_node_id","event_type","update_at","stream_sequence_number","event_data"],"record":"{\"selling_id\":\"7a01cfbf69eb4667a22af755785c277c\",\"fulfillment_node_id\":\"7805712544f24c3e8a77aa3edfbafb44\",\"event_type\":\"vbIdSellingIdInventoryUpdated/1\",\"update_at\":1564378203,\"stream_sequence_number\":4074,\"event_data\":\"{\\\"id\\\":\\\"e20e4d12626940e79cefdf04d7aa9592\\\",\\\"vbId\\\":\\\"7a01cfbf69eb4667a22af755785c277c\\\",\\\"sellingId\\\":\\\"7a01cfbf69eb4667a22af755785c277c\\\",\\\"merchantId\\\":\\\"3cf95c5eee51409bb6c7faab7f9198ad\\\",\\\"skuId\\\":\\\"7a01cfbf69eb4667a22af755785c277c\\\",\\\"f\\\":45,\\\"fnId\\\":\\\"7805712544f24c3e8a77aa3edfbafb44\\\",\\\"fnType\\\":\\\"wolverine\\\",\\\"by\\\":\\\"Vibranium\\\",\\\"at\\\":\\\"2019-07-29T05:30:03+00:00\\\",\\\"invUssn\\\":3445,\\\"isInf\\\":false,\\\"ifa\\\":true,\\\"martAvail\\\":[{\\\"martId\\\":\\\"21\\\",\\\"ia\\\":true}],\\\"clt\\\":\\\"JoJ\\\"}\"}"}
{"id":"27217bb53c3c4cf686e16569d54a1edb","table":"killmonger_events_table","keyspace":"msku","timestamp":"2019-07-29T05:40:44.675Z","clusteringKeys":["a98a402773024b00b8a41f26b00fdf6c","updateVbIdSellingIdInventorySkipped/1","1564375454"],"changedColumns":["selling_id","fulfillment_node_id","event_type","update_at","stream_sequence_number","event_data"],"record":"{\"selling_id\":\"27217bb53c3c4cf686e16569d54a1edb\",\"fulfillment_node_id\":\"a98a402773024b00b8a41f26b00fdf6c\",\"event_type\":\"updateVbIdSellingIdInventorySkipped/1\",\"update_at\":1564375454,\"stream_sequence_number\":351,\"event_data\":\"{\\\"id\\\":\\\"606377d81cbf4356a893b22a20a0efe2\\\",\\\"vbId\\\":\\\"27217bb53c3c4cf686e16569d54a1edb\\\",\\\"sellingId\\\":\\\"27217bb53c3c4cf686e16569d54a1edb\\\",\\\"merchantId\\\":\\\"c2cdeb42c60247399b1316ed4b780502\\\",\\\"skuId\\\":\\\"27217bb53c3c4cf686e16569d54a1edb\\\",\\\"f\\\":100,\\\"fnId\\\":\\\"a98a402773024b00b8a41f26b00fdf6c\\\",\\\"fnType\\\":\\\"wolverine\\\",\\\"by\\\":\\\"Vibranium\\\",\\\"at\\\":\\\"2019-07-29T04:44:14+00:00\\\",\\\"invUssn\\\":368,\\\"isInf\\\":false}\"}"}
{"id":"48d056b021fe4b21832f3b28d29b5206","table":"killmonger_events_table","keyspace":"msku","timestamp":"2019-07-29T05:45:02.442Z","clusteringKeys":["fb72b6f9c1e54625a551711f6ee72714","updateVbIdSellingIdInventorySkipped/1","1564378075"],"changedColumns":["selling_id","fulfillment_node_id","event_type","update_at","stream_sequence_number","event_data"],"record":"{\"selling_id\":\"48d056b021fe4b21832f3b28d29b5206\",\"fulfillment_node_id\":\"fb72b6f9c1e54625a551711f6ee72714\",\"event_type\":\"updateVbIdSellingIdInventorySkipped/1\",\"update_at\":1564378075,\"stream_sequence_number\":44,\"event_data\":\"{\\\"id\\\":\\\"69797d0dbb254f44a851a89405f87407\\\",\\\"vbId\\\":\\\"48d056b021fe4b21832f3b28d29b5206\\\",\\\"sellingId\\\":\\\"48d056b021fe4b21832f3b28d29b5206\\\",\\\"merchantId\\\":\\\"e43cf7756d0b4ba8a4e9046774656ce8\\\",\\\"skuId\\\":\\\"48d056b021fe4b21832f3b28d29b5206\\\",\\\"f\\\":101,\\\"fnId\\\":\\\"fb72b6f9c1e54625a551711f6ee72714\\\",\\\"fnType\\\":\\\"wolverine\\\",\\\"by\\\":\\\"Vibranium\\\",\\\"at\\\":\\\"2019-07-29T05:27:55+00:00\\\",\\\"invUssn\\\":48,\\\"isInf\\\":false}\"}"}
{"id":"6f1dc8049a4d46bcb31211b83f66be33","table":"killmonger_events_table","keyspace":"msku","timestamp":"2019-07-29T05:45:02.443Z","clusteringKeys":["1a55075b976a41d495a9fc77b6c29c7b","vbIdSellingIdInventoryUpdated/1","1564375107"],"changedColumns":["selling_id","fulfillment_node_id","event_type","update_at","stream_sequence_number","event_data"],"record":"{\"selling_id\":\"6f1dc8049a4d46bcb31211b83f66be33\",\"fulfillment_node_id\":\"1a55075b976a41d495a9fc77b6c29c7b\",\"event_type\":\"vbIdSellingIdInventoryUpdated/1\",\"update_at\":1564375107,\"stream_sequence_number\":1493,\"event_data\":\"{\\\"id\\\":\\\"a75131bdb4704d7689597a9d96cb0117\\\",\\\"vbId\\\":\\\"6f1dc8049a4d46bcb31211b83f66be33\\\",\\\"sellingId\\\":\\\"6f1dc8049a4d46bcb31211b83f66be33\\\",\\\"merchantId\\\":\\\"8016ab705f5543fa878a6ac5972c7403\\\",\\\"skuId\\\":\\\"6f1dc8049a4d46bcb31211b83f66be33\\\",\\\"f\\\":21,\\\"fnId\\\":\\\"1a55075b976a41d495a9fc77b6c29c7b\\\",\\\"fnType\\\":\\\"wolverine\\\",\\\"by\\\":\\\"Vibranium\\\",\\\"at\\\":\\\"2019-07-29T04:38:27+00:00\\\",\\\"invUssn\\\":1259,\\\"isInf\\\":false,\\\"ifa\\\":true,\\\"martAvail\\\":[{\\\"martId\\\":\\\"21\\\",\\\"ia\\\":true}],\\\"clt\\\":\\\"JoJ\\\"}\"}"}
{"id":"5b9ebe949e3344639d3f0170f195203a","table":"killmonger_events_table","keyspace":"msku","timestamp":"2019-07-29T05:45:02.444Z","clusteringKeys":["6ccbd76c487c42e5b65dd274f51b72ea","vbIdSellingIdInventoryUpdated/1","1564378274"],"changedColumns":["selling_id","fulfillment_node_id","event_type","update_at","stream_sequence_number","event_data"],"record":"{\"selling_id\":\"5b9ebe949e3344639d3f0170f195203a\",\"fulfillment_node_id\":\"6ccbd76c487c42e5b65dd274f51b72ea\",\"event_type\":\"vbIdSellingIdInventoryUpdated/1\",\"update_at\":1564378274,\"stream_sequence_number\":37,\"event_data\":\"{\\\"id\\\":\\\"7244428f3518453a80c0dc41c59e8cfd\\\",\\\"vbId\\\":\\\"5b9ebe949e3344639d3f0170f195203a\\\",\\\"sellingId\\\":\\\"5b9ebe949e3344639d3f0170f195203a\\\",\\\"merchantId\\\":\\\"e43cf7756d0b4ba8a4e9046774656ce8\\\",\\\"skuId\\\":\\\"5b9ebe949e3344639d3f0170f195203a\\\",\\\"f\\\":80,\\\"fnId\\\":\\\"6ccbd76c487c42e5b65dd274f51b72ea\\\",\\\"fnType\\\":\\\"wolverine\\\",\\\"by\\\":\\\"Vibranium\\\",\\\"at\\\":\\\"2019-07-29T05:31:14+00:00\\\",\\\"invUssn\\\":46,\\\"isInf\\\":false,\\\"ifa\\\":true,\\\"martAvail\\\":[{\\\"martId\\\":\\\"21\\\",\\\"ia\\\":true}],\\\"clt\\\":\\\"JoJ\\\"}\"}"}
{"id":"34f7c8bfcb154fda8ed89cb072083bb6","table":"killmonger_events_table","keyspace":"msku","timestamp":"2019-07-29T05:45:02.447Z","clusteringKeys":["d8c82725c2f44901bbee8db463c10582","updateVbIdSellingIdInventorySkipped/1","1564378232"],"changedColumns":["selling_id","fulfillment_node_id","event_type","update_at","stream_sequence_number","event_data"],"record":"{\"selling_id\":\"34f7c8bfcb154fda8ed89cb072083bb6\",\"fulfillment_node_id\":\"d8c82725c2f44901bbee8db463c10582\",\"event_type\":\"updateVbIdSellingIdInventorySkipped/1\",\"update_at\":1564378232,\"stream_sequence_number\":432,\"event_data\":\"{\\\"id\\\":\\\"de2e22e9477d4b80ab82b50611d707f6\\\",\\\"vbId\\\":\\\"34f7c8bfcb154fda8ed89cb072083bb6\\\",\\\"sellingId\\\":\\\"34f7c8bfcb154fda8ed89cb072083bb6\\\",\\\"merchantId\\\":\\\"01133ed0b8d64d11b1766d2295fa867b\\\",\\\"skuId\\\":\\\"34f7c8bfcb154fda8ed89cb072083bb6\\\",\\\"f\\\":84,\\\"fnId\\\":\\\"d8c82725c2f44901bbee8db463c10582\\\",\\\"fnType\\\":\\\"wolverine\\\",\\\"by\\\":\\\"Vibranium\\\",\\\"at\\\":\\\"2019-07-29T05:30:32+00:00\\\",\\\"invUssn\\\":491,\\\"isInf\\\":false}\"}"}
{"id":"7214dfaa3c864732ac99220a744f7cf5","table":"killmonger_events_table","keyspace":"msku","timestamp":"2019-07-29T05:44:37.026Z","clusteringKeys":["b526267ae4334f8781697d59ff325f05","vbIdSellingIdInventoryUpdated/1","1564378453"],"changedColumns":["selling_id","fulfillment_node_id","event_type","update_at","stream_sequence_number","event_data"],"record":"{\"selling_id\":\"7214dfaa3c864732ac99220a744f7cf5\",\"fulfillment_node_id\":\"b526267ae4334f8781697d59ff325f05\",\"event_type\":\"vbIdSellingIdInventoryUpdated/1\",\"update_at\":1564378453,\"stream_sequence_number\":227,\"event_data\":\"{\\\"id\\\":\\\"3ddc99c90257406c90890cecb5dc8981\\\",\\\"vbId\\\":\\\"7214dfaa3c864732ac99220a744f7cf5\\\",\\\"sellingId\\\":\\\"7214dfaa3c864732ac99220a744f7cf5\\\",\\\"merchantId\\\":\\\"7a73697287a74255b365b6f6d02d7127\\\",\\\"skuId\\\":\\\"7214dfaa3c864732ac99220a744f7cf5\\\",\\\"f\\\":100,\\\"fnId\\\":\\\"b526267ae4334f8781697d59ff325f05\\\",\\\"fnType\\\":\\\"wolverine\\\",\\\"by\\\":\\\"Vibranium\\\",\\\"at\\\":\\\"2019-07-29T05:34:13+00:00\\\",\\\"invUssn\\\":247,\\\"isInf\\\":false,\\\"ifa\\\":true,\\\"martAvail\\\":[{\\\"martId\\\":\\\"21\\\",\\\"ia\\\":true}],\\\"clt\\\":\\\"JoJ\\\"}\"}"}
{"id":"7214dfaa3c864732ac99220a744f7cf5","table":"killmonger_events_table","keyspace":"msku","timestamp":"2019-07-29T05:44:37.026Z","clusteringKeys":["b526267ae4334f8781697d59ff325f05","updateVbIdSellingIdInventorySkipped/1","1564378453"],"changedColumns":["selling_id","fulfillment_node_id","event_type","update_at","stream_sequence_number","event_data"],"record":"{\"selling_id\":\"7214dfaa3c864732ac99220a744f7cf5\",\"fulfillment_node_id\":\"b526267ae4334f8781697d59ff325f05\",\"event_type\":\"updateVbIdSellingIdInventorySkipped/1\",\"update_at\":1564378453,\"stream_sequence_number\":228,\"event_data\":\"{\\\"id\\\":\\\"3ddc99c90257406c90890cecb5dc8981\\\",\\\"vbId\\\":\\\"7214dfaa3c864732ac99220a744f7cf5\\\",\\\"sellingId\\\":\\\"7214dfaa3c864732ac99220a744f7cf5\\\",\\\"merchantId\\\":\\\"7a73697287a74255b365b6f6d02d7127\\\",\\\"skuId\\\":\\\"7214dfaa3c864732ac99220a744f7cf5\\\",\\\"f\\\":100,\\\"fnId\\\":\\\"b526267ae4334f8781697d59ff325f05\\\",\\\"fnType\\\":\\\"wolverine\\\",\\\"by\\\":\\\"Vibranium\\\",\\\"at\\\":\\\"2019-07-29T05:34:13+00:00\\\",\\\"invUssn\\\":247,\\\"isInf\\\":false}\"}"}
{"id":"7214dfaa3c864732ac99220a744f7cf5","table":"killmonger_events_table","keyspace":"msku","timestamp":"2019-07-29T05:44:37.026Z","clusteringKeys":["b526267ae4334f8781697d59ff325f05","updateVbIdSellingIdInventorySkipped/1","1564378453"],"changedColumns":["selling_id","fulfillment_node_id","event_type","update_at","stream_sequence_number","event_data"],"record":"{\"selling_id\":\"7214dfaa3c864732ac99220a744f7cf5\",\"fulfillment_node_id\":\"b526267ae4334f8781697d59ff325f05\",\"event_type\":\"updateVbIdSellingIdInventorySkipped/1\",\"update_at\":1564378453,\"stream_sequence_number\":229,\"event_data\":\"{\\\"id\\\":\\\"3ddc99c90257406c90890cecb5dc8981\\\",\\\"vbId\\\":\\\"7214dfaa3c864732ac99220a744f7cf5\\\",\\\"sellingId\\\":\\\"7214dfaa3c864732ac99220a744f7cf5\\\",\\\"merchantId\\\":\\\"7a73697287a74255b365b6f6d02d7127\\\",\\\"skuId\\\":\\\"7214dfaa3c864732ac99220a744f7cf5\\\",\\\"f\\\":100,\\\"fnId\\\":\\\"b526267ae4334f8781697d59ff325f05\\\",\\\"fnType\\\":\\\"wolverine\\\",\\\"by\\\":\\\"Vibranium\\\",\\\"at\\\":\\\"2019-07-29T05:34:13+00:00\\\",\\\"invUssn\\\":247,\\\"isInf\\\":false}\"}"}
{"id":"81451fbc0ab54750ba19c618a3fae991","table":"killmonger_events_table","keyspace":"msku","timestamp":"2019-07-29T05:44:37.029Z","clusteringKeys":["47b464b6053f42cf9b77ba217a04da2c","vbIdSellingIdInventoryUpdated/1","1564378477"],"changedColumns":["selling_id","fulfillment_node_id","event_type","update_at","stream_sequence_number","event_data"],"record":"{\"selling_id\":\"81451fbc0ab54750ba19c618a3fae991\",\"fulfillment_node_id\":\"47b464b6053f42cf9b77ba217a04da2c\",\"event_type\":\"vbIdSellingIdInventoryUpdated/1\",\"update_at\":1564378477,\"stream_sequence_number\":15795,\"event_data\":\"{\\\"id\\\":\\\"497302b3a15244e38963c9f8ed3a6c2d\\\",\\\"vbId\\\":\\\"81451fbc0ab54750ba19c618a3fae991\\\",\\\"sellingId\\\":\\\"81451fbc0ab54750ba19c618a3fae991\\\",\\\"merchantId\\\":\\\"1a04b272fb7442f99cd04856c029a097\\\",\\\"skuId\\\":\\\"81451fbc0ab54750ba19c618a3fae991\\\",\\\"f\\\":22,\\\"fnId\\\":\\\"47b464b6053f42cf9b77ba217a04da2c\\\",\\\"fnType\\\":\\\"wolverine\\\",\\\"by\\\":\\\"Vibranium\\\",\\\"at\\\":\\\"2019-07-29T05:34:37+00:00\\\",\\\"invUssn\\\":19020,\\\"isInf\\\":false,\\\"ifa\\\":true,\\\"martAvail\\\":[{\\\"martId\\\":\\\"21\\\",\\\"ia\\\":true}],\\\"clt\\\":\\\"JoJ\\\"}\"}"}
{"id":"81451fbc0ab54750ba19c618a3fae991","table":"killmonger_events_table","keyspace":"msku","timestamp":"2019-07-29T05:44:37.029Z","clusteringKeys":["47b464b6053f42cf9b77ba217a04da2c","updateVbIdSellingIdInventorySkipped/1","1564378477"],"changedColumns":["selling_id","fulfillment_node_id","event_type","update_at","stream_sequence_number","event_data"],"record":"{\"selling_id\":\"81451fbc0ab54750ba19c618a3fae991\",\"fulfillment_node_id\":\"47b464b6053f42cf9b77ba217a04da2c\",\"event_type\":\"updateVbIdSellingIdInventorySkipped/1\",\"update_at\":1564378477,\"stream_sequence_number\":15796,\"event_data\":\"{\\\"id\\\":\\\"497302b3a15244e38963c9f8ed3a6c2d\\\",\\\"vbId\\\":\\\"81451fbc0ab54750ba19c618a3fae991\\\",\\\"sellingId\\\":\\\"81451fbc0ab54750ba19c618a3fae991\\\",\\\"merchantId\\\":\\\"1a04b272fb7442f99cd04856c029a097\\\",\\\"skuId\\\":\\\"81451fbc0ab54750ba19c618a3fae991\\\",\\\"f\\\":22,\\\"fnId\\\":\\\"47b464b6053f42cf9b77ba217a04da2c\\\",\\\"fnType\\\":\\\"wolverine\\\",\\\"by\\\":\\\"Vibranium\\\",\\\"at\\\":\\\"2019-07-29T05:34:37+00:00\\\",\\\"invUssn\\\":19020,\\\"isInf\\\":false}\"}"}
{"id":"4ED54261185D48F5985DA652D19DE749","table":"killmonger_events_table","keyspace":"msku","timestamp":"2019-07-29T05:44:37.032Z","clusteringKeys":["2623","vbIdSellingIdInventoryUpdated/1","1564378908"],"changedColumns":["selling_id","fulfillment_node_id","event_type","update_at","stream_sequence_number","event_data"],"record":"{\"selling_id\":\"4ED54261185D48F5985DA652D19DE749\",\"fulfillment_node_id\":\"2623\",\"event_type\":\"vbIdSellingIdInventoryUpdated/1\",\"update_at\":1564378908,\"stream_sequence_number\":137,\"event_data\":\"{\\\"id\\\":\\\"2b9690eec72c43e9adc51fc94048d35b\\\",\\\"vbId\\\":\\\"PantherMigrationVbId\\\",\\\"sellingId\\\":\\\"4ED54261185D48F5985DA652D19DE749\\\",\\\"merchantId\\\":\\\"9fc08905039048918982091f266c2a29\\\",\\\"skuId\\\":\\\"PantherMigrationSkuId\\\",\\\"f\\\":0,\\\"fnId\\\":\\\"2623\\\",\\\"by\\\":\\\"Killmonger.Migration.MapInWalmartInvUpdates\\\",\\\"at\\\":\\\"2019-07-29T05:41:48.973+00:00\\\",\\\"invUssn\\\":0,\\\"isInf\\\":false,\\\"ifa\\\":true,\\\"martAvail\\\":[{\\\"martId\\\":\\\"21\\\",\\\"ia\\\":true},{\\\"martId\\\":\\\"0\\\",\\\"ia\\\":true}],\\\"clt\\\":\\\"WoJ\\\"}\"}"}
{"id":"f4d46c637e5f47bda06411bf164bf1ba","table":"killmonger_events_table","keyspace":"msku","timestamp":"2019-07-29T05:45:02.452Z","clusteringKeys":["7d029b0996bd4f16bbd74454bab3ab2e","vbIdSellingIdInventoryUpdated/1","1564378274"],"changedColumns":["selling_id","fulfillment_node_id","event_type","update_at","stream_sequence_number","event_data"],"record":"{\"selling_id\":\"f4d46c637e5f47bda06411bf164bf1ba\",\"fulfillment_node_id\":\"7d029b0996bd4f16bbd74454bab3ab2e\",\"event_type\":\"vbIdSellingIdInventoryUpdated/1\",\"update_at\":1564378274,\"stream_sequence_number\":40,\"event_data\":\"{\\\"id\\\":\\\"0aeed8a50a894abea55d14c22f80a8d5\\\",\\\"vbId\\\":\\\"f4d46c637e5f47bda06411bf164bf1ba\\\",\\\"sellingId\\\":\\\"f4d46c637e5f47bda06411bf164bf1ba\\\",\\\"merchantId\\\":\\\"e43cf7756d0b4ba8a4e9046774656ce8\\\",\\\"skuId\\\":\\\"f4d46c637e5f47bda06411bf164bf1ba\\\",\\\"f\\\":80,\\\"fnId\\\":\\\"7d029b0996bd4f16bbd74454bab3ab2e\\\",\\\"fnType\\\":\\\"wolverine\\\",\\\"by\\\":\\\"Vibranium\\\",\\\"at\\\":\\\"2019-07-29T05:31:14+00:00\\\",\\\"invUssn\\\":49,\\\"isInf\\\":false,\\\"ifa\\\":true,\\\"martAvail\\\":[{\\\"martId\\\":\\\"21\\\",\\\"ia\\\":true}],\\\"clt\\\":\\\"JoJ\\\"}\"}"}
{"id":"BCBDF9C769DB4563814A98F3BD1AEBC8","table":"killmonger_events_table","keyspace":"msku","timestamp":"2019-07-29T05:44:37.033Z","clusteringKeys":["10000000517","vbIdSellingIdInventoryUpdated/1","1564378186"],"changedColumns":["selling_id","fulfillment_node_id","event_type","update_at","stream_sequence_number","event_data"],"record":"{\"selling_id\":\"BCBDF9C769DB4563814A98F3BD1AEBC8\",\"fulfillment_node_id\":\"10000000517\",\"event_type\":\"vbIdSellingIdInventoryUpdated/1\",\"update_at\":1564378186,\"stream_sequence_number\":6,\"event_data\":\"{\\\"id\\\":\\\"343eed8bec1e456296964ebe67ebb6cd\\\",\\\"vbId\\\":\\\"HNBR-78715790042-876\\\",\\\"sellingId\\\":\\\"BCBDF9C769DB4563814A98F3BD1AEBC8\\\",\\\"merchantId\\\":\\\"876\\\",\\\"skuId\\\":\\\"HNBR-78715790042\\\",\\\"f\\\":1,\\\"fnId\\\":\\\"10000000517\\\",\\\"fnType\\\":\\\"MARKETPLACE\\\",\\\"by\\\":\\\"Vibranium\\\",\\\"at\\\":\\\"2019-07-29T05:29:46+00:00\\\",\\\"invUssn\\\":4,\\\"catUssn\\\":0,\\\"isInf\\\":false,\\\"ifa\\\":true,\\\"martAvail\\\":[{\\\"martId\\\":\\\"0\\\",\\\"ia\\\":true}],\\\"clt\\\":\\\"WoW\\\"}\"}"}
{"id":"BCBDF9C769DB4563814A98F3BD1AEBC8","table":"killmonger_events_table","keyspace":"msku","timestamp":"2019-07-29T05:44:37.033Z","clusteringKeys":["10000000517","updateVbIdSellingIdInventorySkipped/1","1564378186"],"changedColumns":["selling_id","fulfillment_node_id","event_type","update_at","stream_sequence_number","event_data"],"record":"{\"selling_id\":\"BCBDF9C769DB4563814A98F3BD1AEBC8\",\"fulfillment_node_id\":\"10000000517\",\"event_type\":\"updateVbIdSellingIdInventorySkipped/1\",\"update_at\":1564378186,\"stream_sequence_number\":7,\"event_data\":\"{\\\"id\\\":\\\"343eed8bec1e456296964ebe67ebb6cd\\\",\\\"vbId\\\":\\\"HNBR-78715790042-876\\\",\\\"sellingId\\\":\\\"BCBDF9C769DB4563814A98F3BD1AEBC8\\\",\\\"merchantId\\\":\\\"876\\\",\\\"skuId\\\":\\\"HNBR-78715790042\\\",\\\"f\\\":1,\\\"fnId\\\":\\\"10000000517\\\",\\\"fnType\\\":\\\"MARKETPLACE\\\",\\\"by\\\":\\\"Vibranium\\\",\\\"at\\\":\\\"2019-07-29T05:29:46+00:00\\\",\\\"invUssn\\\":4,\\\"catUssn\\\":0,\\\"isInf\\\":false}\"}"}
{"id":"d16c69ec5dc94bbbb32c0ff250d3dac6","table":"killmonger_events_table","keyspace":"msku","timestamp":"2019-07-29T05:45:02.455Z","clusteringKeys":["fb72b6f9c1e54625a551711f6ee72714","vbIdSellingIdInventoryUpdated/1","1564378274"],"changedColumns":["selling_id","fulfillment_node_id","event_type","update_at","stream_sequence_number","event_data"],"record":"{\"selling_id\":\"d16c69ec5dc94bbbb32c0ff250d3dac6\",\"fulfillment_node_id\":\"fb72b6f9c1e54625a551711f6ee72714\",\"event_type\":\"vbIdSellingIdInventoryUpdated/1\",\"update_at\":1564378274,\"stream_sequence_number\":58,\"event_data\":\"{\\\"id\\\":\\\"b7d0bbbcffd8424abce4be85febf20b5\\\",\\\"vbId\\\":\\\"d16c69ec5dc94bbbb32c0ff250d3dac6\\\",\\\"sellingId\\\":\\\"d16c69ec5dc94bbbb32c0ff250d3dac6\\\",\\\"merchantId\\\":\\\"e43cf7756d0b4ba8a4e9046774656ce8\\\",\\\"skuId\\\":\\\"d16c69ec5dc94bbbb32c0ff250d3dac6\\\",\\\"f\\\":100,\\\"fnId\\\":\\\"fb72b6f9c1e54625a551711f6ee72714\\\",\\\"fnType\\\":\\\"wolverine\\\",\\\"by\\\":\\\"Vibranium\\\",\\\"at\\\":\\\"2019-07-29T05:31:14+00:00\\\",\\\"invUssn\\\":57,\\\"isInf\\\":false,\\\"ifa\\\":true,\\\"martAvail\\\":[{\\\"martId\\\":\\\"21\\\",\\\"ia\\\":true}],\\\"clt\\\":\\\"JoJ\\\"}\"}"}
{"id":"423c3a9e56b14663ade71fd1c062312f","table":"killmonger_events_table","keyspace":"msku","timestamp":"2019-07-29T05:45:03.504Z","clusteringKeys":["d907e6dfdf3d411d98e2aeae7e73e1ae","updateVbIdSellingIdInventorySkipped/1","1564377867"],"changedColumns":["selling_id","fulfillment_node_id","event_type","update_at","stream_sequence_number","event_data"],"record":"{\"selling_id\":\"423c3a9e56b14663ade71fd1c062312f\",\"fulfillment_node_id\":\"d907e6dfdf3d411d98e2aeae7e73e1ae\",\"event_type\":\"updateVbIdSellingIdInventorySkipped/1\",\"update_at\":1564377867,\"stream_sequence_number\":226,\"event_data\":\"{\\\"id\\\":\\\"efc0b188b60547c99c00f66de2365557\\\",\\\"vbId\\\":\\\"423c3a9e56b14663ade71fd1c062312f\\\",\\\"sellingId\\\":\\\"423c3a9e56b14663ade71fd1c062312f\\\",\\\"merchantId\\\":\\\"bf9078c421e242358ecaf838d145c500\\\",\\\"skuId\\\":\\\"423c3a9e56b14663ade71fd1c062312f\\\",\\\"f\\\":10,\\\"fnId\\\":\\\"d907e6dfdf3d411d98e2aeae7e73e1ae\\\",\\\"fnType\\\":\\\"wolverine\\\",\\\"by\\\":\\\"Vibranium\\\",\\\"at\\\":\\\"2019-07-29T05:24:27+00:00\\\",\\\"invUssn\\\":248,\\\"isInf\\\":false}\"}"}
{"id":"423c3a9e56b14663ade71fd1c062312f","table":"killmonger_events_table","keyspace":"msku","timestamp":"2019-07-29T05:45:03.504Z","clusteringKeys":["d907e6dfdf3d411d98e2aeae7e73e1ae","updateVbIdSellingIdInventorySkipped/1","1564377867"],"changedColumns":["selling_id","fulfillment_node_id","event_type","update_at","stream_sequence_number","event_data"],"record":"{\"selling_id\":\"423c3a9e56b14663ade71fd1c062312f\",\"fulfillment_node_id\":\"d907e6dfdf3d411d98e2aeae7e73e1ae\",\"event_type\":\"updateVbIdSellingIdInventorySkipped/1\",\"update_at\":1564377867,\"stream_sequence_number\":227,\"event_data\":\"{\\\"id\\\":\\\"efc0b188b60547c99c00f66de2365557\\\",\\\"vbId\\\":\\\"423c3a9e56b14663ade71fd1c062312f\\\",\\\"sellingId\\\":\\\"423c3a9e56b14663ade71fd1c062312f\\\",\\\"merchantId\\\":\\\"bf9078c421e242358ecaf838d145c500\\\",\\\"skuId\\\":\\\"423c3a9e56b14663ade71fd1c062312f\\\",\\\"f\\\":10,\\\"fnId\\\":\\\"d907e6dfdf3d411d98e2aeae7e73e1ae\\\",\\\"fnType\\\":\\\"wolverine\\\",\\\"by\\\":\\\"Vibranium\\\",\\\"at\\\":\\\"2019-07-29T05:24:27+00:00\\\",\\\"invUssn\\\":248,\\\"isInf\\\":false}\"}"}
{"id":"dd169c4a50b748b38b8c3b460f0dfcb8","table":"killmonger_events_table","keyspace":"msku","timestamp":"2019-07-29T05:40:44.704Z","clusteringKeys":["3cbcc7e28aac4f6fb0a8cde4e85483c0","updateVbIdSellingIdInventorySkipped/1","1564375732"],"changedColumns":["selling_id","fulfillment_node_id","event_type","update_at","stream_sequence_number","event_data"],"record":"{\"selling_id\":\"dd169c4a50b748b38b8c3b460f0dfcb8\",\"fulfillment_node_id\":\"3cbcc7e28aac4f6fb0a8cde4e85483c0\",\"event_type\":\"updateVbIdSellingIdInventorySkipped/1\",\"update_at\":1564375732,\"stream_sequence_number\":95,\"event_data\":\"{\\\"id\\\":\\\"2df90bf821bd468f86c6cd333b280aaa\\\",\\\"vbId\\\":\\\"dd169c4a50b748b38b8c3b460f0dfcb8\\\",\\\"sellingId\\\":\\\"dd169c4a50b748b38b8c3b460f0dfcb8\\\",\\\"merchantId\\\":\\\"7eaf70709bf149f890dc3a845871dab4\\\",\\\"skuId\\\":\\\"dd169c4a50b748b38b8c3b460f0dfcb8\\\",\\\"f\\\":559,\\\"fnId\\\":\\\"3cbcc7e28aac4f6fb0a8cde4e85483c0\\\",\\\"fnType\\\":\\\"wolverine\\\",\\\"by\\\":\\\"Vibranium\\\",\\\"at\\\":\\\"2019-07-29T04:48:52+00:00\\\",\\\"invUssn\\\":76,\\\"isInf\\\":false}\"}"}
{"id":"2b222fa0290b4071ada5486cea781f50","table":"killmonger_events_table","keyspace":"msku","timestamp":"2019-07-29T05:44:37.048Z","clusteringKeys":["3cbcc7e28aac4f6fb0a8cde4e85483c0","vbIdSellingIdInventoryUpdated/1","1564378052"],"changedColumns":["selling_id","fulfillment_node_id","event_type","update_at","stream_sequence_number","event_data"],"record":"{\"selling_id\":\"2b222fa0290b4071ada5486cea781f50\",\"fulfillment_node_id\":\"3cbcc7e28aac4f6fb0a8cde4e85483c0\",\"event_type\":\"vbIdSellingIdInventoryUpdated/1\",\"update_at\":1564378052,\"stream_sequence_number\":100,\"event_data\":\"{\\\"id\\\":\\\"128eb1fb2ca34968861a58e41be5c943\\\",\\\"vbId\\\":\\\"2b222fa0290b4071ada5486cea781f50\\\",\\\"sellingId\\\":\\\"2b222fa0290b4071ada5486cea781f50\\\",\\\"merchantId\\\":\\\"7eaf70709bf149f890dc3a845871dab4\\\",\\\"skuId\\\":\\\"2b222fa0290b4071ada5486cea781f50\\\",\\\"f\\\":559,\\\"fnId\\\":\\\"3cbcc7e28aac4f6fb0a8cde4e85483c0\\\",\\\"fnType\\\":\\\"wolverine\\\",\\\"by\\\":\\\"Vibranium\\\",\\\"at\\\":\\\"2019-07-29T05:27:32+00:00\\\",\\\"invUssn\\\":84,\\\"isInf\\\":false,\\\"ifa\\\":true,\\\"martAvail\\\":[{\\\"martId\\\":\\\"21\\\",\\\"ia\\\":true}],\\\"clt\\\":\\\"JoJ\\\"}\"}"}
{"id":"2b222fa0290b4071ada5486cea781f50","table":"killmonger_events_table","keyspace":"msku","timestamp":"2019-07-29T05:44:37.048Z","clusteringKeys":["3cbcc7e28aac4f6fb0a8cde4e85483c0","vbIdSellingIdInventoryUpdated/1","1564378052"],"changedColumns":["selling_id","fulfillment_node_id","event_type","update_at","stream_sequence_number","event_data"],"record":"{\"selling_id\":\"2b222fa0290b4071ada5486cea781f50\",\"fulfillment_node_id\":\"3cbcc7e28aac4f6fb0a8cde4e85483c0\",\"event_type\":\"vbIdSellingIdInventoryUpdated/1\",\"update_at\":1564378052,\"stream_sequence_number\":101,\"event_data\":\"{\\\"id\\\":\\\"2b2355568d9d48da8579756400e77cfa\\\",\\\"vbId\\\":\\\"2b222fa0290b4071ada5486cea781f50\\\",\\\"sellingId\\\":\\\"2b222fa0290b4071ada5486cea781f50\\\",\\\"merchantId\\\":\\\"7eaf70709bf149f890dc3a845871dab4\\\",\\\"skuId\\\":\\\"2b222fa0290b4071ada5486cea781f50\\\",\\\"f\\\":559,\\\"fnId\\\":\\\"3cbcc7e28aac4f6fb0a8cde4e85483c0\\\",\\\"fnType\\\":\\\"wolverine\\\",\\\"by\\\":\\\"Vibranium\\\",\\\"at\\\":\\\"2019-07-29T05:27:32+00:00\\\",\\\"invUssn\\\":85,\\\"isInf\\\":false,\\\"ifa\\\":true,\\\"martAvail\\\":[{\\\"martId\\\":\\\"21\\\",\\\"ia\\\":true}],\\\"clt\\\":\\\"JoJ\\\"}\"}"}
{"id":"2b222fa0290b4071ada5486cea781f50","table":"killmonger_events_table","keyspace":"msku","timestamp":"2019-07-29T05:44:37.048Z","clusteringKeys":["3cbcc7e28aac4f6fb0a8cde4e85483c0","updateVbIdSellingIdInventorySkipped/1","1564378052"],"changedColumns":["selling_id","fulfillment_node_id","event_type","update_at","stream_sequence_number","event_data"],"record":"{\"selling_id\":\"2b222fa0290b4071ada5486cea781f50\",\"fulfillment_node_id\":\"3cbcc7e28aac4f6fb0a8cde4e85483c0\",\"event_type\":\"updateVbIdSellingIdInventorySkipped/1\",\"update_at\":1564378052,\"stream_sequence_number\":102,\"event_data\":\"{\\\"id\\\":\\\"128eb1fb2ca34968861a58e41be5c943\\\",\\\"vbId\\\":\\\"2b222fa0290b4071ada5486cea781f50\\\",\\\"sellingId\\\":\\\"2b222fa0290b4071ada5486cea781f50\\\",\\\"merchantId\\\":\\\"7eaf70709bf149f890dc3a845871dab4\\\",\\\"skuId\\\":\\\"2b222fa0290b4071ada5486cea781f50\\\",\\\"f\\\":559,\\\"fnId\\\":\\\"3cbcc7e28aac4f6fb0a8cde4e85483c0\\\",\\\"fnType\\\":\\\"wolverine\\\",\\\"by\\\":\\\"Vibranium\\\",\\\"at\\\":\\\"2019-07-29T05:27:32+00:00\\\",\\\"invUssn\\\":84,\\\"isInf\\\":false}\"}"}
{"id":"2b222fa0290b4071ada5486cea781f50","table":"killmonger_events_table","keyspace":"msku","timestamp":"2019-07-29T05:44:37.048Z","clusteringKeys":["3cbcc7e28aac4f6fb0a8cde4e85483c0","updateVbIdSellingIdInventorySkipped/1","1564378052"],"changedColumns":["selling_id","fulfillment_node_id","event_type","update_at","stream_sequence_number","event_data"],"record":"{\"selling_id\":\"2b222fa0290b4071ada5486cea781f50\",\"fulfillment_node_id\":\"3cbcc7e28aac4f6fb0a8cde4e85483c0\",\"event_type\":\"updateVbIdSellingIdInventorySkipped/1\",\"update_at\":1564378052,\"stream_sequence_number\":103,\"event_data\":\"{\\\"id\\\":\\\"2b2355568d9d48da8579756400e77cfa\\\",\\\"vbId\\\":\\\"2b222fa0290b4071ada5486cea781f50\\\",\\\"sellingId\\\":\\\"2b222fa0290b4071ada5486cea781f50\\\",\\\"merchantId\\\":\\\"7eaf70709bf149f890dc3a845871dab4\\\",\\\"skuId\\\":\\\"2b222fa0290b4071ada5486cea781f50\\\",\\\"f\\\":559,\\\"fnId\\\":\\\"3cbcc7e28aac4f6fb0a8cde4e85483c0\\\",\\\"fnType\\\":\\\"wolverine\\\",\\\"by\\\":\\\"Vibranium\\\",\\\"at\\\":\\\"2019-07-29T05:27:32+00:00\\\",\\\"invUssn\\\":85,\\\"isInf\\\":false}\"}"}
{"id":"2b222fa0290b4071ada5486cea781f50","table":"killmonger_events_table","keyspace":"msku","timestamp":"2019-07-29T05:44:37.048Z","clusteringKeys":["3cbcc7e28aac4f6fb0a8cde4e85483c0","updateVbIdSellingIdInventorySkipped/1","1564378052"],"changedColumns":["selling_id","fulfillment_node_id","event_type","update_at","stream_sequence_number","event_data"],"record":"{\"selling_id\":\"2b222fa0290b4071ada5486cea781f50\",\"fulfillment_node_id\":\"3cbcc7e28aac4f6fb0a8cde4e85483c0\",\"event_type\":\"updateVbIdSellingIdInventorySkipped/1\",\"update_at\":1564378052,\"stream_sequence_number\":104,\"event_data\":\"{\\\"id\\\":\\\"128eb1fb2ca34968861a58e41be5c943\\\",\\\"vbId\\\":\\\"2b222fa0290b4071ada5486cea781f50\\\",\\\"sellingId\\\":\\\"2b222fa0290b4071ada5486cea781f50\\\",\\\"merchantId\\\":\\\"7eaf70709bf149f890dc3a845871dab4\\\",\\\"skuId\\\":\\\"2b222fa0290b4071ada5486cea781f50\\\",\\\"f\\\":559,\\\"fnId\\\":\\\"3cbcc7e28aac4f6fb0a8cde4e85483c0\\\",\\\"fnType\\\":\\\"wolverine\\\",\\\"by\\\":\\\"Vibranium\\\",\\\"at\\\":\\\"2019-07-29T05:27:32+00:00\\\",\\\"invUssn\\\":84,\\\"isInf\\\":false}\"}"}
{"id":"2b222fa0290b4071ada5486cea781f50","table":"killmonger_events_table","keyspace":"msku","timestamp":"2019-07-29T05:44:37.048Z","clusteringKeys":["3cbcc7e28aac4f6fb0a8cde4e85483c0","updateVbIdSellingIdInventorySkipped/1","1564378052"],"changedColumns":["selling_id","fulfillment_node_id","event_type","update_at","stream_sequence_number","event_data"],"record":"{\"selling_id\":\"2b222fa0290b4071ada5486cea781f50\",\"fulfillment_node_id\":\"3cbcc7e28aac4f6fb0a8cde4e85483c0\",\"event_type\":\"updateVbIdSellingIdInventorySkipped/1\",\"update_at\":1564378052,\"stream_sequence_number\":105,\"event_data\":\"{\\\"id\\\":\\\"2b2355568d9d48da8579756400e77cfa\\\",\\\"vbId\\\":\\\"2b222fa0290b4071ada5486cea781f50\\\",\\\"sellingId\\\":\\\"2b222fa0290b4071ada5486cea781f50\\\",\\\"merchantId\\\":\\\"7eaf70709bf149f890dc3a845871dab4\\\",\\\"skuId\\\":\\\"2b222fa0290b4071ada5486cea781f50\\\",\\\"f\\\":559,\\\"fnId\\\":\\\"3cbcc7e28aac4f6fb0a8cde4e85483c0\\\",\\\"fnType\\\":\\\"wolverine\\\",\\\"by\\\":\\\"Vibranium\\\",\\\"at\\\":\\\"2019-07-29T05:27:32+00:00\\\",\\\"invUssn\\\":85,\\\"isInf\\\":false}\"}"}
{"id":"92EB6BE56DFF472986F7EF281B8FC76E","table":"killmonger_events_table","keyspace":"msku","timestamp":"2019-07-29T05:45:02.469Z","clusteringKeys":["3559","vbIdSellingIdInventoryUpdated/1","1564376144"],"changedColumns":["selling_id","fulfillment_node_id","event_type","update_at","stream_sequence_number","event_data"],"record":"{\"selling_id\":\"92EB6BE56DFF472986F7EF281B8FC76E\",\"fulfillment_node_id\":\"3559\",\"event_type\":\"vbIdSellingIdInventoryUpdated/1\",\"update_at\":1564376144,\"stream_sequence_number\":18,\"event_data\":\"{\\\"id\\\":\\\"4be47edca7344c28a672a475e99b8850\\\",\\\"vbId\\\":\\\"PantherMigrationVbId\\\",\\\"sellingId\\\":\\\"92EB6BE56DFF472986F7EF281B8FC76E\\\",\\\"merchantId\\\":\\\"9fc08905039048918982091f266c2a29\\\",\\\"skuId\\\":\\\"PantherMigrationSkuId\\\",\\\"f\\\":0,\\\"fnId\\\":\\\"3559\\\",\\\"by\\\":\\\"Killmonger.Migration.MapInWalmartInvUpdates\\\",\\\"at\\\":\\\"2019-07-29T04:55:44.47+00:00\\\",\\\"invUssn\\\":0,\\\"isInf\\\":false,\\\"ifa\\\":true,\\\"martAvail\\\":[{\\\"martId\\\":\\\"21\\\",\\\"ia\\\":true},{\\\"martId\\\":\\\"0\\\",\\\"ia\\\":true}],\\\"clt\\\":\\\"WoJ\\\"}\"}"}
{"id":"b472d2d60d5d4932a257bcf92fe17e59","table":"killmonger_events_table","keyspace":"msku","timestamp":"2019-07-29T05:45:03.520Z","clusteringKeys":["fb72b6f9c1e54625a551711f6ee72714","vbIdSellingIdInventoryUpdated/1","1564378075"],"changedColumns":["selling_id","fulfillment_node_id","event_type","update_at","stream_sequence_number","event_data"],"record":"{\"selling_id\":\"b472d2d60d5d4932a257bcf92fe17e59\",\"fulfillment_node_id\":\"fb72b6f9c1e54625a551711f6ee72714\",\"event_type\":\"vbIdSellingIdInventoryUpdated/1\",\"update_at\":1564378075,\"stream_sequence_number\":42,\"event_data\":\"{\\\"id\\\":\\\"e511adff7a784cdfa3f77a12a9ed784c\\\",\\\"vbId\\\":\\\"b472d2d60d5d4932a257bcf92fe17e59\\\",\\\"sellingId\\\":\\\"b472d2d60d5d4932a257bcf92fe17e59\\\",\\\"merchantId\\\":\\\"e43cf7756d0b4ba8a4e9046774656ce8\\\",\\\"skuId\\\":\\\"b472d2d60d5d4932a257bcf92fe17e59\\\",\\\"f\\\":110,\\\"fnId\\\":\\\"fb72b6f9c1e54625a551711f6ee72714\\\",\\\"fnType\\\":\\\"wolverine\\\",\\\"by\\\":\\\"Vibranium\\\",\\\"at\\\":\\\"2019-07-29T05:27:55+00:00\\\",\\\"invUssn\\\":52,\\\"isInf\\\":false,\\\"ifa\\\":true,\\\"martAvail\\\":[{\\\"martId\\\":\\\"21\\\",\\\"ia\\\":true}],\\\"clt\\\":\\\"JoJ\\\"}\"}"}
{"id":"b472d2d60d5d4932a257bcf92fe17e59","table":"killmonger_events_table","keyspace":"msku","timestamp":"2019-07-29T05:45:03.521Z","clusteringKeys":["fb72b6f9c1e54625a551711f6ee72714","updateVbIdSellingIdInventorySkipped/1","1564378075"],"changedColumns":["selling_id","fulfillment_node_id","event_type","update_at","stream_sequence_number","event_data"],"record":"{\"selling_id\":\"b472d2d60d5d4932a257bcf92fe17e59\",\"fulfillment_node_id\":\"fb72b6f9c1e54625a551711f6ee72714\",\"event_type\":\"updateVbIdSellingIdInventorySkipped/1\",\"update_at\":1564378075,\"stream_sequence_number\":43,\"event_data\":\"{\\\"id\\\":\\\"e511adff7a784cdfa3f77a12a9ed784c\\\",\\\"vbId\\\":\\\"b472d2d60d5d4932a257bcf92fe17e59\\\",\\\"sellingId\\\":\\\"b472d2d60d5d4932a257bcf92fe17e59\\\",\\\"merchantId\\\":\\\"e43cf7756d0b4ba8a4e9046774656ce8\\\",\\\"skuId\\\":\\\"b472d2d60d5d4932a257bcf92fe17e59\\\",\\\"f\\\":110,\\\"fnId\\\":\\\"fb72b6f9c1e54625a551711f6ee72714\\\",\\\"fnType\\\":\\\"wolverine\\\",\\\"by\\\":\\\"Vibranium\\\",\\\"at\\\":\\\"2019-07-29T05:27:55+00:00\\\",\\\"invUssn\\\":52,\\\"isInf\\\":false}\"}"}
{"id":"4266381aea5a4cc9ba8c2065d37f87e7","table":"killmonger_events_table","keyspace":"msku","timestamp":"2019-07-29T05:45:02.468Z","clusteringKeys":["fb72b6f9c1e54625a551711f6ee72714","updateVbIdSellingIdInventorySkipped/1","1564378274"],"changedColumns":["selling_id","fulfillment_node_id","event_type","update_at","stream_sequence_number","event_data"],"record":"{\"selling_id\":\"4266381aea5a4cc9ba8c2065d37f87e7\",\"fulfillment_node_id\":\"fb72b6f9c1e54625a551711f6ee72714\",\"event_type\":\"updateVbIdSellingIdInventorySkipped/1\",\"update_at\":1564378274,\"stream_sequence_number\":40,\"event_data\":\"{\\\"id\\\":\\\"b409f78a333d45cca03558c4040237b4\\\",\\\"vbId\\\":\\\"4266381aea5a4cc9ba8c2065d37f87e7\\\",\\\"sellingId\\\":\\\"4266381aea5a4cc9ba8c2065d37f87e7\\\",\\\"merchantId\\\":\\\"e43cf7756d0b4ba8a4e9046774656ce8\\\",\\\"skuId\\\":\\\"4266381aea5a4cc9ba8c2065d37f87e7\\\",\\\"f\\\":69,\\\"fnId\\\":\\\"fb72b6f9c1e54625a551711f6ee72714\\\",\\\"fnType\\\":\\\"wolverine\\\",\\\"by\\\":\\\"Vibranium\\\",\\\"at\\\":\\\"2019-07-29T05:31:14+00:00\\\",\\\"invUssn\\\":49,\\\"isInf\\\":false}\"}"}
{"id":"0315f9ecc0224bb7895522215d93b881","table":"killmonger_events_table","keyspace":"msku","timestamp":"2019-07-29T05:44:37.054Z","clusteringKeys":["fb72b6f9c1e54625a551711f6ee72714","vbIdSellingIdInventoryUpdated/1","1564378274"],"changedColumns":["selling_id","fulfillment_node_id","event_type","update_at","stream_sequence_number","event_data"],"record":"{\"selling_id\":\"0315f9ecc0224bb7895522215d93b881\",\"fulfillment_node_id\":\"fb72b6f9c1e54625a551711f6ee72714\",\"event_type\":\"vbIdSellingIdInventoryUpdated/1\",\"update_at\":1564378274,\"stream_sequence_number\":41,\"event_data\":\"{\\\"id\\\":\\\"c301d459925c4e8cb99009bc44b3ca17\\\",\\\"vbId\\\":\\\"0315f9ecc0224bb7895522215d93b881\\\",\\\"sellingId\\\":\\\"0315f9ecc0224bb7895522215d93b881\\\",\\\"merchantId\\\":\\\"e43cf7756d0b4ba8a4e9046774656ce8\\\",\\\"skuId\\\":\\\"0315f9ecc0224bb7895522215d93b881\\\",\\\"f\\\":81,\\\"fnId\\\":\\\"fb72b6f9c1e54625a551711f6ee72714\\\",\\\"fnType\\\":\\\"wolverine\\\",\\\"by\\\":\\\"Vibranium\\\",\\\"at\\\":\\\"2019-07-29T05:31:14+00:00\\\",\\\"invUssn\\\":50,\\\"isInf\\\":false,\\\"ifa\\\":true,\\\"martAvail\\\":[{\\\"martId\\\":\\\"21\\\",\\\"ia\\\":true}],\\\"clt\\\":\\\"JoJ\\\"}\"}"}
{"id":"0315f9ecc0224bb7895522215d93b881","table":"killmonger_events_table","keyspace":"msku","timestamp":"2019-07-29T05:44:37.054Z","clusteringKeys":["fb72b6f9c1e54625a551711f6ee72714","vbIdSellingIdInventoryUpdated/1","1564378274"],"changedColumns":["selling_id","fulfillment_node_id","event_type","update_at","stream_sequence_number","event_data"],"record":"{\"selling_id\":\"0315f9ecc0224bb7895522215d93b881\",\"fulfillment_node_id\":\"fb72b6f9c1e54625a551711f6ee72714\",\"event_type\":\"vbIdSellingIdInventoryUpdated/1\",\"update_at\":1564378274,\"stream_sequence_number\":42,\"event_data\":\"{\\\"id\\\":\\\"f7f4b92ab273446c85c9bd9a9022c597\\\",\\\"vbId\\\":\\\"0315f9ecc0224bb7895522215d93b881\\\",\\\"sellingId\\\":\\\"0315f9ecc0224bb7895522215d93b881\\\",\\\"merchantId\\\":\\\"e43cf7756d0b4ba8a4e9046774656ce8\\\",\\\"skuId\\\":\\\"0315f9ecc0224bb7895522215d93b881\\\",\\\"f\\\":81,\\\"fnId\\\":\\\"fb72b6f9c1e54625a551711f6ee72714\\\",\\\"fnType\\\":\\\"wolverine\\\",\\\"by\\\":\\\"Vibranium\\\",\\\"at\\\":\\\"2019-07-29T05:31:14+00:00\\\",\\\"invUssn\\\":51,\\\"isInf\\\":false,\\\"ifa\\\":true,\\\"martAvail\\\":[{\\\"martId\\\":\\\"21\\\",\\\"ia\\\":true}],\\\"clt\\\":\\\"JoJ\\\"}\"}"}
{"id":"0315f9ecc0224bb7895522215d93b881","table":"killmonger_events_table","keyspace":"msku","timestamp":"2019-07-29T05:44:37.054Z","clusteringKeys":["fb72b6f9c1e54625a551711f6ee72714","updateVbIdSellingIdInventorySkipped/1","1564378274"],"changedColumns":["selling_id","fulfillment_node_id","event_type","update_at","stream_sequence_number","event_data"],"record":"{\"selling_id\":\"0315f9ecc0224bb7895522215d93b881\",\"fulfillment_node_id\":\"fb72b6f9c1e54625a551711f6ee72714\",\"event_type\":\"updateVbIdSellingIdInventorySkipped/1\",\"update_at\":1564378274,\"stream_sequence_number\":43,\"event_data\":\"{\\\"id\\\":\\\"c301d459925c4e8cb99009bc44b3ca17\\\",\\\"vbId\\\":\\\"0315f9ecc0224bb7895522215d93b881\\\",\\\"sellingId\\\":\\\"0315f9ecc0224bb7895522215d93b881\\\",\\\"merchantId\\\":\\\"e43cf7756d0b4ba8a4e9046774656ce8\\\",\\\"skuId\\\":\\\"0315f9ecc0224bb7895522215d93b881\\\",\\\"f\\\":81,\\\"fnId\\\":\\\"fb72b6f9c1e54625a551711f6ee72714\\\",\\\"fnType\\\":\\\"wolverine\\\",\\\"by\\\":\\\"Vibranium\\\",\\\"at\\\":\\\"2019-07-29T05:31:14+00:00\\\",\\\"invUssn\\\":50,\\\"isInf\\\":false}\"}"}
{"id":"280fbb5ff1604030b1dbdb9a1b852400","table":"killmonger_events_table","keyspace":"msku","timestamp":"2019-07-29T05:44:37.055Z","clusteringKeys":["fb72b6f9c1e54625a551711f6ee72714","vbIdSellingIdInventoryUpdated/1","1564378274"],"changedColumns":["selling_id","fulfillment_node_id","event_type","update_at","stream_sequence_number","event_data"],"record":"{\"selling_id\":\"280fbb5ff1604030b1dbdb9a1b852400\",\"fulfillment_node_id\":\"fb72b6f9c1e54625a551711f6ee72714\",\"event_type\":\"vbIdSellingIdInventoryUpdated/1\",\"update_at\":1564378274,\"stream_sequence_number\":38,\"event_data\":\"{\\\"id\\\":\\\"5b99a6bfc3e242a8a6433bcac6f1d889\\\",\\\"vbId\\\":\\\"280fbb5ff1604030b1dbdb9a1b852400\\\",\\\"sellingId\\\":\\\"280fbb5ff1604030b1dbdb9a1b852400\\\",\\\"merchantId\\\":\\\"e43cf7756d0b4ba8a4e9046774656ce8\\\",\\\"skuId\\\":\\\"280fbb5ff1604030b1dbdb9a1b852400\\\",\\\"f\\\":67,\\\"fnId\\\":\\\"fb72b6f9c1e54625a551711f6ee72714\\\",\\\"fnType\\\":\\\"wolverine\\\",\\\"by\\\":\\\"Vibranium\\\",\\\"at\\\":\\\"2019-07-29T05:31:14+00:00\\\",\\\"invUssn\\\":46,\\\"isInf\\\":false,\\\"ifa\\\":true,\\\"martAvail\\\":[{\\\"martId\\\":\\\"21\\\",\\\"ia\\\":true}],\\\"clt\\\":\\\"JoJ\\\"}\"}"}
{"id":"280fbb5ff1604030b1dbdb9a1b852400","table":"killmonger_events_table","keyspace":"msku","timestamp":"2019-07-29T05:44:37.055Z","clusteringKeys":["fb72b6f9c1e54625a551711f6ee72714","updateVbIdSellingIdInventorySkipped/1","1564378274"],"changedColumns":["selling_id","fulfillment_node_id","event_type","update_at","stream_sequence_number","event_data"],"record":"{\"selling_id\":\"280fbb5ff1604030b1dbdb9a1b852400\",\"fulfillment_node_id\":\"fb72b6f9c1e54625a551711f6ee72714\",\"event_type\":\"updateVbIdSellingIdInventorySkipped/1\",\"update_at\":1564378274,\"stream_sequence_number\":39,\"event_data\":\"{\\\"id\\\":\\\"5b99a6bfc3e242a8a6433bcac6f1d889\\\",\\\"vbId\\\":\\\"280fbb5ff1604030b1dbdb9a1b852400\\\",\\\"sellingId\\\":\\\"280fbb5ff1604030b1dbdb9a1b852400\\\",\\\"merchantId\\\":\\\"e43cf7756d0b4ba8a4e9046774656ce8\\\",\\\"skuId\\\":\\\"280fbb5ff1604030b1dbdb9a1b852400\\\",\\\"f\\\":67,\\\"fnId\\\":\\\"fb72b6f9c1e54625a551711f6ee72714\\\",\\\"fnType\\\":\\\"wolverine\\\",\\\"by\\\":\\\"Vibranium\\\",\\\"at\\\":\\\"2019-07-29T05:31:14+00:00\\\",\\\"invUssn\\\":46,\\\"isInf\\\":false}\"}"}
{"id":"280fbb5ff1604030b1dbdb9a1b852400","table":"killmonger_events_table","keyspace":"msku","timestamp":"2019-07-29T05:44:37.055Z","clusteringKeys":["fb72b6f9c1e54625a551711f6ee72714","updateVbIdSellingIdInventorySkipped/1","1564378274"],"changedColumns":["selling_id","fulfillment_node_id","event_type","update_at","stream_sequence_number","event_data"],"record":"{\"selling_id\":\"280fbb5ff1604030b1dbdb9a1b852400\",\"fulfillment_node_id\":\"fb72b6f9c1e54625a551711f6ee72714\",\"event_type\":\"updateVbIdSellingIdInventorySkipped/1\",\"update_at\":1564378274,\"stream_sequence_number\":40,\"event_data\":\"{\\\"id\\\":\\\"5b99a6bfc3e242a8a6433bcac6f1d889\\\",\\\"vbId\\\":\\\"280fbb5ff1604030b1dbdb9a1b852400\\\",\\\"sellingId\\\":\\\"280fbb5ff1604030b1dbdb9a1b852400\\\",\\\"merchantId\\\":\\\"e43cf7756d0b4ba8a4e9046774656ce8\\\",\\\"skuId\\\":\\\"280fbb5ff1604030b1dbdb9a1b852400\\\",\\\"f\\\":67,\\\"fnId\\\":\\\"fb72b6f9c1e54625a551711f6ee72714\\\",\\\"fnType\\\":\\\"wolverine\\\",\\\"by\\\":\\\"Vibranium\\\",\\\"at\\\":\\\"2019-07-29T05:31:14+00:00\\\",\\\"invUssn\\\":46,\\\"isInf\\\":false}\"}"}
{"id":"82906d79ae9942d1b4af8bb9e9eee961","table":"killmonger_events_table","keyspace":"msku","timestamp":"2019-07-29T05:44:37.056Z","clusteringKeys":["fb72b6f9c1e54625a551711f6ee72714","vbIdSellingIdInventoryUpdated/1","1564378274"],"changedColumns":["selling_id","fulfillment_node_id","event_type","update_at","stream_sequence_number","event_data"],"record":"{\"selling_id\":\"82906d79ae9942d1b4af8bb9e9eee961\",\"fulfillment_node_id\":\"fb72b6f9c1e54625a551711f6ee72714\",\"event_type\":\"vbIdSellingIdInventoryUpdated/1\",\"update_at\":1564378274,\"stream_sequence_number\":41,\"event_data\":\"{\\\"id\\\":\\\"eb5a2f32dca14fa28c87d863cb4494bc\\\",\\\"vbId\\\":\\\"82906d79ae9942d1b4af8bb9e9eee961\\\",\\\"sellingId\\\":\\\"82906d79ae9942d1b4af8bb9e9eee961\\\",\\\"merchantId\\\":\\\"e43cf7756d0b4ba8a4e9046774656ce8\\\",\\\"skuId\\\":\\\"82906d79ae9942d1b4af8bb9e9eee961\\\",\\\"f\\\":99,\\\"fnId\\\":\\\"fb72b6f9c1e54625a551711f6ee72714\\\",\\\"fnType\\\":\\\"wolverine\\\",\\\"by\\\":\\\"Vibranium\\\",\\\"at\\\":\\\"2019-07-29T05:31:14+00:00\\\",\\\"invUssn\\\":52,\\\"isInf\\\":false,\\\"ifa\\\":true,\\\"martAvail\\\":[{\\\"martId\\\":\\\"21\\\",\\\"ia\\\":true}],\\\"clt\\\":\\\"JoJ\\\"}\"}"}
{"id":"9F5640DA80654E3A97E86E6A402F36C6","table":"killmonger_events_table","keyspace":"msku","timestamp":"2019-07-29T05:45:02.471Z","clusteringKeys":["10000005289","vbIdSellingIdInventoryUpdated/1","1564378241"],"changedColumns":["selling_id","fulfillment_node_id","event_type","update_at","stream_sequence_number","event_data"],"record":"{\"selling_id\":\"9F5640DA80654E3A97E86E6A402F36C6\",\"fulfillment_node_id\":\"10000005289\",\"event_type\":\"vbIdSellingIdInventoryUpdated/1\",\"update_at\":1564378241,\"stream_sequence_number\":1408,\"event_data\":\"{\\\"id\\\":\\\"a28a99a7695b47edb68b8bee9a963a9b\\\",\\\"vbId\\\":\\\"A-49CRPLHRT-5320\\\",\\\"sellingId\\\":\\\"9F5640DA80654E3A97E86E6A402F36C6\\\",\\\"merchantId\\\":\\\"5320\\\",\\\"skuId\\\":\\\"A-49CRPLHRT\\\",\\\"f\\\":3,\\\"fnId\\\":\\\"10000005289\\\",\\\"fnType\\\":\\\"MARKETPLACE\\\",\\\"by\\\":\\\"Vibranium\\\",\\\"at\\\":\\\"2019-07-29T05:30:41+00:00\\\",\\\"invUssn\\\":368,\\\"catUssn\\\":1051,\\\"isInf\\\":false,\\\"ifa\\\":true,\\\"martAvail\\\":[{\\\"martId\\\":\\\"0\\\",\\\"ia\\\":true}],\\\"clt\\\":\\\"WoW\\\"}\"}"}
{"id":"69BA9744479147A487F5A4E17F543F27","table":"killmonger_events_table","keyspace":"msku","timestamp":"2019-07-29T05:45:03.527Z","clusteringKeys":["8302","vbIdSellingIdInventoryUpdated/1","1564378911"],"changedColumns":["selling_id","fulfillment_node_id","event_type","update_at","stream_sequence_number","event_data"],"record":"{\"selling_id\":\"69BA9744479147A487F5A4E17F543F27\",\"fulfillment_node_id\":\"8302\",\"event_type\":\"vbIdSellingIdInventoryUpdated/1\",\"update_at\":1564378911,\"stream_sequence_number\":141,\"event_data\":\"{\\\"id\\\":\\\"c929a0437093415cbd66da08f644533a\\\",\\\"vbId\\\":\\\"PantherMigrationVbId\\\",\\\"sellingId\\\":\\\"69BA9744479147A487F5A4E17F543F27\\\",\\\"merchantId\\\":\\\"9fc08905039048918982091f266c2a29\\\",\\\"skuId\\\":\\\"PantherMigrationSkuId\\\",\\\"f\\\":0,\\\"fnId\\\":\\\"8302\\\",\\\"by\\\":\\\"Killmonger.Migration.MapInWalmartInvUpdates\\\",\\\"at\\\":\\\"2019-07-29T05:41:51.957+00:00\\\",\\\"invUssn\\\":0,\\\"isInf\\\":false,\\\"ifa\\\":true,\\\"martAvail\\\":[{\\\"martId\\\":\\\"21\\\",\\\"ia\\\":true},{\\\"martId\\\":\\\"0\\\",\\\"ia\\\":true}],\\\"clt\\\":\\\"WoJ\\\"}\"}"}
{"id":"48CDA1EF53514F149F7BD7840675A158","table":"killmonger_events_table","keyspace":"msku","timestamp":"2019-07-29T05:45:03.527Z","clusteringKeys":["5926","vbIdSellingIdInventoryUpdated/1","1564378909"],"changedColumns":["selling_id","fulfillment_node_id","event_type","update_at","stream_sequence_number","event_data"],"record":"{\"selling_id\":\"48CDA1EF53514F149F7BD7840675A158\",\"fulfillment_node_id\":\"5926\",\"event_type\":\"vbIdSellingIdInventoryUpdated/1\",\"update_at\":1564378909,\"stream_sequence_number\":134,\"event_data\":\"{\\\"id\\\":\\\"c49a6bacde694f298f5e133e430f1163\\\",\\\"vbId\\\":\\\"PantherMigrationVbId\\\",\\\"sellingId\\\":\\\"48CDA1EF53514F149F7BD7840675A158\\\",\\\"merchantId\\\":\\\"9fc08905039048918982091f266c2a29\\\",\\\"skuId\\\":\\\"PantherMigrationSkuId\\\",\\\"f\\\":0,\\\"fnId\\\":\\\"5926\\\",\\\"by\\\":\\\"Killmonger.Migration.MapInWalmartInvUpdates\\\",\\\"at\\\":\\\"2019-07-29T05:41:49.898+00:00\\\",\\\"invUssn\\\":0,\\\"isInf\\\":false,\\\"ifa\\\":true,\\\"martAvail\\\":[{\\\"martId\\\":\\\"21\\\",\\\"ia\\\":true},{\\\"martId\\\":\\\"0\\\",\\\"ia\\\":true}],\\\"clt\\\":\\\"WoJ\\\"}\"}"}
{"id":"df179a7e551247f293a1a89384dad0c8","table":"killmonger_events_table","keyspace":"msku","timestamp":"2019-07-29T05:45:03.528Z","clusteringKeys":["fb72b6f9c1e54625a551711f6ee72714","vbIdSellingIdInventoryUpdated/1","1564378274"],"changedColumns":["selling_id","fulfillment_node_id","event_type","update_at","stream_sequence_number","event_data"],"record":"{\"selling_id\":\"df179a7e551247f293a1a89384dad0c8\",\"fulfillment_node_id\":\"fb72b6f9c1e54625a551711f6ee72714\",\"event_type\":\"vbIdSellingIdInventoryUpdated/1\",\"update_at\":1564378274,\"stream_sequence_number\":37,\"event_data\":\"{\\\"id\\\":\\\"e31a3317dd1d44a3b26d5ed4359592dd\\\",\\\"vbId\\\":\\\"df179a7e551247f293a1a89384dad0c8\\\",\\\"sellingId\\\":\\\"df179a7e551247f293a1a89384dad0c8\\\",\\\"merchantId\\\":\\\"e43cf7756d0b4ba8a4e9046774656ce8\\\",\\\"skuId\\\":\\\"df179a7e551247f293a1a89384dad0c8\\\",\\\"f\\\":104,\\\"fnId\\\":\\\"fb72b6f9c1e54625a551711f6ee72714\\\",\\\"fnType\\\":\\\"wolverine\\\",\\\"by\\\":\\\"Vibranium\\\",\\\"at\\\":\\\"2019-07-29T05:31:14+00:00\\\",\\\"invUssn\\\":49,\\\"isInf\\\":false,\\\"ifa\\\":true,\\\"martAvail\\\":[{\\\"martId\\\":\\\"21\\\",\\\"ia\\\":true}],\\\"clt\\\":\\\"JoJ\\\"}\"}"}
{"id":"ce8e53860b114bb48cadc7bd5a71971e","table":"killmonger_events_table","keyspace":"msku","timestamp":"2019-07-29T05:45:03.530Z","clusteringKeys":["d0ef4a62b8e2415d90b6d199de88b19e","vbIdSellingIdInventoryUpdated/1","1564378235"],"changedColumns":["selling_id","fulfillment_node_id","event_type","update_at","stream_sequence_number","event_data"],"record":"{\"selling_id\":\"ce8e53860b114bb48cadc7bd5a71971e\",\"fulfillment_node_id\":\"d0ef4a62b8e2415d90b6d199de88b19e\",\"event_type\":\"vbIdSellingIdInventoryUpdated/1\",\"update_at\":1564378235,\"stream_sequence_number\":184,\"event_data\":\"{\\\"id\\\":\\\"e43b988c33824da09a55956530f96c07\\\",\\\"vbId\\\":\\\"ce8e53860b114bb48cadc7bd5a71971e\\\",\\\"sellingId\\\":\\\"ce8e53860b114bb48cadc7bd5a71971e\\\",\\\"merchantId\\\":\\\"3e501c03d2ff4810a391b9fd196d59f4\\\",\\\"skuId\\\":\\\"ce8e53860b114bb48cadc7bd5a71971e\\\",\\\"f\\\":4,\\\"fnId\\\":\\\"d0ef4a62b8e2415d90b6d199de88b19e\\\",\\\"fnType\\\":\\\"wolverine\\\",\\\"by\\\":\\\"Vibranium\\\",\\\"at\\\":\\\"2019-07-29T05:30:35+00:00\\\",\\\"invUssn\\\":218,\\\"isInf\\\":false,\\\"ifa\\\":true,\\\"martAvail\\\":[{\\\"martId\\\":\\\"21\\\",\\\"ia\\\":true}],\\\"clt\\\":\\\"JoJ\\\"}\"}"}
{"id":"cd056b4597f34f68892d66069f2d07c1","table":"killmonger_events_table","keyspace":"msku","timestamp":"2019-07-29T05:40:44.724Z","clusteringKeys":["fb72b6f9c1e54625a551711f6ee72714","vbIdSellingIdInventoryUpdated/1","1564375727"],"changedColumns":["selling_id","fulfillment_node_id","event_type","update_at","stream_sequence_number","event_data"],"record":"{\"selling_id\":\"cd056b4597f34f68892d66069f2d07c1\",\"fulfillment_node_id\":\"fb72b6f9c1e54625a551711f6ee72714\",\"event_type\":\"vbIdSellingIdInventoryUpdated/1\",\"update_at\":1564375727,\"stream_sequence_number\":46,\"event_data\":\"{\\\"id\\\":\\\"aecf6e5a014c4deba4619e619a4db4bb\\\",\\\"vbId\\\":\\\"cd056b4597f34f68892d66069f2d07c1\\\",\\\"sellingId\\\":\\\"cd056b4597f34f68892d66069f2d07c1\\\",\\\"merchantId\\\":\\\"e43cf7756d0b4ba8a4e9046774656ce8\\\",\\\"skuId\\\":\\\"cd056b4597f34f68892d66069f2d07c1\\\",\\\"f\\\":124,\\\"fnId\\\":\\\"fb72b6f9c1e54625a551711f6ee72714\\\",\\\"fnType\\\":\\\"wolverine\\\",\\\"by\\\":\\\"Vibranium\\\",\\\"at\\\":\\\"2019-07-29T04:48:47+00:00\\\",\\\"invUssn\\\":50,\\\"isInf\\\":false,\\\"ifa\\\":true,\\\"martAvail\\\":[{\\\"martId\\\":\\\"21\\\",\\\"ia\\\":true}],\\\"clt\\\":\\\"JoJ\\\"}\"}"}
{"id":"3260024DC89746CBB22A6E9955D940B6","table":"killmonger_events_table","keyspace":"msku","timestamp":"2019-07-29T05:45:03.533Z","clusteringKeys":["2738","vbIdSellingIdInventoryUpdated/1","1564378911"],"changedColumns":["selling_id","fulfillment_node_id","event_type","update_at","stream_sequence_number","event_data"],"record":"{\"selling_id\":\"3260024DC89746CBB22A6E9955D940B6\",\"fulfillment_node_id\":\"2738\",\"event_type\":\"vbIdSellingIdInventoryUpdated/1\",\"update_at\":1564378911,\"stream_sequence_number\":136,\"event_data\":\"{\\\"id\\\":\\\"dd7f7311bc9645da9a17e32343e48ba3\\\",\\\"vbId\\\":\\\"PantherMigrationVbId\\\",\\\"sellingId\\\":\\\"3260024DC89746CBB22A6E9955D940B6\\\",\\\"merchantId\\\":\\\"9fc08905039048918982091f266c2a29\\\",\\\"skuId\\\":\\\"PantherMigrationSkuId\\\",\\\"f\\\":0,\\\"fnId\\\":\\\"2738\\\",\\\"by\\\":\\\"Killmonger.Migration.MapInWalmartInvUpdates\\\",\\\"at\\\":\\\"2019-07-29T05:41:51.445+00:00\\\",\\\"invUssn\\\":0,\\\"isInf\\\":false,\\\"ifa\\\":true,\\\"martAvail\\\":[{\\\"martId\\\":\\\"21\\\",\\\"ia\\\":true},{\\\"martId\\\":\\\"0\\\",\\\"ia\\\":true}],\\\"clt\\\":\\\"WoJ\\\"}\"}"}
{"id":"3260024DC89746CBB22A6E9955D940B6","table":"killmonger_events_table","keyspace":"msku","timestamp":"2019-07-29T05:45:03.533Z","clusteringKeys":["2738","vbIdSellingIdInventoryUpdated/1","1564378911"],"changedColumns":["selling_id","fulfillment_node_id","event_type","update_at","stream_sequence_number","event_data"],"record":"{\"selling_id\":\"3260024DC89746CBB22A6E9955D940B6\",\"fulfillment_node_id\":\"2738\",\"event_type\":\"vbIdSellingIdInventoryUpdated/1\",\"update_at\":1564378911,\"stream_sequence_number\":137,\"event_data\":\"{\\\"id\\\":\\\"dd7f7311bc9645da9a17e32343e48ba3\\\",\\\"vbId\\\":\\\"PantherMigrationVbId\\\",\\\"sellingId\\\":\\\"3260024DC89746CBB22A6E9955D940B6\\\",\\\"merchantId\\\":\\\"9fc08905039048918982091f266c2a29\\\",\\\"skuId\\\":\\\"PantherMigrationSkuId\\\",\\\"f\\\":0,\\\"fnId\\\":\\\"2738\\\",\\\"by\\\":\\\"Killmonger.Migration.MapInWalmartInvUpdates\\\",\\\"at\\\":\\\"2019-07-29T05:41:51.445+00:00\\\",\\\"invUssn\\\":0,\\\"isInf\\\":false,\\\"ifa\\\":true,\\\"martAvail\\\":[{\\\"martId\\\":\\\"21\\\",\\\"ia\\\":true},{\\\"martId\\\":\\\"0\\\",\\\"ia\\\":true}],\\\"clt\\\":\\\"WoJ\\\"}\"}"}
{"id":"67af798cb9b24476bd60157f4b5d3e28","table":"killmonger_events_table","keyspace":"msku","timestamp":"2019-07-29T05:40:44.724Z","clusteringKeys":["d907e6dfdf3d411d98e2aeae7e73e1ae","updateVbIdSellingIdInventorySkipped/1","1564377867"],"changedColumns":["selling_id","fulfillment_node_id","event_type","update_at","stream_sequence_number","event_data"],"record":"{\"selling_id\":\"67af798cb9b24476bd60157f4b5d3e28\",\"fulfillment_node_id\":\"d907e6dfdf3d411d98e2aeae7e73e1ae\",\"event_type\":\"updateVbIdSellingIdInventorySkipped/1\",\"update_at\":1564377867,\"stream_sequence_number\":225,\"event_data\":\"{\\\"id\\\":\\\"bffa2d0a58d84e2e8a2da6657111a30a\\\",\\\"vbId\\\":\\\"67af798cb9b24476bd60157f4b5d3e28\\\",\\\"sellingId\\\":\\\"67af798cb9b24476bd60157f4b5d3e28\\\",\\\"merchantId\\\":\\\"bf9078c421e242358ecaf838d145c500\\\",\\\"skuId\\\":\\\"67af798cb9b24476bd60157f4b5d3e28\\\",\\\"f\\\":10,\\\"fnId\\\":\\\"d907e6dfdf3d411d98e2aeae7e73e1ae\\\",\\\"fnType\\\":\\\"wolverine\\\",\\\"by\\\":\\\"Vibranium\\\",\\\"at\\\":\\\"2019-07-29T05:24:27+00:00\\\",\\\"invUssn\\\":248,\\\"isInf\\\":false}\"}"}
{"id":"FFE88182417D4817901A105BCA5F97CC","table":"killmonger_events_table","keyspace":"msku","timestamp":"2019-07-29T05:45:03.541Z","clusteringKeys":["2379","vbIdSellingIdInventoryUpdated/1","1564378911"],"changedColumns":["selling_id","fulfillment_node_id","event_type","update_at","stream_sequence_number","event_data"],"record":"{\"selling_id\":\"FFE88182417D4817901A105BCA5F97CC\",\"fulfillment_node_id\":\"2379\",\"event_type\":\"vbIdSellingIdInventoryUpdated/1\",\"update_at\":1564378911,\"stream_sequence_number\":127,\"event_data\":\"{\\\"id\\\":\\\"06272adb3d594d6a8ccade2361a09e75\\\",\\\"vbId\\\":\\\"PantherMigrationVbId\\\",\\\"sellingId\\\":\\\"FFE88182417D4817901A105BCA5F97CC\\\",\\\"merchantId\\\":\\\"9fc08905039048918982091f266c2a29\\\",\\\"skuId\\\":\\\"PantherMigrationSkuId\\\",\\\"f\\\":0,\\\"fnId\\\":\\\"2379\\\",\\\"by\\\":\\\"Killmonger.Migration.MapInWalmartInvUpdates\\\",\\\"at\\\":\\\"2019-07-29T05:41:51.255+00:00\\\",\\\"invUssn\\\":0,\\\"isInf\\\":false,\\\"ifa\\\":true,\\\"martAvail\\\":[{\\\"martId\\\":\\\"21\\\",\\\"ia\\\":true},{\\\"martId\\\":\\\"0\\\",\\\"ia\\\":true}],\\\"clt\\\":\\\"WoJ\\\"}\"}"}
{"id":"FFE88182417D4817901A105BCA5F97CC","table":"killmonger_events_table","keyspace":"msku","timestamp":"2019-07-29T05:45:03.541Z","clusteringKeys":["2379","vbIdSellingIdInventoryUpdated/1","1564378911"],"changedColumns":["selling_id","fulfillment_node_id","event_type","update_at","stream_sequence_number","event_data"],"record":"{\"selling_id\":\"FFE88182417D4817901A105BCA5F97CC\",\"fulfillment_node_id\":\"2379\",\"event_type\":\"vbIdSellingIdInventoryUpdated/1\",\"update_at\":1564378911,\"stream_sequence_number\":128,\"event_data\":\"{\\\"id\\\":\\\"06272adb3d594d6a8ccade2361a09e75\\\",\\\"vbId\\\":\\\"PantherMigrationVbId\\\",\\\"sellingId\\\":\\\"FFE88182417D4817901A105BCA5F97CC\\\",\\\"merchantId\\\":\\\"9fc08905039048918982091f266c2a29\\\",\\\"skuId\\\":\\\"PantherMigrationSkuId\\\",\\\"f\\\":0,\\\"fnId\\\":\\\"2379\\\",\\\"by\\\":\\\"Killmonger.Migration.MapInWalmartInvUpdates\\\",\\\"at\\\":\\\"2019-07-29T05:41:51.255+00:00\\\",\\\"invUssn\\\":0,\\\"isInf\\\":false,\\\"ifa\\\":true,\\\"martAvail\\\":[{\\\"martId\\\":\\\"21\\\",\\\"ia\\\":true},{\\\"martId\\\":\\\"0\\\",\\\"ia\\\":true}],\\\"clt\\\":\\\"WoJ\\\"}\"}"}
{"id":"66870C7B1C8441C5895A0F35DFBFF77D","table":"killmonger_events_table","keyspace":"msku","timestamp":"2019-07-29T05:45:02.478Z","clusteringKeys":["3373","vbIdSellingIdInventoryUpdated/1","1564378909"],"changedColumns":["selling_id","fulfillment_node_id","event_type","update_at","stream_sequence_number","event_data"],"record":"{\"selling_id\":\"66870C7B1C8441C5895A0F35DFBFF77D\",\"fulfillment_node_id\":\"3373\",\"event_type\":\"vbIdSellingIdInventoryUpdated/1\",\"update_at\":1564378909,\"stream_sequence_number\":136,\"event_data\":\"{\\\"id\\\":\\\"9bdf13106a6c4a03b70e85c0b27f7be6\\\",\\\"vbId\\\":\\\"PantherMigrationVbId\\\",\\\"sellingId\\\":\\\"66870C7B1C8441C5895A0F35DFBFF77D\\\",\\\"merchantId\\\":\\\"9fc08905039048918982091f266c2a29\\\",\\\"skuId\\\":\\\"PantherMigrationSkuId\\\",\\\"f\\\":0,\\\"fnId\\\":\\\"3373\\\",\\\"by\\\":\\\"Killmonger.Migration.MapInWalmartInvUpdates\\\",\\\"at\\\":\\\"2019-07-29T05:41:49.879+00:00\\\",\\\"invUssn\\\":0,\\\"isInf\\\":false,\\\"ifa\\\":true,\\\"martAvail\\\":[{\\\"martId\\\":\\\"21\\\",\\\"ia\\\":true},{\\\"martId\\\":\\\"0\\\",\\\"ia\\\":true}],\\\"clt\\\":\\\"WoJ\\\"}\"}"}
{"id":"66870C7B1C8441C5895A0F35DFBFF77D","table":"killmonger_events_table","keyspace":"msku","timestamp":"2019-07-29T05:45:02.478Z","clusteringKeys":["3373","vbIdSellingIdInventoryUpdated/1","1564378909"],"changedColumns":["selling_id","fulfillment_node_id","event_type","update_at","stream_sequence_number","event_data"],"record":"{\"selling_id\":\"66870C7B1C8441C5895A0F35DFBFF77D\",\"fulfillment_node_id\":\"3373\",\"event_type\":\"vbIdSellingIdInventoryUpdated/1\",\"update_at\":1564378909,\"stream_sequence_number\":137,\"event_data\":\"{\\\"id\\\":\\\"9bdf13106a6c4a03b70e85c0b27f7be6\\\",\\\"vbId\\\":\\\"PantherMigrationVbId\\\",\\\"sellingId\\\":\\\"66870C7B1C8441C5895A0F35DFBFF77D\\\",\\\"merchantId\\\":\\\"9fc08905039048918982091f266c2a29\\\",\\\"skuId\\\":\\\"PantherMigrationSkuId\\\",\\\"f\\\":0,\\\"fnId\\\":\\\"3373\\\",\\\"by\\\":\\\"Killmonger.Migration.MapInWalmartInvUpdates\\\",\\\"at\\\":\\\"2019-07-29T05:41:49.879+00:00\\\",\\\"invUssn\\\":0,\\\"isInf\\\":false,\\\"ifa\\\":true,\\\"martAvail\\\":[{\\\"martId\\\":\\\"21\\\",\\\"ia\\\":true},{\\\"martId\\\":\\\"0\\\",\\\"ia\\\":true}],\\\"clt\\\":\\\"WoJ\\\"}\"}"}
{"id":"66870C7B1C8441C5895A0F35DFBFF77D","table":"killmonger_events_table","keyspace":"msku","timestamp":"2019-07-29T05:45:02.478Z","clusteringKeys":["3373","vbIdSellingIdInventoryUpdated/1","1564378909"],"changedColumns":["selling_id","fulfillment_node_id","event_type","update_at","stream_sequence_number","event_data"],"record":"{\"selling_id\":\"66870C7B1C8441C5895A0F35DFBFF77D\",\"fulfillment_node_id\":\"3373\",\"event_type\":\"vbIdSellingIdInventoryUpdated/1\",\"update_at\":1564378909,\"stream_sequence_number\":138,\"event_data\":\"{\\\"id\\\":\\\"9bdf13106a6c4a03b70e85c0b27f7be6\\\",\\\"vbId\\\":\\\"PantherMigrationVbId\\\",\\\"sellingId\\\":\\\"66870C7B1C8441C5895A0F35DFBFF77D\\\",\\\"merchantId\\\":\\\"9fc08905039048918982091f266c2a29\\\",\\\"skuId\\\":\\\"PantherMigrationSkuId\\\",\\\"f\\\":0,\\\"fnId\\\":\\\"3373\\\",\\\"by\\\":\\\"Killmonger.Migration.MapInWalmartInvUpdates\\\",\\\"at\\\":\\\"2019-07-29T05:41:49.879+00:00\\\",\\\"invUssn\\\":0,\\\"isInf\\\":false,\\\"ifa\\\":true,\\\"martAvail\\\":[{\\\"martId\\\":\\\"21\\\",\\\"ia\\\":true},{\\\"martId\\\":\\\"0\\\",\\\"ia\\\":true}],\\\"clt\\\":\\\"WoJ\\\"}\"}"}
{"id":"4b51d69dfb544d48ae03a93749bef79f","table":"killmonger_events_table","keyspace":"msku","timestamp":"2019-07-29T05:45:03.543Z","clusteringKeys":["fb72b6f9c1e54625a551711f6ee72714","vbIdSellingIdInventoryUpdated/1","1564378274"],"changedColumns":["selling_id","fulfillment_node_id","event_type","update_at","stream_sequence_number","event_data"],"record":"{\"selling_id\":\"4b51d69dfb544d48ae03a93749bef79f\",\"fulfillment_node_id\":\"fb72b6f9c1e54625a551711f6ee72714\",\"event_type\":\"vbIdSellingIdInventoryUpdated/1\",\"update_at\":1564378274,\"stream_sequence_number\":44,\"event_data\":\"{\\\"id\\\":\\\"e719019d66ce4ced8e3c38462828e039\\\",\\\"vbId\\\":\\\"4b51d69dfb544d48ae03a93749bef79f\\\",\\\"sellingId\\\":\\\"4b51d69dfb544d48ae03a93749bef79f\\\",\\\"merchantId\\\":\\\"e43cf7756d0b4ba8a4e9046774656ce8\\\",\\\"skuId\\\":\\\"4b51d69dfb544d48ae03a93749bef79f\\\",\\\"f\\\":90,\\\"fnId\\\":\\\"fb72b6f9c1e54625a551711f6ee72714\\\",\\\"fnType\\\":\\\"wolverine\\\",\\\"by\\\":\\\"Vibranium\\\",\\\"at\\\":\\\"2019-07-29T05:31:14+00:00\\\",\\\"invUssn\\\":50,\\\"isInf\\\":false,\\\"ifa\\\":true,\\\"martAvail\\\":[{\\\"martId\\\":\\\"21\\\",\\\"ia\\\":true}],\\\"clt\\\":\\\"JoJ\\\"}\"}"}
{"id":"538073A0D57E47898B57F3B4D4B700B7","table":"killmonger_events_table","keyspace":"msku","timestamp":"2019-07-29T05:40:44.735Z","clusteringKeys":["8306","vbIdSellingIdInventoryUpdated/1","1564375905"],"changedColumns":["selling_id","fulfillment_node_id","event_type","update_at","stream_sequence_number","event_data"],"record":"{\"selling_id\":\"538073A0D57E47898B57F3B4D4B700B7\",\"fulfillment_node_id\":\"8306\",\"event_type\":\"vbIdSellingIdInventoryUpdated/1\",\"update_at\":1564375905,\"stream_sequence_number\":138,\"event_data\":\"{\\\"id\\\":\\\"1a8bf62d0ed849c088d8c8aacf2db7fa\\\",\\\"vbId\\\":\\\"PantherMigrationVbId\\\",\\\"sellingId\\\":\\\"538073A0D57E47898B57F3B4D4B700B7\\\",\\\"merchantId\\\":\\\"9fc08905039048918982091f266c2a29\\\",\\\"skuId\\\":\\\"PantherMigrationSkuId\\\",\\\"f\\\":0,\\\"fnId\\\":\\\"8306\\\",\\\"by\\\":\\\"Killmonger.Migration.MapInWalmartInvUpdates\\\",\\\"at\\\":\\\"2019-07-29T04:51:45.888+00:00\\\",\\\"invUssn\\\":0,\\\"isInf\\\":false,\\\"ifa\\\":true,\\\"martAvail\\\":[{\\\"martId\\\":\\\"21\\\",\\\"ia\\\":true},{\\\"martId\\\":\\\"0\\\",\\\"ia\\\":true}],\\\"clt\\\":\\\"WoJ\\\"}\"}"}
{"id":"8d2d60494af84c7eb7b76fae284ede25","table":"killmonger_events_table","keyspace":"msku","timestamp":"2019-07-29T05:44:37.079Z","clusteringKeys":["161ef5d50fd64967b6867805ef1a285d","updateVbIdSellingIdInventorySkipped/1","1564378195"],"changedColumns":["selling_id","fulfillment_node_id","event_type","update_at","stream_sequence_number","event_data"],"record":"{\"selling_id\":\"8d2d60494af84c7eb7b76fae284ede25\",\"fulfillment_node_id\":\"161ef5d50fd64967b6867805ef1a285d\",\"event_type\":\"updateVbIdSellingIdInventorySkipped/1\",\"update_at\":1564378195,\"stream_sequence_number\":177,\"event_data\":\"{\\\"id\\\":\\\"dfb1de677ac74c4ebddb7f3c96816632\\\",\\\"vbId\\\":\\\"8d2d60494af84c7eb7b76fae284ede25\\\",\\\"sellingId\\\":\\\"8d2d60494af84c7eb7b76fae284ede25\\\",\\\"merchantId\\\":\\\"11d010f610f348e38342912be02e1450\\\",\\\"skuId\\\":\\\"8d2d60494af84c7eb7b76fae284ede25\\\",\\\"f\\\":36,\\\"fnId\\\":\\\"161ef5d50fd64967b6867805ef1a285d\\\",\\\"fnType\\\":\\\"wolverine\\\",\\\"by\\\":\\\"Vibranium\\\",\\\"at\\\":\\\"2019-07-29T05:29:55+00:00\\\",\\\"invUssn\\\":190,\\\"isInf\\\":false}\"}"}
{"id":"A5EF994817E64ED4A8992A843C0A59D4","table":"killmonger_events_table","keyspace":"msku","timestamp":"2019-07-29T05:45:02.484Z","clusteringKeys":["10000001548","vbIdSellingIdInventoryUpdated/1","1564378244"],"changedColumns":["selling_id","fulfillment_node_id","event_type","update_at","stream_sequence_number","event_data"],"record":"{\"selling_id\":\"A5EF994817E64ED4A8992A843C0A59D4\",\"fulfillment_node_id\":\"10000001548\",\"event_type\":\"vbIdSellingIdInventoryUpdated/1\",\"update_at\":1564378244,\"stream_sequence_number\":535,\"event_data\":\"{\\\"id\\\":\\\"30185586712344508977cf5f151d966c\\\",\\\"vbId\\\":\\\"I8-56A6-9CQA-1599\\\",\\\"sellingId\\\":\\\"A5EF994817E64ED4A8992A843C0A59D4\\\",\\\"merchantId\\\":\\\"1599\\\",\\\"skuId\\\":\\\"I8-56A6-9CQA\\\",\\\"f\\\":50,\\\"fnId\\\":\\\"10000001548\\\",\\\"fnType\\\":\\\"MARKETPLACE\\\",\\\"by\\\":\\\"Vibranium\\\",\\\"at\\\":\\\"2019-07-29T05:30:44+00:00\\\",\\\"invUssn\\\":518,\\\"catUssn\\\":0,\\\"isInf\\\":false,\\\"ifa\\\":true,\\\"martAvail\\\":[{\\\"martId\\\":\\\"0\\\",\\\"ia\\\":true}],\\\"clt\\\":\\\"WoW\\\"}\"}"}
{"id":"EA053AF3E2454BD3890D04780C5BC40D","table":"killmonger_events_table","keyspace":"msku","timestamp":"2019-07-29T05:45:02.485Z","clusteringKeys":["2738","vbIdSellingIdInventoryUpdated/1","1564378912"],"changedColumns":["selling_id","fulfillment_node_id","event_type","update_at","stream_sequence_number","event_data"],"record":"{\"selling_id\":\"EA053AF3E2454BD3890D04780C5BC40D\",\"fulfillment_node_id\":\"2738\",\"event_type\":\"vbIdSellingIdInventoryUpdated/1\",\"update_at\":1564378912,\"stream_sequence_number\":125,\"event_data\":\"{\\\"id\\\":\\\"ac1f7c0830e24d8a99475bdd61fc7cdd\\\",\\\"vbId\\\":\\\"PantherMigrationVbId\\\",\\\"sellingId\\\":\\\"EA053AF3E2454BD3890D04780C5BC40D\\\",\\\"merchantId\\\":\\\"9fc08905039048918982091f266c2a29\\\",\\\"skuId\\\":\\\"PantherMigrationSkuId\\\",\\\"f\\\":0,\\\"fnId\\\":\\\"2738\\\",\\\"by\\\":\\\"Killmonger.Migration.MapInWalmartInvUpdates\\\",\\\"at\\\":\\\"2019-07-29T05:41:52.848+00:00\\\",\\\"invUssn\\\":0,\\\"isInf\\\":false,\\\"ifa\\\":true,\\\"martAvail\\\":[{\\\"martId\\\":\\\"21\\\",\\\"ia\\\":true},{\\\"martId\\\":\\\"0\\\",\\\"ia\\\":true}],\\\"clt\\\":\\\"WoJ\\\"}\"}"}
{"id":"EA053AF3E2454BD3890D04780C5BC40D","table":"killmonger_events_table","keyspace":"msku","timestamp":"2019-07-29T05:45:02.485Z","clusteringKeys":["2738","vbIdSellingIdInventoryUpdated/1","1564378912"],"changedColumns":["selling_id","fulfillment_node_id","event_type","update_at","stream_sequence_number","event_data"],"record":"{\"selling_id\":\"EA053AF3E2454BD3890D04780C5BC40D\",\"fulfillment_node_id\":\"2738\",\"event_type\":\"vbIdSellingIdInventoryUpdated/1\",\"update_at\":1564378912,\"stream_sequence_number\":126,\"event_data\":\"{\\\"id\\\":\\\"ac1f7c0830e24d8a99475bdd61fc7cdd\\\",\\\"vbId\\\":\\\"PantherMigrationVbId\\\",\\\"sellingId\\\":\\\"EA053AF3E2454BD3890D04780C5BC40D\\\",\\\"merchantId\\\":\\\"9fc08905039048918982091f266c2a29\\\",\\\"skuId\\\":\\\"PantherMigrationSkuId\\\",\\\"f\\\":0,\\\"fnId\\\":\\\"2738\\\",\\\"by\\\":\\\"Killmonger.Migration.MapInWalmartInvUpdates\\\",\\\"at\\\":\\\"2019-07-29T05:41:52.848+00:00\\\",\\\"invUssn\\\":0,\\\"isInf\\\":false,\\\"ifa\\\":true,\\\"martAvail\\\":[{\\\"martId\\\":\\\"21\\\",\\\"ia\\\":true},{\\\"martId\\\":\\\"0\\\",\\\"ia\\\":true}],\\\"clt\\\":\\\"WoJ\\\"}\"}"}
{"id":"4F93C368950D42F49E25A51D958B579E","table":"killmonger_events_table","keyspace":"msku","timestamp":"2019-07-29T05:45:02.510Z","clusteringKeys":["2957911","vbIdSellingIdInventoryUpdated/1","1564378913"],"changedColumns":["selling_id","fulfillment_node_id","event_type","update_at","stream_sequence_number","event_data"],"record":"{\"selling_id\":\"4F93C368950D42F49E25A51D958B579E\",\"fulfillment_node_id\":\"2957911\",\"event_type\":\"vbIdSellingIdInventoryUpdated/1\",\"update_at\":1564378913,\"stream_sequence_number\":150,\"event_data\":\"{\\\"id\\\":\\\"2107e65e93f5431f9d560bc7e3abe10c\\\",\\\"vbId\\\":\\\"PantherMigrationVbId\\\",\\\"sellingId\\\":\\\"4F93C368950D42F49E25A51D958B579E\\\",\\\"merchantId\\\":\\\"9fc08905039048918982091f266c2a29\\\",\\\"skuId\\\":\\\"PantherMigrationSkuId\\\",\\\"f\\\":18,\\\"fnId\\\":\\\"2957911\\\",\\\"by\\\":\\\"Killmonger.Migration.MapInWalmartInvUpdates\\\",\\\"at\\\":\\\"2019-07-29T05:41:53.051+00:00\\\",\\\"invUssn\\\":0,\\\"isInf\\\":false,\\\"ifa\\\":true,\\\"martAvail\\\":[{\\\"martId\\\":\\\"21\\\",\\\"ia\\\":true},{\\\"martId\\\":\\\"0\\\",\\\"ia\\\":true}],\\\"clt\\\":\\\"WoJ\\\"}\"}"}
{"id":"4F93C368950D42F49E25A51D958B579E","table":"killmonger_events_table","keyspace":"msku","timestamp":"2019-07-29T05:45:02.510Z","clusteringKeys":["2957911","vbIdSellingIdInventoryUpdated/1","1564378913"],"changedColumns":["selling_id","fulfillment_node_id","event_type","update_at","stream_sequence_number","event_data"],"record":"{\"selling_id\":\"4F93C368950D42F49E25A51D958B579E\",\"fulfillment_node_id\":\"2957911\",\"event_type\":\"vbIdSellingIdInventoryUpdated/1\",\"update_at\":1564378913,\"stream_sequence_number\":151,\"event_data\":\"{\\\"id\\\":\\\"2107e65e93f5431f9d560bc7e3abe10c\\\",\\\"vbId\\\":\\\"PantherMigrationVbId\\\",\\\"sellingId\\\":\\\"4F93C368950D42F49E25A51D958B579E\\\",\\\"merchantId\\\":\\\"9fc08905039048918982091f266c2a29\\\",\\\"skuId\\\":\\\"PantherMigrationSkuId\\\",\\\"f\\\":18,\\\"fnId\\\":\\\"2957911\\\",\\\"by\\\":\\\"Killmonger.Migration.MapInWalmartInvUpdates\\\",\\\"at\\\":\\\"2019-07-29T05:41:53.051+00:00\\\",\\\"invUssn\\\":0,\\\"isInf\\\":false,\\\"ifa\\\":true,\\\"martAvail\\\":[{\\\"martId\\\":\\\"21\\\",\\\"ia\\\":true},{\\\"martId\\\":\\\"0\\\",\\\"ia\\\":true}],\\\"clt\\\":\\\"WoJ\\\"}\"}"}
{"id":"0e66609d6cd940e4b85aa1dc645a49d3","table":"killmonger_events_table","keyspace":"msku","timestamp":"2019-07-29T05:45:02.511Z","clusteringKeys":["fb72b6f9c1e54625a551711f6ee72714","vbIdSellingIdInventoryUpdated/1","1564378274"],"changedColumns":["selling_id","fulfillment_node_id","event_type","update_at","stream_sequence_number","event_data"],"record":"{\"selling_id\":\"0e66609d6cd940e4b85aa1dc645a49d3\",\"fulfillment_node_id\":\"fb72b6f9c1e54625a551711f6ee72714\",\"event_type\":\"vbIdSellingIdInventoryUpdated/1\",\"update_at\":1564378274,\"stream_sequence_number\":41,\"event_data\":\"{\\\"id\\\":\\\"7640a402f1b442dfbb07ad0a17ebb347\\\",\\\"vbId\\\":\\\"0e66609d6cd940e4b85aa1dc645a49d3\\\",\\\"sellingId\\\":\\\"0e66609d6cd940e4b85aa1dc645a49d3\\\",\\\"merchantId\\\":\\\"e43cf7756d0b4ba8a4e9046774656ce8\\\",\\\"skuId\\\":\\\"0e66609d6cd940e4b85aa1dc645a49d3\\\",\\\"f\\\":57,\\\"fnId\\\":\\\"fb72b6f9c1e54625a551711f6ee72714\\\",\\\"fnType\\\":\\\"wolverine\\\",\\\"by\\\":\\\"Vibranium\\\",\\\"at\\\":\\\"2019-07-29T05:31:14+00:00\\\",\\\"invUssn\\\":46,\\\"isInf\\\":false,\\\"ifa\\\":true,\\\"martAvail\\\":[{\\\"martId\\\":\\\"21\\\",\\\"ia\\\":true}],\\\"clt\\\":\\\"JoJ\\\"}\"}"}
{"id":"dd358b1f25bc4f519005618afd5d33cd","table":"killmonger_events_table","keyspace":"msku","timestamp":"2019-07-29T05:45:02.512Z","clusteringKeys":["fb72b6f9c1e54625a551711f6ee72714","updateVbIdSellingIdInventorySkipped/1","1564375526"],"changedColumns":["selling_id","fulfillment_node_id","event_type","update_at","stream_sequence_number","event_data"],"record":"{\"selling_id\":\"dd358b1f25bc4f519005618afd5d33cd\",\"fulfillment_node_id\":\"fb72b6f9c1e54625a551711f6ee72714\",\"event_type\":\"updateVbIdSellingIdInventorySkipped/1\",\"update_at\":1564375526,\"stream_sequence_number\":48,\"event_data\":\"{\\\"id\\\":\\\"7337317babac45ba88c7ff47a47140ad\\\",\\\"vbId\\\":\\\"dd358b1f25bc4f519005618afd5d33cd\\\",\\\"sellingId\\\":\\\"dd358b1f25bc4f519005618afd5d33cd\\\",\\\"merchantId\\\":\\\"e43cf7756d0b4ba8a4e9046774656ce8\\\",\\\"skuId\\\":\\\"dd358b1f25bc4f519005618afd5d33cd\\\",\\\"f\\\":101,\\\"fnId\\\":\\\"fb72b6f9c1e54625a551711f6ee72714\\\",\\\"fnType\\\":\\\"wolverine\\\",\\\"by\\\":\\\"Vibranium\\\",\\\"at\\\":\\\"2019-07-29T04:45:26+00:00\\\",\\\"invUssn\\\":47,\\\"isInf\\\":false}\"}"}
{"id":"57d42e6b0b6d4a7e93972ff37ec7a11d","table":"killmonger_events_table","keyspace":"msku","timestamp":"2019-07-29T05:45:03.419Z","clusteringKeys":["fb72b6f9c1e54625a551711f6ee72714","vbIdSellingIdInventoryUpdated/1","1564378274"],"changedColumns":["selling_id","fulfillment_node_id","event_type","update_at","stream_sequence_number","event_data"],"record":"{\"selling_id\":\"57d42e6b0b6d4a7e93972ff37ec7a11d\",\"fulfillment_node_id\":\"fb72b6f9c1e54625a551711f6ee72714\",\"event_type\":\"vbIdSellingIdInventoryUpdated/1\",\"update_at\":1564378274,\"stream_sequence_number\":38,\"event_data\":\"{\\\"id\\\":\\\"f8e067223618484ba1942e51acf3d50c\\\",\\\"vbId\\\":\\\"57d42e6b0b6d4a7e93972ff37ec7a11d\\\",\\\"sellingId\\\":\\\"57d42e6b0b6d4a7e93972ff37ec7a11d\\\",\\\"merchantId\\\":\\\"e43cf7756d0b4ba8a4e9046774656ce8\\\",\\\"skuId\\\":\\\"57d42e6b0b6d4a7e93972ff37ec7a11d\\\",\\\"f\\\":107,\\\"fnId\\\":\\\"fb72b6f9c1e54625a551711f6ee72714\\\",\\\"fnType\\\":\\\"wolverine\\\",\\\"by\\\":\\\"Vibranium\\\",\\\"at\\\":\\\"2019-07-29T05:31:14+00:00\\\",\\\"invUssn\\\":51,\\\"isInf\\\":false,\\\"ifa\\\":true,\\\"martAvail\\\":[{\\\"martId\\\":\\\"21\\\",\\\"ia\\\":true}],\\\"clt\\\":\\\"JoJ\\\"}\"}"}
{"id":"f9513ae542714c15a993d8fd8977590d","table":"killmonger_events_table","keyspace":"msku","timestamp":"2019-07-29T05:45:03.419Z","clusteringKeys":["3cbcc7e28aac4f6fb0a8cde4e85483c0","vbIdSellingIdInventoryUpdated/1","1564378175"],"changedColumns":["selling_id","fulfillment_node_id","event_type","update_at","stream_sequence_number","event_data"],"record":"{\"selling_id\":\"f9513ae542714c15a993d8fd8977590d\",\"fulfillment_node_id\":\"3cbcc7e28aac4f6fb0a8cde4e85483c0\",\"event_type\":\"vbIdSellingIdInventoryUpdated/1\",\"update_at\":1564378175,\"stream_sequence_number\":94,\"event_data\":\"{\\\"id\\\":\\\"2eea97e1967443a1b9b8f2bbdec4918c\\\",\\\"vbId\\\":\\\"f9513ae542714c15a993d8fd8977590d\\\",\\\"sellingId\\\":\\\"f9513ae542714c15a993d8fd8977590d\\\",\\\"merchantId\\\":\\\"7eaf70709bf149f890dc3a845871dab4\\\",\\\"skuId\\\":\\\"f9513ae542714c15a993d8fd8977590d\\\",\\\"f\\\":559,\\\"fnId\\\":\\\"3cbcc7e28aac4f6fb0a8cde4e85483c0\\\",\\\"fnType\\\":\\\"wolverine\\\",\\\"by\\\":\\\"Vibranium\\\",\\\"at\\\":\\\"2019-07-29T05:29:35+00:00\\\",\\\"invUssn\\\":75,\\\"isInf\\\":false,\\\"ifa\\\":true,\\\"martAvail\\\":[{\\\"martId\\\":\\\"21\\\",\\\"ia\\\":true}],\\\"clt\\\":\\\"JoJ\\\"}\"}"}
{"id":"f9513ae542714c15a993d8fd8977590d","table":"killmonger_events_table","keyspace":"msku","timestamp":"2019-07-29T05:45:03.419Z","clusteringKeys":["3cbcc7e28aac4f6fb0a8cde4e85483c0","updateVbIdSellingIdInventorySkipped/1","1564378175"],"changedColumns":["selling_id","fulfillment_node_id","event_type","update_at","stream_sequence_number","event_data"],"record":"{\"selling_id\":\"f9513ae542714c15a993d8fd8977590d\",\"fulfillment_node_id\":\"3cbcc7e28aac4f6fb0a8cde4e85483c0\",\"event_type\":\"updateVbIdSellingIdInventorySkipped/1\",\"update_at\":1564378175,\"stream_sequence_number\":95,\"event_data\":\"{\\\"id\\\":\\\"2eea97e1967443a1b9b8f2bbdec4918c\\\",\\\"vbId\\\":\\\"f9513ae542714c15a993d8fd8977590d\\\",\\\"sellingId\\\":\\\"f9513ae542714c15a993d8fd8977590d\\\",\\\"merchantId\\\":\\\"7eaf70709bf149f890dc3a845871dab4\\\",\\\"skuId\\\":\\\"f9513ae542714c15a993d8fd8977590d\\\",\\\"f\\\":559,\\\"fnId\\\":\\\"3cbcc7e28aac4f6fb0a8cde4e85483c0\\\",\\\"fnType\\\":\\\"wolverine\\\",\\\"by\\\":\\\"Vibranium\\\",\\\"at\\\":\\\"2019-07-29T05:29:35+00:00\\\",\\\"invUssn\\\":75,\\\"isInf\\\":false}\"}"}
{"id":"03bf061f3e174fd4a5dda707f24e129f","table":"killmonger_events_table","keyspace":"msku","timestamp":"2019-07-29T05:44:36.948Z","clusteringKeys":["fb72b6f9c1e54625a551711f6ee72714","updateVbIdSellingIdInventorySkipped/1","1564378274"],"changedColumns":["selling_id","fulfillment_node_id","event_type","update_at","stream_sequence_number","event_data"],"record":"{\"selling_id\":\"03bf061f3e174fd4a5dda707f24e129f\",\"fulfillment_node_id\":\"fb72b6f9c1e54625a551711f6ee72714\",\"event_type\":\"updateVbIdSellingIdInventorySkipped/1\",\"update_at\":1564378274,\"stream_sequence_number\":41,\"event_data\":\"{\\\"id\\\":\\\"0202248a9bf74bfe8b4d247847877836\\\",\\\"vbId\\\":\\\"03bf061f3e174fd4a5dda707f24e129f\\\",\\\"sellingId\\\":\\\"03bf061f3e174fd4a5dda707f24e129f\\\",\\\"merchantId\\\":\\\"e43cf7756d0b4ba8a4e9046774656ce8\\\",\\\"skuId\\\":\\\"03bf061f3e174fd4a5dda707f24e129f\\\",\\\"f\\\":92,\\\"fnId\\\":\\\"fb72b6f9c1e54625a551711f6ee72714\\\",\\\"fnType\\\":\\\"wolverine\\\",\\\"by\\\":\\\"Vibranium\\\",\\\"at\\\":\\\"2019-07-29T05:31:14+00:00\\\",\\\"invUssn\\\":49,\\\"isInf\\\":false}\"}"}
{"id":"60e7fb2877cd44a19b6aa9c6ff63a7fb","table":"killmonger_events_table","keyspace":"msku","timestamp":"2019-07-29T05:44:36.948Z","clusteringKeys":["fb72b6f9c1e54625a551711f6ee72714","updateVbIdSellingIdInventorySkipped/1","1564378274"],"changedColumns":["selling_id","fulfillment_node_id","event_type","update_at","stream_sequence_number","event_data"],"record":"{\"selling_id\":\"60e7fb2877cd44a19b6aa9c6ff63a7fb\",\"fulfillment_node_id\":\"fb72b6f9c1e54625a551711f6ee72714\",\"event_type\":\"updateVbIdSellingIdInventorySkipped/1\",\"update_at\":1564378274,\"stream_sequence_number\":40,\"event_data\":\"{\\\"id\\\":\\\"0c132e25382b46c29c058d1f14bc2d1d\\\",\\\"vbId\\\":\\\"60e7fb2877cd44a19b6aa9c6ff63a7fb\\\",\\\"sellingId\\\":\\\"60e7fb2877cd44a19b6aa9c6ff63a7fb\\\",\\\"merchantId\\\":\\\"e43cf7756d0b4ba8a4e9046774656ce8\\\",\\\"skuId\\\":\\\"60e7fb2877cd44a19b6aa9c6ff63a7fb\\\",\\\"f\\\":73,\\\"fnId\\\":\\\"fb72b6f9c1e54625a551711f6ee72714\\\",\\\"fnType\\\":\\\"wolverine\\\",\\\"by\\\":\\\"Vibranium\\\",\\\"at\\\":\\\"2019-07-29T05:31:14+00:00\\\",\\\"invUssn\\\":48,\\\"isInf\\\":false}\"}"}
{"id":"60e7fb2877cd44a19b6aa9c6ff63a7fb","table":"killmonger_events_table","keyspace":"msku","timestamp":"2019-07-29T05:44:36.948Z","clusteringKeys":["fb72b6f9c1e54625a551711f6ee72714","updateVbIdSellingIdInventorySkipped/1","1564378274"],"changedColumns":["selling_id","fulfillment_node_id","event_type","update_at","stream_sequence_number","event_data"],"record":"{\"selling_id\":\"60e7fb2877cd44a19b6aa9c6ff63a7fb\",\"fulfillment_node_id\":\"fb72b6f9c1e54625a551711f6ee72714\",\"event_type\":\"updateVbIdSellingIdInventorySkipped/1\",\"update_at\":1564378274,\"stream_sequence_number\":41,\"event_data\":\"{\\\"id\\\":\\\"0c132e25382b46c29c058d1f14bc2d1d\\\",\\\"vbId\\\":\\\"60e7fb2877cd44a19b6aa9c6ff63a7fb\\\",\\\"sellingId\\\":\\\"60e7fb2877cd44a19b6aa9c6ff63a7fb\\\",\\\"merchantId\\\":\\\"e43cf7756d0b4ba8a4e9046774656ce8\\\",\\\"skuId\\\":\\\"60e7fb2877cd44a19b6aa9c6ff63a7fb\\\",\\\"f\\\":73,\\\"fnId\\\":\\\"fb72b6f9c1e54625a551711f6ee72714\\\",\\\"fnType\\\":\\\"wolverine\\\",\\\"by\\\":\\\"Vibranium\\\",\\\"at\\\":\\\"2019-07-29T05:31:14+00:00\\\",\\\"invUssn\\\":48,\\\"isInf\\\":false}\"}"}
{"id":"F303D66D1D2543D884ECCA735A6240EB","table":"killmonger_events_table","keyspace":"msku","timestamp":"2019-07-29T05:44:36.952Z","clusteringKeys":["2698","vbIdSellingIdInventoryUpdated/1","1564376136"],"changedColumns":["selling_id","fulfillment_node_id","event_type","update_at","stream_sequence_number","event_data"],"record":"{\"selling_id\":\"F303D66D1D2543D884ECCA735A6240EB\",\"fulfillment_node_id\":\"2698\",\"event_type\":\"vbIdSellingIdInventoryUpdated/1\",\"update_at\":1564376136,\"stream_sequence_number\":94,\"event_data\":\"{\\\"id\\\":\\\"21e80e594824444b87ee79090ef8da34\\\",\\\"vbId\\\":\\\"PantherMigrationVbId\\\",\\\"sellingId\\\":\\\"F303D66D1D2543D884ECCA735A6240EB\\\",\\\"merchantId\\\":\\\"9fc08905039048918982091f266c2a29\\\",\\\"skuId\\\":\\\"PantherMigrationSkuId\\\",\\\"f\\\":0,\\\"fnId\\\":\\\"2698\\\",\\\"by\\\":\\\"Killmonger.Migration.MapInWalmartInvUpdates\\\",\\\"at\\\":\\\"2019-07-29T04:55:36.33+00:00\\\",\\\"invUssn\\\":0,\\\"isInf\\\":false,\\\"ifa\\\":true,\\\"martAvail\\\":[{\\\"martId\\\":\\\"21\\\",\\\"ia\\\":true},{\\\"martId\\\":\\\"0\\\",\\\"ia\\\":true}],\\\"clt\\\":\\\"WoJ\\\"}\"}"}
{"id":"81AFEBE2D9AA4521A61F4B99CB5EEDD0","table":"killmonger_events_table","keyspace":"msku","timestamp":"2019-07-29T05:40:44.607Z","clusteringKeys":["3559","vbIdSellingIdInventoryUpdated/1","1564378909"],"changedColumns":["selling_id","fulfillment_node_id","event_type","update_at","stream_sequence_number","event_data"],"record":"{\"selling_id\":\"81AFEBE2D9AA4521A61F4B99CB5EEDD0\",\"fulfillment_node_id\":\"3559\",\"event_type\":\"vbIdSellingIdInventoryUpdated/1\",\"update_at\":1564378909,\"stream_sequence_number\":124,\"event_data\":\"{\\\"id\\\":\\\"7a6622b428fc4187a4f308ccc61b61ba\\\",\\\"vbId\\\":\\\"PantherMigrationVbId\\\",\\\"sellingId\\\":\\\"81AFEBE2D9AA4521A61F4B99CB5EEDD0\\\",\\\"merchantId\\\":\\\"9fc08905039048918982091f266c2a29\\\",\\\"skuId\\\":\\\"PantherMigrationSkuId\\\",\\\"f\\\":0,\\\"fnId\\\":\\\"3559\\\",\\\"by\\\":\\\"Killmonger.Migration.MapInWalmartInvUpdates\\\",\\\"at\\\":\\\"2019-07-29T05:41:49.357+00:00\\\",\\\"invUssn\\\":0,\\\"isInf\\\":false,\\\"ifa\\\":true,\\\"martAvail\\\":[{\\\"martId\\\":\\\"21\\\",\\\"ia\\\":true},{\\\"martId\\\":\\\"0\\\",\\\"ia\\\":true}],\\\"clt\\\":\\\"WoJ\\\"}\"}"}
{"id":"282eec84108646a7b432df65e7130ac7","table":"killmonger_events_table","keyspace":"msku","timestamp":"2019-07-29T05:40:44.608Z","clusteringKeys":["fb72b6f9c1e54625a551711f6ee72714","vbIdSellingIdInventoryUpdated/1","1564378075"],"changedColumns":["selling_id","fulfillment_node_id","event_type","update_at","stream_sequence_number","event_data"],"record":"{\"selling_id\":\"282eec84108646a7b432df65e7130ac7\",\"fulfillment_node_id\":\"fb72b6f9c1e54625a551711f6ee72714\",\"event_type\":\"vbIdSellingIdInventoryUpdated/1\",\"update_at\":1564378075,\"stream_sequence_number\":42,\"event_data\":\"{\\\"id\\\":\\\"043f0f4a33174a888262dd361d8a14c2\\\",\\\"vbId\\\":\\\"282eec84108646a7b432df65e7130ac7\\\",\\\"sellingId\\\":\\\"282eec84108646a7b432df65e7130ac7\\\",\\\"merchantId\\\":\\\"e43cf7756d0b4ba8a4e9046774656ce8\\\",\\\"skuId\\\":\\\"282eec84108646a7b432df65e7130ac7\\\",\\\"f\\\":82,\\\"fnId\\\":\\\"fb72b6f9c1e54625a551711f6ee72714\\\",\\\"fnType\\\":\\\"wolverine\\\",\\\"by\\\":\\\"Vibranium\\\",\\\"at\\\":\\\"2019-07-29T05:27:55+00:00\\\",\\\"invUssn\\\":49,\\\"isInf\\\":false,\\\"ifa\\\":true,\\\"martAvail\\\":[{\\\"martId\\\":\\\"21\\\",\\\"ia\\\":true}],\\\"clt\\\":\\\"JoJ\\\"}\"}"}
{"id":"cbb1bfd618bc4f3db76ec39ab9d1569b","table":"killmonger_events_table","keyspace":"msku","timestamp":"2019-07-29T05:45:02.366Z","clusteringKeys":["fb72b6f9c1e54625a551711f6ee72714","vbIdSellingIdInventoryUpdated/1","1564378075"],"changedColumns":["selling_id","fulfillment_node_id","event_type","update_at","stream_sequence_number","event_data"],"record":"{\"selling_id\":\"cbb1bfd618bc4f3db76ec39ab9d1569b\",\"fulfillment_node_id\":\"fb72b6f9c1e54625a551711f6ee72714\",\"event_type\":\"vbIdSellingIdInventoryUpdated/1\",\"update_at\":1564378075,\"stream_sequence_number\":38,\"event_data\":\"{\\\"id\\\":\\\"605ba84da42e4d239868b1d9f4b67c1e\\\",\\\"vbId\\\":\\\"cbb1bfd618bc4f3db76ec39ab9d1569b\\\",\\\"sellingId\\\":\\\"cbb1bfd618bc4f3db76ec39ab9d1569b\\\",\\\"merchantId\\\":\\\"e43cf7756d0b4ba8a4e9046774656ce8\\\",\\\"skuId\\\":\\\"cbb1bfd618bc4f3db76ec39ab9d1569b\\\",\\\"f\\\":103,\\\"fnId\\\":\\\"fb72b6f9c1e54625a551711f6ee72714\\\",\\\"fnType\\\":\\\"wolverine\\\",\\\"by\\\":\\\"Vibranium\\\",\\\"at\\\":\\\"2019-07-29T05:27:55+00:00\\\",\\\"invUssn\\\":50,\\\"isInf\\\":false,\\\"ifa\\\":true,\\\"martAvail\\\":[{\\\"martId\\\":\\\"21\\\",\\\"ia\\\":true}],\\\"clt\\\":\\\"JoJ\\\"}\"}"}
{"id":"836cfeb8a27f4bb0a958bd48d64dec38","table":"killmonger_events_table","keyspace":"msku","timestamp":"2019-07-29T05:45:02.366Z","clusteringKeys":["fb72b6f9c1e54625a551711f6ee72714","updateVbIdSellingIdInventorySkipped/1","1564377874"],"changedColumns":["selling_id","fulfillment_node_id","event_type","update_at","stream_sequence_number","event_data"],"record":"{\"selling_id\":\"836cfeb8a27f4bb0a958bd48d64dec38\",\"fulfillment_node_id\":\"fb72b6f9c1e54625a551711f6ee72714\",\"event_type\":\"updateVbIdSellingIdInventorySkipped/1\",\"update_at\":1564377874,\"stream_sequence_number\":44,\"event_data\":\"{\\\"id\\\":\\\"882ebc8b3a9344a0982ea11e02cbbf4a\\\",\\\"vbId\\\":\\\"836cfeb8a27f4bb0a958bd48d64dec38\\\",\\\"sellingId\\\":\\\"836cfeb8a27f4bb0a958bd48d64dec38\\\",\\\"merchantId\\\":\\\"e43cf7756d0b4ba8a4e9046774656ce8\\\",\\\"skuId\\\":\\\"836cfeb8a27f4bb0a958bd48d64dec38\\\",\\\"f\\\":84,\\\"fnId\\\":\\\"fb72b6f9c1e54625a551711f6ee72714\\\",\\\"fnType\\\":\\\"wolverine\\\",\\\"by\\\":\\\"Vibranium\\\",\\\"at\\\":\\\"2019-07-29T05:24:34+00:00\\\",\\\"invUssn\\\":49,\\\"isInf\\\":false}\"}"}
{"id":"cbb1bfd618bc4f3db76ec39ab9d1569b","table":"killmonger_events_table","keyspace":"msku","timestamp":"2019-07-29T05:45:02.366Z","clusteringKeys":["fb72b6f9c1e54625a551711f6ee72714","updateVbIdSellingIdInventorySkipped/1","1564378075"],"changedColumns":["selling_id","fulfillment_node_id","event_type","update_at","stream_sequence_number","event_data"],"record":"{\"selling_id\":\"cbb1bfd618bc4f3db76ec39ab9d1569b\",\"fulfillment_node_id\":\"fb72b6f9c1e54625a551711f6ee72714\",\"event_type\":\"updateVbIdSellingIdInventorySkipped/1\",\"update_at\":1564378075,\"stream_sequence_number\":39,\"event_data\":\"{\\\"id\\\":\\\"605ba84da42e4d239868b1d9f4b67c1e\\\",\\\"vbId\\\":\\\"cbb1bfd618bc4f3db76ec39ab9d1569b\\\",\\\"sellingId\\\":\\\"cbb1bfd618bc4f3db76ec39ab9d1569b\\\",\\\"merchantId\\\":\\\"e43cf7756d0b4ba8a4e9046774656ce8\\\",\\\"skuId\\\":\\\"cbb1bfd618bc4f3db76ec39ab9d1569b\\\",\\\"f\\\":103,\\\"fnId\\\":\\\"fb72b6f9c1e54625a551711f6ee72714\\\",\\\"fnType\\\":\\\"wolverine\\\",\\\"by\\\":\\\"Vibranium\\\",\\\"at\\\":\\\"2019-07-29T05:27:55+00:00\\\",\\\"invUssn\\\":50,\\\"isInf\\\":false}\"}"}
{"id":"282eec84108646a7b432df65e7130ac7","table":"killmonger_events_table","keyspace":"msku","timestamp":"2019-07-29T05:40:44.609Z","clusteringKeys":["fb72b6f9c1e54625a551711f6ee72714","updateVbIdSellingIdInventorySkipped/1","1564378075"],"changedColumns":["selling_id","fulfillment_node_id","event_type","update_at","stream_sequence_number","event_data"],"record":"{\"selling_id\":\"282eec84108646a7b432df65e7130ac7\",\"fulfillment_node_id\":\"fb72b6f9c1e54625a551711f6ee72714\",\"event_type\":\"updateVbIdSellingIdInventorySkipped/1\",\"update_at\":1564378075,\"stream_sequence_number\":43,\"event_data\":\"{\\\"id\\\":\\\"043f0f4a33174a888262dd361d8a14c2\\\",\\\"vbId\\\":\\\"282eec84108646a7b432df65e7130ac7\\\",\\\"sellingId\\\":\\\"282eec84108646a7b432df65e7130ac7\\\",\\\"merchantId\\\":\\\"e43cf7756d0b4ba8a4e9046774656ce8\\\",\\\"skuId\\\":\\\"282eec84108646a7b432df65e7130ac7\\\",\\\"f\\\":82,\\\"fnId\\\":\\\"fb72b6f9c1e54625a551711f6ee72714\\\",\\\"fnType\\\":\\\"wolverine\\\",\\\"by\\\":\\\"Vibranium\\\",\\\"at\\\":\\\"2019-07-29T05:27:55+00:00\\\",\\\"invUssn\\\":49,\\\"isInf\\\":false}\"}"}
{"id":"9ff2499a827245aab69f395348bccc5d","table":"killmonger_events_table","keyspace":"msku","timestamp":"2019-07-29T05:40:44.608Z","clusteringKeys":["47b464b6053f42cf9b77ba217a04da2c","vbIdSellingIdInventoryUpdated/1","1564378301"],"changedColumns":["selling_id","fulfillment_node_id","event_type","update_at","stream_sequence_number","event_data"],"record":"{\"selling_id\":\"9ff2499a827245aab69f395348bccc5d\",\"fulfillment_node_id\":\"47b464b6053f42cf9b77ba217a04da2c\",\"event_type\":\"vbIdSellingIdInventoryUpdated/1\",\"update_at\":1564378301,\"stream_sequence_number\":20834,\"event_data\":\"{\\\"id\\\":\\\"a41cd91bf05b4353a0fc4e349be55521\\\",\\\"vbId\\\":\\\"9ff2499a827245aab69f395348bccc5d\\\",\\\"sellingId\\\":\\\"9ff2499a827245aab69f395348bccc5d\\\",\\\"merchantId\\\":\\\"1a04b272fb7442f99cd04856c029a097\\\",\\\"skuId\\\":\\\"9ff2499a827245aab69f395348bccc5d\\\",\\\"f\\\":327,\\\"fnId\\\":\\\"47b464b6053f42cf9b77ba217a04da2c\\\",\\\"fnType\\\":\\\"wolverine\\\",\\\"by\\\":\\\"Vibranium\\\",\\\"at\\\":\\\"2019-07-29T05:31:41+00:00\\\",\\\"invUssn\\\":23788,\\\"isInf\\\":false,\\\"ifa\\\":true,\\\"martAvail\\\":[{\\\"martId\\\":\\\"21\\\",\\\"ia\\\":true}],\\\"clt\\\":\\\"JoJ\\\"}\"}"}
{"id":"7dae1aa8b03c4ae593998c0d7b721fdc","table":"killmonger_events_table","keyspace":"msku","timestamp":"2019-07-29T05:40:44.608Z","clusteringKeys":["3cbcc7e28aac4f6fb0a8cde4e85483c0","updateVbIdSellingIdInventorySkipped/1","1564375445"],"changedColumns":["selling_id","fulfillment_node_id","event_type","update_at","stream_sequence_number","event_data"],"record":"{\"selling_id\":\"7dae1aa8b03c4ae593998c0d7b721fdc\",\"fulfillment_node_id\":\"3cbcc7e28aac4f6fb0a8cde4e85483c0\",\"event_type\":\"updateVbIdSellingIdInventorySkipped/1\",\"update_at\":1564375445,\"stream_sequence_number\":90,\"event_data\":\"{\\\"id\\\":\\\"63f3fe7b975442788b3d0dcc6cd5bf33\\\",\\\"vbId\\\":\\\"7dae1aa8b03c4ae593998c0d7b721fdc\\\",\\\"sellingId\\\":\\\"7dae1aa8b03c4ae593998c0d7b721fdc\\\",\\\"merchantId\\\":\\\"7eaf70709bf149f890dc3a845871dab4\\\",\\\"skuId\\\":\\\"7dae1aa8b03c4ae593998c0d7b721fdc\\\",\\\"f\\\":559,\\\"fnId\\\":\\\"3cbcc7e28aac4f6fb0a8cde4e85483c0\\\",\\\"fnType\\\":\\\"wolverine\\\",\\\"by\\\":\\\"Vibranium\\\",\\\"at\\\":\\\"2019-07-29T04:44:05+00:00\\\",\\\"invUssn\\\":74,\\\"isInf\\\":false}\"}"}
{"id":"71a4675c168e45788ac98c26233296a2","table":"killmonger_events_table","keyspace":"msku","timestamp":"2019-07-29T05:45:02.368Z","clusteringKeys":["fb72b6f9c1e54625a551711f6ee72714","vbIdSellingIdInventoryUpdated/1","1564375160"],"changedColumns":["selling_id","fulfillment_node_id","event_type","update_at","stream_sequence_number","event_data"],"record":"{\"selling_id\":\"71a4675c168e45788ac98c26233296a2\",\"fulfillment_node_id\":\"fb72b6f9c1e54625a551711f6ee72714\",\"event_type\":\"vbIdSellingIdInventoryUpdated/1\",\"update_at\":1564375160,\"stream_sequence_number\":51,\"event_data\":\"{\\\"id\\\":\\\"c574d610fd164e929ac5009baef964cc\\\",\\\"vbId\\\":\\\"71a4675c168e45788ac98c26233296a2\\\",\\\"sellingId\\\":\\\"71a4675c168e45788ac98c26233296a2\\\",\\\"merchantId\\\":\\\"e43cf7756d0b4ba8a4e9046774656ce8\\\",\\\"skuId\\\":\\\"71a4675c168e45788ac98c26233296a2\\\",\\\"f\\\":102,\\\"fnId\\\":\\\"fb72b6f9c1e54625a551711f6ee72714\\\",\\\"fnType\\\":\\\"wolverine\\\",\\\"by\\\":\\\"Vibranium\\\",\\\"at\\\":\\\"2019-07-29T04:39:20+00:00\\\",\\\"invUssn\\\":49,\\\"isInf\\\":false,\\\"ifa\\\":true,\\\"martAvail\\\":[{\\\"martId\\\":\\\"21\\\",\\\"ia\\\":true}],\\\"clt\\\":\\\"JoJ\\\"}\"}"}
{"id":"DE6B44482E52414A824EE6C8CB501789","table":"killmonger_events_table","keyspace":"msku","timestamp":"2019-07-29T05:44:36.957Z","clusteringKeys":["5868","vbIdSellingIdInventoryUpdated/1","1564378910"],"changedColumns":["selling_id","fulfillment_node_id","event_type","update_at","stream_sequence_number","event_data"],"record":"{\"selling_id\":\"DE6B44482E52414A824EE6C8CB501789\",\"fulfillment_node_id\":\"5868\",\"event_type\":\"vbIdSellingIdInventoryUpdated/1\",\"update_at\":1564378910,\"stream_sequence_number\":134,\"event_data\":\"{\\\"id\\\":\\\"0fefd3bc495d4550aeffb936b6729fd4\\\",\\\"vbId\\\":\\\"PantherMigrationVbId\\\",\\\"sellingId\\\":\\\"DE6B44482E52414A824EE6C8CB501789\\\",\\\"merchantId\\\":\\\"9fc08905039048918982091f266c2a29\\\",\\\"skuId\\\":\\\"PantherMigrationSkuId\\\",\\\"f\\\":0,\\\"fnId\\\":\\\"5868\\\",\\\"by\\\":\\\"Killmonger.Migration.MapInWalmartInvUpdates\\\",\\\"at\\\":\\\"2019-07-29T05:41:50.277+00:00\\\",\\\"invUssn\\\":0,\\\"isInf\\\":false,\\\"ifa\\\":true,\\\"martAvail\\\":[{\\\"martId\\\":\\\"21\\\",\\\"ia\\\":true},{\\\"martId\\\":\\\"0\\\",\\\"ia\\\":true}],\\\"clt\\\":\\\"WoJ\\\"}\"}"}
{"id":"97C5879D5D084642A325F0D4A6C22F2C","table":"killmonger_events_table","keyspace":"msku","timestamp":"2019-07-29T05:44:36.960Z","clusteringKeys":["2379","vbIdSellingIdInventoryUpdated/1","1564378913"],"changedColumns":["selling_id","fulfillment_node_id","event_type","update_at","stream_sequence_number","event_data"],"record":"{\"selling_id\":\"97C5879D5D084642A325F0D4A6C22F2C\",\"fulfillment_node_id\":\"2379\",\"event_type\":\"vbIdSellingIdInventoryUpdated/1\",\"update_at\":1564378913,\"stream_sequence_number\":135,\"event_data\":\"{\\\"id\\\":\\\"be500a91a6314c29bd0bd1d9fe3422d0\\\",\\\"vbId\\\":\\\"PantherMigrationVbId\\\",\\\"sellingId\\\":\\\"97C5879D5D084642A325F0D4A6C22F2C\\\",\\\"merchantId\\\":\\\"9fc08905039048918982091f266c2a29\\\",\\\"skuId\\\":\\\"PantherMigrationSkuId\\\",\\\"f\\\":0,\\\"fnId\\\":\\\"2379\\\",\\\"by\\\":\\\"Killmonger.Migration.MapInWalmartInvUpdates\\\",\\\"at\\\":\\\"2019-07-29T05:41:53.297+00:00\\\",\\\"invUssn\\\":0,\\\"isInf\\\":false,\\\"ifa\\\":true,\\\"martAvail\\\":[{\\\"martId\\\":\\\"21\\\",\\\"ia\\\":true},{\\\"martId\\\":\\\"0\\\",\\\"ia\\\":true}],\\\"clt\\\":\\\"WoJ\\\"}\"}"}
{"id":"d1a93fc1b0f745c3a63d7353e0bcf32e","table":"killmonger_events_table","keyspace":"msku","timestamp":"2019-07-29T05:45:03.439Z","clusteringKeys":["fb72b6f9c1e54625a551711f6ee72714","vbIdSellingIdInventoryUpdated/1","1564378075"],"changedColumns":["selling_id","fulfillment_node_id","event_type","update_at","stream_sequence_number","event_data"],"record":"{\"selling_id\":\"d1a93fc1b0f745c3a63d7353e0bcf32e\",\"fulfillment_node_id\":\"fb72b6f9c1e54625a551711f6ee72714\",\"event_type\":\"vbIdSellingIdInventoryUpdated/1\",\"update_at\":1564378075,\"stream_sequence_number\":40,\"event_data\":\"{\\\"id\\\":\\\"51b9154a1fd54c239a57bcb492e2f6bf\\\",\\\"vbId\\\":\\\"d1a93fc1b0f745c3a63d7353e0bcf32e\\\",\\\"sellingId\\\":\\\"d1a93fc1b0f745c3a63d7353e0bcf32e\\\",\\\"merchantId\\\":\\\"e43cf7756d0b4ba8a4e9046774656ce8\\\",\\\"skuId\\\":\\\"d1a93fc1b0f745c3a63d7353e0bcf32e\\\",\\\"f\\\":90,\\\"fnId\\\":\\\"fb72b6f9c1e54625a551711f6ee72714\\\",\\\"fnType\\\":\\\"wolverine\\\",\\\"by\\\":\\\"Vibranium\\\",\\\"at\\\":\\\"2019-07-29T05:27:55+00:00\\\",\\\"invUssn\\\":49,\\\"isInf\\\":false,\\\"ifa\\\":true,\\\"martAvail\\\":[{\\\"martId\\\":\\\"21\\\",\\\"ia\\\":true}],\\\"clt\\\":\\\"JoJ\\\"}\"}"}
{"id":"9d245dec5a184689b4207cd4e646e15d","table":"killmonger_events_table","keyspace":"msku","timestamp":"2019-07-29T05:45:03.440Z","clusteringKeys":["3c7beb6b624d4fbeb1ed93c5c9cd3f45","vbIdSellingIdInventoryUpdated/1","1564375589"],"changedColumns":["selling_id","fulfillment_node_id","event_type","update_at","stream_sequence_number","event_data"],"record":"{\"selling_id\":\"9d245dec5a184689b4207cd4e646e15d\",\"fulfillment_node_id\":\"3c7beb6b624d4fbeb1ed93c5c9cd3f45\",\"event_type\":\"vbIdSellingIdInventoryUpdated/1\",\"update_at\":1564375589,\"stream_sequence_number\":1214,\"event_data\":\"{\\\"id\\\":\\\"9cd8e5094cdb4ec18d519eeaf15f5da1\\\",\\\"vbId\\\":\\\"9d245dec5a184689b4207cd4e646e15d\\\",\\\"sellingId\\\":\\\"9d245dec5a184689b4207cd4e646e15d\\\",\\\"merchantId\\\":\\\"c5de2942cbcd4bd994291ca08e748813\\\",\\\"skuId\\\":\\\"9d245dec5a184689b4207cd4e646e15d\\\",\\\"f\\\":3,\\\"fnId\\\":\\\"3c7beb6b624d4fbeb1ed93c5c9cd3f45\\\",\\\"fnType\\\":\\\"wolverine\\\",\\\"by\\\":\\\"Vibranium\\\",\\\"at\\\":\\\"2019-07-29T04:46:29+00:00\\\",\\\"invUssn\\\":1388,\\\"isInf\\\":false,\\\"ifa\\\":true,\\\"martAvail\\\":[{\\\"martId\\\":\\\"21\\\",\\\"ia\\\":true}],\\\"clt\\\":\\\"JoJ\\\"}\"}"}
{"id":"f51dd768dfa743e592a858398d0f04c9","table":"killmonger_events_table","keyspace":"msku","timestamp":"2019-07-29T05:45:03.438Z","clusteringKeys":["7d029b0996bd4f16bbd74454bab3ab2e","vbIdSellingIdInventoryUpdated/1","1564378274"],"changedColumns":["selling_id","fulfillment_node_id","event_type","update_at","stream_sequence_number","event_data"],"record":"{\"selling_id\":\"f51dd768dfa743e592a858398d0f04c9\",\"fulfillment_node_id\":\"7d029b0996bd4f16bbd74454bab3ab2e\",\"event_type\":\"vbIdSellingIdInventoryUpdated/1\",\"update_at\":1564378274,\"stream_sequence_number\":44,\"event_data\":\"{\\\"id\\\":\\\"386e44a345a74ca9bdf46c27e4aa2381\\\",\\\"vbId\\\":\\\"f51dd768dfa743e592a858398d0f04c9\\\",\\\"sellingId\\\":\\\"f51dd768dfa743e592a858398d0f04c9\\\",\\\"merchantId\\\":\\\"e43cf7756d0b4ba8a4e9046774656ce8\\\",\\\"skuId\\\":\\\"f51dd768dfa743e592a858398d0f04c9\\\",\\\"f\\\":72,\\\"fnId\\\":\\\"7d029b0996bd4f16bbd74454bab3ab2e\\\",\\\"fnType\\\":\\\"wolverine\\\",\\\"by\\\":\\\"Vibranium\\\",\\\"at\\\":\\\"2019-07-29T05:31:14+00:00\\\",\\\"invUssn\\\":53,\\\"isInf\\\":false,\\\"ifa\\\":true,\\\"martAvail\\\":[{\\\"martId\\\":\\\"21\\\",\\\"ia\\\":true}],\\\"clt\\\":\\\"JoJ\\\"}\"}"}
{"id":"67A6A6068D344C3C9EA6003AE40283AE","table":"killmonger_events_table","keyspace":"msku","timestamp":"2019-07-29T05:45:03.439Z","clusteringKeys":["2750","vbIdSellingIdInventoryUpdated/1","1564378909"],"changedColumns":["selling_id","fulfillment_node_id","event_type","update_at","stream_sequence_number","event_data"],"record":"{\"selling_id\":\"67A6A6068D344C3C9EA6003AE40283AE\",\"fulfillment_node_id\":\"2750\",\"event_type\":\"vbIdSellingIdInventoryUpdated/1\",\"update_at\":1564378909,\"stream_sequence_number\":85,\"event_data\":\"{\\\"id\\\":\\\"b3da30f7e7b0477e9b3d58da689ef5b9\\\",\\\"vbId\\\":\\\"PantherMigrationVbId\\\",\\\"sellingId\\\":\\\"67A6A6068D344C3C9EA6003AE40283AE\\\",\\\"merchantId\\\":\\\"9fc08905039048918982091f266c2a29\\\",\\\"skuId\\\":\\\"PantherMigrationSkuId\\\",\\\"f\\\":0,\\\"fnId\\\":\\\"2750\\\",\\\"by\\\":\\\"Killmonger.Migration.MapInWalmartInvUpdates\\\",\\\"at\\\":\\\"2019-07-29T05:41:49.716+00:00\\\",\\\"invUssn\\\":0,\\\"isInf\\\":false,\\\"ifa\\\":true,\\\"martAvail\\\":[{\\\"martId\\\":\\\"21\\\",\\\"ia\\\":true},{\\\"martId\\\":\\\"0\\\",\\\"ia\\\":true}],\\\"clt\\\":\\\"WoJ\\\"}\"}"}
{"id":"342276861bb04285a6cfe63fedcd9fdc","table":"killmonger_events_table","keyspace":"msku","timestamp":"2019-07-29T05:40:44.629Z","clusteringKeys":["7d029b0996bd4f16bbd74454bab3ab2e","vbIdSellingIdInventoryUpdated/1","1564378479"],"changedColumns":["selling_id","fulfillment_node_id","event_type","update_at","stream_sequence_number","event_data"],"record":"{\"selling_id\":\"342276861bb04285a6cfe63fedcd9fdc\",\"fulfillment_node_id\":\"7d029b0996bd4f16bbd74454bab3ab2e\",\"event_type\":\"vbIdSellingIdInventoryUpdated/1\",\"update_at\":1564378479,\"stream_sequence_number\":40,\"event_data\":\"{\\\"id\\\":\\\"e264fac48f144e3ab2c2713ad029b238\\\",\\\"vbId\\\":\\\"342276861bb04285a6cfe63fedcd9fdc\\\",\\\"sellingId\\\":\\\"342276861bb04285a6cfe63fedcd9fdc\\\",\\\"merchantId\\\":\\\"e43cf7756d0b4ba8a4e9046774656ce8\\\",\\\"skuId\\\":\\\"342276861bb04285a6cfe63fedcd9fdc\\\",\\\"f\\\":136,\\\"fnId\\\":\\\"7d029b0996bd4f16bbd74454bab3ab2e\\\",\\\"fnType\\\":\\\"wolverine\\\",\\\"by\\\":\\\"Vibranium\\\",\\\"at\\\":\\\"2019-07-29T05:34:39+00:00\\\",\\\"invUssn\\\":51,\\\"isInf\\\":false,\\\"ifa\\\":true,\\\"martAvail\\\":[{\\\"martId\\\":\\\"21\\\",\\\"ia\\\":true}],\\\"clt\\\":\\\"JoJ\\\"}\"}"}
{"id":"21e4b87ac07b4277a375693c545f009b","table":"killmonger_events_table","keyspace":"msku","timestamp":"2019-07-29T05:45:03.442Z","clusteringKeys":["1ad6147479b841849d63874b2a9e6552","vbIdSellingIdInventoryUpdated/1","1564378021"],"changedColumns":["selling_id","fulfillment_node_id","event_type","update_at","stream_sequence_number","event_data"],"record":"{\"selling_id\":\"21e4b87ac07b4277a375693c545f009b\",\"fulfillment_node_id\":\"1ad6147479b841849d63874b2a9e6552\",\"event_type\":\"vbIdSellingIdInventoryUpdated/1\",\"update_at\":1564378021,\"stream_sequence_number\":4541,\"event_data\":\"{\\\"id\\\":\\\"bf9ca9337e324371a51138b791e123db\\\",\\\"vbId\\\":\\\"21e4b87ac07b4277a375693c545f009b\\\",\\\"sellingId\\\":\\\"21e4b87ac07b4277a375693c545f009b\\\",\\\"merchantId\\\":\\\"a1cd8976329a41ae85739f65376fc756\\\",\\\"skuId\\\":\\\"21e4b87ac07b4277a375693c545f009b\\\",\\\"f\\\":2,\\\"fnId\\\":\\\"1ad6147479b841849d63874b2a9e6552\\\",\\\"fnType\\\":\\\"wolverine\\\",\\\"by\\\":\\\"Vibranium\\\",\\\"at\\\":\\\"2019-07-29T05:27:01+00:00\\\",\\\"invUssn\\\":5544,\\\"isInf\\\":false,\\\"ifa\\\":true,\\\"martAvail\\\":[{\\\"martId\\\":\\\"21\\\",\\\"ia\\\":true}],\\\"clt\\\":\\\"JoJ\\\"}\"}"}
{"id":"21e4b87ac07b4277a375693c545f009b","table":"killmonger_events_table","keyspace":"msku","timestamp":"2019-07-29T05:45:03.442Z","clusteringKeys":["1ad6147479b841849d63874b2a9e6552","vbIdSellingIdInventoryUpdated/1","1564378021"],"changedColumns":["selling_id","fulfillment_node_id","event_type","update_at","stream_sequence_number","event_data"],"record":"{\"selling_id\":\"21e4b87ac07b4277a375693c545f009b\",\"fulfillment_node_id\":\"1ad6147479b841849d63874b2a9e6552\",\"event_type\":\"vbIdSellingIdInventoryUpdated/1\",\"update_at\":1564378021,\"stream_sequence_number\":4542,\"event_data\":\"{\\\"id\\\":\\\"d8005592dcf247f1abf422f364dd27d7\\\",\\\"vbId\\\":\\\"21e4b87ac07b4277a375693c545f009b\\\",\\\"sellingId\\\":\\\"21e4b87ac07b4277a375693c545f009b\\\",\\\"merchantId\\\":\\\"a1cd8976329a41ae85739f65376fc756\\\",\\\"skuId\\\":\\\"21e4b87ac07b4277a375693c545f009b\\\",\\\"f\\\":2,\\\"fnId\\\":\\\"1ad6147479b841849d63874b2a9e6552\\\",\\\"fnType\\\":\\\"wolverine\\\",\\\"by\\\":\\\"Vibranium\\\",\\\"at\\\":\\\"2019-07-29T05:27:01+00:00\\\",\\\"invUssn\\\":5545,\\\"isInf\\\":false,\\\"ifa\\\":true,\\\"martAvail\\\":[{\\\"martId\\\":\\\"21\\\",\\\"ia\\\":true}],\\\"clt\\\":\\\"JoJ\\\"}\"}"}
{"id":"09b5c5de9a114875a88399983dba9c2c","table":"killmonger_events_table","keyspace":"msku","timestamp":"2019-07-29T05:45:02.390Z","clusteringKeys":["fb72b6f9c1e54625a551711f6ee72714","vbIdSellingIdInventoryUpdated/1","1564375344"],"changedColumns":["selling_id","fulfillment_node_id","event_type","update_at","stream_sequence_number","event_data"],"record":"{\"selling_id\":\"09b5c5de9a114875a88399983dba9c2c\",\"fulfillment_node_id\":\"fb72b6f9c1e54625a551711f6ee72714\",\"event_type\":\"vbIdSellingIdInventoryUpdated/1\",\"update_at\":1564375344,\"stream_sequence_number\":47,\"event_data\":\"{\\\"id\\\":\\\"37632c767bea4e95a9efbef1cb3be2b9\\\",\\\"vbId\\\":\\\"09b5c5de9a114875a88399983dba9c2c\\\",\\\"sellingId\\\":\\\"09b5c5de9a114875a88399983dba9c2c\\\",\\\"merchantId\\\":\\\"e43cf7756d0b4ba8a4e9046774656ce8\\\",\\\"skuId\\\":\\\"09b5c5de9a114875a88399983dba9c2c\\\",\\\"f\\\":119,\\\"fnId\\\":\\\"fb72b6f9c1e54625a551711f6ee72714\\\",\\\"fnType\\\":\\\"wolverine\\\",\\\"by\\\":\\\"Vibranium\\\",\\\"at\\\":\\\"2019-07-29T04:42:24+00:00\\\",\\\"invUssn\\\":50,\\\"isInf\\\":false,\\\"ifa\\\":true,\\\"martAvail\\\":[{\\\"martId\\\":\\\"21\\\",\\\"ia\\\":true}],\\\"clt\\\":\\\"JoJ\\\"}\"}"}
{"id":"09b5c5de9a114875a88399983dba9c2c","table":"killmonger_events_table","keyspace":"msku","timestamp":"2019-07-29T05:45:02.390Z","clusteringKeys":["fb72b6f9c1e54625a551711f6ee72714","updateVbIdSellingIdInventorySkipped/1","1564375344"],"changedColumns":["selling_id","fulfillment_node_id","event_type","update_at","stream_sequence_number","event_data"],"record":"{\"selling_id\":\"09b5c5de9a114875a88399983dba9c2c\",\"fulfillment_node_id\":\"fb72b6f9c1e54625a551711f6ee72714\",\"event_type\":\"updateVbIdSellingIdInventorySkipped/1\",\"update_at\":1564375344,\"stream_sequence_number\":48,\"event_data\":\"{\\\"id\\\":\\\"22fbd2b955d84b2597f97496ecea8a2c\\\",\\\"vbId\\\":\\\"09b5c5de9a114875a88399983dba9c2c\\\",\\\"sellingId\\\":\\\"09b5c5de9a114875a88399983dba9c2c\\\",\\\"merchantId\\\":\\\"e43cf7756d0b4ba8a4e9046774656ce8\\\",\\\"skuId\\\":\\\"09b5c5de9a114875a88399983dba9c2c\\\",\\\"f\\\":119,\\\"fnId\\\":\\\"fb72b6f9c1e54625a551711f6ee72714\\\",\\\"fnType\\\":\\\"wolverine\\\",\\\"by\\\":\\\"Vibranium\\\",\\\"at\\\":\\\"2019-07-29T04:42:24+00:00\\\",\\\"invUssn\\\":50,\\\"isInf\\\":false}\"}"}
{"id":"d671db474dbf4a70afeebc46b356858c","table":"killmonger_events_table","keyspace":"msku","timestamp":"2019-07-29T05:45:03.443Z","clusteringKeys":["1ad6147479b841849d63874b2a9e6552","vbIdSellingIdInventoryUpdated/1","1564378021"],"changedColumns":["selling_id","fulfillment_node_id","event_type","update_at","stream_sequence_number","event_data"],"record":"{\"selling_id\":\"d671db474dbf4a70afeebc46b356858c\",\"fulfillment_node_id\":\"1ad6147479b841849d63874b2a9e6552\",\"event_type\":\"vbIdSellingIdInventoryUpdated/1\",\"update_at\":1564378021,\"stream_sequence_number\":2794,\"event_data\":\"{\\\"id\\\":\\\"865f83e43f694aa4bbd9e759cf608872\\\",\\\"vbId\\\":\\\"d671db474dbf4a70afeebc46b356858c\\\",\\\"sellingId\\\":\\\"d671db474dbf4a70afeebc46b356858c\\\",\\\"merchantId\\\":\\\"a1cd8976329a41ae85739f65376fc756\\\",\\\"skuId\\\":\\\"d671db474dbf4a70afeebc46b356858c\\\",\\\"f\\\":3,\\\"fnId\\\":\\\"1ad6147479b841849d63874b2a9e6552\\\",\\\"fnType\\\":\\\"wolverine\\\",\\\"by\\\":\\\"Vibranium\\\",\\\"at\\\":\\\"2019-07-29T05:27:01+00:00\\\",\\\"invUssn\\\":2363,\\\"isInf\\\":false,\\\"ifa\\\":true,\\\"martAvail\\\":[{\\\"martId\\\":\\\"21\\\",\\\"ia\\\":true}],\\\"clt\\\":\\\"JoJ\\\"}\"}"}
{"id":"F43CB8DB37D14864B4FC7F2DB4A7EB3A","table":"killmonger_events_table","keyspace":"msku","timestamp":"2019-07-29T05:44:36.970Z","clusteringKeys":["2738","vbIdSellingIdInventoryUpdated/1","1564378910"],"changedColumns":["selling_id","fulfillment_node_id","event_type","update_at","stream_sequence_number","event_data"],"record":"{\"selling_id\":\"F43CB8DB37D14864B4FC7F2DB4A7EB3A\",\"fulfillment_node_id\":\"2738\",\"event_type\":\"vbIdSellingIdInventoryUpdated/1\",\"update_at\":1564378910,\"stream_sequence_number\":134,\"event_data\":\"{\\\"id\\\":\\\"d9703b7d696c4998b67be27887d4e263\\\",\\\"vbId\\\":\\\"PantherMigrationVbId\\\",\\\"sellingId\\\":\\\"F43CB8DB37D14864B4FC7F2DB4A7EB3A\\\",\\\"merchantId\\\":\\\"9fc08905039048918982091f266c2a29\\\",\\\"skuId\\\":\\\"PantherMigrationSkuId\\\",\\\"f\\\":0,\\\"fnId\\\":\\\"2738\\\",\\\"by\\\":\\\"Killmonger.Migration.MapInWalmartInvUpdates\\\",\\\"at\\\":\\\"2019-07-29T05:41:50.258+00:00\\\",\\\"invUssn\\\":0,\\\"isInf\\\":false,\\\"ifa\\\":true,\\\"martAvail\\\":[{\\\"martId\\\":\\\"21\\\",\\\"ia\\\":true},{\\\"martId\\\":\\\"0\\\",\\\"ia\\\":true}],\\\"clt\\\":\\\"WoJ\\\"}\"}"}
{"id":"d1c4b1a8a5db4cb881f67690775bd2b2","table":"killmonger_events_table","keyspace":"msku","timestamp":"2019-07-29T05:45:02.399Z","clusteringKeys":["d0ef4a62b8e2415d90b6d199de88b19e","vbIdSellingIdInventoryUpdated/1","1564378191"],"changedColumns":["selling_id","fulfillment_node_id","event_type","update_at","stream_sequence_number","event_data"],"record":"{\"selling_id\":\"d1c4b1a8a5db4cb881f67690775bd2b2\",\"fulfillment_node_id\":\"d0ef4a62b8e2415d90b6d199de88b19e\",\"event_type\":\"vbIdSellingIdInventoryUpdated/1\",\"update_at\":1564378191,\"stream_sequence_number\":203,\"event_data\":\"{\\\"id\\\":\\\"18b8b9d5c1664b389e4720d54dd0c1c4\\\",\\\"vbId\\\":\\\"d1c4b1a8a5db4cb881f67690775bd2b2\\\",\\\"sellingId\\\":\\\"d1c4b1a8a5db4cb881f67690775bd2b2\\\",\\\"merchantId\\\":\\\"3e501c03d2ff4810a391b9fd196d59f4\\\",\\\"skuId\\\":\\\"d1c4b1a8a5db4cb881f67690775bd2b2\\\",\\\"f\\\":25,\\\"fnId\\\":\\\"d0ef4a62b8e2415d90b6d199de88b19e\\\",\\\"fnType\\\":\\\"wolverine\\\",\\\"by\\\":\\\"Vibranium\\\",\\\"at\\\":\\\"2019-07-29T05:29:51+00:00\\\",\\\"invUssn\\\":208,\\\"isInf\\\":false,\\\"ifa\\\":true,\\\"martAvail\\\":[{\\\"martId\\\":\\\"21\\\",\\\"ia\\\":true}],\\\"clt\\\":\\\"JoJ\\\"}\"}"}
{"id":"d1c4b1a8a5db4cb881f67690775bd2b2","table":"killmonger_events_table","keyspace":"msku","timestamp":"2019-07-29T05:45:02.399Z","clusteringKeys":["d0ef4a62b8e2415d90b6d199de88b19e","updateVbIdSellingIdInventorySkipped/1","1564378191"],"changedColumns":["selling_id","fulfillment_node_id","event_type","update_at","stream_sequence_number","event_data"],"record":"{\"selling_id\":\"d1c4b1a8a5db4cb881f67690775bd2b2\",\"fulfillment_node_id\":\"d0ef4a62b8e2415d90b6d199de88b19e\",\"event_type\":\"updateVbIdSellingIdInventorySkipped/1\",\"update_at\":1564378191,\"stream_sequence_number\":204,\"event_data\":\"{\\\"id\\\":\\\"18b8b9d5c1664b389e4720d54dd0c1c4\\\",\\\"vbId\\\":\\\"d1c4b1a8a5db4cb881f67690775bd2b2\\\",\\\"sellingId\\\":\\\"d1c4b1a8a5db4cb881f67690775bd2b2\\\",\\\"merchantId\\\":\\\"3e501c03d2ff4810a391b9fd196d59f4\\\",\\\"skuId\\\":\\\"d1c4b1a8a5db4cb881f67690775bd2b2\\\",\\\"f\\\":25,\\\"fnId\\\":\\\"d0ef4a62b8e2415d90b6d199de88b19e\\\",\\\"fnType\\\":\\\"wolverine\\\",\\\"by\\\":\\\"Vibranium\\\",\\\"at\\\":\\\"2019-07-29T05:29:51+00:00\\\",\\\"invUssn\\\":208,\\\"isInf\\\":false}\"}"}
{"id":"d1c4b1a8a5db4cb881f67690775bd2b2","table":"killmonger_events_table","keyspace":"msku","timestamp":"2019-07-29T05:45:02.399Z","clusteringKeys":["d0ef4a62b8e2415d90b6d199de88b19e","updateVbIdSellingIdInventorySkipped/1","1564378191"],"changedColumns":["selling_id","fulfillment_node_id","event_type","update_at","stream_sequence_number","event_data"],"record":"{\"selling_id\":\"d1c4b1a8a5db4cb881f67690775bd2b2\",\"fulfillment_node_id\":\"d0ef4a62b8e2415d90b6d199de88b19e\",\"event_type\":\"updateVbIdSellingIdInventorySkipped/1\",\"update_at\":1564378191,\"stream_sequence_number\":205,\"event_data\":\"{\\\"id\\\":\\\"18b8b9d5c1664b389e4720d54dd0c1c4\\\",\\\"vbId\\\":\\\"d1c4b1a8a5db4cb881f67690775bd2b2\\\",\\\"sellingId\\\":\\\"d1c4b1a8a5db4cb881f67690775bd2b2\\\",\\\"merchantId\\\":\\\"3e501c03d2ff4810a391b9fd196d59f4\\\",\\\"skuId\\\":\\\"d1c4b1a8a5db4cb881f67690775bd2b2\\\",\\\"f\\\":25,\\\"fnId\\\":\\\"d0ef4a62b8e2415d90b6d199de88b19e\\\",\\\"fnType\\\":\\\"wolverine\\\",\\\"by\\\":\\\"Vibranium\\\",\\\"at\\\":\\\"2019-07-29T05:29:51+00:00\\\",\\\"invUssn\\\":208,\\\"isInf\\\":false}\"}"}
{"id":"6ca6d12fed724c7b83f91b7ed498e5b2","table":"killmonger_events_table","keyspace":"msku","timestamp":"2019-07-29T05:45:03.447Z","clusteringKeys":["fb72b6f9c1e54625a551711f6ee72714","vbIdSellingIdInventoryUpdated/1","1564378274"],"changedColumns":["selling_id","fulfillment_node_id","event_type","update_at","stream_sequence_number","event_data"],"record":"{\"selling_id\":\"6ca6d12fed724c7b83f91b7ed498e5b2\",\"fulfillment_node_id\":\"fb72b6f9c1e54625a551711f6ee72714\",\"event_type\":\"vbIdSellingIdInventoryUpdated/1\",\"update_at\":1564378274,\"stream_sequence_number\":39,\"event_data\":\"{\\\"id\\\":\\\"5f8d58c8b3224a5cac0fde8805db9eb6\\\",\\\"vbId\\\":\\\"6ca6d12fed724c7b83f91b7ed498e5b2\\\",\\\"sellingId\\\":\\\"6ca6d12fed724c7b83f91b7ed498e5b2\\\",\\\"merchantId\\\":\\\"e43cf7756d0b4ba8a4e9046774656ce8\\\",\\\"skuId\\\":\\\"6ca6d12fed724c7b83f91b7ed498e5b2\\\",\\\"f\\\":76,\\\"fnId\\\":\\\"fb72b6f9c1e54625a551711f6ee72714\\\",\\\"fnType\\\":\\\"wolverine\\\",\\\"by\\\":\\\"Vibranium\\\",\\\"at\\\":\\\"2019-07-29T05:31:14+00:00\\\",\\\"invUssn\\\":52,\\\"isInf\\\":false,\\\"ifa\\\":true,\\\"martAvail\\\":[{\\\"martId\\\":\\\"21\\\",\\\"ia\\\":true}],\\\"clt\\\":\\\"JoJ\\\"}\"}"}
{"id":"B2DE0A0A6739475C9B29198C5F68942D","table":"killmonger_events_table","keyspace":"msku","timestamp":"2019-07-29T05:45:03.447Z","clusteringKeys":["8302","vbIdSellingIdInventoryUpdated/1","1564378911"],"changedColumns":["selling_id","fulfillment_node_id","event_type","update_at","stream_sequence_number","event_data"],"record":"{\"selling_id\":\"B2DE0A0A6739475C9B29198C5F68942D\",\"fulfillment_node_id\":\"8302\",\"event_type\":\"vbIdSellingIdInventoryUpdated/1\",\"update_at\":1564378911,\"stream_sequence_number\":171,\"event_data\":\"{\\\"id\\\":\\\"0864cf6b7c984086a826105fe9c2b1ee\\\",\\\"vbId\\\":\\\"PantherMigrationVbId\\\",\\\"sellingId\\\":\\\"B2DE0A0A6739475C9B29198C5F68942D\\\",\\\"merchantId\\\":\\\"9fc08905039048918982091f266c2a29\\\",\\\"skuId\\\":\\\"PantherMigrationSkuId\\\",\\\"f\\\":0,\\\"fnId\\\":\\\"8302\\\",\\\"by\\\":\\\"Killmonger.Migration.MapInWalmartInvUpdates\\\",\\\"at\\\":\\\"2019-07-29T05:41:51.73+00:00\\\",\\\"invUssn\\\":0,\\\"isInf\\\":false,\\\"ifa\\\":true,\\\"martAvail\\\":[{\\\"martId\\\":\\\"21\\\",\\\"ia\\\":true},{\\\"martId\\\":\\\"0\\\",\\\"ia\\\":true}],\\\"clt\\\":\\\"WoJ\\\"}\"}"}
{"id":"B2DE0A0A6739475C9B29198C5F68942D","table":"killmonger_events_table","keyspace":"msku","timestamp":"2019-07-29T05:45:03.447Z","clusteringKeys":["8302","vbIdSellingIdInventoryUpdated/1","1564378911"],"changedColumns":["selling_id","fulfillment_node_id","event_type","update_at","stream_sequence_number","event_data"],"record":"{\"selling_id\":\"B2DE0A0A6739475C9B29198C5F68942D\",\"fulfillment_node_id\":\"8302\",\"event_type\":\"vbIdSellingIdInventoryUpdated/1\",\"update_at\":1564378911,\"stream_sequence_number\":172,\"event_data\":\"{\\\"id\\\":\\\"0864cf6b7c984086a826105fe9c2b1ee\\\",\\\"vbId\\\":\\\"PantherMigrationVbId\\\",\\\"sellingId\\\":\\\"B2DE0A0A6739475C9B29198C5F68942D\\\",\\\"merchantId\\\":\\\"9fc08905039048918982091f266c2a29\\\",\\\"skuId\\\":\\\"PantherMigrationSkuId\\\",\\\"f\\\":0,\\\"fnId\\\":\\\"8302\\\",\\\"by\\\":\\\"Killmonger.Migration.MapInWalmartInvUpdates\\\",\\\"at\\\":\\\"2019-07-29T05:41:51.73+00:00\\\",\\\"invUssn\\\":0,\\\"isInf\\\":false,\\\"ifa\\\":true,\\\"martAvail\\\":[{\\\"martId\\\":\\\"21\\\",\\\"ia\\\":true},{\\\"martId\\\":\\\"0\\\",\\\"ia\\\":true}],\\\"clt\\\":\\\"WoJ\\\"}\"}"}
{"id":"1e9cb04f87b64269983294724266b34b","table":"killmonger_events_table","keyspace":"msku","timestamp":"2019-07-29T05:44:36.968Z","clusteringKeys":["42c86f166857408dadca79a5f0766738","vbIdSellingIdInventoryUpdated/1","1564378166"],"changedColumns":["selling_id","fulfillment_node_id","event_type","update_at","stream_sequence_number","event_data"],"record":"{\"selling_id\":\"1e9cb04f87b64269983294724266b34b\",\"fulfillment_node_id\":\"42c86f166857408dadca79a5f0766738\",\"event_type\":\"vbIdSellingIdInventoryUpdated/1\",\"update_at\":1564378166,\"stream_sequence_number\":190,\"event_data\":\"{\\\"id\\\":\\\"81930e0169724dc1926623200d0e2ea3\\\",\\\"vbId\\\":\\\"1e9cb04f87b64269983294724266b34b\\\",\\\"sellingId\\\":\\\"1e9cb04f87b64269983294724266b34b\\\",\\\"merchantId\\\":\\\"d1e151d0c15e4034958fa7221d0ea30b\\\",\\\"skuId\\\":\\\"1e9cb04f87b64269983294724266b34b\\\",\\\"f\\\":10,\\\"fnId\\\":\\\"42c86f166857408dadca79a5f0766738\\\",\\\"fnType\\\":\\\"wolverine\\\",\\\"by\\\":\\\"Vibranium\\\",\\\"at\\\":\\\"2019-07-29T05:29:26+00:00\\\",\\\"invUssn\\\":205,\\\"isInf\\\":false,\\\"ifa\\\":true,\\\"martAvail\\\":[{\\\"martId\\\":\\\"21\\\",\\\"ia\\\":true}],\\\"clt\\\":\\\"JoJ\\\"}\"}"}
{"id":"1e9cb04f87b64269983294724266b34b","table":"killmonger_events_table","keyspace":"msku","timestamp":"2019-07-29T05:44:36.968Z","clusteringKeys":["42c86f166857408dadca79a5f0766738","updateVbIdSellingIdInventorySkipped/1","1564378166"],"changedColumns":["selling_id","fulfillment_node_id","event_type","update_at","stream_sequence_number","event_data"],"record":"{\"selling_id\":\"1e9cb04f87b64269983294724266b34b\",\"fulfillment_node_id\":\"42c86f166857408dadca79a5f0766738\",\"event_type\":\"updateVbIdSellingIdInventorySkipped/1\",\"update_at\":1564378166,\"stream_sequence_number\":191,\"event_data\":\"{\\\"id\\\":\\\"81930e0169724dc1926623200d0e2ea3\\\",\\\"vbId\\\":\\\"1e9cb04f87b64269983294724266b34b\\\",\\\"sellingId\\\":\\\"1e9cb04f87b64269983294724266b34b\\\",\\\"merchantId\\\":\\\"d1e151d0c15e4034958fa7221d0ea30b\\\",\\\"skuId\\\":\\\"1e9cb04f87b64269983294724266b34b\\\",\\\"f\\\":10,\\\"fnId\\\":\\\"42c86f166857408dadca79a5f0766738\\\",\\\"fnType\\\":\\\"wolverine\\\",\\\"by\\\":\\\"Vibranium\\\",\\\"at\\\":\\\"2019-07-29T05:29:26+00:00\\\",\\\"invUssn\\\":205,\\\"isInf\\\":false}\"}"}
{"id":"4927277d86ca420dba9402dfc03665c0","table":"killmonger_events_table","keyspace":"msku","timestamp":"2019-07-29T05:45:03.449Z","clusteringKeys":["fb72b6f9c1e54625a551711f6ee72714","vbIdSellingIdInventoryUpdated/1","1564378274"],"changedColumns":["selling_id","fulfillment_node_id","event_type","update_at","stream_sequence_number","event_data"],"record":"{\"selling_id\":\"4927277d86ca420dba9402dfc03665c0\",\"fulfillment_node_id\":\"fb72b6f9c1e54625a551711f6ee72714\",\"event_type\":\"vbIdSellingIdInventoryUpdated/1\",\"update_at\":1564378274,\"stream_sequence_number\":38,\"event_data\":\"{\\\"id\\\":\\\"d179ccc2c99d4c0682ac2cc9cab172e5\\\",\\\"vbId\\\":\\\"4927277d86ca420dba9402dfc03665c0\\\",\\\"sellingId\\\":\\\"4927277d86ca420dba9402dfc03665c0\\\",\\\"merchantId\\\":\\\"e43cf7756d0b4ba8a4e9046774656ce8\\\",\\\"skuId\\\":\\\"4927277d86ca420dba9402dfc03665c0\\\",\\\"f\\\":134,\\\"fnId\\\":\\\"fb72b6f9c1e54625a551711f6ee72714\\\",\\\"fnType\\\":\\\"wolverine\\\",\\\"by\\\":\\\"Vibranium\\\",\\\"at\\\":\\\"2019-07-29T05:31:14+00:00\\\",\\\"invUssn\\\":52,\\\"isInf\\\":false,\\\"ifa\\\":true,\\\"martAvail\\\":[{\\\"martId\\\":\\\"21\\\",\\\"ia\\\":true}],\\\"clt\\\":\\\"JoJ\\\"}\"}"}
{"id":"82048551eb4a4135999adef6a1bd03ed","table":"killmonger_events_table","keyspace":"msku","timestamp":"2019-07-29T05:45:02.401Z","clusteringKeys":["7d029b0996bd4f16bbd74454bab3ab2e","vbIdSellingIdInventoryUpdated/1","1564378479"],"changedColumns":["selling_id","fulfillment_node_id","event_type","update_at","stream_sequence_number","event_data"],"record":"{\"selling_id\":\"82048551eb4a4135999adef6a1bd03ed\",\"fulfillment_node_id\":\"7d029b0996bd4f16bbd74454bab3ab2e\",\"event_type\":\"vbIdSellingIdInventoryUpdated/1\",\"update_at\":1564378479,\"stream_sequence_number\":41,\"event_data\":\"{\\\"id\\\":\\\"bb817bebdb724506b3b1bed395166926\\\",\\\"vbId\\\":\\\"82048551eb4a4135999adef6a1bd03ed\\\",\\\"sellingId\\\":\\\"82048551eb4a4135999adef6a1bd03ed\\\",\\\"merchantId\\\":\\\"e43cf7756d0b4ba8a4e9046774656ce8\\\",\\\"skuId\\\":\\\"82048551eb4a4135999adef6a1bd03ed\\\",\\\"f\\\":73,\\\"fnId\\\":\\\"7d029b0996bd4f16bbd74454bab3ab2e\\\",\\\"fnType\\\":\\\"wolverine\\\",\\\"by\\\":\\\"Vibranium\\\",\\\"at\\\":\\\"2019-07-29T05:34:39+00:00\\\",\\\"invUssn\\\":49,\\\"isInf\\\":false,\\\"ifa\\\":true,\\\"martAvail\\\":[{\\\"martId\\\":\\\"21\\\",\\\"ia\\\":true}],\\\"clt\\\":\\\"JoJ\\\"}\"}"}
{"id":"2FEBBCB1F742412EBB1CFE7C5E2240D2","table":"killmonger_events_table","keyspace":"msku","timestamp":"2019-07-29T05:45:02.401Z","clusteringKeys":["4364","vbIdSellingIdInventoryUpdated/1","1564378911"],"changedColumns":["selling_id","fulfillment_node_id","event_type","update_at","stream_sequence_number","event_data"],"record":"{\"selling_id\":\"2FEBBCB1F742412EBB1CFE7C5E2240D2\",\"fulfillment_node_id\":\"4364\",\"event_type\":\"vbIdSellingIdInventoryUpdated/1\",\"update_at\":1564378911,\"stream_sequence_number\":56,\"event_data\":\"{\\\"id\\\":\\\"9ac974a9622a4a57884564a2ff704d64\\\",\\\"vbId\\\":\\\"PantherMigrationVbId\\\",\\\"sellingId\\\":\\\"2FEBBCB1F742412EBB1CFE7C5E2240D2\\\",\\\"merchantId\\\":\\\"9fc08905039048918982091f266c2a29\\\",\\\"skuId\\\":\\\"PantherMigrationSkuId\\\",\\\"f\\\":0,\\\"fnId\\\":\\\"4364\\\",\\\"by\\\":\\\"Killmonger.Migration.MapInWalmartInvUpdates\\\",\\\"at\\\":\\\"2019-07-29T05:41:51.033+00:00\\\",\\\"invUssn\\\":0,\\\"isInf\\\":false,\\\"ifa\\\":true,\\\"martAvail\\\":[{\\\"martId\\\":\\\"21\\\",\\\"ia\\\":true},{\\\"martId\\\":\\\"0\\\",\\\"ia\\\":true}],\\\"clt\\\":\\\"WoJ\\\"}\"}"}
{"id":"4451a00c39cc4c2687569796ed44d147","table":"killmonger_events_table","keyspace":"msku","timestamp":"2019-07-29T05:45:02.402Z","clusteringKeys":["7d029b0996bd4f16bbd74454bab3ab2e","updateVbIdSellingIdInventorySkipped/1","1564378274"],"changedColumns":["selling_id","fulfillment_node_id","event_type","update_at","stream_sequence_number","event_data"],"record":"{\"selling_id\":\"4451a00c39cc4c2687569796ed44d147\",\"fulfillment_node_id\":\"7d029b0996bd4f16bbd74454bab3ab2e\",\"event_type\":\"updateVbIdSellingIdInventorySkipped/1\",\"update_at\":1564378274,\"stream_sequence_number\":42,\"event_data\":\"{\\\"id\\\":\\\"d614b96ba21b4c4fa516a11bdc336575\\\",\\\"vbId\\\":\\\"4451a00c39cc4c2687569796ed44d147\\\",\\\"sellingId\\\":\\\"4451a00c39cc4c2687569796ed44d147\\\",\\\"merchantId\\\":\\\"e43cf7756d0b4ba8a4e9046774656ce8\\\",\\\"skuId\\\":\\\"4451a00c39cc4c2687569796ed44d147\\\",\\\"f\\\":115,\\\"fnId\\\":\\\"7d029b0996bd4f16bbd74454bab3ab2e\\\",\\\"fnType\\\":\\\"wolverine\\\",\\\"by\\\":\\\"Vibranium\\\",\\\"at\\\":\\\"2019-07-29T05:31:14+00:00\\\",\\\"invUssn\\\":51,\\\"isInf\\\":false}\"}"}
{"id":"82048551eb4a4135999adef6a1bd03ed","table":"killmonger_events_table","keyspace":"msku","timestamp":"2019-07-29T05:45:02.402Z","clusteringKeys":["7d029b0996bd4f16bbd74454bab3ab2e","updateVbIdSellingIdInventorySkipped/1","1564378479"],"changedColumns":["selling_id","fulfillment_node_id","event_type","update_at","stream_sequence_number","event_data"],"record":"{\"selling_id\":\"82048551eb4a4135999adef6a1bd03ed\",\"fulfillment_node_id\":\"7d029b0996bd4f16bbd74454bab3ab2e\",\"event_type\":\"updateVbIdSellingIdInventorySkipped/1\",\"update_at\":1564378479,\"stream_sequence_number\":42,\"event_data\":\"{\\\"id\\\":\\\"bb817bebdb724506b3b1bed395166926\\\",\\\"vbId\\\":\\\"82048551eb4a4135999adef6a1bd03ed\\\",\\\"sellingId\\\":\\\"82048551eb4a4135999adef6a1bd03ed\\\",\\\"merchantId\\\":\\\"e43cf7756d0b4ba8a4e9046774656ce8\\\",\\\"skuId\\\":\\\"82048551eb4a4135999adef6a1bd03ed\\\",\\\"f\\\":73,\\\"fnId\\\":\\\"7d029b0996bd4f16bbd74454bab3ab2e\\\",\\\"fnType\\\":\\\"wolverine\\\",\\\"by\\\":\\\"Vibranium\\\",\\\"at\\\":\\\"2019-07-29T05:34:39+00:00\\\",\\\"invUssn\\\":49,\\\"isInf\\\":false}\"}"}
{"id":"4451a00c39cc4c2687569796ed44d147","table":"killmonger_events_table","keyspace":"msku","timestamp":"2019-07-29T05:45:02.402Z","clusteringKeys":["7d029b0996bd4f16bbd74454bab3ab2e","updateVbIdSellingIdInventorySkipped/1","1564378274"],"changedColumns":["selling_id","fulfillment_node_id","event_type","update_at","stream_sequence_number","event_data"],"record":"{\"selling_id\":\"4451a00c39cc4c2687569796ed44d147\",\"fulfillment_node_id\":\"7d029b0996bd4f16bbd74454bab3ab2e\",\"event_type\":\"updateVbIdSellingIdInventorySkipped/1\",\"update_at\":1564378274,\"stream_sequence_number\":43,\"event_data\":\"{\\\"id\\\":\\\"d614b96ba21b4c4fa516a11bdc336575\\\",\\\"vbId\\\":\\\"4451a00c39cc4c2687569796ed44d147\\\",\\\"sellingId\\\":\\\"4451a00c39cc4c2687569796ed44d147\\\",\\\"merchantId\\\":\\\"e43cf7756d0b4ba8a4e9046774656ce8\\\",\\\"skuId\\\":\\\"4451a00c39cc4c2687569796ed44d147\\\",\\\"f\\\":115,\\\"fnId\\\":\\\"7d029b0996bd4f16bbd74454bab3ab2e\\\",\\\"fnType\\\":\\\"wolverine\\\",\\\"by\\\":\\\"Vibranium\\\",\\\"at\\\":\\\"2019-07-29T05:31:14+00:00\\\",\\\"invUssn\\\":51,\\\"isInf\\\":false}\"}"}
{"id":"6DB2F9EB6A554280B070E593ABFE194C","table":"killmonger_events_table","keyspace":"msku","timestamp":"2019-07-29T05:45:02.404Z","clusteringKeys":["8302","vbIdSellingIdInventoryUpdated/1","1564378910"],"changedColumns":["selling_id","fulfillment_node_id","event_type","update_at","stream_sequence_number","event_data"],"record":"{\"selling_id\":\"6DB2F9EB6A554280B070E593ABFE194C\",\"fulfillment_node_id\":\"8302\",\"event_type\":\"vbIdSellingIdInventoryUpdated/1\",\"update_at\":1564378910,\"stream_sequence_number\":133,\"event_data\":\"{\\\"id\\\":\\\"c10493893e704d0db79e5c874cdfa5b0\\\",\\\"vbId\\\":\\\"PantherMigrationVbId\\\",\\\"sellingId\\\":\\\"6DB2F9EB6A554280B070E593ABFE194C\\\",\\\"merchantId\\\":\\\"9fc08905039048918982091f266c2a29\\\",\\\"skuId\\\":\\\"PantherMigrationSkuId\\\",\\\"f\\\":0,\\\"fnId\\\":\\\"8302\\\",\\\"by\\\":\\\"Killmonger.Migration.MapInWalmartInvUpdates\\\",\\\"at\\\":\\\"2019-07-29T05:41:50.008+00:00\\\",\\\"invUssn\\\":0,\\\"isInf\\\":false,\\\"ifa\\\":true,\\\"martAvail\\\":[{\\\"martId\\\":\\\"21\\\",\\\"ia\\\":true},{\\\"martId\\\":\\\"0\\\",\\\"ia\\\":true}],\\\"clt\\\":\\\"WoJ\\\"}\"}"}
{"id":"6DB2F9EB6A554280B070E593ABFE194C","table":"killmonger_events_table","keyspace":"msku","timestamp":"2019-07-29T05:45:02.404Z","clusteringKeys":["8302","vbIdSellingIdInventoryUpdated/1","1564378910"],"changedColumns":["selling_id","fulfillment_node_id","event_type","update_at","stream_sequence_number","event_data"],"record":"{\"selling_id\":\"6DB2F9EB6A554280B070E593ABFE194C\",\"fulfillment_node_id\":\"8302\",\"event_type\":\"vbIdSellingIdInventoryUpdated/1\",\"update_at\":1564378910,\"stream_sequence_number\":134,\"event_data\":\"{\\\"id\\\":\\\"c10493893e704d0db79e5c874cdfa5b0\\\",\\\"vbId\\\":\\\"PantherMigrationVbId\\\",\\\"sellingId\\\":\\\"6DB2F9EB6A554280B070E593ABFE194C\\\",\\\"merchantId\\\":\\\"9fc08905039048918982091f266c2a29\\\",\\\"skuId\\\":\\\"PantherMigrationSkuId\\\",\\\"f\\\":0,\\\"fnId\\\":\\\"8302\\\",\\\"by\\\":\\\"Killmonger.Migration.MapInWalmartInvUpdates\\\",\\\"at\\\":\\\"2019-07-29T05:41:50.008+00:00\\\",\\\"invUssn\\\":0,\\\"isInf\\\":false,\\\"ifa\\\":true,\\\"martAvail\\\":[{\\\"martId\\\":\\\"21\\\",\\\"ia\\\":true},{\\\"martId\\\":\\\"0\\\",\\\"ia\\\":true}],\\\"clt\\\":\\\"WoJ\\\"}\"}"}
{"id":"25304698D1D24BB9BC8C59B73949AB86","table":"killmonger_events_table","keyspace":"msku","timestamp":"2019-07-29T05:45:02.407Z","clusteringKeys":["10000010403","vbIdSellingIdInventoryUpdated/1","1564378233"],"changedColumns":["selling_id","fulfillment_node_id","event_type","update_at","stream_sequence_number","event_data"],"record":"{\"selling_id\":\"25304698D1D24BB9BC8C59B73949AB86\",\"fulfillment_node_id\":\"10000010403\",\"event_type\":\"vbIdSellingIdInventoryUpdated/1\",\"update_at\":1564378233,\"stream_sequence_number\":15977,\"event_data\":\"{\\\"id\\\":\\\"95dd6f743c67453a8cecf7294d9e4e90\\\",\\\"vbId\\\":\\\"4454-F-10052\\\",\\\"sellingId\\\":\\\"25304698D1D24BB9BC8C59B73949AB86\\\",\\\"merchantId\\\":\\\"10052\\\",\\\"skuId\\\":\\\"4454-F\\\",\\\"f\\\":10000,\\\"fnId\\\":\\\"10000010403\\\",\\\"fnType\\\":\\\"MARKETPLACE\\\",\\\"by\\\":\\\"Vibranium\\\",\\\"at\\\":\\\"2019-07-29T05:30:33+00:00\\\",\\\"invUssn\\\":13758,\\\"catUssn\\\":0,\\\"isInf\\\":false,\\\"ifa\\\":true,\\\"martAvail\\\":[{\\\"martId\\\":\\\"0\\\",\\\"ia\\\":true}],\\\"clt\\\":\\\"WoW\\\"}\"}"}
{"id":"7218C6B34A274D30A414A9D5C38C6CEB","table":"killmonger_events_table","keyspace":"msku","timestamp":"2019-07-29T05:45:02.407Z","clusteringKeys":["4916","vbIdSellingIdInventoryUpdated/1","1564378912"],"changedColumns":["selling_id","fulfillment_node_id","event_type","update_at","stream_sequence_number","event_data"],"record":"{\"selling_id\":\"7218C6B34A274D30A414A9D5C38C6CEB\",\"fulfillment_node_id\":\"4916\",\"event_type\":\"vbIdSellingIdInventoryUpdated/1\",\"update_at\":1564378912,\"stream_sequence_number\":129,\"event_data\":\"{\\\"id\\\":\\\"191e45a2037748df982496ddab16fb44\\\",\\\"vbId\\\":\\\"PantherMigrationVbId\\\",\\\"sellingId\\\":\\\"7218C6B34A274D30A414A9D5C38C6CEB\\\",\\\"merchantId\\\":\\\"9fc08905039048918982091f266c2a29\\\",\\\"skuId\\\":\\\"PantherMigrationSkuId\\\",\\\"f\\\":0,\\\"fnId\\\":\\\"4916\\\",\\\"by\\\":\\\"Killmonger.Migration.MapInWalmartInvUpdates\\\",\\\"at\\\":\\\"2019-07-29T05:41:52.66+00:00\\\",\\\"invUssn\\\":0,\\\"isInf\\\":false,\\\"ifa\\\":true,\\\"martAvail\\\":[{\\\"martId\\\":\\\"21\\\",\\\"ia\\\":true},{\\\"martId\\\":\\\"0\\\",\\\"ia\\\":true}],\\\"clt\\\":\\\"WoJ\\\"}\"}"}
{"id":"76aba2b819dc47b289f7e3ad0cb68789","table":"killmonger_events_table","keyspace":"msku","timestamp":"2019-07-29T05:40:44.648Z","clusteringKeys":["fb72b6f9c1e54625a551711f6ee72714","vbIdSellingIdInventoryUpdated/1","1564378075"],"changedColumns":["selling_id","fulfillment_node_id","event_type","update_at","stream_sequence_number","event_data"],"record":"{\"selling_id\":\"76aba2b819dc47b289f7e3ad0cb68789\",\"fulfillment_node_id\":\"fb72b6f9c1e54625a551711f6ee72714\",\"event_type\":\"vbIdSellingIdInventoryUpdated/1\",\"update_at\":1564378075,\"stream_sequence_number\":36,\"event_data\":\"{\\\"id\\\":\\\"b1d6021526da45f58864c88096710b2f\\\",\\\"vbId\\\":\\\"76aba2b819dc47b289f7e3ad0cb68789\\\",\\\"sellingId\\\":\\\"76aba2b819dc47b289f7e3ad0cb68789\\\",\\\"merchantId\\\":\\\"e43cf7756d0b4ba8a4e9046774656ce8\\\",\\\"skuId\\\":\\\"76aba2b819dc47b289f7e3ad0cb68789\\\",\\\"f\\\":125,\\\"fnId\\\":\\\"fb72b6f9c1e54625a551711f6ee72714\\\",\\\"fnType\\\":\\\"wolverine\\\",\\\"by\\\":\\\"Vibranium\\\",\\\"at\\\":\\\"2019-07-29T05:27:55+00:00\\\",\\\"invUssn\\\":47,\\\"isInf\\\":false,\\\"ifa\\\":true,\\\"martAvail\\\":[{\\\"martId\\\":\\\"21\\\",\\\"ia\\\":true}],\\\"clt\\\":\\\"JoJ\\\"}\"}"}
{"id":"76aba2b819dc47b289f7e3ad0cb68789","table":"killmonger_events_table","keyspace":"msku","timestamp":"2019-07-29T05:40:44.648Z","clusteringKeys":["fb72b6f9c1e54625a551711f6ee72714","updateVbIdSellingIdInventorySkipped/1","1564378075"],"changedColumns":["selling_id","fulfillment_node_id","event_type","update_at","stream_sequence_number","event_data"],"record":"{\"selling_id\":\"76aba2b819dc47b289f7e3ad0cb68789\",\"fulfillment_node_id\":\"fb72b6f9c1e54625a551711f6ee72714\",\"event_type\":\"updateVbIdSellingIdInventorySkipped/1\",\"update_at\":1564378075,\"stream_sequence_number\":37,\"event_data\":\"{\\\"id\\\":\\\"b1d6021526da45f58864c88096710b2f\\\",\\\"vbId\\\":\\\"76aba2b819dc47b289f7e3ad0cb68789\\\",\\\"sellingId\\\":\\\"76aba2b819dc47b289f7e3ad0cb68789\\\",\\\"merchantId\\\":\\\"e43cf7756d0b4ba8a4e9046774656ce8\\\",\\\"skuId\\\":\\\"76aba2b819dc47b289f7e3ad0cb68789\\\",\\\"f\\\":125,\\\"fnId\\\":\\\"fb72b6f9c1e54625a551711f6ee72714\\\",\\\"fnType\\\":\\\"wolverine\\\",\\\"by\\\":\\\"Vibranium\\\",\\\"at\\\":\\\"2019-07-29T05:27:55+00:00\\\",\\\"invUssn\\\":47,\\\"isInf\\\":false}\"}"}
{"id":"1D5C621E4D1546B89E9FD050359850CF","table":"killmonger_events_table","keyspace":"msku","timestamp":"2019-07-29T05:44:36.993Z","clusteringKeys":["8306","vbIdSellingIdInventoryUpdated/1","1564375727"],"changedColumns":["selling_id","fulfillment_node_id","event_type","update_at","stream_sequence_number","event_data"],"record":"{\"selling_id\":\"1D5C621E4D1546B89E9FD050359850CF\",\"fulfillment_node_id\":\"8306\",\"event_type\":\"vbIdSellingIdInventoryUpdated/1\",\"update_at\":1564375727,\"stream_sequence_number\":123,\"event_data\":\"{\\\"id\\\":\\\"834e32f25020498cbbb27e6200ab3c7c\\\",\\\"vbId\\\":\\\"PantherMigrationVbId\\\",\\\"sellingId\\\":\\\"1D5C621E4D1546B89E9FD050359850CF\\\",\\\"merchantId\\\":\\\"9fc08905039048918982091f266c2a29\\\",\\\"skuId\\\":\\\"PantherMigrationSkuId\\\",\\\"f\\\":0,\\\"fnId\\\":\\\"8306\\\",\\\"by\\\":\\\"Killmonger.Migration.MapInWalmartInvUpdates\\\",\\\"at\\\":\\\"2019-07-29T04:48:47.077+00:00\\\",\\\"invUssn\\\":0,\\\"isInf\\\":false,\\\"ifa\\\":true,\\\"martAvail\\\":[{\\\"martId\\\":\\\"21\\\",\\\"ia\\\":true},{\\\"martId\\\":\\\"0\\\",\\\"ia\\\":true}],\\\"clt\\\":\\\"WoJ\\\"}\"}"}
{"id":"da8774916af342e5a7c7a86747d29072","table":"killmonger_events_table","keyspace":"msku","timestamp":"2019-07-29T05:44:36.995Z","clusteringKeys":["3cbcc7e28aac4f6fb0a8cde4e85483c0","updateVbIdSellingIdInventorySkipped/1","1564375595"],"changedColumns":["selling_id","fulfillment_node_id","event_type","update_at","stream_sequence_number","event_data"],"record":"{\"selling_id\":\"da8774916af342e5a7c7a86747d29072\",\"fulfillment_node_id\":\"3cbcc7e28aac4f6fb0a8cde4e85483c0\",\"event_type\":\"updateVbIdSellingIdInventorySkipped/1\",\"update_at\":1564375595,\"stream_sequence_number\":95,\"event_data\":\"{\\\"id\\\":\\\"f48bdbfaa9664d0ebad4e4d96ea4b17c\\\",\\\"vbId\\\":\\\"da8774916af342e5a7c7a86747d29072\\\",\\\"sellingId\\\":\\\"da8774916af342e5a7c7a86747d29072\\\",\\\"merchantId\\\":\\\"7eaf70709bf149f890dc3a845871dab4\\\",\\\"skuId\\\":\\\"da8774916af342e5a7c7a86747d29072\\\",\\\"f\\\":559,\\\"fnId\\\":\\\"3cbcc7e28aac4f6fb0a8cde4e85483c0\\\",\\\"fnType\\\":\\\"wolverine\\\",\\\"by\\\":\\\"Vibranium\\\",\\\"at\\\":\\\"2019-07-29T04:46:35+00:00\\\",\\\"invUssn\\\":74,\\\"isInf\\\":false}\"}"}
{"id":"da8774916af342e5a7c7a86747d29072","table":"killmonger_events_table","keyspace":"msku","timestamp":"2019-07-29T05:44:36.995Z","clusteringKeys":["3cbcc7e28aac4f6fb0a8cde4e85483c0","updateVbIdSellingIdInventorySkipped/1","1564375595"],"changedColumns":["selling_id","fulfillment_node_id","event_type","update_at","stream_sequence_number","event_data"],"record":"{\"selling_id\":\"da8774916af342e5a7c7a86747d29072\",\"fulfillment_node_id\":\"3cbcc7e28aac4f6fb0a8cde4e85483c0\",\"event_type\":\"updateVbIdSellingIdInventorySkipped/1\",\"update_at\":1564375595,\"stream_sequence_number\":96,\"event_data\":\"{\\\"id\\\":\\\"a9fd343dac544202a520630c9b5881f8\\\",\\\"vbId\\\":\\\"da8774916af342e5a7c7a86747d29072\\\",\\\"sellingId\\\":\\\"da8774916af342e5a7c7a86747d29072\\\",\\\"merchantId\\\":\\\"7eaf70709bf149f890dc3a845871dab4\\\",\\\"skuId\\\":\\\"da8774916af342e5a7c7a86747d29072\\\",\\\"f\\\":559,\\\"fnId\\\":\\\"3cbcc7e28aac4f6fb0a8cde4e85483c0\\\",\\\"fnType\\\":\\\"wolverine\\\",\\\"by\\\":\\\"Vibranium\\\",\\\"at\\\":\\\"2019-07-29T04:46:35+00:00\\\",\\\"invUssn\\\":74,\\\"isInf\\\":false}\"}"}
{"id":"FBBB130BC98743BFACA3DB0C286F60E5","table":"killmonger_events_table","keyspace":"msku","timestamp":"2019-07-29T05:40:44.653Z","clusteringKeys":["5926","vbIdSellingIdInventoryUpdated/1","1564378907"],"changedColumns":["selling_id","fulfillment_node_id","event_type","update_at","stream_sequence_number","event_data"],"record":"{\"selling_id\":\"FBBB130BC98743BFACA3DB0C286F60E5\",\"fulfillment_node_id\":\"5926\",\"event_type\":\"vbIdSellingIdInventoryUpdated/1\",\"update_at\":1564378907,\"stream_sequence_number\":137,\"event_data\":\"{\\\"id\\\":\\\"e1e5571e149f40c6a36a902aef5a7df7\\\",\\\"vbId\\\":\\\"PantherMigrationVbId\\\",\\\"sellingId\\\":\\\"FBBB130BC98743BFACA3DB0C286F60E5\\\",\\\"merchantId\\\":\\\"9fc08905039048918982091f266c2a29\\\",\\\"skuId\\\":\\\"PantherMigrationSkuId\\\",\\\"f\\\":0,\\\"fnId\\\":\\\"5926\\\",\\\"by\\\":\\\"Killmonger.Migration.MapInWalmartInvUpdates\\\",\\\"at\\\":\\\"2019-07-29T05:41:47.682+00:00\\\",\\\"invUssn\\\":0,\\\"isInf\\\":false,\\\"ifa\\\":true,\\\"martAvail\\\":[{\\\"martId\\\":\\\"21\\\",\\\"ia\\\":true},{\\\"martId\\\":\\\"0\\\",\\\"ia\\\":true}],\\\"clt\\\":\\\"WoJ\\\"}\"}"}
{"id":"e20b449e49d74ecaada317bf9017f797","table":"killmonger_events_table","keyspace":"msku","timestamp":"2019-07-29T05:40:44.653Z","clusteringKeys":["fb72b6f9c1e54625a551711f6ee72714","vbIdSellingIdInventoryUpdated/1","1564378274"],"changedColumns":["selling_id","fulfillment_node_id","event_type","update_at","stream_sequence_number","event_data"],"record":"{\"selling_id\":\"e20b449e49d74ecaada317bf9017f797\",\"fulfillment_node_id\":\"fb72b6f9c1e54625a551711f6ee72714\",\"event_type\":\"vbIdSellingIdInventoryUpdated/1\",\"update_at\":1564378274,\"stream_sequence_number\":39,\"event_data\":\"{\\\"id\\\":\\\"b583527f53b24899a9c6a95474108b18\\\",\\\"vbId\\\":\\\"e20b449e49d74ecaada317bf9017f797\\\",\\\"sellingId\\\":\\\"e20b449e49d74ecaada317bf9017f797\\\",\\\"merchantId\\\":\\\"e43cf7756d0b4ba8a4e9046774656ce8\\\",\\\"skuId\\\":\\\"e20b449e49d74ecaada317bf9017f797\\\",\\\"f\\\":122,\\\"fnId\\\":\\\"fb72b6f9c1e54625a551711f6ee72714\\\",\\\"fnType\\\":\\\"wolverine\\\",\\\"by\\\":\\\"Vibranium\\\",\\\"at\\\":\\\"2019-07-29T05:31:14+00:00\\\",\\\"invUssn\\\":48,\\\"isInf\\\":false,\\\"ifa\\\":true,\\\"martAvail\\\":[{\\\"martId\\\":\\\"21\\\",\\\"ia\\\":true}],\\\"clt\\\":\\\"JoJ\\\"}\"}"}
{"id":"FBBB130BC98743BFACA3DB0C286F60E5","table":"killmonger_events_table","keyspace":"msku","timestamp":"2019-07-29T05:40:44.653Z","clusteringKeys":["5926","vbIdSellingIdInventoryUpdated/1","1564378907"],"changedColumns":["selling_id","fulfillment_node_id","event_type","update_at","stream_sequence_number","event_data"],"record":"{\"selling_id\":\"FBBB130BC98743BFACA3DB0C286F60E5\",\"fulfillment_node_id\":\"5926\",\"event_type\":\"vbIdSellingIdInventoryUpdated/1\",\"update_at\":1564378907,\"stream_sequence_number\":138,\"event_data\":\"{\\\"id\\\":\\\"e1e5571e149f40c6a36a902aef5a7df7\\\",\\\"vbId\\\":\\\"PantherMigrationVbId\\\",\\\"sellingId\\\":\\\"FBBB130BC98743BFACA3DB0C286F60E5\\\",\\\"merchantId\\\":\\\"9fc08905039048918982091f266c2a29\\\",\\\"skuId\\\":\\\"PantherMigrationSkuId\\\",\\\"f\\\":0,\\\"fnId\\\":\\\"5926\\\",\\\"by\\\":\\\"Killmonger.Migration.MapInWalmartInvUpdates\\\",\\\"at\\\":\\\"2019-07-29T05:41:47.682+00:00\\\",\\\"invUssn\\\":0,\\\"isInf\\\":false,\\\"ifa\\\":true,\\\"martAvail\\\":[{\\\"martId\\\":\\\"21\\\",\\\"ia\\\":true},{\\\"martId\\\":\\\"0\\\",\\\"ia\\\":true}],\\\"clt\\\":\\\"WoJ\\\"}\"}"}
{"id":"e20b449e49d74ecaada317bf9017f797","table":"killmonger_events_table","keyspace":"msku","timestamp":"2019-07-29T05:40:44.653Z","clusteringKeys":["fb72b6f9c1e54625a551711f6ee72714","updateVbIdSellingIdInventorySkipped/1","1564378274"],"changedColumns":["selling_id","fulfillment_node_id","event_type","update_at","stream_sequence_number","event_data"],"record":"{\"selling_id\":\"e20b449e49d74ecaada317bf9017f797\",\"fulfillment_node_id\":\"fb72b6f9c1e54625a551711f6ee72714\",\"event_type\":\"updateVbIdSellingIdInventorySkipped/1\",\"update_at\":1564378274,\"stream_sequence_number\":40,\"event_data\":\"{\\\"id\\\":\\\"b583527f53b24899a9c6a95474108b18\\\",\\\"vbId\\\":\\\"e20b449e49d74ecaada317bf9017f797\\\",\\\"sellingId\\\":\\\"e20b449e49d74ecaada317bf9017f797\\\",\\\"merchantId\\\":\\\"e43cf7756d0b4ba8a4e9046774656ce8\\\",\\\"skuId\\\":\\\"e20b449e49d74ecaada317bf9017f797\\\",\\\"f\\\":122,\\\"fnId\\\":\\\"fb72b6f9c1e54625a551711f6ee72714\\\",\\\"fnType\\\":\\\"wolverine\\\",\\\"by\\\":\\\"Vibranium\\\",\\\"at\\\":\\\"2019-07-29T05:31:14+00:00\\\",\\\"invUssn\\\":48,\\\"isInf\\\":false}\"}"}
{"id":"97C5879D5D084642A325F0D4A6C22F2C","table":"killmonger_events_table","keyspace":"msku","timestamp":"2019-07-29T05:45:03.470Z","clusteringKeys":["6284","vbIdSellingIdInventoryUpdated/1","1564378913"],"changedColumns":["selling_id","fulfillment_node_id","event_type","update_at","stream_sequence_number","event_data"],"record":"{\"selling_id\":\"97C5879D5D084642A325F0D4A6C22F2C\",\"fulfillment_node_id\":\"6284\",\"event_type\":\"vbIdSellingIdInventoryUpdated/1\",\"update_at\":1564378913,\"stream_sequence_number\":136,\"event_data\":\"{\\\"id\\\":\\\"852c5e868c074f339f77c2635d4858ef\\\",\\\"vbId\\\":\\\"PantherMigrationVbId\\\",\\\"sellingId\\\":\\\"97C5879D5D084642A325F0D4A6C22F2C\\\",\\\"merchantId\\\":\\\"9fc08905039048918982091f266c2a29\\\",\\\"skuId\\\":\\\"PantherMigrationSkuId\\\",\\\"f\\\":0,\\\"fnId\\\":\\\"6284\\\",\\\"by\\\":\\\"Killmonger.Migration.MapInWalmartInvUpdates\\\",\\\"at\\\":\\\"2019-07-29T05:41:53.297+00:00\\\",\\\"invUssn\\\":0,\\\"isInf\\\":false,\\\"ifa\\\":true,\\\"martAvail\\\":[{\\\"martId\\\":\\\"21\\\",\\\"ia\\\":true},{\\\"martId\\\":\\\"0\\\",\\\"ia\\\":true}],\\\"clt\\\":\\\"WoJ\\\"}\"}"}
{"id":"a181873f2b834470ba84bb24c9776dca","table":"killmonger_events_table","keyspace":"msku","timestamp":"2019-07-29T05:45:03.470Z","clusteringKeys":["fb72b6f9c1e54625a551711f6ee72714","vbIdSellingIdInventoryUpdated/1","1564378274"],"changedColumns":["selling_id","fulfillment_node_id","event_type","update_at","stream_sequence_number","event_data"],"record":"{\"selling_id\":\"a181873f2b834470ba84bb24c9776dca\",\"fulfillment_node_id\":\"fb72b6f9c1e54625a551711f6ee72714\",\"event_type\":\"vbIdSellingIdInventoryUpdated/1\",\"update_at\":1564378274,\"stream_sequence_number\":40,\"event_data\":\"{\\\"id\\\":\\\"d3e23b82e5e44f90a79058a6ac85c197\\\",\\\"vbId\\\":\\\"a181873f2b834470ba84bb24c9776dca\\\",\\\"sellingId\\\":\\\"a181873f2b834470ba84bb24c9776dca\\\",\\\"merchantId\\\":\\\"e43cf7756d0b4ba8a4e9046774656ce8\\\",\\\"skuId\\\":\\\"a181873f2b834470ba84bb24c9776dca\\\",\\\"f\\\":65,\\\"fnId\\\":\\\"fb72b6f9c1e54625a551711f6ee72714\\\",\\\"fnType\\\":\\\"wolverine\\\",\\\"by\\\":\\\"Vibranium\\\",\\\"at\\\":\\\"2019-07-29T05:31:14+00:00\\\",\\\"invUssn\\\":48,\\\"isInf\\\":false,\\\"ifa\\\":true,\\\"martAvail\\\":[{\\\"martId\\\":\\\"21\\\",\\\"ia\\\":true}],\\\"clt\\\":\\\"JoJ\\\"}\"}"}
{"id":"d71ecee4c7b5475c84612f18e8239ed1","table":"killmonger_events_table","keyspace":"msku","timestamp":"2019-07-29T05:45:03.470Z","clusteringKeys":["fb72b6f9c1e54625a551711f6ee72714","vbIdSellingIdInventoryUpdated/1","1564378274"],"changedColumns":["selling_id","fulfillment_node_id","event_type","update_at","stream_sequence_number","event_data"],"record":"{\"selling_id\":\"d71ecee4c7b5475c84612f18e8239ed1\",\"fulfillment_node_id\":\"fb72b6f9c1e54625a551711f6ee72714\",\"event_type\":\"vbIdSellingIdInventoryUpdated/1\",\"update_at\":1564378274,\"stream_sequence_number\":38,\"event_data\":\"{\\\"id\\\":\\\"835c3432e7544fb2a434d532c2d69230\\\",\\\"vbId\\\":\\\"d71ecee4c7b5475c84612f18e8239ed1\\\",\\\"sellingId\\\":\\\"d71ecee4c7b5475c84612f18e8239ed1\\\",\\\"merchantId\\\":\\\"e43cf7756d0b4ba8a4e9046774656ce8\\\",\\\"skuId\\\":\\\"d71ecee4c7b5475c84612f18e8239ed1\\\",\\\"f\\\":66,\\\"fnId\\\":\\\"fb72b6f9c1e54625a551711f6ee72714\\\",\\\"fnType\\\":\\\"wolverine\\\",\\\"by\\\":\\\"Vibranium\\\",\\\"at\\\":\\\"2019-07-29T05:31:14+00:00\\\",\\\"invUssn\\\":48,\\\"isInf\\\":false,\\\"ifa\\\":true,\\\"martAvail\\\":[{\\\"martId\\\":\\\"21\\\",\\\"ia\\\":true}],\\\"clt\\\":\\\"JoJ\\\"}\"}"}
{"id":"8A989AFA52B64883B1B02EB2625947CE","table":"killmonger_events_table","keyspace":"msku","timestamp":"2019-07-29T05:45:03.472Z","clusteringKeys":["8306","vbIdSellingIdInventoryUpdated/1","1564378909"],"changedColumns":["selling_id","fulfillment_node_id","event_type","update_at","stream_sequence_number","event_data"],"record":"{\"selling_id\":\"8A989AFA52B64883B1B02EB2625947CE\",\"fulfillment_node_id\":\"8306\",\"event_type\":\"vbIdSellingIdInventoryUpdated/1\",\"update_at\":1564378909,\"stream_sequence_number\":131,\"event_data\":\"{\\\"id\\\":\\\"4f7b4287371b4e7890a16c24f87aa5ec\\\",\\\"vbId\\\":\\\"PantherMigrationVbId\\\",\\\"sellingId\\\":\\\"8A989AFA52B64883B1B02EB2625947CE\\\",\\\"merchantId\\\":\\\"9fc08905039048918982091f266c2a29\\\",\\\"skuId\\\":\\\"PantherMigrationSkuId\\\",\\\"f\\\":0,\\\"fnId\\\":\\\"8306\\\",\\\"by\\\":\\\"Killmonger.Migration.MapInWalmartInvUpdates\\\",\\\"at\\\":\\\"2019-07-29T05:41:49.55+00:00\\\",\\\"invUssn\\\":0,\\\"isInf\\\":false,\\\"ifa\\\":true,\\\"martAvail\\\":[{\\\"martId\\\":\\\"21\\\",\\\"ia\\\":true},{\\\"martId\\\":\\\"0\\\",\\\"ia\\\":true}],\\\"clt\\\":\\\"WoJ\\\"}\"}"}
{"id":"97C5879D5D084642A325F0D4A6C22F2C","table":"killmonger_events_table","keyspace":"msku","timestamp":"2019-07-29T05:44:37.001Z","clusteringKeys":["2623","vbIdSellingIdInventoryUpdated/1","1564378913"],"changedColumns":["selling_id","fulfillment_node_id","event_type","update_at","stream_sequence_number","event_data"],"record":"{\"selling_id\":\"97C5879D5D084642A325F0D4A6C22F2C\",\"fulfillment_node_id\":\"2623\",\"event_type\":\"vbIdSellingIdInventoryUpdated/1\",\"update_at\":1564378913,\"stream_sequence_number\":135,\"event_data\":\"{\\\"id\\\":\\\"ac465386c2484e399e22a21bcfcf736a\\\",\\\"vbId\\\":\\\"PantherMigrationVbId\\\",\\\"sellingId\\\":\\\"97C5879D5D084642A325F0D4A6C22F2C\\\",\\\"merchantId\\\":\\\"9fc08905039048918982091f266c2a29\\\",\\\"skuId\\\":\\\"PantherMigrationSkuId\\\",\\\"f\\\":0,\\\"fnId\\\":\\\"2623\\\",\\\"by\\\":\\\"Killmonger.Migration.MapInWalmartInvUpdates\\\",\\\"at\\\":\\\"2019-07-29T05:41:53.297+00:00\\\",\\\"invUssn\\\":0,\\\"isInf\\\":false,\\\"ifa\\\":true,\\\"martAvail\\\":[{\\\"martId\\\":\\\"21\\\",\\\"ia\\\":true},{\\\"martId\\\":\\\"0\\\",\\\"ia\\\":true}],\\\"clt\\\":\\\"WoJ\\\"}\"}"}
{"id":"aa86780255f542ad907c4a476b6c77e2","table":"killmonger_events_table","keyspace":"msku","timestamp":"2019-07-29T05:40:44.659Z","clusteringKeys":["fb72b6f9c1e54625a551711f6ee72714","vbIdSellingIdInventoryUpdated/1","1564378075"],"changedColumns":["selling_id","fulfillment_node_id","event_type","update_at","stream_sequence_number","event_data"],"record":"{\"selling_id\":\"aa86780255f542ad907c4a476b6c77e2\",\"fulfillment_node_id\":\"fb72b6f9c1e54625a551711f6ee72714\",\"event_type\":\"vbIdSellingIdInventoryUpdated/1\",\"update_at\":1564378075,\"stream_sequence_number\":38,\"event_data\":\"{\\\"id\\\":\\\"02e688fec31748f0924d8f357b2d2d02\\\",\\\"vbId\\\":\\\"aa86780255f542ad907c4a476b6c77e2\\\",\\\"sellingId\\\":\\\"aa86780255f542ad907c4a476b6c77e2\\\",\\\"merchantId\\\":\\\"e43cf7756d0b4ba8a4e9046774656ce8\\\",\\\"skuId\\\":\\\"aa86780255f542ad907c4a476b6c77e2\\\",\\\"f\\\":67,\\\"fnId\\\":\\\"fb72b6f9c1e54625a551711f6ee72714\\\",\\\"fnType\\\":\\\"wolverine\\\",\\\"by\\\":\\\"Vibranium\\\",\\\"at\\\":\\\"2019-07-29T05:27:55+00:00\\\",\\\"invUssn\\\":48,\\\"isInf\\\":false,\\\"ifa\\\":true,\\\"martAvail\\\":[{\\\"martId\\\":\\\"21\\\",\\\"ia\\\":true}],\\\"clt\\\":\\\"JoJ\\\"}\"}"}
{"id":"aa86780255f542ad907c4a476b6c77e2","table":"killmonger_events_table","keyspace":"msku","timestamp":"2019-07-29T05:40:44.659Z","clusteringKeys":["fb72b6f9c1e54625a551711f6ee72714","updateVbIdSellingIdInventorySkipped/1","1564378075"],"changedColumns":["selling_id","fulfillment_node_id","event_type","update_at","stream_sequence_number","event_data"],"record":"{\"selling_id\":\"aa86780255f542ad907c4a476b6c77e2\",\"fulfillment_node_id\":\"fb72b6f9c1e54625a551711f6ee72714\",\"event_type\":\"updateVbIdSellingIdInventorySkipped/1\",\"update_at\":1564378075,\"stream_sequence_number\":39,\"event_data\":\"{\\\"id\\\":\\\"02e688fec31748f0924d8f357b2d2d02\\\",\\\"vbId\\\":\\\"aa86780255f542ad907c4a476b6c77e2\\\",\\\"sellingId\\\":\\\"aa86780255f542ad907c4a476b6c77e2\\\",\\\"merchantId\\\":\\\"e43cf7756d0b4ba8a4e9046774656ce8\\\",\\\"skuId\\\":\\\"aa86780255f542ad907c4a476b6c77e2\\\",\\\"f\\\":67,\\\"fnId\\\":\\\"fb72b6f9c1e54625a551711f6ee72714\\\",\\\"fnType\\\":\\\"wolverine\\\",\\\"by\\\":\\\"Vibranium\\\",\\\"at\\\":\\\"2019-07-29T05:27:55+00:00\\\",\\\"invUssn\\\":48,\\\"isInf\\\":false}\"}"}
{"id":"045F5BF647C44A3DA6AF12E2632077BC","table":"killmonger_events_table","keyspace":"msku","timestamp":"2019-07-29T05:44:37.002Z","clusteringKeys":["48050902","vbIdSellingIdInventoryUpdated/1","1564376140"],"changedColumns":["selling_id","fulfillment_node_id","event_type","update_at","stream_sequence_number","event_data"],"record":"{\"selling_id\":\"045F5BF647C44A3DA6AF12E2632077BC\",\"fulfillment_node_id\":\"48050902\",\"event_type\":\"vbIdSellingIdInventoryUpdated/1\",\"update_at\":1564376140,\"stream_sequence_number\":133,\"event_data\":\"{\\\"id\\\":\\\"2c2b69da798e4666b3e7ea68cf80b6e1\\\",\\\"vbId\\\":\\\"PantherMigrationVbId\\\",\\\"sellingId\\\":\\\"045F5BF647C44A3DA6AF12E2632077BC\\\",\\\"merchantId\\\":\\\"9fc08905039048918982091f266c2a29\\\",\\\"skuId\\\":\\\"PantherMigrationSkuId\\\",\\\"f\\\":0,\\\"fnId\\\":\\\"48050902\\\",\\\"by\\\":\\\"Killmonger.Migration.MapInWalmartInvUpdates\\\",\\\"at\\\":\\\"2019-07-29T04:55:40.009+00:00\\\",\\\"invUssn\\\":0,\\\"isInf\\\":false,\\\"ifa\\\":true,\\\"martAvail\\\":[{\\\"martId\\\":\\\"21\\\",\\\"ia\\\":true},{\\\"martId\\\":\\\"0\\\",\\\"ia\\\":true}],\\\"clt\\\":\\\"WoJ\\\"}\"}"}
{"id":"bbb6b3c2fc394ce3b9e70eff04b665ff","table":"killmonger_events_table","keyspace":"msku","timestamp":"2019-07-29T05:44:37.002Z","clusteringKeys":["cca07691e5cc471e86053cf60539b6a0","vbIdSellingIdInventoryUpdated/1","1564375918"],"changedColumns":["selling_id","fulfillment_node_id","event_type","update_at","stream_sequence_number","event_data"],"record":"{\"selling_id\":\"bbb6b3c2fc394ce3b9e70eff04b665ff\",\"fulfillment_node_id\":\"cca07691e5cc471e86053cf60539b6a0\",\"event_type\":\"vbIdSellingIdInventoryUpdated/1\",\"update_at\":1564375918,\"stream_sequence_number\":598,\"event_data\":\"{\\\"id\\\":\\\"b06e7fc0ae1c4ab8bb399ee4c7092840\\\",\\\"vbId\\\":\\\"bbb6b3c2fc394ce3b9e70eff04b665ff\\\",\\\"sellingId\\\":\\\"bbb6b3c2fc394ce3b9e70eff04b665ff\\\",\\\"merchantId\\\":\\\"f4007b05c019431590f62537fb49a6d0\\\",\\\"skuId\\\":\\\"bbb6b3c2fc394ce3b9e70eff04b665ff\\\",\\\"f\\\":99,\\\"fnId\\\":\\\"cca07691e5cc471e86053cf60539b6a0\\\",\\\"fnType\\\":\\\"wolverine\\\",\\\"by\\\":\\\"Vibranium\\\",\\\"at\\\":\\\"2019-07-29T04:51:58+00:00\\\",\\\"invUssn\\\":639,\\\"isInf\\\":false,\\\"ifa\\\":true,\\\"martAvail\\\":[{\\\"martId\\\":\\\"21\\\",\\\"ia\\\":true}],\\\"clt\\\":\\\"JoJ\\\"}\"}"}
{"id":"24DE4212DEA54299AB5556F0D08176F6","table":"killmonger_events_table","keyspace":"msku","timestamp":"2019-07-29T05:45:02.417Z","clusteringKeys":["2750","vbIdSellingIdInventoryUpdated/1","1564378912"],"changedColumns":["selling_id","fulfillment_node_id","event_type","update_at","stream_sequence_number","event_data"],"record":"{\"selling_id\":\"24DE4212DEA54299AB5556F0D08176F6\",\"fulfillment_node_id\":\"2750\",\"event_type\":\"vbIdSellingIdInventoryUpdated/1\",\"update_at\":1564378912,\"stream_sequence_number\":86,\"event_data\":\"{\\\"id\\\":\\\"3f29be6c4c50481e83999b0f231eebc8\\\",\\\"vbId\\\":\\\"PantherMigrationVbId\\\",\\\"sellingId\\\":\\\"24DE4212DEA54299AB5556F0D08176F6\\\",\\\"merchantId\\\":\\\"9fc08905039048918982091f266c2a29\\\",\\\"skuId\\\":\\\"PantherMigrationSkuId\\\",\\\"f\\\":0,\\\"fnId\\\":\\\"2750\\\",\\\"by\\\":\\\"Killmonger.Migration.MapInWalmartInvUpdates\\\",\\\"at\\\":\\\"2019-07-29T05:41:52.505+00:00\\\",\\\"invUssn\\\":0,\\\"isInf\\\":false,\\\"ifa\\\":true,\\\"martAvail\\\":[{\\\"martId\\\":\\\"21\\\",\\\"ia\\\":true},{\\\"martId\\\":\\\"0\\\",\\\"ia\\\":true}],\\\"clt\\\":\\\"WoJ\\\"}\"}"}
{"id":"b97e3d1358c94b9c9eb4275ad15cb5b0","table":"killmonger_events_table","keyspace":"msku","timestamp":"2019-07-29T05:45:03.478Z","clusteringKeys":["fb72b6f9c1e54625a551711f6ee72714","vbIdSellingIdInventoryUpdated/1","1564375727"],"changedColumns":["selling_id","fulfillment_node_id","event_type","update_at","stream_sequence_number","event_data"],"record":"{\"selling_id\":\"b97e3d1358c94b9c9eb4275ad15cb5b0\",\"fulfillment_node_id\":\"fb72b6f9c1e54625a551711f6ee72714\",\"event_type\":\"vbIdSellingIdInventoryUpdated/1\",\"update_at\":1564375727,\"stream_sequence_number\":42,\"event_data\":\"{\\\"id\\\":\\\"844aaf070c4d4f808e0129fedb1a1e22\\\",\\\"vbId\\\":\\\"b97e3d1358c94b9c9eb4275ad15cb5b0\\\",\\\"sellingId\\\":\\\"b97e3d1358c94b9c9eb4275ad15cb5b0\\\",\\\"merchantId\\\":\\\"e43cf7756d0b4ba8a4e9046774656ce8\\\",\\\"skuId\\\":\\\"b97e3d1358c94b9c9eb4275ad15cb5b0\\\",\\\"f\\\":136,\\\"fnId\\\":\\\"fb72b6f9c1e54625a551711f6ee72714\\\",\\\"fnType\\\":\\\"wolverine\\\",\\\"by\\\":\\\"Vibranium\\\",\\\"at\\\":\\\"2019-07-29T04:48:47+00:00\\\",\\\"invUssn\\\":50,\\\"isInf\\\":false,\\\"ifa\\\":true,\\\"martAvail\\\":[{\\\"martId\\\":\\\"21\\\",\\\"ia\\\":true}],\\\"clt\\\":\\\"JoJ\\\"}\"}"}
{"id":"B48384D52B6C446EA238F53AD06E17AB","table":"killmonger_events_table","keyspace":"msku","timestamp":"2019-07-29T05:44:37.009Z","clusteringKeys":["10000001892","updateVbIdSellingIdInventorySkipped/1","1564375610"],"changedColumns":["selling_id","fulfillment_node_id","event_type","update_at","stream_sequence_number","event_data"],"record":"{\"selling_id\":\"B48384D52B6C446EA238F53AD06E17AB\",\"fulfillment_node_id\":\"10000001892\",\"event_type\":\"updateVbIdSellingIdInventorySkipped/1\",\"update_at\":1564375610,\"stream_sequence_number\":221,\"event_data\":\"{\\\"id\\\":\\\"56c9bded537446dcb2f3c0c325bef950\\\",\\\"vbId\\\":\\\"VAL_SAMSIIICASKGM8311NP-1949\\\",\\\"sellingId\\\":\\\"B48384D52B6C446EA238F53AD06E17AB\\\",\\\"merchantId\\\":\\\"1949\\\",\\\"skuId\\\":\\\"VAL_SAMSIIICASKGM8311NP\\\",\\\"f\\\":1,\\\"fnId\\\":\\\"10000001892\\\",\\\"fnType\\\":\\\"MARKETPLACE\\\",\\\"by\\\":\\\"Vibranium\\\",\\\"at\\\":\\\"2019-07-29T04:46:50+00:00\\\",\\\"invUssn\\\":180,\\\"catUssn\\\":2,\\\"isInf\\\":false}\"}"}
{"id":"6961a1de6d5c4513b7bafbaafc152c9c","table":"killmonger_events_table","keyspace":"msku","timestamp":"2019-07-29T05:40:44.672Z","clusteringKeys":["fb72b6f9c1e54625a551711f6ee72714","updateVbIdSellingIdInventorySkipped/1","1564375526"],"changedColumns":["selling_id","fulfillment_node_id","event_type","update_at","stream_sequence_number","event_data"],"record":"{\"selling_id\":\"6961a1de6d5c4513b7bafbaafc152c9c\",\"fulfillment_node_id\":\"fb72b6f9c1e54625a551711f6ee72714\",\"event_type\":\"updateVbIdSellingIdInventorySkipped/1\",\"update_at\":1564375526,\"stream_sequence_number\":50,\"event_data\":\"{\\\"id\\\":\\\"23b1d985a266453e992538493033c7af\\\",\\\"vbId\\\":\\\"6961a1de6d5c4513b7bafbaafc152c9c\\\",\\\"sellingId\\\":\\\"6961a1de6d5c4513b7bafbaafc152c9c\\\",\\\"merchantId\\\":\\\"e43cf7756d0b4ba8a4e9046774656ce8\\\",\\\"skuId\\\":\\\"6961a1de6d5c4513b7bafbaafc152c9c\\\",\\\"f\\\":120,\\\"fnId\\\":\\\"fb72b6f9c1e54625a551711f6ee72714\\\",\\\"fnType\\\":\\\"wolverine\\\",\\\"by\\\":\\\"Vibranium\\\",\\\"at\\\":\\\"2019-07-29T04:45:26+00:00\\\",\\\"invUssn\\\":47,\\\"isInf\\\":false}\"}"}
{"id":"d1b2a15ff2ce4960bdffc2b4ca9481ca","table":"killmonger_events_table","keyspace":"msku","timestamp":"2019-07-29T05:45:02.432Z","clusteringKeys":["fb72b6f9c1e54625a551711f6ee72714","vbIdSellingIdInventoryUpdated/1","1564378075"],"changedColumns":["selling_id","fulfillment_node_id","event_type","update_at","stream_sequence_number","event_data"],"record":"{\"selling_id\":\"d1b2a15ff2ce4960bdffc2b4ca9481ca\",\"fulfillment_node_id\":\"fb72b6f9c1e54625a551711f6ee72714\",\"event_type\":\"vbIdSellingIdInventoryUpdated/1\",\"update_at\":1564378075,\"stream_sequence_number\":40,\"event_data\":\"{\\\"id\\\":\\\"ae9e49b920f342469e8d9b07af4cf74e\\\",\\\"vbId\\\":\\\"d1b2a15ff2ce4960bdffc2b4ca9481ca\\\",\\\"sellingId\\\":\\\"d1b2a15ff2ce4960bdffc2b4ca9481ca\\\",\\\"merchantId\\\":\\\"e43cf7756d0b4ba8a4e9046774656ce8\\\",\\\"skuId\\\":\\\"d1b2a15ff2ce4960bdffc2b4ca9481ca\\\",\\\"f\\\":86,\\\"fnId\\\":\\\"fb72b6f9c1e54625a551711f6ee72714\\\",\\\"fnType\\\":\\\"wolverine\\\",\\\"by\\\":\\\"Vibranium\\\",\\\"at\\\":\\\"2019-07-29T05:27:55+00:00\\\",\\\"invUssn\\\":50,\\\"isInf\\\":false,\\\"ifa\\\":true,\\\"martAvail\\\":[{\\\"martId\\\":\\\"21\\\",\\\"ia\\\":true}],\\\"clt\\\":\\\"JoJ\\\"}\"}"}
{"id":"5fe57742ed4b465b8276b5a6331ccdbe","table":"killmonger_events_table","keyspace":"msku","timestamp":"2019-07-29T05:45:02.434Z","clusteringKeys":["fb72b6f9c1e54625a551711f6ee72714","vbIdSellingIdInventoryUpdated/1","1564378274"],"changedColumns":["selling_id","fulfillment_node_id","event_type","update_at","stream_sequence_number","event_data"],"record":"{\"selling_id\":\"5fe57742ed4b465b8276b5a6331ccdbe\",\"fulfillment_node_id\":\"fb72b6f9c1e54625a551711f6ee72714\",\"event_type\":\"vbIdSellingIdInventoryUpdated/1\",\"update_at\":1564378274,\"stream_sequence_number\":43,\"event_data\":\"{\\\"id\\\":\\\"d48b56b605374f9083bdb095be4cb07a\\\",\\\"vbId\\\":\\\"5fe57742ed4b465b8276b5a6331ccdbe\\\",\\\"sellingId\\\":\\\"5fe57742ed4b465b8276b5a6331ccdbe\\\",\\\"merchantId\\\":\\\"e43cf7756d0b4ba8a4e9046774656ce8\\\",\\\"skuId\\\":\\\"5fe57742ed4b465b8276b5a6331ccdbe\\\",\\\"f\\\":131,\\\"fnId\\\":\\\"fb72b6f9c1e54625a551711f6ee72714\\\",\\\"fnType\\\":\\\"wolverine\\\",\\\"by\\\":\\\"Vibranium\\\",\\\"at\\\":\\\"2019-07-29T05:31:14+00:00\\\",\\\"invUssn\\\":47,\\\"isInf\\\":false,\\\"ifa\\\":true,\\\"martAvail\\\":[{\\\"martId\\\":\\\"21\\\",\\\"ia\\\":true}],\\\"clt\\\":\\\"JoJ\\\"}\"}"}
{"id":"deeba96856ef40599bf0b091971775ba","table":"killmonger_events_table","keyspace":"msku","timestamp":"2019-07-29T05:40:44.673Z","clusteringKeys":["fb72b6f9c1e54625a551711f6ee72714","vbIdSellingIdInventoryUpdated/1","1564378075"],"changedColumns":["selling_id","fulfillment_node_id","event_type","update_at","stream_sequence_number","event_data"],"record":"{\"selling_id\":\"deeba96856ef40599bf0b091971775ba\",\"fulfillment_node_id\":\"fb72b6f9c1e54625a551711f6ee72714\",\"event_type\":\"vbIdSellingIdInventoryUpdated/1\",\"update_at\":1564378075,\"stream_sequence_number\":37,\"event_data\":\"{\\\"id\\\":\\\"bd8991af95104c4bbd243e197bb85bf4\\\",\\\"vbId\\\":\\\"deeba96856ef40599bf0b091971775ba\\\",\\\"sellingId\\\":\\\"deeba96856ef40599bf0b091971775ba\\\",\\\"merchantId\\\":\\\"e43cf7756d0b4ba8a4e9046774656ce8\\\",\\\"skuId\\\":\\\"deeba96856ef40599bf0b091971775ba\\\",\\\"f\\\":59,\\\"fnId\\\":\\\"fb72b6f9c1e54625a551711f6ee72714\\\",\\\"fnType\\\":\\\"wolverine\\\",\\\"by\\\":\\\"Vibranium\\\",\\\"at\\\":\\\"2019-07-29T05:27:55+00:00\\\",\\\"invUssn\\\":47,\\\"isInf\\\":false,\\\"ifa\\\":true,\\\"martAvail\\\":[{\\\"martId\\\":\\\"21\\\",\\\"ia\\\":true}],\\\"clt\\\":\\\"JoJ\\\"}\"}"}
{"id":"1a4ccda68b684da5a899e1d1b10016ff","table":"killmonger_events_table","keyspace":"msku","timestamp":"2019-07-29T05:40:44.674Z","clusteringKeys":["fb72b6f9c1e54625a551711f6ee72714","updateVbIdSellingIdInventorySkipped/1","1564375526"],"changedColumns":["selling_id","fulfillment_node_id","event_type","update_at","stream_sequence_number","event_data"],"record":"{\"selling_id\":\"1a4ccda68b684da5a899e1d1b10016ff\",\"fulfillment_node_id\":\"fb72b6f9c1e54625a551711f6ee72714\",\"event_type\":\"updateVbIdSellingIdInventorySkipped/1\",\"update_at\":1564375526,\"stream_sequence_number\":45,\"event_data\":\"{\\\"id\\\":\\\"fb4dd062f37d440c86258df81f126d97\\\",\\\"vbId\\\":\\\"1a4ccda68b684da5a899e1d1b10016ff\\\",\\\"sellingId\\\":\\\"1a4ccda68b684da5a899e1d1b10016ff\\\",\\\"merchantId\\\":\\\"e43cf7756d0b4ba8a4e9046774656ce8\\\",\\\"skuId\\\":\\\"1a4ccda68b684da5a899e1d1b10016ff\\\",\\\"f\\\":73,\\\"fnId\\\":\\\"fb72b6f9c1e54625a551711f6ee72714\\\",\\\"fnType\\\":\\\"wolverine\\\",\\\"by\\\":\\\"Vibranium\\\",\\\"at\\\":\\\"2019-07-29T04:45:26+00:00\\\",\\\"invUssn\\\":53,\\\"isInf\\\":false}\"}"}
{"id":"c77a5fd9c4944c21b158ea5eec4f40e5","table":"killmonger_events_table","keyspace":"msku","timestamp":"2019-07-29T05:45:02.435Z","clusteringKeys":["2b8139331b8d4f0cbe92086b7bb94928","vbIdSellingIdInventoryUpdated/1","1564378153"],"changedColumns":["selling_id","fulfillment_node_id","event_type","update_at","stream_sequence_number","event_data"],"record":"{\"selling_id\":\"c77a5fd9c4944c21b158ea5eec4f40e5\",\"fulfillment_node_id\":\"2b8139331b8d4f0cbe92086b7bb94928\",\"event_type\":\"vbIdSellingIdInventoryUpdated/1\",\"update_at\":1564378153,\"stream_sequence_number\":358,\"event_data\":\"{\\\"id\\\":\\\"251dcb4a88504c58a213e67d696f5901\\\",\\\"vbId\\\":\\\"c77a5fd9c4944c21b158ea5eec4f40e5\\\",\\\"sellingId\\\":\\\"c77a5fd9c4944c21b158ea5eec4f40e5\\\",\\\"merchantId\\\":\\\"cb6c7ae5e97c4fac955c07296ff32dc7\\\",\\\"skuId\\\":\\\"c77a5fd9c4944c21b158ea5eec4f40e5\\\",\\\"f\\\":66,\\\"fnId\\\":\\\"2b8139331b8d4f0cbe92086b7bb94928\\\",\\\"fnType\\\":\\\"wolverine\\\",\\\"by\\\":\\\"Vibranium\\\",\\\"at\\\":\\\"2019-07-29T05:29:13+00:00\\\",\\\"invUssn\\\":405,\\\"isInf\\\":false,\\\"ifa\\\":true,\\\"martAvail\\\":[{\\\"martId\\\":\\\"21\\\",\\\"ia\\\":true}],\\\"clt\\\":\\\"JoJ\\\"}\"}"}
{"id":"c77a5fd9c4944c21b158ea5eec4f40e5","table":"killmonger_events_table","keyspace":"msku","timestamp":"2019-07-29T05:45:02.435Z","clusteringKeys":["2b8139331b8d4f0cbe92086b7bb94928","updateVbIdSellingIdInventorySkipped/1","1564378153"],"changedColumns":["selling_id","fulfillment_node_id","event_type","update_at","stream_sequence_number","event_data"],"record":"{\"selling_id\":\"c77a5fd9c4944c21b158ea5eec4f40e5\",\"fulfillment_node_id\":\"2b8139331b8d4f0cbe92086b7bb94928\",\"event_type\":\"updateVbIdSellingIdInventorySkipped/1\",\"update_at\":1564378153,\"stream_sequence_number\":359,\"event_data\":\"{\\\"id\\\":\\\"251dcb4a88504c58a213e67d696f5901\\\",\\\"vbId\\\":\\\"c77a5fd9c4944c21b158ea5eec4f40e5\\\",\\\"sellingId\\\":\\\"c77a5fd9c4944c21b158ea5eec4f40e5\\\",\\\"merchantId\\\":\\\"cb6c7ae5e97c4fac955c07296ff32dc7\\\",\\\"skuId\\\":\\\"c77a5fd9c4944c21b158ea5eec4f40e5\\\",\\\"f\\\":66,\\\"fnId\\\":\\\"2b8139331b8d4f0cbe92086b7bb94928\\\",\\\"fnType\\\":\\\"wolverine\\\",\\\"by\\\":\\\"Vibranium\\\",\\\"at\\\":\\\"2019-07-29T05:29:13+00:00\\\",\\\"invUssn\\\":405,\\\"isInf\\\":false}\"}"}
{"id":"c77a5fd9c4944c21b158ea5eec4f40e5","table":"killmonger_events_table","keyspace":"msku","timestamp":"2019-07-29T05:45:02.436Z","clusteringKeys":["2b8139331b8d4f0cbe92086b7bb94928","updateVbIdSellingIdInventorySkipped/1","1564378153"],"changedColumns":["selling_id","fulfillment_node_id","event_type","update_at","stream_sequence_number","event_data"],"record":"{\"selling_id\":\"c77a5fd9c4944c21b158ea5eec4f40e5\",\"fulfillment_node_id\":\"2b8139331b8d4f0cbe92086b7bb94928\",\"event_type\":\"updateVbIdSellingIdInventorySkipped/1\",\"update_at\":1564378153,\"stream_sequence_number\":360,\"event_data\":\"{\\\"id\\\":\\\"251dcb4a88504c58a213e67d696f5901\\\",\\\"vbId\\\":\\\"c77a5fd9c4944c21b158ea5eec4f40e5\\\",\\\"sellingId\\\":\\\"c77a5fd9c4944c21b158ea5eec4f40e5\\\",\\\"merchantId\\\":\\\"cb6c7ae5e97c4fac955c07296ff32dc7\\\",\\\"skuId\\\":\\\"c77a5fd9c4944c21b158ea5eec4f40e5\\\",\\\"f\\\":66,\\\"fnId\\\":\\\"2b8139331b8d4f0cbe92086b7bb94928\\\",\\\"fnType\\\":\\\"wolverine\\\",\\\"by\\\":\\\"Vibranium\\\",\\\"at\\\":\\\"2019-07-29T05:29:13+00:00\\\",\\\"invUssn\\\":405,\\\"isInf\\\":false}\"}"}
{"id":"48CA7BDA2931484E86BF12949943B57C","table":"killmonger_events_table","keyspace":"msku","timestamp":"2019-07-29T05:45:02.436Z","clusteringKeys":["8089","vbIdSellingIdInventoryUpdated/1","1564378909"],"changedColumns":["selling_id","fulfillment_node_id","event_type","update_at","stream_sequence_number","event_data"],"record":"{\"selling_id\":\"48CA7BDA2931484E86BF12949943B57C\",\"fulfillment_node_id\":\"8089\",\"event_type\":\"vbIdSellingIdInventoryUpdated/1\",\"update_at\":1564378909,\"stream_sequence_number\":125,\"event_data\":\"{\\\"id\\\":\\\"6ef1dfe33be242028168bbac1d1bba97\\\",\\\"vbId\\\":\\\"PantherMigrationVbId\\\",\\\"sellingId\\\":\\\"48CA7BDA2931484E86BF12949943B57C\\\",\\\"merchantId\\\":\\\"9fc08905039048918982091f266c2a29\\\",\\\"skuId\\\":\\\"PantherMigrationSkuId\\\",\\\"f\\\":0,\\\"fnId\\\":\\\"8089\\\",\\\"by\\\":\\\"Killmonger.Migration.MapInWalmartInvUpdates\\\",\\\"at\\\":\\\"2019-07-29T05:41:49.263+00:00\\\",\\\"invUssn\\\":0,\\\"isInf\\\":false,\\\"ifa\\\":true,\\\"martAvail\\\":[{\\\"martId\\\":\\\"21\\\",\\\"ia\\\":true},{\\\"martId\\\":\\\"0\\\",\\\"ia\\\":true}],\\\"clt\\\":\\\"WoJ\\\"}\"}"}
{"id":"48CA7BDA2931484E86BF12949943B57C","table":"killmonger_events_table","keyspace":"msku","timestamp":"2019-07-29T05:45:02.436Z","clusteringKeys":["8089","vbIdSellingIdInventoryUpdated/1","1564378909"],"changedColumns":["selling_id","fulfillment_node_id","event_type","update_at","stream_sequence_number","event_data"],"record":"{\"selling_id\":\"48CA7BDA2931484E86BF12949943B57C\",\"fulfillment_node_id\":\"8089\",\"event_type\":\"vbIdSellingIdInventoryUpdated/1\",\"update_at\":1564378909,\"stream_sequence_number\":126,\"event_data\":\"{\\\"id\\\":\\\"6ef1dfe33be242028168bbac1d1bba97\\\",\\\"vbId\\\":\\\"PantherMigrationVbId\\\",\\\"sellingId\\\":\\\"48CA7BDA2931484E86BF12949943B57C\\\",\\\"merchantId\\\":\\\"9fc08905039048918982091f266c2a29\\\",\\\"skuId\\\":\\\"PantherMigrationSkuId\\\",\\\"f\\\":0,\\\"fnId\\\":\\\"8089\\\",\\\"by\\\":\\\"Killmonger.Migration.MapInWalmartInvUpdates\\\",\\\"at\\\":\\\"2019-07-29T05:41:49.263+00:00\\\",\\\"invUssn\\\":0,\\\"isInf\\\":false,\\\"ifa\\\":true,\\\"martAvail\\\":[{\\\"martId\\\":\\\"21\\\",\\\"ia\\\":true},{\\\"martId\\\":\\\"0\\\",\\\"ia\\\":true}],\\\"clt\\\":\\\"WoJ\\\"}\"}"}
{"id":"d25e6b41028c4519bcbe8ffca8970e36","table":"killmonger_events_table","keyspace":"msku","timestamp":"2019-07-29T05:40:44.677Z","clusteringKeys":["7d029b0996bd4f16bbd74454bab3ab2e","updateVbIdSellingIdInventorySkipped/1","1564378274"],"changedColumns":["selling_id","fulfillment_node_id","event_type","update_at","stream_sequence_number","event_data"],"record":"{\"selling_id\":\"d25e6b41028c4519bcbe8ffca8970e36\",\"fulfillment_node_id\":\"7d029b0996bd4f16bbd74454bab3ab2e\",\"event_type\":\"updateVbIdSellingIdInventorySkipped/1\",\"update_at\":1564378274,\"stream_sequence_number\":43,\"event_data\":\"{\\\"id\\\":\\\"0878103456774dc284c2e326808a0b84\\\",\\\"vbId\\\":\\\"d25e6b41028c4519bcbe8ffca8970e36\\\",\\\"sellingId\\\":\\\"d25e6b41028c4519bcbe8ffca8970e36\\\",\\\"merchantId\\\":\\\"e43cf7756d0b4ba8a4e9046774656ce8\\\",\\\"skuId\\\":\\\"d25e6b41028c4519bcbe8ffca8970e36\\\",\\\"f\\\":91,\\\"fnId\\\":\\\"7d029b0996bd4f16bbd74454bab3ab2e\\\",\\\"fnType\\\":\\\"wolverine\\\",\\\"by\\\":\\\"Vibranium\\\",\\\"at\\\":\\\"2019-07-29T05:31:14+00:00\\\",\\\"invUssn\\\":53,\\\"isInf\\\":false}\"}"}
{"id":"21C54E75E2824268BD9685AF91E60C35","table":"killmonger_events_table","keyspace":"msku","timestamp":"2019-07-29T05:40:44.678Z","clusteringKeys":["2378","vbIdSellingIdInventoryUpdated/1","1564378911"],"changedColumns":["selling_id","fulfillment_node_id","event_type","update_at","stream_sequence_number","event_data"],"record":"{\"selling_id\":\"21C54E75E2824268BD9685AF91E60C35\",\"fulfillment_node_id\":\"2378\",\"event_type\":\"vbIdSellingIdInventoryUpdated/1\",\"update_at\":1564378911,\"stream_sequence_number\":87,\"event_data\":\"{\\\"id\\\":\\\"686e01c6e33c4e9db53b05dabea0a0ed\\\",\\\"vbId\\\":\\\"PantherMigrationVbId\\\",\\\"sellingId\\\":\\\"21C54E75E2824268BD9685AF91E60C35\\\",\\\"merchantId\\\":\\\"9fc08905039048918982091f266c2a29\\\",\\\"skuId\\\":\\\"PantherMigrationSkuId\\\",\\\"f\\\":0,\\\"fnId\\\":\\\"2378\\\",\\\"by\\\":\\\"Killmonger.Migration.MapInWalmartInvUpdates\\\",\\\"at\\\":\\\"2019-07-29T05:41:51.029+00:00\\\",\\\"invUssn\\\":0,\\\"isInf\\\":false,\\\"ifa\\\":true,\\\"martAvail\\\":[{\\\"martId\\\":\\\"21\\\",\\\"ia\\\":true},{\\\"martId\\\":\\\"0\\\",\\\"ia\\\":true}],\\\"clt\\\":\\\"WoJ\\\"}\"}"}
{"id":"21C54E75E2824268BD9685AF91E60C35","table":"killmonger_events_table","keyspace":"msku","timestamp":"2019-07-29T05:40:44.678Z","clusteringKeys":["2378","vbIdSellingIdInventoryUpdated/1","1564378911"],"changedColumns":["selling_id","fulfillment_node_id","event_type","update_at","stream_sequence_number","event_data"],"record":"{\"selling_id\":\"21C54E75E2824268BD9685AF91E60C35\",\"fulfillment_node_id\":\"2378\",\"event_type\":\"vbIdSellingIdInventoryUpdated/1\",\"update_at\":1564378911,\"stream_sequence_number\":88,\"event_data\":\"{\\\"id\\\":\\\"686e01c6e33c4e9db53b05dabea0a0ed\\\",\\\"vbId\\\":\\\"PantherMigrationVbId\\\",\\\"sellingId\\\":\\\"21C54E75E2824268BD9685AF91E60C35\\\",\\\"merchantId\\\":\\\"9fc08905039048918982091f266c2a29\\\",\\\"skuId\\\":\\\"PantherMigrationSkuId\\\",\\\"f\\\":0,\\\"fnId\\\":\\\"2378\\\",\\\"by\\\":\\\"Killmonger.Migration.MapInWalmartInvUpdates\\\",\\\"at\\\":\\\"2019-07-29T05:41:51.029+00:00\\\",\\\"invUssn\\\":0,\\\"isInf\\\":false,\\\"ifa\\\":true,\\\"martAvail\\\":[{\\\"martId\\\":\\\"21\\\",\\\"ia\\\":true},{\\\"martId\\\":\\\"0\\\",\\\"ia\\\":true}],\\\"clt\\\":\\\"WoJ\\\"}\"}"}
{"id":"916AF392F6254C31B5993780ED314B17","table":"killmonger_events_table","keyspace":"msku","timestamp":"2019-07-29T05:45:03.494Z","clusteringKeys":["6284","vbIdSellingIdInventoryUpdated/1","1564378912"],"changedColumns":["selling_id","fulfillment_node_id","event_type","update_at","stream_sequence_number","event_data"],"record":"{\"selling_id\":\"916AF392F6254C31B5993780ED314B17\",\"fulfillment_node_id\":\"6284\",\"event_type\":\"vbIdSellingIdInventoryUpdated/1\",\"update_at\":1564378912,\"stream_sequence_number\":136,\"event_data\":\"{\\\"id\\\":\\\"76a3bf1ae49145e19737867f195f2312\\\",\\\"vbId\\\":\\\"PantherMigrationVbId\\\",\\\"sellingId\\\":\\\"916AF392F6254C31B5993780ED314B17\\\",\\\"merchantId\\\":\\\"9fc08905039048918982091f266c2a29\\\",\\\"skuId\\\":\\\"PantherMigrationSkuId\\\",\\\"f\\\":0,\\\"fnId\\\":\\\"6284\\\",\\\"by\\\":\\\"Killmonger.Migration.MapInWalmartInvUpdates\\\",\\\"at\\\":\\\"2019-07-29T05:41:52.616+00:00\\\",\\\"invUssn\\\":0,\\\"isInf\\\":false,\\\"ifa\\\":true,\\\"martAvail\\\":[{\\\"martId\\\":\\\"21\\\",\\\"ia\\\":true},{\\\"martId\\\":\\\"0\\\",\\\"ia\\\":true}],\\\"clt\\\":\\\"WoJ\\\"}\"}"}
{"id":"2EF2A5E50A074523AE8DE814E2C46B0E","table":"killmonger_events_table","keyspace":"msku","timestamp":"2019-07-29T05:40:44.685Z","clusteringKeys":["2381","vbIdSellingIdInventoryUpdated/1","1564378909"],"changedColumns":["selling_id","fulfillment_node_id","event_type","update_at","stream_sequence_number","event_data"],"record":"{\"selling_id\":\"2EF2A5E50A074523AE8DE814E2C46B0E\",\"fulfillment_node_id\":\"2381\",\"event_type\":\"vbIdSellingIdInventoryUpdated/1\",\"update_at\":1564378909,\"stream_sequence_number\":133,\"event_data\":\"{\\\"id\\\":\\\"78095dd4f36647b8bff60e9416ee2e21\\\",\\\"vbId\\\":\\\"PantherMigrationVbId\\\",\\\"sellingId\\\":\\\"2EF2A5E50A074523AE8DE814E2C46B0E\\\",\\\"merchantId\\\":\\\"9fc08905039048918982091f266c2a29\\\",\\\"skuId\\\":\\\"PantherMigrationSkuId\\\",\\\"f\\\":0,\\\"fnId\\\":\\\"2381\\\",\\\"by\\\":\\\"Killmonger.Migration.MapInWalmartInvUpdates\\\",\\\"at\\\":\\\"2019-07-29T05:41:49.236+00:00\\\",\\\"invUssn\\\":0,\\\"isInf\\\":false,\\\"ifa\\\":true,\\\"martAvail\\\":[{\\\"martId\\\":\\\"21\\\",\\\"ia\\\":true},{\\\"martId\\\":\\\"0\\\",\\\"ia\\\":true}],\\\"clt\\\":\\\"WoJ\\\"}\"}"}
{"id":"EE6D19A4B6BF46D5BDDD3C9E8D358FC1","table":"killmonger_events_table","keyspace":"msku","timestamp":"2019-07-29T05:44:37.027Z","clusteringKeys":["10000004915","vbIdSellingIdInventoryUpdated/1","1564378187"],"changedColumns":["selling_id","fulfillment_node_id","event_type","update_at","stream_sequence_number","event_data"],"record":"{\"selling_id\":\"EE6D19A4B6BF46D5BDDD3C9E8D358FC1\",\"fulfillment_node_id\":\"10000004915\",\"event_type\":\"vbIdSellingIdInventoryUpdated/1\",\"update_at\":1564378187,\"stream_sequence_number\":3368,\"event_data\":\"{\\\"id\\\":\\\"4f06a523f89345ab96d6738c2a9010ea\\\",\\\"vbId\\\":\\\"WALIZF22CP2-4787\\\",\\\"sellingId\\\":\\\"EE6D19A4B6BF46D5BDDD3C9E8D358FC1\\\",\\\"merchantId\\\":\\\"4787\\\",\\\"skuId\\\":\\\"WALIZF22CP2\\\",\\\"f\\\":1,\\\"fnId\\\":\\\"10000004915\\\",\\\"fnType\\\":\\\"MARKETPLACE\\\",\\\"by\\\":\\\"Vibranium\\\",\\\"at\\\":\\\"2019-07-29T05:29:47+00:00\\\",\\\"invUssn\\\":2737,\\\"catUssn\\\":0,\\\"isInf\\\":false,\\\"ifa\\\":true,\\\"martAvail\\\":[{\\\"martId\\\":\\\"0\\\",\\\"ia\\\":true}],\\\"clt\\\":\\\"WoW\\\"}\"}"}
{"id":"8b88648dbe3940a0a70bfefbc36496f9","table":"killmonger_events_table","keyspace":"msku","timestamp":"2019-07-29T05:44:37.028Z","clusteringKeys":["fb72b6f9c1e54625a551711f6ee72714","vbIdSellingIdInventoryUpdated/1","1564375344"],"changedColumns":["selling_id","fulfillment_node_id","event_type","update_at","stream_sequence_number","event_data"],"record":"{\"selling_id\":\"8b88648dbe3940a0a70bfefbc36496f9\",\"fulfillment_node_id\":\"fb72b6f9c1e54625a551711f6ee72714\",\"event_type\":\"vbIdSellingIdInventoryUpdated/1\",\"update_at\":1564375344,\"stream_sequence_number\":52,\"event_data\":\"{\\\"id\\\":\\\"75ed48a64eee4a6b82ea19a723a71546\\\",\\\"vbId\\\":\\\"8b88648dbe3940a0a70bfefbc36496f9\\\",\\\"sellingId\\\":\\\"8b88648dbe3940a0a70bfefbc36496f9\\\",\\\"merchantId\\\":\\\"e43cf7756d0b4ba8a4e9046774656ce8\\\",\\\"skuId\\\":\\\"8b88648dbe3940a0a70bfefbc36496f9\\\",\\\"f\\\":111,\\\"fnId\\\":\\\"fb72b6f9c1e54625a551711f6ee72714\\\",\\\"fnType\\\":\\\"wolverine\\\",\\\"by\\\":\\\"Vibranium\\\",\\\"at\\\":\\\"2019-07-29T04:42:24+00:00\\\",\\\"invUssn\\\":51,\\\"isInf\\\":false,\\\"ifa\\\":true,\\\"martAvail\\\":[{\\\"martId\\\":\\\"21\\\",\\\"ia\\\":true}],\\\"clt\\\":\\\"JoJ\\\"}\"}"}
{"id":"0f820696735a41d0a0bd43a7a2726cf9","table":"killmonger_events_table","keyspace":"msku","timestamp":"2019-07-29T05:44:37.029Z","clusteringKeys":["7d029b0996bd4f16bbd74454bab3ab2e","vbIdSellingIdInventoryUpdated/1","1564378479"],"changedColumns":["selling_id","fulfillment_node_id","event_type","update_at","stream_sequence_number","event_data"],"record":"{\"selling_id\":\"0f820696735a41d0a0bd43a7a2726cf9\",\"fulfillment_node_id\":\"7d029b0996bd4f16bbd74454bab3ab2e\",\"event_type\":\"vbIdSellingIdInventoryUpdated/1\",\"update_at\":1564378479,\"stream_sequence_number\":43,\"event_data\":\"{\\\"id\\\":\\\"60c7b3a1e6cc4e249e95e46422db4aaa\\\",\\\"vbId\\\":\\\"0f820696735a41d0a0bd43a7a2726cf9\\\",\\\"sellingId\\\":\\\"0f820696735a41d0a0bd43a7a2726cf9\\\",\\\"merchantId\\\":\\\"e43cf7756d0b4ba8a4e9046774656ce8\\\",\\\"skuId\\\":\\\"0f820696735a41d0a0bd43a7a2726cf9\\\",\\\"f\\\":75,\\\"fnId\\\":\\\"7d029b0996bd4f16bbd74454bab3ab2e\\\",\\\"fnType\\\":\\\"wolverine\\\",\\\"by\\\":\\\"Vibranium\\\",\\\"at\\\":\\\"2019-07-29T05:34:39+00:00\\\",\\\"invUssn\\\":48,\\\"isInf\\\":false,\\\"ifa\\\":true,\\\"martAvail\\\":[{\\\"martId\\\":\\\"21\\\",\\\"ia\\\":true}],\\\"clt\\\":\\\"JoJ\\\"}\"}"}
{"id":"8BB804E8EDB344B281DA3B0FE66BACFF","table":"killmonger_events_table","keyspace":"msku","timestamp":"2019-07-29T05:45:02.448Z","clusteringKeys":["10000002795","updateVbIdSellingIdInventorySkipped/1","1564375364"],"changedColumns":["selling_id","fulfillment_node_id","event_type","update_at","stream_sequence_number","event_data"],"record":"{\"selling_id\":\"8BB804E8EDB344B281DA3B0FE66BACFF\",\"fulfillment_node_id\":\"10000002795\",\"event_type\":\"updateVbIdSellingIdInventorySkipped/1\",\"update_at\":1564375364,\"stream_sequence_number\":255,\"event_data\":\"{\\\"id\\\":\\\"0b87fc0c566640088ae2fb8075d124c1\\\",\\\"vbId\\\":\\\"AJC-D12S-R-2-142947-2642\\\",\\\"sellingId\\\":\\\"8BB804E8EDB344B281DA3B0FE66BACFF\\\",\\\"merchantId\\\":\\\"2642\\\",\\\"skuId\\\":\\\"AJC-D12S-R-2-142947\\\",\\\"f\\\":1746,\\\"fnId\\\":\\\"10000002795\\\",\\\"fnType\\\":\\\"MARKETPLACE\\\",\\\"by\\\":\\\"Vibranium\\\",\\\"at\\\":\\\"2019-07-29T04:42:44+00:00\\\",\\\"invUssn\\\":213,\\\"catUssn\\\":0,\\\"isInf\\\":false}\"}"}
{"id":"d6c663e16ef941ecb589cad89e121cfe","table":"killmonger_events_table","keyspace":"msku","timestamp":"2019-07-29T05:45:03.506Z","clusteringKeys":["fb72b6f9c1e54625a551711f6ee72714","updateVbIdSellingIdInventorySkipped/1","1564377874"],"changedColumns":["selling_id","fulfillment_node_id","event_type","update_at","stream_sequence_number","event_data"],"record":"{\"selling_id\":\"d6c663e16ef941ecb589cad89e121cfe\",\"fulfillment_node_id\":\"fb72b6f9c1e54625a551711f6ee72714\",\"event_type\":\"updateVbIdSellingIdInventorySkipped/1\",\"update_at\":1564377874,\"stream_sequence_number\":39,\"event_data\":\"{\\\"id\\\":\\\"d4f2246602e4421dbc96a2b745a6beb9\\\",\\\"vbId\\\":\\\"d6c663e16ef941ecb589cad89e121cfe\\\",\\\"sellingId\\\":\\\"d6c663e16ef941ecb589cad89e121cfe\\\",\\\"merchantId\\\":\\\"e43cf7756d0b4ba8a4e9046774656ce8\\\",\\\"skuId\\\":\\\"d6c663e16ef941ecb589cad89e121cfe\\\",\\\"f\\\":69,\\\"fnId\\\":\\\"fb72b6f9c1e54625a551711f6ee72714\\\",\\\"fnType\\\":\\\"wolverine\\\",\\\"by\\\":\\\"Vibranium\\\",\\\"at\\\":\\\"2019-07-29T05:24:34+00:00\\\",\\\"invUssn\\\":50,\\\"isInf\\\":false}\"}"}
{"id":"BAAA1CEDA7B74122B367596975FC5E40","table":"killmonger_events_table","keyspace":"msku","timestamp":"2019-07-29T05:45:03.506Z","clusteringKeys":["4364","vbIdSellingIdInventoryUpdated/1","1564378909"],"changedColumns":["selling_id","fulfillment_node_id","event_type","update_at","stream_sequence_number","event_data"],"record":"{\"selling_id\":\"BAAA1CEDA7B74122B367596975FC5E40\",\"fulfillment_node_id\":\"4364\",\"event_type\":\"vbIdSellingIdInventoryUpdated/1\",\"update_at\":1564378909,\"stream_sequence_number\":129,\"event_data\":\"{\\\"id\\\":\\\"f06f61d36ca147f49138691655f81ced\\\",\\\"vbId\\\":\\\"PantherMigrationVbId\\\",\\\"sellingId\\\":\\\"BAAA1CEDA7B74122B367596975FC5E40\\\",\\\"merchantId\\\":\\\"9fc08905039048918982091f266c2a29\\\",\\\"skuId\\\":\\\"PantherMigrationSkuId\\\",\\\"f\\\":0,\\\"fnId\\\":\\\"4364\\\",\\\"by\\\":\\\"Killmonger.Migration.MapInWalmartInvUpdates\\\",\\\"at\\\":\\\"2019-07-29T05:41:49.387+00:00\\\",\\\"invUssn\\\":0,\\\"isInf\\\":false,\\\"ifa\\\":true,\\\"martAvail\\\":[{\\\"martId\\\":\\\"21\\\",\\\"ia\\\":true},{\\\"martId\\\":\\\"0\\\",\\\"ia\\\":true}],\\\"clt\\\":\\\"WoJ\\\"}\"}"}
